{
 "id": 649714,
 "bug_id": 164839,
 "attachment_id": 0,
 "creation_time": "2012-02-07T05:50:10Z",
 "creator": "bobf@mrp3.com",
 "text": "prior to upgrading from FreeBSD 7-STABLE to FreeBSD 8-STABLE the wifi interface was working as expected.  after upgrading, every ifconfig operation that attempts to change the setting of ANY wireless device (ath, urtw) results in an error similar to the following:\n\nifconfig: SIOCS80211: Invalid argument\n\nI attempted this with 3 different devices, one a built-in atheros device (one that had NOT been recognized in 7-STABLE), one an external (cardbus) atheros device, and the third a USB device that was recognized as 'urtw0'.  The kernel drivers recognized all 3 of the devices.  I also removed the built-in radio to see if there was any chance it was interfering, but it made no difference whatsoever (and after removing the device, 'ath0' was no longer discovered by the drivers on bootup).\n\ncomputer model:  HP Pavilion dv7\n\ntested with these wireless adaptors:\n\n  atheros AR5BXB92 (internal mini PCI, now removed)\n  Airlink 101 AWLC4030-II (atheros AR5212, in dmesg)\n  Trendnet TEW-424UB (USB wireless, realtek)\n\ndmesg output (with Airlink 101 in cardbus adaptor, in 'express' slot):\n\nCopyright (c) 1992-2012 The FreeBSD Project.\nCopyright (c) 1979, 1980, 1983, 1986, 1988, 1989, 1991, 1992, 1993, 1994\n\tThe Regents of the University of California. All rights reserved.\nFreeBSD is a registered trademark of The FreeBSD Foundation.\nFreeBSD 8.2-STABLE #0: Mon Feb  6 18:42:35 PST 2012\n    root@BSDSilver.SFT.local:/usr/obj/usr/src/sys/GENERIC amd64\nTimecounter \"i8254\" frequency 1193182 Hz quality 0\nCPU: AMD Turion(tm) X2 Dual-Core Mobile RM-72 (2100.09-MHz K8-class CPU)\n  Origin = \"AuthenticAMD\"  Id = 0x200f31  Family = 11  Model = 3  Stepping = 1\n  Features=0x178bfbff\u003cFPU,VME,DE,PSE,TSC,MSR,PAE,MCE,CX8,APIC,SEP,MTRR,PGE,MCA,CMOV,PAT,PSE36,CLFLUSH,MMX,FXSR,SSE,SSE2,HTT\u003e\n  Features2=0x2001\u003cSSE3,CX16\u003e\n  AMD Features=0xea500800\u003cSYSCALL,NX,MMX+,FFXSR,RDTSCP,LM,3DNow!+,3DNow!\u003e\n  AMD Features2=0x131f\u003cLAHF,CMP,SVM,ExtAPIC,CR8,Prefetch,OSVW,SKINIT\u003e\n  TSC: P-state invariant\nreal memory  = 4294967296 (4096 MB)\navail memory = 3824381952 (3647 MB)\nACPI APIC Table: \u003cHPQOEM SLIC-MPC\u003e\nFreeBSD/SMP: Multiprocessor System Detected: 2 CPUs\nFreeBSD/SMP: 1 package(s) x 2 core(s)\n cpu0 (BSP): APIC ID:  0\n cpu1 (AP): APIC ID:  1\nioapic0: Changing APIC ID to 4\nioapic0 \u003cVersion 2.1\u003e irqs 0-23 on motherboard\nkbd1 at kbdmux0\nacpi0: \u003cHPQOEM SLIC-MPC\u003e on motherboard\nacpi0: [ITHREAD]\nacpi0: Power Button (fixed)\nTimecounter \"ACPI-safe\" frequency 3579545 Hz quality 850\nacpi_timer0: \u003c32-bit timer at 3.579545MHz\u003e port 0x408-0x40b on acpi0\ncpu0: \u003cACPI CPU\u003e on acpi0\ncpu1: \u003cACPI CPU\u003e on acpi0\nacpi_ec0: \u003cEmbedded Controller: GPE 0x3\u003e port 0x62,0x66 on acpi0\nacpi_button0: \u003cPower Button\u003e on acpi0\npcib0: \u003cACPI Host-PCI bridge\u003e port 0xcf8-0xcff on acpi0\npci0: \u003cACPI PCI bus\u003e on pcib0\npcib1: \u003cACPI PCI-PCI bridge\u003e at device 1.0 on pci0\npci1: \u003cACPI PCI bus\u003e on pcib1\nvgapci0: \u003cVGA-compatible display\u003e port 0x7000-0x70ff mem 0xc0000000-0xcfffffff,0xd2400000-0xd240ffff,0xd2300000-0xd23fffff irq 18 at device 5.0 on pci1\npci1: \u003cmultimedia, HDA\u003e at device 5.1 (no driver attached)\npcib2: \u003cACPI PCI-PCI bridge\u003e at device 4.0 on pci0\npci2: \u003cACPI PCI bus\u003e on pcib2\npcib3: \u003cACPI PCI-PCI bridge\u003e at device 0.0 on pci2\npci3: \u003cACPI PCI bus\u003e on pcib3\nath0: \u003cAtheros 5212\u003e mem 0xd1200000-0xd120ffff irq 16 at device 0.0 on pci3\nath0: [ITHREAD]\nath0: AR2413 mac 7.9 RF2413 phy 4.5\npcib4: \u003cACPI PCI-PCI bridge\u003e at device 5.0 on pci0\npci8: \u003cACPI PCI bus\u003e on pcib4\npci8: \u003cbase peripheral\u003e at device 0.0 (no driver attached)\npci8: \u003cbase peripheral, SD host controller\u003e at device 0.2 (no driver attached)\npci8: \u003cbase peripheral\u003e at device 0.3 (no driver attached)\npci8: \u003cbase peripheral\u003e at device 0.4 (no driver attached)\npcib5: \u003cACPI PCI-PCI bridge\u003e at device 7.0 on pci0\npci9: \u003cACPI PCI bus\u003e on pcib5\nre0: \u003cRealTek 810xE PCIe 10/100baseTX\u003e port 0x2000-0x20ff mem 0xd1010000-0xd1010fff,0xd1000000-0xd100ffff irq 19 at device 0.0 on pci9\nre0: Using 1 MSI-X message\nre0: Chip rev. 0x24800000\nre0: MAC rev. 0x00000000\nmiibus0: \u003cMII bus\u003e on re0\nrlphy0: \u003cRTL8201L 10/100 media interface\u003e PHY 1 on miibus0\nrlphy0:  10baseT, 10baseT-FDX, 100baseTX, 100baseTX-FDX, auto, auto-flow\nre0: Ethernet address: 00:1e:ec:fe:df:1a\nre0: [ITHREAD]\natapci0: \u003cATI IXP700/800 SATA300 controller\u003e port 0x8038-0x803f,0x804c-0x804f,0x8030-0x8037,0x8048-0x804b,0x8010-0x801f mem 0xd2508000-0xd25083ff irq 22 at device 17.0 on pci0\natapci0: [ITHREAD]\natapci0: AHCI v1.10 controller with 6 3Gbps ports, PM supported\nata2: \u003cATA channel\u003e at channel 0 on atapci0\nata2: port is not ready (timeout 0ms) tfd = 000001d0\nata2: software reset clear timeout\nata2: [ITHREAD]\nata3: \u003cATA channel\u003e at channel 1 on atapci0\nata3: [ITHREAD]\nata4: \u003cATA channel\u003e at channel 2 on atapci0\nata4: [ITHREAD]\nata5: \u003cATA channel\u003e at channel 3 on atapci0\nata5: port is not ready (timeout 0ms) tfd = 00000180\nata5: software reset clear timeout\nata5: [ITHREAD]\nata6: \u003cATA channel\u003e at channel 4 on atapci0\nata6: [ITHREAD]\nata7: \u003cATA channel\u003e at channel 5 on atapci0\nata7: [ITHREAD]\nohci0: \u003cOHCI (generic) USB controller\u003e mem 0xd2507000-0xd2507fff irq 16 at device 18.0 on pci0\nohci0: [ITHREAD]\nusbus0: \u003cOHCI (generic) USB controller\u003e on ohci0\nohci1: \u003cOHCI (generic) USB controller\u003e mem 0xd2506000-0xd2506fff irq 16 at device 18.1 on pci0\nohci1: [ITHREAD]\nusbus1: \u003cOHCI (generic) USB controller\u003e on ohci1\nehci0: \u003cEHCI (generic) USB 2.0 controller\u003e mem 0xd2508500-0xd25085ff irq 17 at device 18.2 on pci0\nehci0: [ITHREAD]\nehci0: AMD SB600/700 quirk applied\nusbus2: EHCI version 1.0\nusbus2: \u003cEHCI (generic) USB 2.0 controller\u003e on ehci0\nohci2: \u003cOHCI (generic) USB controller\u003e mem 0xd2505000-0xd2505fff irq 18 at device 19.0 on pci0\nohci2: [ITHREAD]\nusbus3: \u003cOHCI (generic) USB controller\u003e on ohci2\nohci3: \u003cOHCI (generic) USB controller\u003e mem 0xd2504000-0xd2504fff irq 18 at device 19.1 on pci0\nohci3: [ITHREAD]\nusbus4: \u003cOHCI (generic) USB controller\u003e on ohci3\nehci1: \u003cEHCI (generic) USB 2.0 controller\u003e mem 0xd2508400-0xd25084ff irq 19 at device 19.2 on pci0\nehci1: [ITHREAD]\nehci1: AMD SB600/700 quirk applied\nusbus5: EHCI version 1.0\nusbus5: \u003cEHCI (generic) USB 2.0 controller\u003e on ehci1\npci0: \u003cserial bus, SMBus\u003e at device 20.0 (no driver attached)\natapci1: \u003cATI IXP700/800 UDMA133 controller\u003e port 0x1f0-0x1f7,0x3f6,0x170-0x177,0x376,0x8000-0x800f irq 16 at device 20.1 on pci0\nata1: \u003cATA channel\u003e at channel 1 on atapci1\nata1: [ITHREAD]\npci0: \u003cmultimedia, HDA\u003e at device 20.2 (no driver attached)\nisab0: \u003cPCI-ISA bridge\u003e at device 20.3 on pci0\nisa0: \u003cISA bus\u003e on isab0\npcib6: \u003cACPI PCI-PCI bridge\u003e at device 20.4 on pci0\npci128: \u003cACPI PCI bus\u003e on pcib6\nacpi_acad0: \u003cAC Adapter\u003e on acpi0\nacpi_lid0: \u003cControl Method Lid Switch\u003e on acpi0\nacpi_tz0: \u003cThermal Zone\u003e on acpi0\natrtc0: \u003cAT realtime clock\u003e port 0x70-0x71 on acpi0\natkbdc0: \u003cKeyboard controller (i8042)\u003e port 0x60,0x64 irq 1 on acpi0\natkbd0: \u003cAT Keyboard\u003e irq 1 on atkbdc0\nkbd0 at atkbd0\natkbd0: [GIANT-LOCKED]\natkbd0: [ITHREAD]\npsm0: \u003cPS/2 Mouse\u003e irq 12 on atkbdc0\npsm0: [GIANT-LOCKED]\npsm0: [ITHREAD]\npsm0: model Generic PS/2 mouse, device ID 0\nbattery0: \u003cACPI Control Method Battery\u003e on acpi0\nsc0: \u003cSystem console\u003e at flags 0x100 on isa0\nsc0: VGA \u003c16 virtual consoles, flags=0x300\u003e\nvga0: \u003cGeneric ISA VGA\u003e at port 0x3c0-0x3df iomem 0xa0000-0xbffff on isa0\nppc0: cannot reserve I/O port range\nacpi_throttle0: \u003cACPI CPU Throttling\u003e on cpu0\nhwpstate0: \u003cCool`n'Quiet 2.0\u003e on cpu0\nRTC BIOS diagnostic error 80\u003cclock_battery\u003e\nTimecounters tick every 1.000 msec\nusbus0: 12Mbps Full Speed USB v1.0\nusbus1: 12Mbps Full Speed USB v1.0\nusbus2: 480Mbps High Speed USB v2.0\nusbus3: 12Mbps Full Speed USB v1.0\nusbus4: 12Mbps Full Speed USB v1.0\nusbus5: 480Mbps High Speed USB v2.0\nad4: 305245MB \u003cFUJITSU MHZ2320BH G2 8909\u003e at ata2-master UDMA100 SATA 3Gb/s\nugen0.1: \u003cATI\u003e at usbus0\nuhub0: \u003cATI OHCI root HUB, class 9/0, rev 1.00/1.00, addr 1\u003e on usbus0\nugen1.1: \u003cATI\u003e at usbus1\nuhub1: \u003cATI OHCI root HUB, class 9/0, rev 1.00/1.00, addr 1\u003e on usbus1\nugen2.1: \u003cATI\u003e at usbus2\nuhub2: \u003cATI EHCI root HUB, class 9/0, rev 2.00/1.00, addr 1\u003e on usbus2\nugen3.1: \u003cATI\u003e at usbus3\nuhub3: \u003cATI OHCI root HUB, class 9/0, rev 1.00/1.00, addr 1\u003e on usbus3\nugen4.1: \u003cATI\u003e at usbus4\nuhub4: \u003cATI OHCI root HUB, class 9/0, rev 1.00/1.00, addr 1\u003e on usbus4\nugen5.1: \u003cATI\u003e at usbus5\nuhub5: \u003cATI EHCI root HUB, class 9/0, rev 2.00/1.00, addr 1\u003e on usbus5\nuhub0: 3 ports with 3 removable, self powered\nuhub1: 3 ports with 3 removable, self powered\nuhub3: 3 ports with 3 removable, self powered\nuhub4: 3 ports with 3 removable, self powered\nGEOM: ad4s1: geometry does not match label (255h,63s != 16h,63s).\nacd0: DVDR \u003cTSSTcorp CDDVDW TS-L633L/0400\u003e at ata5-master UDMA100 SATA 1.5Gb/s\nSMP: AP CPU #1 Launched!\nRoot mount waiting for: usbus5 usbus2\nRoot mount waiting for: usbus5 usbus2\nuhub2: 6 ports with 6 removable, self powered\nuhub5: 6 ports with 6 removable, self powered\nugen2.2: \u003cImage Processor\u003e at usbus2\nTrying to mount root from ufs:/dev/ad4s1a\nhdac0: \u003cATI SB600 High Definition Audio Controller\u003e mem 0xd2500000-0xd2503fff irq 16 at device 20.2 on pci0\nhdac0: HDA Driver Revision: 20100226_0142\nhdac0: [ITHREAD]\nhdac0: HDA Codec #0: IDT 92HD71B7\nhdac0: HDA Codec #1: Lucent/Agere Systems (Unknown)\nhdac1: \u003cATI RS780 High Definition Audio Controller\u003e mem 0xd2410000-0xd2413fff irq 19 at device 5.1 on pci1\nhdac1: HDA Driver Revision: 20100226_0142\nhdac1: [ITHREAD]\nhdac1: HDA Codec #0: ATI RS690/780 HDMI\npcm0: \u003cHDA IDT 92HD71B7 PCM #0 Analog\u003e at cad 0 nid 1 on hdac0\npcm1: \u003cHDA IDT 92HD71B7 PCM #1 Analog\u003e at cad 0 nid 1 on hdac0\npcm2: \u003cHDA IDT 92HD71B7 PCM #2 Digital\u003e at cad 0 nid 1 on hdac0\npcm3: \u003cHDA ATI RS690/780 HDMI PCM #0 HDMI\u003e at cad 0 nid 1 on hdac1\nre0: link state changed to UP\n\n\noutput of pciconf -lv\n\nhostb0@pci0:0:0:0:\tclass=0x060000 card=0x30fc103c chip=0x96001022 rev=0x00 hdr=0x00\n    vendor     = 'Advanced Micro Devices (AMD)'\n    class      = bridge\n    subclass   = HOST-PCI\npcib1@pci0:0:1:0:\tclass=0x060400 card=0x30fc103c chip=0x9602103c rev=0x00 hdr=0x01\n    vendor     = 'Hewlett-Packard Company'\n    class      = bridge\n    subclass   = PCI-PCI\npcib2@pci0:0:4:0:\tclass=0x060400 card=0x30fc103c chip=0x96041022 rev=0x00 hdr=0x01\n    vendor     = 'Advanced Micro Devices (AMD)'\n    class      = bridge\n    subclass   = PCI-PCI\npcib4@pci0:0:5:0:\tclass=0x060400 card=0x30fc103c chip=0x96051022 rev=0x00 hdr=0x01\n    vendor     = 'Advanced Micro Devices (AMD)'\n    class      = bridge\n    subclass   = PCI-PCI\npcib5@pci0:0:7:0:\tclass=0x060400 card=0x30fc103c chip=0x96071022 rev=0x00 hdr=0x01\n    vendor     = 'Advanced Micro Devices (AMD)'\n    class      = bridge\n    subclass   = PCI-PCI\natapci0@pci0:0:17:0:\tclass=0x010601 card=0x30fc103c chip=0x43911002 rev=0x00 hdr=0x00\n    vendor     = 'ATI Technologies Inc. / Advanced Micro Devices, Inc.'\n    device     = 'SB700 SATA Controller [AHCI mode]'\n    class      = mass storage\n    subclass   = SATA\nohci0@pci0:0:18:0:\tclass=0x0c0310 card=0x30fc103c chip=0x43971002 rev=0x00 hdr=0x00\n    vendor     = 'ATI Technologies Inc. / Advanced Micro Devices, Inc.'\n    device     = 'SB700 USB OHCI0 Controller'\n    class      = serial bus\n    subclass   = USB\nohci1@pci0:0:18:1:\tclass=0x0c0310 card=0x30fc103c chip=0x43981002 rev=0x00 hdr=0x00\n    vendor     = 'ATI Technologies Inc. / Advanced Micro Devices, Inc.'\n    device     = 'Standard OpenHCD USB-Hostcontroller (SB700)'\n    class      = serial bus\n    subclass   = USB\nehci0@pci0:0:18:2:\tclass=0x0c0320 card=0x30fc103c chip=0x43961002 rev=0x00 hdr=0x00\n    vendor     = 'ATI Technologies Inc. / Advanced Micro Devices, Inc.'\n    device     = 'SB700 USB EHCI Controller'\n    class      = serial bus\n    subclass   = USB\nohci2@pci0:0:19:0:\tclass=0x0c0310 card=0x30fc103c chip=0x43971002 rev=0x00 hdr=0x00\n    vendor     = 'ATI Technologies Inc. / Advanced Micro Devices, Inc.'\n    device     = 'SB700 USB OHCI0 Controller'\n    class      = serial bus\n    subclass   = USB\nohci3@pci0:0:19:1:\tclass=0x0c0310 card=0x30fc103c chip=0x43981002 rev=0x00 hdr=0x00\n    vendor     = 'ATI Technologies Inc. / Advanced Micro Devices, Inc.'\n    device     = 'Standard OpenHCD USB-Hostcontroller (SB700)'\n    class      = serial bus\n    subclass   = USB\nehci1@pci0:0:19:2:\tclass=0x0c0320 card=0x30fc103c chip=0x43961002 rev=0x00 hdr=0x00\n    vendor     = 'ATI Technologies Inc. / Advanced Micro Devices, Inc.'\n    device     = 'SB700 USB EHCI Controller'\n    class      = serial bus\n    subclass   = USB\nnone0@pci0:0:20:0:\tclass=0x0c0500 card=0x30fc103c chip=0x43851002 rev=0x3a hdr=0x00\n    vendor     = 'ATI Technologies Inc. / Advanced Micro Devices, Inc.'\n    device     = 'ATI SMBus (ATI RD600/RS600)'\n    class      = serial bus\n    subclass   = SMBus\natapci1@pci0:0:20:1:\tclass=0x01018a card=0x30fc103c chip=0x439c1002 rev=0x00 hdr=0x00\n    vendor     = 'ATI Technologies Inc. / Advanced Micro Devices, Inc.'\n    device     = 'PATA 133 Controller (SB7xx)'\n    class      = mass storage\n    subclass   = ATA\nhdac0@pci0:0:20:2:\tclass=0x040300 card=0x30fc103c chip=0x43831002 rev=0x00 hdr=0x00\n    vendor     = 'ATI Technologies Inc. / Advanced Micro Devices, Inc.'\n    device     = 'IXP SB600 High Definition Audio Controller'\n    class      = multimedia\n    subclass   = HDA\nisab0@pci0:0:20:3:\tclass=0x060100 card=0x30fc103c chip=0x439d1002 rev=0x00 hdr=0x00\n    vendor     = 'ATI Technologies Inc. / Advanced Micro Devices, Inc.'\n    device     = 'SB700 LPC host controller'\n    class      = bridge\n    subclass   = PCI-ISA\npcib6@pci0:0:20:4:\tclass=0x060401 card=0x00000000 chip=0x43841002 rev=0x00 hdr=0x01\n    vendor     = 'ATI Technologies Inc. / Advanced Micro Devices, Inc.'\n    device     = 'IXP SB600 PCI to PCI Bridge'\n    class      = bridge\n    subclass   = PCI-PCI\nhostb1@pci0:0:24:0:\tclass=0x060000 card=0x00000000 chip=0x13001022 rev=0x40 hdr=0x00\n    vendor     = 'Advanced Micro Devices (AMD)'\n    device     = '(Family 11h) Athlon64/Opteron/Sempron HyperTransport Technology Configuration'\n    class      = bridge\n    subclass   = HOST-PCI\nhostb2@pci0:0:24:1:\tclass=0x060000 card=0x00000000 chip=0x13011022 rev=0x00 hdr=0x00\n    vendor     = 'Advanced Micro Devices (AMD)'\n    device     = '(Family 11h) Athlon64/Opteron/Sempron Address Map'\n    class      = bridge\n    subclass   = HOST-PCI\nhostb3@pci0:0:24:2:\tclass=0x060000 card=0x00000000 chip=0x13021022 rev=0x00 hdr=0x00\n    vendor     = 'Advanced Micro Devices (AMD)'\n    device     = '(Family 11h) Athlon64/Opteron/Sempron DRAM Controller'\n    class      = bridge\n    subclass   = HOST-PCI\nhostb4@pci0:0:24:3:\tclass=0x060000 card=0x00000000 chip=0x13031022 rev=0x00 hdr=0x00\n    vendor     = 'Advanced Micro Devices (AMD)'\n    device     = '(Family 11h) Athlon64/Opteron/Sempron Miscellaneous Control'\n    class      = bridge\n    subclass   = HOST-PCI\nhostb5@pci0:0:24:4:\tclass=0x060000 card=0x00000000 chip=0x13041022 rev=0x00 hdr=0x00\n    vendor     = 'Advanced Micro Devices (AMD)'\n    device     = '(Family 11h) Athlon64/Opteron/Sempron Link Control'\n    class      = bridge\n    subclass   = HOST-PCI\nvgapci0@pci0:1:5:0:\tclass=0x030000 card=0x30fc103c chip=0x96121002 rev=0x00 hdr=0x00\n    vendor     = 'ATI Technologies Inc. / Advanced Micro Devices, Inc.'\n    device     = 'ATI RADEON HD 3200 Graphics (RS780M)'\n    class      = display\n    subclass   = VGA\nhdac1@pci0:1:5:1:\tclass=0x040300 card=0x960f1002 chip=0x960f1002 rev=0x00 hdr=0x00\n    vendor     = 'ATI Technologies Inc. / Advanced Micro Devices, Inc.'\n    class      = multimedia\n    subclass   = HDA\npcib3@pci0:2:0:0:\tclass=0x060400 card=0x00000000 chip=0x8231104c rev=0x03 hdr=0x01\n    vendor     = 'Texas Instruments (TI)'\n    device     = 'PCI-Express to PCI/PCI-X bridge (XIO2000A)'\n    class      = bridge\n    subclass   = PCI-PCI\nath0@pci0:3:0:0:\tclass=0x020000 card=0x001017f9 chip=0x0013168c rev=0x01 hdr=0x00\n    vendor     = 'Atheros Communications Inc.'\n    device     = '802.11a/b/g Wireless Adapter (AR2312)'\n    class      = network\n    subclass   = ethernet\nnone1@pci0:8:0:0:\tclass=0x088000 card=0x30fc103c chip=0x2382197b rev=0x00 hdr=0x00\n    vendor     = 'JMicron Technology Corp.'\n    device     = 'JMB38X SD/MMC Host Controller  (JMB38X)'\n    class      = base peripheral\nnone2@pci0:8:0:2:\tclass=0x080501 card=0x30fc103c chip=0x2381197b rev=0x00 hdr=0x00\n    vendor     = 'JMicron Technology Corp.'\n    class      = base peripheral\n    subclass   = SD host controller\nnone3@pci0:8:0:3:\tclass=0x088000 card=0x30fc103c chip=0x2383197b rev=0x00 hdr=0x00\n    vendor     = 'JMicron Technology Corp.'\n    device     = 'JMB38X MS Host Controller (JMB38X)'\n    class      = base peripheral\nnone4@pci0:8:0:4:\tclass=0x088000 card=0x30fc103c chip=0x2384197b rev=0x00 hdr=0x00\n    vendor     = 'JMicron Technology Corp.'\n    device     = 'JMB38X xD Host Controller (JMB38X)'\n    class      = base peripheral\nre0@pci0:9:0:0:\tclass=0x020000 card=0x30fc103c chip=0x813610ec rev=0x02 hdr=0x00\n    vendor     = 'Realtek Semiconductor'\n    device     = 'Realtek 10/100/1000 PCI-E NIC Family all in one NDIS Driver v5.728.0604.2009 06/04/2009 (Rtl8023)'\n    class      = network\n    subclass   = ethernet\n\nHow-To-Repeat: for the 'ath0' device, this is sufficient\n\nifconfig ath0 up ssid \"\"\n\nexpected result:\nifconfig: SIOCS80211: Invalid argument\n\n(all of this hardware worked properly in 7-STABLE prior to the upgrade)"
}