{
 "id": 350784,
 "bug_id": 103664,
 "attachment_id": 0,
 "creation_time": "2006-09-26T07:40:17Z",
 "creator": "2igosha@gmail.com",
 "text": "I am running 6.1-RELEASE on a two-xeon machine with 2GB ram, acpi and HT disabled. The system is running the SMP kernel and each week it panics with \"kmem_map too small\" error.\nTried to increase the kmem_max value, it is now:\n\noptions VM_KMEM_SIZE_MAX=524288000 #500 MB\n\nAlso, increased the mbuf clusters value:\n\noptions NMBCLUSTERS=65536\n\nBut still got the panic after 7 days of uptime. \n\nThe machine is running mysql, apache, anti-spam, anti-virus and several applications that are forked from inetd. The load average is about 1.5 - 2.\nThere are two hdds mirrored using GEOM mirror.\n\nI have read all those 'you should increase kmem_size_max' answers but when should I stop increasing it? How much memory does the system need?\nIt it possible that some system component leaks memory?\n\nBTW the system does not reboot even while having \"options PANIC_REBOOT_WAIT_TIME=16\" in kernel.\n\n--- the dmesg output\n\nCopyright (c) 1992-2006 The FreeBSD Project.\nCopyright (c) 1979, 1980, 1983, 1986, 1988, 1989, 1991, 1992, 1993, 1994\n        The Regents of the University of California. All rights reserved.\nFreeBSD 6.1-RELEASE #2: Tue Sep 19 10:17:23 MSD 2006\n    igosha@mss.avp.ru:/usr/obj/usr/src/sys/SMP\nMPTable: \u003cINTEL    Lindenhurst \u003e\nTimecounter \"i8254\" frequency 1193182 Hz quality 0\nCPU: Intel(R) Xeon(TM) CPU 3.00GHz (3000.13-MHz 686-class CPU)\n  Origin = \"GenuineIntel\"  Id = 0xf41  Stepping = 1\n  Features=0xbfebfbff\u003cFPU,VME,DE,PSE,TSC,MSR,PAE,MCE,CX8,APIC,SEP,MTRR,PGE,MCA,CMOV,PAT,PSE36,CLFLUSH,DTS,ACPI,MMX,FXSR,SSE,SSE2,SS,HTT,TM,PBE\u003e\n  Features2=0x641d\u003cSSE3,RSVD2,MON,DS_CPL,CNTX-ID,CX16,\u003cb14\u003e\u003e\n  AMD Features=0x20000000\u003cLM\u003e\n  Logical CPUs per core: 2\nreal memory  = 2146893824 (2047 MB)\navail memory = 2095501312 (1998 MB)\nFreeBSD/SMP: Multiprocessor System Detected: 2 CPUs\n cpu0 (BSP): APIC ID:  0\n cpu1 (AP): APIC ID:  6\nioapic0: Assuming intbase of 0\nioapic1: Assuming intbase of 24\nioapic2: Assuming intbase of 48\nioapic0 \u003cVersion 2.0\u003e irqs 0-23 on motherboard\nioapic1 \u003cVersion 2.0\u003e irqs 24-47 on motherboard\nioapic2 \u003cVersion 2.0\u003e irqs 48-71 on motherboard\nkbd1 at kbdmux0\ncpu0 on motherboard\ncpu1 on motherboard\npcib0: \u003cMPTable Host-PCI bridge\u003e pcibus 0 on motherboard\npci0: \u003cPCI bus\u003e on pcib0\npci0: \u003cunknown\u003e at device 0.1 (no driver attached)\npci0: \u003cbase peripheral\u003e at device 1.0 (no driver attached)\npcib1: \u003cPCI-PCI bridge\u003e irq 16 at device 2.0 on pci0\npci1: \u003cPCI bus\u003e on pcib1\npcib2: \u003cMPTable PCI-PCI bridge\u003e at device 0.0 on pci1\npci2: \u003cPCI bus\u003e on pcib2\nem0: \u003cIntel(R) PRO/1000 Network Connection Version - 3.2.18\u003e port 0x2000-0x203f mem 0xdd200000-0xdd21ffff irq 30 at device 3.0 on pci2\nem0: Ethernet address: 00:30:48:2d:f4:38\nem1: \u003cIntel(R) PRO/1000 Network Connection Version - 3.2.18\u003e port 0x2040-0x207f mem 0xdd220000-0xdd23ffff irq 31 at device 3.1 on pci2\nem1: Ethernet address: 00:30:48:2d:f4:39\npci1: \u003cbase peripheral, interrupt controller\u003e at device 0.1 (no driver attached)\npcib3: \u003cMPTable PCI-PCI bridge\u003e at device 0.2 on pci1\npci3: \u003cPCI bus\u003e on pcib3\nahd0: \u003cAdaptec AIC7902 Ultra320 SCSI adapter\u003e port 0x3400-0x34ff,0x3000-0x30ff mem 0xdd300000-0xdd301fff irq 56 at device 4.0 on pci3\nahd0: [GIANT-LOCKED]\naic7902: Ultra320 Wide Channel A, SCSI Id=7, PCI-X 67-100Mhz, 512 SCBs\nahd1: \u003cAdaptec AIC7902 Ultra320 SCSI adapter\u003e port 0x3c00-0x3cff,0x3800-0x38ff mem 0xdd302000-0xdd303fff irq 57 at device 4.1 on pci3\nahd1: [GIANT-LOCKED]\naic7902: Ultra320 Wide Channel B, SCSI Id=7, PCI-X 67-100Mhz, 512 SCBs\npci1: \u003cbase peripheral, interrupt controller\u003e at device 0.3 (no driver attached)\npcib4: \u003cPCI-PCI bridge\u003e irq 16 at device 4.0 on pci0\npci4: \u003cPCI bus\u003e on pcib4\npcib5: \u003cPCI-PCI bridge\u003e irq 16 at device 6.0 on pci0\npci5: \u003cPCI bus\u003e on pcib5\nuhci0: \u003cIntel 82801EB (ICH5) USB controller USB-A\u003e port 0x1400-0x141f irq 16 at device 29.0 on pci0\nuhci0: [GIANT-LOCKED]\nusb0: \u003cIntel 82801EB (ICH5) USB controller USB-A\u003e on uhci0\nusb0: USB revision 1.0\nuhub0: Intel UHCI root hub, class 9/0, rev 1.00/1.00, addr 1\nuhub0: 2 ports with 2 removable, self powered\nuhci1: \u003cIntel 82801EB (ICH5) USB controller USB-B\u003e port 0x1420-0x143f irq 19 at device 29.1 on pci0\nuhci1: [GIANT-LOCKED]\nusb1: \u003cIntel 82801EB (ICH5) USB controller USB-B\u003e on uhci1\nusb1: USB revision 1.0\nuhub1: Intel UHCI root hub, class 9/0, rev 1.00/1.00, addr 1\nuhub1: 2 ports with 2 removable, self powereduhci2: \u003cIntel 82801EB (ICH5) USB controller USB-C\u003e port 0x1440-0x145f irq 18 at device 29.2 on pci0\nuhci2: [GIANT-LOCKED]\nusb2: \u003cIntel 82801EB (ICH5) USB controller USB-C\u003e on uhci2\nusb2: USB revision 1.0\nuhub2: Intel UHCI root hub, class 9/0, rev 1.00/1.00, addr 1\nuhub2: 2 ports with 2 removable, self powered\nuhci3: \u003cIntel 82801EB (ICH5) USB controller USB-D\u003e port 0x1460-0x147f irq 16 at device 29.3 on pci0\nuhci3: [GIANT-LOCKED]\nusb3: \u003cIntel 82801EB (ICH5) USB controller USB-D\u003e on uhci3\nusb3: USB revision 1.0\nuhub3: Intel UHCI root hub, class 9/0, rev 1.00/1.00, addr 1\nuhub3: 2 ports with 2 removable, self powered\nehci0: \u003cIntel 82801EB/R (ICH5) USB 2.0 controller\u003e mem 0xdd001000-0xdd0013ff irq 23 at device 29.7 on pci0\nehci0: [GIANT-LOCKED]\nusb4: EHCI version 1.0\nusb4: companion controllers, 2 ports each: usb0 usb1 usb2 usb3\nusb4: \u003cIntel 82801EB/R (ICH5) USB 2.0 controller\u003e on ehci0\nusb4: USB revision 2.0\nuhub4: Intel EHCI root hub, class 9/0, rev 2.00/1.00, addr 1\nuhub4: 8 ports with 8 removable, self powered\npcib6: \u003cMPTable PCI-PCI bridge\u003e at device 30.0 on pci0\npci6: \u003cPCI bus\u003e on pcib6\npci6: \u003cdisplay, VGA\u003e at device 1.0 (no driver attached)\nisab0: \u003cPCI-ISA bridge\u003e at device 31.0 on pci0\nisa0: \u003cISA bus\u003e on isab0\natapci0: \u003cIntel ICH5 SATA150 controller\u003e port 0x14c0-0x14c7,0x14b4-0x14b7,0x14b8-0x14bf,0x14b0-0x14b3,0x14a0-0x14af irq 18 at device 31.2 on pci0\nata2: \u003cATA channel 0\u003e on atapci0\nata3: \u003cATA channel 1\u003e on atapci0\npci0: \u003cserial bus, SMBus\u003e at device 31.3 (no driver attached)\npmtimer0 on isa0\norm0: \u003cISA Option ROMs\u003e at iomem 0xc0000-0xc7fff,0xc8000-0xc8fff on isa0\nata0 at port 0x1f0-0x1f7,0x3f6 irq 14 on isa0\nata1 at port 0x170-0x177,0x376 irq 15 on isa0\natkbdc0: \u003cKeyboard controller (i8042)\u003e at port 0x60,0x64 on isa0\natkbd0: \u003cAT Keyboard\u003e irq 1 on atkbdc0\nkbd0 at atkbd0\natkbd0: [GIANT-LOCKED]\npsm0: \u003cPS/2 Mouse\u003e irq 12 on atkbdc0\npsm0: [GIANT-LOCKED]\npsm0: model IntelliMouse Explorer, device ID 4\nfdc0: \u003cEnhanced floppy controller\u003e at port 0x3f0-0x3f5,0x3f7 irq 6 drq 2 on isa0\nfdc0: [FAST]\nfd0: \u003c1440-KB 3.5\" drive\u003e on fdc0 drive 0\nppc0: parallel port not found.\nsc0: \u003cSystem console\u003e at flags 0x100 on isa0\nsc0: VGA \u003c16 virtual consoles, flags=0x300\u003e\nsio0 at port 0x3f8-0x3ff irq 4 flags 0x10 on isa0\nsio0: type 16550A\nsio1 at port 0x2f8-0x2ff irq 3 on isa0\nsio1: type 16550A\nvga0: \u003cGeneric ISA VGA\u003e at port 0x3c0-0x3df iomem 0xa0000-0xbffff on isa0\nunknown: \u003cPNP0c02\u003e can't assign resources (memory)\nunknown: \u003cPNP0303\u003e can't assign resources (port)\nunknown: \u003cPNP0f13\u003e can't assign resources (irq)\nunknown: \u003cPNP0501\u003e can't assign resources (port)\nunknown: \u003cPNP0501\u003e can't assign resources (port)\nunknown: \u003cPNP0700\u003e can't assign resources (port)\nTimecounters tick every 1.000 msec\nad4: 238475MB \u003cSeagate ST3250823AS 3.03\u003e at ata2-master SATA150\nad6: 238475MB \u003cSeagate ST3250823AS 3.06\u003e at ata3-master SATA150\nWaiting 5 seconds for SCSI devices to settle\nGEOM_MIRROR: Device gm0 created (id=3296712808).\nGEOM_MIRROR: Device gm0: provider ad4 detected.\nGEOM_MIRROR: Device gm0: provider ad6 detected.\nGEOM_MIRROR: Device gm0: provider ad6 activated.\nGEOM_MIRROR: Device gm0: provider ad4 activated.\nGEOM_MIRROR: Device gm0: provider mirror/gm0 launched.\nSMP: AP CPU #1 Launched!\n\nFix: \n\nNot known yet.\nHow-To-Repeat: Set up GEOM mirror on a two-xeon machine with 2 HDDs and 2 Gb RAM, install mysql, Kaspersky Anti-Virus for mailservers and Kaspersky Anti-Spam 3.0 and put them all  under average load."
}