{
 "id": 419701,
 "bug_id": 118353,
 "attachment_id": 0,
 "creation_time": "2007-11-30T14:40:00Z",
 "creator": "ports@grosbein.net",
 "text": "\tSMP kernel panices while there is active ppp(4) session using stock\n\tpppd(8) over umodem(4) - EGPRS session using Nokia smartphone.\n\n\tHere is kgdb's output for crashdump:\n\nScript started on Thu Nov 29 19:19:29 2007\n[GDB will not be able to debug user-mode threads: /usr/lib/libthread_db.so: Undefined symbol \"ps_pglobal_lookup\"]\nGNU gdb 6.1.1 [FreeBSD]\nCopyright 2004 Free Software Foundation, Inc.\nGDB is free software, covered by the GNU General Public License, and you are\nwelcome to change it and/or distribute copies of it under certain conditions.\nType \"show copying\" to see the conditions.\nThere is absolutely no warranty for GDB.  Type \"show warranty\" for details.\nThis GDB was configured as \"i386-marcel-freebsd\".\n\nUnread portion of the kernel message buffer:\n\n\nFatal trap 12: page fault while in kernel mode\ncpuid = 1; apic id = 01\nfault virtual address\t= 0x14\nfault code\t\t= supervisor read, page not present\ninstruction pointer\t= 0x20:0xc077e8d0\nstack pointer\t        = 0x28:0xe5b14b7c\nframe pointer\t        = 0x28:0xe5b14bb4\ncode segment\t\t= base 0x0, limit 0xfffff, type 0x1b\n\t\t\t= DPL 0, pres 1, def32 1, gran 1\nprocessor eflags\t= interrupt enabled, resume, IOPL = 0\ncurrent process\t\t= 25 (irq16: nvidia0+)\ntrap number\t\t= 12\npanic: page fault\ncpuid = 1\nKDB: stack backtrace:\ndb_trace_self_wrapper(c07c9964,e5b14a18,c057e040,c07ea5af,1,...) at 0xc0464f81 = db_trace_self_wrapper+0x26\nkdb_backtrace(c07ea5af,1,c07b504c,e5b14a24,1,...) at 0xc05a3b04 = kdb_backtrace+0x29\npanic(c07b504c,c07eb867,c560aa18,1,1,...) at 0xc057e040 = panic+0x10f\ntrap_fatal(c0847760,0,1,0,c0bdcab2,...) at 0xc0780679 = trap_fatal+0x32e\ntrap_pfault(c0b1e223,c5f49000,6013d4,1f,c,...) at 0xc07808c9 = trap_pfault+0x244\ntrap(e5b14b3c) at 0xc07811d6 = trap+0x36a\ncalltrap() at 0xc07686ab = calltrap+0x6\n--- trap 0xc, eip = 0xc077e8d0, esp = 0xe5b14b7c, ebp = 0xe5b14bb4 ---\nmemcpy(c56c1800,6c,c56be500,e5b14bf8,c0500457,...) at 0xc077e8d0 = memcpy+0x14\npppstart(c56c1800,0,0,e5b14be8,0,...) at 0xc06234d5 = pppstart+0x20\nucomwritecb(c61cde00,c56be500,0,19000,0,...) at 0xc0500457 = ucomwritecb+0x104\nusb_transfer_complete(c61cde00,c60ee800,0) at 0xc050ef4d = usb_transfer_complete+0x1a3\nuhci_transfer_complete(c60ee800,c09e5aec,1) at 0xc0502da2 = uhci_transfer_complete+0xa8\nuhci_idone(c56c5e80,c61cdf90,c5667000,c61ce178,c5667000,...) at 0xc0502ed5 = uhci_idone+0x12b\nuhci_softintr(c5667000,e5b14cb4,c0503fa0,c5667000,c0d10f08,...) at 0xc050338d = uhci_softintr+0xe4\nusb_schedsoftintr(c5667000,c0d10f08,c565d5c0,c5516c00,0,...) at 0xc050ae54 = usb_schedsoftintr+0x12\nuhci_intr1(e5b14cf4,c0562278,c5667000,0,c07c569f,...) at 0xc0503fa0 = uhci_intr1+0x1d6\nuhci_intr(c5667000,0,c07c569f,46b,0,...) at 0xc0504225 = uhci_intr+0x1d\nithread_loop(c5603230,e5b14d38,ffbfffeb,7fff3ffd,f9fefdff,...) at 0xc0562278 = ithread_loop+0x19d\nfork_exit(c05620db,c5603230,e5b14d38) at 0xc055eec1 = fork_exit+0x99\nfork_trampoline() at 0xc0768720 = fork_trampoline+0x8\n--- trap 0, eip = 0, esp = 0xe5b14d70, ebp = 0 ---\nUptime: 14m52s\nPhysical memory: 2029 MB\nDumping 111 MB: 96 80 64 48 (CTRL-C to abort)  32 16\n\n#0  doadump () at pcpu.h:195\n195\t\t__asm __volatile(\"movl %%fs:0,%0\" : \"=r\" (td));\n(kgdb) bt full\n#0  doadump () at pcpu.h:195\nNo locals.\n#1  0xc057dd82 in boot (howto=260) at /usr/local/src/sys/kern/kern_shutdown.c:409\n\t_giantcnt = Variable \"_giantcnt\" is not available.\n(kgdb) bt\n#0  doadump () at pcpu.h:195\n#1  0xc057dd82 in boot (howto=260) at /usr/local/src/sys/kern/kern_shutdown.c:409\n#2  0xc057e06f in panic (fmt=Variable \"fmt\" is not available.\n) at /usr/local/src/sys/kern/kern_shutdown.c:563\n#3  0xc0780679 in trap_fatal (frame=0xe5b14b3c, eva=20)\n    at /usr/local/src/sys/i386/i386/trap.c:872\n#4  0xc07808c9 in trap_pfault (frame=0xe5b14b3c, usermode=0, eva=20)\n    at /usr/local/src/sys/i386/i386/trap.c:785\n#5  0xc07811d6 in trap (frame=0xe5b14b3c) at /usr/local/src/sys/i386/i386/trap.c:463\n#6  0xc07686ab in calltrap () at /usr/local/src/sys/i386/i386/exception.s:139\n#7  0xc077e8d0 in memcpy () at /usr/local/src/sys/i386/i386/support.s:692\nPrevious frame inner to this frame (corrupt stack?)\n(kgdb) quit\n\nScript done on Thu Nov 29 19:19:45 2007\n\n\n\tI've mostly monotithic kernel but with some external modules\n\tloaded:\n\n$ kldstat\nId Refs Address    Size     Name\n 1   11 0xc0400000 52a478   kernel\n 2    1 0xc092b000 79f118   nvidia.ko\n 3    1 0xc10cb000 1fd18    kqemu.ko\n 4    1 0xc10eb000 67174    acpi.ko\n 5    1 0xc5c2d000 e000     fuse.ko\n 6    1 0xc5f12000 2000     rtc.ko\n\n\tBut no fuse filesystem mounted ever and qemu not ever started\n\tsince boot.\n\nFix: \n\nUnknown.\nHow-To-Repeat: \tConnect machine using ppp(4) and make traffic flow.\n\tI had ssh interactive session all the times it paniced.\n\n\tThere were no panics with such configuration in 6.2-STABLE\n\twhich kernel had IPSEC compiled in, so debug.mpsafenet was forced to 0.\n\tBut recently I've upgraded to RELENG_7 that has MPSAFE\n\tIPSEC implementation and has no debug.mpsafenet tunnable\n\tso I can't make it off to test.\n\n\tHere come kernel config file and /var/run/dmesg.boot:\n\nmachine\t\ti386\ncpu\t\tI686_CPU\nident\t\tDADV\n\noptions\t\tINCLUDE_CONFIG_FILE\t# Include this file in kernel\noptions\t\tSMP\ndevice\t\tapic\t\t\t# I/O APIC\noptions \tPREEMPTION\t\t# Enable kernel thread preemption\noptions\t\tADAPTIVE_GIANT\noptions\t\tIPI_PREEMPTION\n\n# To statically compile in device wiring instead of /boot/device.hints\n#hints\t\t\"GENERIC.hints\"\t\t# Default places to look for devices.\n\nmakeoptions\tDEBUG=-g\t\t# Build kernel with gdb(1) debug symbols\n\noptions \tSCHED_ULE\t\t# ULE scheduler\n#options \tSCHED_4BSD\t\t# 4BSD scheduler\n\noptions \tINET\t\t\t# InterNETworking\n#options \tINET6\t\t\t# IPv6 communications protocols\noptions \tFFS\t\t\t# Berkeley Fast Filesystem\noptions \tSOFTUPDATES\t\t# Enable FFS soft updates support\n#options \tUFS_ACL\t\t\t# Support for access control lists\noptions \tUFS_DIRHASH\t\t# Improve performance on big directories\n#options \tMD_ROOT\t\t\t# MD is a potential root device\noptions \tNFSCLIENT\t\t# Network Filesystem Client\noptions \tNFSSERVER\t\t# Network Filesystem Server\n#options \tNFS_ROOT\t\t# NFS usable as /, requires NFSCLIENT\noptions \tMSDOSFS\t\t\t# MSDOS Filesystem\noptions\t\tNTFS\noptions \tLIBICONV\noptions \tMSDOSFS_ICONV\noptions \tNTFS_ICONV\n\noptions \tCD9660\t\t\t# ISO 9660 Filesystem\noptions\t\tCD9660_ICONV\noptions \tPROCFS\t\t\t# Process filesystem (requires PSEUDOFS)\noptions \tPSEUDOFS\t\t# Pseudo-filesystem framework\n#options \tGEOM_GPT\t\t# GUID Partition Tables.\noptions \tCOMPAT_43TTY\t\t# Compatible with BSD 4.3 [KEEP THIS!]\noptions \tCOMPAT_FREEBSD4\t\t# Compatible with FreeBSD4\noptions \tCOMPAT_FREEBSD5\t\t# Compatible with FreeBSD5\noptions \tCOMPAT_FREEBSD6\t\t# Compatible with FreeBSD5\noptions \tSCSI_DELAY=3000\t\t# Delay (in ms) before probing SCSI\noptions \tKTRACE\t\t\t# ktrace(1) support\noptions \tSYSVSHM\t\t\t# SYSV-style shared memory\noptions \tSYSVMSG\t\t\t# SYSV-style message queues\noptions \tSYSVSEM\t\t\t# SYSV-style semaphores\noptions \t_KPOSIX_PRIORITY_SCHEDULING # POSIX P1003_1B real-time extensions\noptions \tKBD_INSTALL_CDEV\t# install a CDEV entry in /dev\n\n# Bus support.\n#device\t\teisa\ndevice\t\tpci\n\n# Floppy drives\n#device\t\tfdc\n\n# ATA and ATAPI devices\ndevice\t\tata\ndevice\t\tatadisk\t\t# ATA disk drives\n#device\t\tataraid\t\t# ATA RAID drives\ndevice\t\tatapicd\t\t# ATAPI CDROM drives\n#device\t\tatapifd\t\t# ATAPI floppy drives\n#device\t\tatapist\t\t# ATAPI tape drives\noptions \tATA_STATIC_ID\t# Static device numbering\ndevice\t\tatapicam\n\n# SCSI peripherals\ndevice\t\tscbus\t\t# SCSI bus (required for SCSI)\ndevice\t\tda\t\t# Direct Access (disks)\ndevice\t\tcd\t\t# CD\ndevice\t\tpass\t\t# Passthrough device (direct SCSI access)\n\n# atkbdc0 controls both the keyboard and the PS/2 mouse\ndevice\t\tatkbdc\t\t# AT keyboard controller\ndevice\t\tatkbd\t\t# AT keyboard\ndevice\t\tpsm\t\t# PS/2 mouse\n#options\t\tKBD_RESETDELAY=500\n#options\t\tKBD_MAXWAIT=10\n#options\t\tKBD_MAXRETRY=10\n#options\t\tPSM_DEBUG=2\n\n\ndevice\t\tvga\t\t# VGA video card driver\n\n# syscons is the default console driver, resembling an SCO console\ndevice\t\tsc\noptions\t\tSC_HISTORY_SIZE=1000\n\n# Serial (COM) ports\ndevice\t\tsio\t\t# 8250, 16[45]50 based serial ports\n\n# Parallel port\ndevice\t\tppc\ndevice\t\tppbus\t\t# Parallel port bus (required)\ndevice\t\tlpt\t\t# Printer\n#device\t\tppi\t\t# Parallel port interface device\n\n# PCI Ethernet NICs.\n#device\t\tde\t\t# DEC/Intel DC21x4x (``Tulip'')\ndevice\t\tem\t\t# Intel PRO/1000 adapter Gigabit Ethernet Card\n#device\t\tixgb\t\t# Intel PRO/10GbE Ethernet Card\n#device\t\ttxp\t\t# 3Com 3cR990 (``Typhoon'')\n#device\t\tvx\t\t# 3Com 3c590, 3c595 (``Vortex'')\n\n# PCI Ethernet NICs that use the common MII bus controller code.\n# NOTE: Be sure to keep the 'device miibus' line in order to use these NICs!\n#device\t\tmiibus\t\t# MII bus support\n#device\t\tbfe\t\t# Broadcom BCM440x 10/100 Ethernet\n#device\t\tbge\t\t# Broadcom BCM570xx Gigabit Ethernet\n#device\t\tdc\t\t# DEC/Intel 21143 and various workalikes\n#device\t\tfxp\t\t# Intel EtherExpress PRO/100B (82557, 82558)\n#device\t\tem\n#device\t\tlge\t\t# Level 1 LXT1001 gigabit Ethernet\n#device\t\tnge\t\t# NatSemi DP83820 gigabit Ethernet\n#device\t\tnve\t\t# nVidia nForce MCP on-board Ethernet Networking\n#device\t\tpcn\t\t# AMD Am79C97x PCI 10/100(precedence over 'lnc')\n#device\t\tre\t\t# RealTek 8139C+/8169/8169S/8110S\n#device\t\trl\t\t# RealTek 8129/8139\n#device\t\tsf\t\t# Adaptec AIC-6915 (``Starfire'')\n#device\t\tsis\t\t# Silicon Integrated Systems SiS 900/SiS 7016\n#device\t\tsk\t\t# SysKonnect SK-984x \u0026 SK-982x gigabit Ethernet\n#device\t\tste\t\t# Sundance ST201 (D-Link DFE-550TX)\n#device\t\tti\t\t# Alteon Networks Tigon I/II gigabit Ethernet\n#device\t\ttl\t\t# Texas Instruments ThunderLAN\n#device\t\ttx\t\t# SMC EtherPower II (83c170 ``EPIC'')\n#device\t\tvge\t\t# VIA VT612x gigabit Ethernet\n#device\t\tvr\t\t# VIA Rhine, Rhine II\n#device\t\twb\t\t# Winbond W89C840F\n#device\t\txl\t\t# 3Com 3c90x (``Boomerang'', ``Cyclone'')\n\n# Pseudo devices.\ndevice\t\tloop\t\t# Network loopback\ndevice\t\trandom\t\t# Entropy device\ndevice\t\tether\t\t# Ethernet support\ndevice\t\tppp \t\t# Kernel PPP\n#device\t\ttun\t\t# Packet tunnel.\ndevice\t\tpty\t\t# Pseudo-ttys (telnet etc)\ndevice\t\tmd\t\t# Memory \"disks\"\ndevice\t\tgif\t\t# IPv6 and IPv4 tunneling\n#device\t\tfaith\t\t# IPv6-to-IPv4 relaying (translation)\ndevice\t\ttap\t\t\t#Virtual Ethernet driver\n\n# The `bpf' device enables the Berkeley Packet Filter.\n# Be aware of the administrative consequences of enabling this!\n# Note that 'bpf' is required for DHCP.\ndevice\t\tbpf\t\t# Berkeley packet filter\n\n# USB support\ndevice\t\tuhci\t\t# UHCI PCI-\u003eUSB interface\ndevice\t\tohci\t\t# OHCI PCI-\u003eUSB interface\ndevice\t\tehci\t\t# EHCI PCI-\u003eUSB interface (USB 2.0)\ndevice\t\tusb\t\t# USB Bus (required)\n#device\t\tudbp\t\t# USB Double Bulk Pipe devices\ndevice\t\tugen\t\t# Generic\n#device\t\tuhid\t\t# \"Human Interface Devices\"\n#device\t\tukbd\t\t# Keyboard\n#device\t\tulpt\t\t# Printer\ndevice\t\tumass\t\t# Disks/Mass storage - Requires scbus and da\n#device\t\tums\t\t# Mouse\n#device\t\tural\t\t# Ralink Technology RT2500USB wireless NICs\n#device\t\turio\t\t# Diamond Rio 500 MP3 player\n#device\t\tuscanner\t# Scanners\ndevice\t\tif_bridge\n\ndevice\t\tcrypto\noptions\t\tIPSEC\noptions\t\tIPSEC_FILTERTUNNEL\noptions\t\tIPFIREWALL\n#options\t\tIPFIREWALL_VERBOSE\noptions\t\tIPFIREWALL_FORWARD\noptions\t\tIPDIVERT\noptions\t\tDUMMYNET\n\noptions \tNETGRAPH\t\t# netgraph(4) system\noptions \tNETGRAPH_ETHER\noptions \tNETGRAPH_PPPOE\noptions \tNETGRAPH_SOCKET\noptions \tNETGRAPH_BLUETOOTH\t\t# ng_bluetooth(4)\noptions \tNETGRAPH_BLUETOOTH_SOCKET\t# ng_btsocket(4)\noptions \tNETGRAPH_BLUETOOTH_UBT\noptions\t\tNETGRAPH_BLUETOOTH_HCI\noptions\t\tNETGRAPH_BLUETOOTH_L2CAP\n\ndevice\t\tucom\ndevice\t\tumodem\n\noption\t\tVFS_AIO\n\ndevice\t\tsound\ndevice\t\tsnd_hda\n\noptions\t\tCOMPAT_LINUX\noptions\t\tLINPROCFS\n\noptions \tKDB\noptions \tKDB_TRACE\noptions \tKDB_UNATTENDED\noptions \tDDB\noptions \tDDB_NUMSYM\noptions \tGDB\n\n#options\t\tINVARIANTS\n#options\t\tINVARIANT_SUPPORT\n#options\t\tWITNESS\n#options\t\tWITNESS_KDB\n#options\t\tDEBUG_MEMGUARD\n#options\t\tMUTEX_DEBUG\n\n#options         USB_DEBUG\n\n#options\t\tMAXMEM=(32*1024)\noptions\t\tALT_BREAK_TO_DEBUGGER\n#options\t\tDEVICE_POLLING\n\n\n\tAs for dmesg.boot:\n\nCopyright (c) 1992-2007 The FreeBSD Project.\nCopyright (c) 1979, 1980, 1983, 1986, 1988, 1989, 1991, 1992, 1993, 1994\n\tThe Regents of the University of California. All rights reserved.\nFreeBSD is a registered trademark of The FreeBSD Foundation.\nFreeBSD 7.0-BETA3 #2: Thu Nov 29 18:57:19 KRAT 2007\n    eu@grosbein.pp.ru:/usr/local/obj/usr/local/src/sys/DADV\nTimecounter \"i8254\" frequency 1193182 Hz quality 0\nCPU: Intel(R) Pentium(R) D CPU 2.80GHz (2805.72-MHz 686-class CPU)\n  Origin = \"GenuineIntel\"  Id = 0xf62  Stepping = 2\n  Features=0xbfebfbff\u003cFPU,VME,DE,PSE,TSC,MSR,PAE,MCE,CX8,APIC,SEP,MTRR,PGE,MCA,CMOV,PAT,PSE36,CLFLUSH,DTS,ACPI,MMX,FXSR,SSE,SSE2,SS,HTT,TM,PBE\u003e\n  Features2=0xe43d\u003cSSE3,RSVD2,MON,DS_CPL,VMX,CNXT-ID,CX16,xTPR,PDCM\u003e\n  AMD Features=0x20100000\u003cNX,LM\u003e\n  AMD Features2=0x1\u003cLAHF\u003e\n  Cores per package: 2\nreal memory  = 2146050048 (2046 MB)\navail memory = 2085523456 (1988 MB)\nACPI APIC Table: \u003cINTEL  D975XBX \u003e\nFreeBSD/SMP: Multiprocessor System Detected: 2 CPUs\n cpu0 (BSP): APIC ID:  0\n cpu1 (AP): APIC ID:  1\nioapic0: Changing APIC ID to 2\nioapic0 \u003cVersion 2.0\u003e irqs 0-23 on motherboard\nkqemu version 0x00010300\nkqemu: KQEMU installed, max_locked_mem=1039036kB.\nacpi0: \u003cINTEL D975XBX\u003e on motherboard\nacpi0: [ITHREAD]\nacpi0: Power Button (fixed)\nTimecounter \"ACPI-safe\" frequency 3579545 Hz quality 850\nacpi_timer0: \u003c24-bit timer at 3.579545MHz\u003e port 0x408-0x40b on acpi0\ncpu0: \u003cACPI CPU\u003e on acpi0\ncpu1: \u003cACPI CPU\u003e on acpi0\nacpi_button0: \u003cSleep Button\u003e on acpi0\npcib0: \u003cACPI Host-PCI bridge\u003e port 0xcf8-0xcff on acpi0\npci0: \u003cACPI PCI bus\u003e on pcib0\npcib1: \u003cACPI PCI-PCI bridge\u003e at device 1.0 on pci0\npci1: \u003cACPI PCI bus\u003e on pcib1\nnvidia0: \u003cGeForce 7600 GS\u003e port 0x3000-0x307f mem 0x91000000-0x91ffffff,0x80000000-0x8fffffff,0x90000000-0x90ffffff irq 16 at device 0.0 on pci1\nnvidia0: [GIANT-LOCKED]\nnvidia0: [ITHREAD]\npcm0: \u003cIntel 82801G High Definition Audio Controller\u003e mem 0x92200000-0x92203fff irq 22 at device 27.0 on pci0\npcm0: [ITHREAD]\npcib2: \u003cACPI PCI-PCI bridge\u003e at device 28.0 on pci0\npci2: \u003cACPI PCI bus\u003e on pcib2\npcib3: \u003cACPI PCI-PCI bridge\u003e at device 28.4 on pci0\npci3: \u003cACPI PCI bus\u003e on pcib3\npcib4: \u003cACPI PCI-PCI bridge\u003e at device 28.5 on pci0\npci4: \u003cACPI PCI bus\u003e on pcib4\nem0: \u003cIntel(R) PRO/1000 Network Connection Version - 6.5.3\u003e port 0x2000-0x201f mem 0x92100000-0x9211ffff irq 17 at device 0.0 on pci4\nem0: Ethernet address: 00:16:76:6b:04:d7\nem0: [FILTER]\nuhci0: \u003cUHCI (generic) USB controller\u003e port 0x4080-0x409f irq 23 at device 29.0 on pci0\nuhci0: [GIANT-LOCKED]\nuhci0: [ITHREAD]\nusb0: \u003cUHCI (generic) USB controller\u003e on uhci0\nusb0: USB revision 1.0\nuhub0: \u003cIntel UHCI root hub, class 9/0, rev 1.00/1.00, addr 1\u003e on usb0\nuhub0: 2 ports with 2 removable, self powered\nuhci1: \u003cUHCI (generic) USB controller\u003e port 0x4060-0x407f irq 19 at device 29.1 on pci0\nuhci1: [GIANT-LOCKED]\nuhci1: [ITHREAD]\nusb1: \u003cUHCI (generic) USB controller\u003e on uhci1\nusb1: USB revision 1.0\nuhub1: \u003cIntel UHCI root hub, class 9/0, rev 1.00/1.00, addr 1\u003e on usb1\nuhub1: 2 ports with 2 removable, self powered\nuhci2: \u003cUHCI (generic) USB controller\u003e port 0x4040-0x405f irq 18 at device 29.2 on pci0\nuhci2: [GIANT-LOCKED]\nuhci2: [ITHREAD]\nusb2: \u003cUHCI (generic) USB controller\u003e on uhci2\nusb2: USB revision 1.0\nuhub2: \u003cIntel UHCI root hub, class 9/0, rev 1.00/1.00, addr 1\u003e on usb2\nuhub2: 2 ports with 2 removable, self powered\nuhci3: \u003cUHCI (generic) USB controller\u003e port 0x4020-0x403f irq 16 at device 29.3 on pci0\nuhci3: [GIANT-LOCKED]\nuhci3: [ITHREAD]\nusb3: \u003cUHCI (generic) USB controller\u003e on uhci3\nusb3: USB revision 1.0\nuhub3: \u003cIntel UHCI root hub, class 9/0, rev 1.00/1.00, addr 1\u003e on usb3\nuhub3: 2 ports with 2 removable, self powered\nehci0: \u003cIntel 82801GB/R (ICH7) USB 2.0 controller\u003e mem 0x92204400-0x922047ff irq 23 at device 29.7 on pci0\nehci0: [GIANT-LOCKED]\nehci0: [ITHREAD]\nusb4: EHCI version 1.0\nusb4: companion controllers, 2 ports each: usb0 usb1 usb2 usb3\nusb4: \u003cIntel 82801GB/R (ICH7) USB 2.0 controller\u003e on ehci0\nusb4: USB revision 2.0\nuhub4: \u003cIntel EHCI root hub, class 9/0, rev 2.00/1.00, addr 1\u003e on usb4\nuhub4: 8 ports with 8 removable, self powered\npcib5: \u003cACPI PCI-PCI bridge\u003e at device 30.0 on pci0\npci5: \u003cACPI PCI bus\u003e on pcib5\natapci0: \u003cPromise PDC20268 UDMA100 controller\u003e port 0x1018-0x101f,0x1024-0x1027,0x1010-0x1017,0x1020-0x1023,0x1000-0x100f mem 0x92004000-0x92007fff irq 18 at device 2.0 on pci5\natapci0: [ITHREAD]\nata2: \u003cATA channel 0\u003e on atapci0\nata2: [ITHREAD]\nata3: \u003cATA channel 1\u003e on atapci0\nata3: [ITHREAD]\npci5: \u003cserial bus, FireWire\u003e at device 4.0 (no driver attached)\nisab0: \u003cPCI-ISA bridge\u003e at device 31.0 on pci0\nisa0: \u003cISA bus\u003e on isab0\natapci1: \u003cIntel ICH7 UDMA100 controller\u003e port 0x1f0-0x1f7,0x3f6,0x170-0x177,0x376,0x40b0-0x40bf irq 18 at device 31.1 on pci0\nata0: \u003cATA channel 0\u003e on atapci1\nata0: [ITHREAD]\nata1: \u003cATA channel 1\u003e on atapci1\nata1: [ITHREAD]\natapci2: \u003cIntel AHCI controller\u003e port 0x40c8-0x40cf,0x40e4-0x40e7,0x40c0-0x40c7,0x40e0-0x40e3,0x40a0-0x40af mem 0x92204000-0x922043ff irq 19 at device 31.2 on pci0\natapci2: [ITHREAD]\natapci2: AHCI Version 01.10 controller with 4 ports detected\nata4: \u003cATA channel 0\u003e on atapci2\nata4: [ITHREAD]\nata5: \u003cATA channel 1\u003e on atapci2\nata5: [ITHREAD]\nata6: \u003cATA channel 2\u003e on atapci2\nata6: [ITHREAD]\nata7: \u003cATA channel 3\u003e on atapci2\nata7: [ITHREAD]\npci0: \u003cserial bus, SMBus\u003e at device 31.3 (no driver attached)\natkbdc0: \u003cKeyboard controller (i8042)\u003e port 0x60,0x64 irq 1 on acpi0\natkbd0: \u003cAT Keyboard\u003e irq 1 on atkbdc0\nkbd0 at atkbd0\natkbd0: [GIANT-LOCKED]\natkbd0: [ITHREAD]\npsm0: \u003cPS/2 Mouse\u003e irq 12 on atkbdc0\npsm0: [GIANT-LOCKED]\npsm0: [ITHREAD]\npsm0: model IntelliMouse, device ID 3\nsio0: \u003c16550A-compatible COM port\u003e port 0x3f8-0x3ff irq 4 flags 0x10 on acpi0\nsio0: type 16550A\nsio0: [FILTER]\ncryptosoft0: \u003csoftware crypto\u003e on motherboard\norm0: \u003cISA Option ROM\u003e at iomem 0xcf000-0xd17ff pnpid ORM0000 on isa0\nppc0: \u003cParallel port\u003e at port 0x378-0x37f irq 7 on isa0\nppc0: SMC-like chipset (ECP/EPP/PS2/NIBBLE) in COMPATIBLE mode\nppc0: FIFO with 16/16/8 bytes threshold\nppbus0: \u003cParallel port bus\u003e on ppc0\nlpt0: \u003cPrinter\u003e on ppbus0\nlpt0: Interrupt-driven port\nppc0: [GIANT-LOCKED]\nppc0: [ITHREAD]\nsc0: \u003cSystem console\u003e at flags 0x100 on isa0\nsc0: VGA \u003c16 virtual consoles, flags=0x300\u003e\nvga0: \u003cGeneric ISA VGA\u003e at port 0x3c0-0x3df iomem 0xa0000-0xbffff on isa0\nugen0: \u003cAmerican Power Conversion Back-UPS 500 FW: 6.5.I USB FW: c1, class 0/0, rev 1.10/1.00, addr 2\u003e on uhub0\nugen1: \u003cHewlett-Packard HP ScanJet 2200C, class 255/0, rev 1.10/1.00, addr 2\u003e on uhub1\nucom0: \u003cNokia Nokia E50, class 2/0, rev 2.00/1.00, addr 2\u003e on uhub3\nucom0: iclass 2/2\nucom0: data interface 11, has no CM over data, has break\nucom0: status change notification available\nTimecounters tick every 1.000 msec\nFast IPsec: Initialized Security Association Processing.\nipfw2 initialized, divert enabled, rule-based forwarding enabled, default to deny, logging disabled\nacd0: DVDR \u003cNEC DVD RW ND-3500AG/2.18\u003e at ata0-master UDMA33\nad4: 190782MB \u003cWDC WD2000JB-00REA0 20.00K20\u003e at ata2-master UDMA100\nad8: 238475MB \u003cSeagate ST3250620AS 3.AAK\u003e at ata4-master SATA300\npcm0: \u003cHDA Codec: Sigmatel STAC9221D\u003e\npcm0: \u003cHDA Driver Revision: 20071122_0049\u003e\ncd0 at ata0 bus 0 target 0 lun 0\ncd0: \u003c_NEC DVD_RW ND-3500AG 2.18\u003e Removable CD-ROM SCSI-0 device \ncd0: 33.000MB/s transfers\ncd0: cd present [2055760 x 2048 byte records]\nSMP: AP CPU #1 Launched!\nTrying to mount root from ufs:/dev/ad4s1a\ntap0: Ethernet address: 00:bd:b5:16:00:00\nbridge0: Ethernet address: 26:27:e6:0a:7b:50\nem0: link state changed to UP\nfuse4bsd: version 0.3.9-pre1, FUSE ABI 7.8\nlpt0: switched to polled extended mode\nppp0: no compressor for [15 3 29], 3\nppp0: no compressor for [1a 4 8], 4\nppp0: no compressor for [18 4 8], 4\n\n\nFatal trap 12: page fault while in kernel mode\ncpuid = 1; apic id = 01\nfault virtual address\t= 0x14\nfault code\t\t= supervisor read, page not present\ninstruction pointer\t= 0x20:0xc077e8d0\nstack pointer\t        = 0x28:0xe5b14b7c\nframe pointer\t        = 0x28:0xe5b14bb4\ncode segment\t\t= base 0x0, limit 0xfffff, type 0x1b\n\t\t\t= DPL 0, pres 1, def32 1, gran 1\nprocessor eflags\t= interrupt enabled, resume, IOPL = 0\ncurrent process\t\t= 25 (irq16: nvidia0+)\ntrap number\t\t= 12\npanic: page fault\ncpuid = 1\nKDB: stack backtrace:\ndb_trace_self_wrapper(c07c9964,e5b14a18,c057e040,c07ea5af,1,...) at 0xc0464f81 = db_trace_self_wrapper+0x26\nkdb_backtrace(c07ea5af,1,c07b504c,e5b14a24,1,...) at 0xc05a3b04 = kdb_backtrace+0x29\npanic(c07b504c,c07eb867,c560aa18,1,1,...) at 0xc057e040 = panic+0x10f\ntrap_fatal(c0847760,0,1,0,c0bdcab2,...) at 0xc0780679 = trap_fatal+0x32e\ntrap_pfault(c0b1e223,c5f49000,6013d4,1f,c,...) at 0xc07808c9 = trap_pfault+0x244\ntrap(e5b14b3c) at 0xc07811d6 = trap+0x36a\ncalltrap() at 0xc07686ab = calltrap+0x6\n--- trap 0xc, eip = 0xc077e8d0, esp = 0xe5b14b7c, ebp = 0xe5b14bb4 ---\nmemcpy(c56c1800,6c,c56be500,e5b14bf8,c0500457,...) at 0xc077e8d0 = memcpy+0x14\npppstart(c56c1800,0,0,e5b14be8,0,...) at 0xc06234d5 = pppstart+0x20\nucomwritecb(c61cde00,c56be500,0,19000,0,...) at 0xc0500457 = ucomwritecb+0x104\nusb_transfer_complete(c61cde00,c60ee800,0) at 0xc050ef4d = usb_transfer_complete+0x1a3\nuhci_transfer_complete(c60ee800,c09e5aec,1) at 0xc0502da2 = uhci_transfer_complete+0xa8\nuhci_idone(c56c5e80,c61cdf90,c5667000,c61ce178,c5667000,...) at 0xc0502ed5 = uhci_idone+0x12b\nuhci_softintr(c5667000,e5b14cb4,c0503fa0,c5667000,c0d10f08,...) at 0xc050338d = uhci_softintr+0xe4\nusb_schedsoftintr(c5667000,c0d10f08,c565d5c0,c5516c00,0,...) at 0xc050ae54 = usb_schedsoftintr+0x12\nuhci_intr1(e5b14cf4,c0562278,c5667000,0,c07c569f,...) at 0xc0503fa0 = uhci_intr1+0x1d6\nuhci_intr(c5667000,0,c07c569f,46b,0,...) at 0xc0504225 = uhci_intr+0x1d\nithread_loop(c5603230,e5b14d38,ffbfffeb,7fff3ffd,f9fefdff,...) at 0xc0562278 = ithread_loop+0x19d\nfork_exit(c05620db,c5603230,e5b14d38) at 0xc055eec1 = fork_exit+0x99\nfork_trampoline() at 0xc0768720 = fork_trampoline+0x8\n--- trap 0, eip = 0, esp = 0xe5b14d70, ebp = 0 ---\nUptime: 14m52s\nPhysical memory: 2029 MB\nDumping 111 MB: 96 80 64 48 (CTRL-C to abort)  32 16\nDump complete\nAutomatic reboot in 15 seconds - press a key on the console to abort\n--\u003e Press a key on the console to reboot,\n--\u003e or switch off the system now.\nRebooting...\ncpu_reset: Stopping other CPUs"
}