{
 "id": 386422,
 "bug_id": 111317,
 "attachment_id": 0,
 "creation_time": "2007-04-06T11:30:03Z",
 "creator": "geodni@free.fr",
 "text": "I'm using a new computer \"Lenovo ThinkCentre A60\" with an AMD Athlon 64 X2 3800+. I successfully used it for 2 months but I still cannot get rid of the \"missing drivers\" for RAM at boot time: \npci0: \u003cmemory, RAM\u003e at device 0.0 (no driver attached)\n\nThe workstation works wery well, applications like OpenOffice.org 2.1 launches in 5 seconds.\n\nAlso but not so important, the onboard video and sound chip are not recognised. I successfully use this computer as a workstation under Xorg 6.9 on a 19\" wide screen 1440x900 after a special recompilation of the nvidia drivers from XFree86. I tried all sound drivers available from /boot/kernel/snd_*.ko with no success. Video onboard card is recognised as a \"GeForce 6100\" by Xorg.\n\nI provide some outputs of \"/boot/loader.conf\", \"/var/run/dmesg.boot\" and \"pciconf -lv\". I can provide more information if needed.\n\n/boot/loader.conf :\n==================\nichsmb_load=\"YES\"\n\n\n/var/run/dmesg.boot :\n====================\nCopyright (c) 1992-2007 The FreeBSD Project.\nCopyright (c) 1979, 1980, 1983, 1986, 1988, 1989, 1991, 1992, 1993, 1994\n        The Regents of the University of California. All rights reserved.\nFreeBSD is a registered trademark of The FreeBSD Foundation.\nFreeBSD 6.2-RELEASE #0: Thu Feb 22 10:39:46 UTC 2007\n    root@ix:/usr/src/sys/amd64/compile/IX\nACPI APIC Table: \u003cPTLTD          A2NC  \u003e\nTimecounter \"i8254\" frequency 1193182 Hz quality 0\nCPU: AMD Athlon(tm) 64 X2 Dual Core Processor 3800+ (2008.94-MHz K8-class CPU)\n  Origin = \"AuthenticAMD\"  Id = 0x40fb2  Stepping = 2\n  Features=0x178bfbff\u003cFPU,VME,DE,PSE,TSC,MSR,PAE,MCE,CX8,APIC,SEP,MTRR,PGE,MCA,CMOV,PAT,PSE36,CLFLUSH,MMX,FXSR,SSE,SSE2,HTT\u003e\n  Features2=0x2001\u003cSSE3,CX16\u003e\n  AMD Features=0xea500800\u003cSYSCALL,NX,MMX+,FFXSR,RDTSCP,LM,3DNow+,3DNow\u003e\n  AMD Features2=0x1f\u003cLAHF,CMP,\u003cb2\u003e,\u003cb3\u003e,CR8\u003e\n  Cores per package: 2\nreal memory  = 2112946176 (2015 MB)\navail memory = 2028392448 (1934 MB)\nFreeBSD/SMP: Multiprocessor System Detected: 2 CPUs\n cpu0 (BSP): APIC ID:  0\n cpu1 (AP): APIC ID:  1\nMADT: Forcing active-low polarity and level trigger for SCI\nioapic0 \u003cVersion 1.1\u003e irqs 0-23 on motherboard\nkbd1 at kbdmux0\nath_hal: 0.9.17.2 (AR5210, AR5211, AR5212, RF5111, RF5112, RF2413, RF5413)\nacpi0: \u003cLENOVO TC-2N\u003e on motherboard\nacpi0: Power Button (fixed)\nTimecounter \"ACPI-fast\" frequency 3579545 Hz quality 1000\nacpi_timer0: \u003c24-bit timer at 3.579545MHz\u003e port 0x1008-0x100b on acpi0\ncpu0: \u003cACPI CPU\u003e on acpi0\ncpu1: \u003cACPI CPU\u003e on acpi0\nacpi_button0: \u003cPower Button\u003e on acpi0\npcib0: \u003cACPI Host-PCI bridge\u003e port 0xcf8-0xcff on acpi0\npci0: \u003cACPI PCI bus\u003e on pcib0\npci0: \u003cmemory, RAM\u003e at device 0.0 (no driver attached)\npci0: \u003cmemory, RAM\u003e at device 0.1 (no driver attached)\npci0: \u003cmemory, RAM\u003e at device 0.2 (no driver attached)\npci0: \u003cmemory, RAM\u003e at device 0.3 (no driver attached)\npci0: \u003cmemory, RAM\u003e at device 0.4 (no driver attached)\npci0: \u003cmemory, RAM\u003e at device 0.5 (no driver attached)\npci0: \u003cmemory, RAM\u003e at device 0.6 (no driver attached)\npci0: \u003cmemory, RAM\u003e at device 0.7 (no driver attached)\npcib1: \u003cACPI PCI-PCI bridge\u003e at device 2.0 on pci0\npci1: \u003cACPI PCI bus\u003e on pcib1\npci0: \u003cdisplay, VGA\u003e at device 5.0 (no driver attached)\npci0: \u003cmemory, RAM\u003e at device 9.0 (no driver attached)\nisab0: \u003cPCI-ISA bridge\u003e at device 10.0 on pci0\nisa0: \u003cISA bus\u003e on isab0\nichsmb0: \u003cSMBus controller\u003e port 0x3040-0x307f,0x3000-0x303f irq 17 at device 10.1 on pci0\nichsmb0: [GIANT-LOCKED]\nsmbus0: \u003cSystem Management Bus\u003e on ichsmb0\nsmb0: \u003cSMBus generic I/O\u003e on smbus0\nohci0: \u003cOHCI (generic) USB controller\u003e mem 0xd2344000-0xd2344fff irq 18 at device 11.0 on pci0\nohci0: [GIANT-LOCKED]\nusb0: OHCI version 1.0, legacy support\nusb0: SMM does not respond, resetting\nusb0: \u003cOHCI (generic) USB controller\u003e on ohci0\nusb0: USB revision 1.0\nuhub0: nVidia OHCI root hub, class 9/0, rev 1.00/1.00, addr 1\nuhub0: 8 ports with 8 removable, self powered\nehci0: \u003cEHCI (generic) USB 2.0 controller\u003e mem 0xd2346000-0xd23460ff irq 19 at device 11.1 on pci0\nehci0: [GIANT-LOCKED]\nusb1: EHCI version 1.0\nusb1: companion controller, 8 ports each: usb0\nusb1: \u003cEHCI (generic) USB 2.0 controller\u003e on ehci0\nusb1: USB revision 2.0\nuhub1: nVidia EHCI root hub, class 9/0, rev 2.00/1.00, addr 1\nuhub1: 8 ports with 8 removable, self powered\numass0: Generic Mass Storage Device, rev 2.00/1.29, addr 2\natapci0: \u003cnVidia nForce MCP51 UDMA133 controller\u003e port 0x1f0-0x1f7,0x3f6,0x170-0x177,0x376,0x3080-0x308f at device 13.0 on pci0\nata0: \u003cATA channel 0\u003e on atapci0\nata1: \u003cATA channel 1\u003e on atapci0\natapci1: \u003cnVidia nForce MCP51 SATA300 controller\u003e port 0x30b0-0x30b7,0x30a4-0x30a7,0xc0b0-0xc0b7,0xc0a4-0xc0a7,0x3090-0x309f mem 0xd2345000-0xd2345fff irq 20 at device 14.0 on pci0\nata2: \u003cATA channel 0\u003e on atapci1\nata3: \u003cATA channel 1\u003e on atapci1\npcib2: \u003cACPI PCI-PCI bridge\u003e at device 16.0 on pci0\npci3: \u003cACPI PCI bus\u003e on pcib2\nrl0: \u003cRealTek 8139 10/100BaseTX\u003e port 0x4000-0x40ff mem 0xd2010000-0xd20100ff irq 10 at device 6.0 on pci3\nmiibus0: \u003cMII bus\u003e on rl0\nrlphy0: \u003cRealTek internal media interface\u003e on miibus0\nrlphy0:  10baseT, 10baseT-FDX, 100baseTX, 100baseTX-FDX, auto\nrl0: Ethernet address: 00:48:54:68:06:aa\nbge0: \u003cBroadcom BCM5705 A3, ASIC rev. 0x3003\u003e mem 0xd2000000-0xd200ffff irq 11 at device 8.0 on pci3\nmiibus1: \u003cMII bus\u003e on bge0\nbrgphy0: \u003cBCM5705 10/100/1000baseTX PHY\u003e on miibus1\nbrgphy0:  10baseT, 10baseT-FDX, 100baseTX, 100baseTX-FDX, 1000baseTX, 1000baseTX-FDX, auto\nbge0: Ethernet address: 00:16:17:ac:42:26\npci0: \u003cmultimedia\u003e at device 16.1 (no driver attached)\nacpi_tz0: \u003cThermal Zone\u003e on acpi0\nacpi_tz0: _CRT value is absurd, ignored (300.0C)\natkbdc0: \u003cKeyboard controller (i8042)\u003e port 0x60,0x64 irq 1 on acpi0\natkbd0: \u003cAT Keyboard\u003e irq 1 on atkbdc0\nkbd0 at atkbd0\natkbd0: [GIANT-LOCKED]\nsio0: \u003c16550A-compatible COM port\u003e port 0x3f8-0x3ff irq 4 flags 0x10 on acpi0\nsio0: type 16550A\nfdc0: \u003cfloppy drive controller\u003e port 0x3f0-0x3f5,0x3f7 irq 6 drq 2 on acpi0\nfdc0: [FAST]\nppc0: \u003cECP parallel printer port\u003e port 0x378-0x37f,0x778-0x77f irq 7 drq 3 on acpi0\nppc0: SMC-like chipset (ECP/EPP/PS2/NIBBLE) in COMPATIBLE mode\nppc0: FIFO with 16/16/9 bytes threshold\nppbus0: \u003cParallel port bus\u003e on ppc0\nplip0: \u003cPLIP network interface\u003e on ppbus0\nlpt0: \u003cPrinter\u003e on ppbus0\nlpt0: Interrupt-driven port\nppi0: \u003cParallel I/O\u003e on ppbus0\nsc0: \u003cSystem console\u003e at flags 0x100 on isa0\nsc0: VGA \u003c16 virtual consoles, flags=0x300\u003e\nvga0: \u003cGeneric ISA VGA\u003e at port 0x3c0-0x3df iomem 0xa0000-0xbffff on isa0\nsio1: configured irq 3 not in bitmap of probed irqs 0\nsio1: port may not be enabled\nums0: vendor 0x04b3 USB Optical Mouse, rev 2.00/2.00, addr 2, iclass 3/1\nums0: 3 buttons and Z dir.\nTimecounters tick every 1.000 msec\nacd0: DVDR \u003cHL-DT-ST DVDRAM GSA-H10N/JX06\u003e at ata0-master UDMA66\nad4: 238475MB \u003cST3250824AS 41N3269 LEN 3.AAH\u003e at ata2-master SATA300\nSMP: AP CPU #1 Launched!\nda0 at umass-sim0 bus 0 target 0 lun 0\nda0: \u003cGeneric USB SD Reader 1.00\u003e Removable Direct Access SCSI-0 device\nda0: 40.000MB/s transfers\nda0: Attempt to query device size failed: NOT READY, Medium not present\nda1 at umass-sim0 bus 0 target 0 lun 1\nda1: \u003cGeneric USB CF Reader 1.01\u003e Removable Direct Access SCSI-0 device\nda1: 40.000MB/s transfers\nda1: Attempt to query device size failed: NOT READY, Medium not present\nda2 at umass-sim0 bus 0 target 0 lun 2\nda2: \u003cGeneric USB SM Reader 1.02\u003e Removable Direct Access SCSI-0 device\nda2: 40.000MB/s transfers\nda2: Attempt to query device size failed: NOT READY, Medium not present\nda3 at umass-sim0 bus 0 target 0 lun 3\nda3: \u003cGeneric USB MS Reader 1.03\u003e Removable Direct Access SCSI-0 device\nda3: 40.000MB/s transfers\n(da0:umass-sim0:0:0:0): READ CAPACITY. CDB: 25 0 0 0 0 0 0 0 0 0\n(da0:umass-sim0:0:0:0): CAM Status: SCSI Status Error\n(da0:umass-sim0:0:0:0): SCSI Status: Check Condition\n(da0:umass-sim0:0:0:0): NOT READY csi:0,aa,55,40 asc:3a,0\n(da0:umass-sim0:0:0:0): Medium not present\n(da0:umass-sim0:0:0:0): Unretryable error\nOpened disk da0 -\u003e 6\n(da0:umass-sim0:0:0:0): READ CAPACITY. CDB: 25 0 0 0 0 0 0 0 0 0\n(da0:umass-sim0:0:0:0): CAM Status: SCSI Status Error\n(da0:umass-sim0:0:0:0): SCSI Status: Check Condition\n(da0:umass-sim0:0:0:0): NOT READY csi:0,aa,55,40 asc:3a,0\n(da0:umass-sim0:0:0:0): Medium not present\n(da0:umass-sim0:0:0:0): Unretryable error\nOpened disk da0 -\u003e 6\n(da0:umass-sim0:0:0:0): READ CAPACITY. CDB: 25 0 0 0 0 0 0 0 0 0\n(da0:umass-sim0:0:0:0): CAM Status: SCSI Status Error\n(da0:umass-sim0:0:0:0): SCSI Status: Check Condition\n(da0:umass-sim0:0:0:0): NOT READY csi:0,aa,55,40 asc:3a,0\n(da0:umass-sim0:0:0:0): Medium not present\n(da0:umass-sim0:0:0:0): Unretryable error\nOpened disk da0 -\u003e 6\n(da1:umass-sim0:0:0:1): READ CAPACITY. CDB: 25 20 0 0 0 0 0 0 0 0\n(da1:umass-sim0:0:0:1): CAM Status: SCSI Status Error\n(da1:umass-sim0:0:0:1): SCSI Status: Check Condition\n(da1:umass-sim0:0:0:1): NOT READY csi:0,aa,55,40 asc:3a,0\n(da1:umass-sim0:0:0:1): Medium not present\n(da1:umass-sim0:0:0:1): Unretryable error\nOpened disk da1 -\u003e 6\n(da1:umass-sim0:0:0:1): READ CAPACITY. CDB: 25 20 0 0 0 0 0 0 0 0\n(da1:umass-sim0:0:0:1): CAM Status: SCSI Status Error\n(da1:umass-sim0:0:0:1): SCSI Status: Check Condition\n(da1:umass-sim0:0:0:1): NOT READY csi:0,aa,55,40 asc:3a,0\n(da1:umass-sim0:0:0:1): Medium not present\n(da1:umass-sim0:0:0:1): Unretryable error\nOpened disk da1 -\u003e 6\n(da1:umass-sim0:0:0:1): READ CAPACITY. CDB: 25 20 0 0 0 0 0 0 0 0\n(da1:umass-sim0:0:0:1): CAM Status: SCSI Status Error\n(da1:umass-sim0:0:0:1): SCSI Status: Check Condition\n(da1:umass-sim0:0:0:1): NOT READY csi:0,aa,55,40 asc:3a,0\n(da1:umass-sim0:0:0:1): Medium not present\n(da1:umass-sim0:0:0:1): Unretryable error\nOpened disk da1 -\u003e 6\n(da2:umass-sim0:0:0:2): READ CAPACITY. CDB: 25 40 0 0 0 0 0 0 0 0\n(da2:umass-sim0:0:0:2): CAM Status: SCSI Status Error\n(da2:umass-sim0:0:0:2): SCSI Status: Check Condition\n(da2:umass-sim0:0:0:2): NOT READY csi:0,aa,55,40 asc:3a,0\n(da2:umass-sim0:0:0:2): Medium not present\n(da2:umass-sim0:0:0:2): Unretryable error\nOpened disk da2 -\u003e 6\n(da2:umass-sim0:0:0:2): READ CAPACITY. CDB: 25 40 0 0 0 0 0 0 0 0\n(da2:umass-sim0:0:0:2): CAM Status: SCSI Status Error\n(da2:umass-sim0:0:0:2): SCSI Status: Check Condition\n(da2:umass-sim0:0:0:2): NOT READY csi:0,aa,55,40 asc:3a,0\n(da2:umass-sim0:0:0:2): Medium not present\n(da2:umass-sim0:0:0:2): Unretryable error\nOpened disk da2 -\u003e 6\n(da2:umass-sim0:0:0:2): READ CAPACITY. CDB: 25 40 0 0 0 0 0 0 0 0\n(da2:umass-sim0:0:0:2): CAM Status: SCSI Status Error\n(da2:umass-sim0:0:0:2): SCSI Status: Check Condition\n(da2:umass-sim0:0:0:2): NOT READY csi:0,aa,55,40 asc:3a,0\n(da2:umass-sim0:0:0:2): Medium not present\n(da2:umass-sim0:0:0:2): Unretryable error\nOpened disk da2 -\u003e 6\n(da3:umass-sim0:0:0:3): READ CAPACITY. CDB: 25 60 0 0 0 0 0 0 0 0\n(da3:umass-sim0:0:0:3): CAM Status: SCSI Status Error\n(da3:umass-sim0:0:0:3): SCSI Status: Check Condition\n(da3:umass-sim0:0:0:3): NOT READY csi:0,aa,55,40 asc:3a,0\n(da3:umass-sim0:0:0:3): Medium not present\n(da3:umass-sim0:0:0:3): Unretryable error\nOpened disk da3 -\u003e 6\n(da3:umass-sim0:0:0:3): READ CAPACITY. CDB: 25 60 0 0 0 0 0 0 0 0\n(da3:umass-sim0:0:0:3): CAM Status: SCSI Status Error\n(da3:umass-sim0:0:0:3): SCSI Status: Check Condition\n(da3:umass-sim0:0:0:3): NOT READY csi:0,aa,55,40 asc:3a,0\n(da3:umass-sim0:0:0:3): Medium not present\n(da3:umass-sim0:0:0:3): Unretryable error\nOpened disk da3 -\u003e 6\n(da3:umass-sim0:0:0:3): READ CAPACITY. CDB: 25 60 0 0 0 0 0 0 0 0\n(da3:umass-sim0:0:0:3): CAM Status: SCSI Status Error\n(da3:umass-sim0:0:0:3): SCSI Status: Check Condition\n(da3:umass-sim0:0:0:3): NOT READY csi:0,aa,55,40 asc:3a,0\n(da3:umass-sim0:0:0:3): Medium not present\n(da3:umass-sim0:0:0:3): Unretryable error\nOpened disk da3 -\u003e 6\n\n\npciconf -lv :\n============\n\nnone0@pci0:0:0: class=0x050000 card=0x101717aa chip=0x02f110de rev=0xa2 hdr=0x00\n    vendor   = 'NVIDIA Corporation'\n    class    = memory\n    subclass = RAM\nnone1@pci0:0:1: class=0x050000 card=0x101717aa chip=0x02fa10de rev=0xa2 hdr=0x00\n    vendor   = 'NVIDIA Corporation'\n    class    = memory\n    subclass = RAM\nnone2@pci0:0:2: class=0x050000 card=0x101717aa chip=0x02fe10de rev=0xa2 hdr=0x00\n    vendor   = 'NVIDIA Corporation'\n    class    = memory\n    subclass = RAM\nnone3@pci0:0:3: class=0x050000 card=0x101717aa chip=0x02f810de rev=0xa2 hdr=0x00\n    vendor   = 'NVIDIA Corporation'\n    class    = memory\n    subclass = RAM\nnone4@pci0:0:4: class=0x050000 card=0x101717aa chip=0x02f910de rev=0xa2 hdr=0x00\n    vendor   = 'NVIDIA Corporation'\n    class    = memory\n    subclass = RAM\nnone5@pci0:0:5: class=0x050000 card=0x101717aa chip=0x02ff10de rev=0xa2 hdr=0x00\n    vendor   = 'NVIDIA Corporation'\n    class    = memory\n    subclass = RAM\nnone6@pci0:0:6: class=0x050000 card=0x101717aa chip=0x027f10de rev=0xa2 hdr=0x00\n    vendor   = 'NVIDIA Corporation'\n    class    = memory\n    subclass = RAM\nnone7@pci0:0:7: class=0x050000 card=0x101717aa chip=0x027e10de rev=0xa2 hdr=0x00\n    vendor   = 'NVIDIA Corporation'\n    class    = memory\n    subclass = RAM\npcib1@pci0:2:0: class=0x060400 card=0x00000040 chip=0x02fc10de rev=0xa1 hdr=0x01\n    vendor   = 'NVIDIA Corporation'\n    class    = bridge\n    subclass = PCI-PCI\nnone8@pci0:5:0: class=0x030000 card=0x101717aa chip=0x024210de rev=0xa2 hdr=0x00\n    vendor   = 'NVIDIA Corporation'\n    class    = display\n    subclass = VGA\nnone9@pci0:9:0: class=0x050000 card=0x101717aa chip=0x027010de rev=0xa2 hdr=0x00\n    vendor   = 'NVIDIA Corporation'\n    class    = memory\n    subclass = RAM\nisab0@pci0:10:0:        class=0x060100 card=0x101717aa chip=0x026110de rev=0xa3 hdr=0x00\n    vendor   = 'NVIDIA Corporation'\n    class    = bridge\n    subclass = PCI-ISA\nichsmb0@pci0:10:1:      class=0x0c0500 card=0x101717aa chip=0x026410de rev=0xa3 hdr=0x00\n    vendor   = 'NVIDIA Corporation'\n    class    = serial bus\n    subclass = SMBus\nohci0@pci0:11:0:        class=0x0c0310 card=0x101717aa chip=0x026d10de rev=0xa3 hdr=0x00\n    vendor   = 'NVIDIA Corporation'\n    class    = serial bus\n    subclass = USB\nehci0@pci0:11:1:        class=0x0c0320 card=0x101717aa chip=0x026e10de rev=0xa3 hdr=0x00\n    vendor   = 'NVIDIA Corporation'\n    class    = serial bus\n    subclass = USB\natapci0@pci0:13:0:      class=0x01018a card=0x101717aa chip=0x026510de rev=0xf1 hdr=0x00\n    vendor   = 'NVIDIA Corporation'\n    class    = mass storage\n    subclass = ATA\natapci1@pci0:14:0:      class=0x010185 card=0x101717aa chip=0x026610de rev=0xf1 hdr=0x00\n    vendor   = 'NVIDIA Corporation'\n    class    = mass storage\n    subclass = ATA\npcib2@pci0:16:0:        class=0x060401 card=0x000000b8 chip=0x026f10de rev=0xa2 hdr=0x01\n    vendor   = 'NVIDIA Corporation'\n    class    = bridge\n    subclass = PCI-PCI\nnone10@pci0:16:1:       class=0x040300 card=0x101717aa chip=0x026c10de rev=0xa2 hdr=0x00\n    vendor   = 'NVIDIA Corporation'\n    class    = multimedia\nhostb0@pci0:24:0:       class=0x060000 card=0x00000000 chip=0x11001022 rev=0x00 hdr=0x00\n    vendor   = 'Advanced Micro Devices (AMD)'\n    device   = 'Athlon 64 / Opteron HyperTransport Technology Configuration'\n    class    = bridge\n    subclass = HOST-PCI\nhostb1@pci0:24:1:       class=0x060000 card=0x00000000 chip=0x11011022 rev=0x00 hdr=0x00\n    vendor   = 'Advanced Micro Devices (AMD)'\n    device   = 'Athlon 64 / Opteron Address Map'\n    class    = bridge\n    subclass = HOST-PCI\nhostb2@pci0:24:2:       class=0x060000 card=0x00000000 chip=0x11021022 rev=0x00 hdr=0x00\n    vendor   = 'Advanced Micro Devices (AMD)'\n    device   = 'Athlon 64 / Opteron DRAM Controller'\n    class    = bridge\n    subclass = HOST-PCI\nhostb3@pci0:24:3:       class=0x060000 card=0x00000000 chip=0x11031022 rev=0x00 hdr=0x00\n    vendor   = 'Advanced Micro Devices (AMD)'\n    device   = 'Athlon 64 / Opteron Miscellaneous Control'\n    class    = bridge\n    subclass = HOST-PCI\nrl0@pci3:6:0:   class=0x020000 card=0x813910ec chip=0x813910ec rev=0x10 hdr=0x00\n    vendor   = 'Realtek Semiconductor'\n    device   = 'RT8139 (A/B/C/810x/813x/C+) Fast Ethernet Adapter'\n    class    = network\n    subclass = ethernet\nbge0@pci3:8:0:  class=0x020000 card=0x101717aa chip=0x169c14e4 rev=0x03 hdr=0x00\n    vendor   = 'Broadcom Corporation'\n    device   = 'BCM570x Broadcom Gigabit Ethernet BCM570x NetXtreme'\n    class    = network\n    subclass = ethernet"
}