{
 "id": 601355,
 "bug_id": 155199,
 "attachment_id": 0,
 "creation_time": "2011-03-02T16:20:11Z",
 "creator": "cheeky.m@live.com",
 "text": "\nMade an ext3fs instead of ext2fs on an Ubuntu live cd and rsynced\nsome data to it.   Mounted in FreeBSD and some files are unreadable.\nSymlinks also do not work.  Newly-created symlinks while booted into\nFreebsd do work.  I was expecting the ext3 to mount as ext2 and still work.\n\n\nThe system logs messages like this on the symlinks or problem files:\n\nFeb 10 13:08:23 butter kernel: g_vfs_done():ada2s1[READ(offset=-963020587008, length=4096)]error = 5\n\nBooting back into Ubuntu and the entire disk is readable.  It fscks clean\nin Ubuntu and Freebsd.  \n\n\nOn a second disk, I redid the rsync copy to a newly-created ext2fs, instead\nof ext3, and that one works just fine.\n\n\n\n\nlatest e2fsprogs:\ne2fsprogs-1.41.14   Utilities \u0026 library to manipulate ext2/3/4 filesystems\n\n\n\n2tb Seagate ST32000542AS\n\nada2 at siisch2 bus 0 scbus2 target 0 lun 0\nada2: \u003cST32000542AS CC34\u003e ATA-8 SATA 2.x device\nada2: Serial Number XXXXXXXXX\nada2: 300.000MB/s transfers (SATA 2.x, UDMA6, PIO 8192bytes)\nada2: Command Queueing enabled\nada2: 1907729MB (3907029168 512 byte sectors: 16H 63S/T 16383C)\n\n\nfdisk ada2\n******* Working on device /dev/ada2 *******\nparameters extracted from in-core disklabel are:\ncylinders=3876021 heads=16 sectors/track=63 (1008 blks/cyl)\n\nFigures below won't work with BIOS for partitions not in cyl 1\nparameters to be used for BIOS calculations are:\ncylinders=3876021 heads=16 sectors/track=63 (1008 blks/cyl)\n\nMedia sector size is 512\nWarning: BIOS sector numbering starts with sector 1\nInformation from DOS bootblock is:\nThe data for partition 1 is:\nsysid 131 (0x83),(Linux native)\n    start 63, size 2929709727 (1430522 Meg), flag 0\n        beg: cyl 0/ head 1/ sector 1;\n        end: cyl 1023/ head 254/ sector 63\nThe data for partition 2 is:\nsysid 131 (0x83),(Linux native)\n    start 2929709790, size 977314275 (477204 Meg), flag 0\n        beg: cyl 1023/ head 254/ sector 63;\n        end: cyl 1023/ head 254/ sector 63\nThe data for partition 3 is:\n\u003cUNUSED\u003e\nThe data for partition 4 is:\n\u003cUNUSED\u003e\n\n\nThe disk was fdisked in Ubuntu.\n\n\nmount:\n/dev/ada2s1 on /a (ext2fs, local)\n\n\ndumpe2fs /dev/ada2s1\ndumpe2fs 1.41.14 (22-Dec-2010)\nFilesystem volume name:   \u003cnone\u003e\nLast mounted on:          \u003cnot available\u003e\nFilesystem UUID:          a6ac694e-33c1-4755-87c8-8d8ab7dacf27\nFilesystem magic number:  0xEF53\nFilesystem revision #:    1 (dynamic)\nFilesystem features:      has_journal ext_attr resize_inode dir_index filetype sparse_super large_file\nFilesystem flags:         signed_directory_hash\nDefault mount options:    (none)\nFilesystem state:         not clean\nErrors behavior:          Continue\nFilesystem OS type:       Linux\nInode count:              91553792\nBlock count:              366213715\nReserved block count:     18310685\nFree blocks:              146706194\nFree inodes:              91353824\nFirst block:              0\nBlock size:               4096\nFragment size:            4096\nReserved GDT blocks:      936\nBlocks per group:         32768\nFragments per group:      32768\nInodes per group:         8192\nInode blocks per group:   512\nFilesystem created:       Mon Feb  7 13:51:21 2011\nLast mount time:          Tue Feb 22 02:44:43 2011\nLast write time:          Wed
Mar  2 10:57:46 2011\nMount count:              0\nMaximum mount count:      22\nLast checked:             Mon
Feb 28 16:05:17 2011\nCheck interval:           15552000 (6 months)\nNext check after:         Sat Aug 27 17:05:17 2011\nReserved blocks uid:      0 (user root)\nReserved blocks gid:      0 (group wheel)\nFirst inode:              11\nInode size:               256\nRequired extra isize:     28\nDesired extra isize:      28\nJournal inode:            8\nDefault directory hash:   half_md4\nDirectory Hash Seed:      db8ff0df-f7bb-4940-9a0f-8e9c8d50f450\nJournal backup:           inode blocks\nJournal features:         journal_incompat_revoke\nJournal size:             128M\nJournal length:           32768\nJournal sequence:         0x00004d18\nJournal start:            0\n\nHow-To-Repeat: Make an ext3fs from an Ubuntu live cd and try to mount it under FreeBSD."
}