{
 "id": 392449,
 "bug_id": 112619,
 "attachment_id": 0,
 "creation_time": "2007-05-12T15:10:11Z",
 "creator": "seal@inar.ru",
 "text": "Copyright (c) 1992-2007 The FreeBSD Project.\nCopyright (c) 1979, 1980, 1983, 1986, 1988, 1989, 1991, 1992, 1993, 1994\n        The Regents of the University of California. All rights reserved.\nFreeBSD is a registered trademark of The FreeBSD Foundation.\nFreeBSD 6.2-STABLE #3: Fri May 11 15:45:11 MSD 2007\n    seal@gw.inar.ru:/usr/obj/usr/src/sys/GW\nTimecounter \"i8254\" frequency 1193182 Hz quality 0\nCPU: Intel Pentium III (866.43-MHz 686-class CPU)\n  Origin = \"GenuineIntel\"  Id = 0x68a  Stepping = 10\n  Features=0x387fbff\u003cFPU,VME,DE,PSE,TSC,MSR,PAE,MCE,CX8,APIC,SEP,MTRR,PGE,MCA,CMOV,PAT,PSE36,PN,MMX,FXSR,SSE\u003e\nreal memory  = 3221159936 (3071 MB)\navail memory = 3154182144 (3008 MB)\nACPI APIC Table: \u003cINTEL  024B    \u003e\nFreeBSD/SMP: Multiprocessor System Detected: 2 CPUs\n cpu0 (BSP): APIC ID:  3\n cpu1 (AP): APIC ID:  0\nioapic0 \u003cVersion 1.1\u003e irqs 0-15 on motherboard\nioapic1 \u003cVersion 1.1\u003e irqs 16-31 on motherboard\nkbd1 at kbdmux0\nacpi0: \u003cINTEL 024B\u003e on motherboard\nacpi0: Overriding SCI Interrupt from IRQ 9 to IRQ 31\nacpi0: Power Button (fixed)\nTimecounter \"ACPI-safe\" frequency 3579545 Hz quality 1000\nacpi_timer0: \u003c24-bit timer at 3.579545MHz\u003e port 0x404-0x407 on acpi0\nacpi_ec0: \u003cEmbedded Controller: GPE 0x4\u003e port 0xca6,0xca7 on acpi0\ncpu0: \u003cACPI CPU\u003e on acpi0\ncpu1: \u003cACPI CPU\u003e on acpi0\nacpi_button0: \u003cSleep Button\u003e on acpi0\npcib0: \u003cACPI Host-PCI bridge\u003e port 0xcf8-0xcff on acpi0\npci0: \u003cACPI PCI bus\u003e on pcib0\npci0: \u003cdisplay, VGA\u003e at device 2.0 (no driver attached)\nfxp0: \u003cIntel 82559 Pro/100 Ethernet\u003e port 0x5400-0x543f mem 0xf8101000-0xf8101fff,0xf8000000-0xf80fffff irq 18 at device 3.0 on pci0\nmiibus0: \u003cMII bus\u003e on fxp0\ninphy0: \u003ci82555 10/100 media interface\u003e on miibus0\ninphy0:  10baseT, 10baseT-FDX, 100baseTX, 100baseTX-FDX, auto\nfxp0: Ethernet address: 00:d0:b7:b7:d8:48\npcib1: \u003cPCI-PCI bridge\u003e at device 7.0 on pci0\npci1: \u003cPCI bus\u003e on pcib1\nasr0: \u003cAdaptec Caching SCSI RAID\u003e mem 0xfa000000-0xfbffffff irq 23 at device 7.1 on pci0\nasr0: [GIANT-LOCKED]\nasr0: ADAPTEC 2100S FW Rev. 3607, 1 channel, 256 CCBs, Protocol I2O\nisab0: \u003cPCI-ISA bridge\u003e port 0x580-0x58f at device 15.0 on pci0\nisa0: \u003cISA bus\u003e on isab0\natapci0: \u003cServerWorks ROSB4 UDMA33 controller\u003e port 0x1f0-0x1f7,0x3f6,0x170-0x177,0x374-0x377,0x5440-0x544f at device 15.1 on pci0\nata0: \u003cATA channel 0\u003e on atapci0\nata2: \u003cATA channel 1\u003e on atapci0\npcib2: \u003cACPI Host-PCI bridge\u003e on acpi0\npci2: \u003cACPI PCI bus\u003e on pcib2\nacpi_tz0: \u003cThermal Zone\u003e on acpi0\nacpi_tz1: \u003cThermal Zone\u003e on acpi0\nacpi_tz2: \u003cThermal Zone\u003e on acpi0\nsio0: \u003c16550A-compatible COM port\u003e port 0x3f8-0x3ff irq 4 flags 0x10 on acpi0\nsio0: type 16550A\nsio1: \u003c16550A-compatible COM port\u003e port 0x2f8-0x2ff irq 3 on acpi0\nsio1: type 16550A\nppc0: \u003cECP parallel printer port\u003e port 0x378-0x37f,0x778-0x77f irq 7 drq 3 on acpi0\nppc0: SMC-like chipset (ECP/EPP/PS2/NIBBLE) in COMPATIBLE mode\nppc0: FIFO with 16/16/8 bytes threshold\nppbus0: \u003cParallel port bus\u003e on ppc0\nlpt0: \u003cPrinter\u003e on ppbus0\nlpt0: Interrupt-driven port\nppi0: \u003cParallel I/O\u003e on ppbus0\nfdc0: \u003cfloppy drive controller\u003e port 0x3f0-0x3f5,0x3f7 irq 6 drq 2 on acpi0\nfdc0: [FAST]\nfd0: \u003c1440-KB 3.5\" drive\u003e on fdc0 drive 0\natkbdc0: \u003cKeyboard controller (i8042)\u003e port 0x60,0x64 irq 1 on acpi0\natkbd0: \u003cAT Keyboard\u003e irq 1 on atkbdc0\nkbd0 at atkbd0\natkbd0: [GIANT-LOCKED]\npmtimer0 on isa0\norm0: \u003cISA Option ROMs\u003e at iomem 0xc0000-0xc7fff,0xc8000-0xc97ff,0xc9800-0xcf7ff on isa0\nsc0: \u003cSystem console\u003e at flags 0x100 on isa0\nsc0: VGA \u003c16 virtual consoles, flags=0x300\u003e\nvga0: \u003cGeneric ISA VGA\u003e at port 0x3c0-0x3df iomem 0xa0000-0xbffff on isa0\nTimecounters tick every 1.000 msec\nIP Filter: v4.1.13 initialized.  Default = pass all, Logging = enabled\nipfw2 initialized, divert enabled, rule-based forwarding enabled, default to accept, logging limited to 100 packets/entry by default\nacd0: CDROM \u003cCDU5211/YYS2\u003e at ata0-master PIO4\nses0 at asr0 bus 0 target 6 lun 0\nses0: \u003cESG-SHV SCA HSBP M14 0.03\u003e Fixed Processor SCSI-2 device\nses0: SAF-TE Compliant Device\nda0 at asr0 bus 0 target 0 lun 0\nda0: \u003cADAPTEC RAID-5 3607\u003e Fixed Direct Access SCSI-2 device\nda0: Tagged Queueing Enabled\nda0: 105009MB (215058432 512 byte sectors: 255H 63S/T 13386C)\nSMP: AP CPU #1 Launched!\nTrying to mount root from ufs:/dev/da0s1a\n\n# df -hi\nFilesystem     Size    Used   Avail Capacity iused   ifree %iused  Mounted on\n/dev/da0s1a    496M     74M    382M    16%    1623   64167    2%   /\ndevfs          1.0K    1.0K      0B   100%       0       0  100%   /dev\n/dev/da0s1d    2.9G    1.9G    780M    71%  226039  174343   56%   /usr\n/dev/da0s1e     46G     28G     15G    65%   39429 6201849    1%   /var1\n/dev/da0s1f     46G     27G     15G    65%  769148 5472130   12%   /var2\ndevfs          1.0K    1.0K      0B   100%       0       0  100%   /var1/var/named/dev\n\ncd /usr/bin\nls -l\nworks fine.\n\n'ls -l' in any big dir (with more than 100 files) in /var1 or /var2 doesn't work or works very slowly. btw, 'ls' without options works fine. Problem is appeared on this hardware after upgrade 4.11-STABLE to 6.2-STABLE.\n\nFix: \n\nnone"
}