{
 "id": 423903,
 "bug_id": 119259,
 "attachment_id": 0,
 "creation_time": "2008-01-02T13:20:00Z",
 "creator": "wildman@file.pp.ru",
 "text": "first (?) power on the laptop after 30sec-3min have a kernel panic with\n\"spin lock held too long\" message and rebooting laptop.\nafter rebooting (without power off) laptop work stable\n\n------------------------------------------------------------------\n[wildman@wildman //usr/obj/usr/src/sys/GENERIC]$ kgdb kernel.debug /var/crash/vmcore.2\n[GDB will not be able to debug user-mode threads: /usr/lib/libthread_db.so: Undefined symbol \"ps_pglobal_lookup\"]\nGNU gdb 6.1.1 [FreeBSD]\nCopyright 2004 Free Software Foundation, Inc.\nGDB is free software, covered by the GNU General Public License, and you are\nwelcome to change it and/or distribute copies of it under certain conditions.\nType \"show copying\" to see the conditions.\nThere is absolutely no warranty for GDB.  Type \"show warranty\" for details.\nThis GDB was configured as \"i386-marcel-freebsd\".\n\nUnread portion of the kernel message buffer:\nCopyright (c) 1992-2008 The FreeBSD Project.\nCopyright (c) 1979, 1980, 1983, 1986, 1988, 1989, 1991, 1992, 1993, 1994\n        The Regents of the University of California. All rights reserved.\nFreeBSD is a registered trademark of The FreeBSD Foundation.\nFreeBSD 7.0-PRERELEASE #2: Sun Dec 30 23:31:34 MSK 2007\n    wildman@wildman.corp.mail.ru:/usr/obj/usr/src/sys/GENERIC\nmodule_register: module msk/miibus already exists!\nModule msk/miibus failed to register: 17\nmodule_register: module mskc/msk already exists!\nModule mskc/msk failed to register: 17\nmodule_register: module pci/mskc already exists!\nModule pci/mskc failed to register: 17\nTimecounter \"i8254\" frequency 1193182 Hz quality 0\nCPU: Intel(R) Core(TM)2 CPU          6600  @ 2.40GHz (2400.02-MHz 686-class CPU)\n  Origin = \"GenuineIntel\"  Id = 0x6f6  Stepping = 6\n  Features=0xbfebfbff\u003cFPU,VME,DE,PSE,TSC,MSR,PAE,MCE,CX8,APIC,SEP,MTRR,PGE,MCA,CMOV,PAT,PSE36,CLFLUSH,DTS,ACPI,MMX,FXSR,SSE,SSE2,SS,HTT,TM,PBE\u003e\n  Features2=0xe3bd\u003cSSE3,RSVD2,MON,DS_CPL,VMX,EST,TM2,SSSE3,CX16,xTPR,PDCM\u003e\n  AMD Features=0x20100000\u003cNX,LM\u003e\n  AMD Features2=0x1\u003cLAHF\u003e\n  Cores per package: 2\nreal memory  = 2147155968 (2047 MB)\navail memory = 2083172352 (1986 MB)\nACPI APIC Table: \u003cA_M_I_ OEMAPIC \u003e\nFreeBSD/SMP: Multiprocessor System Detected: 2 CPUs\n cpu0 (BSP): APIC ID:  0\n cpu1 (AP): APIC ID:  1\nioapic0 \u003cVersion 2.0\u003e irqs 0-23 on motherboard\nkbd1 at kbdmux0\nath_hal: 0.9.20.3 (AR5210, AR5211, AR5212, RF5111, RF5112, RF2413, RF5413)\nhptrr: HPT RocketRAID controller driver v1.1 (Dec 30 2007 23:31:21)\nacpi0: \u003c_ASUS_ Notebook\u003e on motherboard\nacpi0: [ITHREAD]\nacpi0: Power Button (fixed)\nacpi0: reservation of 0, a0000 (3) failed\nacpi0: reservation of 100000, 7ff00000 (3) failed\nTimecounter \"ACPI-fast\" frequency 3579545 Hz quality 1000\nacpi_timer0: \u003c24-bit timer at 3.579545MHz\u003e port 0x808-0x80b on acpi0\nacpi_ec0: \u003cEmbedded Controller: GPE 0x13\u003e port 0x62,0x66 on acpi0\nacpi_hpet0: \u003cHigh Precision Event Timer\u003e iomem 0xfed00000-0xfed003ff on acpi0\nTimecounter \"HPET\" frequency 14318180 Hz quality 900\ncpu0: \u003cACPI CPU\u003e on acpi0\nest0: \u003cEnhanced SpeedStep Frequency Control\u003e on cpu0\np4tcc0: \u003cCPU Frequency Thermal Control\u003e on cpu0\ncpu1: \u003cACPI CPU\u003e on acpi0\nest1: \u003cEnhanced SpeedStep Frequency Control\u003e on cpu1\np4tcc1: \u003cCPU Frequency Thermal Control\u003e on cpu1\npcib0: \u003cACPI Host-PCI bridge\u003e port 0xcf8-0xcff on acpi0\npci0: \u003cACPI PCI bus\u003e on pcib0\npcib1: \u003cACPI PCI-PCI bridge\u003e irq 16 at device 1.0 on pci0\npci1: \u003cACPI PCI bus\u003e on pcib1\nnvidia0: \u003cGeForce 8600M GT\u003e port 0xbc00-0xbc7f mem 0xf6000000-0xf6ffffff,0xc0000000-0xcfffffff,0xf4000000-0xf5ffffff irq 16 at device 0.0 on pci1\nnvidia0: [GIANT-LOCKED]\nnvidia0: [ITHREAD]\npcm0: \u003cIntel 82801G High Definition Audio Controller\u003e mem 0xf3ffc000-0xf3ffffff irq 16 at device 27.0 on pci0\npcm0: [ITHREAD]\npcib2: \u003cACPI PCI-PCI bridge\u003e irq 16 at device 28.0 on pci0\npci6: \u003cACPI PCI bus\u003e on pcib2\npcib3: \u003cACPI PCI-PCI bridge\u003e irq 17 at device 28.1 on pci0\npci5: \u003cACPI PCI bus\u003e on pcib3\npci5: \u003cnetwork\u003e at device 0.0 (no driver attached)\npcib4: \u003cACPI PCI-PCI bridge\u003e irq 18 at device 28.2 on pci0\npci4: \u003cACPI PCI bus\u003e on pcib4\npcib5: \u003cACPI PCI-PCI bridge\u003e irq 19 at device 28.3 on pci0\npci3: \u003cACPI PCI bus\u003e on pcib5\natapci0: \u003cJMicron AHCI controller\u003e port 0xdc00-0xdc07,0xd880-0xd883,0xd800-0xd807,0xd480-0xd483,0xd400-0xd40f mem 0xf7efe000-0xf7efffff irq 19 at device 0.0 on pci3\natapci0: [ITHREAD]\natapci0: AHCI Version 01.00 controller with 1 ports detected\nata2: \u003cATA channel 0\u003e on atapci0\nata2: [ITHREAD]\npcib6: \u003cACPI PCI-PCI bridge\u003e irq 16 at device 28.4 on pci0\npci2: \u003cACPI PCI bus\u003e on pcib6\nmskc0: \u003cMarvell Yukon 88E8056 Gigabit Ethernet\u003e port 0xc800-0xc8ff mem 0xf7dfc000-0xf7dfffff irq 16 at device 0.0 on pci2\nmsk0: \u003cMarvell Technology Group Ltd. Yukon EC Ultra Id 0xb4 Rev 0x02\u003e on mskc0\nmsk0: Ethernet address: 00:1b:fc:e9:2b:67\nmiibus0: \u003cMII bus\u003e on msk0\ne1000phy0: \u003cMarvell 88E1149 Gigabit PHY\u003e PHY 0 on miibus0\ne1000phy0:  10baseT, 10baseT-FDX, 100baseTX, 100baseTX-FDX, 1000baseTX-FDX, auto\nmskc0: [FILTER]\nuhci0: \u003cUHCI (generic) USB controller\u003e port 0xa480-0xa49f irq 23 at device 29.0 on pci0\nuhci0: [GIANT-LOCKED]\nuhci0: [ITHREAD]\nusb0: \u003cUHCI (generic) USB controller\u003e on uhci0\nusb0: USB revision 1.0\nuhub0: \u003cIntel UHCI root hub, class 9/0, rev 1.00/1.00, addr 1\u003e on usb0\nuhub0: 2 ports with 2 removable, self powered\nuhci1: \u003cUHCI (generic) USB controller\u003e port 0xa800-0xa81f irq 19 at device 29.1 on pci0\nuhci1: [GIANT-LOCKED]\nuhci1: [ITHREAD]\nusb1: \u003cUHCI (generic) USB controller\u003e on uhci1\nusb1: USB revision 1.0\nuhub1: \u003cIntel UHCI root hub, class 9/0, rev 1.00/1.00, addr 1\u003e on usb1\nuhub1: 2 ports with 2 removable, self powered\nuhci2: \u003cUHCI (generic) USB controller\u003e port 0xa880-0xa89f irq 18 at device 29.2 on pci0\nuhci2: [GIANT-LOCKED]\nuhci2: [ITHREAD]\nusb2: \u003cUHCI (generic) USB controller\u003e on uhci2\nusb2: USB revision 1.0\nuhub2: \u003cIntel UHCI root hub, class 9/0, rev 1.00/1.00, addr 1\u003e on usb2\nuhub2: 2 ports with 2 removable, self powered\nuhci3: \u003cUHCI (generic) USB controller\u003e port 0xac00-0xac1f irq 16 at device 29.3 on pci0\nuhci3: [GIANT-LOCKED]\nuhci3: [ITHREAD]\nusb3: \u003cUHCI (generic) USB controller\u003e on uhci3\nusb3: USB revision 1.0\nuhub3: \u003cIntel UHCI root hub, class 9/0, rev 1.00/1.00, addr 1\u003e on usb3\nuhub3: 2 ports with 2 removable, self powered\nehci0: \u003cIntel 82801GB/R (ICH7) USB 2.0 controller\u003e mem 0xf3ffbc00-0xf3ffbfff irq 23 at device 29.7 on pci0\nehci0: [GIANT-LOCKED]\nehci0: [ITHREAD]\nusb4: EHCI version 1.0\nusb4: companion controllers, 2 ports each: usb0 usb1 usb2 usb3\nusb4: \u003cIntel 82801GB/R (ICH7) USB 2.0 controller\u003e on ehci0\nusb4: USB revision 2.0\nuhub4: \u003cIntel EHCI root hub, class 9/0, rev 2.00/1.00, addr 1\u003e on usb4\nuhub4: 8 ports with 8 removable, self powered\nugen0: \u003cvendor 0x05e3 USB 2.0 PC Camera, class 0/0, rev 2.00/1.03, addr 2\u003e on uhub4\npcib7: \u003cACPI PCI-PCI bridge\u003e at device 30.0 on pci0\npci8: \u003cACPI PCI bus\u003e on pcib7\nfwohci0: \u003c1394 Open Host Controller Interface\u003e mem 0xfbffe800-0xfbffefff irq 16 at device 1.0 on pci8\nfwohci0: [FILTER]\nfwohci0: OHCI version 1.10 (ROM=0)\nfwohci0: No. of Isochronous channels is 4.\nfwohci0: EUI64 00:00:74:00:00:00:00:01\nfwohci0: Phy 1394a available S400, 1 ports.\nfwohci0: Link S400, max_rec 2048 bytes.\nfirewire0: \u003cIEEE1394(FireWire) bus\u003e on fwohci0\nfwe0: \u003cEthernet over FireWire\u003e on firewire0\nif_fwe0: Fake Ethernet address: 02:00:74:00:00:01\nfwe0: Ethernet address: 02:00:74:00:00:01\nfwip0: \u003cIP over FireWire\u003e on firewire0\nfwip0: Firewire address: 00:00:74:00:00:00:00:01 @ 0xfffe00000000, S400, maxrec 2048\nsbp0: \u003cSBP-2/SCSI over FireWire\u003e on firewire0\ndcons_crom0: \u003cdcons configuration ROM\u003e on firewire0\ndcons_crom0: bus_addr 0x7d868000\nfwohci0: Initiate bus reset\nfwohci0: BUS reset\nfwohci0: node_id=0xc800ffc0, gen=1, CYCLEMASTER mode\npci8: \u003cbase peripheral\u003e at device 1.1 (no driver attached)\npci8: \u003cbase peripheral\u003e at device 1.2 (no driver attached)\npci8: \u003cbase peripheral\u003e at device 1.3 (no driver attached)\npci8: \u003cbase peripheral\u003e at device 1.4 (no driver attached)\nisab0: \u003cPCI-ISA bridge\u003e at device 31.0 on pci0\nisa0: \u003cISA bus\u003e on isab0\natapci1: \u003cIntel ICH7 SATA300 controller\u003e port 0x1f0-0x1f7,0x3f6,0x170-0x177,0x376,0xffa0-0xffaf at device 31.2 on pci0\nata0: \u003cATA channel 0\u003e on atapci1\nata0: [ITHREAD]\nata1: \u003cATA channel 1\u003e on atapci1\nata1: [ITHREAD]\npci0: \u003cserial bus, SMBus\u003e at device 31.3 (no driver attached)\nacpi_lid0: \u003cControl Method Lid Switch\u003e on acpi0\nacpi_button0: \u003cSleep Button\u003e on acpi0\nacpi_button1: \u003cPower Button\u003e on acpi0\nacpi_tz0: \u003cThermal Zone\u003e on acpi0\nbattery0: \u003cACPI Control Method Battery\u003e on acpi0\nacpi_acad0: \u003cAC Adapter\u003e on acpi0\natkbdc0: \u003cKeyboard controller (i8042)\u003e port 0x60,0x64 irq 1 on acpi0\natkbd0: \u003cAT Keyboard\u003e irq 1 on atkbdc0\nkbd0 at atkbd0\natkbd0: [GIANT-LOCKED]\natkbd0: [ITHREAD]\npsm0: \u003cPS/2 Mouse\u003e irq 12 on atkbdc0\npsm0: [GIANT-LOCKED]\npsm0: [ITHREAD]\npsm0: model IntelliMouse, device ID 3\npmtimer0 on isa0\nppc0: parallel port not found.\nsc0: \u003cSystem console\u003e at flags 0x100 on isa0\nsc0: VGA \u003c16 virtual consoles, flags=0x300\u003e\nsio0: configured irq 4 not in bitmap of probed irqs 0\nsio0: port may not be enabled\nsio0: configured irq 4 not in bitmap of probed irqs 0\nsio0: port may not be enabled\nsio0 at port 0x3f8-0x3ff irq 4 flags 0x10 on isa0\nsio0: type 8250 or not responding\nsio0: [FILTER]\nsio1: configured irq 3 not in bitmap of probed irqs 0\nsio1: port may not be enabled\nvga0: \u003cGeneric ISA VGA\u003e at port 0x3c0-0x3df iomem 0xa0000-0xbffff on isa0\nums0: \u003cLogitech USB-PS/2 Optical Mouse, class 0/0, rev 2.00/22.00, addr 2\u003e on uhub0\nums0: 8 buttons and Z dir.\nugen1: \u003cvendor 0x0b05 product 0x1712, class 224/1, rev 2.00/19.15, addr 2\u003e on uhub3\nugen2: \u003cTouchStrip Fingerprint Sensor, class 0/0, rev 1.00/0.01, addr 3\u003e on uhub3\nTimecounters tick every 1.000 msec\nhptrr: no controller detected.\nfirewire0: 1 nodes, maxhop \u003c= 0, cable IRM = 0 (me)\nfirewire0: bus manager 0 (me)\nad0: 152627MB \u003cSeagate ST9160821AS 3.ALC\u003e at ata0-master SATA150\nacd0: DVDR \u003cMATSHITADVD-RAM UJ-850S/1.21\u003e at ata1-master UDMA33\npcm0: \u003cHDA Codec: Realtek ALC883\u003e\npcm0: \u003cHDA Driver Revision: 20071129_0050\u003e\nGEOM_LABEL: Label for provider acd0 is iso9660/mp3.\nacd0: FAILURE - INQUIRY ILLEGAL REQUEST asc=0x24 ascq=0x00\nacd0: FAILURE - INQUIRY ILLEGAL REQUEST asc=0x24 ascq=0x00\ncd0 at ata1 bus 0 target 0 lun 0\ncd0: \u003cMATSHITA DVD-RAM UJ-850S 1.21\u003e Removable CD-ROM SCSI-0 device\ncd0: 33.000MB/s transfers\ncd0: cd present [2263920 x 2048 byte records]\nSMP: AP CPU #1 Launched!\nTrying to mount root from ufs:/dev/ad0s1a\n\u003c118\u003eLoading configuration files.\n\u003c118\u003ekernel dumps on /dev/ad0s1b\n\u003c118\u003eEntropy harvesting:\n\u003c118\u003e interrupts\n\u003c118\u003e ethernet\n\u003c118\u003e point_to_point\n\u003c118\u003e kickstart\n\u003c118\u003e.\n\u003c118\u003eswapon: adding /dev/ad0s1b as swap device\n\u003c118\u003eStarting file system checks:\n\u003c118\u003e/dev/ad0s1a: FILE SYSTEM CLEAN; SKIPPING CHECKS\n\u003c118\u003e/dev/ad0s1a: clean, 67467015 free (89943 frags, 8422134 blocks, 0.1% fragmentation)\n\u003c118\u003eSetting hostuuid: f73781dc-5ff2-1dbe-3000-001bfce92b67.\n\u003c118\u003eSetting hostid: 0x35d4239b.\n\u003c118\u003eMounting local file systems:\n\u003c118\u003e.\n\u003c118\u003eSetting hostname: wildman.corp.mail.ru.\n\u003c118\u003enet.inet6.ip6.auto_linklocal:\n\u003c118\u003e1\n\u003c118\u003e -\u003e\n\u003c118\u003e0\n\u003c118\u003e\n\u003c118\u003esecurity.bsd.see_other_uids:\n\u003c118\u003e1\n\u003c118\u003e -\u003e\n\u003c118\u003e0\n\u003c118\u003e\n\u003c118\u003emsk0: no link ...\n\u003c118\u003e.\n\u003c118\u003e got link\n\u003c118\u003eDHCPDISCOVER on msk0 to 255.255.255.255 port 67 interval 5\n\u003c118\u003e\n\u003c118\u003eDHCPDISCOVER on msk0 to 255.255.255.255 port 67 interval 11\n\u003c118\u003e\nspin lock 0xc0bed268 (sio) held by 0xc5924840 (tid 100003) too long\npanic: spin lock held too long\ncpuid = 0\nUptime: 1m18s\nPhysical memory: 2027 MB\nDumping 84 MB: 69 53 37 21 5\n\n#0  doadump () at pcpu.h:195\n195             __asm __volatile(\"movl %%fs:0,%0\" : \"=r\" (td));\n(kgdb) backtrace\n#0  doadump () at pcpu.h:195\n#1  0xc073bffa in boot (howto=260) at /usr/src/sys/kern/kern_shutdown.c:409\n#2  0xc073c2cd in panic (fmt=Variable \"fmt\" is not available.\n) at /usr/src/sys/kern/kern_shutdown.c:563\n#3  0xc073033a in _mtx_lock_spin_failed (m=0x0) at /usr/src/sys/kern/kern_mutex.c:445\n#4  0xc07303a8 in _mtx_lock_spin (m=0xc0bed268, tid=3314704384, opts=0, file=0x0, line=0) at /usr/src/sys/kern/kern_mutex.c:478\n#5  0xc0a18152 in siopoll (dummy=0x0) at /usr/src/sys/dev/sio/sio.c:1701\n#6  0xc0720582 in ithread_loop (arg=0xc5922590) at /usr/src/sys/kern/kern_intr.c:1036\n#7  0xc071d591 in fork_exit (callout=0xc07203e1 \u003cithread_loop\u003e, arg=0xc5922590, frame=0xe44a7d38) at /usr/src/sys/kern/kern_fork.c:754\n#8  0xc0a23480 in fork_trampoline () at /usr/src/sys/i386/i386/exception.s:205\n(kgdb)"
}