{
 "id": 1260321,
 "bug_id": 267421,
 "attachment_id": 0,
 "creation_time": "2023-05-21T08:36:09Z",
 "creator": "ohartmann@walstatt.org",
 "text": "I hope this PR is still \"hot\", otherwise I need to open a new one.\n\nOn a Lenovo T560 running 13-STBALE, the HD520 graphics isn't working any more. Techniscal specifications see below.\n\nBackground:\n\nCustomized Kernel (but also crashes with GENERIC). Port graphics/drm-510-kmod is rebuilt every time the kernel is rebuild, if the module(s) is (are) downloaded via pkg from the official FreeBSD package repository, one will receive an error message on loading the module into the kernel like:\n\n[...]\nlogin: link_elf_obj: symbol __lkpi_fpu_ctx_level undefined\nlinker_load_file: /boot/modules/i915kms.ko - unsupported file type\nlink_elf_obj: symbol __lkpi_fpu_ctx_level undefined\nlinker_load_file: /boot/modules/i915kms.ko - unsupported file type\nlink_elf_obj: symbol __lkpi_fpu_ctx_level undefined\nlinker_load_file: /boot/modules/i915kms.ko - unsupported file type\nlink_elf_obj: symbol __lkpi_fpu_ctx_level undefined\nlinker_load_file: /boot/modules/i915kms.ko - unsupported file type\nlink_elf_obj: symbol __lkpi_fpu_ctx_level undefined\nlinker_load_file: /boot/modules/i915kms.ko - unsupported file type\nlink_elf_obj: symbol __lkpi_fpu_ctx_level undefined\nlinker_load_file: /boot/modules/i915kms.ko - unsupported file type\nlink_elf_obj: symbol __lkpi_fpu_ctx_level undefined\nlinker_load_file: /boot/modules/i915kms.ko - unsupported file type\nApr 22 11:47:42 \u003c4.5\u003e hermann login[1792]: ROOT LOGIN (root) ON ttyv1\nlink_elf_obj: symbol __lkpi_fpu_ctx_level undefined\nlinker_load_file: /boot/modules/i915kms.ko - unsupported file type                       \n[...]\n\nThe kernel has been compiled with debugging facilities ON as defaulted in GENERIC.\n\nPhenomenon:\n\nStarting FreeBSD and loading the drm-kmod module i915.ko works fine. I also get to the point with the presentation of the xdm login. Starting windowmaker (x11-wm/windowmaker), the Labtop immediately goes blank/dark and reboots. There is no trace of a core dump or a debugger console as expected.\n\nChanging the windowmanager from wmaker to, say, blackbox (x11-wm/blackbox) or twm (x11-wm/twm, mitigates the problem, does mean: the OS starts the GUI. But in case of twm, opening xterm results in the very same crash behaviour as with wmaker. Running blackbox gives some relaxed behaviour, but starting any(!) larger X11 application, like LibreOffice (soffice), Firefox or Thundebird. But even with clients with an obvious smaller memory foortprint it takes a while until a crash occurs.\n\nThis behaviour is seen on a couple of T560s around here with 13.2-RELENG (not well tested, just a quick check), 13-STABLE as shown below.\n\nI have no exact point in time when the problems occur, bu it was the transition between 13-STABLE -\u003e 13.2-STABLE before the official RELEASE of 13.2 (running the 13-STABLE by compiling the whole sources on a regular basis).\n\nWhile keeping the kernel and the way it is compiled  an invariant, I changed from seld-made poudriere built ports (with recent 13-STABLE jail) to official FreeBSD package repository and back - with no effect on the result of a crash.\n\nAs reported, I can not provide with a coredump or anything sent by the kernel debugger since there is none of such a postmoretm info.\n\nThe T560 is running the latest firmware/BIOS available from Lenovo (V1.45)\n\n\n\n[...]\nFreeBSD 13.2-STABLE #12 stable/13-n255406-69ce8ed3c650: Thu May 18 08:03:48 CEST 2023 amd64.\n\nAll ZFS (zfsroot). UEFI boot.\n\n\n[... TECH SPEC ...]\nmptable_probe: MP Config Table has bad signature:\nCopyright (c) 1992-2021 The FreeBSD Project.\nCopyright (c) 1979, 1980, 1983, 1986, 1988, 1989, 1991, 1992, 1993, 1994\n        The Regents of the University of California. All rights reserved.\nFreeBSD is a registered trademark of The FreeBSD Foundation.\nFreeBSD 13.2-STABLE #12 stable/13-n255406-69ce8ed3c650: Thu May 18 08:03:48 CEST 2023\n    root@hermann:/usr/obj/usr/src/amd64.amd64/sys/HERMANN amd64\nFreeBSD clang version 15.0.7 (https://github.com/llvm/llvm-project.git llvmorg-15.0.7-0-g8dfdcc7b7bf6)\nVT(efifb): resolution 1920x1080\nmodule zfsctrl already present!\nCPU microcode: no matching update found\nCPU: Intel(R) Core(TM) i7-6600U CPU @ 2.60GHz (2800.00-MHz K8-class CPU)\n  Origin=\"GenuineIntel\"  Id=0x406e3  Family=0x6  Model=0x4e  Stepping=3\n  Features=0xbfebfbff\u003cFPU,VME,DE,PSE,TSC,MSR,PAE,MCE,CX8,APIC,SEP,MTRR,PGE,MCA,CMOV,PAT,PSE36,CLFLUSH,DTS,ACPI,MMX,FXSR,SSE,SSE2,SS,HTT,TM,PBE\u003e\n  Features2=0x7ffafbff\u003cSSE3,PCLMULQDQ,DTES64,MON,DS_CPL,VMX,SMX,EST,TM2,SSSE3,SDBG,FMA,CX16,xTPR,PDCM,PCID,SSE4.1,SSE4.2,x2APIC,MOVBE,POPCNT,TSCDLT,AESNI,XSAVE,OSXSAVE,AVX,F16C,RDRAND\u003e\n  AMD Features=0x2c100800\u003cSYSCALL,NX,Page1GB,RDTSCP,LM\u003e\n  AMD Features2=0x121\u003cLAHF,ABM,Prefetch\u003e\n  Structured Extended Features=0x29c6fbf\u003cFSGSBASE,TSCADJ,SGX,BMI1,HLE,AVX2,SMEP,BMI2,ERMS,INVPCID,RTM,NFPUSG,MPX,RDSEED,ADX,SMAP,CLFLUSHOPT,PROCTRACE\u003e\n  Structured Extended Features3=0xbc002e00\u003cMCUOPT,MD_CLEAR,TSXFA,IBPB,STIBP,L1DFL,ARCH_CAP,SSBD\u003e\n  XSAVE Features=0xf\u003cXSAVEOPT,XSAVEC,XINUSE,XSAVES\u003e\n  IA32_ARCH_CAPS=0xc04\u003cRSBA\u003e\n  VT-x: PAT,HLT,MTF,PAUSE,EPT,UG,VPID\n  TSC: P-state invariant, performance statistics\nreal memory  = 17179869184 (16384 MB)\navail memory = 16464908288 (15702 MB)\nEvent timer \"LAPIC\" quality 600\nACPI APIC Table: \u003cLENOVO TP-N1K  \u003e\nFreeBSD/SMP: Multiprocessor System Detected: 4 CPUs\nFreeBSD/SMP: 1 package(s) x 2 core(s) x 2 hardware threads\nrandom: registering fast source Intel Secure Key RNG\nrandom: fast provider: \"Intel Secure Key RNG\"\nrandom: unblocking device.\nSecurity policy loaded: MAC/ntpd (mac_ntpd)\nSecurity policy loaded: TrustedBSD MAC/BSD Extended (mac_bsdextended)\nioapic0 \u003cVersion 2.0\u003e irqs 0-119\nLaunching APs: 1 2 3\nrandom: entropy device external interface\nkbd1 at kbdmux0\nefirtc0: \u003cEFI Realtime Clock\u003e\nefirtc0: registered as a time-of-day clock, resolution 1.000000s\nsmbios0: \u003cSystem Management BIOS\u003e at iomem 0xb7064000-0xb706401e\nsmbios0: Version: 2.8, BCD Revision: 2.8\naesni0: \u003cAES-CBC,AES-CCM,AES-GCM,AES-ICM,AES-XTS\u003e\nacpi0: \u003cLENOVO TP-N1K\u003e\nacpi_ec0: \u003cEmbedded Controller: GPE 0x16, ECDT\u003e port 0x62,0x66 on acpi0\nacpi0: Power Button (fixed)\ncpu0: \u003cACPI CPU\u003e on acpi0\nattimer0: \u003cAT timer\u003e port 0x40-0x43 irq 0 on acpi0\nTimecounter \"i8254\" frequency 1193182 Hz quality 0\nEvent timer \"i8254\" frequency 1193182 Hz quality 100\nhpet0: \u003cHigh Precision Event Timer\u003e iomem 0xfed00000-0xfed003ff on acpi0\nTimecounter \"HPET\" frequency 24000000 Hz quality 950\nEvent timer \"HPET\" frequency 24000000 Hz quality 550\nEvent timer \"HPET1\" frequency 24000000 Hz quality 440\nEvent timer \"HPET2\" frequency 24000000 Hz quality 440\nEvent timer \"HPET3\" frequency 24000000 Hz quality 440\nEvent timer \"HPET4\" frequency 24000000 Hz quality 440\natrtc0: \u003cAT realtime clock\u003e port 0x70-0x71 irq 8 on acpi0\natrtc0: registered as a time-of-day clock, resolution 1.000000s\nEvent timer \"RTC\" frequency 32768 Hz quality 0\nTimecounter \"ACPI-fast\" frequency 3579545 Hz quality 900\nacpi_timer0: \u003c24-bit timer at 3.579545MHz\u003e port 0x1808-0x180b on acpi0\nacpi_lid0: \u003cControl Method Lid Switch\u003e on acpi0\nacpi_button0: \u003cSleep Button\u003e on acpi0\npcib0: \u003cACPI Host-PCI bridge\u003e port 0xcf8-0xcff on acpi0\npci0: \u003cACPI PCI bus\u003e on pcib0\nvgapci0: \u003cVGA-compatible display\u003e port 0xe000-0xe03f mem 0xe0000000-0xe0ffffff,0xc0000000-0xdfffffff irq 16 at device 2.0 on pci0\nvgapci0: Boot video device\nxhci0: \u003cIntel Sunrise Point-LP USB 3.0 controller\u003e mem 0xe1220000-0xe122ffff at device 20.0 on pci0\nxhci0: 32 bytes context size, 64-bit DMA\nusbus0 on xhci0\nusbus0: 5.0Gbps Super Speed USB v3.0\npchtherm0: \u003cSkylake PCH Thermal Subsystem\u003e mem 0xe124b000-0xe124bfff at device 20.2 on pci0\npci0: \u003csimple comms\u003e at device 22.0 (no driver attached)\nahci0: \u003cIntel Sunrise Point-LP AHCI SATA controller\u003e port 0xe080-0xe087,0xe088-0xe08b,0xe060-0xe07f mem 0xe1248000-0xe1249fff,0xe124f000-0xe124f0ff,0xe124d000-0xe124d7ff at device 23.0 on pci0\nahci0: AHCI v1.31 with 1 6Gbps ports, Port Multiplier not supported\nahcich1: \u003cAHCI channel\u003e at channel 1 on ahci0\npcib1: \u003cACPI PCI-PCI bridge\u003e at device 28.0 on pci0\npci1: \u003cACPI PCI bus\u003e on pcib1\nrtsx0: \u003c2.1g Realtek RTS522A PCIe SD Card Reader\u003e mem 0xe1100000-0xe1100fff at device 0.0 on pci1\nrtsx0: Interrupt card inserted/removed\nrtsx0: Card absent\nrtsx0: No card is detected\npcib2: \u003cACPI PCI-PCI bridge\u003e at device 28.2 on pci0\npci2: \u003cACPI PCI bus\u003e on pcib2\npci2: \u003cnetwork\u003e at device 0.0 (no driver attached)\nisab0: \u003cPCI-ISA bridge\u003e at device 31.0 on pci0\nisa0: \u003cISA bus\u003e on isab0\npci0: \u003cmemory\u003e at device 31.2 (no driver attached)\nhdac0: \u003cIntel Sunrise Point-LP HDA Controller\u003e mem 0xe1240000-0xe1243fff,0xe1230000-0xe123ffff at device 31.3 on pci0\nichsmb0: \u003cIntel Sunrise Point-LP SMBus controller\u003e port 0xefa0-0xefbf mem 0xe124e000-0xe124e0ff at device 31.4 on pci0\n[...]"
}