{
 "id": 463809,
 "bug_id": 127391,
 "attachment_id": 0,
 "creation_time": "2008-10-03T20:09:11Z",
 "creator": "scheidell@secnap.net",
 "text": "lots of people have been reporting this problem since feb.     5.5 \nboots, 6.2 boots, 6.3 doesn't, 7.0 doesn't.\n\nsome obscure patch somewhere (which we can't find anymore) fixed it.\n\nhere is dmsg for a 6.3 system with patch (that we can't find) that \nactually works.\n\nwant a dmsg for one that doesn't boot?  can't get it apparently.  can't \nboot!\nwould be nice if it works in 7.1 and 6.4 (I will send you a box with 5.5 \non it if you want)\n\nCopyright (c) 1992-2008 The FreeBSD Project.\nCopyright (c) 1979, 1980, 1983, 1986, 1988, 1989, 1991, 1992, 1993, 1994\n\tThe Regents of the University of California. All rights reserved.\nFreeBSD is a registered trademark of The FreeBSD Foundation.\nFreeBSD 6.3-RELEASE-p1 #0: Mon Apr 28 20:18:31 EDT 2008\n    admin@somewhere\nTimecounter \"i8254\" frequency 1193182 Hz quality 0\nCPU: Intel(R) Pentium(R) 4 CPU 2.80GHz (2800.11-MHz 686-class CPU)\n  Origin = \"GenuineIntel\"  Id = 0xf34  Stepping = 4\n  Features=0xbfebfbff\u003cFPU,VME,DE,PSE,TSC,MSR,PAE,MCE,CX8,APIC,SEP,MTRR,PGE,MCA,CMOV,PAT,PSE36,CLFLUSH,DTS,ACPI,MMX,FXSR,SSE,SSE2,SS,HTT,TM,PBE\u003e\n  Features2=0x441d\u003cSSE3,RSVD2,MON,DS_CPL,CNXT-ID,xTPR\u003e\n  Logical CPUs per core: 2\nreal memory  = 1073479680 (1023 MB)\navail memory = 1045966848 (997 MB)\nACPI APIC Table: \u003cDELL   PE750   \u003e\nFreeBSD/SMP: Multiprocessor System Detected: 2 CPUs\n cpu0 (BSP): APIC ID:  0\n cpu1 (AP): APIC ID:  1\nioapic0: Changing APIC ID to 2\nioapic1: Changing APIC ID to 3\nioapic0 \u003cVersion 2.0\u003e irqs 0-23 on motherboard\nioapic1 \u003cVersion 2.0\u003e irqs 24-47 on motherboard\nacpi0: \u003cDELL PE750\u003e on motherboard\nacpi0: Power Button (fixed)\nTimecounter \"ACPI-fast\" frequency 3579545 Hz quality 1000\nacpi_timer0: \u003c24-bit timer at 3.579545MHz\u003e port 0x808-0x80b on acpi0\ncpu0: \u003cACPI CPU\u003e on acpi0\ncpu1: \u003cACPI CPU\u003e on acpi0\npcib0: \u003cACPI Host-PCI bridge\u003e port 0xcf8-0xcff on acpi0\npci0: \u003cACPI PCI bus\u003e on pcib0\npcib1: \u003cACPI PCI-PCI bridge\u003e at device 3.0 on pci0\npci1: \u003cACPI PCI bus\u003e on pcib1\nem0: \u003cIntel(R) PRO/1000 Network Connection Version - 6.7.2\u003e port 0xece0-0xecff mem 0xfe3e0000-0xfe3fffff irq 18 at device 1.0 on pci1\nem0: Ethernet address: 00:11:43:cd:36:d8\npcib2: \u003cACPI PCI-PCI bridge\u003e at device 28.0 on pci0\npci2: \u003cACPI PCI bus\u003e on pcib2\nem1: \u003cIntel(R) PRO/1000 Network Connection Version - 6.7.2\u003e port 0xdcc0-0xdcff mem 0xfe1e0000-0xfe1fffff,0xfe1c0000-0xfe1dffff irq 24 at device 1.0 on pci2\nem1: Ethernet address: 00:30:64:05:ef:58\nem2: \u003cIntel(R) PRO/1000 Network Connection Version - 6.7.2\u003e port 0xdc80-0xdcbf mem 0xfe1a0000-0xfe1bffff,0xfe180000-0xfe19ffff irq 25 at device 1.1 on pci2\nem2: Ethernet address: 00:30:64:05:ef:59\nuhci0: \u003cUHCI (generic) USB controller\u003e port 0xbce0-0xbcff irq 16 at device 29.0 on pci0\nuhci0: [GIANT-LOCKED]\nusb0: \u003cUHCI (generic) USB controller\u003e on uhci0\nusb0: USB revision 1.0\nuhub0: Intel UHCI root hub, class 9/0, rev 1.00/1.00, addr 1\nuhub0: 2 ports with 2 removable, self powered\nuhci1: \u003cUHCI (generic) USB controller\u003e port 0xbcc0-0xbcdf irq 19 at device 29.1 on pci0\nuhci1: [GIANT-LOCKED]\nusb1: \u003cUHCI (generic) USB controller\u003e on uhci1\nusb1: USB revision 1.0\nuhub1: Intel UHCI root hub, class 9/0, rev 1.00/1.00, addr 1\nuhub1: 2 ports with 2 removable, self powered\npci0: \u003cbase peripheral\u003e at device 29.4 (no driver attached)\npci0: \u003cserial bus, USB\u003e at device 29.7 (no driver attached)\npcib3: \u003cACPI PCI-PCI bridge\u003e at device 30.0 on pci0\npci3: \u003cACPI PCI bus\u003e on pcib3\nem3: \u003cIntel(R) PRO/1000 Network Connection Version - 6.7.2\u003e port 0xccc0-0xccff mem 0xfdee0000-0xfdefffff irq 21 at device 2.0 on pci3\nem3: Ethernet address: 00:11:43:cd:36:d9\npci3: \u003cdisplay, VGA\u003e at device 14.0 (no driver attached)\nisab0: \u003cPCI-ISA bridge\u003e at device 31.0 on pci0\nisa0: \u003cISA bus\u003e on isab0\natapci0: \u003cIntel 6300ESB SATA150 controller\u003e port 0x1f0-0x1f7,0x3f6,0x170-0x177,0x376,0xfea0-0xfeaf at device 31.2 on pci0\nata0: \u003cATA channel 0\u003e on atapci0\nata1: \u003cATA channel 1\u003e on atapci0\npci0: \u003cserial bus, SMBus\u003e at device 31.3 (no driver attached)\natkbdc0: \u003cKeyboard controller (i8042)\u003e port 0x60,0x64 irq 1 on acpi0\natkbd0: \u003cAT Keyboard\u003e irq 1 on atkbdc0\nkbd0 at atkbd0\natkbd0: [GIANT-LOCKED]\nsio0: \u003c16550A-compatible COM port\u003e port 0x3f8-0x3ff irq 4 flags 0x10 on acpi0\nsio0: type 16550A\norm0: \u003cISA Option ROMs\u003e at iomem 0xc0000-0xc7fff,0xc8000-0xc8fff,0xc9000-0xc9fff,0xec000-0xeffff on isa0\nsc0: \u003cSystem console\u003e at flags 0x100 on isa0\nsc0: VGA \u003c16 virtual consoles, flags=0x300\u003e\nsio1: configured irq 3 not in bitmap of probed irqs 0\nsio1: port may not be enabled\nvga0: \u003cGeneric ISA VGA\u003e at port 0x3c0-0x3df iomem 0xa0000-0xbffff on isa0\nTimecounters tick every 1.000 msec\nipfw2 initialized, divert loadable, rule-based forwarding enabled, default to accept, logging disabled\nacd0: CDROM \u003cTEAC CD-ROM CD-224E/K.9A\u003e at ata0-master UDMA33\nad2: 38146MB \u003cSeagate ST340014AS 8.05\u003e at ata1-master SATA150\nSMP: AP CPU #1 Launched!\nTrying to mount root from ufs:/dev/ad2s1a\nbridge0: Ethernet address: aa:29:32:48:bd:5a\nwan: link state changed to UP\ncon0: link state changed to UP\n\n\n\n-- \nMichael Scheidell, CTO\nPhone: 561-999-5000, x 1259\n \u003e *| *SECNAP Network Security Corporation\n\n    * Certified SNORT Integrator\n    * Everything Channel Hot Product of 2008\n    * Shaping Information Security Award 2008\n    * CRN Magazine Top 40 Emerging Security Vendors\n\n_________________________________________________________________________\nThis email has been scanned and certified safe by SpammerTrap(r). \nFor Information please see http://www.spammertrap.com\n_________________________________________________________________________"
}