{
 "id": 444783,
 "bug_id": 123552,
 "attachment_id": 0,
 "creation_time": "2008-07-26T17:14:50Z",
 "creator": "gtcmail@mm.st",
 "text": "\"Me too\".\n\nI get this panic with an up to date RELENG_7 kernel but not with an old \nkernel from 13th April 2008. Any non-trivial network load triggers it.\n\nifconfig:\n\nath0: flags=8843\u003cUP,BROADCAST,RUNNING,SIMPLEX,MULTICAST\u003e metric 0 mtu 1500\n         ether 00:14:6c:82:78:12\n         inet 192.168.0.4 netmask 0xffffff00 broadcast 192.168.0.255\n         media: IEEE 802.11 Wireless Ethernet autoselect (DS/11Mbps)\n         status: associated\n         ssid xxx channel 8 (2447 Mhz 11g) bssid 00:1b:2f:90:03:8e\n         authmode WPA privacy ON deftxkey UNDEF TKIP 2:128-bit TKIP \n3:128-bit\n         txpower 31.5 bmiss 7 scanvalid 60 bgscan bgscanintvl 300\n         bgscanidle 250 roam:rssi11g 7 roam:rate11g 5 protmode CTS burst\n         roaming MANUAL\n\n\nDmesg from the working kernel:\n\nCopyright (c) 1994-2008 The FreeBSD Project.\nCopyright (c) 1979, 1980, 1983, 1986, 1988, 1989, 1991, 1992, 1993, 1994\n\tThe Regents of the University of California. All rights reserved.\nFreeBSD is a registered trademark of The FreeBSD Foundation.\nFreeBSD 7.0-STABLE #4: Sun Apr 13 22:09:21 BST 2008\n     gtc00u@fire.alarm:/vol1/obj/usr/src/sys/FIRE\nTimecounter \"i8254\" frequency 1193182 Hz quality 0\nCPU: Intel(R) Pentium(R) 4 CPU 2.40GHz (2520.01-MHz 686-class CPU)\n   Origin = \"GenuineIntel\"  Id = 0xf25  Stepping = 5\n \nFeatures=0xbfebfbff\u003cFPU,VME,DE,PSE,TSC,MSR,PAE,MCE,CX8,APIC,SEP,MTRR,PGE,MCA,CMOV,PAT,PSE36,CLFLUSH,DTS,ACPI,MMX,FXSR,SSE,SSE2,SS,HTT,TM,PBE\u003e\n   Features2=0x4400\u003cCNXT-ID,xTPR\u003e\n   Logical CPUs per core: 2\nreal memory  = 1072889856 (1023 MB)\navail memory = 1040711680 (992 MB)\nACPI APIC Table: \u003cA M I  OEMAPIC \u003e\nioapic0 \u003cVersion 2.0\u003e irqs 0-23 on motherboard\nath_hal: 0.9.20.3 (AR5210, AR5211, AR5212, RF5111, RF5112, RF2413, RF5413)\nacpi0: \u003cA M I OEMXSDT\u003e on motherboard\nacpi0: [ITHREAD]\nacpi0: Power Button (fixed)\nacpi0: reservation of 0, a0000 (3) failed\nacpi0: reservation of 100000, 3fef0000 (3) failed\nTimecounter \"ACPI-fast\" frequency 3579545 Hz quality 1000\nacpi_timer0: \u003c24-bit timer at 3.579545MHz\u003e port 0x808-0x80b on acpi0\ncpu0: \u003cACPI CPU\u003e on acpi0\npcib0: \u003cACPI Host-PCI bridge\u003e port 0xcf8-0xcff on acpi0\npci0: \u003cACPI PCI bus\u003e on pcib0\nagp0: \u003cIntel 82875P host to AGP bridge\u003e on hostb0\npcib1: \u003cACPI PCI-PCI bridge\u003e at device 1.0 on pci0\npci1: \u003cACPI PCI bus\u003e on pcib1\nvgapci0: \u003cVGA-compatible display\u003e port 0xc000-0xc0ff mem \n0xe0000000-0xe7ffffff,0xfe9f0000-0xfe9fffff irq 16 at device 0.0 on pci1\ndrm0: \u003cATI Radeon RV280 9200\u003e on vgapci0\ninfo: [drm] AGP at 0xf4000000 64MB\ninfo: [drm] Initialized radeon 1.25.0 20060524\nvgapci1: \u003cVGA-compatible display\u003e mem \n0xd8000000-0xdfffffff,0xfe9e0000-0xfe9effff at device 0.1 on pci1\nuhci0: \u003cIntel 82801EB (ICH5) USB controller USB-A\u003e port 0xeec0-0xeedf \nirq 16 at device 29.0 on pci0\nuhci0: [GIANT-LOCKED]\nuhci0: [ITHREAD]\nusb0: \u003cIntel 82801EB (ICH5) USB controller USB-A\u003e on uhci0\nusb0: USB revision 1.0\nuhub0: \u003cIntel UHCI root hub, class 9/0, rev 1.00/1.00, addr 1\u003e on usb0\nuhub0: 2 ports with 2 removable, self powered\nuhci1: \u003cIntel 82801EB (ICH5) USB controller USB-B\u003e port 0xef00-0xef1f \nirq 19 at device 29.1 on pci0\nuhci1: [GIANT-LOCKED]\nuhci1: [ITHREAD]\nusb1: \u003cIntel 82801EB (ICH5) USB controller USB-B\u003e on uhci1\nusb1: USB revision 1.0\nuhub1: \u003cIntel UHCI root hub, class 9/0, rev 1.00/1.00, addr 1\u003e on usb1\nuhub1: 2 ports with 2 removable, self powered\nuhci2: \u003cIntel 82801EB (ICH5) USB controller USB-C\u003e port 0xef20-0xef3f \nirq 18 at device 29.2 on pci0\nuhci2: [GIANT-LOCKED]\nuhci2: [ITHREAD]\nusb2: \u003cIntel 82801EB (ICH5) USB controller USB-C\u003e on uhci2\nusb2: USB revision 1.0\nuhub2: \u003cIntel UHCI root hub, class 9/0, rev 1.00/1.00, addr 1\u003e on usb2\nuhub2: 2 ports with 2 removable, self powered\nuhci3: \u003cIntel 82801EB (ICH5) USB controller USB-D\u003e port 0xef40-0xef5f \nirq 16 at device 29.3 on pci0\nuhci3: [GIANT-LOCKED]\nuhci3: [ITHREAD]\nusb3: \u003cIntel 82801EB (ICH5) USB controller USB-D\u003e on uhci3\nusb3: USB revision 1.0\nuhub3: \u003cIntel UHCI root hub, class 9/0, rev 1.00/1.00, addr 1\u003e on usb3\nuhub3: 2 ports with 2 removable, self powered\nehci0: \u003cIntel 82801EB/R (ICH5) USB 2.0 controller\u003e mem \n0xfebfbc00-0xfebfbfff irq 23 at device 29.7 on pci0\nehci0: [GIANT-LOCKED]\nehci0: [ITHREAD]\nusb4: EHCI version 1.0\nusb4: companion controllers, 2 ports each: usb0 usb1 usb2 usb3\nusb4: \u003cIntel 82801EB/R (ICH5) USB 2.0 controller\u003e on ehci0\nusb4: USB revision 2.0\nuhub4: \u003cIntel EHCI root hub, class 9/0, rev 2.00/1.00, addr 1\u003e on usb4\nuhub4: 8 ports with 8 removable, self powered\npcib2: \u003cACPI PCI-PCI bridge\u003e at device 30.0 on pci0\npci2: \u003cACPI PCI bus\u003e on pcib2\natapci0: \u003cPromise PDC20378 SATA150 controller\u003e port \n0xdf00-0xdf3f,0xdfa0-0xdfaf,0xdc00-0xdc7f mem \n0xfeafe000-0xfeafefff,0xfeac0000-0xfeadffff irq 23 at device 4.0 on pci2\natapci0: [ITHREAD]\natapci0: [ITHREAD]\nata2: \u003cATA channel 0\u003e on atapci0\nata2: [ITHREAD]\nata3: \u003cATA channel 1\u003e on atapci0\nata3: [ITHREAD]\nata4: \u003cATA channel 2\u003e on atapci0\nata4: [ITHREAD]\npci2: \u003cnetwork, ethernet\u003e at device 5.0 (no driver attached)\npci2: \u003cnetwork, ethernet\u003e at device 12.0 (no driver attached)\nisab0: \u003cPCI-ISA bridge\u003e at device 31.0 on pci0\nisa0: \u003cISA bus\u003e on isab0\natapci1: \u003cIntel ICH5 UDMA100 controller\u003e port \n0x1f0-0x1f7,0x3f6,0x170-0x177,0x376,0xfc00-0xfc0f at device 31.1 on pci0\nata0: \u003cATA channel 0\u003e on atapci1\nata0: [ITHREAD]\nata1: \u003cATA channel 1\u003e on atapci1\nata1: [ITHREAD]\natapci2: \u003cIntel ICH5 SATA150 controller\u003e port \n0xefe0-0xefe7,0xefac-0xefaf,0xefa0-0xefa7,0xefa8-0xefab,0xef90-0xef9f \nirq 18 at device 31.2 on pci0\natapci2: [ITHREAD]\nata5: \u003cATA channel 0\u003e on atapci2\nata5: [ITHREAD]\nata6: \u003cATA channel 1\u003e on atapci2\nata6: [ITHREAD]\npci0: \u003cserial bus, SMBus\u003e at device 31.3 (no driver attached)\npci0: \u003cmultimedia, audio\u003e at device 31.5 (no driver attached)\nacpi_button0: \u003cPower Button\u003e on acpi0\natkbdc0: \u003cKeyboard controller (i8042)\u003e port 0x60,0x64 irq 1 on acpi0\natkbd0: \u003cAT Keyboard\u003e irq 1 on atkbdc0\nkbd0 at atkbd0\natkbd0: [GIANT-LOCKED]\natkbd0: [ITHREAD]\npsm0: \u003cPS/2 Mouse\u003e irq 12 on atkbdc0\npsm0: [GIANT-LOCKED]\npsm0: [ITHREAD]\npsm0: model IntelliMouse, device ID 3\npmtimer0 on isa0\norm0: \u003cISA Option ROM\u003e at iomem 0xc0000-0xccfff pnpid ORM0000 on isa0\nsc0: \u003cSystem console\u003e at flags 0x100 on isa0\nsc0: VGA \u003c16 virtual consoles, flags=0x300\u003e\nvga0: \u003cGeneric ISA VGA\u003e at port 0x3c0-0x3df iomem 0xa0000-0xbffff on isa0\nTimecounter \"TSC\" frequency 2520013968 Hz quality 800\nTimecounters tick every 1.000 msec\nad6: 190782MB \u003cWDC WD2000JD-00GBB0 02.05D02\u003e at ata3-master SATA150\nad10: 35304MB \u003cWDC WD360GD-00FNA0 35.06K35\u003e at ata5-master SATA150\nad12: 190782MB \u003cWDC WD2000JD-00GBB0 02.05D02\u003e at ata6-master SATA150\nGEOM_MIRROR: Device mirror/vol1 launched (2/2).\nTrying to mount root from ufs:/dev/ad10s1a\nath0: \u003cAtheros 5212\u003e mem 0xfeae0000-0xfeaeffff irq 20 at device 12.0 on pci2\nath0: [ITHREAD]\nath0: using obsoleted if_watchdog interface\nath0: Ethernet address: 00:14:6c:82:78:12\nath0: mac 7.9 phy 4.5 radio 5.6\ninfo: [drm] Setting GART location based on new memory map\ninfo: [drm] Loading R200 Microcode\ninfo: [drm] writeback test succeeded in 1 usecs\ndrm0: [ITHREAD]\nath0: device timeout"
}