{
 "id": 444781,
 "bug_id": 123552,
 "attachment_id": 0,
 "creation_time": "2008-05-09T23:34:40Z",
 "creator": "g.w.roberts@cs.cardiff.ac.uk",
 "text": "Apologies - at the time of submitting the PR, I had already booted to the \nolder stable kernel and I had forgotten to store ifconfig and dmesg output.\nHere are a couple of ifconfig outputs and /var/run/dmesg.boot from the \nunstable kernel (GENERIC).\n\nath0: flags=8843\u003cUP,BROADCAST,RUNNING,SIMPLEX,MULTICAST\u003e metric 0 mtu 1500\n\tether 00:18:4d:76:3b:9b\n\tinet 192.168.0.3 netmask 0xffffff00 broadcast 192.168.0.255\n\tmedia: IEEE 802.11 Wireless Ethernet autoselect (OFDM/12Mbps)\n\tstatus: associated\n\tssid NETGEAR channel 11 (2462 Mhz 11g) bssid 00:0f:b5:d2:9e:2e\n\tauthmode OPEN privacy ON deftxkey 1 wepkey 1:40-bit wepkey 2:40-bit\n\twepkey 3:40-bit wepkey 4:40-bit txpower 31.5 bmiss 7 scanvalid 60\n\tbgscan bgscanintvl 300 bgscanidle 250 roam:rssi11g 7 roam:rate11g 5\n\tprotmode CTS burst\n\nath0: flags=8843\u003cUP,BROADCAST,RUNNING,SIMPLEX,MULTICAST\u003e metric 0 mtu 1500\n\tether 00:18:4d:76:3b:9b\n\tinet 192.168.0.3 netmask 0xffffff00 broadcast 192.168.0.255\n\tmedia: IEEE 802.11 Wireless Ethernet autoselect (DS/11Mbps)\n\tstatus: associated\n\tssid NETGEAR channel 11 (2462 Mhz 11g) bssid 00:0f:b5:d2:9e:2e\n\tauthmode OPEN privacy ON deftxkey 1 wepkey 1:40-bit wepkey 2:40-bit\n\twepkey 3:40-bit wepkey 4:40-bit txpower 31.5 bmiss 7 scanvalid 60\n\tbgscan bgscanintvl 300 bgscanidle 250 roam:rssi11g 7 roam:rate11g 5\n\tprotmode CTS burst\n\n\nCopyright (c) 1992-2008 The FreeBSD Project.\nCopyright (c) 1979, 1980, 1983, 1986, 1988, 1989, 1991, 1992, 1993, 1994\n\tThe Regents of the University of California. All rights reserved.\nFreeBSD is a registered trademark of The FreeBSD Foundation.\nFreeBSD 7.0-STABLE #0: Wed May  7 17:30:52 BST 2008\n    \ngwr@penrallt-3:/a/mcu5/usr/obj/a/mcu5/usr/home/src-RELENG_7/src/sys/GENERIC\nTimecounter \"i8254\" frequency 1193182 Hz quality 0\nCPU: Intel(R) Pentium(R) 4 CPU 2.20GHz (2193.35-MHz 686-class CPU)\n  Origin = \"GenuineIntel\"  Id = 0xf24  Stepping = 4\n  \nFeatures=0x3febfbff\u003cFPU,VME,DE,PSE,TSC,MSR,PAE,MCE,CX8,APIC,SEP,MTRR,PGE,MCA,CMOV,PAT,PSE36,CLFLUSH,DTS,ACPI,MMX,FXSR,SSE,SSE2,SS,HTT,TM\u003e\nreal memory  = 1073479680 (1023 MB)\navail memory = 1036865536 (988 MB)\nACPI APIC Table: \u003cD850MV MV85010A\u003e\nioapic0: Changing APIC ID to 1\nioapic0 \u003cVersion 2.0\u003e irqs 0-23 on motherboard\nkbd1 at kbdmux0\nath_hal: 0.9.20.3 (AR5210, AR5211, AR5212, RF5111, RF5112, RF2413, RF5413)\nacpi0: \u003cD850MV MV85010A\u003e on motherboard\nacpi0: [ITHREAD]\nacpi0: Power Button (fixed)\nacpi0: reservation of 0, a0000 (3) failed\nacpi0: reservation of 100000, 3ff00000 (3) failed\nTimecounter \"ACPI-fast\" frequency 3579545 Hz quality 1000\nacpi_timer0: \u003c24-bit timer at 3.579545MHz\u003e port 0x408-0x40b on acpi0\ncpu0: \u003cACPI CPU\u003e on acpi0\np4tcc0: \u003cCPU Frequency Thermal Control\u003e on cpu0\nacpi_button0: \u003cPower Button\u003e on acpi0\npcib0: \u003cACPI Host-PCI bridge\u003e port 0xcf8-0xcff on acpi0\npci0: \u003cACPI PCI bus\u003e on pcib0\nagp0: \u003cIntel 82850 host to AGP bridge\u003e on hostb0\npcib1: \u003cPCI-PCI bridge\u003e at device 1.0 on pci0\npci1: \u003cPCI bus\u003e on pcib1\nvgapci0: \u003cVGA-compatible display\u003e mem \n0xfd000000-0xfdffffff,0xe8000000-0xefffffff irq 16 at device 0.0 on pci1\npcib2: \u003cACPI PCI-PCI bridge\u003e at device 30.0 on pci0\npci2: \u003cACPI PCI bus\u003e on pcib2\nfxp0: \u003cIntel 82801BA/CAM (ICH2/3) Pro/100 Ethernet\u003e port 0xdf00-0xdf3f mem \n0xfeafe000-0xfeafefff irq 20 at device 8.0 on pci2\nmiibus0: \u003cMII bus\u003e on fxp0\ninphy0: \u003ci82562ET 10/100 media interface\u003e PHY 1 on miibus0\ninphy0:  10baseT, 10baseT-FDX, 100baseTX, 100baseTX-FDX, auto\nfxp0: Ethernet address: 00:03:47:e5:57:57\nfxp0: [ITHREAD]\nath0: \u003cAtheros 5212\u003e mem 0xfeae0000-0xfeaeffff irq 23 at device 11.0 on pci2\nath0: [ITHREAD]\nath0: using obsoleted if_watchdog interface\nath0: Ethernet address: 00:18:4d:76:3b:9b\nath0: mac 7.9 phy 4.5 radio 5.6\nahc0: \u003cAdaptec 19160B Ultra160 SCSI adapter\u003e port 0xd800-0xd8ff mem \n0xfeaff000-0xfeafffff irq 17 at device 12.0 on pci2\nahc0: [ITHREAD]\naic7892: Ultra160 Wide Channel A, SCSI Id=7, 32/253 SCBs\nisab0: \u003cPCI-ISA bridge\u003e at device 31.0 on pci0\nisa0: \u003cISA bus\u003e on isab0\natapci0: \u003cIntel ICH2 UDMA100 controller\u003e port \n0x1f0-0x1f7,0x3f6,0x170-0x177,0x376,0xffa0-0xffaf at device 31.1 on pci0\nata0: \u003cATA channel 0\u003e on atapci0\nata0: [ITHREAD]\nata1: \u003cATA channel 1\u003e on atapci0\nata1: [ITHREAD]\nuhci0: \u003cIntel 82801BA/BAM (ICH2) USB controller USB-A\u003e port 0xef40-0xef5f irq \n19 at device 31.2 on pci0\nuhci0: [GIANT-LOCKED]\nuhci0: [ITHREAD]\nusb0: \u003cIntel 82801BA/BAM (ICH2) USB controller USB-A\u003e on uhci0\nusb0: USB revision 1.0\nuhub0: \u003cIntel UHCI root hub, class 9/0, rev 1.00/1.00, addr 1\u003e on usb0\nuhub0: 2 ports with 2 removable, self powered\npci0: \u003cserial bus, SMBus\u003e at device 31.3 (no driver attached)\nuhci1: \u003cIntel 82801BA/BAM (ICH2) USB controller USB-B\u003e port 0xef80-0xef9f irq \n23 at device 31.4 on pci0\nuhci1: [GIANT-LOCKED]\nuhci1: [ITHREAD]\nusb1: \u003cIntel 82801BA/BAM (ICH2) USB controller USB-B\u003e on uhci1\nusb1: USB revision 1.0\nuhub1: \u003cIntel UHCI root hub, class 9/0, rev 1.00/1.00, addr 1\u003e on usb1\nuhub1: 2 ports with 2 removable, self powered\npcm0: \u003cIntel ICH2 (82801BA)\u003e port 0xe800-0xe8ff,0xef00-0xef3f irq 17 at device \n31.5 on pci0\npcm0: [ITHREAD]\npcm0: \u003cAnalog Devices AD1885 AC97 Codec\u003e\natkbdc0: \u003cKeyboard controller (i8042)\u003e port 0x60,0x64 irq 1 on acpi0\natkbd0: \u003cAT Keyboard\u003e irq 1 on atkbdc0\nkbd0 at atkbd0\natkbd0: [GIANT-LOCKED]\natkbd0: [ITHREAD]\npsm0: \u003cPS/2 Mouse\u003e irq 12 on atkbdc0\npsm0: [GIANT-LOCKED]\npsm0: [ITHREAD]\npsm0: model IntelliMouse Explorer, device ID 4\nfdc0: \u003cfloppy drive controller\u003e port 0x3f0-0x3f1,0x3f2-0x3f3,0x3f4-0x3f5,0x3f7 \nirq 6 drq 2 on acpi0\nfdc0: [FILTER]\nfd0: \u003c1440-KB 3.5\" drive\u003e on fdc0 drive 0\nsio0: \u003c16550A-compatible COM port\u003e port 0x3f8-0x3ff irq 4 flags 0x10 on acpi0\nsio0: type 16550A\nsio0: [FILTER]\nsio1: \u003c16550A-compatible COM port\u003e port 0x2f8-0x2ff irq 3 on acpi0\nsio1: type 16550A\nsio1: [FILTER]\npmtimer0 on isa0\norm0: \u003cISA Option ROMs\u003e at iomem \n0xc0000-0xcc7ff,0xcc800-0xcd7ff,0xd3000-0xd3fff pnpid ORM0000 on isa0\nppc0: \u003cParallel port\u003e at port 0x378-0x37f irq 7 on isa0\nppc0: Generic chipset (EPP/NIBBLE) in COMPATIBLE mode\nppbus0: \u003cParallel port bus\u003e on ppc0\nppbus0: [ITHREAD]\nplip0: \u003cPLIP network interface\u003e on ppbus0\nlpt0: \u003cPrinter\u003e on ppbus0\nlpt0: Interrupt-driven port\nppi0: \u003cParallel I/O\u003e on ppbus0\nppc0: [GIANT-LOCKED]\nppc0: [ITHREAD]\nsc0: \u003cSystem console\u003e at flags 0x100 on isa0\nsc0: VGA \u003c16 virtual consoles, flags=0x300\u003e\nvga0: \u003cGeneric ISA VGA\u003e at port 0x3c0-0x3df iomem 0xa0000-0xbffff on isa0\nuhub2: \u003cvendor 0x0424 product 0x0140, class 9/0, rev 1.10/0.00, addr 2\u003e on \nuhub1\nuhub2: 4 ports with 4 removable, self powered\nulpt0: \u003cLexmark International Lexmark C522, class 0/0, rev 2.00/0.00, addr 3\u003e \non uhub2\nulpt0: using bi-directional mode\nTimecounter \"TSC\" frequency 2193348296 Hz quality 800\nTimecounters tick every 1.000 msec\nWaiting 5 seconds for SCSI devices to settle\nad0: 58644MB \u003cIC35L060AVER07 0 ER6OA46A\u003e at ata0-master UDMA100\nacd0: CDRW \u003cPLEXTOR CD-R PX-W4012A/1.01\u003e at ata1-master UDMA33\nacd1: CDROM \u003cSAMSUNG CD-ROM SC-152L/C100\u003e at ata1-slave PIO4\npcm0: measured ac97 link rate at 55934 Hz\nda0 at ahc0 bus 0 target 15 lun 0\nda0: \u003cFUJITSU MAM3184MP 0105\u003e Fixed Direct Access SCSI-3 device \nda0: 160.000MB/s transfers (80.000MHz DT, offset 127, 16bit)\nda0: Command Queueing Enabled\nda0: 17522MB (35885344 512 byte sectors: 255H 63S/T 2233C)\nTrying to mount root from ufs:/dev/da0s1a"
}