{
 "id": 596411,
 "bug_id": 154170,
 "attachment_id": 0,
 "creation_time": "2011-01-20T18:00:24Z",
 "creator": "bart@bartsplace.net",
 "text": "System crashes, seemingly at random, tho it seems usually during or just after relatively heavy disk load.\n\nIn all cases the crash looks identical (happens at the same bit of code, with always the same process (11, [idle])\n\nGNU gdb 6.1.1 [FreeBSD]\nCopyright 2004 Free Software Foundation, Inc.\nGDB is free software, covered by the GNU General Public License, and you are\nwelcome to change it and/or distribute copies of it under certain conditions.\nType \"show copying\" to see the conditions.\nThere is absolutely no warranty for GDB.  Type \"show warranty\" for details.\nThis GDB was configured as \"i386-marcel-freebsd\"...\n\nUnread portion of the kernel message buffer:\nkernel trap 12 with interrupts disabled\n\n\nFatal trap 12: page fault while in kernel mode\ncpuid = 1; apic id = 01\nfault virtual address   = 0x24\nfault code              = supervisor write, page not present\ninstruction pointer     = 0x20:0xc08c07f7\nstack pointer           = 0x28:0xc51ecb98\nframe pointer           = 0x28:0xc51ecbc8\ncode segment            = base 0x0, limit 0xfffff, type 0x1b\n                        = DPL 0, pres 1, def32 1, gran 1\nprocessor eflags        = resume, IOPL = 0\ncurrent process         = 11 (idle: cpu1)\ntrap number             = 12\npanic: page fault\ncpuid = 1\nUptime: 14h41m50s\nPhysical memory: 2035 MB\nDumping 253 MB: 238 222 206 190 174 158 142 126 110 94 78 62 46 30 14\n\nReading symbols from /boot/kernel/nullfs.ko...Reading symbols from /boot/kernel/nullfs.ko.symbols...done.\ndone.\nLoaded symbols for /boot/kernel/nullfs.ko\n#0  doadump () at pcpu.h:246\n246     pcpu.h: No such file or directory.\n        in pcpu.h\n(kgdb) #0  doadump () at pcpu.h:246\n#1  0xc089f5e7 in boot (howto=260) at /usr/src/sys/kern/kern_shutdown.c:416\n#2  0xc089f849 in panic (fmt=Variable \"fmt\" is not available.\n) at /usr/src/sys/kern/kern_shutdown.c:590\n#3  0xc0be6f2c in trap_fatal (frame=0xc51ecb58, eva=36)\n    at /usr/src/sys/i386/i386/trap.c:938\n#4  0xc0be7840 in trap (frame=0xc51ecb58) at /usr/src/sys/i386/i386/trap.c:328\n#5  0xc0bc9c0b in calltrap () at /usr/src/sys/i386/i386/exception.s:165\n#6  0xc08c07f7 in sched_switch (td=0xc554e500, newtd=0x0, flags=1548)\n    at /usr/src/sys/kern/sched_ule.c:1814\n#7  0xc08a805a in mi_switch (flags=1548, newtd=0x0)\n    at /usr/src/sys/kern/kern_synch.c:449\n#8  0xc08c024c in sched_preempt (td=0xc554e500)\n    at /usr/src/sys/kern/sched_ule.c:2063\n#9  0xc0bda5e4 in ipi_bitmap_handler (frame=\n      {tf_fs = -1061421048, tf_es = -987889624, tf_ds = -1061355480, tf_edi = -982889960, tf_esi = -982889984, tf_ebp = -987837\n328, tf_isp = -987837348, tf_ebx = 500, tf_edx = 2000, tf_ecx = 500, tf_eax = 500, tf_trapno = 0, tf_err = 0, tf_eip = -1061420\n683, tf_cs = 32, tf_eflags = 514, tf_esp = -987837284, tf_ss = -1068612521}) at /usr/src/sys/i386/i386/mp_machdep.c:1267\n#10 0xc0bca32e in Xipi_intr_bitmap_handler () at apic_vector.s:298\n#11 0xc0bc0175 in acpi_cpu_c1 ()\n    at /usr/src/sys/i386/acpica/acpi_machdep.c:556\n#12 0xc04e4457 in acpi_cpu_idle () at /usr/src/sys/dev/acpica/acpi_cpu.c:938\n#13 0xc0bd372b in cpu_idle_acpi (busy=1)\n    at /usr/src/sys/i386/i386/machdep.c:1225\n#14 0xc0bd4fab in cpu_idle (busy=1) at /usr/src/sys/i386/i386/machdep.c:1313\n#15 0xc08c0ea3 in sched_idletd (dummy=0x0)\n    at /usr/src/sys/kern/sched_ule.c:2550\n#16 0xc0874a21 in fork_exit (callout=0xc08c0c60 \u003csched_idletd\u003e, arg=0x0,\n    frame=0xc51ecd38) at /usr/src/sys/kern/kern_fork.c:844\n#17 0xc0bc9c80 in fork_trampoline () at /usr/src/sys/i386/i386/exception.s:270\n\n------------------------------------------------------------------------\n\nps -axl\n\n  UID   PID  PPID CPU PRI NI   VSZ   RSS MWCHAN STAT  TT       TIME COMMAND\n    0     0     0   0 -68  0     0     0 -      DLs   ??  -6173364:-59.55 [kernel]\n    0     1     0   0  57  0  2912     0 wait   DLs   ??  23667260:40.00 [init]\n    0     2     0   0  -8  0     0     0 -      RL    ??  12686974:36.00 [g_event]\n    0     3     0   0  -8  0     0     0 -      DL    ??  -15178934:-19.55 [g_up]\n    0     4     0   0  -8  0     0     0 -      DL    ??  -7287166:-35.55 [g_down]\n    0     5     0   0 -16  0     0     0 idle   DL    ??    0:00.00 [ciss_notif\n    0     6     0   0 -16  0     0     0 -      DL    ??  12943975:12.00 [fdc0]\n    0     7     0   0 -16  0     0     0 waitin DL    ??  2678:44.00 [sctp_itera\n    0     8     0   0 -60  0     0     0 ccb_sc DL    ??    0:00.00 [xpt_thrd]\n    0     9     0   0 -32  0     0     0 psleep DL    ??  7092141:12.00 [pagedaemon\n    0    10     0   0 -16  0     0     0 audit_ DL    ??    0:00.00 [audit]\n    0    11     0   0 171  0     0     0 -      RL    ??  32968188:20.00 [idle]\n    0    12     0   0 -48  0     0     0 -      WL    ??  -11341039:-55.55 [intr]\n    0    13     0   0 -16  0     0     0 -      DL    ??  30424824:28.00 [yarrow]\n    0    14     0   0 -64  0     0     0 -      DL    ??  13686869:12.00 [usb]\n    0    15     0   0 -16  0     0     0 tzpoll DL    ??  27702534:56.00 [acpi_therm\n    0    16     0   0 -16  0     0     0 coolin DL    ??  2168942:40.00 [acpi_cooli\n    0    17     0   0 -32  0     0     0 psleep DL    ??  571:52.00 [vmdaemon]\n    0    18     0   0  76  0     0     0 pgzero DL    ??  50512:56.00 [pagezero]\n    0    19     0   0  44  0     0     0 psleep DL    ??  -31897972:-55.55 [bufdaemon]\n    0    20     0   0  44  0     0     0 vlruwt DL    ??  21485856:24.00 [vnlru]\n    0    21     0   0  44  0     0     0 syncer DL    ??  8000403:40.00 [syncer]\n    0    22     0   0  44  0     0     0 sdflus DL    ??  2343381:00.00 [softdepflu\n    0    23     0   0 -32  0     0     0 flowcl DL    ??  8480586:32.00 [flowcleane\n    0   597     1   0  44  0  1888     0 select Ds    ??  4614079:48.00 [devd]\n    0   781     1   0  44  0  3348     0 select Ds    ??  8765502:36.00 [syslogd]\n   53   868     1   0  44  0 27036     0 kqread Ds    ??  34742034:00.00 [named]\n    0  1148     1   0  44  0  6704     0 select Ds    ??  406759:40.00 [sshd]\n    0  1156     1   0  44  0  6080     0 select Ds    ??  -25313389:-59.55 [sendmail]\n   25  1160     1   0  44  0  6080     0 pause  Ds    ??  858881:08.00 [sendmail]\n    0  1167     1   0  44  0  3376     0 nanslp Ds    ??  6660384:16.00 [cron]\n    0  1262     1   0  44  0  3348     0 select Ds    ??  5298226:40.00 [syslogd]\n    0  1370     1   0  44  0 14144     0 select Ds    ??  22528955:48.00 [perl]\n   88  1382     1   0  76  0  3628     0 wait   Ds    ??  801893:40.00 [sh]\n   88  1464  1382   0  76  0 196516     0 sigwai D     ??  -32496359:-31.55 [mysqld]\n    0  1490     1   0  44  0  3376     0 nanslp Ds    ??  6814799:56.00 [cron]\n    0  1608     1   0  44  0  3348     0 select Ds    ??  5192087:24.00 [syslogd]\n    0  1737     1   0  44  0 10144     0 select Ds    ??  3687423:08.00 [httpd]\n    0  1762     1   0  44  0  3376     0 nanslp Ds    ??  6611521:36.00 [cron]\n    0  1876     1   0  44  0  3348     0 select Ds    ??  5388062:16.00 [syslogd]\n   80  1877  1737   0  76  0 10144     0 accept D     ??  139905:28.00 [httpd]\n   80  1878  1737   0  76  0 10144     0 accept D     ??  117199:52.00 [httpd]\n   80  1879  1737   0  76  0 10144     0 accept D     ??  121229:12.00 [httpd]\n   80  1880  1737   0  76  0 10144     0 accept D     ??  103000:28.00 [httpd]\n   80  1881  1737   0  76  0 10144     0 accept D     ??  84894:08.00 [httpd]\n    0  2015     1   0  44  0  3376     0 nanslp Ds    ??  7286703:16.00 [cron]\n    0  2384     1   0  44  0  3348     0 select Ds    ??  5222692:56.00 [syslogd]\n    0  2520     1   0  44  0  3376     0 nanslp Ds    ??  6634484:00.00 [cron]\n    0  2615     1   0  76  0  3348     0 ttyin  Ds+   ??  301545:00.00 [getty]\n    0  2616     1   0  76  0  3348     0 ttyin  Ds+   ??  265864:52.00 [getty]\n    0  2617     1   0  76  0  3348     0 ttyin  Ds+   ??  295432:52.00 [getty]\n    0  2618     1   0  76  0  3348     0 ttyin  Ds+   ??  296500:32.00 [getty]\n    0  2619     1   0  76  0  3348     0 ttyin  Ds+   ??  291527:44.00 [getty]\n    0  2620     1   0  76  0  3348     0 ttyin  Ds+   ??  299679:52.00 [getty]\n    0  2621     1   0  76  0  3348     0 ttyin  Ds+   ??  250806:20.00 [getty]\n    0  2622     1   0  76  0  3348     0 ttyin  Ds+   ??  243478:24.00 [getty]\n    0 14090     1   0  44  0  3348     0 select Ds    ??  1184109:28.00 [syslogd]\n    0 14234     1   0  44  0  3376     0 nanslp Ds    ??  1905958:24.00 [cron]\n    0 16417  1148   0  44  0  9428     0 select Ds    ??  17866613:08.00 [sshd]\n    0 16419 16417   0  47  0  4628     0 pause  Ds    ??  790395:56.00 [csh]\n    0 16423 16419   0  44  0  4564     0 wait   D     ??  802982:24.00 [bash]\n    0 16503 16423   0  76  0  4564     0 ttyin  D+    ??  4508128:48.00 [bash]\n    0 17048     1   0  44  0 20588     0 select Ds    ??  14844112:40.00 [httpd]\n    0 17071  1148   0  44  0  9428     0 select Ds    ??  11617857:44.00 [sshd]\n    0 17073 17071   0  48  0  4628     0 pause  Ds    ??  779509:48.00 [csh]\n    0 17077 17073   0  44  0  4564     0 ttyin  D+    ??  842272:56.00 [bash]\n    0 35113  1370   0 -84  0     0     0 -      ZW    ??    0:00.00 \u003cdefunct\u003e\n    0 54672  1148   0  49  0  9428     0 sbwait Ds    ??  3537124:56.00 [sshd]\n 1001 55132 54672   0  45  0  9428     0 select D     ??  331324:20.00 [sshd]\n 1001 55162 55132   0  46  0  4564     0 ttyin  Ds+   ??  501825:00.00 [bash]\n   80 85936 17048   0  46  0 22636     0 accept D     ??    0:00.00 [httpd]\n   80 85937 17048   0  52  0 20588     0 accept D     ??    0:00.00 [httpd]\n   80 85938 17048   0  53  0 20588     0 accept D     ??    0:00.00 [httpd]\n   80 85939 17048   0  52  0 20588     0 accept D     ??    0:00.00 [httpd]\n   80 85940 17048   0  52  0 20588     0 accept D     ??    0:00.00 [httpd]\n   80 86526 17048   0  50  0 20588     0 accept D     ??    0:00.00 [httpd]\n\n\n------------------------------------------------------------------------\nCopyright (c) 1992-2010 The FreeBSD Project.\nCopyright (c) 1979, 1980, 1983, 1986, 1988, 1989, 1991, 1992, 1993, 1994\n        The Regents of the University of California. All rights reserved.\nFreeBSD is a registered trademark of The FreeBSD Foundation.\nFreeBSD 8.1-RELEASE-p2 #0: Wed Jan 19 00:41:12 CET 2011\n    root@airport-new.bartsplace.net:/usr/obj/usr/src/sys/AIRPORT i386\nTimecounter \"i8254\" frequency 1193182 Hz quality 0\nCPU: Intel(R) Xeon(TM) CPU 3.20GHz (3180.87-MHz 686-class CPU)\n  Origin = \"GenuineIntel\"  Id = 0xf25  Family = f  Model = 2  Stepping = 5\n  Features=0xbfebfbff\u003cFPU,VME,DE,PSE,TSC,MSR,PAE,MCE,CX8,APIC,SEP,MTRR,PGE,MCA,CMOV,PAT,PSE36,CLFLUSH,DTS,ACPI,MMX,FXSR,SSE,SSE\n2,SS,HTT,TM,PBE\u003e\n  Features2=0x4400\u003cCNXT-ID,xTPR\u003e\nreal memory  = 2147483648 (2048 MB)\navail memory = 2091089920 (1994 MB)\nACPI APIC Table: \u003cCOMPAQ 00000083\u003e\nFreeBSD/SMP: Multiprocessor System Detected: 4 CPUs\nFreeBSD/SMP: 2 package(s) x 1 core(s) x 2 HTT threads\n cpu0 (BSP): APIC ID:  0\n cpu1 (AP/HT): APIC ID:  1\n cpu2 (AP): APIC ID:  6\n cpu3 (AP/HT): APIC ID:  7\nACPI Warning: Invalid length for Pm1aControlBlock: 32, using default 16 (20100331/tbfadt-707)\nACPI Warning: Invalid length for Pm1bControlBlock: 32, using default 16 (20100331/tbfadt-707)\nMADT: Forcing active-low polarity and level trigger for SCI\nioapic0 \u003cVersion 1.1\u003e irqs 0-15 on motherboard\nioapic1 \u003cVersion 1.1\u003e irqs 16-31 on motherboard\nioapic2 \u003cVersion 1.1\u003e irqs 32-47 on motherboard\nioapic3 \u003cVersion 1.1\u003e irqs 48-63 on motherboard\nkbd1 at kbdmux0\nacpi0: \u003cCOMPAQ P29\u003e on motherboard\nacpi0: [ITHREAD]\nacpi0: Power Button (fixed)\nTimecounter \"ACPI-safe\" frequency 3579545 Hz quality 850\nacpi_timer0: \u003c32-bit timer at 3.579545MHz\u003e port 0x920-0x923 on acpi0\ncpu0: \u003cACPI CPU\u003e on acpi0\ncpu1: \u003cACPI CPU\u003e on acpi0\ncpu2: \u003cACPI CPU\u003e on acpi0\ncpu3: \u003cACPI CPU\u003e on acpi0\npcib0: \u003cACPI Host-PCI bridge\u003e on acpi0\npci0: \u003cACPI PCI bus\u003e on pcib0\nvgapci0: \u003cVGA-compatible display\u003e port 0x2400-0x24ff mem 0xf6000000-0xf6ffffff,0xf5ff0000-0xf5ff0fff at device 3.0 on pci0\npci0: \u003cbase peripheral\u003e at device 4.0 (no driver attached)\npci0: \u003cbase peripheral\u003e at device 4.2 (no driver attached)\nisab0: \u003cPCI-ISA bridge\u003e at device 15.0 on pci0\nisa0: \u003cISA bus\u003e on isab0\natapci0: \u003cServerWorks CSB5 UDMA100 controller\u003e port 0x1f0-0x1f7,0x3f6,0x170-0x177,0x376,0x2000-0x200f at device 15.1 on pci0\nata0: \u003cATA channel 0\u003e on atapci0\nata0: [ITHREAD]\nata1: \u003cATA channel 1\u003e on atapci0\nata1: [ITHREAD]\nohci0: \u003cOHCI (generic) USB controller\u003e mem 0xf5ef0000-0xf5ef0fff irq 7 at device 15.2 on pci0\nohci0: [ITHREAD]\nusbus0: \u003cOHCI (generic) USB controller\u003e on ohci0\npcib1: \u003cACPI Host-PCI bridge\u003e on acpi0\npci1: \u003cACPI PCI bus\u003e on pcib1\nciss0: \u003cCompaq Smart Array 5i\u003e port 0x3000-0x30ff mem 0xf7dc0000-0xf7dfffff,0xf7cf0000-0xf7cf3fff irq 30 at device 3.0 on pci1\nciss0: PERFORMANT Transport\nciss0: [ITHREAD]\npcib2: \u003cACPI Host-PCI bridge\u003e on acpi0\npci2: \u003cACPI PCI bus\u003e on pcib2\nbge0: \u003cCompaq NC7781 Gigabit Server Adapter, ASIC rev. 0x001002\u003e mem 0xf7ef0000-0xf7efffff irq 29 at device 1.0 on pci2\nmiibus0: \u003cMII bus\u003e on bge0\nbrgphy0: \u003cBCM5703 10/100/1000baseTX PHY\u003e PHY 1 on miibus0\nbrgphy0:  10baseT, 10baseT-FDX, 100baseTX, 100baseTX-FDX, 1000baseT, 1000baseT-FDX, auto\nbge0: Ethernet address: 00:0e:7f:20:c2:ed\nbge0: [ITHREAD]\nbge1: \u003cCompaq NC7781 Gigabit Server Adapter, ASIC rev. 0x001002\u003e mem 0xf7ee0000-0xf7eeffff irq 31 at device 2.0 on pci2\nmiibus1: \u003cMII bus\u003e on bge1\nbrgphy1: \u003cBCM5703 10/100/1000baseTX PHY\u003e PHY 1 on miibus1\nbrgphy1:  10baseT, 10baseT-FDX, 100baseTX, 100baseTX-FDX, 1000baseT, 1000baseT-FDX, auto\nbge1: Ethernet address: 00:0e:7f:20:c2:ec\nbge1: [ITHREAD]\npcib3: \u003cACPI Host-PCI bridge\u003e on acpi0\npci3: \u003cACPI PCI bus\u003e on pcib3\npcib4: \u003cACPI Host-PCI bridge\u003e on acpi0\npci6: \u003cACPI PCI bus\u003e on pcib4\npci6: \u003cbase peripheral, PCI hot-plug controller\u003e at device 30.0 (no driver attached)\nacpi_tz0: \u003cThermal Zone\u003e on acpi0\natkbdc0: \u003cKeyboard controller (i8042)\u003e port 0x60,0x64 irq 1 on acpi0\natkbd0: \u003cAT Keyboard\u003e irq 1 on atkbdc0\nkbd0 at atkbd0\natkbd0: [GIANT-LOCKED]\natkbd0: [ITHREAD]\nuart0: \u003c16550 or compatible\u003e port 0x3f8-0x3ff irq 4 flags 0x10 on acpi0\nuart0: [FILTER]\nfdc0: \u003cfloppy drive controller (FDE)\u003e port 0x3f2-0x3f5 irq 6 drq 2 on acpi0\nfdc0: [FILTER]\nfd0: \u003c1440-KB 3.5\" drive\u003e on fdc0 drive 0\npmtimer0 on isa0\norm0: \u003cISA Option ROMs\u003e at iomem 0xc0000-0xc7fff,0xc8000-0xcbfff,0xcc000-0xcd7ff,0xee000-0xeffff pnpid ORM0000 on isa0\nsc0: \u003cSystem console\u003e at flags 0x100 on isa0\nsc0: VGA \u003c16 virtual consoles, flags=0x300\u003e\nvga0: \u003cGeneric ISA VGA\u003e at port 0x3c0-0x3df iomem 0xa0000-0xbffff on isa0\natrtc0: \u003cAT Real Time Clock\u003e at port 0x70 irq 8 on isa0\nppc0: parallel port not found.\np4tcc0: \u003cCPU Frequency Thermal Control\u003e on cpu0\np4tcc1: \u003cCPU Frequency Thermal Control\u003e on cpu1\np4tcc2: \u003cCPU Frequency Thermal Control\u003e on cpu2\np4tcc3: \u003cCPU Frequency Thermal Control\u003e on cpu3\nTimecounters tick every 1.000 msec\nipfw2 (+ipv6) initialized, divert enabled, nat loadable, rule-based forwarding enabled, default to deny, logging disabled\nload_dn_sched dn_sched FIFO loaded\nload_dn_sched dn_sched PRIO loaded\nload_dn_sched dn_sched QFQ loaded\nload_dn_sched dn_sched RR loaded\nload_dn_sched dn_sched WF2Q+ loaded\nusbus0: 12Mbps Full Speed USB v1.0\nugen0.1: \u003c(0x1166)\u003e at usbus0\nuhub0: \u003c(0x1166) OHCI root HUB, class 9/0, rev 1.00/1.00, addr 1\u003e on usbus0\nuhub0: 4 ports with 4 removable, self powered\nacd0: CDROM \u003cCOMPAQ CD-ROM SN-124/N104\u003e at ata0-master PIO4\nda0 at ciss0 bus 0 scbus0 target 0 lun 0\nda0: \u003cCOMPAQ RAID 1  VOLUME OK\u003e Fixed Direct Access SCSI-0 device\nda0: 135.168MB/s transfers\nda0: Command Queueing enabled\nda0: 34727MB (71122560 512 byte sectors: 255H 32S/T 8716C)\nda1 at ciss0 bus 0 scbus0 target 1 lun 0\nda1: \u003cCOMPAQ RAID 1  VOLUME OK\u003e Fixed Direct Access SCSI-0 device\nda1: 135.168MB/s transfers\nda1: Command Queueing enabled\nda1: 69459MB (142253280 512 byte sectors: 255H 32S/T 17433C)\nSMP: AP CPU #2 Launched!\nSMP: AP CPU #1 Launched!\nSMP: AP CPU #3 Launched!\nTrying to mount root from ufs:/dev/da0s1a\n\n..... (lots of 'spam' from ipfw denying packets)\n\nkernel trap 12 with interrupts disabled\n\n\nFatal trap 12: page fault while in kernel mode\ncpuid = 1; apic id = 01\nfault virtual address   = 0x24\nfault code              = supervisor write, page not present\ninstruction pointer     = 0x20:0xc08c07f7\nstack pointer           = 0x28:0xc51ecb98\nframe pointer           = 0x28:0xc51ecbc8\ncode segment            = base 0x0, limit 0xfffff, type 0x1b\n                        = DPL 0, pres 1, def32 1, gran 1\nprocessor eflags        = resume, IOPL = 0\ncurrent process         = 11 (idle: cpu1)\ntrap number             = 12\npanic: page fault\ncpuid = 1\nUptime: 14h41m50s\nPhysical memory: 2035 MB\nDumping 253 MB: 238 222 206 190 174 158 142 126 110 94 78 62 46 30 14\n\n--------------------------------------------------------------------------------\n\nkernel config is a copy of GENERIC with the following options added:\n\noptions DUMMYNET\noptions IPFIREWALL_FORWARD\noptions IPDIVERT\noptions IPFIREWALL_VERBOSE_LIMIT=1000\noptions IPFIREWALL_VERBOSE\noptions IPFIREWALL\n\nThis is to enable IPFIREWALL_FORWARD, which is an absolutely mandatory feature for this configuration.\n\nIf any other information is needed, I have multiple crashdumps available.\n\nFix: \n\nNot a fix but a workaround, using 4BSD scheduler does not result in crashes so far.\nHow-To-Repeat: No known scenario, other then leaving the machine powered on, and compiling or running software."
}