{
 "id": 414521,
 "bug_id": 117280,
 "attachment_id": 0,
 "creation_time": "2007-10-17T20:30:00Z",
 "creator": "dede@globalport.net.id",
 "text": "Update for pages http://www.freebsd.org/platforms/amd64/motherboards.html\n\nFix: \n\nCopyright (c) 1992-2007 The FreeBSD Project.\nCopyright (c) 1979, 1980, 1983, 1986, 1988, 1989, 1991, 1992, 1993, 1994\n        The Regents of the University of California. All rights reserved.\nFreeBSD is a registered trademark of The FreeBSD Foundation.\nFreeBSD 6.2-RELEASE-p5 #2: Sun Jul  1 21:34:53 WIT 2007\n    root@M-CORE.globalport.net.id:/usr/src/sys/amd64/compile/M-CORE\nTimecounter \"i8254\" frequency 1193182 Hz quality 0\nCPU: Intel(R) Xeon(R) CPU            3050  @ 2.13GHz (2133.42-MHz K8-class CPU)\n  Origin = \"GenuineIntel\"  Id = 0x6f6  Stepping = 6\n  Features=0xbfebfbff\u003cFPU,VME,DE,PSE,TSC,MSR,PAE,MCE,CX8,APIC,SEP,MTRR,PGE,MCA,CMOV,PAT,PSE36,CLFLUSH,DTS,ACPI,MMX,FXSR,SSE,SSE2,SS,HTT,TM,PBE\u003e\n  Features2=0xe3bd\u003cSSE3,RSVD2,MON,DS_CPL,VMX,EST,TM2,\u003cb9\u003e,CX16,\u003cb14\u003e,\u003cb15\u003e\u003e\n  AMD Features=0x20100800\u003cSYSCALL,NX,LM\u003e\n  AMD Features2=0x1\u003cLAHF\u003e\n  Cores per package: 2\nreal memory  = 1070489600 (1020 MB)\navail memory = 1023545344 (976 MB)\nACPI APIC Table: \u003cINTEL  S3000AH\u003e\nFreeBSD/SMP: Multiprocessor System Detected: 2 CPUs\n cpu0 (BSP): APIC ID:  0\n cpu1 (AP): APIC ID:  1\nioapic0: Changing APIC ID to 5\nioapic0 \u003cVersion 2.0\u003e irqs 0-23 on motherboard\nkbd1 at kbdmux0\nacpi0: \u003cINTEL S3000AH\u003e on motherboard\nacpi0: Power Button (fixed)\nTimecounter \"ACPI-fast\" frequency 3579545 Hz quality 1000\nacpi_timer0: \u003c24-bit timer at 3.579545MHz\u003e port 0x408-0x40b on acpi0\ncpu0: \u003cACPI CPU\u003e on acpi0\nacpi_perf0: \u003cACPI CPU Frequency Control\u003e on cpu0\nacpi_perf0: failed in PERF_STATUS attach\ndevice_attach: acpi_perf0 attach returned 6\nacpi_perf0: \u003cACPI CPU Frequency Control\u003e on cpu0\nacpi_perf0: failed in PERF_STATUS attach\ndevice_attach: acpi_perf0 attach returned 6\ncpu1: \u003cACPI CPU\u003e on acpi0\nacpi_perf1: \u003cACPI CPU Frequency Control\u003e on cpu1\nacpi_perf1: failed in PERF_STATUS attach\ndevice_attach: acpi_perf1 attach returned 6\nacpi_perf1: \u003cACPI CPU Frequency Control\u003e on cpu1\nacpi_perf1: failed in PERF_STATUS attach\ndevice_attach: acpi_perf1 attach returned 6\nacpi_button0: \u003cSleep Button\u003e on acpi0\npcib0: \u003cACPI Host-PCI bridge\u003e port 0xcf8-0xcff on acpi0\npci0: \u003cACPI PCI bus\u003e on pcib0\npcib1: \u003cACPI PCI-PCI bridge\u003e at device 28.0 on pci0\npci1: \u003cACPI PCI bus\u003e on pcib1\npcib2: \u003cACPI PCI-PCI bridge\u003e at device 28.4 on pci0\npci2: \u003cACPI PCI bus\u003e on pcib2\npcib3: \u003cACPI PCI-PCI bridge\u003e at device 28.5 on pci0\npci3: \u003cACPI PCI bus\u003e on pcib3\nem0: \u003cIntel(R) PRO/1000 Network Connection Version - 6.4.1\u003e port 0x2000-0x201f mem 0x48180000-0x4819ffff,0x48100000-0x4817ffff irq 17 at device 0.0 on pci3\nem0: Ethernet address: 00:15:17:25:0a:eb\npci3: \u003csimple comms, UART\u003e at device 0.3 (no driver attached)\npci3: \u003cserial bus\u003e at device 0.4 (no driver attached)\npcib4: \u003cACPI PCI-PCI bridge\u003e at device 30.0 on pci0\npci4: \u003cACPI PCI bus\u003e on pcib4\nre0: \u003cLinksys EG1032 (RTL8169S) Gigabit Ethernet\u003e port 0x1100-0x11ff mem 0x48050000-0x480500ff irq 22 at device 1.0 on pci4\nmiibus0: \u003cMII bus\u003e on re0\nrgephy0: \u003cRTL8169S/8110S media interface\u003e on miibus0\nrgephy0:  10baseT, 10baseT-FDX, 100baseTX, 100baseTX-FDX, 1000baseTX, 1000baseTX-FDX, auto\nre0: Ethernet address: 00:14:bf:59:d7:8e\nre0: [FAST]\npci4: \u003cdisplay, VGA\u003e at device 4.0 (no driver attached)\nem1: \u003cIntel(R) PRO/1000 Network Connection Version - 6.4.1\u003e port 0x1200-0x123f mem 0x48020000-0x4803ffff,0x48000000-0x4801ffff irq 17 at device 5.0 on pci4\nem1: Ethernet address: 00:15:17:25:0a:ec\nisab0: \u003cPCI-ISA bridge\u003e at device 31.0 on pci0\nisa0: \u003cISA bus\u003e on isab0\natapci0: \u003cIntel ICH7 SATA300 controller\u003e port 0x1f0-0x1f7,0x3f6,0x170-0x177,0x376,0x3020-0x302f irq 19 at device 31.2 on pci0\nata0: \u003cATA channel 0\u003e on atapci0\nata1: \u003cATA channel 1\u003e on atapci0\npci0: \u003cserial bus, SMBus\u003e at device 31.3 (no driver attached)\norm0: \u003cISA Option ROM\u003e at iomem 0xc0000-0xc8fff on isa0\natkbdc0: \u003cKeyboard controller (i8042)\u003e at port 0x60,0x64 on isa0\natkbd0: \u003cAT Keyboard\u003e irq 1 on atkbdc0\nkbd0 at atkbd0\natkbd0: [GIANT-LOCKED]\nsc0: \u003cSystem console\u003e at flags 0x100 on isa0\nsc0: VGA \u003c16 virtual consoles, flags=0x300\u003e\nvga0: \u003cGeneric ISA VGA\u003e at port 0x3c0-0x3df iomem 0xa0000-0xbffff on isa0\nTimecounters tick every 1.000 msec\nFast IPsec: Initialized Security Association Processing.\nad0: 76319MB \u003cSeagate ST380211AS 3.AAE\u003e at ata0-master SATA150\nSMP: AP CPU #1 Launched!\nTrying to mount root from ufs:/dev/ad0s1a"
}