{
 "id": 378705,
 "bug_id": 109571,
 "attachment_id": 0,
 "creation_time": "2007-02-26T17:00:12Z",
 "creator": "dhchen@dhchen.com",
 "text": "On a kernel build at Jan 22, everything goes fine. On a kernel built with recent\nsource (I csuped at about 200702261610 GMT), kernel panics at booting. If the \nmachine is attached with a usb keyboard, kernel will panic after:\n\nTimecounter \"TSC\" frequency 1399850815 Hz quality 800\nTimecounters tick every 1.000 msec\n\nline, and no crash dump avaliable. If I boot machine without usb keyboard, it will enter /etc/rc script and when setting ip address, kernel panics again. The backtrace:\n\n..\norm0: \u003cISA Option ROMs\u003e at iomem 0xc0000-0xce7ff,0xd0000-0xd0fff,0xd1000-0xd1fff pnpid ORM0000 on is\na0\natkbdc0: \u003cKeyboard controller (i8042)\u003e at port 0x60,0x64 on isa0\natkbd0: \u003cAT Keyboard\u003e irq 1 on atkbdc0\natkbd0: [GIANT-LOCKED]\natkbd0: [ITHREAD]\nsc0: \u003cSystem console\u003e at flags 0x100 on isa0\nsc0: VGA \u003c16 virtual consoles, flags=0x300\u003e\nvga0: \u003cGeneric ISA VGA\u003e at port 0x3c0-0x3df iomem 0xa0000-0xbffff on isa0\nTimecounter \"TSC\" frequency 1399846538 Hz quality 800\nTimecounters tick every 1.000 msec\nad0: 117800MB \u003cHDS722512VLAT80 V33OA6MA\u003e at ata0-master UDMA100\nad4: 238475MB \u003cHDT722525DLA380 V44OA96A\u003e at ata2-master SATA150\nTrying to mount root from ufs:/dev/ad4s1a\n\u003c118\u003eLoading configuration files.\n\u003c118\u003ekernel dumps on /dev/ad4s1b\n\u003c118\u003eEntropy harvesting:\n\u003c118\u003e interrupts\n\u003c118\u003e ethernet\n\u003c118\u003e point_to_point\n\u003c118\u003e kickstart\n\u003c118\u003e.\n\u003c118\u003eswapon: adding /dev/ad4s1b as swap device\n\u003c118\u003eStarting file system checks:\n\u003c118\u003e/dev/ad4s1a: FILE SYSTEM CLEAN; SKIPPING CHECKS\n\u003c118\u003e/dev/ad4s1a: clean, 87593 free (1961 frags, 10704 blocks, 0.8% fragmentation)\n\u003c118\u003e/dev/ad4s1f: FILE SYSTEM CLEAN; SKIPPING CHECKS\n\u003c118\u003e/dev/ad4s1f: clean, 13837405 free (34925 frags, 1725310 blocks, 0.2% fragmentation)\n\u003c118\u003e/dev/ad4s1g: FILE SYSTEM CLEAN; SKIPPING CHECKS\n\u003c118\u003e/dev/ad4s1g: clean, 34009610 free (2266 frags, 4250918 blocks, 0.0% fragmentation)\n\u003c118\u003e/dev/ad4s1d: FILE SYSTEM CLEAN; SKIPPING CHECKS\n\u003c118\u003e/dev/ad4s1d: clean, 1295324 free (103764 frags, 148945 blocks, 3.4% fragmentation)\n\u003c118\u003e/dev/ad4s1e: FILE SYSTEM CLEAN; SKIPPING CHECKS\n\u003c118\u003e/dev/ad4s1e: clean, 50916 free (884 frags, 6254 blocks, 0.7% fragmentation)\n\u003c118\u003eMounting local file systems:\n\u003c118\u003e.\n\u003c118\u003eSetting hostname: equinox.dhchen.com.\n\u003c118\u003enet.inet6.ip6.auto_linklocal:\n\u003c118\u003e1\n\u003c118\u003e -\u003e\n\u003c118\u003e0\n\u003c118\u003e\nmodule_register: module msk/miibus already exists!\nModule msk/miibus failed to register: 17\nmodule_register: module mskc/msk already exists!\nModule mskc/msk failed to register: 17\nmodule_register: module pci/mskc already exists!\nModule pci/mskc failed to register: 17\nmodule_register: module msk/miibus already exists!\nModule msk/miibus failed to register: 17\nmodule_register: module mskc/msk already exists!\nModule mskc/msk failed to register: 17\nmodule_register: module pci/mskc already exists!\nModule pci/mskc failed to register: 17\nmodule_register: module msk/miibus already exists!\nModule msk/miibus failed to register: 17\nmodule_register: module mskc/msk already exists!\nModule mskc/msk failed to register: 17\nmodule_register: module pci/mskc already exists!\nModule pci/mskc failed to register: 17\nmodule_register: module msk/miibus already exists!\nModule msk/miibus failed to register: 17\nmodule_register: module mskc/msk already exists!\nModule mskc/msk failed to register: 17\nmodule_register: module pci/mskc already exists!\nModule pci/mskc failed to register: 17\nmodule_register: module fxp/miibus already exists!\nModule fxp/miibus failed to register: 17\nmodule_register: module cardbus/fxp already exists!\nModule cardbus/fxp failed to register: 17\nmodule_register: module pci/fxp already exists!\nModule pci/fxp failed to register: 17\nFatal trap 12: page fault while in kernel mode\nfault virtual address   = 0x0\nfault code              = supervisor read, page not present\ninstruction pointer     = 0x20:0x0\nstack pointer           = 0x28:0xd521fca8\nframe pointer           = 0x28:0xd521fcd0\ncode segment            = base 0x0, limit 0xfffff, type 0x1b\n                        = DPL 0, pres 1, def32 1, gran 1\nprocessor eflags        = interrupt enabled, resume, IOPL = 0\ncurrent process         = 30 (irq12: mskc1 fxp1)\ntrap number             = 12\npanic: page fault\nKDB: stack backtrace:\ndb_trace_self_wrapper(c06db468,d521fb58,c0533917,c06d996e,c0744b80,...) at db_trace_self_wrapper+0x26\nkdb_backtrace(c06d996e,c0744b80,c06cd240,d521fb64,100,...) at kdb_backtrace+0x2e\npanic(c06cd240,c06ee968,c2a0a1b0,1,1,...) at panic+0xb7\ntrap_fatal(d521fc68,0,1,0,0,...) at trap_fatal+0x342\ntrap_pfault(d521fc68,0,0,306173,0,...) at trap_pfault+0x225\ntrap(d521fc68) at trap+0x3dc\ncalltrap() at calltrap+0x6\n--- trap 0xc, eip = 0, esp = 0xd521fca8, ebp = 0xd521fcd0 ---\n(null)(c2a0a000,c28df680,c2a0a000,c2a07bd0,c2abb330,...) at 0\nithread_loop(c2abb330,d521fd38,38373635,3c3b3a39,403f3e3d,...) at ithread_loop+0x76\nfork_exit(c05197a0,c2abb330,d521fd38) at fork_exit+0x80\nfork_trampoline() at fork_trampoline+0x8\n--- trap 0, eip = 0, esp = 0xd521fd70, ebp = 0 ---\nUptime: 2s\nPhysical memory: 494 MB\nDumping 37 MB: 22 6\n\n#0  doadump () at pcpu.h:147\n147             __asm __volatile(\"movl %%fs:0,%0\" : \"=r\" (td));\n(kgdb) bt full\n#0  doadump () at pcpu.h:147\nNo locals.\n#1  0xc0533646 in boot (howto=260) at /usr/src/sys/kern/kern_shutdown.c:411\n        first_buf_printf = 1\n#2  0xc05339ad in panic (fmt=0xc06cd240 \"%s\") at /usr/src/sys/kern/kern_shutdown.c:567\n        td = (struct thread *) 0xc2a07bd0\n        bootopt = 256\n        newpanic = 1\n        ap = 0xc2a07bd0 \"\"\n        buf = \"page fault\", '\\0' \u003crepeats 245 times\u003e\n#3  0xc06a8c22 in trap_fatal (frame=0xd521fc68, eva=0) at /usr/src/sys/i386/i386/trap.c:868\n        code = 0\n        type = 12\n        ss = 40\n        esp = 0\n        softseg = {ssd_base = 0, ssd_limit = 1048575, ssd_type = 27, ssd_dpl = 0, ssd_p = 1,\n  ssd_xx = 9, ssd_xx1 = 2, ssd_def32 = 1, ssd_gran = 1}\n        msg = 0x0\n#4  0xc06a88b5 in trap_pfault (frame=0xd521fc68, usermode=0, eva=0)\n    at /usr/src/sys/i386/i386/trap.c:777\n        va = 0\n        vm = (struct vmspace *) 0x0\n        map = 0x1\n        rv = 1\n        ftype = 1 '\\001'\n        td = (struct thread *) 0xc2a07bd0\n        p = (struct proc *) 0xc2a0a000\n#5  0xc06a842c in trap (frame=0xd521fc68) at /usr/src/sys/i386/i386/trap.c:462\n        td = (struct thread *) 0xc2a07bd0\n        p = (struct proc *) 0xc2a0a000\n        i = 0\n        ucode = 0\n        type = 12\n        code = 0\n        addr = 0\n        eva = 0\n        ksi = {ksi_link = {tqe_next = 0xc2adc8c0, tqe_prev = 0x0}, ksi_info = {si_signo = 0,\n    si_errno = 0, si_code = 1145653248, si_pid = 0, si_uid = 0, si_status = 0,\n    si_addr = 0xc2adc900, si_value = {sival_int = 0, sival_ptr = 0x0}, _reason = {_fault = {\n        _trapno = -1028805548}, _timer = {_timerid = -1028805548, _overrun = 0}, _mesgq = {\n        _mqd = -1028805548}, _poll = {_band = -1028805548}, __spare__ = {__spare1__ = -1028805548,\n        __spare2__ = {0, 1918988325, 7630437, 0, 0, 1701994864, 1663071342}}}},\n  ksi_flags = 1936941420, ksi_sigq = 0x0}\n#6  0xc06961fb in calltrap () at /usr/src/sys/i386/i386/exception.s:139\nNo locals.\n#7  0x00000000 in ?? ()\nNo symbol table info available.\nPrevious frame inner to this frame (corrupt stack?)\n\n\nMachine hardware: dmesg from successful boot using Jan 22's kernel:\n\nCopyright (c) 1992-2007 The FreeBSD Project.\nCopyright (c) 1979, 1980, 1983, 1986, 1988, 1989, 1991, 1992, 1993, 1994\n        The Regents of the University of California. All rights reserved.\nFreeBSD is a registered trademark of The FreeBSD Foundation.\nFreeBSD 7.0-CURRENT #4: Mon Jan 22 12:54:35 CST 2007\n    root@equinox.dhchen.com:/usr/obj/usr/src/sys/EQUINOX\nTimecounter \"i8254\" frequency 1193182 Hz quality 0\nCPU: Intel(R) Celeron(R) M processor         1.40GHz (1399.85-MHz 686-class CPU)\n  Origin = \"GenuineIntel\"  Id = 0x6d8  Stepping = 8\n  Features=0xafe9fbff\u003cFPU,VME,DE,PSE,TSC,MSR,PAE,MCE,CX8,APIC,SEP,MTRR,PGE,MCA,CMOV,PAT,CLFLUSH,DTS,ACPI,MMX,FXSR,SSE,SSE2,SS,TM,PBE\u003e\n  AMD Features=0x100000\u003cNX\u003e\nreal memory  = 527302656 (502 MB)\navail memory = 506507264 (483 MB)\nacpi0: \u003cIntelR AWRDACPI\u003e on motherboard\nacpi_bus_number: can't get _ADR\nacpi_bus_number: can't get _ADR\nacpi_bus_number: can't get _ADR\nacpi_bus_number: can't get _ADR\nacpi0: Power Button (fixed)\nTimecounter \"ACPI-safe\" frequency 3579545 Hz quality 1000\nacpi_timer0: \u003c24-bit timer at 3.579545MHz\u003e port 0x408-0x40b on acpi0\ncpu0: \u003cACPI CPU\u003e on acpi0\np4tcc0: \u003cCPU Frequency Thermal Control\u003e on cpu0\nacpi_button0: \u003cPower Button\u003e on acpi0\npcib0: \u003cACPI Host-PCI bridge\u003e port 0xcf8-0xcff on acpi0\npci0: \u003cACPI PCI bus\u003e on pcib0\nvgapci0: \u003cVGA-compatible display\u003e port 0xe400-0xe407 mem 0xd0600000-0xd067ffff,0xc0000000-0xcfffffff,0xd0680000-0xd06bffff irq 10 at device 2.0 on pci0\nagp0: \u003cIntel 82915GM (915GM GMCH) SVGA controller\u003e on vgapci0\nagp0: detected 7932k stolen memory\nagp0: aperture size is 256M\npci0: \u003cmultimedia\u003e at device 27.0 (no driver attached)\npcib1: \u003cACPI PCI-PCI bridge\u003e irq 10 at device 28.0 on pci0\npci1: \u003cACPI PCI bus\u003e on pcib1\nmskc0: \u003cMarvell Yukon 88E8053 Gigabit Ethernet\u003e port 0xb000-0xb0ff mem 0xd0020000-0xd0023fff irq 10 at device 0.0 on pci1\nmsk0: \u003cMarvell Technology Group Ltd. Yukon EC Id 0xb6 Rev 0x01\u003e on mskc0\nmsk0: Ethernet address: 00:13:d3:50:f5:b9\nmiibus0: \u003cMII bus\u003e on msk0\ne1000phy0: \u003cMarvell 88E1111 Gigabit PHY\u003e PHY 0 on miibus0\ne1000phy0:  10baseT, 10baseT-FDX, 100baseTX, 100baseTX-FDX, 1000baseTX-FDX, auto\nmskc0: [FAST]\npcib2: \u003cACPI PCI-PCI bridge\u003e irq 12 at device 28.1 on pci0\npci2: \u003cACPI PCI bus\u003e on pcib2\nmskc1: \u003cMarvell Yukon 88E8053 Gigabit Ethernet\u003e port 0xc000-0xc0ff mem 0xd0120000-0xd0123fff irq 12 at device 0.0 on pci2\nmsk1: \u003cMarvell Technology Group Ltd. Yukon EC Id 0xb6 Rev 0x01\u003e on mskc1\nmsk1: Ethernet address: 00:13:d3:50:f5:b8\nmiibus1: \u003cMII bus\u003e on msk1\ne1000phy1: \u003cMarvell 88E1111 Gigabit PHY\u003e PHY 0 on miibus1\ne1000phy1:  10baseT, 10baseT-FDX, 100baseTX, 100baseTX-FDX, 1000baseTX-FDX, auto\nmskc1: [FAST]\npci0: \u003cserial bus, USB\u003e at device 29.0 (no driver attached)\npci0: \u003cserial bus, USB\u003e at device 29.1 (no driver attached)\npci0: \u003cserial bus, USB\u003e at device 29.2 (no driver attached)\npci0: \u003cserial bus, USB\u003e at device 29.3 (no driver attached)\npci0: \u003cserial bus, USB\u003e at device 29.7 (no driver attached)\npcib3: \u003cACPI PCI-PCI bridge\u003e at device 30.0 on pci0\npci3: \u003cACPI PCI bus\u003e on pcib3\nfxp0: \u003cIntel 82559 Pro/100 Ethernet\u003e port 0xd000-0xd03f mem 0xd0500000-0xd0500fff,0xd0200000-0xd02fffff irq 10 at device 0.0 on pci3\nmiibus2: \u003cMII bus\u003e on fxp0\ninphy0: \u003ci82555 10/100 media interface\u003e PHY 1 on miibus2\ninphy0:  10baseT, 10baseT-FDX, 100baseTX, 100baseTX-FDX, auto\nfxp0: Ethernet address: 00:02:b3:07:08:94\nfxp1: \u003cIntel 82559 Pro/100 Ethernet\u003e port 0xd100-0xd13f mem 0xd0502000-0xd0502fff,0xd0300000-0xd03fffff irq 12 at device 1.0 on pci3\nmiibus3: \u003cMII bus\u003e on fxp1\ninphy1: \u003ci82555 10/100 media interface\u003e PHY 1 on miibus3\ninphy1:  10baseT, 10baseT-FDX, 100baseTX, 100baseTX-FDX, auto\nfxp1: Ethernet address: 00:02:b3:0c:21:b3\npci3: \u003cserial bus, FireWire\u003e at device 9.0 (no driver attached)\nisab0: \u003cPCI-ISA bridge\u003e at device 31.0 on pci0\nisa0: \u003cISA bus\u003e on isab0\natapci0: \u003cIntel ICH6 UDMA100 controller\u003e port 0x1f0-0x1f7,0x3f6,0x170-0x177,0x376,0xf000-0xf00f at device 31.1 on pci0\nata0: \u003cATA channel 0\u003e on atapci0\nata1: \u003cATA channel 1\u003e on atapci0\natapci1: \u003cIntel ICH6 SATA150 controller\u003e port 0xe500-0xe507,0xe600-0xe603,0xe700-0xe707,0xe800-0xe803,0xe900-0xe90f irq 11 at device 31.2 on pci0\nata2: \u003cATA channel 0\u003e on atapci1\nata3: \u003cATA channel 1\u003e on atapci1\nichsmb0: \u003cSMBus controller\u003e port 0x500-0x51f irq 11 at device 31.3 on pci0\nichsmb0: [GIANT-LOCKED]\nsmbus0: \u003cSystem Management Bus\u003e on ichsmb0\nsmb0: \u003cSMBus generic I/O\u003e on smbus0\nacpi_tz0: \u003cThermal Zone\u003e on acpi0\nsio0: \u003c16550A-compatible COM port\u003e port 0x3f8-0x3ff irq 4 flags 0x10 on acpi0\nsio0: type 16550A\nsio0: [FAST]\nsio1: \u003c16550A-compatible COM port\u003e port 0x2f8-0x2ff irq 3 on acpi0\nsio1: type 16550A\nsio1: [FAST]\norm0: \u003cISA Option ROMs\u003e at iomem 0xc0000-0xce7ff,0xd0000-0xd0fff,0xd1000-0xd1fff pnpid ORM0000 on isa0\nsc0: \u003cSystem console\u003e at flags 0x100 on isa0\nsc0: VGA \u003c16 virtual consoles, flags=0x300\u003e\nvga0: \u003cGeneric ISA VGA\u003e at port 0x3c0-0x3df iomem 0xa0000-0xbffff on isa0\natkbdc0: \u003cKeyboard controller (i8042)\u003e at port 0x60,0x64 on isa0\natkbd0: \u003cAT Keyboard\u003e irq 1 on atkbdc0\natkbd0: [GIANT-LOCKED]\nTimecounter \"TSC\" frequency 1399850815 Hz quality 800\nTimecounters tick every 1.000 msec\nad0: 117800MB \u003cHDS722512VLAT80 V33OA6MA\u003e at ata0-master UDMA100\nad4: 238475MB \u003cHDT722525DLA380 V44OA96A\u003e at ata2-master SATA150\nTrying to mount root from ufs:/dev/ad4s1a"
}