{
 "id": 996403,
 "bug_id": 228773,
 "attachment_id": 0,
 "creation_time": "2018-06-06T05:00:27Z",
 "creator": "bobf@mrp3.com",
 "text": "using rev 334665 on an RPi 2 using the older bcm2836 CPU.\n\nI have been able to consistently demonstrate this problem more than half of the time when I boot up from a power up, or a 'reboot', or by pressing a key in the serial console after 'poweroff'.\n\nThe hang appears to happen immediately after the following text displays on the console\n\n  Releasing APs\n\nConsistently, whenever I enable verbose output as a boot option in the 'beastie' menu, the reboot takes place normally, i.e. without hanging.\n\nuname output:\nFreeBSD pi2c 12.0-CURRENT FreeBSD 12.0-CURRENT #2 r334665M: Tue Jun  5 21:17:17 PDT 2018     bobf@hack.SFT.local:/e-drive/obj.current/e-drive/src.current/arm.armv7/sys/RPI2  arm\n\nThe problem first appeared when I obtained source yesterday and built a fresh version.  Prior to this I had been using code that was around 3 or 4 weeks old.\n\n\nThis problem was reproduced several times with unmodified code and no additional overlays or kernel modules being loaded.\n\n\nTypical console output demonstrating problem:\n\n/boot/dtb/bcm2836-rpi-2-b.dtb size=0x4c49\nLoaded DTB from file 'bcm2836-rpi-2-b.dtb'.\nKernel entry at 0x1200100...\nKernel args: (null)\nKDB: debugger backends: ddb\nKDB: current backend: ddb\nCopyright (c) 1992-2018 The FreeBSD Project.\nCopyright (c) 1979, 1980, 1983, 1986, 1988, 1989, 1991, 1992, 1993, 1994\n\tThe Regents of the University of California. All rights reserved.\nFreeBSD is a registered trademark of The FreeBSD Foundation.\nFreeBSD 12.0-CURRENT #2 r334665M: Tue Jun  5 21:17:17 PDT 2018\n    bobf@hack.SFT.local:/e-drive/obj.current/e-drive/src.current/arm.armv7/sys/RPI2 arm\nFreeBSD clang version 6.0.0 (tags/RELEASE_600/final 326565) (based on LLVM 6.0.0)\nWARNING: WITNESS option enabled, expect reduced performance.\nVT: init without driver.\nCPU: ARM Cortex-A7 r0p5 (ECO: 0x00000000)\nCPU Features: \n  Multiprocessing, Thumb2, Security, Virtualization, Generic Timer, VMSAv7,\n  PXN, LPAE, Coherent Walk\nOptional instructions: \n  SDIV/UDIV, UMULL, SMULL, SIMD(ext)\nLoUU:2 LoC:3 LoUIS:2 \nCache level 1:\n 32KB/64B 4-way data cache WB Read-Alloc Write-Alloc\n 32KB/32B 2-way instruction cache Read-Alloc\nCache level 2:\n 512KB/64B 8-way unified cache WB Read-Alloc Write-Alloc\nreal memory  = 0 (0 MB)\navail memory = 1008672768 (961 MB)\nFreeBSD/SMP: Multiprocessor System Detected: 4 CPUs\nrandom: unblocking device.\nrandom: entropy device external interface\nkbd0 at kbdmux0\nofwbus0: \u003cOpen Firmware Device Tree\u003e\nsimplebus0: \u003cFlattened device tree simple bus\u003e on ofwbus0\nlocal_intc0: \u003cBCM2836 Interrupt Controller\u003e mem 0x40000000-0x400000ff on simplebus0\nintc0: \u003cBCM2835 Interrupt Controller\u003e mem 0x7e00b200-0x7e00b3ff irq 25 on simplebus0\ngpio0: \u003cBCM2708/2835 GPIO controller\u003e mem 0x7e200000-0x7e2000b3 irq 27,28,29,30 on simplebus0\ngpio0: read-only pins: 46-53.\ngpio0: reserved pins: 48-53.\ngpiobus0: \u003cOFW GPIO bus\u003e on gpio0\ngeneric_timer0: \u003cARMv7 Generic Timer\u003e irq 1,2,3,4 on ofwbus0\nTimecounter \"ARM MPCore Timecounter\" frequency 19200000 Hz quality 1000\nEvent timer \"ARM MPCore Eventtimer\" frequency 19200000 Hz quality 1000\nbcm_dma0: \u003cBCM2835 DMA Controller\u003e mem 0x7e007000-0x7e007eff irq 9,10,11,12,13,14,15,16,17,18,19,20,21,22,23,24 on simplebus0\nbcmwd0: \u003cBCM2708/2835 Watchdog\u003e mem 0x7e100000-0x7e100027 on simplebus0\nbcmrng0: \u003cBroadcom BCM2835 RNG\u003e mem 0x7e104000-0x7e10400f on simplebus0\nmbox0: \u003cBCM2835 VideoCore Mailbox\u003e mem 0x7e00b880-0x7e00b8bf irq 26 on simplebus0\ngpioc0: \u003cGPIO controller\u003e on gpio0\nuart0: \u003cPrimeCell UART (PL011)\u003e mem 0x7e201000-0x7e201fff irq 31 on simplebus0\nuart0: console (115200,n,8,1)\nspi0: \u003cBCM2708/2835 SPI controller\u003e mem 0x7e204000-0x7e204fff irq 33 on simplebus0\nspibus0: \u003cOFW SPI bus\u003e on spi0\niichb0: \u003cBCM2708/2835 BSC controller\u003e mem 0x7e205000-0x7e205fff irq 34 on simplebus0\nsdhci_bcm0: \u003cBroadcom 2708 SDHCI controller\u003e mem 0x7e300000-0x7e3000ff irq 41 on simplebus0\nmmc0: \u003cMMC/SD bus\u003e on sdhci_bcm0\niichb1: \u003cBCM2708/2835 BSC controller\u003e mem 0x7e804000-0x7e804fff irq 44 on simplebus0\niichb2: \u003cBCM2708/2835 BSC controller\u003e mem 0x7e805000-0x7e805fff irq 45 on simplebus0\nbcm283x_dwcotg0: \u003cDWC OTG 2.0 integrated USB controller (bcm283x)\u003e mem 0x7e980000-0x7e98ffff irq 50 on simplebus0\nusbus0 on bcm283x_dwcotg0\nvchiq0: \u003cBCM2835 VCHIQ\u003e mem 0x7e00b840-0x7e00b84e irq 52 on simplebus0\nvchiq: local ver 8 (min 3), remote ver 8.\npcm0: \u003cVCHIQ audio\u003e on vchiq0\nfb0: \u003cBCM2835 VT framebuffer driver\u003e on simplebus0\nfbd0 on fb0\nVT: initialize with new VT driver \"fb\".\nfb0: 656x416(656x416@0,0) 24bpp\nfb0: fbswap: 0, pitch 1968, base 0x3ef34000, screen_size 818688\ncpulist0: \u003cOpen Firmware CPU Group\u003e on ofwbus0\ncpu0: \u003cOpen Firmware CPU\u003e on cpulist0\nbcm2835_cpufreq0: \u003cCPU Frequency Control\u003e on cpu0\ncpu1: \u003cOpen Firmware CPU\u003e on cpulist0\ncpu2: \u003cOpen Firmware CPU\u003e on cpulist0\ncpu3: \u003cOpen Firmware CPU\u003e on cpulist0\ngpioled0: \u003cGPIO LEDs\u003e on ofwbus0\ncryptosoft0: \u003csoftware crypto\u003e\nTimecounters tick every 1.000 msec\nusbus0: 480Mbps High Speed USB v2.0\niicbus0: \u003cOFW I2C bus\u003e on iichb0\niic0: \u003cI2C generic I/O\u003e on iicbus0\nugen0.1: \u003cDWCOTG OTG Root HUB\u003e at usbus0\nuhub0: \u003cDWCOTG OTG Root HUB, class 9/0, rev 2.00/1.00, addr 1\u003e on usbus0\nmmcsd0: 4GB \u003cSDHC SS04G 8.0 SN 032B0249 MFG 11/2014 by 3 SD\u003e at mmc0 50.0MHz/4bit/65535-block\niicbus1: \u003cOFW I2C bus\u003e on iichb1\niic1: \u003cI2C generic I/O\u003e on iicbus1\niicbus2: \u003cOFW I2C bus\u003e on iichb2\niic2: \u003cI2C generic I/O\u003e on iicbus2\nbcm2835_cpufreq0: ARM 600MHz, Core 250MHz, SDRAM 400MHz, Turbo OFF\nRelease APs\n\n(this is where the hang takes place; no response to keyboard input on the serial console at this point.  power cycle is only option)"
}