{
 "id": 366173,
 "bug_id": 106960,
 "attachment_id": 0,
 "creation_time": "2006-12-20T04:50:11Z",
 "creator": "kakehi@kme.co.jp",
 "text": "6.2-PRERELEASE(RC1) can't find SATA 2nd ch's drive.\n6.1-Stable (Sep.2006) can find SATA 2nd ch's drive as ad10. \nIf force boot from SATA-2nd (by BIOS setting), 6.2-PRERELEASE can boot,\nbut can't find ad10.\nad8(SATA ch0:ata4) and ad10(SATA ch1:ata5) has same disklabels.\n\n# /dev/ad8s1:\n8 partitions:\n#        size   offset    fstype   [fsize bsize bps/cpg]\n  a:  1048576        0    4.2BSD     2048 16384     8\n  b:  2044560  1048576      swap\n  c: 625137282        0    unused        0     0         # \"raw\" part, don't edit\n  d:  3119104  3093136    4.2BSD     2048 16384 28552\n  e:  1048576  6212240    4.2BSD     2048 16384     8\n  f: 16777216  7260816    4.2BSD     2048 16384 28552\n  g: 601099250 24038032    4.2BSD     2048 16384 28552\n\nd,f,g partitions are gmirrored, and e partition are gstriped.\nccd1,ccd2 are constructed on PATA.\n\nMy kernel is GENERIC + ccd,vlan. \n\n  CPU: Celeron D352\n  M/B: ASRock 775Dual-VSTA VIA PT880/VT8237A\n\ndmesg is \nCopyright (c) 1992-2006 The FreeBSD Project.\nCopyright (c) 1979, 1980, 1983, 1986, 1988, 1989, 1991, 1992, 1993, 1994\n        The Regents of the University of California. All rights reserved.\nFreeBSD is a registered trademark of The FreeBSD Foundation.\nFreeBSD 6.2-PRERELEASE #3: Tue Dec 19 19:52:39 JST 2006\n    root@pp.kme.co.jp:/usr/obj/usr/src/sys/GENERIC-KK\nACPI APIC Table: \u003cA M I  OEMAPIC \u003e\nTimecounter \"i8254\" frequency 1193182 Hz quality 0\nCPU: Intel(R) Celeron(R) D CPU 3.20GHz (3213.54-MHz 686-class CPU)\n  Origin = \"GenuineIntel\"  Id = 0xf64  Stepping = 4\n  Features=0xbfebfbff\u003cFPU,VME,DE,PSE,TSC,MSR,PAE,MCE,CX8,APIC,SEP,MTRR,PGE,MCA,CMOV,PAT,PSE36,CLFLUSH,DTS,ACPI,MMX,FXSR\n,SSE,SSE2,SS,HTT,TM,PBE\u003e\n  Features2=0xe41d\u003cSSE3,RSVD2,MON,DS_CPL,CNTX-ID,CX16,\u003cb14\u003e,\u003cb15\u003e\u003e\n  AMD Features=0x20000000\u003cLM\u003e\n  AMD Features2=0x1\u003cLAHF\u003e\nreal memory  = 536543232 (511 MB)\navail memory = 515624960 (491 MB)\nioapic0 \u003cVersion 0.3\u003e irqs 0-23 on motherboard\nioapic1 \u003cVersion 0.3\u003e irqs 24-47 on motherboard\nkbd1 at kbdmux0\nath_hal: 0.9.17.2 (AR5210, AR5211, AR5212, RF5111, RF5112, RF2413, RF5413)\nacpi0: \u003cA M I OEMRSDT\u003e on motherboard\nacpi0: Power Button (fixed)\nTimecounter \"ACPI-fast\" frequency 3579545 Hz quality 1000\nacpi_timer0: \u003c24-bit timer at 3.579545MHz\u003e port 0x808-0x80b on acpi0\ncpu0: \u003cACPI CPU\u003e on acpi0\n    ACPI-1304: *** Error: Method execution failed [\\\\_PR_.CPU1._PDC] (Node 0xc328b780), AE_BAD_HEADER\npcib0: \u003cACPI Host-PCI bridge\u003e port 0xcf8-0xcff on acpi0\npci0: \u003cACPI PCI bus\u003e on pcib0\npci0: \u003cbase peripheral, interrupt controller\u003e at device 0.5 (no driver attached)\npcib1: \u003cACPI PCI-PCI bridge\u003e at device 1.0 on pci0\npci1: \u003cACPI PCI bus\u003e on pcib1\npci1: \u003cdisplay, VGA\u003e at device 0.0 (no driver attached)\npcib2: \u003cACPI PCI-PCI bridge\u003e irq 27 at device 2.0 on pci0\npci2: \u003cACPI PCI bus\u003e on pcib2\nti0: \u003cNetgear GA620 1000baseSX Gigabit Ethernet\u003e mem 0xff6f8000-0xff6fbfff irq 17 at device 9.0 on pci0\nti0: Ethernet address: 00:a0:cc:73:48:73\nti0: if_start running deferred for Giant\nti0: [GIANT-LOCKED]\natapci0: \u003cITE IT8212F UDMA133 controller\u003e port 0xd400-0xd407,0xcc00-0xcc03,0xc880-0xc887,0xc800-0xc803,0xc480-0xc48f ir\nq 16 at device 12.0 on pci0\nata2: \u003cATA channel 0\u003e on atapci0\nata3: \u003cATA channel 1\u003e on atapci0\natapci1: \u003cVIA 8237A SATA150 controller\u003e port 0xe000-0xe007,0xdc00-0xdc03,0xd880-0xd887,0xd800-0xd803,0xd480-0xd48f,0xd0\n00-0xd0ff irq 21 at device 15.0 on pci0\nata4: \u003cATA channel 0\u003e on atapci1\nata5: \u003cATA channel 1\u003e on atapci1\natapci2: \u003cVIA 8237A UDMA133 controller\u003e port 0x1f0-0x1f7,0x3f6,0x170-0x177,0x376,0xfc00-0xfc0f at device 15.1 on pci0\nata0: \u003cATA channel 0\u003e on atapci2\nata1: \u003cATA channel 1\u003e on atapci2\nuhci0: \u003cVIA 83C572 USB controller\u003e port 0xe080-0xe09f irq 20 at device 16.0 on pci0\nuhci0: [GIANT-LOCKED]\nusb0: \u003cVIA 83C572 USB controller\u003e on uhci0\nusb0: USB revision 1.0\nuhub0: VIA UHCI root hub, class 9/0, rev 1.00/1.00, addr 1\nuhub0: 2 ports with 2 removable, self powered\nuhci1: \u003cVIA 83C572 USB controller\u003e port 0xe400-0xe41f irq 22 at device 16.1 on pci0\nuhci1: [GIANT-LOCKED]\nusb1: \u003cVIA 83C572 USB controller\u003e on uhci1\nusb1: USB revision 1.0\nuhub1: VIA UHCI root hub, class 9/0, rev 1.00/1.00, addr 1\nuhub1: 2 ports with 2 removable, self powered\nuhci2: \u003cVIA 83C572 USB controller\u003e port 0xe480-0xe49f irq 21 at device 16.2 on pci0\nuhci2: [GIANT-LOCKED]\nusb2: \u003cVIA 83C572 USB controller\u003e on uhci2\nusb2: USB revision 1.0\nuhub2: VIA UHCI root hub, class 9/0, rev 1.00/1.00, addr 1\nuhub2: 2 ports with 2 removable, self powered\nuhci3: \u003cVIA 83C572 USB controller\u003e port 0xec00-0xec1f irq 23 at device 16.3 on pci0\nuhci3: [GIANT-LOCKED]\nusb3: \u003cVIA 83C572 USB controller\u003e on uhci3\nusb3: USB revision 1.0\nuhub3: VIA UHCI root hub, class 9/0, rev 1.00/1.00, addr 1\nuhub3: 2 ports with 2 removable, self powered\nehci0: \u003cVIA VT6202 USB 2.0 controller\u003e mem 0xff6ff800-0xff6ff8ff irq 21 at device 16.4 on pci0\nehci0: [GIANT-LOCKED]\nusb4: EHCI version 1.0\nusb4: companion controllers, 2 ports each: usb0 usb1 usb2 usb3\nusb4: \u003cVIA VT6202 USB 2.0 controller\u003e on ehci0\nusb4: USB revision 2.0\nuhub4: VIA EHCI root hub, class 9/0, rev 2.00/1.00, addr 1\nuhub4: 8 ports with 8 removable, self powered\nisab0: \u003cPCI-ISA bridge\u003e at device 17.0 on pci0\nisa0: \u003cISA bus\u003e on isab0\nvr0: \u003cVIA VT6102 Rhine II 10/100BaseTX\u003e port 0xe800-0xe8ff mem 0xff6ffc00-0xff6ffcff irq 23 at device 18.0 on pci0\nmiibus0: \u003cMII bus\u003e on vr0\nukphy0: \u003cGeneric IEEE 802.3u media interface\u003e on miibus0\nukphy0:  10baseT, 10baseT-FDX, 100baseTX, 100baseTX-FDX, auto\nvr0: Ethernet address: 00:13:8f:e7:2a:63\npcib3: \u003cACPI Host-PCI bridge\u003e port 0xcf8-0xcff on acpi0\npci128: \u003cACPI PCI bus\u003e on pcib3\npci128: \u003cmultimedia\u003e at device 1.0 (no driver attached)\nacpi_button0: \u003cPower Button\u003e on acpi0\nfdc0: \u003cfloppy drive controller (FDE)\u003e port 0x3f0-0x3f5,0x3f7 irq 6 drq 2 on acpi0\nfdc0: [FAST]\nfd0: \u003c1440-KB 3.5\" drive\u003e on fdc0 drive 0\natkbdc0: \u003cKeyboard controller (i8042)\u003e port 0x60,0x64 irq 1 on acpi0\natkbd0: \u003cAT Keyboard\u003e irq 1 on atkbdc0\nkbd0 at atkbd0\natkbd0: [GIANT-LOCKED]\npsm0: \u003cPS/2 Mouse\u003e irq 12 on atkbdc0\npsm0: [GIANT-LOCKED]\npsm0: model Generic PS/2 mouse, device ID 0\nsio0: configured irq 4 not in bitmap of probed irqs 0\nsio0: port may not be enabled\nsio0: \u003c16550A-compatible COM port\u003e port 0x3f8-0x3ff irq 4 flags 0x10 on acpi0\nsio0: type 16550A\npmtimer0 on isa0\norm0: \u003cISA Option ROM\u003e at iomem 0xc0000-0xc7fff on isa0\nppc0: parallel port not found.\nsc0: \u003cSystem console\u003e at flags 0x100 on isa0\nsc0: VGA \u003c16 virtual consoles, flags=0x300\u003e\nsio1: configured irq 3 not in bitmap of probed irqs 0\nsio1: port may not be enabled\nvga0: \u003cGeneric ISA VGA\u003e at port 0x3c0-0x3df iomem 0xa0000-0xbffff on isa0\nTimecounter \"TSC\" frequency 3213544728 Hz quality 800\nTimecounters tick every 1.000 msec\nIPv6 packet filtering initialized, unlimited logging\nipfw2 (+ipv6) initialized, divert loadable, rule-based forwarding disabled, default to deny, logging unlimited\nad4: 76319MB \u003cSeagate ST380021A 3.10\u003e at ata2-master UDMA100\nad4: Adaptec unknown RAID type 0x05\nad5: 76319MB \u003cSeagate ST380021A 3.19\u003e at ata2-slave UDMA100\nad5: Adaptec unknown RAID type 0x05\nad6: 114473MB \u003cSeagate ST3120026A 8.01\u003e at ata3-master UDMA100\nad7: 114473MB \u003cSeagate ST3120026A 3.54\u003e at ata3-slave UDMA100\nad8: 305245MB \u003cHitachi HDT725032VLA380 V54OA52A\u003e at ata4-master SATA150\nGEOM_MIRROR: Device var created (id=2716759581).\nGEOM_MIRROR: Device var: provider ad8s1d detected.\nGEOM_STRIPE: Device tmp created (id=1326731203).\nGEOM_STRIPE: Disk ad8s1e attached to tmp.\nGEOM_MIRROR: Device usr created (id=2964578398).\nGEOM_MIRROR: Device usr: provider ad8s1f detected.\nGEOM_MIRROR: Device home created (id=3919327070).\nGEOM_MIRROR: Device home: provider ad8s1g detected.\nRoot mount waiting for: GMIRROR GMIRROR GMIRROR\nRoot mount waiting for: GMIRROR GMIRROR GMIRROR\nRoot mount waiting for: GMIRROR GMIRROR GMIRROR\nRoot mount waiting for: GMIRROR GMIRROR GMIRROR\nGEOM_MIRROR: Force device var start due to timeout.\nGEOM_MIRROR: Device var: provider ad8s1d activated.\nGEOM_MIRROR: Device var: provider mirror/var launched.\nRoot mount waiting for: GMIRROR GMIRROR\nGEOM_MIRROR: Force device usr start due to timeout.\nGEOM_MIRROR: Device usr: provider ad8s1f activated.\nGEOM_MIRROR: Device usr: provider mirror/usr launched.\nGEOM_MIRROR: Force device home start due to timeout.\nGEOM_MIRROR: Device home: provider ad8s1g activated.\nGEOM_MIRROR: Device home: provider mirror/home launched.\nTrying to mount root from ufs:/dev/ad8s1a\nccd1: mirror/parity forces uniform flag\nccd2: mirror/parity forces uniform flag\nti0: gigabit link up\n\nFix: \n\nNothing.\nHow-To-Repeat: Every time."
}