{
 "id": 396396,
 "bug_id": 113439,
 "attachment_id": 0,
 "creation_time": "2007-06-07T05:50:02Z",
 "creator": "jnaughto@ee.ryerson.ca",
 "text": "Upgraded server from Freebsd 4.11 to Freebsd 6.2 (ie re-installed server).\nBasically did a pkg_info \u003e installed packages on the old server then simply\ninstalled all the packages on the new 6.2 server.  Old Freebsd 4.11 server\nran for 4 years no problems.  Upgraded the OS so I could continue to be\nsupported through the port tree.  Yet now the server crashes randomly\nproducing the following output:\n\nFatal trap 12: page fault while in kernel mode\ncpuid = 2; apic id = 06\nfault virtual address   = 0x34\nfault code              = supervisor read, page not present\ninstruction pointer     = 0x20:0xc05c8d1c\nstack pointer           = 0x28:0xe8f2d8d4\nframe pointer           = 0x28:0xe8f2d8f4\ncode segment            = base 0x0, limit 0xfffff, type 0x1b\n                        = DPL 0, pres 1, def32 1, gran 1\nprocessor eflags        = interrupt enabled, resume, IOPL = 0\ncurrent process         = 231 (perl5.8.8)\ntrap number             = 12\npanic: page fault\ncpuid = 0\nUptime: 11d8h35m49s\nCannot dump. No dump device defined.\nAutomatic reboot in 15 seconds - press a key on the console to abort\nRebooting...\n\nI have attempted turning of ACPI, used GENERIC kernel configuration\nand a stripped down kernel configuration.  Regardless the same panic\noccurs.\n\nI've attempted to install all the kernel debugging so that I could trace the\noutput but it seems that the server reboots instead of giving prompt with KDB.\n\nPresent conf is:\n\nmachine         i386\ncpu             I486_CPU\ncpu             I586_CPU\ncpu             I686_CPU\nident           eccles\nmakeoptions     DEBUG=-g                # Build kernel with gdb(1) debug symbols\noptions         SCHED_4BSD              # 4BSD scheduler\noptions         PREEMPTION              # Enable kernel thread preemption\noptions         INET                    # InterNETworking\noptions         INET6                   # IPv6 communications protocols\noptions         FFS                     # Berkeley Fast Filesystem\noptions         SOFTUPDATES             # Enable FFS soft updates support\noptions         UFS_ACL                 # Support for access control lists\noptions         UFS_DIRHASH             # Improve performance on big directories\noptions         MD_ROOT                 # MD is a potential root device\noptions         NFSCLIENT               # Network Filesystem Client\noptions         NFSSERVER               # Network Filesystem Server\noptions         NFS_ROOT                # NFS usable as /, requires NFSCLIENT\noptions         MSDOSFS                 # MSDOS Filesystem\noptions         CD9660                  # ISO 9660 Filesystem\noptions         PROCFS                  # Process filesystem (requires PSEUDOFS)\noptions         PSEUDOFS                # Pseudo-filesystem framework\noptions         GEOM_GPT                # GUID Partition Tables.\noptions         COMPAT_43               # Compatible with BSD 4.3 [KEEP THIS!]\noptions         COMPAT_FREEBSD4         # Compatible with FreeBSD4\noptions         COMPAT_FREEBSD5         # Compatible with FreeBSD5\noptions         SCSI_DELAY=5000         # Delay (in ms) before probing SCSI\noptions         KTRACE                  # ktrace(1) support\noptions         SYSVSHM                 # SYSV-style shared memory\noptions         SYSVMSG                 # SYSV-style message queues\noptions         SYSVSEM                 # SYSV-style semaphores\noptions         _KPOSIX_PRIORITY_SCHEDULING \noptions         KBD_INSTALL_CDEV        # install a CDEV entry in /dev\noptions         ADAPTIVE_GIANT          # Giant mutex is adaptive.\ndevice          apic                    # I/O APIC\noptions         SMP                     # Symmetric MultiProcessor Kernel\noptions         PERFMON\noptions         KDB\noptions         NPX_DEBUG=1       # enable npx debugging\noptions         VESA_DEBUG=1\noptions         DRM_DEBUG=1       # Include debug printfs (slow)\noptions         WLDEBUG=1         # enables verbose debugging output\noptions         TWA_DEBUG=1               # 0-10; 10 prints the most messages.\noptions         SAFE_DEBUG=1      # enable debugging support: hw.safe.debug\noptions         SX_DEBUG=1\noptions         DEBUG_SVR4=1      # enable verbose debugging\noptions         PECOFF_DEBUG=1\noptions         KBDIO_DEBUG=2\noptions         PSM_DEBUG=1\ndevice          eisa\ndevice          pci\ndevice          fdc\ndevice          ata\ndevice          atadisk         # ATA disk drives\ndevice          ataraid         # ATA RAID drives\ndevice          atapicd         # ATAPI CDROM drives\ndevice          atapifd         # ATAPI floppy drives\ndevice          atapist         # ATAPI tape drives\noptions         ATA_STATIC_ID   # Static device numbering\ndevice          mpt             # LSI-Logic MPT-Fusion\ndevice          scbus           # SCSI bus (required for SCSI)\ndevice          ch              # SCSI media changers\ndevice          da              # Direct Access (disks)\ndevice          sa              # Sequential Access (tape etc)\ndevice          cd              # CD\ndevice          pass            # Passthrough device (direct SCSI access)\ndevice          ses             # SCSI Environmental Services (and SAF-TE)\ndevice          amr             # AMI MegaRAID\ndevice          atkbdc          # AT keyboard controller\ndevice          atkbd           # AT keyboard\ndevice          psm             # PS/2 mouse\ndevice          kbdmux          # keyboard multiplexer\ndevice          vga             # VGA video card driver\ndevice          splash          # Splash screen and screen saver support\ndevice          sc\ndevice          agp             # support several AGP chipsets\ndevice          pmtimer\ndevice          sio             # 8250, 16[45]50 based serial ports\ndevice          de              # DEC/Intel DC21x4x (``Tulip'')\ndevice          em              # Intel PRO/1000 adapter Gigabit Ethernet Card\ndevice          ixgb            # Intel PRO/10GbE Ethernet Card\ndevice          txp             # 3Com 3cR990 (``Typhoon'')\ndevice          vx              # 3Com 3c590, 3c595 (``Vortex'')\ndevice          miibus          # MII bus support\ndevice          bce             # Broadcom BCM5706/BCM5708 Gigabit Ethernet\ndevice          bfe             # Broadcom BCM440x 10/100 Ethernet\ndevice          bge             # Broadcom BCM570xx Gigabit Ethernet\ndevice          dc              # DEC/Intel 21143 and various workalikes\ndevice          fxp             # Intel EtherExpress PRO/100B (82557, 82558)\ndevice          lge             # Level 1 LXT1001 gigabit Ethernet\ndevice          msk             # Marvell/SysKonnect Yukon II Gigabit Ethernet\ndevice          nge             # NatSemi DP83820 gigabit Ethernet\ndevice          nve             # nVidia nForce MCP on-board Ethernet Networking\ndevice          pcn             # AMD Am79C97x PCI 10/100(precedence over 'lnc')\ndevice          re              # RealTek 8139C+/8169/8169S/8110S\ndevice          rl              # RealTek 8129/8139\ndevice          sf              # Adaptec AIC-6915 (``Starfire'')\ndevice          sis             # Silicon Integrated Systems SiS 900/SiS 7016\ndevice          sk              # SysKonnect SK-984x \u0026 SK-982x gigabit Ethernet\ndevice          ste             # Sundance ST201 (D-Link DFE-550TX)\ndevice          stge            # Sundance/Tamarack TC9021 gigabit Ethernet\ndevice          ti              # Alteon Networks Tigon I/II gigabit Ethernet\ndevice          tl              # Texas Instruments ThunderLAN\ndevice          tx              # SMC EtherPower II (83c170 ``EPIC'')\ndevice          vge             # VIA VT612x gigabit Ethernet\ndevice          vr              # VIA Rhine, Rhine II\ndevice          wb              # Winbond W89C840F\ndevice          xl              # 3Com 3c90x (``Boomerang'', ``Cyclone'')\ndevice          loop            # Network loopback\ndevice          random          # Entropy device\ndevice          ether           # Ethernet support\ndevice          sl              # Kernel SLIP\ndevice          ppp             # Kernel PPP\ndevice          tun             # Packet tunnel.\ndevice          pty             # Pseudo-ttys (telnet etc)\ndevice          md              # Memory \"disks\"\ndevice          gif             # IPv6 and IPv4 tunneling\ndevice          faith           # IPv6-to-IPv4 relaying (translation)\ndevice          bpf             # Berkeley packet filter\n\nDmesg output:\n\nCopyright (c) 1992-2007 The FreeBSD Project.\nCopyright (c) 1979, 1980, 1983, 1986, 1988, 1989, 1991, 1992, 1993, 1994\n        The Regents of the University of California. All rights reserved.\nFreeBSD is a registered trademark of The FreeBSD Foundation.\nFreeBSD 6.2-STABLE #7: Sat May 26 02:04:17 EDT 2007\n    root@server:/usr/obj/usr/src/sys/eccles2\nTimecounter \"i8254\" frequency 1193182 Hz quality 0\nCPU: Intel(R) Xeon(TM) CPU 3.20GHz (3192.01-MHz 686-class CPU)\n  Origin = \"GenuineIntel\"  Id = 0xf41  Stepping = 1\n  Features=0xbfebfbff\u003cFPU,VME,DE,PSE,TSC,MSR,PAE,MCE,CX8,APIC,SEP,MTRR,PGE,MCA,C\nMOV,PAT,PSE36,CLFLUSH,DTS,ACPI,MMX,FXSR,SSE,SSE2,SS,HTT,TM,PBE\u003e\n  Features2=0x641d\u003cSSE3,RSVD2,MON,DS_CPL,CNTX-ID,CX16,\u003cb14\u003e\u003e\n  AMD Features=0x20100000\u003cNX,LM\u003e\n  Logical CPUs per core: 2\nreal memory  = 2147352576 (2047 MB)\navail memory = 2096361472 (1999 MB)\nACPI APIC Table: \u003cA M I  OEMAPIC \u003e\nFreeBSD/SMP: Multiprocessor System Detected: 4 CPUs\n cpu0 (BSP): APIC ID:  0\n cpu1 (AP): APIC ID:  1\n cpu2 (AP): APIC ID:  6\n cpu3 (AP): APIC ID:  7\nioapic0 \u003cVersion 2.0\u003e irqs 0-23 on motherboard\nioapic1 \u003cVersion 2.0\u003e irqs 24-47 on motherboard\nioapic2 \u003cVersion 2.0\u003e irqs 48-71 on motherboard\nkbd1 at kbdmux0\nacpi0: \u003cA M I OEMRSDT\u003e on motherboard\nacpi0: Power Button (fixed)\nTimecounter \"ACPI-fast\" frequency 3579545 Hz quality 1000\nacpi_timer0: \u003c24-bit timer at 3.579545MHz\u003e port 0x408-0x40b on acpi0\ncpu0: \u003cACPI CPU\u003e on acpi0\nacpi_throttle0: \u003cACPI CPU Throttling\u003e on cpu0\ncpu1: \u003cACPI CPU\u003e on acpi0\nacpi_throttle1: \u003cACPI CPU Throttling\u003e on cpu1\ncpu2: \u003cACPI CPU\u003e on acpi0\ncpu3: \u003cACPI CPU\u003e on acpi0\npcib0: \u003cACPI Host-PCI bridge\u003e port 0xcf8-0xcff on acpi0\npci0: \u003cACPI PCI bus\u003e on pcib0\npci0: \u003cunknown\u003e at device 0.1 (no driver attached)\npci0: \u003cbase peripheral\u003e at device 1.0 (no driver attached)\npcib1: \u003cACPI PCI-PCI bridge\u003e irq 16 at device 2.0 on pci0\npci1: \u003cACPI PCI bus\u003e on pcib1\npcib2: \u003cACPI PCI-PCI bridge\u003e at device 0.0 on pci1\npci2: \u003cACPI PCI bus\u003e on pcib2\nmpt0: \u003cLSILogic 1030 Ultra4 Adapter\u003e port 0xc800-0xc8ff mem 0xdedc0000-0xdedcfff\nf,0xdedb0000-0xdedbffff irq 26 at device 5.0 on pci2\nmpt0: [GIANT-LOCKED]\nmpt0: MPI Version=1.2.14.0\nmpt0: Capabilities: ( RAID-1E RAID-1 SAFTE )\nmpt0: 0 Active Volumes (1 Max)\nmpt0: 0 Hidden Drive Members (6 Max)\nmpt1: \u003cLSILogic 1030 Ultra4 Adapter\u003e port 0xcc00-0xccff mem 0xdedf0000-0xdedffff\nf,0xdede0000-0xdedeffff irq 25 at device 5.1 on pci2\nmpt1: [GIANT-LOCKED]\nmpt1: MPI Version=1.2.14.0\nmpt1: Capabilities: ( RAID-1E RAID-1 SAFTE )\nmpt1: 0 Active Volumes (1 Max)\nmpt1: 0 Hidden Drive Members (6 Max)\npcib3: \u003cACPI PCI-PCI bridge\u003e at device 0.2 on pci1\npci3: \u003cACPI PCI bus\u003e on pcib3\nem0: \u003cIntel(R) PRO/1000 Network Connection Version - 6.2.9\u003e port 0xdc00-0xdc3f m\nem 0xdeea0000-0xdeebffff irq 54 at device 4.0 on pci3\nem0: Ethernet address: XX:XX:XX:XX:XX:XX\nem1: \u003cIntel(R) PRO/1000 Network Connection Version - 6.2.9\u003e port 0xdc80-0xdcbf m\nem 0xdeee0000-0xdeefffff irq 55 at device 4.1 on pci3\nem1: Ethernet address: XX:XX:XX:XX:XX:XX\npcib4: \u003cACPI PCI-PCI bridge\u003e at device 30.0 on pci0\npci4: \u003cACPI PCI bus\u003e on pcib4\npci4: \u003cdisplay, VGA\u003e at device 12.0 (no driver attached)\nisab0: \u003cPCI-ISA bridge\u003e at device 31.0 on pci0\nisa0: \u003cISA bus\u003e on isab0\natapci0: \u003cIntel ICH5 UDMA100 controller\u003e port 0x1f0-0x1f7,0x3f6,0x170-0x177,0x37\n6,0xfc00-0xfc0f at device 31.1 on pci0\nata0: \u003cATA channel 0\u003e on atapci0\nata1: \u003cATA channel 1\u003e on atapci0\npci0: \u003cserial bus, SMBus\u003e at device 31.3 (no driver attached)\nacpi_button0: \u003cPower Button\u003e on acpi0\natkbdc0: \u003cKeyboard controller (i8042)\u003e port 0x60,0x64 irq 1 on acpi0\natkbd0: \u003cAT Keyboard\u003e irq 1 on atkbdc0\nkbd0 at atkbd0\natkbd0: [GIANT-LOCKED]\npsm0: current command byte:0065\npsm0: \u003cPS/2 Mouse\u003e irq 12 on atkbdc0\npsm0: [GIANT-LOCKED]\npsm0: model Generic PS/2 mouse, device ID 0-00, 2 buttons\npsm0: config:00000000, flags:00000008, packet size:3\npsm0: syncmask:c0, syncbits:00\nsio0: \u003c16550A-compatible COM port\u003e port 0x3f8-0x3ff irq 4 on acpi0\nsio0: type 16550A\nsio1: \u003c16550A-compatible COM port\u003e port 0x2f8-0x2ff irq 3 flags 0x30 on acpi0\nsio1: type 16550A, console\npmtimer0 on isa0\norm0: \u003cISA Option ROMs\u003e at iomem 0xc0000-0xca7ff,0xca800-0xce7ff,0xce800-0xcf7ff\n,0xcf800-0xd07ff,0xdc000-0xdffff on isa0\nsc0: \u003cSystem console\u003e at flags 0x100 on isa0\nsc0: VGA \u003c16 virtual consoles, flags=0x100\u003e\nvga0: \u003cGeneric ISA VGA\u003e at port 0x3c0-0x3df iomem 0xa0000-0xbffff on isa0\nTimecounters tick every 1.000 msec\nacd0: CDROM \u003cSR244W/T01A\u003e at ata1-slave UDMA33\nWaiting 5 seconds for SCSI devices to settle\nses0 at mpt0 bus 0 target 6 lun 0\nses0: \u003cESG-SHV SCA HSBP M29 1.06\u003e Fixed Processor SCSI-2 device \nses0: 3.300MB/s transfers\nses0: SAF-TE Compliant Device\nda0 at mpt0 bus 0 target 0 lun 0\nda0: \u003cSEAGATE ST318404LSUN18G 4203\u003e Fixed Direct Access SCSI-3 device \nda0: 160.000MB/s transfers (80.000MHz, offset 63, 16bit), Tagged Queueing Enable\nd\nda0: 17274MB (35378533 512 byte sectors: 255H 63S/T 2202C)\nda1 at mpt0 bus 0 target 1 lun 0\nda1: \u003cSEAGATE ST318404LSUN18G 4203\u003e Fixed Direct Access SCSI-3 device \nda1: 160.000MB/s transfers (80.000MHz, offset 63, 16bit), Tagged Queueing Enable\nd\nda1: 17274MB (35378533 512 byte sectors: 255H 63S/T 2202C)\nda2 at mpt0 bus 0 target 3 lun 0\nda2: \u003cSEAGATE ST373307LC 0007\u003e Fixed Direct Access SCSI-3 device \nda2: 320.000MB/s transfers (160.000MHz, offset 63, 16bit), Tagged Queueing Enabl\ned\nda2: 70007MB (143374744 512 byte sectors: 255H 63S/T 8924C)\nSMP: AP CPU #2 Launched!\nSMP: AP CPU #1 Launched!\nSMP: AP CPU #3 Launched!\n\nHow-To-Repeat: I'm monitoring it now but cannot get a consistent method to cause the\nserver to crash.  I've setup a console log to monitor the console output\n(shown previously)."
}