{
 "id": 941225,
 "bug_id": 220472,
 "attachment_id": 0,
 "creation_time": "2017-07-07T13:29:12Z",
 "creator": "warlock@phouka.net",
 "text": "I've been extremely frustrated trying to get a kernel dump for this panic.\n\nCurrently:\nFreeBSD jormungandr.phouka.net 11.1-RC1 FreeBSD 11.1-RC1 #79 r313908+8df37be70f94(releng/11.1): Thu Jul  6 18:20:07 PDT 2017     warlock@jormungandr.phouka.net:/usr/obj/usr/src/sys/GENERIC  amd64\n\nFrom rc.conf:\ndumpdev=\"/dev/ada0p1\"\ndumpdir=\"/var/crash\"\nsavecore_enable=\"YES\"\n\n# dumpon -l\nada0p1\n\n# savecore -Cv\nunable to open bounds file, using 0\nchecking for kernel dump on device /dev/ada0p1\nmediasize = 35433480192 bytes\nsectorsize = 512 bytes\nmagic mismatch on last dump header on /dev/ada0p1\nNo dump exists\n\nI've got a pair of ZFS-mirroed Samsung SSD 960 EVO 250GB drives (/dev/nvd[01]) M.2 drives as zroot.  It didn't seem like dumpon liked the encrypted swap partitions on there (even with \"late\" option), so I threw in a extra drive and created a unencrypted swap partition on it with enough space for all the memory, just in case.\n \n# gpart show /dev/nvd0\n=\u003e       40  488397088  nvd0  GPT  (233G)\n         40       1024     1  freebsd-boot  (512K)\n       1064        984        - free -  (492K)\n       2048    4194304     2  freebsd-swap  (2.0G)\n    4196352  484200448     3  freebsd-zfs  (231G)\n  488396800        328        - free -  (164K)\n\n# gpart show /dev/ada0\n=\u003e       40  937703008  ada0  GPT  (447G)\n         40       4056        - free -  (2.0M)\n       4096   69206016     1  freebsd-swap  (33G)\n   69210112  868492936        - free -  (414G)\n\n# grep ' memory ' /var/log/dmesg.today \nreal memory  = 34359738368 (32768 MB)\navail memory = 33191440384 (31653 MB)\n\nNothing is saved to /var/crash.  It exists, only contains \"minfree\" (with the contents of \"2048\").  Booting to single user after panic and running savecore by hand doesn't seem to find anything, either."
}