{
 "id": 370609,
 "bug_id": 107865,
 "attachment_id": 0,
 "creation_time": "2007-01-13T10:00:27Z",
 "creator": "skylord@vt.net.ru",
 "text": "Kernel panics almost every evening when the most heavy network load is on the net. Machine is just a software router for 3 subnets with routed, ipfw, pf (for binat) and no more... \nMay be it's related to my other PR - 107864, because routers are almost the same and doing similar work just on different subnets of my network...\n\nKernel is GENERIC with some devices disabled (SCSI/RAID) and few options added:\noptions DEVICE_POLLING\noptions HZ=1000\noptions IPFIREWALL\noptions DUMMYNET\noptions IPFIREWALL_FORWARD\n\ndmesg\n==============\nCopyright (c) 1992-2007 The FreeBSD Project.\nCopyright (c) 1979, 1980, 1983, 1986, 1988, 1989, 1991, 1992, 1993, 1994\n        The Regents of the University of California. All rights reserved.\nFreeBSD is a registered trademark of The FreeBSD Foundation.\nFreeBSD 6.2-RC2 #0: Mon Jan  8 13:29:30 MSK 2007\n    root@router03.vt.net.ru:/usr/src/sys/i386/compile/skykernel\nACPI APIC Table: \u003cNvidia AWRDACPI\u003e\nTimecounter \"i8254\" frequency 1193182 Hz quality 0\nCPU: AMD Sempron(tm) Processor 2600+ (1607.34-MHz 686-class CPU)\n  Origin = \"AuthenticAMD\"  Id = 0x20fc2  Stepping = 2\n  Features=0x78bfbff\u003cFPU,VME,DE,PSE,TSC,MSR,PAE,MCE,CX8,APIC,SEP,MTRR,PGE,MCA,CMOV,PAT,PSE36,CLFLUSH,MMX,FXSR,SSE,SSE2\u003e\n  Features2=0x1\u003cSSE3\u003e\n  AMD Features=0xe2500800\u003cSYSCALL,NX,MMX+,FFXSR,LM,3DNow+,3DNow\u003e\n  AMD Features2=0x1\u003cLAHF\u003e\nreal memory  = 268369920 (255 MB)\navail memory = 252952576 (241 MB)\nioapic0 \u003cVersion 1.1\u003e irqs 0-23 on motherboard\nkbd1 at kbdmux0\nacpi0: \u003cNvidia AWRDACPI\u003e on motherboard\nacpi0: Power Button (fixed)\nTimecounter \"ACPI-fast\" frequency 3579545 Hz quality 1000\nacpi_timer0: \u003c24-bit timer at 3.579545MHz\u003e port 0x4008-0x400b on acpi0\ncpu0: \u003cACPI CPU\u003e on acpi0\nacpi_button0: \u003cPower Button\u003e on acpi0\npcib0: \u003cACPI Host-PCI bridge\u003e port 0xcf8-0xcff,0xcf0-0xcf3 on acpi0\npci0: \u003cACPI PCI bus\u003e on pcib0\nagp0: \u003cNVIDIA nForce3-250 AGP Controller\u003e mem 0xee000000-0xefffffff at device 0.0 on pci0\nisab0: \u003cPCI-ISA bridge\u003e at device 1.0 on pci0\nisa0: \u003cISA bus\u003e on isab0\npci0: \u003cserial bus, SMBus\u003e at device 1.1 (no driver attached)\nohci0: \u003cOHCI (generic) USB controller\u003e mem 0xf6002000-0xf6002fff irq 20 at device 2.0 on pci0\nohci0: [GIANT-LOCKED]\nusb0: OHCI version 1.0, legacy support\nusb0: SMM does not respond, resetting\nusb0: \u003cOHCI (generic) USB controller\u003e on ohci0\nusb0: USB revision 1.0\nuhub0: nVidia OHCI root hub, class 9/0, rev 1.00/1.00, addr 1\nuhub0: 4 ports with 4 removable, self powered\nohci1: \u003cOHCI (generic) USB controller\u003e mem 0xf6003000-0xf6003fff irq 21 at device 2.1 on pci0\nohci1: [GIANT-LOCKED]\nusb1: OHCI version 1.0, legacy support\nusb1: SMM does not respond, resetting\nusb1: \u003cOHCI (generic) USB controller\u003e on ohci1\nusb1: USB revision 1.0\nuhub1: nVidia OHCI root hub, class 9/0, rev 1.00/1.00, addr 1\nuhub1: 4 ports with 4 removable, self powered\nehci0: \u003cNVIDIA nForce3 250 USB 2.0 controller\u003e mem 0xf6004000-0xf60040ff irq 22 at device 2.2 on pci0\nehci0: [GIANT-LOCKED]\nusb2: EHCI version 1.0\nusb2: companion controllers, 4 ports each: usb0 usb1\nusb2: \u003cNVIDIA nForce3 250 USB 2.0 controller\u003e on ehci0\nusb2: USB revision 2.0\nuhub2: nVidia EHCI root hub, class 9/0, rev 2.00/1.00, addr 1\nuhub2: 8 ports with 8 removable, self powered\nnve0: \u003cNVIDIA nForce MCP7 Networking Adapter\u003e port 0xb800-0xb807 mem 0xf6000000-0xf6000fff irq 20 at device 5.0 on pci0\nnve0: Ethernet address 00:04:61:a5:08:01\nmiibus0: \u003cMII bus\u003e on nve0\nrlphy0: \u003cRTL8201L 10/100 media interface\u003e on miibus0\nrlphy0:  10baseT, 10baseT-FDX, 100baseTX, 100baseTX-FDX, auto\nnve0: Ethernet address: 00:04:61:a5:08:01\natapci0: \u003cnVidia nForce3 Pro UDMA133 controller\u003e port 0x1f0-0x1f7,0x3f6,0x170-0x177,0x376,0xf000-0xf00f at device 8.0 on pci0\nata0: \u003cATA channel 0\u003e on atapci0\nata1: \u003cATA channel 1\u003e on atapci0\npcib1: \u003cACPI PCI-PCI bridge\u003e at device 11.0 on pci0\npci1: \u003cACPI PCI bus\u003e on pcib1\npci1: \u003cdisplay, VGA\u003e at device 0.0 (no driver attached)\npcib2: \u003cACPI PCI-PCI bridge\u003e at device 14.0 on pci0\npci2: \u003cACPI PCI bus\u003e on pcib2\nem0: \u003cIntel(R) PRO/1000 Network Connection Version - 6.2.9\u003e port 0x9000-0x903f mem 0xf5100000-0xf511ffff,0xf5120000-0xf513ffff irq 19 at device 7.0 on pci2\nem0: Ethernet address: 00:07:e9:0f:65:32\nxl0: \u003c3Com 3c905C-TX Fast Etherlink XL\u003e port 0x9400-0x947f mem 0xf5143000-0xf514307f irq 16 at device 8.0 on pci2\nmiibus1: \u003cMII bus\u003e on xl0\nukphy0: \u003cGeneric IEEE 802.3u media interface\u003e on miibus1\nukphy0:  10baseT, 10baseT-FDX, 100baseTX, 100baseTX-FDX, auto\nxl0: Ethernet address: 00:0a:5e:4f:f3:d6\nxl1: \u003c3Com 3c905C-TX Fast Etherlink XL\u003e port 0x9800-0x987f mem 0xf5140000-0xf514007f irq 17 at device 9.0 on pci2\nmiibus2: \u003cMII bus\u003e on xl1\nukphy1: \u003cGeneric IEEE 802.3u media interface\u003e on miibus2\nukphy1:  10baseT, 10baseT-FDX, 100baseTX, 100baseTX-FDX, auto\nxl1: Ethernet address: 00:0a:5e:4f:f3:d9\nxl2: \u003c3Com 3c905C-TX Fast Etherlink XL\u003e port 0x9c00-0x9c7f mem 0xf5141000-0xf514107f irq 18 at device 10.0 on pci2\nmiibus3: \u003cMII bus\u003e on xl2\nukphy2: \u003cGeneric IEEE 802.3u media interface\u003e on miibus3\nukphy2:  10baseT, 10baseT-FDX, 100baseTX, 100baseTX-FDX, auto\nxl2: Ethernet address: 00:0a:5e:4f:f3:e2\nfxp0: \u003cIntel 82559 Pro/100 Ethernet\u003e port 0xa000-0xa03f mem 0xf5142000-0xf5142fff,0xf5000000-0xf50fffff irq 19 at device 11.0 on pci2\nmiibus4: \u003cMII bus\u003e on fxp0\ninphy0: \u003ci82555 10/100 media interface\u003e on miibus4\ninphy0:  10baseT, 10baseT-FDX, 100baseTX, 100baseTX-FDX, auto\nfxp0: Ethernet address: 00:d0:b7:07:c1:cc\nacpi_tz0: \u003cThermal Zone\u003e on acpi0\nfdc0: \u003cfloppy drive controller\u003e port 0x3f0-0x3f5,0x3f7 irq 6 drq 2 on acpi0\nfdc0: [FAST]\nsio0: \u003c16550A-compatible COM port\u003e port 0x3f8-0x3ff irq 4 flags 0x10 on acpi0\nsio0: type 16550A\nsio1: \u003c16550A-compatible COM port\u003e port 0x2f8-0x2ff irq 3 on acpi0\nsio1: type 16550A\nppc0: \u003cStandard parallel printer port\u003e port 0x378-0x37f,0x778-0x77b irq 7 on acpi0\nppc0: Generic chipset (NIBBLE-only) in COMPATIBLE mode\nppbus0: \u003cParallel port bus\u003e on ppc0\nplip0: \u003cPLIP network interface\u003e on ppbus0\nlpt0: \u003cPrinter\u003e on ppbus0\nlpt0: Interrupt-driven port\nppi0: \u003cParallel I/O\u003e on ppbus0\natkbdc0: \u003cKeyboard controller (i8042)\u003e port 0x60,0x64 irq 1 on acpi0\natkbd0: \u003cAT Keyboard\u003e irq 1 on atkbdc0\nkbd0 at atkbd0\natkbd0: [GIANT-LOCKED]\npmtimer0 on isa0\norm0: \u003cISA Option ROMs\u003e at iomem 0xc0000-0xcffff,0xd0000-0xd0fff,0xd1000-0xd17ff,0xd2000-0xd27ff,0xd3000-0xd37ff,0xd4000-0xd4fff on isa0\nsc0: \u003cSystem console\u003e at flags 0x100 on isa0\nsc0: VGA \u003c16 virtual consoles, flags=0x300\u003e\nvga0: \u003cGeneric ISA VGA\u003e at port 0x3c0-0x3df iomem 0xa0000-0xbffff on isa0\nTimecounter \"TSC\" frequency 1607340759 Hz quality 800\nTimecounters tick every 1.000 msec\nipfw2 (+ipv6) initialized, divert loadable, rule-based forwarding enabled, default to deny, logging disabled\nad0: 38204MB \u003cSAMSUNG SP0411N TW100-13\u003e at ata0-master UDMA100\n=================\n\n\nbacktrace\n============================\nkgdb: kvm_nlist(_stopped_cpus):\nkgdb: kvm_nlist(_stoppcbs):\n[GDB will not be able to debug user-mode threads: /usr/lib/libthread_db.so: Undefined symbol \"ps_pglobal_lookup\"]\nGNU gdb 6.1.1 [FreeBSD]\nCopyright 2004 Free Software Foundation, Inc.\nGDB is free software, covered by the GNU General Public License, and you are\nwelcome to change it and/or distribute copies of it under certain conditions.\nType \"show copying\" to see the conditions.\nThere is absolutely no warranty for GDB.  Type \"show warranty\" for details.\nThis GDB was configured as \"i386-marcel-freebsd\".\n\nUnread portion of the kernel message buffer:\nkernel trap 12 with interrupts disabled\n\n\nFatal trap 12: page fault while in kernel mode\nfault virtual address   = 0x78\nfault code              = supervisor read, page not present\ninstruction pointer     = 0x20:0xc05719ad\nstack pointer           = 0x28:0xd6e18a7c\nframe pointer           = 0x28:0xd6e18a80\ncode segment            = base 0x0, limit 0xfffff, type 0x1b\n                        = DPL 0, pres 1, def32 1, gran 1\nprocessor eflags        = resume, IOPL = 0\ncurrent process         = 306 (routed)\ntrap number             = 12\npanic: page fault\nUptime: 2d13h32m45s\nPhysical memory: 247 MB\nDumping 65 MB: 50 34 18 2\n\n#0  doadump () at pcpu.h:165\n165     pcpu.h: No such file or directory.\n        in pcpu.h\n(kgdb) bt\n#0  doadump () at pcpu.h:165\n#1  0xc05513de in boot (howto=260) at ../../../kern/kern_shutdown.c:409\n#2  0xc0551674 in panic (fmt=0xc07318a5 \"%s\") at ../../../kern/kern_shutdown.c:565\n#3  0xc0708790 in trap_fatal (frame=0xd6e18a3c, eva=120) at ../../../i386/i386/trap.c:837\n#4  0xc0707f72 in trap (frame=\n      {tf_fs = 8, tf_es = 40, tf_ds = 40, tf_edi = 16, tf_esi = -1035997184, tf_ebp = -689862016, tf_isp = -689862040, tf_ebx = -1032266368, tf_edx = -1032266368, tf_ecx = 4, tf_eax = -1035997152, tf_trapno = 12, tf_err = 0, tf_eip = -1068033619, tf_cs = 32, tf_eflags = 65539, tf_esp = -1035997184, tf_ss = -689861980})\n    at ../../../i386/i386/trap.c:270\n#5  0xc06f712a in calltrap () at ../../../i386/i386/exception.s:139\n#6  0xc05719ad in turnstile_setowner (ts=0xc278dd80, owner=0x4) at ../../../kern/subr_turnstile.c:432\n#7  0xc0571ca4 in turnstile_wait (lock=0xc2809168, owner=0x4) at ../../../kern/subr_turnstile.c:591\n#8  0xc0547b60 in _mtx_lock_sleep (m=0xc2809168, tid=3258970112, opts=0, file=0x0, line=0)\n    at ../../../kern/kern_mutex.c:579\n#9  0xc05cdcdc in rt_setgate (rt=0xc27e0bdc, dst=0xc27b40e0, gate=0xc363b66c) at ../../../net/route.c:1041\n#10 0xc05ceecd in route_output (m=0xc36fed00, so=0xc247b000) at ../../../net/rtsock.c:487\n#11 0xc05cc634 in raw_usend (so=0x4, flags=0, m=0xc278dd80, nam=0x0, control=0xc23ff020, td=0xc23ff000)\n    at ../../../net/raw_usrreq.c:263\n#12 0xc05ce7cb in rts_send (so=0xc247b000, flags=0, m=0xc36fed00, nam=0x0, control=0x0, td=0xc23ff000)\n    at ../../../net/rtsock.c:269\n#13 0xc058a4d3 in sosend (so=0xc247b000, addr=0x0, uio=0xd6e18cbc, top=0xc36fed00, control=0x0, flags=0,\n    td=0xc23ff000) at ../../../kern/uipc_socket.c:836\n#14 0xc0578d5e in soo_write (fp=0xc23ff020, uio=0xd6e18cbc, active_cred=0xc2173d80, flags=0,\n    td=0xc23ff000) at ../../../kern/sys_socket.c:118\n#15 0xc0573467 in dofilewrite (td=0xc23ff000, fd=3, fp=0xc2424288, auio=0xd6e18cbc, offset=Unhandled dwarf expression opcode 0x93\n) at file.h:252\n#16 0xc057330b in kern_writev (td=0xc23ff000, fd=3, auio=0xd6e18cbc) at ../../../kern/sys_generic.c:402\n#17 0xc0573231 in write (td=0xc23ff000, uap=0x4) at ../../../kern/sys_generic.c:326\n#18 0xc0708aa7 in syscall (frame=\n      {tf_fs = 59, tf_es = 59, tf_ds = 59, tf_edi = -1024, tf_esi = 3, tf_ebp = -1077941176, tf_isp = -689861276, tf_ebx = 1, tf_edx = -1077941220, tf_ecx = 2, tf_eax = 4, tf_trapno = 22, tf_err = 2, tf_eip = 672494419, tf_cs = 51, tf_eflags = 642, tf_esp = -1077941380, tf_ss = 59}) at ../../../i386/i386/trap.c:983\n#19 0xc06f717f in Xint0x80_syscall () at ../../../i386/i386/exception.s:200\n#20 0x00000033 in ?? ()\nPrevious frame inner to this frame (corrupt stack?)\n(kgdb) list *0xc05719ad\n0xc05719ad is in turnstile_setowner (../../../kern/subr_turnstile.c:433).\n428      * Malloc a turnstile for a new thread, initialize it and return it.\n429      */\n430     struct turnstile *\n431     turnstile_alloc(void)\n432     {\n433             struct turnstile *ts;\n434\n435             ts = malloc(sizeof(struct turnstile), M_TURNSTILE, M_WAITOK | M_ZERO);\n436             TAILQ_INIT(\u0026ts-\u003ets_blocked);\n437             TAILQ_INIT(\u0026ts-\u003ets_pending);\n\nHow-To-Repeat: panic occurs in 1-3 days uptume"
}