{
 "id": 1318273,
 "bug_id": 280481,
 "attachment_id": 252338,
 "creation_time": "2024-07-28T18:30:27Z",
 "creator": "marietto2008@gmail.com",
 "text": "Created attachment 252338\nraspberry pi imager frozen when it should recognize the sd card passed thru bhyve.\n\nHello.\n\nI'm running Ubuntu 24.04 virtualized with bhyve using these parameters :\n\n/usr/sbin/./bhyve-lin -S -c sockets=2,cores=2,threads=2 -m 8G -w -H -A \\\n-s 0,hostbridge \\\n\n-s 1,ahci-hd,/mnt/$vmdisk4'p2'/bhyve/img/Linux/Ubuntu-2404-Android.img,bootindex=1 \\\n\n-s 2,ahci-hd,/dev/$vmdisk15 \\\n\n-s 8:0,passthru,2/0/0 \\\n-s 8:1,passthru,2/0/1 \\\n-s 8:2,passthru,2/0/2 \\\n-s 8:3,passthru,2/0/3 \\\n-s 11,hda,play=/dev/dsp,rec=/dev/dsp \\\n-s 13,virtio-net,tap9 \\\n-s 14,virtio-9p,sharename=/ \\\n-s 29,fbuf,tcp=0.0.0.0:5909,w=1600,h=950,wait \\\n-s 30,xhci,tablet \\\n-s 31,lpc \\\n-l bootrom,/usr/local/share/uefi-firmware/BHYVE_UEFI_CODE.fd \\\nvm0:9 \u003c /dev/null \u0026 sleep 2 \u0026\u0026 vncviewer 0:9\n\n\nWhere /dev/$vmdisk15 is :\n\nDisk /dev/sdb: 953,68 GiB, 1024005767168 bytes, 2000011264 sectors\nDisk model: BHYVE SATA DISK \nUnits: sectors of 1 * 512 = 512 bytes\nSector size (logical/physical): 512 bytes / 512 bytes\nI/O size (minimum/optimal): 512 bytes / 512 bytes\nDisklabel type: gpt\nDisk identifier: E0E79E7B-DC41-4DD7-9B8C-62B075FAF126\n\nDispositivo   Start       Fine    Settori   Size Tipo\n/dev/sdb1      2048      34815      32768    16M ChromeOS kernel\n/dev/sdb2     34816      67583      32768    16M ChromeOS kernel\n/dev/sdb3     67584    1116159    1048576   512M Linux filesystem\n/dev/sdb4   1116160 2000009215 1998893056 953,1G Linux filesystem\n\nMy intention was to write the Lineage OS to the sd card using the Raspberry PI Imager,without to rebooting and without using Linux natively. Well,it is not able to detect my sd card (that I have placed inside my SD card TO USB adapter).\n\nThe images below shows that the sd card passed through bhyve is not recognized by the RaspBerry Pi Imager,that freezes.\n\n\nWhat can I do to unfreezes it ? Let us know,thanks."
}