{
 "id": 1283891,
 "bug_id": 275065,
 "attachment_id": 0,
 "creation_time": "2023-11-13T21:22:23Z",
 "creator": "rodrigo@FreeBSD.org",
 "text": "Hi,\n\nThe FreeBSD 14 images (armv7 GENERIC RC2, RC3 or RC4) doesn't boot in a\nbeaglebone black. See bellow the console output.\n\nAt the end of the sequence, the board reset and restart the kernel loading.\nThe 13.2 image looks fine.\n\n\nLoading kernel...\n/boot/kernel/kernel text=0x1b4 text=0x71ad54 text=0x196750 data=0xaf3cc data=0x0+0x1e4000 0x4+0xa1ff0+0x4+0x112ee2-\nLoading configured modules...\ncan't find '/boot/entropy'\n/boot/kernel/umodem.ko text=0x1540 text=0xea0 data=0x238 0x4+0xe50+0x4+0xa6c\nloading required module 'ucom'\n/boot/kernel/ucom.ko text=0x19f8 text=0x2d18 data=0x4cc+0x838 0x4+0x1480+0x4+0xbcf\ncan't find '/etc/hostid'\n\nHit [Enter] to boot immediately, or any other key for command prompt.\nBooting [/boot/kernel/kernel]...\nUsing DTB provided by EFI at 0x87ee4000.\nKernel entry at 0x97000200...\nKernel args: (null)\n\nU-Boot SPL 2022.04-ge0d31da5 (Aug 04 2023 - 18:48:26 +0000)\nTrying to boot from MMC2\n\n\nU-Boot 2022.04-ge0d31da5 (Aug 04 2023 - 18:48:26 +0000)\n\nCPU  : AM335X-GP rev 2.1\nModel: TI AM335x BeagleBone Black\nDRAM:  512 MiB\nReset Source: watchdog reset has occurred.\nReset Source: Power-on reset has occurred.\nRTC 32KCLK Source: External.\nCore:  150 devices, 14 uclasses, devicetree: separate\nWDT:   Started wdt@44e35000 with servicing (60s timeout)\nMMC:   OMAP SD/MMC: 0, OMAP SD/MMC: 1\nLoading Environment from EXT4...\n** Unable to use mmc 0:1 for loading the env **\nBoard: BeagleBone Black\n\u003cethaddr\u003e not set. Validating first E-fuse MAC\nBeagleBone Black:\nBeagleBone Cape EEPROM: no EEPROM at address: 0x54\nBeagleBone Cape EEPROM: no EEPROM at address: 0x55\nBeagleBone Cape EEPROM: no EEPROM at address: 0x56\nBeagleBone Cape EEPROM: no EEPROM at address: 0x57\nNet:   eth2: ethernet@4a100000, eth3: usb_ether\nPress SPACE to abort autoboot in 0 seconds\nboard_name=[A335BNLT] ...\nboard_rev=[00C0] ...\nswitch to partitions #0, OK\nmmc0 is current device\nSD/MMC found on device 0\nCouldn't find partition 0:2 0x82000000\nCan't set block device\nCouldn't find partition 0:2 0x82000000\nCan't set block device\nswitch to partitions #0, OK\nmmc0 is current device\nScanning mmc 0:1...\n98558 bytes read in 10 ms (9.4 MiB/s)\nScanning disk mmc@48060000.blk...\nScanning disk mmc@481d8000.blk...\nFound 5 disks\nNo EFI system partition\nBootOrder not defined\nEFI boot manager: Cannot load any image\nFound EFI removable media binary efi/boot/bootarm.efi\n852268 bytes read in 58 ms (14 MiB/s)\nBooting /efi\\boot\\bootarm.efi\n\nConsoles: EFI console\n    Reading loader env vars from /efi/freebsd/loader.env\nSetting currdev to disk0p1:\nFreeBSD/arm EFI loader, Revision 1.1\n\n   Command line arguments: l\n   Image base: 0x9ce40000\n   EFI version: 2.90\n   EFI Firmware: Das U-Boot (rev 8226.1024)\n   Console: efi,comconsole (0)\n   Load Path: /efi\\boot\\bootarm.efi\n   Load Device: /VenHw(e61d73b9-a384-4acc-aeab-82e828f3628b)/SD(0)/SD(0)/HD(1,0x01,0,0x800,0x19000)\nTrying ESP: /VenHw(e61d73b9-a384-4acc-aeab-82e828f3628b)/SD(0)/SD(0)/HD(1,0x01,0,0x800,0x19000)\nSetting currdev to disk0p1:\nTrying: /VenHw(e61d73b9-a384-4acc-aeab-82e828f3628b)/SD(0)/SD(0)/HD(2,0x01,0,0x19800,0x9e6800)\nSetting currdev to disk0p2:\nLoading /boot/defaults/loader.conf\nLoading /boot/defaults/loader.conf\nLoading /boot/device.hints\nLoading /boot/loader.conf\nLoading /boot/loader.conf.local\n/"
}