{
 "id": 882697,
 "bug_id": 188261,
 "attachment_id": 0,
 "creation_time": "2016-06-09T22:04:46Z",
 "creator": "meyer.sydney@gmail.com",
 "text": "(In reply to Roger Pau MonnÃ© from comment #25)\n\nI have applied your patch on top of the others and there seems to be no output related to packet forwarding, when doing the above described tests.\n\nHere's the full dmesg output:\n\nCopyright (c) 1992-2016 The FreeBSD Project.\nCopyright (c) 1979, 1980, 1983, 1986, 1988, 1989, 1991, 1992, 1993, 1994\n\tThe Regents of the University of California. All rights reserved.\nFreeBSD is a registered trademark of The FreeBSD Foundation.\nFreeBSD 11.0-ALPHA2 #0 r301752M: Thu Jun  9 23:05:34 CEST 2016\n    sydney@head:/usr/obj/usr/src/sys/GENERIC amd64\nFreeBSD clang version 3.8.0 (tags/RELEASE_380/final 262564) (based on LLVM 3.8.0)\nWARNING: WITNESS option enabled, expect reduced performance.\ncan't re-use a leaf (ixl_rx_miss_bufs)!\nVT(vga): text 80x25\nXEN: Hypervisor version 4.4 detected.\nCPU: Intel(R) Core(TM) i3-4160 CPU @ 3.60GHz (3600.07-MHz K8-class CPU)\n  Origin=\"GenuineIntel\"  Id=0x306c3  Family=0x6  Model=0x3c  Stepping=3\n  Features=0x1783fbff\u003cFPU,VME,DE,PSE,TSC,MSR,PAE,MCE,CX8,APIC,SEP,MTRR,PGE,MCA,CMOV,PAT,PSE36,MMX,FXSR,SSE,SSE2,HTT\u003e\n  Features2=0xfffa3203\u003cSSE3,PCLMULQDQ,SSSE3,FMA,CX16,PCID,SSE4.1,SSE4.2,x2APIC,MOVBE,POPCNT,TSCDLT,AESNI,XSAVE,OSXSAVE,AVX,F16C,RDRAND,HV\u003e\n  AMD Features=0x28100800\u003cSYSCALL,NX,RDTSCP,LM\u003e\n  AMD Features2=0x21\u003cLAHF,ABM\u003e\n  Structured Extended Features=0x72a\u003cTSCADJ,BMI1,AVX2,BMI2,ERMS,INVPCID\u003e\n  XSAVE Features=0x1\u003cXSAVEOPT\u003e\nHypervisor: Origin = \"XenVMMXenVMM\"\nreal memory  = 528482304 (504 MB)\navail memory = 465608704 (444 MB)\nEvent timer \"LAPIC\" quality 400\nACPI APIC Table: \u003cXen HVM\u003e\nrandom: unblocking device.\nioapic0: Changing APIC ID to 1\nMADT: Forcing active-low polarity and level trigger for SCI\nioapic0 \u003cVersion 1.1\u003e irqs 0-47 on motherboard\nrandom: entropy device external interface\nkbd1 at kbdmux0\nnetmap: loaded module\nmodule_register_init: MOD_LOAD (vesa, 0xffffffff80f2eb70, 0) error 19\nrandom: registering fast source Intel Secure Key RNG\nrandom: fast provider: \"Intel Secure Key RNG\"\nvtvga0: \u003cVT VGA driver\u003e on motherboard\ncryptosoft0: \u003csoftware crypto\u003e on motherboard\nacpi0: \u003cXen\u003e on motherboard\nacpi0: Power Button (fixed)\nacpi0: Sleep Button (fixed)\ncpu0: \u003cACPI CPU\u003e on acpi0\nhpet0: \u003cHigh Precision Event Timer\u003e iomem 0xfed00000-0xfed003ff on acpi0\nTimecounter \"HPET\" frequency 62500000 Hz quality 950\nattimer0: \u003cAT timer\u003e port 0x40-0x43 irq 0 on acpi0\nTimecounter \"i8254\" frequency 1193182 Hz quality 0\nEvent timer \"i8254\" frequency 1193182 Hz quality 100\natrtc0: \u003cAT realtime clock\u003e port 0x70-0x71 irq 8 on acpi0\nEvent timer \"RTC\" frequency 32768 Hz quality 0\nTimecounter \"ACPI-fast\" frequency 3579545 Hz quality 900\nacpi_timer0: \u003c32-bit timer at 3.579545MHz\u003e port 0xb008-0xb00b on acpi0\npcib0: \u003cACPI Host-PCI bridge\u003e port 0xcf8-0xcff on acpi0\npci0: \u003cACPI PCI bus\u003e on pcib0\nisab0: \u003cPCI-ISA bridge\u003e at device 1.0 on pci0\nisa0: \u003cISA bus\u003e on isab0\natapci0: \u003cIntel PIIX3 WDMA2 controller\u003e port 0x1f0-0x1f7,0x3f6,0x170-0x177,0x376,0xc400-0xc40f at device 1.1 on pci0\nata0: \u003cATA channel\u003e at channel 0 on atapci0\nata1: \u003cATA channel\u003e at channel 1 on atapci0\npci0: \u003cbridge\u003e at device 1.3 (no driver attached)\nxenpci0: \u003cXen Platform Device\u003e port 0xc000-0xc0ff mem 0xf2000000-0xf2ffffff irq 24 at device 2.0 on pci0\nvgapci0: \u003cVGA-compatible display\u003e mem 0xf0000000-0xf1ffffff,0xf30d0000-0xf30d0fff at device 3.0 on pci0\nvgapci0: Boot video device\natkbdc0: \u003cKeyboard controller (i8042)\u003e port 0x60,0x64 irq 1 on acpi0\natkbd0: \u003cAT Keyboard\u003e irq 1 on atkbdc0\nkbd0 at atkbd0\natkbd0: [GIANT-LOCKED]\npsm0: \u003cPS/2 Mouse\u003e irq 12 on atkbdc0\npsm0: [GIANT-LOCKED]\npsm0: model IntelliMouse Explorer, device ID 4\nfdc0: \u003cfloppy drive controller\u003e port 0x3f0-0x3f5,0x3f7 irq 6 drq 2 on acpi0\nfdc0: does not respond\ndevice_attach: fdc0 attach returned 6\nuart0: \u003c16550 or compatible\u003e port 0x3f8-0x3ff irq 4 flags 0x10 on acpi0\nuart0: console (9600,n,8,1)\nxenpv0: \u003cXen PV bus\u003e on motherboard\ngranttable0: \u003cXen Grant-table Device\u003e on xenpv0\nxen_et0: \u003cXen PV Clock\u003e on xenpv0\nEvent timer \"XENTIMER\" frequency 1000000000 Hz quality 950\nTimecounter \"XENTIMER\" frequency 1000000000 Hz quality 950\nxenstore0: \u003cXenStore\u003e on xenpv0\nevtchn0: \u003cXen event channel user-space device\u003e on xenpv0\nprivcmd0: \u003cXen privileged interface user-space device\u003e on xenpv0\ndebug0: \u003cXen debug handler\u003e on xenpv0\norm0: \u003cISA Option ROM\u003e at iomem 0xef000-0xeffff on isa0\nvga0: \u003cGeneric ISA VGA\u003e at port 0x3c0-0x3df iomem 0xa0000-0xbffff on isa0\nfdc0: No FDOUT register!\nppc0: cannot reserve I/O port range\nTimecounters tick every 1.000 msec\nxenballoon0: \u003cXen Balloon Device\u003e on xenstore0\nxctrl0: \u003cXen Control Device\u003e on xenstore0\nxs_dev0: \u003cXenstore user-space device\u003e on xenstore0\nxenbusb_front0: \u003cXen Frontend Devices\u003e on xenstore0\nxenbusb_add_device: Device device/suspend/event-channel ignored. State 6\nxn0: \u003cVirtual Network Interface\u003e at device/vif/0 on xenbusb_front0\nxn0: Ethernet address: 00:16:3e:f1:04:bd\nxn1: \u003cVirtual Network Interface\u003e at device/vif/1 on xenbusb_front0\nxn1: Ethernet address: 00:16:3e:f1:14:bd\nxn0: backend features: feature-sg feature-gso-tcp4\nxn2: \u003cVirtual Network Interface\u003e at device/vif/2 on xenbusb_front0\nxn1: backend features: feature-sg feature-gso-tcp4\nxn2: Ethernet address: 00:16:3e:f1:24:bd\nxenbusb_back0: \u003cXen Backend Devices\u003e on xenstore0\nxn2: backend features: feature-sg feature-gso-tcp4\nxbd0: 3072MB \u003cVirtual Block Device\u003e at device/vbd/51712 on xenbusb_front0\nxbd0: features: flush, write_barrier\nxbd0: synchronize cache commands enabled.\ntaskqgroup_adjust failed cnt: 1 stride: 1 mp_ncpus: 1 smp_started: 0\ntaskqgroup_adjust failed cnt: 1 stride: 1 mp_ncpus: 1 smp_started: 0\nTimecounter \"TSC-low\" frequency 1800037036 Hz quality 800\nWARNING: WITNESS option enabled, expect reduced performance.\nTrying to mount root from ufs:/dev/xbd0p2 [rw]...\nxn0: link state changed to DOWN\nxn0: link state changed to UP\nxn1: link state changed to DOWN\nxn1: link state changed to UP\nxn2: link state changed to DOWN\nxn2: link state changed to UP"
}