{
 "id": 821280,
 "bug_id": 199496,
 "attachment_id": 0,
 "creation_time": "2015-04-26T21:16:05Z",
 "creator": "otis@FreeBSD.org",
 "text": "FreeBSD 11.0-CURRENT #79 r282035M: Sun Apr 26 22:13:38 CEST 2015\n    root@rpibuild:/data/rpibuild/output/obj/arm.armv6hf/data/rpibuild/src/fbsd-11/sys/RPI-B-OTIS arm\nFreeBSD clang version 3.6.0 (tags/RELEASE_360/final 230434) 20150225\nVT: init without driver.\nsema_sysinit\nCPU: ARM1176JZ-S rev 7 (ARM11J core)\n Supported features: ARM_ISA THUMB2 JAZELLE ARMv4 Security_Ext\n WB enabled LABT branch prediction enabled\n  16KB/32B 4-way instruction cache\n  16KB/32B 4-way write-back-locking-C data cache\nreal memory  = 469757952 (447 MB)\navail memory = 449994752 (429 MB)\nrandom: entropy device infrastructure driver\nrandom: selecting highest priority adaptor \u003cDummy\u003e\nrandom: SOFT: yarrow init()\nrandom: selecting highest priority adaptor \u003cYarrow\u003e\nkbd0 at kbdmux0\nofwbus0: \u003cOpen Firmware Device Tree\u003e\nsimplebus0: \u003cFlattened device tree simple bus\u003e mem 0x20000000-0x20ffffff on ofwbus0\ncpulist0: \u003cOpen Firmware CPU Group\u003e on ofwbus0\ncpu0: \u003cOpen Firmware CPU\u003e on cpulist0\nbcm2835_cpufreq0: \u003cCPU Frequency Control\u003e on cpu0\nintc0: \u003cBCM2835 Interrupt Controller\u003e mem 0xb200-0xb3ff on simplebus0\nsystimer0: \u003cBCM2835 System Timer\u003e mem 0x3000-0x3fff irq 8,9,10,11 on simplebus0\nEvent timer \"BCM2835 Event Timer 3\" frequency 1000000 Hz quality 1000\nTimecounter \"BCM2835 Timecounter\" frequency 1000000 Hz quality 1000\nbcmwd0: \u003cBCM2708/2835 Watchdog\u003e mem 0x10001c-0x100027 on simplebus0\ngpio0: \u003cBCM2708/2835 GPIO controller\u003e mem 0x200000-0x2000af irq 57,59,58,60 on simplebus0\ngpio0: read-only pins: 46-53.\ngpio0: reserved pins: 48-53.\ngpiobus0: \u003cOFW GPIO bus\u003e on gpio0\ngpioled0: \u003cGPIO led\u003e at pin(s) 16 on gpiobus0\ngpioiic0: \u003cGPIO I2C bit-banging driver\u003e at pin(s) 3,2 on gpiobus0\ngpioiic0: SCL pin: 3, SDA pin: 2\niicbb0: \u003cI2C bit-banging driver\u003e on gpioiic0\niicbus0: \u003cOFW I2C bus\u003e on iicbb0 master-only\niic0: \u003cI2C generic I/O\u003e on iicbus0\niicsmb0: \u003cSMBus over I2C bridge\u003e on iicbus0\nsmbus0: \u003cSystem Management Bus\u003e on iicsmb0\npcf8563_rtc0: \u003cNXP PCF8563 RTC\u003e at addr 0xa2 on iicbus0\ngpioc0: \u003cGPIO controller\u003e on gpio0\niichb0: \u003cBCM2708/2835 BSC controller\u003e mem 0x205000-0x20501f irq 61 on simplebus0\niicbus1: \u003cOFW I2C bus\u003e on iichb0\niic1: \u003cI2C generic I/O\u003e on iicbus1\niicsmb1: \u003cSMBus over I2C bridge\u003e on iicbus1\nsmbus1: \u003cSystem Management Bus\u003e on iicsmb1\niichb1: \u003cBCM2708/2835 BSC controller\u003e mem 0x804000-0x80401f irq 61 on simplebus0\niicbus2: \u003cOFW I2C bus\u003e on iichb1\niic2: \u003cI2C generic I/O\u003e on iicbus2\niicsmb2: \u003cSMBus over I2C bridge\u003e on iicbus2\nsmbus2: \u003cSystem Management Bus\u003e on iicsmb2\nspi0: \u003cBCM2708/2835 SPI controller\u003e mem 0x204000-0x20401f irq 62 on simplebus0\nspibus0: \u003cOFW SPI bus\u003e on spi0\nbcm_dma0: \u003cBCM2835 DMA Controller\u003e mem 0x7000-0x7fff,0xe05000-0xe05fff irq 24,25,26,27,28,29,30,31,32,33,34,35,36 on simplebus0\nmbox0: \u003cBCM2835 VideoCore Mailbox\u003e mem 0xb880-0xb8bf irq 1 on simplebus0\nsdhci_bcm0: \u003cBroadcom 2708 SDHCI controller\u003e mem 0x300000-0x3000ff irq 70 on simplebus0\nmmc0: \u003cMMC/SD bus\u003e on sdhci_bcm0\nuart0: \u003cPrimeCell UART (PL011)\u003e mem 0x201000-0x201fff irq 65 on simplebus0\nuart0: console (115200,n,8,1)\nvchiq0: \u003cBCM2835 VCHIQ\u003e mem 0xb800-0xb84f irq 2 on simplebus0\nvchiq0: [GIANT-LOCKED]\nvchiq: local ver 6 (min 3), remote ver 6.\nbcm283x_dwcotg0: \u003cDWC OTG 2.0 integrated USB controller (bcm283x)\u003e mem 0x980000-0x99ffff irq 17 on simplebus0\nusbus0 on bcm283x_dwcotg0\nfb0: \u003cBCM2835 VT framebuffer driver\u003e on ofwbus0\nTimecounters tick every 10.000 msec\nusbus0: 480Mbps High Speed USB v2.0\nbcm2835_cpufreq0: ARM 700MHz, Core 250MHz, SDRAM 400MHz, Turbo OFF\npanic: config_intrhook_disestablish: disestablishing an unestablished hook\nKDB: enter: panic\n[ thread pid 0 tid 100000 ]\nStopped at      $d.13:  ldrb    r15, [r15, r15, ror r15]!\ndb\u003e bt\nTracing pid 0 tid 100000 td 0xc06f0c40"
}