{
 "id": 612383,
 "bug_id": 157397,
 "attachment_id": 0,
 "creation_time": "2011-05-29T14:50:09Z",
 "creator": "mandree@FreeBSD.org",
 "text": "(please disregard \"class\" field above)\n\nGreetings,\n\nI seem to have difficulties with the interaction between ahci(4), ada(4)\nand the CAM subsystem on RELENG_8. Perhaps my HDD is quirky (Samsung\nHD103SI rev. 1AG01118), perhaps ahci or ada. (dmesg below)\n\nI seem to have two problems:\n\n1. the problem is that once in a while queued ATA commands time out, and\nlet the computer freeze for like half a minute or two. It then recovers.\nThis only ever affects the Samsung drive, I've never seen it on the\nWestern Digital. Either drive doesn't report any suspicious data to\nS.M.A.R.T. - no pending blocks, no past reallocations, no parameters\neven close to Thresh, no self-test failures.  Possibly the Samsung also\nhas firmware quirks, silent limits and so on, I know there were firmware\nupdates to avoid data loss for larger siblings in the same drive series,\nbut apparently not for the HD103SI.\n\n2. Trying to reduce the number of tagged openings with camcontrol tags\nada1 -N 16 doesn't work because min == max;\ntrying to disable tagged negotiation through \"camcontrol negotiate ada1\n-T disable\" does not have any visible effect.\n\nThis is my /boot/loader.conf:\n\nahci_load=\"YES\"\natapicam_load=\"YES\"\ncuse4bsd_load=\"YES\"\ngeom_journal_load=\"YES\"\nsem_load=\"YES\"\nsnd_hda_load=\"YES\"\nvboxdrv_load=\"YES\"\nhw.ata.wc=0\nkern.cam.ada.write_cache=0\nkern.ipc.shmall=32768\nkern.ipc.shmmax=67108864\nkern.maxfiles=\"25000\"\nvfs.root.mountfrom=\"ufs:/dev/ada0s4a\"\n\nThis is dmesg with sensitive and useless information omitted. At the\nend, it shows two episodes with freezes, of a handful of timeouts each\ntime.\n\n...\nFreeBSD 8.2-STABLE #67: Fri May 27 21:36:00 CEST 2011\n    toor@apollo.emma.line.org:/usr/obj/usr/src/sys/GENERIC amd64\nTimecounter \"i8254\" frequency 1193182 Hz quality 0\nCPU: AMD Phenom(tm) II X4 905e Processor (2508.56-MHz K8-class CPU)\n  Origin = \"AuthenticAMD\"  Id = 0x100f42  Family = 10  Model = 4  Stepping = 2\n  Features=0x178bfbff\u003cFPU,VME,DE,PSE,TSC,MSR,PAE,MCE,CX8,APIC,SEP,MTRR,PGE,MCA,CMOV,PAT,PSE36,CLFLUSH,MMX,FXSR,SSE,SSE2,HTT\u003e\n  Features2=0x802009\u003cSSE3,MON,CX16,POPCNT\u003e\n  AMD Features=0xee500800\u003cSYSCALL,NX,MMX+,FFXSR,Page1GB,RDTSCP,LM,3DNow!+,3DNow!\u003e\n  AMD Features2=0x37ff\u003cLAHF,CMP,SVM,ExtAPIC,CR8,ABM,SSE4A,MAS,Prefetch,OSVW,IBS,SKINIT,WDT\u003e\n  TSC: P-state invariant\nreal memory  = 4294967296 (4096 MB)\navail memory = 3838828544 (3660 MB)\nACPI APIC Table: \u003c052010 APIC1732\u003e\nFreeBSD/SMP: Multiprocessor System Detected: 4 CPUs\nFreeBSD/SMP: 1 package(s) x 4 core(s)\n cpu0 (BSP): APIC ID:  0\n cpu1 (AP): APIC ID:  1\n cpu2 (AP): APIC ID:  2\n cpu3 (AP): APIC ID:  3\nACPI Warning: Optional field Pm2ControlBlock has zero address or length: 0x0000000000000000/0x1 (20101013/tbfadt-655)\nioapic0 \u003cVersion 2.1\u003e irqs 0-23 on motherboard\nCuse4BSD v0.1.14 @ /dev/cuse\nkbd1 at kbdmux0\nacpi0: \u003c052010 XSDT1732\u003e on motherboard\nacpi0: [ITHREAD]\nacpi0: Power Button (fixed)\nacpi0: reservation of fee00000, 1000 (3) failed\nacpi0: reservation of ffb80000, 80000 (3) failed\nacpi0: reservation of fec10000, 20 (3) failed\nacpi0: reservation of 0, a0000 (3) failed\nacpi0: reservation of 100000, cfe00000 (3) failed\nTimecounter \"ACPI-fast\" frequency 3579545 Hz quality 1000\nacpi_timer0: \u003c32-bit timer at 3.579545MHz\u003e port 0x808-0x80b on acpi0\ncpu0: \u003cACPI CPU\u003e on acpi0\ncpu1: \u003cACPI CPU\u003e on acpi0\ncpu2: \u003cACPI CPU\u003e on acpi0\ncpu3: \u003cACPI CPU\u003e on acpi0\nacpi_hpet0: \u003cHigh Precision Event Timer\u003e iomem 0xfed00000-0xfed003ff on acpi0\nTimecounter \"HPET\" frequency 14318180 Hz quality 900\npcib0: \u003cACPI Host-PCI bridge\u003e port 0xcf8-0xcff on acpi0\npci0: \u003cACPI PCI bus\u003e on pcib0\npcib1: \u003cACPI PCI-PCI bridge\u003e at device 1.0 on pci0\npci1: \u003cACPI PCI bus\u003e on pcib1\nvgapci0: \u003cVGA-compatible display\u003e port 0xc000-0xc0ff mem 0xd0000000-0xdfffffff,0xfbde0000-0xfbdeffff,0xfbc00000-0xfbcfffff irq 18 at device 5.0 on pci1\nhdac0: \u003cATI RS780 High Definition Audio Controller\u003e mem 0xfbdfc000-0xfbdfffff irq 19 at device 5.1 on pci1\nhdac0: HDA Driver Revision: 20100226_0142\nhdac0: [ITHREAD]\npcib2: \u003cACPI PCI-PCI bridge\u003e irq 18 at device 6.0 on pci0\npci2: \u003cACPI PCI bus\u003e on pcib2\nale0: \u003cAtheros AR8121/AR8113/AR8114 PCIe Ethernet\u003e port 0xdc00-0xdc7f mem 0xfbec0000-0xfbefffff irq 18 at device 0.0 on pci2\nale0: 960 Tx FIFO, 1024 Rx FIFO\nale0: Using 1 MSI messages.\nale0: 4GB boundary crossed, switching to 32bit DMA addressing mode.\nmiibus0: \u003cMII bus\u003e on ale0\natphy0: \u003cAtheros F1 10/100/1000 PHY\u003e PHY 0 on miibus0\natphy0:  10baseT, 10baseT-FDX, 100baseTX, 100baseTX-FDX, 1000baseT-FDX, 1000baseT-FDX-master, auto\nale0: Ethernet address: ...\nale0: [FILTER]\npcib3: \u003cACPI PCI-PCI bridge\u003e irq 19 at device 7.0 on pci0\npci3: \u003cACPI PCI bus\u003e on pcib3\nfwohci0: \u003c1394 Open Host Controller Interface\u003e port 0xe800-0xe8ff mem 0xfbfff800-0xfbffffff irq 19 at device 0.0 on pci3\nfwohci0: [ITHREAD]\nfwohci0: OHCI version 1.10 (ROM=1)\nfwohci0: No. of Isochronous channels is 4.\nfwohci0: EUI64 ...\nfwohci0: Phy 1394a available S400, 2 ports.\nfwohci0: Link S400, max_rec 2048 bytes.\nfirewire0: \u003cIEEE1394(FireWire) bus\u003e on fwohci0\nfwe0: \u003cEthernet over FireWire\u003e on firewire0\nif_fwe0: Fake Ethernet address: ...\nfwe0: Ethernet address: ...\nfwip0: \u003cIP over FireWire\u003e on firewire0\nfwip0: Firewire address: ...\ndcons_crom0: \u003cdcons configuration ROM\u003e on firewire0\ndcons_crom0: bus_addr 0x1028000\nfwohci0: Initiate bus reset\nfwohci0: fwohci_intr_core: BUS reset\nfwohci0: fwohci_intr_core: node_id=0x00000000, SelfID Count=1, CYCLEMASTER mode\nahci0: \u003cATI IXP700 AHCI SATA controller\u003e port 0xb000-0xb007,0xa000-0xa003,0x9000-0x9007,0x8000-0x8003,0x7000-0x700f mem 0xfbbffc00-0xfbbfffff irq 22 at device 17.0 on pci0\nahci0: [ITHREAD]\nahci0: AHCI v1.10 with 6 3Gbps ports, Port Multiplier supported\nahcich0: \u003cAHCI channel\u003e at channel 0 on ahci0\nahcich0: [ITHREAD]\nahcich1: \u003cAHCI channel\u003e at channel 1 on ahci0\nahcich1: [ITHREAD]\nahcich2: \u003cAHCI channel\u003e at channel 2 on ahci0\nahcich2: [ITHREAD]\nahcich3: \u003cAHCI channel\u003e at channel 3 on ahci0\nahcich3: [ITHREAD]\nahcich4: \u003cAHCI channel\u003e at channel 4 on ahci0\nahcich4: [ITHREAD]\nahcich5: \u003cAHCI channel\u003e at channel 5 on ahci0\nahcich5: [ITHREAD]\nohci0: \u003cOHCI (generic) USB controller\u003e mem 0xfbbfd000-0xfbbfdfff irq 16 at device 18.0 on pci0\nohci0: [ITHREAD]\nusbus0: \u003cOHCI (generic) USB controller\u003e on ohci0\nohci1: \u003cOHCI (generic) USB controller\u003e mem 0xfbbfe000-0xfbbfefff irq 16 at device 18.1 on pci0\nohci1: [ITHREAD]\nusbus1: \u003cOHCI (generic) USB controller\u003e on ohci1\nehci0: \u003cEHCI (generic) USB 2.0 controller\u003e mem 0xfbbff800-0xfbbff8ff irq 17 at device 18.2 on pci0\nehci0: [ITHREAD]\nusbus2: EHCI version 1.0\nusbus2: \u003cEHCI (generic) USB 2.0 controller\u003e on ehci0\nohci2: \u003cOHCI (generic) USB controller\u003e mem 0xfbbfb000-0xfbbfbfff irq 18 at device 19.0 on pci0\nohci2: [ITHREAD]\nusbus3: \u003cOHCI (generic) USB controller\u003e on ohci2\nohci3: \u003cOHCI (generic) USB controller\u003e mem 0xfbbfc000-0xfbbfcfff irq 18 at device 19.1 on pci0\nohci3: [ITHREAD]\nusbus4: \u003cOHCI (generic) USB controller\u003e on ohci3\nehci1: \u003cEHCI (generic) USB 2.0 controller\u003e mem 0xfbbff400-0xfbbff4ff irq 19 at device 19.2 on pci0\nehci1: [ITHREAD]\nusbus5: EHCI version 1.0\nusbus5: \u003cEHCI (generic) USB 2.0 controller\u003e on ehci1\npci0: \u003cserial bus, SMBus\u003e at device 20.0 (no driver attached)\natapci0: \u003cATI IXP700/800 UDMA133 controller\u003e port 0x1f0-0x1f7,0x3f6,0x170-0x177,0x376,0xff00-0xff0f at device 20.1 on pci0\nata0: \u003cATA channel 0\u003e on atapci0\nata0: [ITHREAD]\nhdac1: \u003cATI SB600 High Definition Audio Controller\u003e mem 0xfbbf4000-0xfbbf7fff irq 16 at device 20.2 on pci0\nhdac1: HDA Driver Revision: 20100226_0142\nhdac1: [ITHREAD]\nisab0: \u003cPCI-ISA bridge\u003e at device 20.3 on pci0\nisa0: \u003cISA bus\u003e on isab0\npcib4: \u003cACPI PCI-PCI bridge\u003e at device 20.4 on pci0\npci4: \u003cACPI PCI bus\u003e on pcib4\nohci4: \u003cOHCI (generic) USB controller\u003e mem 0xfbbfa000-0xfbbfafff irq 18 at device 20.5 on pci0\nohci4: [ITHREAD]\nusbus6: \u003cOHCI (generic) USB controller\u003e on ohci4\nacpi_button0: \u003cPower Button\u003e on acpi0\natrtc0: \u003cAT realtime clock\u003e port 0x70-0x71 irq 8 on acpi0\nacpi_hpet1: \u003cHigh Precision Event Timer\u003e iomem 0xfed00000-0xfed003ff on acpi0\ndevice_attach: acpi_hpet1 attach returned 12\nuart0: \u003c16550 or compatible\u003e port 0x3f8-0x3ff irq 4 flags 0x10 on acpi0\nuart0: [FILTER]\nsc0: \u003cSystem console\u003e at flags 0x100 on isa0\nsc0: VGA \u003c16 virtual consoles, flags=0x300\u003e\nvga0: \u003cGeneric ISA VGA\u003e at port 0x3c0-0x3df iomem 0xa0000-0xbffff on isa0\natkbdc0: \u003cKeyboard controller (i8042)\u003e at port 0x60,0x64 on isa0\natkbd0: \u003cAT Keyboard\u003e irq 1 on atkbdc0\nkbd0 at atkbd0\natkbd0: [GIANT-LOCKED]\natkbd0: [ITHREAD]\nppc0: cannot reserve I/O port range\nacpi_throttle0: \u003cACPI CPU Throttling\u003e on cpu0\nhwpstate0: \u003cCool`n'Quiet 2.0\u003e on cpu0\nTimecounters tick every 1.000 msec\nvboxdrv: fAsync=0 offMin=0x15a offMax=0x29f\nfirewire0: 1 nodes, maxhop \u003c= 0 cable IRM irm(0)  (me) \nfirewire0: bus manager 0 \nhdac0: HDA Codec #0: ATI RS690/780 HDMI\npcm0: \u003cHDA ATI RS690/780 HDMI PCM #0 HDMI\u003e at cad 0 nid 1 on hdac0\nhdac1: HDA Codec #0: VIA VT1708S_0\npcm1: \u003cHDA VIA VT1708S_0 PCM #0 Analog\u003e at cad 0 nid 1 on hdac1\npcm2: \u003cHDA VIA VT1708S_0 PCM #1 Digital\u003e at cad 0 nid 1 on hdac1\npcm3: \u003cHDA VIA VT1708S_0 PCM #2 Digital\u003e at cad 0 nid 1 on hdac1\nusbus0: 12Mbps Full Speed USB v1.0\nusbus1: 12Mbps Full Speed USB v1.0\nusbus2: 480Mbps High Speed USB v2.0\nusbus3: 12Mbps Full Speed USB v1.0\nusbus4: 12Mbps Full Speed USB v1.0\nusbus5: 480Mbps High Speed USB v2.0\nusbus6: 12Mbps Full Speed USB v1.0\nugen0.1: \u003cATI\u003e at usbus0\nuhub0: \u003cATI OHCI root HUB, class 9/0, rev 1.00/1.00, addr 1\u003e on usbus0\nugen1.1: \u003cATI\u003e at usbus1\nuhub1: \u003cATI OHCI root HUB, class 9/0, rev 1.00/1.00, addr 1\u003e on usbus1\nugen2.1: \u003cATI\u003e at usbus2\nuhub2: \u003cATI EHCI root HUB, class 9/0, rev 2.00/1.00, addr 1\u003e on usbus2\nugen3.1: \u003cATI\u003e at usbus3\nuhub3: \u003cATI OHCI root HUB, class 9/0, rev 1.00/1.00, addr 1\u003e on usbus3\nugen4.1: \u003cATI\u003e at usbus4\nuhub4: \u003cATI OHCI root HUB, class 9/0, rev 1.00/1.00, addr 1\u003e on usbus4\nugen5.1: \u003cATI\u003e at usbus5\nuhub5: \u003cATI EHCI root HUB, class 9/0, rev 2.00/1.00, addr 1\u003e on usbus5\nugen6.1: \u003cATI\u003e at usbus6\nuhub6: \u003cATI OHCI root HUB, class 9/0, rev 1.00/1.00, addr 1\u003e on usbus6\nada0 at ahcich0 bus 0 scbus0 target 0 lun 0\nada0: \u003cWDC WD5002ABYS-02B1B0 ...\u003e ATA-8 SATA 2.x device\nada0: 300.000MB/s transfers (SATA 2.x, UDMA6, PIO 8192bytes)\nada0: Command Queueing enabled\nada0: 476940MB (976773168 512 byte sectors: 16H 63S/T 16383C)\nada1 at ahcich2 bus 0 scbus2 target 0 lun 0\nada1: \u003cSAMSUNG HD103SI 1AG01118\u003e ATA-7 SATA 2.x device\nada1: 300.000MB/s transfers (SATA 2.x, UDMA6, PIO 8192bytes)\nada1: Command Queueing enabled\nada1: 953869MB (1953525168 512 byte sectors: 16H 63S/T 16383C)\ncd0 at ahcich3 bus 0 scbus3 target 0 lun 0\ncd0: \u003c...\u003e Removable CD-ROM SCSI-0 device \ncd0: 150.000MB/s transfers (SATA 1.x, UDMA5, ATAPI 12bytes, PIO 8192bytes)\ncd0: Attempt to query device size failed: NOT READY, Medium not present - tray closed\nSMP: AP CPU #2 Launched!\nSMP: AP CPU #3 Launched!\nSMP: AP CPU #1 Launched!\nGEOM: ada0: partition 2 does not start on a track boundary.\nGEOM: ada0: partition 2 does not end on a track boundary.\nGEOM: ada0: partition 1 does not start on a track boundary.\nGEOM: ada0: partition 1 does not end on a track boundary.\nGEOM: ada1: partition 2 does not start on a track boundary.\nGEOM: ada1: partition 2 does not end on a track boundary.\nuhub6: 2 ports with 2 removable, self powered\nuhub0: 3 ports with 3 removable, self powered\nuhub1: 3 ports with 3 removable, self powered\nuhub3: 3 ports with 3 removable, self powered\nuhub4: 3 ports with 3 removable, self powered\nGEOM_JOURNAL: Journal 3658629072: ada1s1d contains data.\nGEOM_JOURNAL: Journal 3658629072: ada1s1e contains journal.\nGEOM_JOURNAL: Journal ada1s1d clean.\nRoot mount waiting for: GJOURNAL usbus5 usbus2\nGEOM: ada1s1d.journal: invalid disklabel.\nGEOM: ufsid/4d540ab0e4fef3cb: invalid disklabel.\nGEOM: ufs/usrgjournal: invalid disklabel.\nRoot mount waiting for: usbus5 usbus2\nRoot mount waiting for: usbus5 usbus2\nuhub2: 6 ports with 6 removable, self powered\nuhub5: 6 ports with 6 removable, self powered\nugen5.2: \u003cvendor 0x05e3\u003e at usbus5\numass0: \u003cvendor 0x05e3 USB Storage, class 0/0, rev 2.00/97.32, addr 2\u003e on usbus5\numass0:  SCSI over Bulk-Only; quirks = 0x0000\nRoot mount waiting for: usbus5 usbus2\nugen0.2: \u003cMicrosoft\u003e at usbus0\nukbd0: \u003cMicrosoft Natural Ergonomic Keyboard 4000, class 0/0, rev 2.00/1.73, addr 2\u003e on usbus0\nugen2.2: \u003cvendor 0x05e3\u003e at usbus2\nuhub7: \u003cvendor 0x05e3 USB2.0 Hub, class 9/0, rev 2.00/7.02, addr 2\u003e on usbus2\nkbd2 at ukbd0\nuhid0: \u003cMicrosoft Natural Ergonomic Keyboard 4000, class 0/0, rev 2.00/1.73, addr 2\u003e on usbus0\numass0:6:0:-1: Attached to scbus6\nuhub7: 4 ports with 4 removable, self powered\n(probe0:umass-sim0:0:0:0): TEST UNIT READY. CDB: 0 0 0 0 0 0 \n(probe0:umass-sim0:0:0:0): CAM status: SCSI Status Error\n(probe0:umass-sim0:0:0:0): SCSI status: Check Condition\n(probe0:umass-sim0:0:0:0): SCSI sense: NOT READY asc:3a,0 (Medium not present)\nda0 at umass-sim0 bus 0 scbus6 target 0 lun 0\nda0: \u003cGeneric STORAGE DEVICE 9732\u003e Removable Direct Access SCSI-0 device \nda0: 40.000MB/s transfers\nda0: Attempt to query device size failed: NOT READY, Medium not present\nugen2.3: \u003cEPSON\u003e at usbus2\nulpt0: \u003cEPSON USB Printer, class 0/0, rev 1.10/1.00, addr 3\u003e on usbus2\nulpt0: using bi-directional mode\nRoot mount waiting for: usbus2\n(probe0:umass-sim0:0:0:1): TEST UNIT READY. CDB: 0 20 0 0 0 0 \n(probe0:umass-sim0:0:0:1): CAM status: SCSI Status Error\n(probe0:umass-sim0:0:0:1): SCSI status: Check Condition\n(probe0:umass-sim0:0:0:1): SCSI sense: NOT READY asc:3a,0 (Medium not present)\nda1 at umass-sim0 bus 0 scbus6 target 0 lun 1\nda1: \u003cGeneric STORAGE DEVICE 9732\u003e Removable Direct Access SCSI-0 device \nda1: 40.000MB/s transfers\nda1: Attempt to query device size failed: NOT READY, Medium not present\nugen2.4: ...\nugen2.5: ...\nulpt1: ...\nulpt1: using bi-directional mode\nTrying to mount root from ufs:/dev/ada0s4a\nugen0.3: ...\nums0: ...\nums0: 8 buttons and [XYZT] coordinates ID=0\ncryptosoft0: \u003csoftware crypto\u003e on motherboard\nGEOM_ELI: Device ada0s4b.eli created.\nGEOM_ELI: Encryption: AES-XTS 256\nGEOM_ELI:     Crypto: software\nvboxnet0: Ethernet address: ...\nale0: link state changed to UP\nfuse4bsd: version 0.3.9-pre1, FUSE ABI 7.8\ndrm0: \u003cATI Radeon 3300 Graphics\u003e on vgapci0\ninfo: [drm] MSI enabled 1 message(s)\ninfo: [drm] Initialized radeon 1.31.0 20080613\ninfo: [drm] Setting GART location based on new memory map\ninfo: [drm] Loading RS780/RS880 Microcode\ninfo: [drm] Resetting GPU\ninfo: [drm] writeback test succeeded in 1 usecs\ndrm0: [ITHREAD]\ninfo: [drm] Resetting GPU\n\nFirst failure episode:\n\nahcich2: Timeout on slot 28\nahcich2: is 00000000 cs 8fffffff ss ffffffff rs ffffffff tfd c0 serr 00000000\nahcich2: Timeout on slot 26\nahcich2: is 00000000 cs e3ffffff ss ffffffff rs ffffffff tfd c0 serr 00000000\nahcich2: Timeout on slot 24\nahcich2: is 00000000 cs f8ffffff ss ffffffff rs ffffffff tfd c0 serr 00000000\n\nComputer has recovered. Several minutes later a second episode:\n\nahcich2: Timeout on slot 24\nahcich2: is 00000000 cs f80000ff ss ff0000ff rs ff0000ff tfd c0 serr 00000000\nahcich2: Timeout on slot 23\nahcich2: is 00000000 cs fc00003f ss ff80003f rs ff80003f tfd c0 serr 00000000\nahcich2: Timeout on slot 19\nahcich2: is 00000000 cs ffc00007 ss fff80007 rs fff80007 tfd c0 serr 00000000\nahcich2: Timeout on slot 18\nahcich2: is 00000000 cs ffe00007 ss fffc0007 rs fffc0007 tfd c0 serr 00000000\nahcich2: Timeout on slot 18\nahcich2: is 00000000 cs ffe00007 ss fffc0007 rs fffc0007 tfd c0 serr 00000000\nahcich2: Timeout on slot 18\nahcich2: is 00000000 cs ffe00007 ss fffc0007 rs fffc0007 tfd c0 serr 00000000\nahcich2: Timeout on slot 18\nahcich2: is 00000000 cs ffe0000f ss fffc000f rs fffc000f tfd c0 serr 00000000\nahcich2: Timeout on slot 25\nahcich2: is 00000000 cs f1ffffff ss ffffffff rs ffffffff tfd c0 serr 00000000"
}