{
 "id": 806939,
 "bug_id": 197023,
 "attachment_id": 0,
 "creation_time": "2015-01-26T18:19:06Z",
 "creator": "vermaden@interia.pl",
 "text": "\u003e and more importantly - start the disk check\n\u003e e2fsck -y and so I lost the data on it. cool.\n\nIts not an excuse but that is sometimes cost of automation :/\n\nThe file(1) is not perfect for filesystem detection.\n\nI may also introduce a 'NOFORCE] option to not force the check?\n\nYou may check the latest 1.5.2 with reworked filesystem detection.\n\nThe UFS is tried two times because that works best, its tricky (right guess of the filesystem) because if You create two of three new filesystems on the same device without cleaning it with /dev/zero then file(1) shows more then one filesystem detected, 1.5.2 should not be problematic now, but I for sure did not tested every possible configuration out there:\n\n# newfs_msdos /dev/md0p1         \nnewfs_msdos: trim 4 sectors to adjust to a multiple of 9\n/dev/md0p1: 163712 sectors in 10232 FAT16 clusters (8192 bytes/cluster)\nBytesPerSec=512 SecPerClust=16 ResSectors=1 FATs=2 RootDirEnts=512 Media=0xf0 FATsecs=40 SecPerTrack=9 Heads=128 HiddenSecs=0 HugeSectors=163836\n\n# newfs /dev/md0p1         \n/dev/md0p1: 80.0MB (163840 sectors) block size 32768, fragment size 4096\n        using 4 cylinder groups of 20.03MB, 641 blks, 2688 inodes.\nsuper-block backups (for fsck_ffs -b #) at:\n 192, 41216, 82240, 123264\n\n# file -k -r -b -L -s  /dev/md0p1\nDOS/MBR boot sector, code offset 0x3c+2, OEM-ID \"BSD4.4  \", sectors/cluster 16, root entries 512, sectors/FAT 40, sectors/track 9, heads 128, sectors 163836 (volumes \u003e 32 MB) , serial number 0x791819df, unlabeled, FAT (16 bit)\n- Unix Fast File system [v2] (little-endian) last written at Thu Jan  1 00:00:00 1970, number of blocks 0, number of data blocks 0, average file size 0, average number of files in dir 0, pending blocks to free 0, pending inodes to free 0, system-wide uuid 0, DOS executable (COM), boot code\n\n\n\n\n\n\n# mkfs.ext3 /dev/md0p1         \nmke2fs 1.42.12 (29-Aug-2014)\n/dev/md0p1 contains a vfat file system\nProceed anyway? (y,n) y\nCreating filesystem with 81920 1k blocks and 20480 inodes\nFilesystem UUID: b1b58de6-efc2-4531-8576-e732a272d6dd\nSuperblock backups stored on blocks: \n        8193, 24577, 40961, 57345, 73729\n\nAllocating group tables: done                            \nWriting inode tables: done                            \nCreating journal (4096 blocks): done\nWriting superblocks and filesystem accounting information: done \n\n# newfs /dev/md0p1           \n/dev/md0p1: 80.0MB (163840 sectors) block size 32768, fragment size 4096\n        using 4 cylinder groups of 20.03MB, 641 blks, 2688 inodes.\nsuper-block backups (for fsck_ffs -b #) at:\n 192, 41216, 82240, 123264\n\n# file -k -r -b -L -s  /dev/md0p1\nUnix Fast File system [v2] (little-endian) last written at Thu Jan  1 00:00:00 1970, number of blocks 0, number of data blocks 0, pending blocks to free 0, system-wide uuid 0,\n- Linux rev 1.0 ext3 filesystem data, UUID=b1b58de6-efc2-4531-8576-e732a272d6dd"
}