{
 "id": 348878,
 "bug_id": 103275,
 "attachment_id": 0,
 "creation_time": "2006-09-14T18:50:28Z",
 "creator": "fabian@wenks.ch",
 "text": "After the upgrade from FreeBSD/i386 6.0R to 6.1R at reboot when IP\nconfiguration is done the link on em0 get lost for about 2 seconds.\n\nProcesses starting right after this can not connect to the network, eg.\nntpdate. Even setting the media option in ifconfig_em0 did not help.\n\nHere is the output from the console during boot:\n---8\u003c--------------------------------------------------------------------\nCopyright (c) 1992-2006 The FreeBSD Project.\nCopyright (c) 1979, 1980, 1983, 1986, 1988, 1989, 1991, 1992, 1993, 1994\n        The Regents of the University of California. All rights reserved.\nFreeBSD 6.1-RELEASE-p5 #4: Mon Aug 28 16:47:03 CEST 2006\n    root@muertschen.ethz.ch:/usr/obj/usr/src/sys/MUERTSCHEN\nACPI APIC Table: \u003cPTLTD          APIC  \u003e\nTimecounter \"i8254\" frequency 1193182 Hz quality 0\nCPU: Intel(R) Xeon(TM) CPU 2.80GHz (2800.13-MHz 686-class CPU)\n  Origin = \"GenuineIntel\"  Id = 0xf43  Stepping = 3\n  Features=0xbfebfbff\u003cFPU,VME,DE,PSE,TSC,MSR,PAE,MCE,CX8,APIC,SEP,MTRR,PGE,MCA,CMOV,PAT,PSE36,CLFLUSH,DTS,ACPI,MMX,FXSR,SSE,SSE2,SS,HTT,TM,PBE\u003e\n  Features2=0x641d\u003cSSE3,RSVD2,MON,DS_CPL,CNTX-ID,CX16,\u003cb14\u003e\u003e\n  AMD Features=0x20100000\u003cNX,LM\u003e\n  Logical CPUs per core: 2\nreal memory  = 2146893824 (2047 MB)\navail memory = 2100367360 (2003 MB)\nioapic0 \u003cVersion 2.0\u003e irqs 0-23 on motherboard\nioapic1 \u003cVersion 2.0\u003e irqs 24-47 on motherboard\nioapic2 \u003cVersion 2.0\u003e irqs 48-71 on motherboard\nioapic3 \u003cVersion 2.0\u003e irqs 72-95 on motherboard\nioapic4 \u003cVersion 2.0\u003e irqs 96-119 on motherboard\nacpi0: \u003cPTLTD   RSDT\u003e on motherboard\nacpi0: Power Button (fixed)\nTimecounter \"ACPI-fast\" frequency 3579545 Hz quality 1000\nacpi_timer0: \u003c24-bit timer at 3.579545MHz\u003e port 0x1008-0x100b on acpi0\ncpu0: \u003cACPI CPU\u003e on acpi0\nacpi_throttle0: \u003cACPI CPU Throttling\u003e on cpu0\npcib0: \u003cACPI Host-PCI bridge\u003e port 0xcf8-0xcff on acpi0\npci0: \u003cACPI PCI bus\u003e on pcib0\npci0: \u003cbase peripheral\u003e at device 1.0 (no driver attached)\npcib1: \u003cACPI PCI-PCI bridge\u003e irq 16 at device 2.0 on pci0\npci1: \u003cACPI PCI bus\u003e on pcib1\npcib2: \u003cACPI PCI-PCI bridge\u003e at device 0.0 on pci1\npci2: \u003cACPI PCI bus\u003e on pcib2\nem0: \u003cIntel(R) PRO/1000 Network Connection Version - 3.2.18\u003e port 0x2000-0x203f mem 0xdd200000-0xdd21ffff irq 24 at device 8.0 on pci2\nem0: Ethernet address: 00:e0:81:34:3f:1e\nem1: \u003cIntel(R) PRO/1000 Network Connection Version - 3.2.18\u003e port 0x2040-0x207f mem 0xdd220000-0xdd23ffff irq 25 at device 8.1 on pci2\nem1: Ethernet address: 00:e0:81:34:3f:1f\npci1: \u003cbase peripheral, interrupt controller\u003e at device 0.1 (no driver attached)\npcib3: \u003cACPI PCI-PCI bridge\u003e at device 0.2 on pci1\npci3: \u003cACPI PCI bus\u003e on pcib3\niir0: \u003cIntel Integrated RAID Controller\u003e mem 0xdf200000-0xdf203fff irq 48 at device 3.0 on pci3\niir0: [GIANT-LOCKED]\niir1: \u003cICP Disk Array Controller\u003e mem 0xdf204000-0xdf207fff irq 53 at device 6.0 on pci3\niir1: [GIANT-LOCKED]\npci1: \u003cbase peripheral, interrupt controller\u003e at device 0.3 (no driver attached)\npcib4: \u003cACPI PCI-PCI bridge\u003e irq 16 at device 3.0 on pci0\npci4: \u003cACPI PCI bus\u003e on pcib4\npcib5: \u003cACPI PCI-PCI bridge\u003e irq 16 at device 4.0 on pci0\npci5: \u003cACPI PCI bus\u003e on pcib5\npcib6: \u003cPCI-PCI bridge\u003e at device 5.0 on pci0\npci6: \u003cPCI bus\u003e on pcib6\npcib7: \u003cACPI PCI-PCI bridge\u003e irq 16 at device 6.0 on pci0\npci7: \u003cACPI PCI bus\u003e on pcib7\npcib8: \u003cACPI PCI-PCI bridge\u003e at device 0.0 on pci7\npci8: \u003cACPI PCI bus\u003e on pcib8\niir2: \u003cICP Disk Array Controller\u003e mem 0xdf300000-0xdf303fff irq 72 at device 3.0 on pci8\niir2: [GIANT-LOCKED]\npci7: \u003cbase peripheral, interrupt controller\u003e at device 0.1 (no driver attached)\npcib9: \u003cACPI PCI-PCI bridge\u003e at device 0.2 on pci7\npci9: \u003cACPI PCI bus\u003e on pcib9\niir3: \u003cICP Disk Array Controller\u003e mem 0xdf400000-0xdf403fff irq 96 at device 3.0 on pci9\niir3: [GIANT-LOCKED]\npci7: \u003cbase peripheral, interrupt controller\u003e at device 0.3 (no driver attached)\npcib10: \u003cPCI-PCI bridge\u003e at device 7.0 on pci0\npci10: \u003cPCI bus\u003e on pcib10\npcib11: \u003cACPI PCI-PCI bridge\u003e at device 30.0 on pci0\npci11: \u003cACPI PCI bus\u003e on pcib11\npci11: \u003cdisplay, VGA\u003e at device 5.0 (no driver attached)\nisab0: \u003cPCI-ISA bridge\u003e at device 31.0 on pci0\nisa0: \u003cISA bus\u003e on isab0\natapci0: \u003cIntel ICH5 UDMA100 controller\u003e port 0x1f0-0x1f7,0x3f6,0x170-0x177,0x376,0x1420-0x142f at device 31.1 on pci0\nata0: \u003cATA channel 0\u003e on atapci0\nata1: \u003cATA channel 1\u003e on atapci0\npci0: \u003cserial bus, SMBus\u003e at device 31.3 (no driver attached)\nacpi_button0: \u003cPower Button\u003e on acpi0\natkbdc0: \u003cKeyboard controller (i8042)\u003e port 0x60,0x64 irq 1 on acpi0\natkbd0: \u003cAT Keyboard\u003e irq 1 on atkbdc0\nkbd0 at atkbd0\natkbd0: [GIANT-LOCKED]\nsio0: \u003c16550A-compatible COM port\u003e port 0x3f8-0x3ff irq 4 flags 0x10 on acpi0\nsio0: type 16550A, console\nsio1: \u003c16550A-compatible COM port\u003e port 0x2f8-0x2ff irq 3 on acpi0\nsio1: type 16550A\nfdc0: \u003cfloppy drive controller\u003e port 0x3f0-0x3f5,0x3f7 irq 6 drq 2 on acpi0\nfdc0: [FAST]\nppc0: \u003cECP parallel printer port\u003e port 0x378-0x37f,0x778-0x77f irq 7 drq 3 on acpi0\nppc0: SMC-like chipset (ECP/EPP/PS2/NIBBLE) in COMPATIBLE mode\nppc0: FIFO with 16/16/9 bytes threshold\nppbus0: \u003cParallel port bus\u003e on ppc0\nlpt0: \u003cPrinter\u003e on ppbus0\nlpt0: Interrupt-driven port\npmtimer0 on isa0\norm0: \u003cISA Option ROM\u003e at iomem 0xc0000-0xc7fff on isa0\nsc0: \u003cSystem console\u003e at flags 0x100 on isa0\nsc0: VGA \u003c16 virtual consoles, flags=0x100\u003e\nvga0: \u003cGeneric ISA VGA\u003e at port 0x3c0-0x3df iomem 0xa0000-0xbffff on isa0\nTimecounter \"TSC\" frequency 2800126917 Hz quality 800\nTimecounters tick every 1.000 msec\nacd0: CDRW \u003cTSSTcorpCDW/DVD SN-M242C/TS02\u003e at ata0-master UDMA33\nWaiting 5 seconds for SCSI devices to settle\nda0 at iir0 bus 2 target 0 lun 0\nda0: \u003cICP Host Drive   #00 \u003e Fixed Direct Access SCSI-2 device \nda0: Tagged Queueing Enabled\nda0: 76277MB (156216060 512 byte sectors: 255H 63S/T 9724C)\nda1 at iir1 bus 4 target 0 lun 0\nda1: \u003cICP Host Drive   #00 \u003e Fixed Direct Access SCSI-2 device \nda1: Tagged Queueing Enabled\nda1: 1669167MB (3418455285 512 byte sectors: 255H 63S/T 212789C)\nda2 at iir1 bus 4 target 8 lun 0\nda2: \u003cICP Host Drive   #08 \u003e Fixed Direct Access SCSI-2 device \nda2: Tagged Queueing Enabled\nda2: 1669167MB (3418455285 512 byte sectors: 255H 63S/T 212789C)\nda3 at iir2 bus 4 target 0 lun 0\nda3: \u003cICP Host Drive   #00 \u003e Fixed Direct Access SCSI-2 device \nda3: Tagged Queueing Enabled\nda3: 1669167MB (3418455285 512 byte sectors: 255H 63S/T 212789C)\nda4 at iir2 bus 4 target 8 lun 0\nda4: \u003cICP Host Drive   #08 \u003e Fixed Direct Access SCSI-2 device \nda4: Tagged Queueing Enabled\nda4: 1669167MB (3418455285 512 byte sectors: 255H 63S/T 212789C)\nda5 at iir3 bus 4 target 0 lun 0\nda5: \u003cICP Host Drive   #00 \u003e Fixed Direct Access SCSI-2 device \nda5: Tagged Queueing Enabled\nda5: 1669167MB (3418455285 512 byte sectors: 255H 63S/T 212789C)\nda6 at iir3 bus 4 target 8 lun 0\nda6: \u003cICP Host Drive   #08 \u003e Fixed Direct Access SCSI-2 device \nda6: Tagged Queueing Enabled\nda6: 1669167MB (3418455285 512 byte sectors: 255H 63S/T 212789C)\nTrying to mount root from ufs:/dev/da0s1a\nLoading configuration files.\nEntropy harvesting: interrupts ethernet point_to_point kickstart.\nConfiguring CCD devices.\nswapon: adding /dev/da0s1b as swap device\nStarting file system checks:\n/dev/da0s1a: FILE SYSTEM CLEAN; SKIPPING CHECKS\n/dev/da0s1a: clean, 32757062 free (46670 frags, 4088799 blocks, 0.1% fragmentation)\n/dev/ccd0: FILE SYSTEM CLEAN; SKIPPING CHECKS\n/dev/ccd0: clean, 431861013 free (3575933 frags, 53535635 blocks, 0.1% fragmentation)\nSetting hostname: muertschen.ethz.ch.\nlo0: flags=8049\u003cUP,LOOPBACK,RUNNING,MULTICAST\u003e mtu 16384\n        inet 127.0.0.1 netmask 0xff000000 \nem0: flags=8843\u003cUP,BROADCAST,RUNNING,SIMPLEX,MULTICAST\u003e mtu 1500\n        options=4b\u003cRXCSUM,TXCSUM,VLAN_MTU,POLLING\u003e\n        inet 129.132.80.19 netmask 0xffffffc0 broadcast 129.132.80.63\n        ether 00:e0:81:34:3f:1e\n        media: Ethernet 1000baseTX (autoselect)\n        status: no carrier\nadd net default: gateway 129.132.80.1\nAdditional routing options:.\nStarting devd.\nhw.acpi.cpu.cx_lowest: C1 -\u003e C1\nMounting NFS file systems:.\nCreating and/or trimming log files:.\nStarting syslogd.\nELF ldconfig path: /lib /usr/lib /usr/lib/compat /usr/local/lib\n/usr/local/lib/compat/pkg /usr/local/libdata/ldconfig/portupgrade\n/usr/local/libdata/ldconfig/compat5x /usr/local/libdata/ldconfig/compat4x\na.out ldconfig path: /usr/lib/aout /usr/lib/compat/aout\nInitial i386 initialization:.\nAdditional ABI support:.\nSetting date via ntp.\nError : hostname nor servname provided, or not known\n14 Sep 19:01:07 ntpdate[339]: can't find host time1.ethz.ch\n\nError : hostname nor servname provided, or not known\n14 Sep 19:01:07 ntpdate[339]: can't find host time1.phys.ethz.ch\n\nError : hostname nor servname provided, or not known\n14 Sep 19:01:07 ntpdate[339]: can't find host time2.phys.ethz.ch\n\n14 Sep 19:01:07 ntpdate[339]: no servers can be used, exiting\nStarting rpcbind.\nSetting NIS domain: phys.ethz.ch.\nStarting ypbind.\nNFS access cache time=2\nStarting amd.\nStarting mountd.\nStarting nfsd.\nStarting statd.\nrpc.statd: svc_tli_create: could not open connection for udp6\nrpc.statd: svc_tli_create: could not open connection for tcp6\nStarting lockd.\nStarting local daemons:\n/opt/bb/etc/bb-bbexttab                       100% of 1685  B 7152 kBps\n/opt/bb/etc/bb-cputab                         100% of  447  B 2285 kBps\n/opt/bb/etc/bb-dftab                          100% of 2461  B   11 MBps\n/opt/bb/etc/bb-hosts                          100% of   17 kB   19 MBps\n/opt/bb/etc/bb-msgstab                                   0  B    0  Bps\n/opt/bb/etc/bb-proctab                        100% of   23 kB 8190 kBps\nStarting the Big Brother System \u0026 Network monitor\n        Starting external scripts\n                Starting external script raid\n        Starting Local tests (bb-local)...\nBig Brother 1.9c started"
}