{
 "id": 962617,
 "bug_id": 224176,
 "attachment_id": 0,
 "creation_time": "2017-12-08T14:11:42Z",
 "creator": "lankfordandrew@charter.net",
 "text": "OK, a couple of them.  One during an svnlite update of /usr/src and another while I'm trying to rebuild firefox (see below).  Let me know what else you need.  My kernel config file is at the very end.\n\n$ mount\n/dev/ada0s3a on / (ufs, local, journaled soft-updates)\ndevfs on /dev (devfs, local, multilabel)\n/dev/ada0s2 on /D (msdosfs, local)\ntmpfs on /var/tmp (tmpfs, local)\n\nCopyright (c) 1992-2017 The FreeBSD Project.\nCopyright (c) 1979, 1980, 1983, 1986, 1988, 1989, 1991, 1992, 1993, 1994\n\tThe Regents of the University of California. All rights reserved.\nFreeBSD is a registered trademark of The FreeBSD Foundation.\nFreeBSD 11.1-STABLE #3 r326622: Wed Dec  6 19:59:18 EST 2017\n    root@bogushost2:/usr/obj/usr/src/sys/ARL11MIN amd64\nFreeBSD clang version 5.0.0 (tags/RELEASE_500/final 312559) (based on LLVM 5.0.0svn)\nWARNING: WITNESS option enabled, expect reduced performance.\nVT(vga): resolution 640x480\nCPU: Intel(R) Core(TM)2 Duo CPU     T7500  @ 2.20GHz (2194.55-MHz K8-class CPU)\n  Origin=\"GenuineIntel\"  Id=0x6fb  Family=0x6  Model=0xf  Stepping=11\n  Features=0xbfebfbff\u003cFPU,VME,DE,PSE,TSC,MSR,PAE,MCE,CX8,APIC,SEP,MTRR,PGE,MCA,CMOV,PAT,PSE36,CLFLUSH,DTS,ACPI,MMX,FXSR,SSE,SSE2,SS,HTT,TM,PBE\u003e\n  Features2=0xe3bd\u003cSSE3,DTES64,MON,DS_CPL,VMX,EST,TM2,SSSE3,CX16,xTPR,PDCM\u003e\n  AMD Features=0x20100800\u003cSYSCALL,NX,LM\u003e\n  AMD Features2=0x1\u003cLAHF\u003e\n  VT-x: (disabled in BIOS) HLT,PAUSE\n  TSC: P-state invariant, performance statistics\nreal memory  = 2147483648 (2048 MB)\navail memory = 2043154432 (1948 MB)\nEvent timer \"LAPIC\" quality 100\nACPI APIC Table: \u003cDELL   M08    \u003e\nFreeBSD/SMP: Multiprocessor System Detected: 2 CPUs\nFreeBSD/SMP: 1 package(s) x 2 core(s)\nrandom: unblocking device.\nioapic0: Changing APIC ID to 2\nioapic0 \u003cVersion 2.0\u003e irqs 0-23 on motherboard\nSMP: AP CPU #1 Launched!\nTimecounter \"TSC-low\" frequency 1097277076 Hz quality 1000\nrandom: entropy device external interface\nkbd1 at kbdmux0\nnetmap: loaded module\nmodule_register_init: MOD_LOAD (vesa, 0xffffffff8085cc50, 0) error 19\nnexus0\nvtvga0: \u003cVT VGA driver\u003e on motherboard\ncryptosoft0: \u003csoftware crypto\u003e on motherboard\nacpi0: \u003cDELL M08    \u003e on motherboard\nhpet0: \u003cHigh Precision Event Timer\u003e iomem 0xfed00000-0xfed003ff on acpi0\nTimecounter \"HPET\" frequency 14318180 Hz quality 950\nEvent timer \"HPET\" frequency 14318180 Hz quality 450\nEvent timer \"HPET1\" frequency 14318180 Hz quality 440\nEvent timer \"HPET2\" frequency 14318180 Hz quality 440\ncpu0: \u003cACPI CPU\u003e on acpi0\ncpu1: \u003cACPI CPU\u003e on acpi0\natrtc0: \u003cAT realtime clock\u003e port 0x70-0x71,0x72-0x77 irq 8 on acpi0\natrtc0: registered as a time-of-day clock, resolution 1.000000s\nEvent timer \"RTC\" frequency 32768 Hz quality 0\nattimer0: \u003cAT timer\u003e port 0x40-0x43,0x50-0x53 irq 2 on acpi0\nTimecounter \"i8254\" frequency 1193182 Hz quality 0\nEvent timer \"i8254\" frequency 1193182 Hz quality 100\nTimecounter \"ACPI-safe\" frequency 3579545 Hz quality 850\nacpi_timer0: \u003c24-bit timer at 3.579545MHz\u003e port 0x1008-0x100b on acpi0\npcib0: \u003cACPI Host-PCI bridge\u003e port 0xcf8-0xcff on acpi0\npci0: \u003cACPI PCI bus\u003e on pcib0\nvgapci0: \u003cVGA-compatible display\u003e port 0xeff8-0xefff mem 0xfea00000-0xfeafffff,0xe0000000-0xefffffff irq 16 at device 2.0 on pci0\nagp0: \u003cIntel GM965 SVGA controller\u003e on vgapci0\nagp0: aperture size is 256M, detected 7676k stolen memory\nvgapci0: Boot video device\nvgapci1: \u003cVGA-compatible display\u003e mem 0xfeb00000-0xfebfffff at device 2.1 on pci0\nuhci0: \u003cIntel 82801H (ICH8) USB controller USB-D\u003e port 0x6f20-0x6f3f irq 20 at device 26.0 on pci0\nuhci0: LegSup = 0x2f00\nusbus0 on uhci0\nusbus0: 12Mbps Full Speed USB v1.0\nuhci1: \u003cIntel 82801H (ICH8) USB controller USB-E\u003e port 0x6f00-0x6f1f irq 21 at device 26.1 on pci0\nuhci1: LegSup = 0x2f00\nusbus1 on uhci1\nusbus1: 12Mbps Full Speed USB v1.0\nehci0: \u003cIntel 82801H (ICH8) USB 2.0 controller USB2-B\u003e mem 0xfed1c400-0xfed1c7ff irq 22 at device 26.7 on pci0\nusbus2: EHCI version 1.0\nusbus2 on ehci0\nusbus2: 480Mbps High Speed USB v2.0\nhdac0: \u003cIntel 82801H HDA Controller\u003e mem 0xfe9fc000-0xfe9fffff irq 21 at device 27.0 on pci0\npcib1: \u003cACPI PCI-PCI bridge\u003e at device 28.0 on pci0\npci1: \u003cACPI PCI bus\u003e on pcib1\npcib2: \u003cACPI PCI-PCI bridge\u003e at device 28.1 on pci0\npci2: \u003cACPI PCI bus\u003e on pcib2\nwpi0: \u003cIntel(R) PRO/Wireless 3945ABG\u003e mem 0xfe8ff000-0xfe8fffff irq 17 at device 0.0 on pci2\npcib3: \u003cACPI PCI-PCI bridge\u003e at device 28.3 on pci0\npci3: \u003cACPI PCI bus\u003e on pcib3\npcib4: \u003cACPI PCI-PCI bridge\u003e at device 28.5 on pci0\npci4: \u003cACPI PCI bus\u003e on pcib4\nbge0: \u003cBroadcom BCM5906 A2, ASIC rev. 0x00c002\u003e mem 0xfe5f0000-0xfe5fffff irq 17 at device 0.0 on pci4\nbge0: CHIP ID 0x0000c002; ASIC REV 0x0c; CHIP REV 0xc0; PCI-E\nmiibus0: \u003cMII bus\u003e on bge0\nbrgphy0: \u003cBCM5906 10/100baseTX media interface\u003e PHY 1 on miibus0\nbrgphy0:  10baseT, 10baseT-FDX, 100baseTX, 100baseTX-FDX, auto, auto-flow\nbge0: Ethernet address: 00:1e:c9:01:be:70\nuhci2: \u003cIntel 82801H (ICH8) USB controller USB-A\u003e port 0x6f80-0x6f9f irq 20 at device 29.0 on pci0\nuhci2: LegSup = 0x2f00\nusbus3 on uhci2\nusbus3: 12Mbps Full Speed USB v1.0\nuhci3: \u003cIntel 82801H (ICH8) USB controller USB-B\u003e port 0x6f60-0x6f7f irq 21 at device 29.1 on pci0\nuhci3: LegSup = 0x2f00\nusbus4 on uhci3\nusbus4: 12Mbps Full Speed USB v1.0\nuhci4: \u003cIntel 82801H (ICH8) USB controller USB-C\u003e port 0x6f40-0x6f5f irq 22 at device 29.2 on pci0\nuhci4: LegSup = 0x2f00\nusbus5 on uhci4\nusbus5: 12Mbps Full Speed USB v1.0\nehci1: \u003cIntel 82801H (ICH8) USB 2.0 controller USB2-A\u003e mem 0xfed1c000-0xfed1c3ff irq 20 at device 29.7 on pci0\nusbus6: EHCI version 1.0\nusbus6 on ehci1\nusbus6: 480Mbps High Speed USB v2.0\npcib5: \u003cACPI PCI-PCI bridge\u003e at device 30.0 on pci0\npci5: \u003cACPI PCI bus\u003e on pcib5\npci5: \u003cserial bus, FireWire\u003e at device 1.0 (no driver attached)\nsdhci_pci0: \u003cRICOH R5C822 SD\u003e mem 0xfe4ff400-0xfe4ff4ff irq 18 at device 1.1 on pci5\nsdhci_pci0: 1 slot(s) allocated\nisab0: \u003cPCI-ISA bridge\u003e at device 31.0 on pci0\nisa0: \u003cISA bus\u003e on isab0\npci0: \u003cmass storage, ATA\u003e at device 31.1 (no driver attached)\nahci0: \u003cIntel ICH8M AHCI SATA controller\u003e port 0x6eb0-0x6eb7,0x6eb8-0x6ebb,0x6ec0-0x6ec7,0x6ec8-0x6ecb,0x6ee0-0x6eff mem 0xfe9fb800-0xfe9fbfff irq 17 at device 31.2 on pci0\nahci0: AHCI v1.10 with 3 3Gbps ports, Port Multiplier not supported\nahcich0: \u003cAHCI channel\u003e at channel 0 on ahci0\nahcich2: \u003cAHCI channel\u003e at channel 2 on ahci0\nahciem0: \u003cAHCI enclosure management bridge\u003e on ahci0\nacpi_lid0: \u003cControl Method Lid Switch\u003e on acpi0\nacpi_button0: \u003cPower Button\u003e on acpi0\nacpi_button1: \u003cSleep Button\u003e on acpi0\nacpi_acad0: \u003cAC Adapter\u003e on acpi0\nbattery0: \u003cACPI Control Method Battery\u003e on acpi0\nacpi_tz0: \u003cThermal Zone\u003e on acpi0\natkbdc0: \u003cKeyboard controller (i8042)\u003e port 0x60,0x64,0x62,0x66 irq 1 on acpi0\natkbd0: \u003cAT Keyboard\u003e irq 1 on atkbdc0\nkbd0 at atkbd0\natkbd0: [GIANT-LOCKED]\npsm0: \u003cPS/2 Mouse\u003e irq 12 on atkbdc0\npsm0: [GIANT-LOCKED]\npsm0: model GlidePoint, device ID 0\norm0: \u003cISA Option ROMs\u003e at iomem 0xc0000-0xcefff,0xcf000-0xcffff on isa0\ncoretemp0: \u003cCPU On-Die Thermal Sensors\u003e on cpu0\nest0: \u003cEnhanced SpeedStep Frequency Control\u003e on cpu0\ncoretemp1: \u003cCPU On-Die Thermal Sensors\u003e on cpu1\nest1: \u003cEnhanced SpeedStep Frequency Control\u003e on cpu1\nTimecounters tick every 1.000 msec\nugen6.1: \u003cIntel EHCI root HUB\u003e at usbus6\nugen5.1: \u003cIntel UHCI root HUB\u003e at usbus5\nugen4.1: \u003cIntel UHCI root HUB\u003e at usbus4\nugen2.1: \u003cIntel EHCI root HUB\u003e at usbus2\nugen3.1: \u003cIntel UHCI root HUB\u003e at usbus3\nugen0.1: \u003cIntel UHCI root HUB\u003e at usbus0\nugen1.1: \u003cIntel UHCI root HUB\u003e at usbus1\nuhub0: \u003cIntel EHCI root HUB, class 9/0, rev 2.00/1.00, addr 1\u003e on usbus6\nuhub1: \u003cIntel UHCI root HUB, class 9/0, rev 1.00/1.00, addr 1\u003e on usbus5\nuhub3: \u003cIntel UHCI root HUB, class 9/0, rev 1.00/1.00, addr 1\u003e on usbus0\nuhub5: \u003cIntel UHCI root HUB, class 9/0, rev 1.00/1.00, addr 1\u003e on usbus1\nuhub2: \u003cIntel EHCI root HUB, class 9/0, rev 2.00/1.00, addr 1\u003e on usbus2\nuhub6: \u003cIntel UHCI root HUB, class 9/0, rev 1.00/1.00, addr 1\u003e on usbus4\nuhub4: \u003cIntel UHCI root HUB, class 9/0, rev 1.00/1.00, addr 1\u003e on usbus3\nhdacc0: \u003cSigmatel STAC9228X HDA CODEC\u003e at cad 0 on hdac0\nhdaa0: \u003cSigmatel STAC9228X Audio Function Group\u003e at nid 1ses0 at ahciem0 bus 0 scbus2 target 0 lun 0\n on hdacc0\nses0: \u003cAHCI SGPIO Enclosure 1.00 0001\u003e SEMB S-E-S 2.00 device\nses0: SEMB SES Device\nada0 at ahcich0 bus 0 scbus0 target 0 lun 0\nada0: \u003cFUJITSU MHY2250BH 0085000B\u003e ATA8-ACS SATA 1.x device\nada0: Serial Number K432T8127RSH\nada0: 150.000MB/s transfers (SATA 1.x, UDMA5, PIO 8192bytes)\nada0: Command Queueing enabled\npcm0: ada0: 238475MB (488397168 512 byte sectors)\n\u003cSigmatel STAC9228X (Analog 2.0+HP/2.0)\u003e at nid 13,10 and 14 on hdaa0\npcm1: \u003cSigmatel STAC9228X (Analog)\u003e at nid 15 and 19 on hdaa0\npcm2: \u003cSigmatel STAC9228X (Left Digital)\u003e at nid 33 on hdaa0\nhdacc1: \u003cConexant (0x2c06) HDA CODEC\u003e at cad 1 on hdac0\nunknown: \u003cConexant (0x2c06) HDA CODEC Modem Function Group\u003e at nid 2 on hdacc1 (no driver attached)\nWARNING: WITNESS option enabled, expect reduced performance.\nTrying to mount root from ufs:/dev/ada0s3a [rw]...\nuhub4: 2 ports with 2 removable, self powered\nuhub3: 2 ports with 2 removable, self powered\nuhub6: 2 ports with 2 removable, self powered\nuhub1: 2 ports with 2 removable, self powered\nuhub5: 2 ports with 2 removable, self powered\nuhub2: 4 ports with 4 removable, self powered\n[3] uhub0: 6 ports with 6 removable, self powered\n[6] wlan0: Ethernet address: 00:1c:bf:c9:e9:79\n[8] wlan0: link state changed to UP\n[18] info: [drm] Initialized drm 1.1.0 20060810\n[18] drmn0: \u003cIntel i965GM\u003e on vgapci0\n[18] intel_iicbb0 on drmn0\n[18] iicbus0: \u003cPhilips I2C bus\u003e on iicbb0 addr 0xff\n[19] iic0: \u003cI2C generic I/O\u003e on iicbus0\n[19] iicbus1: \u003cPhilips I2C bus\u003e on intel_gmbus0\n[19] iic1: \u003cI2C generic I/O\u003e on iicbus1\n[19] intel_iicbb1 on drmn0\n[19] iicbus2: \u003cPhilips I2C bus\u003e on iicbb1 addr 0xff\n[19] iic2: \u003cI2C generic I/O\u003e on iicbus2\n[19] iicbus3: \u003cPhilips I2C bus\u003e on intel_gmbus1\n[19] iic3: \u003cI2C generic I/O\u003e on iicbus3\n[19] intel_iicbb2 on drmn0\n[19] iicbus4: \u003cPhilips I2C bus\u003e on iicbb2 addr 0xff\n[19] iic4: \u003cI2C generic I/O\u003e on iicbus4\n[19] iicbus5: \u003cPhilips I2C bus\u003e on intel_gmbus2\n[19] iic5: \u003cI2C generic I/O\u003e on iicbus5\n[19] intel_iicbb3 on drmn0\n[19] iicbus6: \u003cPhilips I2C bus\u003e on iicbb3 addr 0xff\n[19] iic6: \u003cI2C generic I/O\u003e on iicbus6\n[19] iicbus7: \u003cPhilips I2C bus\u003e on intel_gmbus3\n[19] iic7: \u003cI2C generic I/O\u003e on iicbus7\n[19] intel_iicbb4 on drmn0\n[19] iicbus8: \u003cPhilips I2C bus\u003e on iicbb4 addr 0xff\n[19] iic8: \u003cI2C generic I/O\u003e on iicbus8\n[19] iicbus9: \u003cPhilips I2C bus\u003e on intel_gmbus4\n[19] iic9: \u003cI2C generic I/O\u003e on iicbus9\n[19] intel_iicbb5 on drmn0\n[19] iicbus10: \u003cPhilips I2C bus\u003e on iicbb5 addr 0xff\n[19] iic10: \u003cI2C generic I/O\u003e on iicbus10\n[19] iicbus11: \u003cPhilips I2C bus\u003e on intel_gmbus5\n[19] iic11: \u003cI2C generic I/O\u003e on iicbus11\n[19] info: [drm] MSI enabled 1 message(s)\n[19] info: [drm] Supports vblank timestamp caching Rev 1 (10.10.2010).\n[19] info: [drm] Driver supports precise vblank timestamp query.\n[19] drmn0: taking over the fictitious range 0xe0000000-0xf0000000\n[19] info: [drm] initialized overlay support\n[19] info: [drm] Connector LVDS-1: get mode from tunables:\n[19] info: [drm]   - kern.vt.fb.modes.LVDS-1\n[19] info: [drm]   - kern.vt.fb.default_mode\n[19] info: [drm] Connector VGA-1: get mode from tunables:\n[19] info: [drm]   - kern.vt.fb.modes.VGA-1\n[19] info: [drm]   - kern.vt.fb.default_mode\n[19] info: [drm] Connector SVIDEO-1: get mode from tunables:\n[19] info: [drm]   - kern.vt.fb.modes.SVIDEO-1\n[19] info: [drm]   - kern.vt.fb.default_mode\n[19] fbd0 on drmn0\n[19] VT: Replacing driver \"vga\" with new \"fb\".\n[19] info: [drm] Initialized i915 1.6.0 20080730 for drmn0 on minor 0\n[241] lock order reversal:\n[241]  1st 0xfffffe007ba4c0e0 bufwait (bufwait) @ /usr/src/sys/kern/vfs_bio.c:3550\n[241]  2nd 0xfffff800438b6c00 dirhash (dirhash) @ /usr/src/sys/ufs/ufs/ufs_dirhash.c:281\n[241] stack backtrace:\n[241] #0 0xffffffff80580bf0 at witness_debugger+0x70\n[241] #1 0xffffffff80580a72 at witness_checkorder+0xe02\n[241] #2 0xffffffff80527908 at _sx_xlock+0x68\n[241] #3 0xffffffff807d7ba3 at ufsdirhash_newblk+0x33\n[241] #4 0xffffffff807da1dd at ufs_direnter+0x5ad\n[241] #5 0xffffffff807e1223 at ufs_rename+0x10d3\n[241] #6 0xffffffff808b63c8 at VOP_RENAME_APV+0xe8\n[241] #7 0xffffffff805f15da at kern_renameat+0x3ca\n[241] #8 0xffffffff8083fd08 at amd64_syscall+0x798\n[241] #9 0xffffffff8081ea6b at Xfast_syscall+0xfb\n[851] lock order reversal:\n[851]  1st 0xfffff8000b72b5f0 ufs (ufs) @ /usr/src/sys/kern/vfs_subr.c:2537\n[851]  2nd 0xfffffe007ba325a0 bufwait (bufwait) @ /usr/src/sys/ufs/ffs/ffs_vnops.c:277\n[851]  3rd 0xfffff8000b72b418 ufs (ufs) @ /usr/src/sys/kern/vfs_subr.c:2537\n[851] stack backtrace:\n[851] #0 0xffffffff80580bf0 at witness_debugger+0x70\n[851] #1 0xffffffff80580a72 at witness_checkorder+0xe02\n[851] #2 0xffffffff804fcd83 at __lockmgr_args+0x883\n[851] #3 0xffffffff807d1ea5 at ffs_lock+0xa5\n[851] #4 0xffffffff808b6f30 at VOP_LOCK1_APV+0xe0\n[851] #5 0xffffffff805f4546 at _vn_lock+0x66\n[851] #6 0xffffffff805e4dc2 at vget+0x82\n[851] #7 0xffffffff805d6fb1 at vfs_hash_get+0xd1\n[851] #8 0xffffffff807cdb4e at ffs_vgetf+0x3e\n[851] #9 0xffffffff807c3da9 at softdep_sync_buf+0x7d9\n[851] #10 0xffffffff807d2dc1 at ffs_syncvnode+0x321\n[851] #11 0xffffffff807c2dc7 at softdep_fsync+0x4b7\n[851] #12 0xffffffff807d1d7c at ffs_fsync+0x7c\n[851] #13 0xffffffff808b5f80 at VOP_FSYNC_APV+0xe0\n[851] #14 0xffffffff805f112c at kern_fsync+0x1bc\n[851] #15 0xffffffff8083fd08 at amd64_syscall+0x798\n[851] #16 0xffffffff8081ea6b at Xfast_syscall+0xfb\n$ \n\n\n$ cat /usr/src/sys/amd64/conf/ARL11MIN \n#\n# MINIMAL -- Mostly Minimal kernel configuration file for FreeBSD/amd64\n#\n# Many definitions of minimal are possible. The one this file follows is\n# GENERIC, minus all functionality that can be replaced by loading kernel\n# modules.\n#\n# Exceptions:\n# o While UFS is buildable as a module, the current module lacks\n#   some features (ACL, GJOURNAL) that GENERIC includes.\n# o acpi as a module has been reported flakey and not well tested, so\n#   is included in the kernel.\n# o random is included due to uncertaty...\n# o Many networking things are included\n#\n# For now, please run changes to these list past imp@freebsd.org\n#\n# For more information on this file, please read the config(5) manual page,\n# and/or the handbook section on Kernel Configuration Files:\n#\n#    http://www.FreeBSD.org/doc/en_US.ISO8859-1/books/handbook/kernelconfig-config.html\n#\n# The handbook is also available locally in /usr/share/doc/handbook\n# if you've installed the doc distribution, otherwise always see the\n# FreeBSD World Wide Web server (http://www.FreeBSD.org/) for the\n# latest information.\n#\n# An exhaustive list of options and more detailed explanations of the\n# device lines is also present in the ../../conf/NOTES and NOTES files.\n# If you are in doubt as to the purpose or necessity of a line, check first\n# in NOTES.\n#\n# $FreeBSD: stable/11/sys/amd64/conf/MINIMAL 318763 2017-05-24 00:00:55Z jhb $\n\ncpu\t\tHAMMER\nident\t\tARL11MIN\n\nmakeoptions\tDEBUG=-g\t\t# Build kernel with gdb(1) debug symbols\nmakeoptions\tWITH_CTF=1\t\t# Run ctfconvert(1) for DTrace support\n\noptions \tSCHED_ULE\t\t# ULE scheduler\noptions \tPREEMPTION\t\t# Enable kernel thread preemption\noptions \tINET\t\t\t# InterNETworking\noptions \tINET6\t\t\t# IPv6 communications protocols\noptions \tIPSEC\t\t\t# IP (v4/v6) security\noptions \tIPSEC_SUPPORT\t\t# Allow kldload of ipsec and tcpmd5\noptions \tTCP_OFFLOAD\t\t# TCP offload\noptions \tSCTP\t\t\t# Stream Control Transmission Protocol\noptions \tFFS\t\t\t# Berkeley Fast Filesystem\noptions \tSOFTUPDATES\t\t# Enable FFS soft updates support\noptions \tUFS_ACL\t\t\t# Support for access control lists\noptions \tUFS_DIRHASH\t\t# Improve performance on big directories\noptions \tUFS_GJOURNAL\t\t# Enable gjournal-based UFS journaling\noptions \tMSDOSFS\t\t\t# MSDOS Filesystem\noptions \tPSEUDOFS\t\t# Pseudo-filesystem framework\noptions \tCD9660\t\t\t# ISO 9660 Filesystem\noptions \tPROCFS\t\t\t# Process filesystem (requires PSEUDOFS)\noptions \tMD_ROOT\t\t\t# MD is a potential root device\noptions \tCOMPAT_FREEBSD32\t# Compatible with i386 binaries\noptions \tCOMPAT_FREEBSD9\t\t# Compatible with FreeBSD9\noptions \tCOMPAT_FREEBSD10\t# Compatible with FreeBSD10\noptions \tSCSI_DELAY=1000\t\t# Delay (in ms) before probing SCSI\noptions \tKTRACE\t\t\t# ktrace(1) support\noptions \tSTACK\t\t\t# stack(9) support\noptions \tSYSVSHM\t\t\t# SYSV-style shared memory\noptions \tSYSVMSG\t\t\t# SYSV-style message queues\noptions \tSYSVSEM\t\t\t# SYSV-style semaphores\noptions \t_KPOSIX_PRIORITY_SCHEDULING # POSIX P1003_1B real-time extensions\noptions \tPRINTF_BUFR_SIZE=128\t# Prevent printf output being interspersed.\noptions \tKBD_INSTALL_CDEV\t# install a CDEV entry in /dev\noptions \tHWPMC_HOOKS\t\t# Necessary kernel hooks for hwpmc(4)\noptions \tAUDIT\t\t\t# Security event auditing\noptions \tCAPABILITY_MODE\t\t# Capsicum capability mode\noptions \tCAPABILITIES\t\t# Capsicum capabilities\noptions \tMAC\t\t\t# TrustedBSD MAC Framework\noptions \tKDTRACE_FRAME\t\t# Ensure frames are compiled in\noptions \tKDTRACE_HOOKS\t\t# Kernel DTrace hooks\noptions \tDDB_CTF\t\t\t# Kernel ELF linker loads CTF data\n\n# Debugging support.  Always need this:\noptions \tKDB\t\t\t# Enable kernel debugger support.\noptions \tKDB_TRACE\t\t# Print a stack trace for a panic.\n# For full debugger support use (turn off in stable branch):\noptions \tDDB\t\t\t# Support DDB.\noptions \tGDB\t\t\t# Support remote GDB.\noptions \tDEADLKRES\t\t# Enable the deadlock resolver\noptions \tINVARIANTS\t\t# Enable calls of extra sanity checking\noptions \tINVARIANT_SUPPORT\t# Extra sanity checks of internal structures, required by INVARIANTS\noptions \tWITNESS\t\t\t# Enable checks to detect deadlocks and cycles\noptions \tWITNESS_SKIPSPIN\t# Don't run witness on spinlocks for speed\noptions \tMALLOC_DEBUG_MAXZONES=8\t# Separate malloc(9) zones\n\n# Make an SMP-capable kernel by default\noptions \tSMP\t\t\t# Symmetric MultiProcessor Kernel\noptions \tDEVICE_NUMA\t\t# I/O Device Affinity\noptions \tEARLY_AP_STARTUP\n\n# CPU frequency control\ndevice\t\tcpufreq\n\n# ATA controllers\ndevice\t\tahci\t\t\t# AHCI-compatible SATA controllers\n\n# Bus support.\ndevice\t\tacpi\noptions \tACPI_DMAR\ndevice\t\tpci\n\n\n# ATA/SCSI peripherals\ndevice\t\tscbus\t\t\t# SCSI bus (required for ATA/SCSI)\ndevice\t\tda\t\t\t# Direct Access (disks)\ndevice\t\tcd\t\t\t# CD\ndevice\t\tpass\t\t\t# Passthrough device (direct ATA/SCSI access)\ndevice\t\tses\t\t\t# Enclosure Services (SES and SAF-TE)\n#device\t\tctl\t\t\t# CAM Target Layer\n\n# atkbdc0 controls both the keyboard and the PS/2 mouse\ndevice\t\tatkbdc\t\t\t# AT keyboard controller\ndevice\t\tatkbd\t\t\t# AT keyboard\ndevice\t\tpsm\t\t\t# PS/2 mouse\n\ndevice\t\tkbdmux\t\t\t# keyboard multiplexer\n\ndevice\t\tvga\t\t\t# VGA video card driver\noptions \tVESA\t\t\t# Add support for VESA BIOS Extensions (VBE)\n\ndevice\t\tsplash\t\t\t# Splash screen and screen saver support\n\n# syscons is the default console driver, resembling an SCO console\ndevice\t\tsc\noptions \tSC_PIXEL_MODE\t\t# add support for the raster text mode\n\n# vt is the new video console driver\ndevice\t\tvt\ndevice\t\tvt_vga\ndevice\t\tvt_efifb\n\ndevice\t\tagp\t\t\t# support several AGP chipsets\n\n\n# PCCARD (PCMCIA) support\n# PCMCIA and cardbus bridge support\ndevice\t\tcbb\t\t\t# cardbus (yenta) bridge\ndevice\t\tpccard\t\t\t# PC Card (16-bit) bus\ndevice\t\tcardbus\t\t\t# CardBus (32-bit) bus\n\n# Serial (COM) ports\ndevice\t\tuart\t\t\t# Generic UART driver\n# USB support\noptions \tUSB_DEBUG\t\t# enable debug msgs\ndevice\t\tuhci\t\t\t# UHCI PCI-\u003eUSB interface\ndevice\t\tohci\t\t\t# OHCI PCI-\u003eUSB interface\ndevice\t\tehci\t\t\t# EHCI PCI-\u003eUSB interface (USB 2.0)\ndevice\t\txhci\t\t\t# XHCI PCI-\u003eUSB interface (USB 3.0)\ndevice\t\tusb\t\t\t# USB Bus (required)\ndevice\t\tukbd\t\t\t# Keyboard\ndevice\t\tumass\t\t\t# Disks/Mass storage - Requires scbus and da\n\n# Sound support\ndevice\t\tsound\t\t\t# Generic sound driver (required)\ndevice\t\tsnd_hda\t\t\t# Intel High Definition Audio\n\n# MMC/SD\ndevice\t\tmmc\t\t\t# MMC/SD bus\ndevice\t\tmmcsd\t\t\t# MMC/SD memory card\ndevice\t\tsdhci\t\t\t# Generic PCI SD Host Controller\n\n# Pseudo devices.\ndevice\t\tloop\t\t\t# Network loopback\ndevice\t\trandom\t\t\t# Entropy device\ndevice\t\trdrand_rng\t\t# Intel Bull Mountain RNG\ndevice\t\tether\t\t\t# Ethernet support\ndevice\t\tvlan\t\t\t# 802.1Q VLAN support\ndevice\t\ttun\t\t\t# Packet tunnel.\ndevice\t\tgif\t\t\t# IPv6 and IPv4 tunneling\ndevice\t\tfirmware\t\t# firmware assist module\n\n# The `bpf' device enables the Berkeley Packet Filter.\n# Be aware of the administrative consequences of enabling this!\n# Note that 'bpf' is required for DHCP.\ndevice\t\tbpf\t\t\t# Berkeley packet filter\n\n# PCI Ethernet NICs that use the common MII bus controller code.\n# NOTE: Be sure to keep the 'device miibus' line in order to use these NICs!\ndevice\t\tmiibus\t\t\t# MII bus support\ndevice\t\tbge\t\t\t# Broadcom BCM570xx Gigabit Ethernet\n\n# Wireless NIC cards\ndevice\t\twlan\t\t\t# 802.11 support\noptions \tIEEE80211_DEBUG\t\t# enable debug msgs\noptions \tIEEE80211_AMPDU_AGE\t# age frames in AMPDU reorder q's\noptions \tIEEE80211_SUPPORT_MESH\t# enable 802.11s draft support\ndevice\t\twlan_wep\t\t# 802.11 WEP support\ndevice\t\twlan_ccmp\t\t# 802.11 CCMP support\ndevice\t\twlan_tkip\t\t# 802.11 TKIP support\ndevice\t\twlan_amrr\t\t# AMRR transmit rate control algorithm\ndevice\t\twpi\t\t\t# Intel 3945ABG wireless NICs.\n\n# Xen HVM Guest Optimizations\n# NOTE: XENHVM depends on xenpci.  They must be added or removed together.\noptions \tXENHVM\t\t\t# Xen HVM kernel infrastructure\ndevice\t\txenpci\t\t\t# Xen HVM Hypervisor services driver\n\n# Netmap provides direct access to TX/RX rings on supported NICs\ndevice\t\tnetmap\t\t\t# netmap(4) support\n\n# The crypto framework is required by IPSEC\ndevice\t\tcrypto\t\t\t# Required by IPSEC\n$"
}