{
 "id": 394882,
 "bug_id": 113138,
 "attachment_id": 0,
 "creation_time": "2007-05-30T00:00:11Z",
 "creator": "robbie_3@netzero.net",
 "text": "\n\nSTATEMENT OF PROBLEM\n\n====================\n\nFreeBSD 6.1 runs very slowly out of the box on my MS-1029 AMD Turion notebook computer.  The first line from the output of 'ps -aux' tells that interrupt 19, in use by the ohci and cardbus systems, is consuming 80% of the CPU time:\n\n\n\nUSER    PID %CPU %MEM   VSZ   RSS  TT  STAT STARTED      TIME COMMAND\n\nroot     21 79.1  0.0     0    16  ??  LL   11:52AM  25:48.51 [irq19: cbb0 ohci\n\n\n\nATTEMPTED RESOLUTIONS\n\n=====================\n\nI attempted to disable the affected devices in the boot configuration file \"/boot/device.hints.\"  In all cases my 'hints' were ignored and the device drivers were loaded as normal.  I also tried to do the equivalent with sysctls, also to no avail (though I might be doing the Wrong Thing):\n\n\n\nhint.ohci.0.disabled=\"1\"\n\nhint.usb.0.disabled=\"1\"\n\nhint.cardbus.0.disabled=\"1\"\n\nhint.pccard.0.disabled=\"1\"\n\n\n\nBooting in safe mode and with ACPI disabled did not help.\n\n\n\nI rebuilt the kernel with the cardbus driver disabled.  This caused the cardbus to disappear from the problem interrupt but the ohci driver was still using irq19 and was having an interrupt storm.  In the compromised state of my computer it takes 48 hours to compile a kernel, I don't have access to another computer and anyways I need USB support, so I don't want to recompile again without USB support.\n\n\n\nI installed FreeBSD 6.0 and also 6.2; the problem was the same.  I installed FreeBSD 5.3 and there was no problem (except that I needed to disable ACPI), nor was there a problem with NetBSD 3.0, nor Linux 2.4 or 2.6.  OpenBSD 3.9 also appears to suffer from an interrupt problem.\n\n\n\nDETAILED INFORMATION\n\n====================\n\nThe computer is a Microstar MS-1029 with an AMD MT-37 Turion processor running at 2.0ghz.\n\nThe Motherboard uses an ATI Radeon Xpress 200P Chipset (North Bridge RX480M, South Bridge SB400).\n\nThe Graphics Card is an ATI Mobility Radeon X700 with 128 MB of dedicated RAM.\n\nThe system has 1024 MB of memory.  The BIOS is \"A1029AMS v2.70\"\n\n\n\nI used the minimal installation from 6.1-RELEASE-amd64-disc1.iso\n\n\n\n# uname -a\n\nFreeBSD  6.1-RELEASE FreeBSD 6.1-RELEASE #0: Sun May  7 04:04:14 UTC 2006     root@bloom.cse.buffalo.edu:/usr/obj/usr/src/sys/GENERIC  amd64\n\n\n\nThe output from \"dmesg -a\" s at the bottom of this report.\n\nWindows XP reports the following information regarding IRQ 19:\n\nIRQ 19\tStandard OpenHCD USB Host Controller\tOK\n\nIRQ 19\tStandard OpenHCD USB Host Controller\tOK\n\nIRQ 19\tStandard Enhanced PCI to USB Host Controller\tOK\n\nIRQ 19\tRicoh R/RL/5C476(II) or Compatible CardBus Controller\tOK\n\n\n\nThe results of running other operating systems on the computer:\n\nFreeBSD 6.1 -!\tohci (USB) and cardbus interrupt storm on IRQ 19\nFreeBSD 6.2 -!  identical problem\n\nFreeBSD 6.0 -!\tidentical problem\n\nFreeBSD 5.3 --\tACPI crashes on boot.  No interrupt storm when booted\n\n\t\twithout ACPI, kernel ignores spurious interrupt on IRQ 7\n\nNetBSD 3.0 --\tno problem\n\nOpenBSD 3.9 -!\tApparently the same problem as with the FreeBSD 6\n\n\t\tkernels... interrupts use 80+% of the cpu; the individual\n\n\t\tinterrupts are not listed by ps... I don't know much about\n\n\t\tOpenBSD so I can't say more.\n\nSlackware 9.1 with Linux 2.4 kernel -- no interrupt problem (but disk\n\n\t\taccess is slow, probably an old ATA driver)\n\nSlackware 11 with Linux 2.6 kernel -- no problem\n\nWindowsXP Professional with SP2 -- occasional spurious 'data'\n\n\t\treturned by ACPI hardware, runs fine otherwise.\n\n\n\nWhen I first installed FreeBSD 6.1, the install program ran fine, and at the end of the install process I checked the state of the processes using the holographic shell; there was no interrupt storm.\n\n\n\nWhen I tried booting my system using the install disk as a rescue disk, the system suffered from the same interrupt storm (perhaps there is a significant difference between the \"install configuration\" and the \"rescue configuration\")?\n\n\n\nI noticed in the boot process that the computer appears to run fine through the initial boot, but at around the point that it begins processing the rc files it slows down.  The slowdown appears to begin between \n\"module_register_init: MOD_LOAD (amr_linux, 0xffffffff806205d0, 0) error 6\"\n and \"Entropy Harvesting:\";\nIn particular, the slowdown first appears noticeable when the ATA devices were probed (but this may just be due to waiting for devices to respond).  Following up on this observation, I disabled entropy harvesting of interrupts but this did not help.  Windows reports this about the IDE/ATA system:\n\n\n\nName\tStandard Dual Channel PCI IDE Controller\n\nManufacturer\t(Standard IDE ATA/ATAPI controllers)\n\nStatus\tOK\n\nPNP Device ID\tPCI\\VEN_1002\u0026DEV_4376\u0026SUBSYS_02911462\u0026REV_00\\3\u0026267A616A\u00260\u0026A1\n\nI/O Port\t0x0000FF00-0x0000FF0F\n\nDriver\tc:\\windows\\system32\\drivers\\pciide.sys (5.1.2600.0 (XPClient.010817-1148), 3.25 KB (3,328 bytes), 8/3/2004 9:07 PM)\n\n\n\nWindows also reports an occasional error from the ACPI hardware:\n\n\n\n\\Device\\ACPIEC: The embedded controller (EC) hardware didn't respond within the timeout period.  This may indicate an error in the EC hardware or firmware, or possibly a poorly designed BIOS which accesses the EC in an unsafe manner.  The EC driver will retry the failed transaction if possible.\n\n\n\nThis is all the headway I've been able to make, sorry I wasn't able to pinpoint the problem.\n\n\n\n# dmesg -a\nCopyright (c) 1992-2006 The FreeBSD Project.\nCopyright (c) 1979, 1980, 1983, 1986, 1988, 1989, 1991, 1992, 1993, 1994\n\tThe Regents of the University of California. All rights reserved.\nFreeBSD 6.1-RELEASE #0: Sun May  7 04:04:14 UTC 2006\n    root@bloom.cse.buffalo.edu:/usr/obj/usr/src/sys/GENERIC\nTimecounter \"i8254\" frequency 1193182 Hz quality 0\nCPU: AMD Turion(tm) 64 Mobile Technology MT-37 (1989.82-MHz K8-class CPU)\n  Origin = \"AuthenticAMD\"  Id = 0x20f42  Stepping = 2\n  Features=0x78bfbff\u003cFPU,VME,DE,PSE,TSC,MSR,PAE,MCE,CX8,APIC,SEP,MTRR,PGE,MCA,CMOV,PAT,PSE36,CLFLUSH,MMX,FXSR,SSE,SSE2\u003e\n  Features2=0x1\u003cSSE3\u003e\n  AMD Features=0xe2500800\u003cSYSCALL,NX,MMX+,FFXSR,LM,3DNow+,3DNow\u003e\n  AMD Features2=0x1\u003cLAHF\u003e\nreal memory  = 536084480 (511 MB)\navail memory = 505630720 (482 MB)\nACPI APIC Table: \u003cMSI    OEMAPIC \u003e\nioapic0: Changing APIC ID to 1\nioapic0 \u003cVersion 2.1\u003e irqs 0-23 on motherboard\nkbd1 at kbdmux0\nacpi0: \u003cMSI 1029\u003e on motherboard\nacpi0: Overriding SCI Interrupt from IRQ 9 to IRQ 21\nacpi0: Power Button (fixed)\nacpi_ec0: \u003cEmbedded Controller: GPE 0x6\u003e port 0x62,0x66 on acpi0\nTimecounter \"ACPI-fast\" frequency 3579545 Hz quality 1000\nacpi_timer0: \u003c32-bit timer at 3.579545MHz\u003e port 0x4008-0x400b on acpi0\ncpu0: \u003cACPI CPU\u003e on acpi0\nacpi_perf0: invalid _PSS package\nacpi_throttle0: \u003cACPI CPU Throttling\u003e on cpu0\nacpi_throttle0: CLK_VAL field overlaps THT_EN bit\ndevice_attach: acpi_throttle0 attach returned 6\npcib0: \u003cACPI Host-PCI bridge\u003e port 0xcf8-0xcff on acpi0\npci0: \u003cACPI PCI bus\u003e on pcib0\npcib1: \u003cACPI PCI-PCI bridge\u003e at device 2.0 on pci0\npci1: \u003cACPI PCI bus\u003e on pcib1\npci1: \u003cdisplay, VGA\u003e at device 0.0 (no driver attached)\nohci0: \u003cATI SB400 USB Controller\u003e mem 0xfbdfd000-0xfbdfdfff irq 19 at device 19.0 on pci0\nohci0: [GIANT-LOCKED]\nusb0: OHCI version 1.0, legacy support\nusb0: \u003cATI SB400 USB Controller\u003e on ohci0\nusb0: USB revision 1.0\nuhub0: ATI OHCI root hub, class 9/0, rev 1.00/1.00, addr 1\nuhub0: 4 ports with 4 removable, self powered\nohci1: \u003cATI SB400 USB Controller\u003e mem 0xfbdfe000-0xfbdfefff irq 19 at device 19.1 on pci0\nohci1: [GIANT-LOCKED]\nusb1: OHCI version 1.0, legacy support\nusb1: \u003cATI SB400 USB Controller\u003e on ohci1\nusb1: USB revision 1.0\nuhub1: ATI OHCI root hub, class 9/0, rev 1.00/1.00, addr 1\nuhub1: 4 ports with 4 removable, self powered\nehci0: \u003cATI SB400 USB 2.0 controller\u003e mem 0xfbdff000-0xfbdfffff irq 19 at device 19.2 on pci0\nehci0: [GIANT-LOCKED]\nusb2: EHCI version 1.0\nusb2: companion controllers, 4 ports each: usb0 usb1\nusb2: \u003cATI SB400 USB 2.0 controller\u003e on ehci0\nusb2: USB revision 2.0\nuhub2: ATI EHCI root hub, class 9/0, rev 2.00/1.00, addr 1\nuhub2: 8 ports with 8 removable, self powered\npci0: \u003cserial bus, SMBus\u003e at device 20.0 (no driver attached)\natapci0: \u003cATI IXP400 UDMA133 controller\u003e port 0x1f0-0x1f7,0x3f6,0x170-0x177,0x376,0xff00-0xff0f at device 20.1 on pci0\nata0: \u003cATA channel 0\u003e on atapci0\nata1: \u003cATA channel 1\u003e on atapci0\nisab0: \u003cPCI-ISA bridge\u003e at device 20.3 on pci0\nisa0: \u003cISA bus\u003e on isab0\npcib2: \u003cACPI PCI-PCI bridge\u003e at device 20.4 on pci0\npci2: \u003cACPI PCI bus\u003e on pcib2\nrl0: \u003cRealTek 8139 10/100BaseTX\u003e port 0xe800-0xe8ff mem 0xfbfffc00-0xfbfffcff irq 18 at device 3.0 on pci2\nmiibus0: \u003cMII bus\u003e on rl0\nrlphy0: \u003cRealTek internal media interface\u003e on miibus0\nrlphy0:  10baseT, 10baseT-FDX, 100baseTX, 100baseTX-FDX, auto\nrl0: Ethernet address: 00:13:d3:af:0a:b0\ncbb0: \u003cRF5C476 PCI-CardBus Bridge\u003e irq 19 at device 4.0 on pci2\ncardbus0: \u003cCardBus bus\u003e on cbb0\npccard0: \u003c16-bit PCCard bus\u003e on cbb0\ncbb1: \u003cRF5C476 PCI-CardBus Bridge\u003e irq 20 at device 4.1 on pci2\ncardbus1: \u003cCardBus bus\u003e on cbb1\npccard1: \u003c16-bit PCCard bus\u003e on cbb1\nfwohci0: \u003cRicoh R5C552\u003e mem 0xfbfff000-0xfbfff7ff irq 21 at device 4.2 on pci2\nfwohci0: OHCI version 1.0 (ROM=1)\nfwohci0: No. of Isochronous channels is 4.\nfwohci0: EUI64 00:10:dc:00:00:d9:2b:8b\nfwohci0: Phy 1394a available S400, 2 ports.\nfwohci0: Link S400, max_rec 2048 bytes.\nfirewire0: \u003cIEEE1394(FireWire) bus\u003e on fwohci0\nfwe0: \u003cEthernet over FireWire\u003e on firewire0\nif_fwe0: Fake Ethernet address: 02:10:dc:d9:2b:8b\nfwe0: Ethernet address: 02:10:dc:d9:2b:8b\nfwe0: if_start running deferred for Giant\nsbp0: \u003cSBP-2/SCSI over FireWire\u003e on firewire0\nfwohci0: Initiate bus reset\nfwohci0: node_id=0xc800ffc0, gen=1, CYCLEMASTER mode\nfirewire0: 1 nodes, maxhop \u003c= 0, cable IRM = 0 (me)\nfirewire0: bus manager 0 (me)\nral0: \u003cRalink Technology RT2500\u003e mem 0xfbffc000-0xfbffdfff irq 16 at device 9.0 on pci2\nral0: MAC/BBP RT2560 (rev 0x04), RF RT2525\nral0: Ethernet address: 00:11:09:2a:ae:b0\npci0: \u003cmultimedia, audio\u003e at device 20.5 (no driver attached)\npci0: \u003csimple comms, generic modem\u003e at device 20.6 (no driver attached)\nacpi_lid0: \u003cControl Method Lid Switch\u003e on acpi0\nacpi_button0: \u003cSleep Button\u003e on acpi0\nacpi_button1: \u003cPower Button\u003e on acpi0\nacpi_tz0: \u003cThermal Zone\u003e on acpi0\natkbdc0: \u003cKeyboard controller (i8042)\u003e port 0x60,0x64 irq 1 on acpi0\natkbd0: \u003cAT Keyboard\u003e flags 0x1 irq 1 on atkbdc0\nkbd0 at atkbd0\natkbd0: [GIANT-LOCKED]\npsm0: \u003cPS/2 Mouse\u003e irq 12 on atkbdc0\npsm0: [GIANT-LOCKED]\npsm0: model IntelliMouse, device ID 3\nacpi_acad0: \u003cAC Adapter\u003e on acpi0\nbattery0: \u003cACPI Control Method Battery\u003e on acpi0\norm0: \u003cISA Option ROM\u003e at iomem 0xce800-0xcf7ff on isa0\nppc0: cannot reserve I/O port range\nsc0: \u003cSystem console\u003e at flags 0x100 on isa0\nsc0: VGA \u003c16 virtual consoles, flags=0x300\u003e\nsio0: configured irq 4 not in bitmap of probed irqs 0\nsio0: port may not be enabled\nsio0 at port 0x3f8-0x3ff irq 4 flags 0x10 on isa0\nsio0: type 8250 or not responding\nsio1: configured irq 3 not in bitmap of probed irqs 0\nsio1: port may not be enabled\nvga0: \u003cGeneric ISA VGA\u003e at port 0x3c0-0x3df iomem 0xa0000-0xbffff on isa0\nTimecounter \"TSC\" frequency 1989818882 Hz quality 800\nTimecounters tick every 1.000 msec\nmodule_register_init: MOD_LOAD (amr_linux, 0xffffffff806205d0, 0) error 6\nad0: 95396MB \u003cHTS541010G9AT00 MBZOA60A\u003e at ata0-master UDMA100\nacd0: DVDR \u003cHL-DT-ST DVD-RW GWA-4082N/CB03\u003e at ata1-master UDMA33\nTrying to mount root from ufs:/dev/ad0s2a\nLoading configuration files.\nEntropy harvesting:\n interrupts\n ethernet\n point_to_point\n kickstart"
}