{
 "id": 688340,
 "bug_id": 172653,
 "attachment_id": 0,
 "creation_time": "2012-10-13T04:30:00Z",
 "creator": "omgsnarf.bsd@gmail.com",
 "text": "After a fresh install from 9.0-RELEASE, using GPT, I get the following message:\n\ngptboot: Invalid GPT backup header\n\nThe BTX loader starts successfully, the system boots properly, and I am able to use the system without issues.  'gpart recover ada0' gives a message 'ada0 recovering is not needed.'  I have not used gmirror or glabel; however, while using bsdinstall I did give each partition its own label when using Manual partition setup as per 3.7.2 in the FreeBSD handbook.\n\nI checked this against 9.1-PRERELEASE using the 20121006 snapshot as well, with the same steps, and the issue still occurs.  I also tried using 9.1-PRERELEASE and automatic partitioning with GPT, and the issue occurs there too.\n\nuname -a for that install:\nFreeBSD babylon 9.1-PRERELEASE FreeBSD 9.1-PRERELEASE #0: Sat Oct  6 04:02:11 UTC 2012\nroot@build-i386-fbsd-2.albsd.org:/usr/oj/i386.i386/usr/src/sys/GENERIC  i386\n\nI asked this question on the forums and it was suggested to submit a PR.  See http://forums.freebsd.org/showthread.php?p=193400\n\nSystem:\nDell Latitude c840\nA13 BIOS (latest)\n\ngpart show ada0:\n=\u003e       34  312581741  ada0  GPT  (149G)\n         34       1024     1  freebsd-boot  (512k)\n       1058    4194304     2  freebsd-ufs  (2.0G)\n    4195362    8388608     3  freebsd-swap  (4.0G)\n   12583970    8388608     4  freebsd-ufs  (4.0G)\n   20972578    8388608     5  freebsd-ufs  (4.0G)\n   29361186  283115520     6  freebsd-ufs  (135G)\n  312476706     105069        - free -  (51M)\n\nFull dmesg:\nCopyright (c) 1992-2012 The FreeBSD Project.\nCopyright (c) 1979, 1980, 1983, 1986, 1988, 1989, 1991, 1992, 1993, 1994\n\tThe Regents of the University of California. All rights reserved.\nFreeBSD is a registered trademark of The FreeBSD Foundation.\nFreeBSD 9.0-RELEASE #0: Tue Jan  3 07:15:25 UTC 2012\n    root@obrian.cse.buffalo.edu:/usr/obj/usr/src/sys/GENERIC i386\nCPU: Intel(R) Pentium(R) 4 Mobile CPU 1.60GHz (1595.33-MHz 686-class CPU)\n  Origin = \"GenuineIntel\"  Id = 0xf24  Family = f  Model = 2  Stepping = 4\n  Features=0x3febf9ff\u003cFPU,VME,DE,PSE,TSC,MSR,PAE,MCE,CX8,SEP,MTRR,PGE,MCA,CMOV,PAT,PSE36,CLFLUSH,DTS,ACPI,MMX,FXSR,SSE,SSE2,SS,HTT,TM\u003e\nreal memory  = 1342177280 (1280 MB)\navail memory = 1295364096 (1235 MB)\nkbd1 at kbdmux0\nacpi0: \u003cDELL CPi R  \u003e on motherboard\nacpi0: reservation of 0, 9fc00 (3) failed\nacpi0: reservation of 100000, 4fef0000 (3) failed\nTimecounter \"ACPI-fast\" frequency 3579545 Hz quality 900\nacpi_timer0: \u003c24-bit timer at 3.579545MHz\u003e port 0x808-0x80b on acpi0\ncpu0: \u003cACPI CPU\u003e on acpi0\nacpi_acad0: \u003cAC Adapter\u003e on acpi0\nbattery0: \u003cACPI Control Method Battery\u003e on acpi0\nbattery1: \u003cACPI Control Method Battery\u003e on acpi0\nacpi_lid0: \u003cControl Method Lid Switch\u003e on acpi0\nacpi_button0: \u003cPower Button\u003e on acpi0\nacpi_button1: \u003cSleep Button\u003e on acpi0\npcib0: \u003cACPI Host-PCI bridge\u003e port 0xcf8-0xcff on acpi0\npci_link1: BIOS IRQ 11 for 0.31.INTB is invalid\npci0: \u003cACPI PCI bus\u003e on pcib0\nagp0: \u003cIntel 82845 host to AGP bridge\u003e on hostb0\npcib1: \u003cACPI PCI-PCI bridge\u003e at device 1.0 on pci0\npci1: \u003cACPI PCI bus\u003e on pcib1\nvgapci0: \u003cVGA-compatible display\u003e mem 0xfc000000-0xfcffffff,0xe0000000-0xe7ffffff,0xdff80000-0xdfffffff irq 11 at device 0.0 on pci1\nuhci0: \u003cIntel 82801CA/CAM (ICH3) USB controller USB-A\u003e port 0xbf80-0xbf9f irq 11 at device 29.0 on pci0\nuhci0: LegSup = 0x2f00\nusbus0: \u003cIntel 82801CA/CAM (ICH3) USB controller USB-A\u003e on uhci0\nuhci1: \u003cIntel 82801CA/CAM (ICH3) USB controller USB-C\u003e port 0xbf20-0xbf3f irq 11 at device 29.2 on pci0\nuhci1: LegSup = 0x2f00\nusbus1: \u003cIntel 82801CA/CAM (ICH3) USB controller USB-C\u003e on uhci1\npcib2: \u003cACPI PCI-PCI bridge\u003e at device 30.0 on pci0\npcib2: failed to allocate initial I/O port window: 0xe000-0xffff\npcib2: failed to allocate initial memory window: 0xf4000000-0xfbffffff\npci2: \u003cACPI PCI bus\u003e on pcib2\nxl0: \u003c3Com 3c905C-TX Fast Etherlink XL\u003e port 0xec80-0xecff mem 0xf8fffc00-0xf8fffc7f irq 11 at device 0.0 on pci2\nmiibus0: \u003cMII bus\u003e on xl0\nukphy0: \u003cGeneric IEEE 802.3u media interface\u003e PHY 24 on miibus0\nukphy0:  none, 10baseT, 10baseT-FDX, 100baseTX, 100baseTX-FDX, auto, auto-flow\nxl0: Ethernet address: 00:08:74:05:76:d8\ncbb0: \u003cTI4451 PCI-CardBus Bridge\u003e at device 1.0 on pci2\ncardbus0: \u003cCardBus bus\u003e on cbb0\npccard0: \u003c16-bit PCCard bus\u003e on cbb0\ncbb1: \u003cTI4451 PCI-CardBus Bridge\u003e at device 1.1 on pci2\ncardbus1: \u003cCardBus bus\u003e on cbb1\npccard1: \u003c16-bit PCCard bus\u003e on cbb1\nfwohci0: \u003cTexas Instruments PCI4451\u003e mem 0xf8fff000-0xf8fff7ff,0xf8ff8000-0xf8ffbfff irq 11 at device 1.2 on pci2\nfwohci0: OHCI version 1.0 (ROM=1)\nfwohci0: No. of Isochronous channels is 4.\nfwohci0: EUI64 42:4f:c0:00:0f:d6:54:21\nfwohci0: Phy 1394a available S400, 1 ports.\nfwohci0: Link S400, max_rec 2048 bytes.\nfirewire0: \u003cIEEE1394(FireWire) bus\u003e on fwohci0\ndcons_crom0: \u003cdcons configuration ROM\u003e on firewire0\ndcons_crom0: bus_addr 0x1704000\nfwe0: \u003cEthernet over FireWire\u003e on firewire0\nif_fwe0: Fake Ethernet address: 42:4f:c0:d6:54:21\nfwe0: Ethernet address: 42:4f:c0:d6:54:21\nfwip0: \u003cIP over FireWire\u003e on firewire0\nfwip0: Firewire address: 42:4f:c0:00:0f:d6:54:21 @ 0xfffe00000000, S400, maxrec 2048\nfwohci0: Initiate bus reset\nfwohci0: fwohci_intr_core: BUS reset\nfwohci0: fwohci_intr_core: node_id=0x00000000, SelfID Count=1, CYCLEMASTER mode\niwi0: \u003cIntel(R) PRO/Wireless 2200BG\u003e mem 0xf8ffe000-0xf8ffefff irq 11 at device 3.0 on pci2\nisab0: \u003cPCI-ISA bridge\u003e at device 31.0 on pci0\nisa0: \u003cISA bus\u003e on isab0\natapci0: \u003cIntel ICH3 UDMA100 controller\u003e port 0x1f0-0x1f7,0x3f6,0x170-0x177,0x376,0xbfa0-0xbfaf at device 31.1 on pci0\nata0: \u003cATA channel 0\u003e on atapci0\nata1: \u003cATA channel 1\u003e on atapci0\npcm0: \u003cIntel ICH3 (82801CA)\u003e port 0xd800-0xd8ff,0xdc80-0xdcbf irq 9 at device 31.5 on pci0\npcm0: \u003cCirrus Logic CS4205 AC97 Codec\u003e\npci0: \u003csimple comms, generic modem\u003e at device 31.6 (no driver attached)\nacpi_tz0: \u003cThermal Zone\u003e on acpi0\natkbdc0: \u003cKeyboard controller (i8042)\u003e port 0x60,0x64 irq 1 on acpi0\natkbd0: \u003cAT Keyboard\u003e irq 1 on atkbdc0\nkbd0 at atkbd0\natkbd0: [GIANT-LOCKED]\npsm0: \u003cPS/2 Mouse\u003e irq 12 on atkbdc0\npsm0: [GIANT-LOCKED]\npsm0: model GlidePoint, device ID 0\natrtc0: \u003cAT realtime clock\u003e port 0x70-0x71,0x72-0x77 irq 8 on acpi0\nEvent timer \"RTC\" frequency 32768 Hz quality 0\nattimer0: \u003cAT timer\u003e port 0x40-0x43,0x50-0x53 irq 0 on acpi0\nTimecounter \"i8254\" frequency 1193182 Hz quality 0\nEvent timer \"i8254\" frequency 1193182 Hz quality 100\nfdc0: \u003cfloppy drive controller (FDE)\u003e port 0x3f2-0x3f5,0x3f7 irq 6 drq 2 on acpi0\nfd0: \u003c1440-KB 3.5\" drive\u003e on fdc0 drive 0\nuart0: \u003cNon-standard ns8250 class UART with FIFOs\u003e port 0x3f8-0x3ff irq 4 flags 0x10 on acpi0\nppc0: \u003cParallel port\u003e port 0x378-0x37f,0x778-0x77b irq 7 drq 3 on acpi0\nppc0: SMC-like chipset (ECP/EPP/PS2/NIBBLE) in COMPATIBLE mode\nppc0: FIFO with 16/16/8 bytes threshold\nppbus0: \u003cParallel port bus\u003e on ppc0\nplip0: \u003cPLIP network interface\u003e on ppbus0\nlpt0: \u003cPrinter\u003e on ppbus0\nlpt0: Interrupt-driven port\nppi0: \u003cParallel I/O\u003e on ppbus0\npmtimer0 on isa0\norm0: \u003cISA Option ROMs\u003e at iomem 0xc0000-0xcf7ff,0xcf800-0xcffff pnpid ORM0000 on isa0\nsc0: \u003cSystem console\u003e at flags 0x100 on isa0\nsc0: VGA \u003c16 virtual consoles, flags=0x300\u003e\nvga0: \u003cGeneric ISA VGA\u003e at port 0x3c0-0x3df iomem 0xa0000-0xbffff on isa0\nacpi_perf0: \u003cACPI CPU Frequency Control\u003e on cpu0\nacpi_perf0: failed in PERF_STATUS attach\ndevice_attach: acpi_perf0 attach returned 6\nacpi_perf0: \u003cACPI CPU Frequency Control\u003e on cpu0\nacpi_perf0: failed in PERF_STATUS attach\ndevice_attach: acpi_perf0 attach returned 6\np4tcc0: \u003cCPU Frequency Thermal Control\u003e on cpu0\nichss0: \u003cSpeedStep ICH\u003e on cpu0\nTimecounters tick every 1.000 msec\nfirewire0: 1 nodes, maxhop \u003c= 0 cable IRM irm(0)  (me) \nfirewire0: bus manager 0 \nusbus0: 12Mbps Full Speed USB v1.0\nusbus1: 12Mbps Full Speed USB v1.0\nugen0.1: \u003cIntel\u003e at usbus0\nuhub0: \u003cIntel UHCI root HUB, class 9/0, rev 1.00/1.00, addr 1\u003e on usbus0\nugen1.1: \u003cIntel\u003e at usbus1\nuhub1: \u003cIntel UHCI root HUB, class 9/0, rev 1.00/1.00, addr 1\u003e on usbus1\nada0 at ata0 bus 0 scbus0 target 0 lun 0\nada0: \u003cSAMSUNG HM160HC LQ100-10\u003e ATA-8 device\nada0: 100.000MB/s transfers (UDMA5, PIO 8192bytes)\nada0: 152627MB (312581808 512 byte sectors: 16H 63S/T 16383C)\nada0: Previously was known as ad0\nTimecounter \"TSC\" frequency 1595325936 Hz quality 800\ncd0 at ata0 bus 0 scbus0 target 1 lun 0\ncd0: \u003cHL-DT-ST RW/DVD GCC-4241N A100\u003e Removable CD-ROM SCSI-0 device \ncd0: 33.300MB/s transfers (UDMA2, ATAPI 12bytes, PIO 65534bytes)\ncd0: Attempt to query device size failed: NOT READY, Medium not present\nuhub0: 2 ports with 2 removable, self powered\nuhub1: 2 ports with 2 removable, self powered\nugen0.2: \u003cvendor 0x15d9\u003e at usbus0\nums0: \u003cvendor 0x15d9 USB Mouse, class 0/0, rev 1.10/1.00, addr 2\u003e on usbus0\nums0: 3 buttons and [XYZ] coordinates ID=0\nTrying to mount root from ufs:/dev/ada0p2 [rw]...\nwlan0: Ethernet address: 00:16:6f:b5:eb:8a\niwi0: need multicast update callback\niwi0: need multicast update callback\niwi0: need multicast update callback\n\nHow-To-Repeat: Steps to Reproduce:\n1. Launch from boot media based on the 9.0-RELEASE i386 ISO or RELENG_9 Snapshot 20121006.\n2. Boot into bsdinstall.\n3. Select to NOT use a custom keyboard layout.\n4. Set a hostname ('babylon' was used here).\n5. Select all available components and continue.\n6. When prompted for the install type, select either Guided or Manual.\n - If selecting Guided, use the whole disk, and select Finish to accept defaults.\n - If selecting Manual, use GPT, and set up the system as listed in the 'gpart show ada0' output as listed in the 'Full Description' above.\n7. Commit all changes to the filesystem.\n8. Allow the installation to proceed.\n9. Perform normal post-install tasks - root password, adding one new user, setting EDT as the time zone, etc.\n10. When prompted, restart the system.\n\nObserved:\nPrior to the BTX loader being executed, the following error is seen:\n\ngptboot: Invalid backup GPT header\n\nThe BTX loader does load, the system will boot, and there appears to be no affect to stability, although extensive benchmarking or testing has NOT been performed.\n\nExpected:\nNo messages should appear prior to BTX loader executing."
}