{
 "id": 350250,
 "bug_id": 103569,
 "attachment_id": 0,
 "creation_time": "2006-09-24T17:40:23Z",
 "creator": "littlesavage@rambler.ru",
 "text": "Executing \"ipf -D\" cause kernel panic with new version of ipfilter. \nIt is compiled as loadable kernel module, but this command worked in FreeBSD 6.1 with ipfilter v4.1.8. Or at least it did not cause a kernel panic.\n\nCrash debug (kernel compiled with WITNESS option):\n# kgdb -n 0\nkgdb: kvm_nlist(_stopped_cpus): \nkgdb: kvm_nlist(_stoppcbs): \n[GDB will not be able to debug user-mode threads: /usr/lib/libthread_db.so: Undefined symbol \"ps_pglobal_lookup\"]\nGNU gdb 6.1.1 [FreeBSD]\nCopyright 2004 Free Software Foundation, Inc.\nGDB is free software, covered by the GNU General Public License, and you are\nwelcome to change it and/or distribute copies of it under certain conditions.\nType \"show copying\" to see the conditions.\nThere is absolutely no warranty for GDB.  Type \"show warranty\" for details.\nThis GDB was configured as \"i386-marcel-freebsd\".\n\nUnread portion of the kernel message buffer:\npanic: lock (sleep mutex) ipf filter load/unload mutex not locked @ /usr/src/sys/modules/ipfilter/../../contrib/ipfilter/netinet/ip_fil_freebsd.c:630\nKDB: stack backtrace:\nkdb_backtrace(100,c19ae000,c19ae000,c172eac0,c19ae078,...) at kdb_backtrace+0x29\npanic(c079f8a1,c07b3a0e,c172a6d7,c172a768,276,...) at panic+0xa8\nwitness_unlock(c172eac0,8,c172a768,276) at witness_unlock+0xbc\n_mtx_unlock_flags(c172eac0,0,c172a768,276,c079f334,...) at _mtx_unlock_flags+0x28\niplioctl(c1682600,80047248,c159d7b0,3,c19ae000,...) at iplioctl+0xba\ndevfs_ioctl_f(c169e2d0,80047248,c159d7b0,c19f8600,c19ae000) at devfs_ioctl_f+0xaf\nioctl(c19ae000,c8308d04) at ioctl+0x344\nsyscall(3b,3b,3b,2806bcf0,bfbfec70,...) at syscall+0x22f\nXint0x80_syscall() at Xint0x80_syscall+0x1f\n--- syscall (54, FreeBSD ELF32, ioctl), eip = 0x28197bc7, esp = 0xbfbfe9bc, ebp = 0xbfbfe9d8 ---\nKDB: enter: panic\npanic: from debugger\nUptime: 3m51s\nDumping 63 MB (2 chunks)\n  chunk 0: 1MB (160 pages) ... ok\n  chunk 1: 63MB (16128 pages) 48 32 16\n\n#0  doadump () at pcpu.h:165\n165     pcpu.h: No such file or directory.\n        in pcpu.h\n(kgdb) bt\n#0  doadump () at pcpu.h:165\n#1  0xc05a089a in boot (howto=260) at /usr/src/sys/kern/kern_shutdown.c:409\n#2  0xc05a0af3 in panic (fmt=0xc0777992 \"from debugger\") at /usr/src/sys/kern/kern_shutdown.c:565\n#3  0xc0453835 in db_panic (addr=-1067748277, have_addr=0, count=-1, modif=0xc8308894 \"\") at /usr/src/sys/ddb/db_command.c:438\n#4  0xc04537cc in db_command (last_cmdp=0xc083aee4, cmd_table=0x0, aux_cmd_tablep=0xc07c11d4, aux_cmd_tablep_end=0xc07c11d8)\n    at /usr/src/sys/ddb/db_command.c:350\n#5  0xc0453894 in db_command_loop () at /usr/src/sys/ddb/db_command.c:458\n#6  0xc045543d in db_trap (type=3, code=0) at /usr/src/sys/ddb/db_main.c:221\n#7  0xc05b76c7 in kdb_trap (type=3, code=0, tf=0xc83089d4) at /usr/src/sys/kern/subr_kdb.c:473\n#8  0xc073f390 in trap (frame=\n      {tf_fs = -936378360, tf_es = -1067778008, tf_ds = -1065811928, tf_edi = 1, tf_esi = -1065748319, tf_ebp = -936343020, tf_isp = -936343040, tf_ebx = -936342976, tf_edx = 0, tf_ecx = -1056878592, tf_eax = 18, tf_trapno = 3, tf_err = 0, tf_eip = -1067748277, tf_cs = 32, tf_eflags = 662, tf_esp = -936342988, tf_ss = -1067840861}) at /usr/src/sys/i386/i386/trap.c:594\n#9  0xc072e3da in calltrap () at /usr/src/sys/i386/i386/exception.s:139\n#10 0xc05b744b in kdb_enter (msg=0x12 \u003cAddress 0x12 out of bounds\u003e) at cpufunc.h:60\n#11 0xc05a0aa3 in panic (fmt=0xc079f8a1 \"lock (%s) %s not locked @ %s:%d\") at /usr/src/sys/kern/kern_shutdown.c:549\n#12 0xc05c0d54 in witness_unlock (lock=0xc172eac0, flags=8, \n    file=0xc172a768 \"/usr/src/sys/modules/ipfilter/../../contrib/ipfilter/netinet/ip_fil_freebsd.c\", line=630)\n    at /usr/src/sys/kern/subr_witness.c:1237\n#13 0xc0598bd4 in _mtx_unlock_flags (m=0xc172eac0, opts=0, \n    file=0xc172a768 \"/usr/src/sys/modules/ipfilter/../../contrib/ipfilter/netinet/ip_fil_freebsd.c\", line=630)\n    at /usr/src/sys/kern/kern_mutex.c:315\n#14 0xc171ffda in ?? ()\n#15 0xc172eac0 in ?? ()\n#16 0x00000000 in ?? ()\n#17 0xc172a768 in ?? ()\n#18 0x00000276 in ?? ()\n#19 0xc079f334 in ?? ()\n#20 0x00000000 in ?? ()\n#21 0xc0847100 in witness_spin_warn ()\n#22 0x00000000 in ?? ()\n#23 0xc079f334 in ?? ()\n#24 0x000006a9 in ?? ()\n#25 0xc088cff4 in w_locklistdata ()\n#26 0xc8308adc in ?? ()\n#27 0xc05c0e4e in witness_unlock (lock=0x4, flags=-2147192248, file=0xc159d7b0 \"\", line=3) at /usr/src/sys/kern/subr_witness.c:1285\n#28 0xc0559913 in devfs_ioctl_f (fp=0xc169e2d0, com=2147775048, data=0xc159d7b0, cred=0xc19f8600, td=0xc19ae000)\n    at /usr/src/sys/fs/devfs/devfs_vnops.c:407\n#29 0xc05c24c8 in ioctl (td=0xc19ae000, uap=0xc8308d04) at file.h:264\n#30 0xc073fb13 in syscall (frame=\n      {tf_fs = 59, tf_es = 59, tf_ds = 59, tf_edi = 671530224, tf_esi = -1077941136, tf_ebp = -1077941800, tf_isp = -936342172, tf_ebx = 2, tf_edx = 0, tf_ecx = 672916548, tf_eax = 54, tf_trapno = 12, tf_err = 2, tf_eip = 672758727, tf_cs = 51, tf_eflags = 535, tf_esp = -1077941828, tf_ss = 59}) at /usr/src/sys/i386/i386/trap.c:983\n#31 0xc072e42f in Xint0x80_syscall () at /usr/src/sys/i386/i386/exception.s:200\n#32 0x00000033 in ?? ()\nPrevious frame inner to this frame (corrupt stack?)\n\ndmesg:\nCopyright (c) 1992-2006 The FreeBSD Project.\nCopyright (c) 1979, 1980, 1983, 1986, 1988, 1989, 1991, 1992, 1993, 1994\n        The Regents of the University of California. All rights reserved.\nFreeBSD 6.2-PRERELEASE #2: Sun Sep 24 15:46:21 MSD 2006\n    root@ls2.orionet.ru:/usr/obj/usr/src/sys/LS_DEBUG\nWARNING: WITNESS option enabled, expect reduced performance.\nTimecounter \"i8254\" frequency 1193182 Hz quality 0\nCPU: Pentium II/Pentium II Xeon/Celeron (233.87-MHz 686-class CPU)\n  Origin = \"GenuineIntel\"  Id = 0x634  Stepping = 4\n  Features=0x80f9ff\u003cFPU,VME,DE,PSE,TSC,MSR,PAE,MCE,CX8,SEP,MTRR,PGE,MCA,CMOV,MMX\u003e\nreal memory  = 67108864 (64 MB)\navail memory = 56127488 (53 MB)\ncpu0 on motherboard\npcib0: \u003cIntel 82443BX (440 BX) host to PCI bridge\u003e pcibus 0 on motherboard\npir0: \u003cPCI Interrupt Routing Table: 6 Entries\u003e on motherboard\npci0: \u003cPCI bus\u003e on pcib0\nagp0: \u003cIntel 82443BX (440 BX) host to PCI bridge\u003e mem 0xd0000000-0xd1ffffff at device 0.0 on pci0\npcib1: \u003cPCI-PCI bridge\u003e at device 1.0 on pci0\npci1: \u003cPCI bus\u003e on pcib1\npci1: \u003cdisplay, VGA\u003e at device 0.0 (no driver attached)\nisab0: \u003cPCI-ISA bridge\u003e at device 7.0 on pci0\nisa0: \u003cISA bus\u003e on isab0\natapci0: \u003cIntel PIIX4 UDMA33 controller\u003e port 0x1f0-0x1f7,0x3f6,0x170-0x177,0x376,0xf000-0xf00f at device 7.1 on pci0\nata0: \u003cATA channel 0\u003e on atapci0\nata1: \u003cATA channel 1\u003e on atapci0\nuhci0: \u003cIntel 82371AB/EB (PIIX4) USB controller\u003e port 0xd000-0xd01f irq 10 at device 7.2 on pci0\nuhci0: [GIANT-LOCKED]\nusb0: \u003cIntel 82371AB/EB (PIIX4) USB controller\u003e on uhci0\nusb0: USB revision 1.0\nusbd_get_string: getting lang failed, using 0\nuhub0: Intel UHCI root hub, class 9/0, rev 1.00/1.00, addr 1\nuhub0: 2 ports with 2 removable, self powered\npci0: \u003cbridge\u003e at device 7.3 (no driver attached)\npci0: \u003cmultimedia, audio\u003e at device 8.0 (no driver attached)\nxl0: \u003c3Com 3cSOHO100-TX OfficeConnect\u003e port 0xe800-0xe87f mem 0xd7010000-0xd701007f irq 11 at device 14.0 on pci0\nmiibus0: \u003cMII bus\u003e on xl0\nxlphy0: \u003c3Com internal media interface\u003e on miibus0\nxlphy0:  10baseT, 10baseT-FDX, 100baseTX, 100baseTX-FDX, auto\nxl0: Ethernet address: 00:04:76:95:18:8e\nhcfmdm0: \u003cConexant HCF PCI Winmodem\u003e port 0xec00-0xec07 mem 0xd7000000-0xd700ffff irq 12 at device 16.0 on pci0\nWITNESS: spin lock hcfmdm_state_mtx not in order list\npmtimer0 on isa0\natkbdc0: \u003cKeyboard controller (i8042)\u003e at port 0x60,0x64 on isa0\natkbd0: \u003cAT Keyboard\u003e irq 1 on atkbdc0\nkbd0 at atkbd0\natkbd0: [GIANT-LOCKED]\nppc0: \u003cParallel port\u003e at port 0x378-0x37f irq 7 on isa0\nppc0: Generic chipset (NIBBLE-only) in COMPATIBLE mode\nppbus0: \u003cParallel port bus\u003e on ppc0\nplip0: \u003cPLIP network interface\u003e on ppbus0\nlpt0: \u003cPrinter\u003e on ppbus0\nlpt0: Interrupt-driven port\nppi0: \u003cParallel I/O\u003e on ppbus0\nsc0: \u003cSystem console\u003e at flags 0x100 on isa0\nsc0: VGA \u003c16 virtual consoles, flags=0x300\u003e\nsio0 at port 0x3f8-0x3ff irq 4 flags 0x90 on isa0\nsio0: type 16550A\nsio1: configured irq 3 not in bitmap of probed irqs 0\nsio1: port may not be enabled\nvga0: \u003cGeneric ISA VGA\u003e at port 0x3c0-0x3df iomem 0xa0000-0xbffff on isa0\nunknown: \u003cPNP0303\u003e can't assign resources (port)\nunknown: \u003cPNP0c01\u003e can't assign resources (memory)\nunknown: \u003cPNP0a03\u003e can't assign resources (port)\nunknown: \u003cPNP0501\u003e can't assign resources (port)\nunknown: \u003cPNP0400\u003e can't assign resources (port)\nTimecounter \"TSC\" frequency 233865531 Hz quality 800\nTimecounters tick every 1.000 msec\nad0: 4126MB \u003cSeagate ST34313A 3.23\u003e at ata0-master UDMA33\nTrying to mount root from ufs:/dev/ad0s1a\nIP Filter: v4.1.13 initialized.  Default = pass all, Logging = enabled\n\nHow-To-Repeat: Try to disable ipfilter with ipf -D"
}