{
 "id": 1226913,
 "bug_id": 266486,
 "attachment_id": 0,
 "creation_time": "2022-09-18T19:52:51Z",
 "creator": "bcran@FreeBSD.org",
 "text": "Machine: PowerEdge R7525 with 2x EPYC 7713\nFreeBSD 14.0-CURRENT #0 main-n257957-975407b1d8d-dirty: Sun Sep 18 10:05:52 MDT 2022\n\nAfter bumping MAXMEMDOM in acpica from 8 to 16 in an attempt to resolve the boot message \"SRAT: Too many memory domains\", FreeBSD panics on boot.\n\n---\u003c\u003cBOOT\u003e\u003e---\nCopyright (c) 1992-2022 The FreeBSD Project.\nCopyright (c) 1979, 1980, 1983, 1986, 1988, 1989, 1991, 1992, 1993, 1994\n        The Regents of the University of California. All rights reserved.\nFreeBSD is a registered trademark of The FreeBSD Foundation.\nFreeBSD 14.0-CURRENT #0 main-n257957-975407b1d8d-dirty: Sun Sep 18 10:05:52 MDT 2022\n    bcran@timp:/usr/obj/usr/src/amd64.amd64/sys/GENERIC amd64\nFreeBSD clang version 14.0.5 (https://github.com/llvm/llvm-project.git llvmorg-14.0.5-0-gc12386ae247c)\nWARNING: WITNESS option enabled, expect reduced performance.\nVT(efifb): resolution 1024x768\nCPU: AMD EPYC 7713 64-Core Processor                 (1996.37-MHz K8-class CPU)\n  Origin=\"AuthenticAMD\"  Id=0xa00f11  Family=0x19  Model=0x1  Stepping=1\n  Features=0x178bfbff\u003cFPU,VME,DE,PSE,TSC,MSR,PAE,MCE,CX8,APIC,SEP,MTRR,PGE,MCA,CMOV,PAT,PSE36,CLFLUSH,MMX,FXSR,SSE,SSE2,HTT\u003e\n  Features2=0x7efa320b\u003cSSE3,PCLMULQDQ,MON,SSSE3,FMA,CX16,PCID,SSE4.1,SSE4.2,x2APIC,MOVBE,POPCNT,AESNI,XSAVE,OSXSAVE,AVX,F16C,RDRAND\u003e\n  AMD Features=0x2e500800\u003cSYSCALL,NX,MMX+,FFXSR,Page1GB,RDTSCP,LM\u003e\n  AMD Features2=0x75c237ff\u003cLAHF,CMP,SVM,ExtAPIC,CR8,ABM,SSE4A,MAS,Prefetch,OSVW,IBS,SKINIT,WDT,TCE,Topology,PCXC,PNXC,DBE,PL2I,MWAITX,ADMSKX\u003e\n  Structured Extended Features=0x219c97a9\u003cFSGSBASE,BMI1,AVX2,SMEP,BMI2,ERMS,INVPCID,PQM,PQE,RDSEED,ADX,SMAP,CLFLUSHOPT,CLWB,SHA\u003e\n  Structured Extended Features2=0x40069c\u003cUMIP,PKU,OSPKE,VAES,VPCLMULQDQ,RDPID\u003e\n  Structured Extended Features3=0x10\u003cFSRM\u003e\n  XSAVE Features=0xf\u003cXSAVEOPT,XSAVEC,XINUSE,XSAVES\u003e\n  AMD Extended Feature Extensions ID EBX=0x91bef75f\u003cCLZERO,IRPerf,XSaveErPtr,RDPRU,MCOMMIT,WBNOINVD,IBPB,IBRS,STIBP,STIBP_ALWAYSON,PREFER_IBRS,PPIN,SSBD\u003e\n  SVM: NP,NRIP,VClean,AFlush,DAssist,NAsids=32768\n  TSC: P-state invariant, performance statistics\nreal memory  = 277021196288 (264188 MB)\navail memory = 267217731584 (254838 MB)\nEvent timer \"LAPIC\" quality 600\nACPI APIC Table: \u003cDELL   PE_SC3  \u003e\nFreeBSD/SMP: Multiprocessor System Detected: 256 CPUs\nFreeBSD/SMP: 2 package(s) x 8 cache groups x 8 core(s) x 2 hardware threads\nrandom: registering fast source Intel Secure Key RNG\nrandom: fast provider: \"Intel Secure Key RNG\"\nrandom: unblocking device.\nioapic0 \u003cVersion 2.1\u003e irqs 0-23\nioapic1 \u003cVersion 2.1\u003e irqs 120-151\nioapic2 \u003cVersion 2.1\u003e irqs 88-119\nioapic3 \u003cVersion 2.1\u003e irqs 56-87\nioapic4 \u003cVersion 2.1\u003e irqs 24-55\nioapic5 \u003cVersion 2.1\u003e irqs 248-279\nioapic6 \u003cVersion 2.1\u003e irqs 216-247\nioapic7 \u003cVersion 2.1\u003e irqs 184-215\nioapic8 \u003cVersion 2.1\u003e irqs 152-183\nLaunching APs: 53 59 50 55 58 54 63 51 49 62 48 61 56 60 57 52 37 39 35 43 36 42 38 34 46 44 47 33 45 32 41 25 40 29 22 27 23 28 19 26 18 30 17 31 16 24 20 4 2 21 9 3 6 10 7 1 11 8 15 12 14 5 13 105 106 104 102 107 103 98 111 99 110 108 96 109 97 101 120 122 115 100 121 123 118 126 119 114 127 125 112 124 113 116 69 67 75 70 74 66 71 78 65 79 117 68 76 72 64 77 73 93 90 82 86 83 92 87 91 95 80 94 81 84 89 85 88 181 180 186 179 177 187 183 176 182 178 190 185 191 188 184 189 165 170 162 164 168 171 167 160 166 175 163 161 174 172 169 173 216 218 210 214 213 219 211 209 215 208 220 223 221 222 212 217 207 203 198 202 195 199 196 194 197 205 206 193 204 192 200 244 250 245 251 246 243 247 242 254 240 255 253 241 252 248 201 249 228 234 227 231 235 226 230 239 225 229 238 237 224 236 233 148 154 159 150 155 146 145 147 151 144 157 158 156 153 149 152 232 137 132 138 133 140 139 136 135 128 141 134 142 131 129 143 130\nrandom: entropy device external interface\nkbd0 at kbdmux0\nefirtc0: \u003cEFI Realtime Clock\u003e\nefirtc0: registered as a time-of-day clock, resolution 1.000000s\nsmbios0: \u003cSystem Management BIOS\u003e at iomem 0x69796000-0x6979601e\nsmbios0: Version: 3.3, BCD Revision: 3.3\naesni0: \u003cAES-CBC,AES-CCM,AES-GCM,AES-ICM,AES-XTS,SHA1,SHA256\u003e\nacpi0: \u003cDELL PE_SC3\u003e\nacpi0: Power Button (fixed)\nhpet0: \u003cHigh Precision Event Timer\u003e iomem 0xfed00000-0xfed001ff on acpi0\nTimecounter \"HPET\" frequency 14318180 Hz quality 950\nEvent timer \"HPET\" frequency 14318180 Hz quality 350\nEvent timer \"HPET1\" frequency 14318180 Hz quality 350\nEvent timer \"HPET2\" frequency 14318180 Hz quality 350\nattimer0: \u003cAT timer\u003e port 0x40-0x43 irq 0 on acpi0\nTimecounter \"i8254\" frequency 1193182 Hz quality 0\nEvent timer \"i8254\" frequency 1193182 Hz quality 100\natrtc0: \u003cAT realtime clock\u003e port 0x70-0x71 on acpi0\natrtc0: registered as a time-of-day clock, resolution 1.000000s\nEvent timer \"RTC\" frequency 32768 Hz quality 0\nTimecounter \"ACPI-fast\" frequency 3579545 Hz quality 900\nacpi_timer0: \u003c32-bit timer at 3.579545MHz\u003e port 0x408-0x40b on acpi0\napei0: \u003cACPI Platform Error Interface\u003e on acpi0\npcib0: \u003cACPI Host-PCI bridge\u003e port 0xcf8-0xcff numa-domain 6 on acpi0\npci0: \u003cACPI PCI bus\u003e numa-domain 6 on pcib0\npci0: \u003cbase peripheral, IOMMU\u003e at device 0.2 (no driver attached)\npcib1: \u003cACPI PCI-PCI bridge\u003e at device 1.1 numa-domain 7 on pci0\npci1: \u003cACPI PCI bus\u003e numa-domain 7 on pcib1\nAVAGO MegaRAID SAS FreeBSD mrsas driver version: 07.709.04.00-fbsd\nmrsas0: \u003cBROADCOM AERO-10E2 SAS Controller\u003e port 0x2000-0x20ff mem 0x9ec00000-0x9ecfffff,0x9ed00000-0x9edfffff,0x9f200000-0x9f2fffff at device 0.0 numa-domain 7 on pci1\nmrsas0: FW now in Ready state\nmrsas0: Using MSI-X with 128 number of vectors\nmrsas0: FW supports \u003c128\u003e MSIX vector,Online CPU 256 Current MSIX \u003c128\u003e\nmrsas0: mrsas_init_adapter: sc-\u003ereply_q_depth 0x27e0,sc-\u003erequest_alloc_sz 0x9f60, sc-\u003ereply_alloc_sz 0x13f00,sc-\u003eio_frames_alloc_sz 0x13ee00\nmrsas0: max sge: 0x106, max chain frame size: 0x1000, max fw cmd: 0x13ec sc-\u003echain_frames_alloc_sz: 0x13ec000\nmrsas0: Issuing IOC INIT command to FW.\nmrsas0: IOC INIT response received from FW.\nmrsas0: FW supports atomic descriptor: Yes\nmrsas0: NVME page size  : (4096)\nmrsas0: FW supports JBOD Map \nmrsas0: FW supports JBOD Map Ext \nmrsas0: Jbod map is supported\nmrsas0: VD created target ID: 0xef\nmrsas0: VD created target ID: 0x4\nmrsas0: VD created target ID: 0x2\nmrsas0: VD created target ID: 0x1\nmrsas0: VD created target ID: 0x3\nmrsas0: FW supports: UnevenSpanSupport=1\n\nmrsas0: max_fw_cmds: 5100  max_scsi_cmds: 5084\nmrsas0: MSI-x interrupts setup success\nmrsas0: mrsas_ocr_thread\npcib2: \u003cACPI PCI-PCI bridge\u003e at device 1.2 numa-domain 6 on pci0\npci2: \u003cACPI PCI bus\u003e numa-domain 6 on pcib2\nahci0: \u003cMarvell 88SE9230 AHCI SATA controller\u003e port 0x1028-0x102f,0x1034-0x1037,0x1020-0x1027,0x1030-0x1033,0x1000-0x101f mem 0x9f100000-0x9f1007ff at device 0.0 numa-domain 6 on pci2\nahci0: AHCI v1.20 with 3 6Gbps ports, Port Multiplier not supported\nahci0: quirks=0x1000900\u003cNOBSYRES,ALTSIG,IOMMU_BUSWIDE\u003e\nahcich0: \u003cAHCI channel\u003e at channel 0 on ahci0\nahcich1: \u003cAHCI channel\u003e at channel 1 on ahci0\nahcich2: \u003cAHCI channel\u003e at channel 2 on ahci0\npcib3: \u003cACPI PCI-PCI bridge\u003e at device 7.1 numa-domain 7 on pci0\npci3: \u003cACPI PCI bus\u003e numa-domain 7 on pcib3\npci3: \u003cencrypt/decrypt\u003e at device 0.2 (no driver attached)\npcib4: \u003cACPI PCI-PCI bridge\u003e at device 8.1 numa-domain 7 on pci0\npci4: \u003cACPI PCI bus\u003e numa-domain 7 on pcib4\npci4: \u003cencrypt/decrypt\u003e at device 0.2 (no driver attached)\nxhci0: \u003cAMD Starship USB 3.0 controller\u003e mem 0x9ee00000-0x9eefffff at device 0.3 numa-domain 7 on pci4\nxhci0: 64 bytes context size, 64-bit DMA\nusbus0 numa-domain 7 on xhci0\nusbus0: 5.0Gbps Super Speed USB v3.0\nisab0: \u003cPCI-ISA bridge\u003e at device 20.3 numa-domain 6 on pci0\nisa0: \u003cISA bus\u003e numa-domain 6 on isab0\npcib5: \u003cACPI Host-PCI bridge\u003e numa-domain 4 on acpi0\npci5: \u003cACPI PCI bus\u003e numa-domain 4 on pcib5\npci5: \u003cbase peripheral, IOMMU\u003e at device 0.2 (no driver attached)\npcib6: \u003cACPI PCI-PCI bridge\u003e at device 7.1 numa-domain 5 on pci5\npci6: \u003cACPI PCI bus\u003e numa-domain 5 on pcib6\npci6: \u003cencrypt/decrypt\u003e at device 0.2 (no driver attached)\npcib7: \u003cACPI PCI-PCI bridge\u003e at device 8.1 numa-domain 5 on pci5\npci7: \u003cACPI PCI bus\u003e numa-domain 5 on pcib7\npci7: \u003cencrypt/decrypt\u003e at device 0.1 (no driver attached)\npci7: \u003cencrypt/decrypt\u003e at device 0.2 (no driver attached)\nxhci1: \u003cAMD Starship USB 3.0 controller\u003e mem 0x94d00000-0x94dfffff at device 0.3 numa-domain 5 on pci7\nxhci1: 64 bytes context size, 64-bit DMA\nusbus1 numa-domain 5 on xhci1\nusbus1: 5.0Gbps Super Speed USB v3.0\npcib8: \u003cACPI Host-PCI bridge\u003e numa-domain 2 on acpi0\npci8: \u003cACPI PCI bus\u003e numa-domain 2 on pcib8\npci8: \u003cbase peripheral, IOMMU\u003e at device 0.2 (no driver attached)\npcib9: \u003cACPI PCI-PCI bridge\u003e at device 7.1 numa-domain 3 on pci8\npci9: \u003cACPI PCI bus\u003e numa-domain 3 on pcib9\npci9: \u003cencrypt/decrypt\u003e at device 0.2 (no driver attached)\npcib10: \u003cACPI PCI-PCI bridge\u003e at device 8.1 numa-domain 3 on pci8\npci10: \u003cACPI PCI bus\u003e numa-domain 3 on pcib10\npci10: \u003cencrypt/decrypt\u003e at device 0.2 (no driver attached)\npcib11: \u003cACPI Host-PCI bridge\u003e numa-domain 0 on acpi0\npci11: \u003cACPI PCI bus\u003e numa-domain 0 on pcib11\npci11: \u003cbase peripheral, IOMMU\u003e at device 0.2 (no driver attached)\npcib12: \u003cACPI PCI-PCI bridge\u003e at device 3.1 numa-domain 1 on pci11\npci12: \u003cACPI PCI bus\u003e numa-domain 1 on pcib12\nixl0: \u003cIntel(R) Ethernet Controller X710 for 10GBASE-T - 2.3.2-k\u003e mem 0x9a000000-0x9affffff,0x9b808000-0x9b80ffff at device 0.0 numa-domain 1 on pci12\nixl0: fw 8.84.67010 api 1.14 nvm 8.40 etid 8000b1f9 oem 20.5120.13\nixl0: PF-ID[0]: VFs 64, MSI-X 129, VF MSI-X 5, QPs 768, MDIO shared\nixl0: Using 1024 TX descriptors and 1024 RX descriptors\npanic: Assertion CPU_COUNT(\u0026ctx-\u003eifc_cpus) \u003e 0 failed at /usr/src/sys/net/iflib.c:5150\ncpuid = 10\ntime = 1\nKDB: stack backtrace:\ndb_trace_self_wrapper() at db_trace_self_wrapper+0x2b/frame 0xffffffff82dc9790\nvpanic() at vpanic+0x151/frame 0xffffffff82dc97e0\npanic() at panic+0x43/frame 0xffffffff82dc9840\niflib_device_register() at iflib_device_register+0xeed/frame 0xffffffff82dc98d0\niflib_device_attach() at iflib_device_attach+0xbb/frame 0xffffffff82dc9900\ndevice_attach() at device_attach+0x3ca/frame 0xffffffff82dc9940\ndevice_probe_and_attach() at device_probe_and_attach+0x70/frame 0xffffffff82dc9970\nbus_generic_attach() at bus_generic_attach+0x18/frame 0xffffffff82dc9990\npci_attach() at pci_attach+0xe1/frame 0xffffffff82dc99c0\nacpi_pci_attach() at acpi_pci_attach+0x17/frame 0xffffffff82dc9a00\ndevice_attach() at device_attach+0x3ca/frame 0xffffffff82dc9a40\ndevice_probe_and_attach() at device_probe_and_attach+0x70/frame 0xffffffff82dc9a70\nbus_generic_attach() at bus_generic_attach+0x18/frame 0xffffffff82dc9a90\nacpi_pcib_pci_attach() at acpi_pcib_pci_attach+0x9e/frame 0xffffffff82dc9ac0\ndevice_attach() at device_attach+0x3ca/frame 0xffffffff82dc9b00\ndevice_probe_and_attach() at device_probe_and_attach+0x70/frame 0xffffffff82dc9b30\nbus_generic_attach() at bus_generic_attach+0x18/frame 0xffffffff82dc9b50\npci_attach() at pci_attach+0xe1/frame 0xffffffff82dc9b80\nacpi_pci_attach() at acpi_pci_attach+0x17/frame 0xffffffff82dc9bc0\ndevice_attach() at device_attach+0x3ca/frame 0xffffffff82dc9c00\ndevice_probe_and_attach() at device_probe_and_attach+0x70/frame 0xffffffff82dc9c30\nbus_generic_attach() at bus_generic_attach+0x18/frame 0xffffffff82dc9c50\nacpi_pcib_acpi_attach() at acpi_pcib_acpi_attach+0x430/frame 0xffffffff82dc9cb0\ndevice_attach() at device_attach+0x3ca/frame 0xffffffff82dc9cf0\ndevice_probe_and_attach() at device_probe_and_attach+0x70/frame 0xffffffff82dc9d20\nbus_generic_attach() at bus_generic_attach+0x18/frame 0xffffffff82dc9d40\nacpi_probe_children() at acpi_probe_children+0x209/frame 0xffffffff82dc9da0\nacpi_attach() at acpi_attach+0x9a6/frame 0xffffffff82dc9e30\ndevice_attach() at device_attach+0x3ca/frame 0xffffffff82dc9e70\ndevice_probe_and_attach() at device_probe_and_attach+0x70/frame 0xffffffff82dc9ea0\nbus_generic_attach() at bus_generic_attach+0x18/frame 0xffffffff82dc9ec0\ndevice_attach() at device_attach+0x3ca/frame 0xffffffff82dc9f00\ndevice_probe_and_attach() at device_probe_and_attach+0x70/frame 0xffffffff82dc9f30\nbus_generic_new_pass() at bus_generic_new_pass+0xfd/frame 0xffffffff82dc9f60\nbus_set_pass() at bus_set_pass+0x4c/frame 0xffffffff82dc9f90\nconfigure() at configure+0x9/frame 0xffffffff82dc9fa0\nmi_startup() at mi_startup+0x1f8/frame 0xffffffff82dc9ff0\nbtext() at btext+0x23\nKDB: enter: panic\n[ thread pid 0 tid 100000 ]\nStopped at      kdb_enter+0x32: movq    $0,0x1277e83(%rip)"
}