{
 "id": 1016560,
 "bug_id": 232347,
 "attachment_id": 0,
 "creation_time": "2018-10-17T08:22:29Z",
 "creator": "ohartmann@walstatt.org",
 "text": "I'm using port sysutils/dvd+rw-tools to prepare software we use and need on DVD for updates and so forth.\n\nSince a couple of time with 12-CURRENT, I face a problem on a Fujitsu Celsius with a older DVD burner model (FreeBSD 11-CURRENT and 11.0 didn't show the problem!). The workstation's hardware is (from dmesg):\n\n[...]\nCPU: Intel(R) Xeon(R) CPU E5-1650 v3 @ 3.50GHz (3492.01-MHz K8-class CPU)\n  Origin=\"GenuineIntel\"  Id=0x306f2  Family=0x6  Model=0x3f  Stepping=2\n  Features=0xbfebfbff\u003cFPU,VME,DE,PSE,TSC,MSR,PAE,MCE,CX8,APIC,SEP,MTRR,PGE,MCA,CMOV,PAT,PSE36,CLFLUSH,DTS,ACPI,MMX,FXSR,SSE,SSE2,SS,HTT,TM,PBE\u003e\n  Features2=0x7dfefbff\u003cSSE3,PCLMULQDQ,DTES64,MON,DS_CPL,VMX,SMX,EST,TM2,SSSE3,SDBG,FMA,CX16,xTPR,PDCM,PCID,DCA,SSE4.1,SSE4.2,x2APIC,MOVBE,POPCNT,TSCDLT,XSAVE,OSXSAVE,AVX,F16C,RDRAND\u003e\n  AMD Features=0x2c100800\u003cSYSCALL,NX,Page1GB,RDTSCP,LM\u003e\n  AMD Features2=0x21\u003cLAHF,ABM\u003e\n  Structured Extended Features=0x37ab\u003cFSGSBASE,TSCADJ,BMI1,AVX2,SMEP,BMI2,ERMS,INVPCID,PQM,NFPUSG\u003e\n  Structured Extended Features3=0xc000000\u003cIBPB,STIBP\u003e\n  XSAVE Features=0x1\u003cXSAVEOPT\u003e\n  VT-x: (disabled in BIOS) PAT,HLT,MTF,PAUSE,EPT,UG,VPID,VID,PostIntr\n  TSC: P-state invariant, performance statistics\nreal memory  = 34359738368 (32768 MB)\navail memory = 33054359552 (31523 MB)\n[...]\n\n\nThe recent DVD/CDROM drive is:\n\ncd0 at ahcich9 bus 0 scbus7 target 0 lun 0\ncd0: \u003chp DVD A  DH16ABLH 3HD9\u003e Removable CD-ROM SCSI device\ncd0: Serial Number xxxxxxx\ncd0: 150.000MB/s transfers (SATA 1.x, UDMA5, ATAPI 12bytes, PIO 8192bytes)\n\nbut the failure is also seen on other burner (also some older types).\n\nWhen burning a normal CDROM image, maximum ~ 700MB, either on a DVD or a CDROM W (via cdrecord or growisofs) everything is all right, the burn finishes.\n\nWhenever I try to burn a DVD larger than ~ 2 - 3 GB, I receive an error:\n\nsegmentation fault (growisofs)\n\nand there are lots of error messages from the CAM susbsystem on the console:\n\n[...]\nOct 17 07:45:33 \u003ckern.crit\u003e freyja kernel: (cd0:ahcich9:0:0:0): READ(10). CDB: 28 00 00 00 00 00 00 00 01 00 \nOct 17 07:45:33 \u003ckern.crit\u003e freyja kernel: (cd0:ahcich9:0:0:0): CAM status: SCSI Status Error\nOct 17 07:45:33 \u003ckern.crit\u003e freyja kernel: (cd0:ahcich9:0:0:0): SCSI status: Check Condition\nOct 17 07:45:33 \u003ckern.crit\u003e freyja kernel: (cd0:ahcich9:0:0:0): SCSI sense: ILLEGAL REQUEST asc:21,0 (Logical block address out of range)\nOct 17 07:45:33 \u003ckern.crit\u003e freyja kernel: (cd0:ahcich9:0:0:0): Error 22, Unretryable error\nOct 17 07:45:33 \u003ckern.crit\u003e freyja kernel: (cd0:ahcich9:0:0:0): cddone: got error 0x16 back\nOct 17 07:45:33 \u003ckern.crit\u003e freyja kernel: (cd0:ahcich9:0:0:0): READ(10). CDB: 28 00 00 00 00 00 00 00 01 00 \nOct 17 07:45:33 \u003ckern.crit\u003e freyja kernel: (cd0:ahcich9:0:0:0): CAM status: SCSI Status Error\nOct 17 07:45:33 \u003ckern.crit\u003e freyja kernel: (cd0:ahcich9:0:0:0): SCSI status: Check Condition\nOct 17 07:45:33 \u003ckern.crit\u003e freyja kernel: (cd0:ahcich9:0:0:0): SCSI sense: ILLEGAL REQUEST asc:21,0 (Logical block address out of range)\nOct 17 07:45:33 \u003ckern.crit\u003e freyja kernel: (cd0:ahcich9:0:0:0): Error 22, Unretryable error\nOct 17 07:45:33 \u003ckern.crit\u003e freyja kernel: (cd0:ahcich9:0:0:0): cddone: got error 0x16 back\nOct 17 07:45:33 \u003ckern.crit\u003e freyja kernel: (cd0:ahcich9:0:0:0): READ(10). CDB: 28 00 00 00 00 00 00 00 01 00 \nOct 17 07:45:33 \u003ckern.crit\u003e freyja kernel: (cd0:ahcich9:0:0:0): CAM status: SCSI Status Error\nOct 17 07:45:33 \u003ckern.crit\u003e freyja kernel: (cd0:ahcich9:0:0:0): SCSI status: Check Condition\nOct 17 07:45:33 \u003ckern.crit\u003e freyja kernel: (cd0:ahcich9:0:0:0): SCSI sense: ILLEGAL REQUEST asc:21,0 (Logical block address out of range)\nOct 17 07:45:33 \u003ckern.crit\u003e freyja kernel: (cd0:ahcich9:0:0:0): Error 22, Unretryable error\nOct 17 07:45:33 \u003ckern.crit\u003e freyja kernel: (cd0:ahcich9:0:0:0): cddone: got error 0x16 back\nOct 17 07:45:33 \u003ckern.crit\u003e freyja kernel: (cd0:ahcich9:0:0:0): READ(10). CDB: 28 00 00 00 00 00 00 00 01 00 \nOct 17 07:45:33 \u003ckern.crit\u003e freyja kernel: (cd0:ahcich9:0:0:0): CAM status: SCSI Status Error\nOct 17 07:45:33 \u003ckern.crit\u003e freyja kernel: (cd0:ahcich9:0:0:0): SCSI status: Check Condition\nOct 17 07:45:33 \u003ckern.crit\u003e freyja kernel: (cd0:ahcich9:0:0:0): SCSI sense: ILLEGAL REQUEST asc:21,0 (Logical block address out of range)\nOct 17 07:45:33 \u003ckern.crit\u003e freyja kernel: (cd0:ahcich9:0:0:0): Error 22, Unretryable error\nOct 17 07:45:33 \u003ckern.crit\u003e freyja kernel: (cd0:ahcich9:0:0:0): cddone: got error 0x16 back\nOct 17 07:45:33 \u003ckern.crit\u003e freyja kernel: (cd0:ahcich9:0:0:0): READ(10). CDB: 28 00 00 00 00 00 00 00 01 00 \nOct 17 07:45:33 \u003ckern.crit\u003e freyja kernel: (cd0:ahcich9:0:0:0): CAM status: SCSI Status Error\nOct 17 07:45:33 \u003ckern.crit\u003e freyja kernel: (cd0:ahcich9:0:0:0): SCSI status: Check Condition\nOct 17 07:45:33 \u003ckern.crit\u003e freyja kernel: (cd0:ahcich9:0:0:0): SCSI sense: ILLEGAL REQUEST asc:21,0 (Logical block address out of range)\n[...]\n\nAs far as I can tell, those errors never happened with FreeBSD 11 and they occured sometime after in 12-CURRENT.\n\nAfter the burn broke, the drive never stops spinning at high speed and I have no chance to stop the spinning except rebooting the box. trying to reset the CAM bus via camcontrol doesn't have any effect."
}