{
 "id": 629985,
 "bug_id": 160860,
 "attachment_id": 0,
 "creation_time": "2011-09-20T22:50:15Z",
 "creator": "nigel@netmsi.com",
 "text": "Kernel panic during a php install today with \n\npanic: ffs_valloc: dup alloc\n\nThe machine rebooted and could initialize the root partition but quickly panicked again (immedately after a boot message - something about clearing /tmp).\n\nRebooted in single user mode and ran fsck with journal.  Rebooted and was immediately greeted by the same panic.\n\nRebooted in single user mode and ran fsck WITHOUT journal.  Various UFS corruptions involving incorrect superblock data and unreferenced files owned by root were repaired and I rebooted to a working system.\n\n\n$ dmesg|more\nCopyright (c) 1992-2011 The FreeBSD Project.\nCopyright (c) 1979, 1980, 1983, 1986, 1988, 1989, 1991, 1992, 1993, 1994\n        The Regents of the University of California. All rights reserved.\nFreeBSD is a registered trademark of The FreeBSD Foundation.\nFreeBSD 9.0-BETA2 #0: Wed Aug 31 18:07:44 UTC 2011\n    root@farrell.cse.buffalo.edu:/usr/obj/usr/src/sys/GENERIC amd64\nWARNING: WITNESS option enabled, expect reduced performance.\nCPU: Intel(R) Core(TM) i3 CPU         540  @ 3.07GHz (3066.73-MHz K8-class CPU)\n  Origin = \"GenuineIntel\"  Id = 0x20655  Family = 6  Model = 25  Stepping = 5\n  Features=0xbfebfbff\u003cFPU,VME,DE,PSE,TSC,MSR,PAE,MCE,CX8,APIC,SEP,MTRR,PGE,MCA,CMOV,PAT,PSE36,CLFLUSH,DTS,ACPI,MMX,FXSR,SSE,SSE2,SS,HTT,TM,PBE\u003e\n  Features2=0x9ae3bd\u003cSSE3,DTES64,MON,DS_CPL,VMX,EST,TM2,SSSE3,CX16,xTPR,PDCM,PCID,SSE4.1,SSE4.2,POPCNT\u003e\n  AMD Features=0x28100800\u003cSYSCALL,NX,RDTSCP,LM\u003e\n  AMD Features2=0x1\u003cLAHF\u003e\n  TSC: P-state invariant, performance statistics\nreal memory  = 8589934592 (8192 MB)\navail memory = 8220389376 (7839 MB)\nEvent timer \"LAPIC\" quality 600\nACPI APIC Table: \u003c052710 APIC1450\u003e\nFreeBSD/SMP: Multiprocessor System Detected: 4 CPUs\nFreeBSD/SMP: 1 package(s) x 2 core(s) x 2 SMT threads\n cpu0 (BSP): APIC ID:  0\n cpu1 (AP): APIC ID:  1\n cpu2 (AP): APIC ID:  4\n cpu3 (AP): APIC ID:  5\nioapic0: Changing APIC ID to 6\nioapic0 \u003cVersion 2.0\u003e irqs 0-23 on motherboard\nkbd1 at kbdmux0\nacpi0: \u003cSMCI \u003e on motherboard\nacpi0: Overriding SCI from IRQ 9 to IRQ 20\nacpi0: Power Button (fixed)\nTimecounter \"ACPI-fast\" frequency 3579545 Hz quality 900\nacpi_timer0: \u003c24-bit timer at 3.579545MHz\u003e port 0x808-0x80b on acpi0\ncpu0: \u003cACPI CPU\u003e on acpi0\nACPI Warning: Incorrect checksum in table [OEMB] - 0xA0, should be 0x9D (20110527/tbutils-282)\ncpu1: \u003cACPI CPU\u003e on acpi0\ncpu2: \u003cACPI CPU\u003e on acpi0\ncpu3: \u003cACPI CPU\u003e on acpi0\npcib0: \u003cACPI Host-PCI bridge\u003e port 0xcf8-0xcff on acpi0\npci0: \u003cACPI PCI bus\u003e on pcib0\npcib1: \u003cACPI PCI-PCI bridge\u003e irq 16 at device 1.0 on pci0\npci1: \u003cACPI PCI bus\u003e on pcib1\npcib2: \u003cPCI-PCI bridge\u003e irq 16 at device 0.0 on pci1\npci2: \u003cPCI bus\u003e on pcib2\nsiis0: \u003cSiI3124 SATA controller\u003e port 0xac00-0xac0f mem 0xfb277c00-0xfb277c7f,0xfb278000-0xfb27ffff irq 16 at device 4.0 on pci2\nsiisch0: \u003cSIIS channel\u003e at channel 0 on siis0\nsiisch1: \u003cSIIS channel\u003e at channel 1 on siis0\nsiisch2: \u003cSIIS channel\u003e at channel 2 on siis0\nsiisch3: \u003cSIIS channel\u003e at channel 3 on siis0\npcib3: \u003cACPI PCI-PCI bridge\u003e irq 16 at device 6.0 on pci0\npci3: \u003cACPI PCI bus\u003e on pcib3\npcib4: \u003cPCI-PCI bridge\u003e irq 16 at device 0.0 on pci3\npci4: \u003cPCI bus\u003e on pcib4\nsiis1: \u003cSiI3124 SATA controller\u003e port 0xbc00-0xbc0f mem 0xfb377c00-0xfb377c7f,0xfb378000-0xfb37ffff irq 16 at device 4.0 on pci4\nsiisch4: \u003cSIIS channel\u003e at channel 0 on siis1\nsiisch5: \u003cSIIS channel\u003e at channel 1 on siis1\nsiisch6: \u003cSIIS channel\u003e at channel 2 on siis1\nsiisch7: \u003cSIIS channel\u003e at channel 3 on siis1\nehci0: \u003cIntel PCH USB 2.0 controller USB-B\u003e mem 0xfb1fc000-0xfb1fc3ff irq 21 at device 26.0 on pci0\nusbus0: EHCI version 1.0\nusbus0: \u003cIntel PCH USB 2.0 controller USB-B\u003e on ehci0\npcib5: \u003cACPI PCI-PCI bridge\u003e irq 17 at device 28.0 on pci0\npci5: \u003cACPI PCI bus\u003e on pcib5\npcib6: \u003cPCI-PCI bridge\u003e irq 16 at device 0.0 on pci5\npci6: \u003cPCI bus\u003e on pcib6\nsiis2: \u003cSiI3124 SATA controller\u003e port 0xcc00-0xcc0f mem 0xfb477c00-0xfb477c7f,0xfb478000-0xfb47ffff irq 16 at device 4.0 on pci6\nsiisch8: \u003cSIIS channel\u003e at channel 0 on siis2\nsiisch9: \u003cSIIS channel\u003e at channel 1 on siis2\nsiisch10: \u003cSIIS channel\u003e at channel 2 on siis2\nsiisch11: \u003cSIIS channel\u003e at channel 3 on siis2\npcib7: \u003cACPI PCI-PCI bridge\u003e irq 17 at device 28.4 on pci0\npci7: \u003cACPI PCI bus\u003e on pcib7\nem0: \u003cIntel(R) PRO/1000 Network Connection 7.2.3\u003e port 0xdc00-0xdc1f mem 0xfb5e0000-0xfb5fffff,0xfb5dc000-0xfb5dffff irq 16 at device 0.0 on pci7\nem0: Using MSIX interrupts with 3 vectors\nem0: Ethernet address: 00:25:90:32:c0:b6\npcib8: \u003cACPI PCI-PCI bridge\u003e irq 16 at device 28.5 on pci0\npci8: \u003cACPI PCI bus\u003e on pcib8\nem1: \u003cIntel(R) PRO/1000 Network Connection 7.2.3\u003e port 0xec00-0xec1f mem 0xfb6e0000-0xfb6fffff,0xfb6dc000-0xfb6dffff irq 17 at device 0.0 on pci8\nem1: Using MSIX interrupts with 3 vectors\nem1: Ethernet address: 00:25:90:32:c0:b7\nehci1: \u003cIntel PCH USB 2.0 controller USB-A\u003e mem 0xfb1fa000-0xfb1fa3ff irq 23 at device 29.0 on pci0\nusbus1: EHCI version 1.0\nusbus1: \u003cIntel PCH USB 2.0 controller USB-A\u003e on ehci1\npcib9: \u003cACPI PCI-PCI bridge\u003e at device 30.0 on pci0\npci9: \u003cACPI PCI bus\u003e on pcib9\nvgapci0: \u003cVGA-compatible display\u003e mem 0xfa000000-0xfaffffff,0xfb7fc000-0xfb7fffff,0xfb800000-0xfbffffff irq 23 at device 3.0 on pci9\nisab0: \u003cPCI-ISA bridge\u003e at device 31.0 on pci0\nisa0: \u003cISA bus\u003e on isab0\nahci0: \u003cIntel 5 Series/3400 Series AHCI SATA controller\u003e port 0x9400-0x9407,0x9c00-0x9c03,0x9880-0x9887,0x9800-0x9803,0x9480-0x949f mem 0xfb1f8000-0xfb1f87ff irq 19 at device 31.2 on pci0\nahci0: AHCI v1.30 with 6 3Gbps ports, Port Multiplier not supported\nahcich0: \u003cAHCI channel\u003e at channel 0 on ahci0\nahcich1: \u003cAHCI channel\u003e at channel 1 on ahci0\nahcich2: \u003cAHCI channel\u003e at channel 2 on ahci0\nahcich3: \u003cAHCI channel\u003e at channel 3 on ahci0\nahcich4: \u003cAHCI channel\u003e at channel 4 on ahci0\nahcich5: \u003cAHCI channel\u003e at channel 5 on ahci0\npci0: \u003cserial bus, SMBus\u003e at device 31.3 (no driver attached)\nacpi_button0: \u003cPower Button\u003e on acpi0\nattimer0: \u003cAT timer\u003e port 0x40-0x43 irq 0 on acpi0\nTimecounter \"i8254\" frequency 1193182 Hz quality 0\nEvent timer \"i8254\" frequency 1193182 Hz quality 100\natrtc0: \u003cAT realtime clock\u003e port 0x70-0x71 irq 8 on acpi0\nEvent timer \"RTC\" frequency 32768 Hz quality 0\nuart0: \u003c16550 or compatible\u003e port 0x3f8-0x3ff irq 4 flags 0x10 on acpi0\nuart1: \u003c16550 or compatible\u003e port 0x2f8-0x2ff irq 3 on acpi0\nuart2: \u003c16550 or compatible\u003e port 0x3e8-0x3ef irq 5 on acpi0\natkbdc0: \u003cKeyboard controller (i8042)\u003e port 0x60,0x64 irq 1 on acpi0\natkbd0: \u003cAT Keyboard\u003e irq 1 on atkbdc0\nkbd0 at atkbd0\natkbd0: [GIANT-LOCKED]\nhpet0: \u003cHigh Precision Event Timer\u003e iomem 0xfed00000-0xfed003ff on acpi0\nTimecounter \"HPET\" frequency 14318180 Hz quality 950\nEvent timer \"HPET\" frequency 14318180 Hz quality 550\nEvent timer \"HPET1\" frequency 14318180 Hz quality 440\nEvent timer \"HPET2\" frequency 14318180 Hz quality 440\nEvent timer \"HPET3\" frequency 14318180 Hz quality 440\nEvent timer \"HPET4\" frequency 14318180 Hz quality 440\nsc0: \u003cSystem console\u003e at flags 0x100 on isa0\nsc0: VGA \u003c16 virtual consoles, flags=0x300\u003e\nvga0: \u003cGeneric ISA VGA\u003e at port 0x3c0-0x3df iomem 0xa0000-0xbffff on isa0\nppc0: cannot reserve I/O port range\nest0: \u003cEnhanced SpeedStep Frequency Control\u003e on cpu0\np4tcc0: \u003cCPU Frequency Thermal Control\u003e on cpu0\nest1: \u003cEnhanced SpeedStep Frequency Control\u003e on cpu1\np4tcc1: \u003cCPU Frequency Thermal Control\u003e on cpu1\nest2: \u003cEnhanced SpeedStep Frequency Control\u003e on cpu2\np4tcc2: \u003cCPU Frequency Thermal Control\u003e on cpu2\nest3: \u003cEnhanced SpeedStep Frequency Control\u003e on cpu3\np4tcc3: \u003cCPU Frequency Thermal Control\u003e on cpu3\nTimecounters tick every 1.000 msec\n(noperiph:siisch0:0:-1:-1): rescan already queued\n(noperiph:siisch2:0:-1:-1): rescan already queued\n(noperiph:siisch3:0:-1:-1): rescan already queued\n(noperiph:siisch4:0:-1:-1): rescan already queued\n(noperiph:siisch6:0:-1:-1): rescan already queued\n(noperiph:siisch7:0:-1:-1): rescan already queued\n(noperiph:siisch8:0:-1:-1): rescan already queued\n(noperiph:siisch10:0:-1:-1): rescan already queued\n(noperiph:siisch11:0:-1:-1): rescan already queued\nusbus0: 480Mbps High Speed USB v2.0\nusbus1: 480Mbps High Speed USB v2.0\nugen0.1: \u003cIntel\u003e at usbus0\nuhub0: \u003cIntel EHCI root HUB, class 9/0, rev 2.00/1.00, addr 1\u003e on usbus0\nugen1.1: \u003cIntel\u003e at usbus1\nuhub1: \u003cIntel EHCI root HUB, class 9/0, rev 2.00/1.00, addr 1\u003e on usbus1\npmp0 at siisch0 bus 0 scbus0 target 15 lun 0\npmp0: \u003cPort Multiplier 37261095 1706\u003e ATA-0 device\npmp0: 300.000MB/s transfers (SATA 2.x, NONE, PIO 8192bytes)\npmp0: 5 fan-out ports\npmp1 at siisch2 bus 0 scbus2 target 15 lun 0\npmp1: \u003cPort Multiplier 37261095 1706\u003e ATA-0 device\npmp1: 300.000MB/s transfers (SATA 2.x, NONE, PIO 8192bytes)\npmp2 at siisch3 bus 0 scbus3 target 15 lun 0\npmp2: \u003cPort Multiplier 37261095 1706\u003e ATA-0 device\npmp2: 300.000MB/s transfers (SATA 2.x, NONE, PIO 8192bytes)\npmp1: 5 fan-out ports\npmp3 at siisch4 bus 0 scbus4 target 15 lun 0\npmp3: \u003cPort Multiplier 37261095 1706\u003e ATA-0 device\npmp3: 300.000MB/s transfers (SATA 2.x, NONE, PIO 8192bytes)\npmp2: 5 fan-out ports\npmp3: 5 fan-out ports\npmp4 at siisch6 bus 0 scbus6 target 15 lun 0\npmp4: \u003cPort Multiplier 37261095 1706\u003e ATA-0 device\npmp4: 300.000MB/s transfers (SATA 2.x, NONE, PIO 8192bytes)\npmp5 at siisch7 bus 0 scbus7 target 15 lun 0\npmp5: \u003cPort Multiplier 37261095 1706\u003e ATA-0 device\npmp5: 300.000MB/s transfers (SATA 2.x, NONE, PIO 8192bytes)\npmp6 at siisch8 bus 0 scbus8 target 15 lun 0\npmp6: \u003cPort Multiplier 37261095 1706\u003e ATA-0 device\npmp6: 300.000MB/s transfers (SATA 2.x, NONE, PIO 8192bytes)\npmp7 at siisch10 bus 0 scbus10 target 15 lun 0\npmp7: \u003cPort Multiplier 37261095 1706\u003e ATA-0 device\npmp7: 300.000MB/s transfers (SATA 2.x, NONE, PIO 8192bytes)\npmp8 at siisch11 bus 0 scbus11 target 15 lun 0\npmp8: \u003cPort Multiplier 37261095 1706\u003e ATA-0 device\npmp8: 300.000MB/s transfers (SATA 2.x, NONE, PIO 8192bytes)\npmp4: 5 fan-out ports\npmp5: 5 fan-out ports\npmp6: 5 fan-out ports\npmp7: 5 fan-out ports\npmp8: 5 fan-out ports\nuhub0: 2 ports with 2 removable, self powered\nuhub1: 2 ports with 2 removable, self powered\nada0 at siisch0 bus 0 scbus0 target 0 lun 0\nada0: \u003cHitachi HDS5C3030ALA630 MEAOA580\u003e ATA-8 SATA 3.x device\nada0: 300.000MB/s transfers (SATA 2.x, UDMA6, PIO 8192bytes)\nada0: Command Queueing enabled\nada0: 2861588MB (5860533168 512 byte sectors: 16H 63S/T 16383C)\nada0: Previously was known as ad4\nada1 at siisch0 bus 0 scbus0 target 1 lun 0\nada1: \u003cHitachi HDS5C3030ALA630 MEAOA580\u003e ATA-8 SATA 3.x device\nada1: 300.000MB/s transfers (SATA 2.x, UDMA6, PIO 8192bytes)\nada1: Command Queueing enabled\nada1: 2861588MB (5860533168 512 byte sectors: 16H 63S/T 16383C)\nada1: Previously was known as ad5\nada2 at siisch0 bus 0 scbus0 target 2 lun 0\nada2: \u003cHitachi HDS5C3030ALA630 MEAOA580\u003e ATA-8 SATA 3.x device\nada2: 300.000MB/s transfers (SATA 2.x, UDMA6, PIO 8192bytes)\nada2: Command Queueing enabled\nada2: 2861588MB (5860533168 512 byte sectors: 16H 63S/T 16383C)\nada3 at siisch0 bus 0 scbus0 target 3 lun 0\nada3: \u003cHitachi HDS5C3030ALA630 MEAOA580\u003e ATA-8 SATA 3.x device\nada3: 300.000MB/s transfers (SATA 2.x, UDMA6, PIO 8192bytes)\nada3: Command Queueing enabled\nada3: 2861588MB (5860533168 512 byte sectors: 16H 63S/T 16383C)\nada4 at siisch0 bus 0 scbus0 target 4 lun 0\nada4: \u003cHitachi HDS5C3030ALA630 MEAOA580\u003e ATA-8 SATA 3.x device\nada4: 300.000MB/s transfers (SATA 2.x, UDMA6, PIO 8192bytes)\nada4: Command Queueing enabled\nada4: 2861588MB (5860533168 512 byte sectors: 16H 63S/T 16383C)\nada5 at siisch2 bus 0 scbus2 target 0 lun 0\nada5: \u003cHitachi HDS5C3030ALA630 MEAOA580\u003e ATA-8 SATA 3.x device\nada5: 300.000MB/s transfers (SATA 2.x, UDMA6, PIO 8192bytes)\nada5: Command Queueing enabled\nada5: 2861588MB (5860533168 512 byte sectors: 16H 63S/T 16383C)\nada5: Previously was known as ad8\nada6 at siisch2 bus 0 scbus2 target 1 lun 0\nada6: \u003cHitachi HDS5C3030ALA630 MEAOA580\u003e ATA-8 SATA 3.x device\nada6: 300.000MB/s transfers (SATA 2.x, UDMA6, PIO 8192bytes)\nada6: Command Queueing enabled\nada6: 2861588MB (5860533168 512 byte sectors: 16H 63S/T 16383C)\nada6: Previously was known as ad9\nada7 at siisch2 bus 0 scbus2 target 2 lun 0\nada7: \u003cHitachi HDS5C3030ALA630 MEAOA580\u003e ATA-8 SATA 3.x device\nada7: 300.000MB/s transfers (SATA 2.x, UDMA6, PIO 8192bytes)\nada7: Command Queueing enabled\nada7: 2861588MB (5860533168 512 byte sectors: 16H 63S/T 16383C)\nada8 at siisch2 bus 0 scbus2 target 3 lun 0\nada8: \u003cHitachi HDS5C3030ALA630 MEAOA580\u003e ATA-8 SATA 3.x device\nada8: 300.000MB/s transfers (SATA 2.x, UDMA6, PIO 8192bytes)\nada8: Command Queueing enabled\nada8: 2861588MB (5860533168 512 byte sectors: 16H 63S/T 16383C)\nada9 at siisch2 bus 0 scbus2 target 4 lun 0\nada9: \u003cHitachi HDS5C3030ALA630 MEAOA580\u003e ATA-8 SATA 3.x device\nada9: 300.000MB/s transfers (SATA 2.x, UDMA6, PIO 8192bytes)\nada9: Command Queueing enabled\nada9: 2861588MB (5860533168 512 byte sectors: 16H 63S/T 16383C)\nada10 at siisch3 bus 0 scbus3 target 0 lun 0\nada10: \u003cHitachi HDS5C3030ALA630 MEAOA580\u003e ATA-8 SATA 3.x device\nada10: 300.000MB/s transfers (SATA 2.x, UDMA6, PIO 8192bytes)\nada10: Command Queueing enabled\nada10: 2861588MB (5860533168 512 byte sectors: 16H 63S/T 16383C)\nada10: Previously was known as ad10\nada11 at siisch3 bus 0 scbus3 target 1 lun 0\nada11: \u003cHitachi HDS5C3030ALA630 MEAOA580\u003e ATA-8 SATA 3.x device\nada11: 300.000MB/s transfers (SATA 2.x, UDMA6, PIO 8192bytes)\nada11: Command Queueing enabled\nada11: 2861588MB (5860533168 512 byte sectors: 16H 63S/T 16383C)\nada11: Previously was known as ad11\nada12 at siisch3 bus 0 scbus3 target 2 lun 0\nada12: \u003cHitachi HDS5C3030ALA630 MEAOA580\u003e ATA-8 SATA 3.x device\nada12: 300.000MB/s transfers (SATA 2.x, UDMA6, PIO 8192bytes)\nada12: Command Queueing enabled\nada12: 2861588MB (5860533168 512 byte sectors: 16H 63S/T 16383C)\nada13 at siisch3 bus 0 scbus3 target 3 lun 0\nada13: \u003cHitachi HDS5C3030ALA630 MEAOA580\u003e ATA-8 SATA 3.x device\nada13: 300.000MB/s transfers (SATA 2.x, UDMA6, PIO 8192bytes)\nada13: Command Queueing enabled\nada13: 2861588MB (5860533168 512 byte sectors: 16H 63S/T 16383C)\nada14 at siisch3 bus 0 scbus3 target 4 lun 0\nada14: \u003cHitachi HDS5C3030ALA630 MEAOA580\u003e ATA-8 SATA 3.x device\nada14: 300.000MB/s transfers (SATA 2.x, UDMA6, PIO 8192bytes)\nada14: Command Queueing enabled\nada14: 2861588MB (5860533168 512 byte sectors: 16H 63S/T 16383C)\nada15 at siisch4 bus 0 scbus4 target 0 lun 0\nada15: \u003cHitachi HDS5C3030ALA630 MEAOA580\u003e ATA-8 SATA 3.x device\nada15: 300.000MB/s transfers (SATA 2.x, UDMA6, PIO 8192bytes)\nada15: Command Queueing enabled\nada15: 2861588MB (5860533168 512 byte sectors: 16H 63S/T 16383C)\nada15: Previously was known as ad12\nada16 at siisch4 bus 0 scbus4 target 1 lun 0\nada16: \u003cHitachi HDS5C3030ALA630 MEAOA580\u003e ATA-8 SATA 3.x device\nada16: 300.000MB/s transfers (SATA 2.x, UDMA6, PIO 8192bytes)\nada16: Command Queueing enabled\nada16: 2861588MB (5860533168 512 byte sectors: 16H 63S/T 16383C)\nada16: Previously was known as ad13\nada17 at siisch4 bus 0 scbus4 target 2 lun 0\nada17: \u003cHitachi HDS5C3030ALA630 MEAOA580\u003e ATA-8 SATA 3.x device\nada17: 300.000MB/s transfers (SATA 2.x, UDMA6, PIO 8192bytes)\nada17: Command Queueing enabled\nada17: 2861588MB (5860533168 512 byte sectors: 16H 63S/T 16383C)\nada18 at siisch4 bus 0 scbus4 target 3 lun 0\nada18: \u003cHitachi HDS5C3030ALA630 MEAOA580\u003e ATA-8 SATA 3.x device\nada18: 300.000MB/s transfers (SATA 2.x, UDMA6, PIO 8192bytes)\nada18: Command Queueing enabled\nada18: 2861588MB (5860533168 512 byte sectors: 16H 63S/T 16383C)\nada19 at siisch4 bus 0 scbus4 target 4 lun 0\nada19: \u003cHitachi HDS5C3030ALA630 MEAOA580\u003e ATA-8 SATA 3.x device\nada19: 300.000MB/s transfers (SATA 2.x, UDMA6, PIO 8192bytes)\nada19: Command Queueing enabled\nada19: 2861588MB (5860533168 512 byte sectors: 16H 63S/T 16383C)\nada20 at siisch6 bus 0 scbus6 target 0 lun 0\nada20: \u003cHitachi HDS5C3030ALA630 MEAOA580\u003e ATA-8 SATA 3.x device\nada20: 300.000MB/s transfers (SATA 2.x, UDMA6, PIO 8192bytes)\nada20: Command Queueing enabled\nada20: 2861588MB (5860533168 512 byte sectors: 16H 63S/T 16383C)\nada20: Previously was known as ad16\nada21 at siisch6 bus 0 scbus6 target 1 lun 0\nada21: \u003cHitachi HDS5C3030ALA630 MEAOA580\u003e ATA-8 SATA 3.x device\nada21: 300.000MB/s transfers (SATA 2.x, UDMA6, PIO 8192bytes)\nada21: Command Queueing enabled\nada21: 2861588MB (5860533168 512 byte sectors: 16H 63S/T 16383C)\nada21: Previously was known as ad17\nada22 at siisch6 bus 0 scbus6 target 2 lun 0\nada22: \u003cHitachi HDS5C3030ALA630 MEAOA580\u003e ATA-8 SATA 3.x device\nada22: 300.000MB/s transfers (SATA 2.x, UDMA6, PIO 8192bytes)\nada22: Command Queueing enabled\nada22: 2861588MB (5860533168 512 byte sectors: 16H 63S/T 16383C)\nada23 at siisch6 bus 0 scbus6 target 3 lun 0\nada23: \u003cHitachi HDS5C3030ALA630 MEAOA580\u003e ATA-8 SATA 3.x device\nada23: 300.000MB/s transfers (SATA 2.x, UDMA6, PIO 8192bytes)\nada23: Command Queueing enabled\nada23: 2861588MB (5860533168 512 byte sectors: 16H 63S/T 16383C)\nada24 at siisch6 bus 0 scbus6 target 4 lun 0\nada24: \u003cHitachi HDS5C3030ALA630 MEAOA580\u003e ATA-8 SATA 3.x device\nada24: 300.000MB/s transfers (SATA 2.x, UDMA6, PIO 8192bytes)\nada24: Command Queueing enabled\nada24: 2861588MB (5860533168 512 byte sectors: 16H 63S/T 16383C)\nada25 at siisch7 bus 0 scbus7 target 0 lun 0\nada25: \u003cHitachi HDS5C3030ALA630 MEAOA580\u003e ATA-8 SATA 3.x device\nada25: 300.000MB/s transfers (SATA 2.x, UDMA6, PIO 8192bytes)\nada25: Command Queueing enabled\nada25: 2861588MB (5860533168 512 byte sectors: 16H 63S/T 16383C)\nada25: Previously was known as ad18\nada26 at siisch7 bus 0 scbus7 target 1 lun 0\nada26: \u003cHitachi HDS5C3030ALA630 MEAOA580\u003e ATA-8 SATA 3.x device\nada26: 300.000MB/s transfers (SATA 2.x, UDMA6, PIO 8192bytes)\nada26: Command Queueing enabled\nada26: 2861588MB (5860533168 512 byte sectors: 16H 63S/T 16383C)\nada26: Previously was known as ad19\nada27 at siisch7 bus 0 scbus7 target 2 lun 0\nada27: \u003cHitachi HDS5C3030ALA630 MEAOA580\u003e ATA-8 SATA 3.x device\nada27: 300.000MB/s transfers (SATA 2.x, UDMA6, PIO 8192bytes)\nada27: Command Queueing enabled\nada27: 2861588MB (5860533168 512 byte sectors: 16H 63S/T 16383C)\nada28 at siisch7 bus 0 scbus7 target 3 lun 0\nada28: \u003cHitachi HDS5C3030ALA630 MEAOA580\u003e ATA-8 SATA 3.x device\nada28: 300.000MB/s transfers (SATA 2.x, UDMA6, PIO 8192bytes)\nada28: Command Queueing enabled\nada28: 2861588MB (5860533168 512 byte sectors: 16H 63S/T 16383C)\nada29 at siisch7 bus 0 scbus7 target 4 lun 0\nada29: \u003cHitachi HDS5C3030ALA630 MEAOA580\u003e ATA-8 SATA 3.x device\nada29: 300.000MB/s transfers (SATA 2.x, UDMA6, PIO 8192bytes)\nada29: Command Queueing enabled\nada29: 2861588MB (5860533168 512 byte sectors: 16H 63S/T 16383C)\nada30 at siisch8 bus 0 scbus8 target 0 lun 0\nada30: \u003cHitachi HDS5C3030ALA630 MEAOA580\u003e ATA-8 SATA 3.x device\nada30: 300.000MB/s transfers (SATA 2.x, UDMA6, PIO 8192bytes)\nada30: Command Queueing enabled\nada30: 2861588MB (5860533168 512 byte sectors: 16H 63S/T 16383C)\nada30: Previously was known as ad20\nada31 at siisch8 bus 0 scbus8 target 1 lun 0\nada31: \u003cHitachi HDS5C3030ALA630 MEAOA580\u003e ATA-8 SATA 3.x device\nada31: 300.000MB/s transfers (SATA 2.x, UDMA6, PIO 8192bytes)\nada31: Command Queueing enabled\nada31: 2861588MB (5860533168 512 byte sectors: 16H 63S/T 16383C)\nada31: Previously was known as ad21\nada32 at siisch8 bus 0 scbus8 target 2 lun 0\nada32: \u003cHitachi HDS5C3030ALA630 MEAOA580\u003e ATA-8 SATA 3.x device\nada32: 300.000MB/s transfers (SATA 2.x, UDMA6, PIO 8192bytes)\nada32: Command Queueing enabled\nada32: 2861588MB (5860533168 512 byte sectors: 16H 63S/T 16383C)\nada33 at siisch8 bus 0 scbus8 target 3 lun 0\nada33: \u003cHitachi HDS5C3030ALA630 MEAOA580\u003e ATA-8 SATA 3.x device\nada33: 300.000MB/s transfers (SATA 2.x, UDMA6, PIO 8192bytes)\nada33: Command Queueing enabled\nada33: 2861588MB (5860533168 512 byte sectors: 16H 63S/T 16383C)\nada34 at siisch8 bus 0 scbus8 target 4 lun 0\nada34: \u003cHitachi HDS5C3030ALA630 MEAOA580\u003e ATA-8 SATA 3.x device\nada34: 300.000MB/s transfers (SATA 2.x, UDMA6, PIO 8192bytes)\nada34: Command Queueing enabled\nada34: 2861588MB (5860533168 512 byte sectors: 16H 63S/T 16383C)\nada35 at siisch10 bus 0 scbus10 target 0 lun 0\nada35: \u003cHitachi HDS5C3030ALA630 MEAOA580\u003e ATA-8 SATA 3.x device\nada35: 300.000MB/s transfers (SATA 2.x, UDMA6, PIO 8192bytes)\nada35: Command Queueing enabled\nada35: 2861588MB (5860533168 512 byte sectors: 16H 63S/T 16383C)\nada35: Previously was known as ad24\nada36 at siisch10 bus 0 scbus10 target 1 lun 0\nada36: \u003cHitachi HDS5C3030ALA630 MEAOA580\u003e ATA-8 SATA 3.x device\nada36: 300.000MB/s transfers (SATA 2.x, UDMA6, PIO 8192bytes)\nada36: Command Queueing enabled\nada36: 2861588MB (5860533168 512 byte sectors: 16H 63S/T 16383C)\nada36: Previously was known as ad25\nada37 at siisch10 bus 0 scbus10 target 2 lun 0\nada37: \u003cHitachi HDS5C3030ALA630 MEAOA580\u003e ATA-8 SATA 3.x device\nada37: 300.000MB/s transfers (SATA 2.x, UDMA6, PIO 8192bytes)\nada37: Command Queueing enabled\nada37: 2861588MB (5860533168 512 byte sectors: 16H 63S/T 16383C)\nada38 at siisch10 bus 0 scbus10 target 3 lun 0\nada38: \u003cHitachi HDS5C3030ALA630 MEAOA580\u003e ATA-8 SATA 3.x device\nada38: 300.000MB/s transfers (SATA 2.x, UDMA6, PIO 8192bytes)\nada38: Command Queueing enabled\nada38: 2861588MB (5860533168 512 byte sectors: 16H 63S/T 16383C)\nada39 at siisch10 bus 0 scbus10 target 4 lun 0\nada39: \u003cHitachi HDS5C3030ALA630 MEAOA580\u003e ATA-8 SATA 3.x device\nada39: 300.000MB/s transfers (SATA 2.x, UDMA6, PIO 8192bytes)\nada39: Command Queueing enabled\nada39: 2861588MB (5860533168 512 byte sectors: 16H 63S/T 16383C)\nada40 at siisch11 bus 0 scbus11 target 0 lun 0\nada40: \u003cHitachi HDS5C3030ALA630 MEAOA580\u003e ATA-8 SATA 3.x device\nada40: 300.000MB/s transfers (SATA 2.x, UDMA6, PIO 8192bytes)\nada40: Command Queueing enabled\nada40: 2861588MB (5860533168 512 byte sectors: 16H 63S/T 16383C)\nada40: Previously was known as ad26\nada41 at siisch11 bus 0 scbus11 target 1 lun 0\nada41: \u003cHitachi HDS5C3030ALA630 MEAOA580\u003e ATA-8 SATA 3.x device\nada41: 300.000MB/s transfers (SATA 2.x, UDMA6, PIO 8192bytes)\nada41: Command Queueing enabled\nada41: 2861588MB (5860533168 512 byte sectors: 16H 63S/T 16383C)\nada41: Previously was known as ad27\nada42 at siisch11 bus 0 scbus11 target 2 lun 0\nada42: \u003cHitachi HDS5C3030ALA630 MEAOA580\u003e ATA-8 SATA 3.x device\nada42: 300.000MB/s transfers (SATA 2.x, UDMA6, PIO 8192bytes)\nada42: Command Queueing enabled\nada42: 2861588MB (5860533168 512 byte sectors: 16H 63S/T 16383C)\nada43 at siisch11 bus 0 scbus11 target 3 lun 0\nada43: \u003cHitachi HDS5C3030ALA630 MEAOA580\u003e ATA-8 SATA 3.x device\nada43: 300.000MB/s transfers (SATA 2.x, UDMA6, PIO 8192bytes)\nada43: Command Queueing enabled\nada43: 2861588MB (5860533168 512 byte sectors: 16H 63S/T 16383C)\nada44 at siisch11 bus 0 scbus11 target 4 lun 0\nada44: \u003cHitachi HDS5C3030ALA630 MEAOA580\u003e ATA-8 SATA 3.x device\nada44: 300.000MB/s transfers (SATA 2.x, UDMA6, PIO 8192bytes)\nada44: Command Queueing enabled\nada44: 2861588MB (5860533168 512 byte sectors: 16H 63S/T 16383C)\nada45 at ahcich0 bus 0 scbus12 target 0 lun 0\nada45: \u003cWDC WD1600AAJS-56M0A0 01.03E01\u003e ATA-8 SATA 2.x device\nada45: 300.000MB/s transfers (SATA 2.x, UDMA6, PIO 8192bytes)\nada45: Command Queueing enabled\nada45: 152627MB (312581808 512 byte sectors: 16H 63S/T 16383C)\nada45: Previously was known as ad28\nada46 at ahcich4 bus 0 scbus16 target 0 lun 0\nada46: \u003cM4-CT064M4SSD2 0009\u003e ATA-9 SATA 3.x device\nada46: 300.000MB/s transfers (SATA 2.x, UDMA5, PIO 8192bytes)\nada46: Command Queueing enabled\nada46: 61057MB (125045424 512 byte sectors: 16H 63S/T 16383C)\nada46: Previously was known as ad36\nada47 at ahcich5 bus 0 scbus17 target 0 lun 0\nada47: \u003cM4-CT064M4SSD2 0009\u003e ATA-9 SATA 3.x device\nada47: 300.000MB/s transfers (SATA 2.x, UDMA5, PIO 8192bytes)\nada47: Command Queueing enabled\nada47: 61057MB (125045424 512 byte sectors: 16H 63S/T 16383C)\nada47: Previously was known as ad38\nSMP: AP CPU #1 Launched!\nSMP: AP CPU #3 Launched!\nSMP: AP CPU #2 Launched!\nTimecounter \"TSC-low\" frequency 11979402 Hz quality 1000\nWARNING: WITNESS option enabled, expect reduced performance.\nugen0.2: \u003cvendor 0x8087\u003e at usbus0\nuhub2: \u003cvendor 0x8087 product 0x0020, class 9/0, rev 2.00/0.00, addr 2\u003e on usbus0\nugen1.2: \u003cvendor 0x8087\u003e at usbus1\nuhub3: \u003cvendor 0x8087 product 0x0020, class 9/0, rev 2.00/0.00, addr 2\u003e on usbus1\nuhub2: 6 ports with 6 removable, self powered\nuhub3: 8 ports with 8 removable, self powered\nugen0.3: \u003cWinbond Electronics Corp\u003e at usbus0\nums0: \u003cWinbond Electronics Corp Hermon USB hidmouse Device, class 0/0, rev 1.10/0.01, addr 3\u003e on usbus0\nums0: 3 buttons and [Z] coordinates ID=0\nukbd0: \u003cWinbond Electronics Corp Hermon USB hidmouse Device, class 0/0, rev 1.10/0.01, addr 3\u003e on usbus0\nkbd2 at ukbd0\nTrying to mount root from ufs:/dev/ada45p2 [rw]...\nZFS filesystem version 5\nZFS storage pool version 28\nem1: link state changed to UP\nvlan7: link state changed to UP\nem0: link state changed to UP\nlock order reversal:\n 1st 0xffffff81eda73618 bufwait (bufwait) @ /usr/src/sys/kern/vfs_bio.c:2658\n 2nd 0xfffffe0017b37200 dirhash (dirhash) @ /usr/src/sys/ufs/ufs/ufs_dirhash.c:284\nKDB: stack backtrace:\ndb_trace_self_wrapper() at db_trace_self_wrapper+0x2a\nkdb_backtrace() at kdb_backtrace+0x37\n_witness_debugger() at _witness_debugger+0x2e\nwitness_checkorder() at witness_checkorder+0x807\n_sx_xlock() at _sx_xlock+0x55\nufsdirhash_acquire() at ufsdirhash_acquire+0x33\nufsdirhash_add() at ufsdirhash_add+0x19\nufs_direnter() at ufs_direnter+0x909\nufs_makeinode() at ufs_makeinode+0x26a\nVOP_CREATE_APV() at VOP_CREATE_APV+0x8d\nvn_open_cred() at vn_open_cred+0x46a\nkern_openat() at kern_openat+0x1f9\nsyscallenter() at syscallenter+0x1aa\nsyscall() at syscall+0x4c\nXfast_syscall() at Xfast_syscall+0xdd\n--- syscall (5, FreeBSD ELF64, open), rip = 0x800dc7f2c, rsp = 0x7fffffffccd8, rbp = 0x1 ---\nlock order reversal:\n 1st 0xfffffe00b231a278 ufs (ufs) @ /usr/src/sys/kern/vfs_subr.c:2134\n 2nd 0xffffff81eda73618 bufwait (bufwait) @ /usr/src/sys/ufs/ffs/ffs_vnops.c:260\n 3rd 0xfffffe0017dd7bd8 ufs (ufs) @ /usr/src/sys/kern/vfs_subr.c:2134\nKDB: stack backtrace:\ndb_trace_self_wrapper() at db_trace_self_wrapper+0x2a\nkdb_backtrace() at kdb_backtrace+0x37\n_witness_debugger() at _witness_debugger+0x2e\nwitness_checkorder() at witness_checkorder+0x807\n__lockmgr_args() at __lockmgr_args+0xdc6\nffs_lock() at ffs_lock+0x8c\nVOP_LOCK1_APV() at VOP_LOCK1_APV+0x9b\n_vn_lock() at _vn_lock+0x47\nvget() at vget+0x7b\nvfs_hash_get() at vfs_hash_get+0xd5\nffs_vgetf() at ffs_vgetf+0x48\nsoftdep_sync_buf() at softdep_sync_buf+0x547\nffs_syncvnode() at ffs_syncvnode+0x2b3\nffs_truncate() at ffs_truncate+0x477\nufs_direnter() at ufs_direnter+0x73b\nufs_makeinode() at ufs_makeinode+0x26a\nVOP_CREATE_APV() at VOP_CREATE_APV+0x8d\nvn_open_cred() at vn_open_cred+0x46a\nkern_openat() at kern_openat+0x1f9\nsyscallenter() at syscallenter+0x1aa\nsyscall() at syscall+0x4c\nXfast_syscall() at Xfast_syscall+0xdd\n--- syscall (5, FreeBSD ELF64, open), rip = 0x800dc7f2c, rsp = 0x7fffffffccd8, rbp = 0x1 ---\n\nFix: \n\nfsck without journal\nHow-To-Repeat: Unknown"
}