{
 "id": 549790,
 "bug_id": 144956,
 "attachment_id": 0,
 "creation_time": "2010-03-22T13:40:03Z",
 "creator": "cowens@greatbaysoftware.com",
 "text": "(Note: issue _is_ seen with GENERIC kernel.  Kernel shown here is the PAE conf with slight tweaks)\n\nOn system based on the Intel S5520UR motherboard, during _every_ boot it pauses for about 70 seconds just before any kernel initialization messages appear.   We see the loader appearing to complete its work (the kernel is loaded) and\nthen... it sits.  Once it starts up again (with usual kernel-boot\nmessages) it appears to boot normally (no error messages).\n\nThis has been seen also with both FreeBSD 7.1 and 7.2.  FreeBSD has always worked fine with other Intel server motherboards we've tested, so this appears to be something specific to this relatively new model.\n\nAttempts have been made to debug the issue with KDB/DDB, but we've been unable to break into the kernel before the hang begins.\n\nKernel boot log:\n\nCopyright (c) 1992-2009 The FreeBSD Project.\nCopyright (c) 1979, 1980, 1983, 1986, 1988, 1989, 1991, 1992, 1993, 1994\n        The Regents of the University of California. All rights reserved.\nFreeBSD is a registered trademark of The FreeBSD Foundation.\nFreeBSD 8.0-RELEASE-p2 #4: Thu Mar  4 04:21:04 UTC 2010\n    cowens@newcastle.greatbaysoftware.com:/usr/obj/usr/src/sys/BEACON\nTimecounter \"i8254\" frequency 1193182 Hz quality 0\nCPU: Intel(R) Xeon(R) CPU           E5520  @ 2.27GHz (2261.27-MHz 686-class CPU)\n  Origin = \"GenuineIntel\"  Id = 0x106a5  Stepping = 5\n  Features=0xbfebfbff\u003cFPU,VME,DE,PSE,TSC,MSR,PAE,MCE,CX8,APIC,SEP,MTRR,PGE,MCA,CMOV,PAT,PSE36,CLFLUSH,DTS,ACPI,MMX,FXSR,SSE,SSE2,SS,HTT,TM,PBE\u003e\n  Features2=0x9ce3bd\u003cSSE3,DTES64,MON,DS_CPL,VMX,EST,TM2,SSSE3,CX16,xTPR,PDCM,DCA,SSE4.1,SSE4.2,POPCNT\u003e\n  AMD Features=0x28100000\u003cNX,RDTSCP,LM\u003e\n  AMD Features2=0x1\u003cLAHF\u003e\n  TSC: P-state invariant\nreal memory  = 6442450944 (6144 MB)\navail memory = 6205816832 (5918 MB)\nACPI APIC Table: \u003cINTEL  S5520UR \u003e\nFreeBSD/SMP: Multiprocessor System Detected: 16 CPUs\nFreeBSD/SMP: 2 package(s) x 4 core(s) x 2 SMT threads\n cpu0 (BSP): APIC ID:  0\n cpu1 (AP): APIC ID:  1\n cpu2 (AP): APIC ID:  2\n cpu3 (AP): APIC ID:  3\n cpu4 (AP): APIC ID:  4\n cpu5 (AP): APIC ID:  5\n cpu6 (AP): APIC ID:  6\n cpu7 (AP): APIC ID:  7\n cpu8 (AP): APIC ID: 16\n cpu9 (AP): APIC ID: 17\n cpu10 (AP): APIC ID: 18\n cpu11 (AP): APIC ID: 19\n cpu12 (AP): APIC ID: 20\n cpu13 (AP): APIC ID: 21\n cpu14 (AP): APIC ID: 22\n cpu15 (AP): APIC ID: 23\nioapic0 \u003cVersion 2.0\u003e irqs 0-23 on motherboard\nioapic1 \u003cVersion 2.0\u003e irqs 24-47 on motherboard\nlapic0: Forcing LINT1 to edge trigger\nispfw: registered firmware \u003cisp_1040\u003e\nispfw: registered firmware \u003cisp_1040_it\u003e\nispfw: registered firmware \u003cisp_1080\u003e\nispfw: registered firmware \u003cisp_1080_it\u003e\nispfw: registered firmware \u003cisp_12160\u003e\nispfw: registered firmware \u003cisp_12160_it\u003e\nispfw: registered firmware \u003cisp_2100\u003e\nispfw: registered firmware \u003cisp_2200\u003e\nispfw: registered firmware \u003cisp_2300\u003e\nispfw: registered firmware \u003cisp_2322\u003e\nispfw: registered firmware \u003cisp_2400\u003e\nispfw: registered firmware \u003cisp_2400_multi\u003e\nispfw: registered firmware \u003cisp_2500\u003e\nispfw: registered firmware \u003cisp_2500_multi\u003e\nkbd1 at kbdmux0\nacpi0: \u003cINTEL S5520UR\u003e on motherboard\nacpi0: [ITHREAD]\nacpi0: Power Button (fixed)\nTimecounter \"ACPI-fast\" frequency 3579545 Hz quality 1000\nacpi_timer0: \u003c24-bit timer at 3.579545MHz\u003e port 0x408-0x40b on acpi0\nacpi_hpet0: \u003cHigh Precision Event Timer\u003e iomem 0xfed00000-0xfed003ff on acpi0\nTimecounter \"HPET\" frequency 14318180 Hz quality 900\npcib0: \u003cACPI Host-PCI bridge\u003e port 0xcf8-0xcff on acpi0\npci0: \u003cACPI PCI bus\u003e on pcib0\npcib1: \u003cACPI PCI-PCI bridge\u003e irq 28 at device 1.0 on pci0\npci1: \u003cACPI PCI bus\u003e on pcib1\nigb0: \u003cIntel(R) PRO/1000 Network Connection version - 1.7.3\u003e port 0x3020-0x303f mem 0xb1b20000-0xb1b3ffff,0xb1b44000-0xb1b47fff irq 40 at device 0.0 on pci1\nigb0: Using MSIX interrupts with 3 vectors\nigb0: [ITHREAD]\nigb0: [ITHREAD]\nigb0: [ITHREAD]\nigb0: Ethernet address: 00:15:17:b4:cf:e4\nigb1: \u003cIntel(R) PRO/1000 Network Connection version - 1.7.3\u003e port 0x3000-0x301f mem 0xb1b00000-0xb1b1ffff,0xb1b40000-0xb1b43fff irq 28 at device 0.1 on pci1\nigb1: Using MSIX interrupts with 3 vectors\nigb1: [ITHREAD]\nigb1: [ITHREAD]\nigb1: [ITHREAD]\nigb1: Ethernet address: 00:15:17:b4:cf:e5\npcib2: \u003cACPI PCI-PCI bridge\u003e irq 24 at device 3.0 on pci0\npci2: \u003cACPI PCI bus\u003e on pcib2\nem0: \u003cIntel(R) PRO/1000 Network Connection 6.9.14\u003e port 0x2020-0x203f mem 0xb1a60000-0xb1a7ffff,0xb1a40000-0xb1a5ffff irq 24 at device 0.0 on pci2\nem0: Using MSI interrupt\nem0: [FILTER]\nem0: Ethernet address: 00:15:17:cb:e6:e6\nem1: \u003cIntel(R) PRO/1000 Network Connection 6.9.14\u003e port 0x2000-0x201f mem 0xb1a20000-0xb1a3ffff,0xb1a00000-0xb1a1ffff irq 34 at device 0.1 on pci2\nem1: Using MSI interrupt\nem1: [FILTER]\nem1: Ethernet address: 00:15:17:cb:e6:e7\npcib3: \u003cACPI PCI-PCI bridge\u003e irq 30 at device 7.0 on pci0\npci3: \u003cACPI PCI bus\u003e on pcib3\npcib4: \u003cACPI PCI-PCI bridge\u003e irq 32 at device 9.0 on pci0\npci4: \u003cACPI PCI bus\u003e on pcib4\npcib5: \u003cACPI PCI-PCI bridge\u003e irq 33 at device 10.0 on pci0\npci5: \u003cACPI PCI bus\u003e on pcib5\npci0: \u003cbase peripheral, interrupt controller\u003e at device 16.0 (no driver attached)\npci0: \u003cbase peripheral, interrupt controller\u003e at device 16.1 (no driver attached)\npci0: \u003cbase peripheral, interrupt controller\u003e at device 17.0 (no driver attached)\npci0: \u003cbase peripheral, interrupt controller\u003e at device 17.1 (no driver attached)\npci0: \u003cbase peripheral, interrupt controller\u003e at device 20.0 (no driver attached)\npci0: \u003cbase peripheral, interrupt controller\u003e at device 20.1 (no driver attached)\npci0: \u003cbase peripheral, interrupt controller\u003e at device 20.2 (no driver attached)\npci0: \u003cbase peripheral, interrupt controller\u003e at device 20.3 (no driver attached)\npci0: \u003cbase peripheral\u003e at device 22.0 (no driver attached)\npci0: \u003cbase peripheral\u003e at device 22.1 (no driver attached)\npci0: \u003cbase peripheral\u003e at device 22.2 (no driver attached)\npci0: \u003cbase peripheral\u003e at device 22.3 (no driver attached)\npci0: \u003cbase peripheral\u003e at device 22.4 (no driver attached)\npci0: \u003cbase peripheral\u003e at device 22.5 (no driver attached)\npci0: \u003cbase peripheral\u003e at device 22.6 (no driver attached)\npci0: \u003cbase peripheral\u003e at device 22.7 (no driver attached)\nuhci0: \u003cUHCI (generic) USB controller\u003e port 0x40c0-0x40df irq 19 at device 26.0 on pci0\nuhci0: [ITHREAD]\nuhci0: LegSup = 0x103f\nusbus0: \u003cUHCI (generic) USB controller\u003e on uhci0\nuhci1: \u003cUHCI (generic) USB controller\u003e port 0x40a0-0x40bf irq 19 at device 26.1 \non pci0\nuhci1: [ITHREAD]\nuhci1: LegSup = 0x003f\nusbus1: \u003cUHCI (generic) USB controller\u003e on uhci1\nuhci2: \u003cUHCI (generic) USB controller\u003e port 0x4080-0x409f irq 19 at device 26.2 on pci0\nuhci2: [ITHREAD]\nuhci2: LegSup = 0x003f\nusbus2: \u003cUHCI (generic) USB controller\u003e on uhci2\nehci0: \u003cEHCI (generic) USB 2.0 controller\u003e mem 0xb1c21000-0xb1c213ff irq 19 at device 26.7 on pci0\nehci0: [ITHREAD]\nusbus3: EHCI version 1.0\nusbus3: \u003cEHCI (generic) USB 2.0 controller\u003e on ehci0\npcib6: \u003cACPI PCI-PCI bridge\u003e irq 16 at device 28.0 on pci0\npci6: \u003cACPI PCI bus\u003e on pcib6\nmfi0: \u003cLSI MegaSAS 1078\u003e port 0x1000-0x10ff mem 0xb1900000-0xb193ffff,0xb1940000-0xb197ffff irq 16 at device 0.0 on pci6\nmfi0: Megaraid SAS driver Ver 3.00 \nmfi0: [ITHREAD]\npcib7: \u003cACPI PCI-PCI bridge\u003e irq 16 at device 28.4 on pci0\npci7: \u003cACPI PCI bus\u003e on pcib7\nvgapci0: \u003cVGA-compatible display\u003e mem 0xb0000000-0xb0ffffff,0xb1800000-0xb1803fff,0xb1000000-0xb17fffff irq 16 at device 0.0 on pci7\npcib8: \u003cACPI PCI-PCI bridge\u003e irq 17 at device 28.5 on pci0\npci8: \u003cACPI PCI bus\u003e on pcib8\nuhci3: \u003cUHCI (generic) USB controller\u003e port 0x4060-0x407f irq 16 at device 29.0 on pci0\nuhci3: [ITHREAD]\nuhci3: LegSup = 0x003f\nusbus4: \u003cUHCI (generic) USB controller\u003e on uhci3\nuhci4: \u003cUHCI (generic) USB controller\u003e port 0x4040-0x405f irq 16 at device 29.1 on pci0\nuhci4: [ITHREAD]\nuhci4: LegSup = 0x003f\nusbus5: \u003cUHCI (generic) USB controller\u003e on uhci4\nuhci5: \u003cUHCI (generic) USB controller\u003e port 0x4020-0x403f irq 16 at device 29.2 on pci0\nuhci5: [ITHREAD]\nuhci5: LegSup = 0x003f\nusbus6: \u003cUHCI (generic) USB controller\u003e on uhci5\nehci1: \u003cEHCI (generic) USB 2.0 controller\u003e mem 0xb1c20000-0xb1c203ff irq 16 at device 29.7 on pci0\nehci1: [ITHREAD]\nusbus7: EHCI version 1.0\nusbus7: \u003cEHCI (generic) USB 2.0 controller\u003e on ehci1\npcib9: \u003cACPI PCI-PCI bridge\u003e at device 30.0 on pci0\npci9: \u003cACPI PCI bus\u003e on pcib9\nisab0: \u003cPCI-ISA bridge\u003e at device 31.0 on pci0\nisa0: \u003cISA bus\u003e on isab0\natapci0: \u003cIntel ICH10 SATA300 controller\u003e port 0x4138-0x413f,0x414c-0x414f,0x4130-0x4137,0x4148-0x414b,0x4110-0x411f,0x4100-0x410f irq 18 at device 31.2 on pci0\natapci0: [ITHREAD]\nata2: \u003cATA channel 0\u003e on atapci0\nata2: [ITHREAD]\nata3: \u003cATA channel 1\u003e on atapci0\nata3: [ITHREAD]\npci0: \u003cserial bus, SMBus\u003e at device 31.3 (no driver attached)\natapci1: \u003cIntel ICH10 SATA300 controller\u003e port 0x4128-0x412f,0x4144-0x4147,0x4120-0x4127,0x4140-0x4143,0x40f0-0x40ff,0x40e0-0x40ef irq 21 at device 31.5 on pci0\natapci1: [ITHREAD]\nata4: \u003cATA channel 0\u003e on atapci1\nata4: [ITHREAD]\nata5: \u003cATA channel 1\u003e on atapci1\nata5: [ITHREAD]\nacpi_button0: \u003cSleep Button\u003e on acpi0\natrtc0: \u003cAT realtime clock\u003e port 0x70-0x71,0x74-0x77 irq 8 on acpi0\nuart0: \u003c16550 or compatible\u003e port 0x3f8-0x3ff irq 4 flags 0x10 on acpi0\nuart0: [FILTER]\nuart0: console (9600,n,8,1)\nuart1: \u003c16550 or compatible\u003e port 0x2f8-0x2ff irq 3 on acpi0\nuart1: [FILTER]\nipmi0: \u003cIPMI System Interface\u003e port 0xca2,0xca3 on acpi0\nipmi0: KCS mode found at io 0xca2 on acpi\ncpu0: \u003cACPI CPU\u003e on acpi0\nest0: \u003cEnhanced SpeedStep Frequency Control\u003e on cpu0\np4tcc0: \u003cCPU Frequency Thermal Control\u003e on cpu0\ncpu1: \u003cACPI CPU\u003e on acpi0\nest1: \u003cEnhanced SpeedStep Frequency Control\u003e on cpu1\np4tcc1: \u003cCPU Frequency Thermal Control\u003e on cpu1\ncpu2: \u003cACPI CPU\u003e on acpi0\nest2: \u003cEnhanced SpeedStep Frequency Control\u003e on cpu2\np4tcc2: \u003cCPU Frequency Thermal Control\u003e on cpu2\ncpu3: \u003cACPI CPU\u003e on acpi0\nest3: \u003cEnhanced SpeedStep Frequency Control\u003e on cpu3\np4tcc3: \u003cCPU Frequency Thermal Control\u003e on cpu3\ncpu4: \u003cACPI CPU\u003e on acpi0\nest4: \u003cEnhanced SpeedStep Frequency Control\u003e on cpu4\np4tcc4: \u003cCPU Frequency Thermal Control\u003e on cpu4\ncpu5: \u003cACPI CPU\u003e on acpi0\nest5: \u003cEnhanced SpeedStep Frequency Control\u003e on cpu5\np4tcc5: \u003cCPU Frequency Thermal Control\u003e on cpu5\ncpu6: \u003cACPI CPU\u003e on acpi0\nest6: \u003cEnhanced SpeedStep Frequency Control\u003e on cpu6\np4tcc6: \u003cCPU Frequency Thermal Control\u003e on cpu6\ncpu7: \u003cACPI CPU\u003e on acpi0\nest7: \u003cEnhanced SpeedStep Frequency Control\u003e on cpu7\np4tcc7: \u003cCPU Frequency Thermal Control\u003e on cpu7\ncpu8: \u003cACPI CPU\u003e on acpi0\nest8: \u003cEnhanced SpeedStep Frequency Control\u003e on cpu8\np4tcc8: \u003cCPU Frequency Thermal Control\u003e on cpu8\ncpu9: \u003cACPI CPU\u003e on acpi0\nest9: \u003cEnhanced SpeedStep Frequency Control\u003e on cpu9\np4tcc9: \u003cCPU Frequency Thermal Control\u003e on cpu9\ncpu10: \u003cACPI CPU\u003e on acpi0\nest10: \u003cEnhanced SpeedStep Frequency Control\u003e on cpu10\np4tcc10: \u003cCPU Frequency Thermal Control\u003e on cpu10\ncpu11: \u003cACPI CPU\u003e on acpi0\nest11: \u003cEnhanced SpeedStep Frequency Control\u003e on cpu11\np4tcc11: \u003cCPU Frequency Thermal Control\u003e on cpu11\ncpu12: \u003cACPI CPU\u003e on acpi0\nest12: \u003cEnhanced SpeedStep Frequency Control\u003e on cpu12\np4tcc12: \u003cCPU Frequency Thermal Control\u003e on cpu12\ncpu13: \u003cACPI CPU\u003e on acpi0\nest13: \u003cEnhanced SpeedStep Frequency Control\u003e on cpu13\np4tcc13: \u003cCPU Frequency Thermal Control\u003e on cpu13\ncpu14: \u003cACPI CPU\u003e on acpi0\nest14: \u003cEnhanced SpeedStep Frequency Control\u003e on cpu14\np4tcc14: \u003cCPU Frequency Thermal Control\u003e on cpu14\ncpu15: \u003cACPI CPU\u003e on acpi0\nest15: \u003cEnhanced SpeedStep Frequency Control\u003e on cpu15\np4tcc15: \u003cCPU Frequency Thermal Control\u003e on cpu15\nipmi1: \u003cIPMI System Interface\u003e on isa0\ndevice_attach: ipmi1 attach returned 16\npmtimer0 on isa0\nipmi1: \u003cIPMI System Interface\u003e on isa0\ndevice_attach: ipmi1 attach returned 16\norm0: \u003cISA Option ROMs\u003e at iomem 0xc0000-0xc7fff,0xc8000-0xc8fff,0xc9000-0xc9fff pnpid ORM0000 on isa0\nsc0: \u003cSystem console\u003e at flags 0x100 on isa0\nsc0: VGA \u003c16 virtual consoles, flags=0x300\u003e\nvga0: \u003cGeneric ISA VGA\u003e at port 0x3c0-0x3df iomem 0xa0000-0xbffff on isa0\nata0 at port 0x1f0-0x1f7,0x3f6 irq 14 on isa0\nata0: [ITHREAD]\nata1 at port 0x170-0x177,0x376 irq 15 on isa0\nata1: [ITHREAD]\nppc0: parallel port not found.\nTimecounters tick every 1.000 msec\nusbus0: 12Mbps Full Speed USB v1.0\nusbus1: 12Mbps Full Speed USB v1.0\nusbus2: 12Mbps Full Speed USB v1.0\nusbus3: 480Mbps High Speed USB v2.0\nusbus4: 12Mbps Full Speed USB v1.0\nusbus5: 12Mbps Full Speed USB v1.0\nusbus6: 12Mbps Full Speed USB v1.0\nusbus7: 480Mbps High Speed USB v2.0\nAcpiOsExecute: failed to enqueue task, consider increasing the debug.acpi.max_tasks tunable\nACPI Error (psparse-0633): Method parse/execution failed [\\\\_SB_.PCI0.HEC2.HSCI] (Node 0xccbff700)mfid0: \u003cMFI Logical Disk\u003e on mfi0\nmfid0: 303268MB (621092864 sectors) RAID volume '' is optimal\nugen0.1: \u003cIntel\u003e at usbus0\nuhub0: \u003cIntel UHCI root HUB, class 9/0, rev 1.00/1.00, addr 1\u003e on usbus0\nugen1.1: \u003cIntel\u003e at usbus1\nuhub1: \u003cIntel UHCI root HUB, class 9/0, rev 1.00/1.00, addr 1\u003e on usbus1\nugen2.1: \u003cIntel\u003e at usbus2\nuhub2: \u003cIntel UHCI root HUB, class 9/0, rev 1.00/1.00, addr 1\u003e on usbus2\nugen3.1: \u003cIntel\u003e at usbus3\nuhub3: \u003cIntel EHCI root HUB, class 9/0, rev 2.00/1.00, addr 1\u003e on usbus3\nugen4.1: \u003cIntel\u003e at usbus4\nuhub4: \u003cIntel UHCI root HUB, class 9/0, rev 1.00/1.00, addr 1\u003e on usbus4\nugen5.1: \u003cIntel\u003e at usbus5\nuhub5: \u003cIntel UHCI root HUB, class 9/0, rev 1.00/1.00, addr 1\u003e on usbus5\nugen6.1: \u003cIntel\u003e at usbus6\nuhub6: \u003cIntel UHCI root HUB, class 9/0, rev 1.00/1.00, addr 1\u003e on usbus6\nugen7.1: \u003cIntel\u003e at usbus7\nuhub7: \u003cIntel EHCI root HUB, class 9/0, rev 2.00/1.00, addr 1\u003e on usbus7\n, AE_NO_MEMORY\nACPI Error (psparse-0633): Method parse/execution failed [\\\\_GPE._L06] (Node 0xccc065e0), AE_NO_MEMORY\nACPI Exception: AE_NO_MEMORY, while evaluating GPE method [_L06] 20090521 evgpe-705\nAcpiOsExecute: failed to enqueue task, consider increasing the debug.acpi.max_tasks tunable\nipmi0: IPMI device rev. 1, firmware rev. 0.2, version 2.0\nipmi0: Number of channels 2\nipmi0: Attached watchdog\nlapic5: Forcing LINT1 to edge trigger\nSMP: AP CPU #5 Launched!\nlapic23: Forcing LINT1 to edge trigger\nSMP: AP CPU #15 Launched!\nlapic20: Forcing LINT1 to edge trigger\nSMP: AP CPU #12 Launched!\nlapic6: Forcing LINT1 to edge trigger\nSMP: AP CPU #6 Launched!\nlapic2: Forcing LINT1 to edge trigger\nSMP: AP CPU #2 Launched!\nlapic7: Forcing LINT1 to edge trigger\nSMP: AP CPU #7 Launched!\nlapic16: Forcing LINT1 to edge trigger\nSMP: AP CPU #8 Launched!\nlapic17: Forcing LINT1 to edge trigger\nSMP: AP CPU #9 Launched!\nlapic3: Forcing LINT1 to edge trigger\nSMP: AP CPU #3 Launched!\nlapic4: Forcing LINT1 to edge trigger\nSMP: AP CPU #4 Launched!\nlapic1: Forcing LINT1 to edge trigger\nSMP: AP CPU #1 Launched!\nlapic22: Forcing LINT1 to edge trigger\nSMP: AP CPU #14 Launched!\nlapic18: Forcing LINT1 to edge trigger\nSMP: AP CPU #10 Launched!\nlapic21: Forcing LINT1 to edge trigger\nSMP: AP CPU #13 Launched!\nlapic19: Forcing LINT1 to edge trigger\nSMP: AP CPU #11 Launched!\nGEOM_JOURNAL: Journal 3779144311: mfid0s1a contains data.\nGEOM_JOURNAL: Journal 3779144311: mfid0s1a contains journal.\nGEOM_JOURNAL: Journal mfid0s1a clean.\nGEOM_JOURNAL: BIO_FLUSH not supported by mfid0s1a.\nGEOM_JOURNAL: Journal 2337978298: mfid0s1d contains data.uhub1: 2 ports with 2 removable, self powered\nGEOM_JOURNAL\nuhub5: : 2 ports with 2 removable, self poweredJournal 2337978298: mfid0s1d contains journal.\nuhub6: 2 ports with 2 removable, self powered\n\nGEOM_JOURNALuhub2: : 2 ports with 2 removable, self poweredJournal mfid0s1d clean.\nuhub4: 2 ports with 2 removable, self powered\n\nuhub0: GEOM_JOURNAL2 ports with 2 removable, self powered: \nBIO_FLUSH not supported by mfid0s1d.\nRoot mount waiting for: usbus7 usbus3\nRoot mount waiting for: usbus7 usbus3\nuhub3: 6 ports with 6 removable, self powered\nuhub7: 6 ports with 6 removable, self powered\nRoot mount waiting for: usbus7 usbus3\nugen3.2: \u003cvendor 0x0424\u003e at usbus3\nuhub8: \u003cvendor 0x0424 product 0x2514, class 9/0, rev 2.00/0.00, addr 2\u003e on usbus3\nugen7.2: \u003cvendor 0x05e3\u003e at usbus7\numass0: \u003cvendor 0x05e3 USB Storage, class 0/0, rev 2.00/0.41, addr 2\u003e on usbus7\numass0:  SCSI over Bulk-Only; quirks = 0x0000\nRoot mount waiting for: usbus7 usbus3\nuhub8: 4 ports with 4 removable, self powered\numass0:0:0:-1: Attached to scbus0\nRoot mount waiting for: usbus7 usbus3\n(probe0:umass-sim0:0:0:0): TEST UNIT READY. CDB: 0 0 0 0 0 0 Trying to mount root from ufs:/dev/ufs/root\n(probe0:umass-sim0:0:0:0): CAM Status: SCSI Status Error\n\n(probe0:umass-sim0:0:0:0): SCSI Status: Check Condition\n(probe0:umass-sim0:0:0:0): NOT READY asc:3a,2\n(probe0:umass-sim0:0:0:0): Medium not present - tray open\n(probe0:umass-sim0:0:0:0): Unretryable error\ncd0 at umass-sim0 bus 0 target 0 lun 0\ncd0: \u003cTEAC DV-28S-V 1.0B\u003e Removable CD-ROM SCSI-0 device \ncd0: 40.000MB/s transfers\ncd0: Attempt to query device size failed: NOT READY, Medium not present - tray open\nugen2.2: \u003cAmerican Megatrends Inc.\u003e at usbus2\nukbd0: \u003cKeyboard Interface\u003e on usbus2\nkbd0 at ukbd0\nums0: \u003cMouse Interface\u003e on usbus2\nums0: 3 buttons and [Z] coordinates ID=0\nugen6.2: \u003cvendor 0x0557\u003e at usbus6\nuhub9: \u003cvendor 0x0557 product 0x8021, class 9/0, rev 1.10/1.00, addr 2\u003e on usbus6\nuhub9: 4 ports with 4 removable, self powered\nugen6.3: \u003cATEN International Co. Ltd\u003e at usbus6\nukbd1: \u003cATEN International Co. Ltd GCS1808 V3.0.294, class 0/0, rev 1.10/1.00, addr 3\u003e on usbus6\nkbd2 at ukbd1\nuhid0: \u003cATEN International Co. Ltd GCS1808 V3.0.294, class 0/0, rev 1.10/1.00, addr 3\u003e on usbus6\nums1: \u003cATEN International Co. Ltd GCS1808 V3.0.294, class 0/0, rev 1.10/1.00, addr 3\u003e on usbus6\nums1: 5 buttons and [XYZ] coordinates ID=0\nums2: \u003cATEN International Co. Ltd GCS1808 V3.0.294, class 0/0, rev 1.10/1.00, addr 3\u003e on usbus6\nums2: 3 buttons and [Z] coordinates ID=0\n\nHow-To-Repeat: Boot FreeBSD from a system based on the S5520UR motherboard."
}