{
 "id": 487506,
 "bug_id": 132206,
 "attachment_id": 0,
 "creation_time": "2009-02-28T19:20:02Z",
 "creator": "fbsd71p3_mpt_bug@zyni.com",
 "text": "\n\nSystem will not finish booting, the dump device is configured but it does not get far enough to generate a core file that I can submit.\n\nI have added these options to GENERIC kernel to try to add some more debugging information:\n\n\u003e options               KDB\n\u003e options               DDB\n\u003e options               INVARIANTS\n\u003e options               INVARIANT_SUPPORT\n\u003e options               WITNESS\n\u003e options               DEBUG_LOCKS\n\u003e options               DEBUG_VFS_LOCKS\n\u003e options               DIAGNOSTIC\n\n\n==============================================================================\nHere is boot with the debugging turned on.\n==============================================================================\n\n/boot/kernel/acpi.ko text=0x53d58 data=0x23a0+0x186c syms=[0x4+0x8690+0x4+0xb12b]\nKDB: debugger backends: ddb\nKDB: current backend: ddb\nCopyright (c) 1992-2009 The FreeBSD Project.\nCopyright (c) 1979, 1980, 1983, 1986, 1988, 1989, 1991, 1992, 1993, 1994\nThe Regents of the University of California. All rights reserved.\nFreeBSD is a registered trademark of The FreeBSD Foundation.\nFreeBSD 7.1-RELEASE-p3 #1: Fri Feb 27 17:10:26 MST 2009\n    root@outil:/usr/src/sys/i386/compile/GENERIC_KDB_DDB\nWARNING: WITNESS option enabled, expect reduced performance.\nWARNING: DIAGNOSTIC option enabled, expect reduced performance.\nTimecounter \"i8254\" frequency 1193182 Hz quality 0\nCPU: AMD Opteron(tm) Processor 244 (1793.83-MHz 686-class CPU)\n  Origin = \"AuthenticAMD\"  Id = 0xf58  Stepping = 8\n  Features=0x78bfbff\u003cFPU,VME,DE,PSE,TSC,MSR,PAE,MCE,CX8,APIC,SEP,MTRR,PGE,MCA,CMOV,PAT,PSE36,CLFLUSH,MMX,FXSR,SSE,SSE2\u003e\n  AMD Features=0xe0500800\u003cSYSCALL,NX,MMX+,LM,3DNow!+,3DNow!\u003e\nreal memory  = 2146893824 (2047 MB)\navail memory = 2090770432 (1993 MB)\nACPI APIC Table: \u003cPTLTD          APIC  \u003e\nFreeBSD/SMP: Multiprocessor System Detected: 2 CPUs\n cpu0 (BSP): APIC ID:  0\n cpu1 (AP): APIC ID:  1\nWITNESS: spin lock cpuset not in order list\nWITNESS: spin lock intrcnt not in order list\nMADT: Forcing active-low polarity and level trigger for SCI\nioapic0 \u003cVersion 1.1\u003e irqs 0-23 on motherboard\nioapic1 \u003cVersion 1.1\u003e irqs 24-27 on motherboard\nioapic2 \u003cVersion 1.1\u003e irqs 28-31 on motherboard\nkbd1 at kbdmux0\nath_hal: 0.9.20.3 (AR5210, AR5211, AR5212, RF5111, RF5112, RF2413, RF5413)\nacpi0: \u003cPTLTD    XSDT\u003e on motherboard\nacpi0: [ITHREAD]\nacpi0: Power Button (fixed)\nacpi0: Sleep Button (fixed)\nunknown: I/O range not supported\nunknown: I/O range not supported\nTimecounter \"ACPI-fast\" frequency 3579545 Hz quality 1000\nacpi_timer0: \u003c24-bit timer at 3.579545MHz\u003e port 0x8008-0x800b on acpi0\nacpi_hpet0: \u003cHigh Precision Event Timer\u003e iomem 0xfed00000-0xfed003ff on acpi0\nTimecounter \"HPET\" frequency 14318180 Hz quality 900\nacpi_button0: \u003cPower Button\u003e on acpi0\npcib0: \u003cACPI Host-PCI bridge\u003e port 0xcf8-0xcff,0x8000-0x807f,0x8080-0x80ff iomem 0xd8000-0xdbfff on acpi0\npci0: \u003cACPI PCI bus\u003e on pcib0\npcib1: \u003cACPI PCI-PCI bridge\u003e at device 6.0 on pci0\npci1: \u003cACPI PCI bus\u003e on pcib1\nohci0: \u003cOHCI (generic) USB controller\u003e mem 0xfd120000-0xfd120fff irq 19 at device 0.0 on pci1\nohci0: [GIANT-LOCKED]\nohci0: [ITHREAD]\nusb0: OHCI version 1.0, legacy support\nusb0: SMM does not respond, resetting\nusb0: \u003cOHCI (generic) USB controller\u003e on ohci0\nusb0: USB revision 1.0\nuhub0: \u003cAMD OHCI root hub, class 9/0, rev 1.00/1.00, addr 1\u003e on usb0\nuhub0: 3 ports with 3 removable, self powered\nohci1: \u003cOHCI (generic) USB controller\u003e mem 0xfd121000-0xfd121fff irq 19 at device 0.1 on pci1\nohci1: [GIANT-LOCKED]\nohci1: [ITHREAD]\nusb1: OHCI version 1.0, legacy support\nusb1: SMM does not respond, resetting\nusb1: \u003cOHCI (generic) USB controller\u003e on ohci1\nusb1: USB revision 1.0\nuhub1: \u003cAMD OHCI root hub, class 9/0, rev 1.00/1.00, addr 1\u003e on usb1\nuhub1: 3 ports with 3 removable, self powered\nvgapci0: \u003cVGA-compatible display\u003e mem 0xfe000000-0xfe7fffff,0xfd100000-0xfd11ffff,0xfd800000-0xfdffffff irq 16 at device 5.0 on pci1\nisab0: \u003cPCI-ISA bridge\u003e at device 7.0 on pci0\nisa0: \u003cISA bus\u003e on isab0\natapci0: \u003cAMD 8111 UDMA133 controller\u003e port 0x1f0-0x1f7,0x3f6,0x170-0x177,0x376,0x1000-0x100f at device 7.1 on pci0\nata0: \u003cATA channel 0\u003e on atapci0\nata0: [ITHREAD]\nata1: \u003cATA channel 1\u003e on atapci0\nata1: [ITHREAD]\npci0: \u003cbridge\u003e at device 7.3 (no driver attached)\npcib2: \u003cACPI PCI-PCI bridge\u003e at device 10.0 on pci0\npci2: \u003cACPI PCI bus\u003e on pcib2\nbge0: \u003cBroadcom NetXtreme Gigabit Ethernet Controller, ASIC rev. 0x1002\u003e mem 0xfe800000-0xfe80ffff irq 25 at device 2.0 on pci2\nmiibus0: \u003cMII bus\u003e on bge0\nbrgphy0: \u003cBCM5703 10/100/1000baseTX PHY\u003e PHY 1 on miibus0\nbrgphy0:  10baseT, 10baseT-FDX, 100baseTX, 100baseTX-FDX, 1000baseT, 1000baseT-FDX, auto\nbge0: Ethernet address: 00:09:3d:10:af:b9\nbge0: [ITHREAD]\nbge1: \u003cBroadcom NetXtreme Gigabit Ethernet Controller, ASIC rev. 0x1002\u003e mem 0xfe810000-0xfe81ffff irq 26 at device 3.0 on pci2\nmiibus1: \u003cMII bus\u003e on bge1\nbrgphy1: \u003cBCM5703 10/100/1000baseTX PHY\u003e PHY 1 on miibus1\nbrgphy1:  10baseT, 10baseT-FDX, 100baseTX, 100baseTX-FDX, 1000baseT, 1000baseT-FDX, auto\nbge1: Ethernet address: 00:09:3d:10:af:ba\nbge1: [ITHREAD]\nmpt0: \u003cLSILogic 1030 Ultra4 Adapter\u003e port 0x2000-0x20ff mem 0xfe830000-0xfe83ffff,0xfe820000-0xfe82ffff irq 27 at device 4.0 on pci2\nmpt0: [ITHREAD]\nmpt0: MPI Version=1.2.15.0\nmpt0: Capabilities: ( RAID-1E RAID-1 SAFTE )\nmpt0: 1 Active Volume (1 Max)\nmpt0: 2 Hidden Drive Members (6 Max)\npcib3: \u003cACPI PCI-PCI bridge\u003e at device 11.0 on pci0\npci3: \u003cACPI PCI bus\u003e on pcib3\natkbdc0: \u003cKeyboard controller (i8042)\u003e port 0x60,0x64 irq 1 on acpi0\natkbd0: \u003cAT Keyboard\u003e irq 1 on atkbdc0\nkbd0 at atkbd0\natkbd0: [GIANT-LOCKED]\natkbd0: [ITHREAD]\nsio0: \u003c16550A-compatible COM port\u003e port 0x3f8-0x3ff irq 4 flags 0x10 on acpi0\nsio0: type 16550A, console\nsio0: [FILTER]\nfdc0: \u003cfloppy drive controller\u003e port 0x3f0-0x3f5,0x3f7 irq 6 drq 2 on acpi0\nfdc0: [FILTER]\nfd0: \u003c1440-KB 3.5\" drive\u003e on fdc0 drive 0\ncpu0: \u003cACPI CPU\u003e on acpi0\ncpu1: \u003cACPI CPU\u003e on acpi0\npmtimer0 on isa0\norm0: \u003cISA Option ROMs\u003e at iomem 0xc0000-0xc7fff,0xc8000-0xc97ff,0xc9800-0xcafff,0xcb000-0xcefff pnpid ORM0000 on isa0\nppc0: parallel port not found.\nsc0: \u003cSystem console\u003e at flags 0x100 on isa0\nsc0: VGA \u003c16 virtual consoles, flags=0x100\u003e\nsio1: configured irq 3 not in bitmap of probed irqs 0\nsio1: port may not be enabled\nvga0: \u003cGeneric ISA VGA\u003e at port 0x3c0-0x3df iomem 0xa0000-0xbffff on isa0\nTimecounters tick every 1.000 msec\nmpt0:vol0(mpt0:0:0): Settings ( Hot-Plug-Spares )\nmpt0:vol0(mpt0:0:0): Using Spare Pool: 0\nmpt0:vol0(mpt0:0:0): 2 Members:\n      (mpt0:1:0:0): Primary Online\n      (mpt0:1:1:0): Secondary Out of Sync Online\nmpt0:vol0(mpt0:0:0): RAID-1 - Degraded\nmpt0:vol0(mpt0:0:0): Status ( Enabled Re-Syncing )\nmpt0:vol0(mpt0:0:0): Low Priority Re-Sync\nmpt0:vol0(mpt0:0:0): 142745967 of 143110144 blocks remaining\n(mpt0:vol0:0): Physical (mpt0:0:0:0), Pass-thru (mpt0:1:0:0)\n(mpt0:vol0:0): Online\n(mpt0:vol0:1): Physical (mpt0:0:1:0), Pass-thru (mpt0:1:1:0)\n(mpt0:vol0:1): Online\n(mpt0:vol0:1): Status ( Out-Of-Sync )\nacd0: CDROM \u003cCD-224E/1.9A\u003e at ata1-master UDMA33\nWaiting 5 seconds for SCSI devices to settle\nmpt0:vol0(mpt0:0:0): Volume Status Changed\nmpt0:vol0(mpt0:0:0): RAID-1 - Degraded\nmpt0:vol0(mpt0:0:0): Status ( Enabled Re-Syncing )\nmpt0:vol0(mpt0:0:0): Low Priority Re-Sync\nmpt0:vol0(mpt0:0:0): 142743855 of 143110144 blocks remaining\nmpt0:vol0(mpt0:0:0): RAID-1 - Degraded\nmpt0:vol0(mpt0:0:0): Status ( Enabled Re-Syncing )\nmpt0:vol0(mpt0:0:0): Low Priority Re-Sync\nmpt0:vol0(mpt0:0:0): 142743855 of 143110144 blocks remaining\nKernel page fault with the following non-sleepable locks held:\nexclusive sleep mutex mpt r = 0 (0xc528c004) locked @ cam/cam_xpt.c:7214\nKDB: stack backtrace:\ndb_trace_self_wrapper(c0b3bd3e,e57c3ab8,c07cbd27,c0b3c0fd,e57c3acc,...) at db_trace_self_wrapper+0x26\nkdb_backtrace(c0b3c0fd,e57c3acc,4,1,0,...) at kdb_backtrace+0x29\nwitness_warn(5,0,c0b68cf0,c0b5b67e,c5226000,...) at witness_warn+0x1d7\ntrap(e57c3b58) at trap+0x122\ncalltrap() at calltrap+0x6\n--- trap 0xc, eip = 0xc046ccbb, esp = 0xe57c3b98, ebp = 0xe57c3bb0 ---\nxpt_done(c52e1c00,c0b76a60,5,5,0,...) at xpt_done+0x1b\nxpt_scan_bus(c51d9380,c52e4800,c0ae9ab0,c0bef344,c527d014,...) at xpt_scan_bus+0x3a9\ncamisr_runqueue(c528c004,0,c0ae9aa7,1c2e,0,...) at camisr_runqueue+0x39f\ncamisr(0,0,c0b355cb,4b6,c51d9368,...) at camisr+0x11a\nithread_loop(c51d0c50,e57c3d38,c0b3533d,31c,c5226000,...) at ithread_loop+0x1c5\nfork_exit(c0770d80,c51d0c50,e57c3d38) at fork_exit+0xb8\nfork_trampoline() at fork_trampoline+0x8\n--- trap 0, eip = 0, esp = 0xe57c3d70, ebp = 0 ---\n\n\nFatal trap 12: page fault while in kernel mode\ncpuid = 0; apic id = 00\nfault virtual address   = 0xdeadc0f2\nfault code              = supervisor read, page not present\ninstruction pointer     = 0x20:0xc046ccbb\nstack pointer           = 0x28:0xe57c3b98\nframe pointer           = 0x28:0xe57c3bb0\ncode segment            = base 0x0, limit 0xfffff, type 0x1b\n= DPL 0, pres 1, def32 1, gran 1\nprocessor eflags        = interrupt enabled, resume, IOPL = 0\ncurrent process         = 19 (swi2: cambio)\n[thread pid 19 tid 100018 ]\nStopped at      xpt_done+0x1b:  movl    0x14(%edx),%ebx\ndb\u003e \ndb\u003e show registers\ncs                0x20\nds                0x28\nes                0x28\nfs                 0x8\nss                0x28\neax         0xc52b3ab0\necx                  0\nedx         0xdeadc0de\nebx         0xc52e1c00\nesp         0xe57c3b98\nebp         0xe57c3bb0\nesi         0xc52e1c00\nedi         0xc52e4800\neip         0xc046ccbb  xpt_done+0x1b\nefl            0x90202\nxpt_done+0x1b:  movl    0x14(%edx),%ebx\ndb\u003e trace\nTracing pid 19 tid 100018 td 0xc52338c0\nxpt_done(c52e1c00,c0b76a60,5,5,0,...) at xpt_done+0x1b\nxpt_scan_bus(c51d9380,c52e4800,c0ae9ab0,c0bef344,c527d014,...) at xpt_scan_bus+0x3a9\ncamisr_runqueue(c528c004,0,c0ae9aa7,1c2e,0,...) at camisr_runqueue+0x39f\ncamisr(0,0,c0b355cb,4b6,c51d9368,...) at camisr+0x11a\nithread_loop(c51d0c50,e57c3d38,c0b3533d,31c,c5226000,...) at ithread_loop+0x1c5\nfork_exit(c0770d80,c51d0c50,e57c3d38) at fork_exit+0xb8\nfork_trampoline() at fork_trampoline+0x8\n--- trap 0, eip = 0, esp = 0xe57c3d70, ebp = 0 ---\ndb\u003e \n\n==============================================================================\n\nIf you need more information please email me.  I have not used gdb/kdb though\nso I need the explicit commands/instructions if you are looking for information from that one.\n\nThanks.\n\nFix: \n\nUnknown.\n\nWorkaround is to leave the system down while disk is syncing.\nHow-To-Repeat: \nSetup mirroring on a Sun Fire V20Z through the LSI utility with the on board\nmpt controller.\n\nmpt0: \u003cLSILogic 1030 Ultra4 Adapter\u003e port 0x2000-0x20ff mem 0xfe830000-0xfe83ffff\n,0xfe820000-0xfe82ffff irq 27 at device 4.0 on pci2\nmpt0: [ITHREAD]\nmpt0: MPI Version=1.2.15.0\nmpt0: Capabilities: ( RAID-1E RAID-1 SAFTE )\nmpt0: 1 Active Volume (1 Max)\nmpt0: 2 Hidden Drive Members (6 Max)\n\n\nWhile the second drive is resyncing try to boot the system with the Generic kernel.  Mine panics with a similar message like below:\n\nWaiting 5 seconds for SCSI devices to settle\nmpt0: Volume(0:0): Volume Status Changed\nmpt0: Volume(0:0): Volume Status Changed\nmpt0:vol0(mpt0:0:0): Settings ( Hot-Plug-Spares )\nmpt0:vol0(mpt0:0:0): Using Spare Pool: 0\nmpt0:vol0(mpt0:0:0): 2 Members:\n      (mpt0:1:0:0): Primary Online\n      (mpt0:1:1:0): Secondary Out of Sync Online\nmpt0:vol0(mpt0:0:0): RAID-1 - Degraded\nmpt0:vol0(mpt0:0:0): Status ( Enabled Re-Syncing )\nmpt0:vol0(mpt0:0:0): Low Priority Re-Sync\nmpt0:vol0(mpt0:0:0): 142881270 of 143110144 blocks remaining\n(mpt0:vol0:0): Physical (mpt0:0:0:0), Pass-thru (mpt0:1:0:0)\n(mpt0:vol0:0): Online\n(mpt0:vol0:1): Physical (mpt0:0:1:0), Pass-thru (mpt0:1:1:0)\n(mpt0:vol0:1): Online\n(mpt0:vol0:1): Status ( Out-Of-Sync )\nmpt0:vol0(mpt0:0:0): RAID-1 - Degraded\nmpt0:vol0(mpt0:0:0): Status ( Enabled Re-Syncing )\nmpt0:vol0(mpt0:0:0): Low Priority Re-Sync\nmpt0:vol0(mpt0:0:0): 142881138 of 143110144 blocks remaining\n\n\nFatal trap 12: page fault while in kernel mode\ncpuid = 0; apic id = 00\nfault virtual address   = 0x14\nfault code              = supervisor read, page not present\ninstruction pointer     = 0x20:0xc046ae4b\nstack pointer           = 0x28:0xe5729b80\nframe pointer           = 0x28:0xe5729b9c\ncode segment            = base 0x0, limit 0xfffff, type 0x1b\n                        = DPL 0, pres 1, def32 1, gran 1\nprocessor eflags        = interrupt enabled, resume, IOPL = 0\ncurrent process         = 17 (swi2: cambio)\ntrap number             = 12\npanic: page fault\ncpuid = 0\nUptime: 6s\nCannot dump. No dump device defined.\nAutomatic reboot in 15 seconds - press a key on the console to abort"
}