{
 "id": 695472,
 "bug_id": 174409,
 "attachment_id": 0,
 "creation_time": "2012-12-17T11:59:32Z",
 "creator": "kaho@elam.kais.kyoto-u.ac.jp",
 "text": "  Hello, and sorry for delay reply.\n\n\u003e Could you please provide unabridged verbose dmesg from this system?\n\nunload ehci.ko and uhci.ko in /etc/rc.suspend and\nload ehci.ko and uhci.ko in /etc/rc.resume.\n\nSome modules load after boot using kld_list in rc.conf:\nkld_list=\"miibus if_iwn usb usb_quirk ehci uhci ichsmb iic smbus\n iicsmb smb snd_hda coretemp ng_ubt vkbd cuse4bsd wlan_amrr\n wlan_ccmp wlan_tkip wlan_wep linux\"\n\n-- dmesg --\nTable 'FACP' at 0xb9ff4000\nTable 'DMAR' at 0xb9ff5000\nTable 'HPET' at 0xb9ff3000\nTable 'APIC' at 0xb9ff2000\nAPIC: Found table at 0xb9ff2000\nAPIC: Using the MADT enumerator.\nMADT: Found CPU APIC ID 0 ACPI ID 1: enabled\nSMP: Added CPU 0 (AP)\nMADT: Found CPU APIC ID 1 ACPI ID 2: enabled\nSMP: Added CPU 1 (AP)\nMADT: Found CPU APIC ID 0 ACPI ID 3: disabled\nMADT: Found CPU APIC ID 0 ACPI ID 4: disabled\nCopyright (c) 1992-2012 The FreeBSD Project.\nCopyright (c) 1979, 1980, 1983, 1986, 1988, 1989, 1991, 1992, 1993, 1994\n\tThe Regents of the University of California. All rights reserved.\nFreeBSD is a registered trademark of The FreeBSD Foundation.\nFreeBSD 10.0-CURRENT #9 r243763:244180: Thu Dec 13 18:24:35 JST 2012\n    root@bansidhe.pf2.ed.niigata-u.ac.jp:/usr/obj/usr/src/sys/BANSIDHE amd64\nPreloaded elf kernel \"/boot/kernel/kernel\" at 0xffffffff80adf000.\nPreloaded elf obj module \"/boot/kernel/miibus.ko\" at 0xffffffff80adf288.\nPreloaded elf obj module \"/boot/kernel/agp.ko\" at 0xffffffff80adf830.\nPreloaded elf obj module \"/boot/kernel/ahci.ko\" at 0xffffffff80adfe18.\nPreloaded elf obj module \"/boot/kernel/cpufreq.ko\" at 0xffffffff80ae0400.\nPreloaded elf obj module \"/boot/kernel/kbdmux.ko\" at 0xffffffff80ae09e8.\nPreloaded elf obj module \"/boot/kernel/acpi_wmi.ko\" at 0xffffffff80ae1050.\nPreloaded elf obj module \"/boot/kernel/hwpmc.ko\" at 0xffffffff80ae1680.\nCPU: Genuine Intel(R) CPU           U2300  @ 1.20GHz (K8-class CPU)\n  Origin = \"GenuineIntel\"  Id = 0x1067a  Family = 0x6  Model = 0x17  Stepping = 10\n  Features=0xbfebfbff\u003cFPU,VME,DE,PSE,TSC,MSR,PAE,MCE,CX8,APIC,SEP,MTRR,PGE,MCA,CMOV,PAT,PSE36,CLFLUSH,DTS,ACPI,MMX,FXSR,SSE,SSE2,SS,HTT,TM,PBE\u003e\n  Features2=0xc00e3bd\u003cSSE3,DTES64,MON,DS_CPL,VMX,EST,TM2,SSSE3,CX16,xTPR,PDCM,XSAVE,OSXSAVE\u003e\n  AMD Features=0x20100800\u003cSYSCALL,NX,LM\u003e\n  AMD Features2=0x1\u003cLAHF\u003e\nreal memory  = 4294967296 (4096 MB)\nPhysical memory chunk(s):\n0x0000000000010000 - 0x0000000000099fff, 565248 bytes (138 pages)\n0x0000000000100000 - 0x00000000001fffff, 1048576 bytes (256 pages)\n0x0000000000b11000 - 0x00000000b07d0fff, 2949382144 bytes (720064 pages)\n0x00000000b9ebf000 - 0x00000000b9f7ffff, 790528 bytes (193 pages)\n0x00000000b9fbf000 - 0x00000000b9fe1fff, 143360 bytes (35 pages)\n0x00000000b9ff7000 - 0x00000000b9ffffff, 36864 bytes (9 pages)\n0x0000000100000000 - 0x000000013ffe7fff, 1073643520 bytes (262120 pages)\navail memory = 3986374656 (3801 MB)\nEvent timer \"LAPIC\" quality 400\nACPI APIC Table: \u003cACRSYS ACRPRDCT\u003e\nINTR: Adding local APIC 1 as a target\nFreeBSD/SMP: Multiprocessor System Detected: 2 CPUs\nFreeBSD/SMP: 1 package(s) x 2 core(s)\n cpu0 (BSP): APIC ID:  0\n cpu1 (AP): APIC ID:  1\nx86bios:  IVT 0x000000-0x0004ff at 0xfffffe0000000000\nx86bios: SSEG 0x098000-0x098fff at 0xffffff8000216000\nx86bios: EBDA 0x09e000-0x09ffff at 0xfffffe000009e000\nx86bios:  ROM 0x0a0000-0x0fefff at 0xfffffe00000a0000\nAPIC: CPU 0 has ACPI ID 1\nAPIC: CPU 1 has ACPI ID 2\nULE: setup cpu 0\nULE: setup cpu 1\nACPI: RSDP 0xfe020 00024 (v02 ACRSYS)\nACPI: XSDT 0xb9ff6120 0006C (v01 ACRSYS ACRPRDCT 00000001      01000013)\nACPI: FACP 0xb9ff4000 000F4 (v04 ACRSYS ACRPRDCT 00000001 1025 01000013)\nACPI: DSDT 0xb9fe8000 073EA (v01 ACRSYS ACRPRDCT 00000001 1025 01000013)\nACPI: FACS 0xb9f8d000 00040\nACPI: DMAR 0xb9ff5000 00068 (v01               ? 00000001      00000000)\nACPI: HPET 0xb9ff3000 00038 (v01 ACRSYS ACRPRDCT 00000001 1025 01000013)\nACPI: APIC 0xb9ff2000 0006C (v02 ACRSYS ACRPRDCT 00000001 1025 01000013)\nACPI: MCFG 0xb9ff1000 0003C (v01 ACRSYS ACRPRDCT 00000001 1025 01000013)\nACPI: ASF! 0xb9ff0000 000A5 (v32 ACRSYS ACRPRDCT 00000001 1025 01000013)\nACPI: SLIC 0xb9fe7000 00176 (v01 ACRSYS ACRPRDCT 00000001 1025 01000013)\nACPI: BOOT 0xb9fe6000 00028 (v01 ACRSYS ACRPRDCT 00000001 1025 01000013)\nACPI: SSDT 0xb9fe2000 00655 (v01  PmRef    CpuPm 00003000 INTL 20051117)\nMADT: Found IO APIC ID 4, Interrupt 0 at 0xfec00000\nioapic0: Changing APIC ID to 4\nioapic0: Routing external 8259A's -\u003e intpin 0\nMADT: Interrupt override: source 0, irq 2\nioapic0: Routing IRQ 0 -\u003e intpin 2\nMADT: Interrupt override: source 9, irq 9\nioapic0: intpin 9 trigger: level\nioapic0 \u003cVersion 2.0\u003e irqs 0-23 on motherboard\ncpu0 BSP:\n     ID: 0x00000000   VER: 0x00050014 LDR: 0x00000000 DFR: 0xffffffff\n  lint0: 0x00010700 lint1: 0x00000400 TPR: 0x00000000 SVR: 0x000001ff\n  timer: 0x000100ef therm: 0x00010000 err: 0x000000f0 pmc: 0x00010400\nrandom: \u003centropy source, Software, Yarrow\u003e\nmem: \u003cmemory\u003e\nnull: \u003cnull device, zero device\u003e\nkbd: new array size 4\nkbd1 at kbdmux0\nVESA: INT 0x10 vector 0xc000:0x0014\nVESA: information block\n0000   56 45 53 41 00 03 00 01 00 99 01 00 00 00 40 00\n0010   00 99 ff 03 00 01 33 01 00 99 45 01 00 99 69 01\n0020   00 99 00 00 00 00 00 00 00 00 00 00 00 00 00 00\n0030   00 00 00 00 00 00 00 00 00 00 00 00 00 00 00 00\n0040   60 01 61 01 62 01 63 01 64 01 65 01 66 01 67 01\n0050   68 01 69 01 6a 01 6b 01 6c 01 6d 01 6e 01 6f 01\n0060   70 01 71 01 3c 01 4d 01 5c 01 3a 01 4b 01 5a 01\n0070   07 01 1a 01 1b 01 05 01 17 01 18 01 12 01 14 01\n0080   15 01 01 01 03 01 11 01 ff ff 00 00 00 00 00 00\n0090   00 00 00 00 00 00 00 00 00 00 00 00 00 00 00 00\n00a0   00 00 00 00 00 00 00 00 00 00 00 00 00 00 00 00\n00b0   00 00 00 00 00 00 00 00 00 00 00 00 00 00 00 00\n00c0   00 00 00 00 00 00 00 00 00 00 00 00 00 00 00 00\n00d0   00 00 00 00 00 00 00 00 00 00 00 00 00 00 00 00\n00e0   00 00 00 00 00 00 00 00 00 00 00 00 00 00 00 00\n00f0   00 00 00 00 00 00 00 00 00 00 00 00 00 00 00 00\n0100   49 6e 74 65 6c 28 72 29 43 61 6e 74 69 67 61 20\n0110   47 72 61 70 68 69 63 73 20 43 68 69 70 20 41 63\n0120   63 65 6c 65 72 61 74 65 64 20 56 47 41 20 42 49\n0130   4f 53 00 49 6e 74 65 6c 20 43 6f 72 70 6f 72 61\n0140   74 69 6f 6e 00 49 6e 74 65 6c 28 72 29 43 61 6e\n0150   74 69 67 61 20 47 72 61 70 68 69 63 73 20 43 6f\n0160   6e 74 72 6f 6c 6c 65 72 00 48 61 72 64 77 61 72\n0170   65 20 56 65 72 73 69 6f 6e 20 30 2e 30 00 00 00\n0180   00 00 00 00 00 00 00 00 00 00 00 00 00 00 00 00\n0190   00 00 00 00 00 00 00 00 00 00 00 00 00 00 00 00\n01a0   00 00 00 00 00 00 00 00 00 00 00 00 00 00 00 00\n01b0   00 00 00 00 00 00 00 00 00 00 00 00 00 00 00 00\n01c0   00 00 00 00 00 00 00 00 00 00 00 00 00 00 00 00\n01d0   00 00 00 00 00 00 00 00 00 00 00 00 00 00 00 00\n01e0   00 00 00 00 00 00 00 00 00 00 00 00 00 00 00 00\n01f0   00 00 00 00 00 00 00 00 00 00 00 00 00 00 00 00\nVESA: 9 mode(s) found\nVESA: v3.0, 65472k memory, flags:0x1, mode table:0xffffff8000258040 (99000040)\nVESA: Intel(r)Cantiga Graphics Chip Accelerated VGA BIOS\nVESA: Intel Corporation Intel(r)Cantiga Graphics Controller Hardware Version 0.0\nio: \u003cI/O\u003e\nctl: CAM Target Layer loaded\nacpi0: \u003cACRSYS ACRPRDCT\u003e on motherboard\nacpi0: installed _OSI(\"Linux\")\nPCIe: Memory Mapped configuration base @ 0xf8000000\nioapic0: routing intpin 9 (ISA IRQ 9) to lapic 0 vector 48\nACPI: Executed 1 blocks of module-level executable AML code\nacpi0: Power Button (fixed)\ncpu0: Processor \\\\_PR_.CPU0 (ACPI ID 1) -\u003e APIC ID 0\ncpu0: \u003cACPI CPU\u003e on acpi0\nACPI: SSDT 0xb9e6fe18 0019F (v01  PmRef  Cpu0Ist 00003000 INTL 20051117)\nACPI: Dynamic OEM Table Load:\nACPI: SSDT 0 0019F (v01  PmRef  Cpu0Ist 00003000 INTL 20051117)\nACPI: SSDT 0xb9e6e598 00537 (v01  PmRef  Cpu0Cst 00003001 INTL 20051117)\nACPI: Dynamic OEM Table Load:\nACPI: SSDT 0 00537 (v01  PmRef  Cpu0Cst 00003001 INTL 20051117)\ncpu1: Processor \\\\_PR_.CPU1 (ACPI ID 2) -\u003e APIC ID 1\ncpu1: \u003cACPI CPU\u003e on acpi0\nACPI: SSDT 0xb9e6fc18 001CF (v01  PmRef    ApIst 00003000 INTL 20051117)\nACPI: Dynamic OEM Table Load:\nACPI: SSDT 0 001CF (v01  PmRef    ApIst 00003000 INTL 20051117)\nACPI: SSDT 0xb9e6df18 0008D (v01  PmRef    ApCst 00003000 INTL 20051117)\nACPI: Dynamic OEM Table Load:\nACPI: SSDT 0 0008D (v01  PmRef    ApCst 00003000 INTL 20051117)\nACPI: Processor \\\\_PR_.CPU2 (ACPI ID 3) ignored\nACPI: Processor \\\\_PR_.CPU3 (ACPI ID 4) ignored\natrtc0: \u003cAT realtime clock\u003e port 0x70-0x77 on acpi0\natrtc0: Warning: Couldn't map I/O.\natrtc0: registered as a time-of-day clock (resolution 1000000us, adjustment 0.500000000s)\nioapic0: routing intpin 8 (ISA IRQ 8) to lapic 0 vector 49\nEvent timer \"RTC\" frequency 32768 Hz quality 0\nhpet0: \u003cHigh Precision Event Timer\u003e iomem 0xfed00000-0xfed003ff irq 0,8 on acpi0\nhpet0: vendor 0x8086, rev 0x1, 14318180Hz 64bit, 4 timers, legacy route\nhpet0:  t0: irqs 0x00f00000 (0), 64bit, periodic\nhpet0:  t1: irqs 0x00f00000 (0)\nhpet0:  t2: irqs 0x00f00800 (0)\nhpet0:  t3: irqs 0x00f01000 (0)\nTimecounter \"HPET\" frequency 14318180 Hz quality 950\nioapic0: routing intpin 20 (PCI IRQ 20) to lapic 0 vector 50\nEvent timer \"HPET\" frequency 14318180 Hz quality 450\nEvent timer \"HPET1\" frequency 14318180 Hz quality 440\nEvent timer \"HPET2\" frequency 14318180 Hz quality 440\nEvent timer \"HPET3\" frequency 14318180 Hz quality 440\nattimer0: \u003cAT timer\u003e port 0x40-0x43,0x50-0x53 on acpi0\nTimecounter \"i8254\" frequency 1193182 Hz quality 0\nioapic0: routing intpin 2 (ISA IRQ 0) to lapic 0 vector 51\nEvent timer \"i8254\" frequency 1193182 Hz quality 100\nACPI timer: 1/3 1/3 1/3 1/3 1/3 1/3 1/3 1/3 1/3 1/3 -\u003e 10\nTimecounter \"ACPI-fast\" frequency 3579545 Hz quality 900\nacpi_timer0: \u003c24-bit timer at 3.579545MHz\u003e port 0x408-0x40b on acpi0\nacpi_ec0: \u003cEmbedded Controller: GPE 0x18\u003e port 0x62,0x66 on acpi0\npci_link0:        Index  IRQ  Rtd  Ref  IRQs\n  Initial Probe       0   11   N     0  3 4 5 7 9 10 11 12\n  Validation          0   11   N     0  3 4 5 7 9 10 11 12\n  After Disable       0  255   N     0  3 4 5 7 9 10 11 12\npci_link1:        Index  IRQ  Rtd  Ref  IRQs\n  Initial Probe       0   11   N     0  3 4 5 7 9 10 11 12\n  Validation          0   11   N     0  3 4 5 7 9 10 11 12\n  After Disable       0  255   N     0  3 4 5 7 9 10 11 12\npci_link2:        Index  IRQ  Rtd  Ref  IRQs\n  Initial Probe       0   11   N     0  3 4 5 7 9 10 11 12\n  Validation          0   11   N     0  3 4 5 7 9 10 11 12\n  After Disable       0  255   N     0  3 4 5 7 9 10 11 12\npci_link3:        Index  IRQ  Rtd  Ref  IRQs\n  Initial Probe       0   10   N     0  3 4 5 7 9 10 11 12\n  Validation          0   10   N     0  3 4 5 7 9 10 11 12\n  After Disable       0  255   N     0  3 4 5 7 9 10 11 12\npci_link4:        Index  IRQ  Rtd  Ref  IRQs\n  Initial Probe       0  255   N     0  3 4 5 7 9 10 11 12\n  Validation          0  255   N     0  3 4 5 7 9 10 11 12\n  After Disable       0  255   N     0  3 4 5 7 9 10 11 12\npci_link5:        Index  IRQ  Rtd  Ref  IRQs\n  Initial Probe       0  255   N     0  3 4 5 7 9 10 11 12\n  Validation          0  255   N     0  3 4 5 7 9 10 11 12\n  After Disable       0  255   N     0  3 4 5 7 9 10 11 12\npci_link6:        Index  IRQ  Rtd  Ref  IRQs\n  Initial Probe       0   11   N     0  3 4 5 7 9 10 11 12\n  Validation          0   11   N     0  3 4 5 7 9 10 11 12\n  After Disable       0  255   N     0  3 4 5 7 9 10 11 12\npci_link7:        Index  IRQ  Rtd  Ref  IRQs\n  Initial Probe       0   11   N     0  3 4 5 7 9 10 11 12\n  Validation          0   11   N     0  3 4 5 7 9 10 11 12\n  After Disable       0  255   N     0  3 4 5 7 9 10 11 12\nacpi_button0: \u003cPower Button\u003e on acpi0\nacpi_lid0: \u003cControl Method Lid Switch\u003e on acpi0\nacpi_button1: \u003cSleep Button\u003e on acpi0\nbattery0: \u003cACPI Control Method Battery\u003e on acpi0\nacpi_acad0: \u003cAC Adapter\u003e on acpi0\npcib0: \u003cACPI Host-PCI bridge\u003e port 0xcf8-0xcff on acpi0\npcib0: decoding 4 range 0-0xcf7\npcib0: decoding 4 range 0xd00-0xffff\npcib0: decoding 3 range 0xa0000-0xbffff\npcib0: decoding 3 range 0xc0000000-0xfebfffff\npci0: \u003cACPI PCI bus\u003e on pcib0\npci0: domain=0, physical bus=0\nfound-\u003e\tvendor=0x8086, dev=0x2a40, revid=0x07\n\tdomain=0, bus=0, slot=0, func=0\n\tclass=06-00-00, hdrtype=0x00, mfdev=0\n\tcmdreg=0x0006, statreg=0x2090, cachelnsz=0 (dwords)\n\tlattimer=0x00 (0 ns), mingnt=0x00 (0 ns), maxlat=0x00 (0 ns)\nfound-\u003e\tvendor=0x8086, dev=0x2a42, revid=0x07\n\tdomain=0, bus=0, slot=2, func=0\n\tclass=03-00-00, hdrtype=0x00, mfdev=1\n\tcmdreg=0x0007, statreg=0x0090, cachelnsz=0 (dwords)\n\tlattimer=0x00 (0 ns), mingnt=0x00 (0 ns), maxlat=0x00 (0 ns)\n\tintpin=a, irq=11\n\tpowerspec 3  supports D0 D3  current D0\n\tMSI supports 1 message\n\tmap[10]: type Memory, range 64, base 0xd0000000, size 22, enabled\npcib0: allocated type 3 (0xd0000000-0xd03fffff) for rid 10 of pci0:0:2:0\n\tmap[18]: type Prefetchable Memory, range 64, base 0xc0000000, size 28, enabled\npcib0: allocated type 3 (0xc0000000-0xcfffffff) for rid 18 of pci0:0:2:0\n\tmap[20]: type I/O Port, range 32, base 0x30d0, size  3, enabled\npcib0: allocated type 4 (0x30d0-0x30d7) for rid 20 of pci0:0:2:0\npcib0: matched entry for 0.2.INTA\npcib0: slot 2 INTA hardwired to IRQ 16\nfound-\u003e\tvendor=0x8086, dev=0x2a43, revid=0x07\n\tdomain=0, bus=0, slot=2, func=1\n\tclass=03-80-00, hdrtype=0x00, mfdev=1\n\tcmdreg=0x0007, statreg=0x0090, cachelnsz=0 (dwords)\n\tlattimer=0x00 (0 ns), mingnt=0x00 (0 ns), maxlat=0x00 (0 ns)\n\tpowerspec 3  supports D0 D3  current D0\n\tmap[10]: type Memory, range 64, base 0xd2400000, size 20, enabled\npcib0: allocated type 3 (0xd2400000-0xd24fffff) for rid 10 of pci0:0:2:1\nfound-\u003e\tvendor=0x8086, dev=0x2937, revid=0x03\n\tdomain=0, bus=0, slot=26, func=0\n\tclass=0c-03-00, hdrtype=0x00, mfdev=1\n\tcmdreg=0x0005, statreg=0x0290, cachelnsz=0 (dwords)\n\tlattimer=0x00 (0 ns), mingnt=0x00 (0 ns), maxlat=0x00 (0 ns)\n\tintpin=a, irq=11\n\tmap[20]: type I/O Port, range 32, base 0x30a0, size  5, enabled\npcib0: allocated type 4 (0x30a0-0x30bf) for rid 20 of pci0:0:26:0\npcib0: matched entry for 0.26.INTA\npcib0: slot 26 INTA hardwired to IRQ 16\nfound-\u003e\tvendor=0x8086, dev=0x293c, revid=0x03\n\tdomain=0, bus=0, slot=26, func=7\n\tclass=0c-03-20, hdrtype=0x00, mfdev=0\n\tcmdreg=0x0006, statreg=0x0290, cachelnsz=0 (dwords)\n\tlattimer=0x00 (0 ns), mingnt=0x00 (0 ns), maxlat=0x00 (0 ns)\n\tintpin=d, irq=10\n\tpowerspec 2  supports D0 D3  current D0\n\tmap[10]: type Memory, range 32, base 0xd4504c00, size 10, enabled\npcib0: allocated type 3 (0xd4504c00-0xd4504fff) for rid 10 of pci0:0:26:7\npcib0: matched entry for 0.26.INTD\npcib0: slot 26 INTD hardwired to IRQ 19\nehci early: SMM active, request owner change\nfound-\u003e\tvendor=0x8086, dev=0x293e, revid=0x03\n\tdomain=0, bus=0, slot=27, func=0\n\tclass=04-03-00, hdrtype=0x00, mfdev=0\n\tcmdreg=0x0006, statreg=0x0010, cachelnsz=16 (dwords)\n\tlattimer=0x00 (0 ns), mingnt=0x00 (0 ns), maxlat=0x00 (0 ns)\n\tintpin=a, irq=11\n\tpowerspec 2  supports D0 D3  current D0\n\tMSI supports 1 message, 64 bit\n\tmap[10]: type Memory, range 64, base 0xd4500000, size 14, enabled\npcib0: allocated type 3 (0xd4500000-0xd4503fff) for rid 10 of pci0:0:27:0\npcib0: matched entry for 0.27.INTA\npcib0: slot 27 INTA hardwired to IRQ 22\nfound-\u003e\tvendor=0x8086, dev=0x2940, revid=0x03\n\tdomain=0, bus=0, slot=28, func=0\n\tclass=06-04-00, hdrtype=0x01, mfdev=1\n\tcmdreg=0x0007, statreg=0x0010, cachelnsz=16 (dwords)\n\tlattimer=0x00 (0 ns), mingnt=0x00 (0 ns), maxlat=0x00 (0 ns)\n\tintpin=a, irq=255\n\tpowerspec 2  supports D0 D3  current D0\n\tMSI supports 1 message\nfound-\u003e\tvendor=0x8086, dev=0x2946, revid=0x03\n\tdomain=0, bus=0, slot=28, func=3\n\tclass=06-04-00, hdrtype=0x01, mfdev=1\n\tcmdreg=0x0007, statreg=0x0010, cachelnsz=16 (dwords)\n\tlattimer=0x00 (0 ns), mingnt=0x00 (0 ns), maxlat=0x00 (0 ns)\n\tintpin=d, irq=255\n\tpowerspec 2  supports D0 D3  current D0\n\tMSI supports 1 message\nfound-\u003e\tvendor=0x8086, dev=0x2934, revid=0x03\n\tdomain=0, bus=0, slot=29, func=0\n\tclass=0c-03-00, hdrtype=0x00, mfdev=1\n\tcmdreg=0x0005, statreg=0x0290, cachelnsz=0 (dwords)\n\tlattimer=0x00 (0 ns), mingnt=0x00 (0 ns), maxlat=0x00 (0 ns)\n\tintpin=a, irq=11\n\tmap[20]: type I/O Port, range 32, base 0x3080, size  5, enabled\npcib0: allocated type 4 (0x3080-0x309f) for rid 20 of pci0:0:29:0\npcib0: matched entry for 0.29.INTA\npcib0: slot 29 INTA hardwired to IRQ 23\nfound-\u003e\tvendor=0x8086, dev=0x2935, revid=0x03\n\tdomain=0, bus=0, slot=29, func=1\n\tclass=0c-03-00, hdrtype=0x00, mfdev=0\n\tcmdreg=0x0005, statreg=0x0290, cachelnsz=0 (dwords)\n\tlattimer=0x00 (0 ns), mingnt=0x00 (0 ns), maxlat=0x00 (0 ns)\n\tintpin=b, irq=10\n\tmap[20]: type I/O Port, range 32, base 0x3060, size  5, enabled\npcib0: allocated type 4 (0x3060-0x307f) for rid 20 of pci0:0:29:1\npcib0: matched entry for 0.29.INTB\npcib0: slot 29 INTB hardwired to IRQ 19\nfound-\u003e\tvendor=0x8086, dev=0x2936, revid=0x03\n\tdomain=0, bus=0, slot=29, func=2\n\tclass=0c-03-00, hdrtype=0x00, mfdev=0\n\tcmdreg=0x0005, statreg=0x0290, cachelnsz=0 (dwords)\n\tlattimer=0x00 (0 ns), mingnt=0x00 (0 ns), maxlat=0x00 (0 ns)\n\tintpin=d, irq=11\n\tmap[20]: type I/O Port, range 32, base 0x3040, size  5, enabled\npcib0: allocated type 4 (0x3040-0x305f) for rid 20 of pci0:0:29:2\npcib0: matched entry for 0.29.INTD\npcib0: slot 29 INTD hardwired to IRQ 16\nfound-\u003e\tvendor=0x8086, dev=0x293a, revid=0x03\n\tdomain=0, bus=0, slot=29, func=7\n\tclass=0c-03-20, hdrtype=0x00, mfdev=0\n\tcmdreg=0x0006, statreg=0x0290, cachelnsz=0 (dwords)\n\tlattimer=0x00 (0 ns), mingnt=0x00 (0 ns), maxlat=0x00 (0 ns)\n\tintpin=a, irq=11\n\tpowerspec 2  supports D0 D3  current D0\n\tmap[10]: type Memory, range 32, base 0xd4504800, size 10, enabled\npcib0: allocated type 3 (0xd4504800-0xd4504bff) for rid 10 of pci0:0:29:7\npcib0: matched entry for 0.29.INTA\npcib0: slot 29 INTA hardwired to IRQ 23\nehci early: SMM active, request owner change\nfound-\u003e\tvendor=0x8086, dev=0x2448, revid=0x93\n\tdomain=0, bus=0, slot=30, func=0\n\tclass=06-04-01, hdrtype=0x01, mfdev=0\n\tcmdreg=0x0007, statreg=0x0010, cachelnsz=0 (dwords)\n\tlattimer=0x00 (0 ns), mingnt=0x00 (0 ns), maxlat=0x00 (0 ns)\nfound-\u003e\tvendor=0x8086, dev=0x2917, revid=0x03\n\tdomain=0, bus=0, slot=31, func=0\n\tclass=06-01-00, hdrtype=0x00, mfdev=1\n\tcmdreg=0x0007, statreg=0x0210, cachelnsz=0 (dwords)\n\tlattimer=0x00 (0 ns), mingnt=0x00 (0 ns), maxlat=0x00 (0 ns)\nfound-\u003e\tvendor=0x8086, dev=0x2929, revid=0x03\n\tdomain=0, bus=0, slot=31, func=2\n\tclass=01-06-01, hdrtype=0x00, mfdev=0\n\tcmdreg=0x0007, statreg=0x02b0, cachelnsz=0 (dwords)\n\tlattimer=0x00 (0 ns), mingnt=0x00 (0 ns), maxlat=0x00 (0 ns)\n\tintpin=b, irq=10\n\tpowerspec 3  supports D0 D3  current D0\n\tMSI supports 16 messages\n\tmap[10]: type I/O Port, range 32, base 0x30c8, size  3, enabled\npcib0: allocated type 4 (0x30c8-0x30cf) for rid 10 of pci0:0:31:2\n\tmap[14]: type I/O Port, range 32, base 0x30dc, size  2, enabled\npcib0: allocated type 4 (0x30dc-0x30df) for rid 14 of pci0:0:31:2\n\tmap[18]: type I/O Port, range 32, base 0x30c0, size  3, enabled\npcib0: allocated type 4 (0x30c0-0x30c7) for rid 18 of pci0:0:31:2\n\tmap[1c]: type I/O Port, range 32, base 0x30d8, size  2, enabled\npcib0: allocated type 4 (0x30d8-0x30db) for rid 1c of pci0:0:31:2\n\tmap[20]: type I/O Port, range 32, base 0x3020, size  5, enabled\npcib0: allocated type 4 (0x3020-0x303f) for rid 20 of pci0:0:31:2\n\tmap[24]: type Memory, range 32, base 0xd4504000, size 11, enabled\npcib0: allocated type 3 (0xd4504000-0xd45047ff) for rid 24 of pci0:0:31:2\npcib0: matched entry for 0.31.INTB\npcib0: slot 31 INTB hardwired to IRQ 19\nfound-\u003e\tvendor=0x8086, dev=0x2930, revid=0x03\n\tdomain=0, bus=0, slot=31, func=3\n\tclass=0c-05-00, hdrtype=0x00, mfdev=0\n\tcmdreg=0x0003, statreg=0x0280, cachelnsz=0 (dwords)\n\tlattimer=0x00 (0 ns), mingnt=0x00 (0 ns), maxlat=0x00 (0 ns)\n\tintpin=c, irq=11\n\tmap[10]: type Memory, range 64, base 0xd4505000, size  8, enabled\npcib0: allocated type 3 (0xd4505000-0xd45050ff) for rid 10 of pci0:0:31:3\n\tmap[20]: type I/O Port, range 32, base 0x3000, size  5, enabled\npcib0: allocated type 4 (0x3000-0x301f) for rid 20 of pci0:0:31:3\npcib0: matched entry for 0.31.INTC\npcib0: slot 31 INTC hardwired to IRQ 18\nvgapci0: \u003cVGA-compatible display\u003e port 0x30d0-0x30d7 mem 0xd0000000-0xd03fffff,0xc0000000-0xcfffffff irq 16 at device 2.0 on pci0\nagp0: \u003cIntel GM45 SVGA controller\u003e on vgapci0\npcib0: allocated type 3 (0xd0400000-0xd0400fff) for rid 64 of agp0\nagp0: Allocated flush page phys 0xd0400000 virt 0xfffffe00d0400000\nagp0: aperture size is 256M, detected 65532k stolen memory\nagp0: AGP_I965_PGTBL_CTL2: 00000000\nagp0: AGP_I855_GCC1: 0x70\nagp0: AGP_I965_MSAC: 0x00\nagp0: Mappable GTT entries: 65536\nagp0: Total GTT entries: 524288\nvgapci1: \u003cVGA-compatible display\u003e mem 0xd2400000-0xd24fffff at device 2.1 on pci0\npci0: \u003cserial bus, USB\u003e at device 26.0 (no driver attached)\npci0: \u003cserial bus, USB\u003e at device 26.7 (no driver attached)\npci0: \u003cmultimedia, HDA\u003e at device 27.0 (no driver attached)\npcib1: \u003cACPI PCI-PCI bridge\u003e at device 28.0 on pci0\npcib0: allocated type 4 (0x2000-0x2fff) for rid 1c of pcib1\npcib0: allocated type 3 (0xd3500000-0xd44fffff) for rid 20 of pcib1\npcib1: failed to allocate initial prefetch window: 0xd0400000-0xd13fffff\npcib1:   domain            0\npcib1:   secondary bus     1\npcib1:   subordinate bus   1\npcib1:   I/O decode        0x2000-0x2fff\npcib1:   memory decode     0xd3500000-0xd44fffff\npcib1:   no prefetched decode\npci1: \u003cACPI PCI bus\u003e on pcib1\npci1: domain=0, physical bus=1\nfound-\u003e\tvendor=0x1969, dev=0x1063, revid=0xc0\n\tdomain=0, bus=1, slot=0, func=0\n\tclass=02-00-00, hdrtype=0x00, mfdev=0\n\tcmdreg=0x0007, statreg=0x0010, cachelnsz=16 (dwords)\n\tlattimer=0x00 (0 ns), mingnt=0x00 (0 ns), maxlat=0x00 (0 ns)\n\tintpin=a, irq=11\n\tpowerspec 3  supports D0 D3  current D0\n\tMSI supports 1 message, 64 bit\n\tmap[10]: type Memory, range 64, base 0xd3500000, size 18, enabled\npcib1: allocated memory range (0xd3500000-0xd353ffff) for rid 10 of pci0:1:0:0\n\tmap[18]: type I/O Port, range 32, base 0x2000, size  7, enabled\npcib1: allocated I/O port range (0x2000-0x207f) for rid 18 of pci0:1:0:0\npcib1: matched entry for 1.0.INTA\npcib1: slot 0 INTA hardwired to IRQ 16\npci1: \u003cnetwork, ethernet\u003e at device 0.0 (no driver attached)\npcib2: \u003cACPI PCI-PCI bridge\u003e at device 28.3 on pci0\npcib2: failed to allocate initial I/O port window: 0x1000-0x1fff\npcib0: allocated type 3 (0xd2500000-0xd34fffff) for rid 20 of pcib2\npcib0: allocated type 3 (0xd1400000-0xd23fffff) for rid 24 of pcib2\npcib2:   domain            0\npcib2:   secondary bus     2\npcib2:   subordinate bus   2\npcib2:   memory decode     0xd2500000-0xd34fffff\npcib2:   prefetched decode 0xd1400000-0xd23fffff\npci2: \u003cACPI PCI bus\u003e on pcib2\npci2: domain=0, physical bus=2\nfound-\u003e\tvendor=0x8086, dev=0x0083, revid=0x00\n\tdomain=0, bus=2, slot=0, func=0\n\tclass=02-80-00, hdrtype=0x00, mfdev=0\n\tcmdreg=0x0006, statreg=0x0010, cachelnsz=16 (dwords)\n\tlattimer=0x00 (0 ns), mingnt=0x00 (0 ns), maxlat=0x00 (0 ns)\n\tintpin=a, irq=11\n\tpowerspec 3  supports D0 D3  current D0\n\tMSI supports 1 message, 64 bit\n\tmap[10]: type Memory, range 64, base 0xd2500000, size 13, enabled\npcib2: allocated memory range (0xd2500000-0xd2501fff) for rid 10 of pci0:2:0:0\npcib2: matched entry for 2.0.INTA\npcib2: slot 0 INTA hardwired to IRQ 19\npci2: \u003cnetwork\u003e at device 0.0 (no driver attached)\npci0: \u003cserial bus, USB\u003e at device 29.0 (no driver attached)\npci0: \u003cserial bus, USB\u003e at device 29.1 (no driver attached)\npci0: \u003cserial bus, USB\u003e at device 29.2 (no driver attached)\npci0: \u003cserial bus, USB\u003e at device 29.7 (no driver attached)\npcib3: \u003cPCI-PCI bridge\u003e at device 30.0 on pci0\npcib3:   domain            0\npcib3:   secondary bus     3\npcib3:   subordinate bus   3\npcib3:   no prefetched decode\npcib3:   Subtractively decoded bridge.\npci3: \u003cPCI bus\u003e on pcib3\npci3: domain=0, physical bus=3\nisab0: \u003cPCI-ISA bridge\u003e at device 31.0 on pci0\nisa0: \u003cISA bus\u003e on isab0\nahci0: \u003cIntel ICH9M AHCI SATA controller\u003e port 0x30c8-0x30cf,0x30dc-0x30df,0x30c0-0x30c7,0x30d8-0x30db,0x3020-0x303f mem 0xd4504000-0xd45047ff irq 19 at device 31.2 on pci0\nahci0: attempting to allocate 1 MSI vectors (16 supported)\nmsi: routing MSI IRQ 256 to local APIC 0 vector 52\nahci0: using IRQ 256 for MSI\nahci0: AHCI v1.20 with 4 3Gbps ports, Port Multiplier supported\nahci0: Caps: 64bit NCQ SNTF SS ALP AL 3Gbps PM PMD SSC PSC 32cmd CCC EM 4ports\nahci0: Caps2:\nahcich0: \u003cAHCI channel\u003e at channel 0 on ahci0\nahcich0: Caps:\nahcich1: \u003cAHCI channel\u003e at channel 1 on ahci0\nahcich1: Caps:\nahcich2: not probed (disabled)\nahcich3: not probed (disabled)\nahcich4: \u003cAHCI channel\u003e at channel 4 on ahci0\nahcich4: Caps:\nahcich5: \u003cAHCI channel\u003e at channel 5 on ahci0\nahcich5: Caps:\nahciem0: \u003cAHCI enclosure management bridge\u003e on ahci0\nahciem0: Caps: ALHD XMT SMB LED\npci0: \u003cserial bus, SMBus\u003e at device 31.3 (no driver attached)\nacpi_wmi0: \u003cACPI-WMI mapping\u003e on acpi0\natkbdc0: \u003cKeyboard controller (i8042)\u003e port 0x60,0x64 irq 1 on acpi0\natkbd0: \u003cAT Keyboard\u003e irq 1 on atkbdc0\natkbd: the current kbd controller command byte 0067\natkbd: keyboard ID 0x41ab (2)\nkbd0 at atkbd0\nkbd0: atkbd0, AT 101/102 (2), config:0x0, flags:0x3d0000\nioapic0: routing intpin 1 (ISA IRQ 1) to lapic 0 vector 53\natkbd0: [GIANT-LOCKED]\npsm0: unable to allocate IRQ\npsmcpnp0: \u003cPS/2 mouse port\u003e irq 12 on acpi0\npsm0: current command byte:0067\npsm0: \u003cPS/2 Mouse\u003e irq 12 on atkbdc0\nioapic0: routing intpin 12 (ISA IRQ 12) to lapic 0 vector 54\npsm0: [GIANT-LOCKED]\npsm0: model Synaptics Touchpad, device ID 0-00, 3 buttons\npsm0: config:00004000, flags:00000008, packet size:6\npsm0: syncmask:c0, syncbits:00\nacpi0: wakeup code va 0xffffff8115a69000 pa 0x94000\npcib0: allocated type 3 (0xa0000-0xa07ff) for rid 0 of orm0\npcib0: allocated type 3 (0xa0800-0xa0fff) for rid 0 of orm0\npcib0: allocated type 3 (0xa1000-0xa17ff) for rid 0 of orm0\npcib0: allocated type 3 (0xa1800-0xa1fff) for rid 0 of orm0\npcib0: allocated type 3 (0xa2000-0xa27ff) for rid 0 of orm0\npcib0: allocated type 3 (0xa2800-0xa2fff) for rid 0 of orm0\npcib0: allocated type 3 (0xa3000-0xa37ff) for rid 0 of orm0\npcib0: allocated type 3 (0xa3800-0xa3fff) for rid 0 of orm0\npcib0: allocated type 3 (0xa4000-0xa47ff) for rid 0 of orm0\npcib0: allocated type 3 (0xa4800-0xa4fff) for rid 0 of orm0\npcib0: allocated type 3 (0xa5000-0xa57ff) for rid 0 of orm0\npcib0: allocated type 3 (0xa5800-0xa5fff) for rid 0 of orm0\npcib0: allocated type 3 (0xa6000-0xa67ff) for rid 0 of orm0\npcib0: allocated type 3 (0xa6800-0xa6fff) for rid 0 of orm0\npcib0: allocated type 3 (0xa7000-0xa77ff) for rid 0 of orm0\npcib0: allocated type 3 (0xa7800-0xa7fff) for rid 0 of orm0\npcib0: allocated type 3 (0xa8000-0xa87ff) for rid 0 of orm0\npcib0: allocated type 3 (0xa8800-0xa8fff) for rid 0 of orm0\npcib0: allocated type 3 (0xa9000-0xa97ff) for rid 0 of orm0\npcib0: allocated type 3 (0xa9800-0xa9fff) for rid 0 of orm0\npcib0: allocated type 3 (0xaa000-0xaa7ff) for rid 0 of orm0\npcib0: allocated type 3 (0xaa800-0xaafff) for rid 0 of orm0\npcib0: allocated type 3 (0xab000-0xab7ff) for rid 0 of orm0\npcib0: allocated type 3 (0xab800-0xabfff) for rid 0 of orm0\npcib0: allocated type 3 (0xac000-0xac7ff) for rid 0 of orm0\npcib0: allocated type 3 (0xac800-0xacfff) for rid 0 of orm0\npcib0: allocated type 3 (0xad000-0xad7ff) for rid 0 of orm0\npcib0: allocated type 3 (0xad800-0xadfff) for rid 0 of orm0\npcib0: allocated type 3 (0xae000-0xae7ff) for rid 0 of orm0\npcib0: allocated type 3 (0xae800-0xaefff) for rid 0 of orm0\npcib0: allocated type 3 (0xaf000-0xaf7ff) for rid 0 of orm0\npcib0: allocated type 3 (0xaf800-0xaffff) for rid 0 of orm0\npcib0: allocated type 3 (0xb0000-0xb07ff) for rid 0 of orm0\npcib0: allocated type 3 (0xb0800-0xb0fff) for rid 0 of orm0\npcib0: allocated type 3 (0xb1000-0xb17ff) for rid 0 of orm0\npcib0: allocated type 3 (0xb1800-0xb1fff) for rid 0 of orm0\npcib0: allocated type 3 (0xb2000-0xb27ff) for rid 0 of orm0\npcib0: allocated type 3 (0xb2800-0xb2fff) for rid 0 of orm0\npcib0: allocated type 3 (0xb3000-0xb37ff) for rid 0 of orm0\npcib0: allocated type 3 (0xb3800-0xb3fff) for rid 0 of orm0\npcib0: allocated type 3 (0xb4000-0xb47ff) for rid 0 of orm0\npcib0: allocated type 3 (0xb4800-0xb4fff) for rid 0 of orm0\npcib0: allocated type 3 (0xb5000-0xb57ff) for rid 0 of orm0\npcib0: allocated type 3 (0xb5800-0xb5fff) for rid 0 of orm0\npcib0: allocated type 3 (0xb6000-0xb67ff) for rid 0 of orm0\npcib0: allocated type 3 (0xb6800-0xb6fff) for rid 0 of orm0\npcib0: allocated type 3 (0xb7000-0xb77ff) for rid 0 of orm0\npcib0: allocated type 3 (0xb7800-0xb7fff) for rid 0 of orm0\npcib0: allocated type 3 (0xb8000-0xb87ff) for rid 0 of orm0\npcib0: allocated type 3 (0xb8800-0xb8fff) for rid 0 of orm0\npcib0: allocated type 3 (0xb9000-0xb97ff) for rid 0 of orm0\npcib0: allocated type 3 (0xb9800-0xb9fff) for rid 0 of orm0\npcib0: allocated type 3 (0xba000-0xba7ff) for rid 0 of orm0\npcib0: allocated type 3 (0xba800-0xbafff) for rid 0 of orm0\npcib0: allocated type 3 (0xbb000-0xbb7ff) for rid 0 of orm0\npcib0: allocated type 3 (0xbb800-0xbbfff) for rid 0 of orm0\npcib0: allocated type 3 (0xbc000-0xbc7ff) for rid 0 of orm0\npcib0: allocated type 3 (0xbc800-0xbcfff) for rid 0 of orm0\npcib0: allocated type 3 (0xbd000-0xbd7ff) for rid 0 of orm0\npcib0: allocated type 3 (0xbd800-0xbdfff) for rid 0 of orm0\npcib0: allocated type 3 (0xbe000-0xbe7ff) for rid 0 of orm0\npcib0: allocated type 3 (0xbe800-0xbefff) for rid 0 of orm0\npcib0: allocated type 3 (0xbf000-0xbf7ff) for rid 0 of orm0\npcib0: allocated type 3 (0xbf800-0xbffff) for rid 0 of orm0\nisa_probe_children: disabling PnP devices\natkbdc: atkbdc0 already exists; skipping it\natrtc: atrtc0 already exists; skipping it\nattimer: attimer0 already exists; skipping it\nsc: sc0 already exists; skipping it\nisa_probe_children: probing non-PnP devices\norm0: \u003cISA Option ROM\u003e at iomem 0xd0000-0xd0fff on isa0\nsc0: \u003cSystem console\u003e at flags 0x100 on isa0\nsc0: VGA \u003c16 virtual consoles, flags=0x300\u003e\nsc0: fb0, kbd1, terminal emulator: scteken (teken terminal)\nvga0: \u003cGeneric ISA VGA\u003e at port 0x3c0-0x3df iomem 0xa0000-0xbffff on isa0\npcib0: allocated type 4 (0x3c0-0x3df) for rid 0 of vga0\npcib0: allocated type 3 (0xa0000-0xbffff) for rid 0 of vga0\nfdc0 failed to probe at port 0x3f0 irq 6 drq 2 on isa0\nppc0 failed to probe at irq 7 on isa0\nuart0 failed to probe at port 0x3f8 irq 4 on isa0\nuart1 failed to probe at port 0x2f8 irq 3 on isa0\nwbwd0 failed to probe on isa0\nisa_probe_children: probing PnP devices\nest0: \u003cEnhanced SpeedStep Frequency Control\u003e on cpu0\np4tcc0: \u003cCPU Frequency Thermal Control\u003e on cpu0\nest1: \u003cEnhanced SpeedStep Frequency Control\u003e on cpu1\np4tcc1: \u003cCPU Frequency Thermal Control\u003e on cpu1\nDevice configuration finished.\nTimecounters tick every 10.000 msec\ntcp_init: net.inet.tcp.tcbhashsize auto tuned to 32768\nlo0: bpf attached\nahcich0: AHCI reset...\nahcich0: SATA connect time=100us status=00000123\nahcich0: AHCI reset: device found\nahcich1: AHCI reset...\nahcich1: SATA offline status=00000004\nahcich1: AHCI reset: device not found\nahcich4: AHCI reset...\nahcich4: SATA offline status=00000004\nahcich4: AHCI reset: device not found\nahcich5: AHCI reset...\nahcich5: SATA offline status=00000004\nahcich5: AHCI reset: device not found\nbattery0: battery initialization start\nacpi_acad0: acline initialization start\nacpi_acad0: On Line\nacpi_acad0: acline initialization done, tried 1 times\nahcich0: AHCI reset: device ready after 100ms\nada0 at ahcich0 bus 0 scbus0 target 0 lun 0\nada0: \u003cWDC WD3200BEVT-00A0RT0 01.01A01\u003e ATA-8 SATA 2.x device\nada0: Serial Number WD-WXH0AB990255\nada0: 300.000MB/s transfers (SATA 2.x, UDMA6, PIO 8192bytes)\nada0: Command Queueing enabled\nada0: 305245MB (625142448 512 byte sectors: 16H 63S/T 16383C)\nada0: Previously was known as ad0\nGEOM: new disk ada0\npass0 at ahcich0 bus 0 scbus0 target 0 lun 0\npass0: \u003cWDC WD3200BEVT-00A0RT0 01.01A01\u003e ATA-8 SATA 2.x device\npass0: Serial Number WD-WXH0AB990255\npass0: 300.000MB/s transfers (SATA 2.x, UDMA6, PIO 8192bytes)\npass0: Command Queueing enabled\npass1 at ahciem0 bus 0 scbus4 target 0 lun 0\npass1: \u003cAHCI SGPIO Enclosure 1.00 0001\u003e SEMB S-E-S 2.00 device\nses0 at ahciem0 bus 0 scbus4 target 0 lun 0\nses0: \u003cAHCI SGPIO Enclosure 1.00 0001\u003e SEMB S-E-S 2.00 device\nses0: SEMB SES Device\nses0: Generation Code 0x0 has 1 SubEnclosures\nses0:  SubEnclosure ID 0, 1 Types With this ID, Descriptor Length 36, offset 8\nses0: WWN: 0\nses0:  Type Desc[0]: Type 0x17, MaxElt 6, In Subenc 0, Text Length 0: \nSMP: AP CPU #1 Launched!\ncpu1 AP:\n     ID: 0x01000000   VER: 0x00050014 LDR: 0x00000000 DFR: 0xffffffff\n  lint0: 0x00010700 lint1: 0x00000400 TPR: 0x00000000 SVR: 0x000001ff\n  timer: 0x000100ef therm: 0x00010000 err: 0x000000f0 pmc: 0x00010400\nioapic0: routing intpin 1 (ISA IRQ 1) to lapic 1 vector 48\nioapic0: routing intpin 12 (ISA IRQ 12) to lapic 1 vector 49\nhwpmc: SOFT/16/64/0x67\u003cINT,USR,SYS,REA,WRI\u003e TSC/1/64/0x20\u003cREA\u003e IAP/2/40/0x3ff\u003cINT,USR,SYS,EDG,THR,REA,WRI,INV,QUA,PRC\u003e IAF/3/40/0x67\u003cINT,USR,SYS,REA,WRI\u003e\nTrying to mount root from ufs:/dev/ada0s4a [rw]...\nstart_init: trying /sbin/init\nSetting hostuuid: 5ebbdf0a-7404-6649-923e-d8412b756885.\nSetting hostid: 0x2ffff142.\nEntropy harvesting: interrupts ethernet point_to_point kickstart.\nStarting file system checks:\n/dev/ada0s4a: FILE SYSTEM CLEAN; SKIPPING CHECKS\n/dev/ada0s4a: clean, 11086766 free (146894 frags, 1367484 blocks, 0.9% fragmentation)\n/dev/ada0s4f: FILE SYSTEM CLEAN; SKIPPING CHECKS\n/dev/ada0s4f: clean, 3018409 free (615673 frags, 300342 blocks, 3.8% fragmentation)\n/dev/ada0s4g: FILE SYSTEM CLEAN; SKIPPING CHECKS\n/dev/ada0s4g: clean, 74861005 free (7973 frags, 9356629 blocks, 0.0% fragmentation)\nMounting local file systems:.\nLoading kernel modules:\nwlan: \u003c802.11 Link Layer\u003e\npci0: driver added\nfound-\u003e\tvendor=0x8086, dev=0x2937, revid=0x03\n\tdomain=0, bus=0, slot=26, func=0\n\tclass=0c-03-00, hdrtype=0x00, mfdev=1\n\tcmdreg=0x0005, statreg=0x0290, cachelnsz=0 (dwords)\n\tlattimer=0x00 (0 ns), mingnt=0x00 (0 ns), maxlat=0x00 (0 ns)\n\tintpin=a, irq=16\npci0:0:26:0: reprobing on driver added\nfound-\u003e\tvendor=0x8086, dev=0x293c, revid=0x03\n\tdomain=0, bus=0, slot=26, func=7\n\tclass=0c-03-20, hdrtype=0x00, mfdev=0\n\tcmdreg=0x0006, statreg=0x0290, cachelnsz=0 (dwords)\n\tlattimer=0x00 (0 ns), mingnt=0x00 (0 ns), maxlat=0x00 (0 ns)\n\tintpin=d, irq=19\n\tpowerspec 2  supports D0 D3  current D0\npci0:0:26:7: reprobing on driver added\nfound-\u003e\tvendor=0x8086, dev=0x293e, revid=0x03\n\tdomain=0, bus=0, slot=27, func=0\n\tclass=04-03-00, hdrtype=0x00, mfdev=0\n\tcmdreg=0x0006, statreg=0x0010, cachelnsz=16 (dwords)\n\tlattimer=0x00 (0 ns), mingnt=0x00 (0 ns), maxlat=0x00 (0 ns)\n\tintpin=a, irq=22\n\tpowerspec 2  supports D0 D3  current D0\n\tMSI supports 1 message, 64 bit\npci0:0:27:0: reprobing on driver added\nfound-\u003e\tvendor=0x8086, dev=0x2934, revid=0x03\n\tdomain=0, bus=0, slot=29, func=0\n\tclass=0c-03-00, hdrtype=0x00, mfdev=1\n\tcmdreg=0x0005, statreg=0x0290, cachelnsz=0 (dwords)\n\tlattimer=0x00 (0 ns), mingnt=0x00 (0 ns), maxlat=0x00 (0 ns)\n\tintpin=a, irq=23\npci0:0:29:0: reprobing on driver added\nfound-\u003e\tvendor=0x8086, dev=0x2935, revid=0x03\n\tdomain=0, bus=0, slot=29, func=1\n\tclass=0c-03-00, hdrtype=0x00, mfdev=0\n\tcmdreg=0x0005, statreg=0x0290, cachelnsz=0 (dwords)\n\tlattimer=0x00 (0 ns), mingnt=0x00 (0 ns), maxlat=0x00 (0 ns)\n\tintpin=b, irq=19\npci0:0:29:1: reprobing on driver added\nfound-\u003e\tvendor=0x8086, dev=0x2936, revid=0x03\n\tdomain=0, bus=0, slot=29, func=2\n\tclass=0c-03-00, hdrtype=0x00, mfdev=0\n\tcmdreg=0x0005, statreg=0x0290, cachelnsz=0 (dwords)\n\tlattimer=0x00 (0 ns), mingnt=0x00 (0 ns), maxlat=0x00 (0 ns)\n\tintpin=d, irq=16\npci0:0:29:2: reprobing on driver added\nfound-\u003e\tvendor=0x8086, dev=0x293a, revid=0x03\n\tdomain=0, bus=0, slot=29, func=7\n\tclass=0c-03-20, hdrtype=0x00, mfdev=0\n\tcmdreg=0x0006, statreg=0x0290, cachelnsz=0 (dwords)\n\tlattimer=0x00 (0 ns), mingnt=0x00 (0 ns), maxlat=0x00 (0 ns)\n\tintpin=a, irq=23\n\tpowerspec 2  supports D0 D3  current D0\npci0:0:29:7: reprobing on driver added\nfound-\u003e\tvendor=0x8086, dev=0x2930, revid=0x03\n\tdomain=0, bus=0, slot=31, func=3\n\tclass=0c-05-00, hdrtype=0x00, mfdev=0\n\tcmdreg=0x0003, statreg=0x0280, cachelnsz=0 (dwords)\n\tlattimer=0x00 (0 ns), mingnt=0x00 (0 ns), maxlat=0x00 (0 ns)\n\tintpin=c, irq=18\npci0:0:31:3: reprobing on driver added\npci1: driver added\nfound-\u003e\tvendor=0x1969, dev=0x1063, revid=0xc0\n\tdomain=0, bus=1, slot=0, func=0\n\tclass=02-00-00, hdrtype=0x00, mfdev=0\n\tcmdreg=0x0007, statreg=0x0010, cachelnsz=16 (dwords)\n\tlattimer=0x00 (0 ns), mingnt=0x00 (0 ns), maxlat=0x00 (0 ns)\n\tintpin=a, irq=16\n\tpowerspec 3  supports D0 D3  current D0\n\tMSI supports 1 message, 64 bit\npci0:1:0:0: reprobing on driver added\npci2: driver added\nfound-\u003e\tvendor=0x8086, dev=0x0083, revid=0x00\n\tdomain=0, bus=2, slot=0, func=0\n\tclass=02-80-00, hdrtype=0x00, mfdev=0\n\tcmdreg=0x0006, statreg=0x0010, cachelnsz=16 (dwords)\n\tlattimer=0x00 (0 ns), mingnt=0x00 (0 ns), maxlat=0x00 (0 ns)\n\tintpin=a, irq=19\n\tpowerspec 3  supports D0 D3  current D0\n\tMSI supports 1 message, 64 bit\npci0:2:0:0: reprobing on driver added\niwn0: \u003cIntel Centrino Wireless-N 1000\u003e mem 0xd2500000-0xd2501fff irq 19 at device 0.0 on pci2\niwn0: attempting to allocate 1 MSI vectors (1 supported)\nmsi: routing MSI IRQ 257 to local APIC 1 vector 50\niwn0: using IRQ 257 for MSI\niwn0: MIMO 1T2R, BGS, address 00:1e:64:45:f5:64\niwn0: 11b rates: 1Mbps 2Mbps 5.5Mbps 11Mbps\niwn0: 11g rates: 1Mbps 2Mbps 5.5Mbps 11Mbps 6Mbps 9Mbps 12Mbps 18Mbps 24Mbps 36Mbps 48Mbps 54Mbps\niwn0: 1T2R\niwn0: 11ng MCS 20MHz\niwn0: MCS 0-7: 6.5Mbps - 65Mbps\niwn0: 11ng MCS 20MHz SGI\niwn0: MCS 0-7: 7Mbps - 72Mbps\niwn0: 11ng MCS 40MHz:\niwn0: MCS 0-7: 13.5Mbps - 135Mbps\niwn0: 11ng MCS 40MHz SGI:\niwn0: MCS 0-7: 15Mbps - 150Mbps\npci3: driver added\npci0: driver added\nfound-\u003e\tvendor=0x8086, dev=0x2937, revid=0x03\n\tdomain=0, bus=0, slot=26, func=0\n\tclass=0c-03-00, hdrtype=0x00, mfdev=1\n\tcmdreg=0x0005, statreg=0x0290, cachelnsz=0 (dwords)\n\tlattimer=0x00 (0 ns), mingnt=0x00 (0 ns), maxlat=0x00 (0 ns)\n\tintpin=a, irq=16\npci0:0:26:0: reprobing on driver added\nfound-\u003e\tvendor=0x8086, dev=0x293c, revid=0x03\n\tdomain=0, bus=0, slot=26, func=7\n\tclass=0c-03-20, hdrtype=0x00, mfdev=0\n\tcmdreg=0x0006, statreg=0x0290, cachelnsz=0 (dwords)\n\tlattimer=0x00 (0 ns), mingnt=0x00 (0 ns), maxlat=0x00 (0 ns)\n\tintpin=d, irq=19\n\tpowerspec 2  supports D0 D3  current D0\npci0:0:26:7: reprobing on driver added\nehci0: \u003cIntel 82801I (ICH9) USB 2.0 controller\u003e mem 0xd4504c00-0xd4504fff irq 19 at device 26.7 on pci0\nioapic0: routing intpin 19 (PCI IRQ 19) to lapic 0 vector 53\nusbus0: EHCI version 1.0\nusbus0 on ehci0\nehci0: usbpf: Attached\nfound-\u003e\tvendor=0x8086, dev=0x293e, revid=0x03\nusbus0: 480Mbps High Speed USB v2.0\n\tdomain=0, bus=0, slot=27, func=0\n\tclass=04-03-00, hdrtype=0x00, mfdev=0\n\tcmdreg=0x0006, statreg=0x0010, cachelnsz=16 (dwords)\n\tlattimer=0x00 (0 ns), mingnt=0x00 (0 ns), maxlat=0x00 (0 ns)\n\tintpin=a, irq=22\n\tpowerspec 2  supports D0 D3  current D0\n\tMSI supports 1 message, 64 bit\npci0:0:27:0: reprobing on driver added\nfound-\u003e\tvendor=0x8086, dev=0x2934, revid=0x03\n\tdomain=0, bus=0, slot=29, func=0\n\tclass=0c-03-00, hdrtype=0x00, mfdev=1\n\tcmdreg=0x0005, statreg=0x0290, cachelnsz=0 (dwords)\n\tlattimer=0x00 (0 ns), mingnt=0x00 (0 ns), maxlat=0x00 (0 ns)\n\tintpin=a, irq=23\npci0:0:29:0: reprobing on driver added\nfound-\u003e\tvendor=0x8086, dev=0x2935, revid=0x03\n\tdomain=0, bus=0, slot=29, func=1\n\tclass=0c-03-00, hdrtype=0x00, mfdev=0\n\tcmdreg=0x0005, statreg=0x0290, cachelnsz=0 (dwords)\n\tlattimer=0x00 (0 ns), mingnt=0x00 (0 ns), maxlat=0x00 (0 ns)\n\tintpin=b, irq=19\npci0:0:29:1: reprobing on driver added\nfound-\u003e\tvendor=0x8086, dev=0x2936, revid=0x03\n\tdomain=0, bus=0, slot=29, func=2\n\tclass=0c-03-00, hdrtype=0x00, mfdev=0\n\tcmdreg=0x0005, statreg=0x0290, cachelnsz=0 (dwords)\n\tlattimer=0x00 (0 ns), mingnt=0x00 (0 ns), maxlat=0x00 (0 ns)\n\tintpin=d, irq=16\npci0:0:29:2: reprobing on driver added\nfound-\u003e\tvendor=0x8086, dev=0x293a, revid=0x03\n\tdomain=0, bus=0, slot=29, func=7\n\tclass=0c-03-20, hdrtype=0x00, mfdev=0\n\tcmdreg=0x0006, statreg=0x0290, cachelnsz=0 (dwords)\n\tlattimer=0x00 (0 ns), mingnt=0x00 (0 ns), maxlat=0x00 (0 ns)\n\tintpin=a, irq=23\n\tpowerspec 2  supports D0 D3  current D0\npci0:0:29:7: reprobing on driver added\nehci1: \u003cIntel 82801I (ICH9) USB 2.0 controller\u003e mem 0xd4504800-0xd4504bff irq 23 at device 29.7 on pci0\nioapic0: routing intpin 23 (PCI IRQ 23) to lapic 1 vector 51\nusbus1: EHCI version 1.0\nugen0.1: \u003cIntel\u003e at usbus0\nuhub0: \u003cIntel EHCI root HUB, class 9/0, rev 2.00/1.00, addr 1\u003e on usbus0\nusbus1 on ehci1\nehci1: usbpf: Attached\nfound-\u003e\tvendor=0x8086, dev=0x2930, revid=0x03\nusbus1: 480Mbps High Speed USB v2.0\n\tdomain=0, bus=0, slot=31, func=3\n\tclass=0c-05-00, hdrtype=0x00, mfdev=0\n\tcmdreg=0x0003, statreg=0x0280, cachelnsz=0 (dwords)\n\tlattimer=0x00 (0 ns), mingnt=0x00 (0 ns), maxlat=0x00 (0 ns)\n\tintpin=c, irq=18\npci0:0:31:3: reprobing on driver added\npci1: driver added\nfound-\u003e\tvendor=0x1969, dev=0x1063, revid=0xc0\n\tdomain=0, bus=1, slot=0, func=0\n\tclass=02-00-00, hdrtype=0x00, mfdev=0\n\tcmdreg=0x0007, statreg=0x0010, cachelnsz=16 (dwords)\n\tlattimer=0x00 (0 ns), mingnt=0x00 (0 ns), maxlat=0x00 (0 ns)\n\tintpin=a, irq=16\n\tpowerspec 3  supports D0 D3  current D0\n\tMSI supports 1 message, 64 bit\npci0:1:0:0: reprobing on driver added\npci2: driver added\npci3: driver added\nugen1.1: \u003cIntel\u003e at usbus1\nuhub1: \u003cIntel EHCI root HUB, class 9/0, rev 2.00/1.00, addr 1\u003e on usbus1\npci0: driver added\nfound-\u003e\tvendor=0x8086, dev=0x2937, revid=0x03\n\tdomain=0, bus=0, slot=26, func=0\n\tclass=0c-03-00, hdrtype=0x00, mfdev=1\n\tcmdreg=0x0005, statreg=0x0290, cachelnsz=0 (dwords)\n\tlattimer=0x00 (0 ns), mingnt=0x00 (0 ns), maxlat=0x00 (0 ns)\n\tintpin=a, irq=16\npci0:0:26:0: reprobing on driver added\nuhci0: \u003cIntel 82801I (ICH9) USB controller\u003e port 0x30a0-0x30bf irq 16 at device 26.0 on pci0\nioapic0: routing intpin 16 (PCI IRQ 16) to lapic 0 vector 54\nusbus2 on uhci0\nuhci0: usbpf: Attached\nfound-\u003e\tvendor=0x8086, dev=0x293e, revid=0x03\nusbus2: 12Mbps Full Speed USB v1.0\n\tdomain=0, bus=0, slot=27, func=0\n\tclass=04-03-00, hdrtype=0x00, mfdev=0\n\tcmdreg=0x0006, statreg=0x0010, cachelnsz=16 (dwords)\n\tlattimer=0x00 (0 ns), mingnt=0x00 (0 ns), maxlat=0x00 (0 ns)\n\tintpin=a, irq=22\n\tpowerspec 2  supports D0 D3  current D0\n\tMSI supports 1 message, 64 bit\npci0:0:27:0: reprobing on driver added\nfound-\u003e\tvendor=0x8086, dev=0x2934, revid=0x03\n\tdomain=0, bus=0, slot=29, func=0\n\tclass=0c-03-00, hdrtype=0x00, mfdev=1\n\tcmdreg=0x0005, statreg=0x0290, cachelnsz=0 (dwords)\n\tlattimer=0x00 (0 ns), mingnt=0x00 (0 ns), maxlat=0x00 (0 ns)\n\tintpin=a, irq=23\npci0:0:29:0: reprobing on driver added\nuhci1: \u003cIntel 82801I (ICH9) USB controller\u003e port 0x3080-0x309f irq 23 at device 29.0 on pci0\nugen2.1: \u003cIntel\u003e at usbus2\nuhub2: \u003cIntel UHCI root HUB, class 9/0, rev 1.00/1.00, addr 1\u003e on usbus2\nusbus3 on uhci1\nuhci1: usbpf: Attached\nusbus3: found-\u003e\tvendor=0x8086, dev=0x2935, revid=0x03\n12Mbps Full Speed USB v1.0\n\tdomain=0, bus=0, slot=29, func=1\n\tclass=0c-03-00, hdrtype=0x00, mfdev=0\n\tcmdreg=0x0005, statreg=0x0290, cachelnsz=0 (dwords)\n\tlattimer=0x00 (0 ns), mingnt=0x00 (0 ns), maxlat=0x00 (0 ns)\n\tintpin=b, irq=19\npci0:0:29:1: reprobing on driver added\nuhci2: \u003cIntel 82801I (ICH9) USB controller\u003e port 0x3060-0x307f irq 19 at device 29.1 on pci0\nugen3.1: \u003cIntel\u003e at usbus3\nuhub3: \u003cIntel UHCI root HUB, class 9/0, rev 1.00/1.00, addr 1\u003e on usbus3\nusbus4 on uhci2\nuhci2: usbpf: Attached\nusbus4: 12Mbps Full Speed USB v1.0\nfound-\u003e\tvendor=0x8086, dev=0x2936, revid=0x03\n\tdomain=0, bus=0, slot=29, func=2\n\tclass=0c-03-00, hdrtype=0x00, mfdev=0\n\tcmdreg=0x0005, statreg=0x0290, cachelnsz=0 (dwords)\n\tlattimer=0x00 (0 ns), mingnt=0x00 (0 ns), maxlat=0x00 (0 ns)\n\tintpin=d, irq=16\npci0:0:29:2: reprobing on driver added\nuhci3: \u003cIntel 82801I (ICH9) USB controller\u003e port 0x3040-0x305f irq 16 at device 29.2 on pci0\nugen4.1: \u003cIntel\u003e at usbus4\nuhub4: \u003cIntel UHCI root HUB, class 9/0, rev 1.00/1.00, addr 1\u003e on usbus4\nusbus5 on uhci3\nuhci3: usbpf: Attached\nfound-\u003e\tvendor=0x8086, dev=0x2930, revid=0x03\nusbus5: 12Mbps Full Speed USB v1.0\n\tdomain=0, bus=0, slot=31, func=3\n\tclass=0c-05-00, hdrtype=0x00, mfdev=0\n\tcmdreg=0x0003, statreg=0x0280, cachelnsz=0 (dwords)\n\tlattimer=0x00 (0 ns), mingnt=0x00 (0 ns), maxlat=0x00 (0 ns)\n\tintpin=c, irq=18\npci0:0:31:3: reprobing on driver added\npci1: driver added\nfound-\u003e\tvendor=0x1969, dev=0x1063, revid=0xc0\n\tdomain=0, bus=1, slot=0, func=0\n\tclass=02-00-00, hdrtype=0x00, mfdev=0\n\tcmdreg=0x0007, statreg=0x0010, cachelnsz=16 (dwords)\n\tlattimer=0x00 (0 ns), mingnt=0x00 (0 ns), maxlat=0x00 (0 ns)\n\tintpin=a, irq=16\n\tpowerspec 3  supports D0 D3  current D0\n\tMSI supports 1 message, 64 bit\npci0:1:0:0: reprobing on driver added\npci2: driver added\npci3: driver added\nuhub2: 2 ports with 2 removable, self powered\nugen5.1: \u003cIntel\u003e at usbus5\nuhub5: \u003cIntel UHCI root HUB, class 9/0, rev 1.00/1.00, addr 1\u003e on usbus5\npci0: driver added\nfound-\u003e\tvendor=0x8086, dev=0x293e, revid=0x03\n\tdomain=0, bus=0, slot=27, func=0\n\tclass=04-03-00, hdrtype=0x00, mfdev=0\n\tcmdreg=0x0006, statreg=0x0010, cachelnsz=16 (dwords)\n\tlattimer=0x00 (0 ns), mingnt=0x00 (0 ns), maxlat=0x00 (0 ns)\n\tintpin=a, irq=22\n\tpowerspec 2  supports D0 D3  current D0\n\tMSI supports 1 message, 64 bit\npci0:0:27:0: reprobing on driver added\nfound-\u003e\tvendor=0x8086, dev=0x2930, revid=0x03\n\tdomain=0, bus=0, slot=31, func=3\n\tclass=0c-05-00, hdrtype=0x00, mfdev=0\n\tcmdreg=0x0003, statreg=0x0280, cachelnsz=0 (dwords)\n\tlattimer=0x00 (0 ns), mingnt=0x00 (0 ns), maxlat=0x00 (0 ns)\n\tintpin=c, irq=18\npci0:0:31:3: reprobing on driver added\nichsmb0: \u003cIntel 82801I (ICH9) SMBus controller\u003e port 0x3000-0x301f mem 0xd4505000-0xd45050ff irq 18 at device 31.3 on pci0\nioapic0: routing intpin 18 (PCI IRQ 18) to lapic 1 vector 52\nsmbus0: \u003cSystem Management Bus\u003e on ichsmb0\npci1: driver added\nfound-\u003e\tvendor=0x1969, dev=0x1063, revid=0xc0\n\tdomain=0, bus=1, slot=0, func=0\n\tclass=02-00-00, hdrtype=0x00, mfdev=0\n\tcmdreg=0x0007, statreg=0x0010, cachelnsz=16 (dwords)\n\tlattimer=0x00 (0 ns), mingnt=0x00 (0 ns), maxlat=0x00 (0 ns)\n\tintpin=a, irq=16\n\tpowerspec 3  supports D0 D3  current D0\n\tMSI supports 1 message, 64 bit\npci0:1:0:0: reprobing on driver added\npci2: driver added\npci3: driver added\nuhub3: 2 ports with 2 removable, self powered\nsnd_unit_init() u=0x00ff8000 [512] d=0x00007c00 [32] c=0x000003ff [1024]\nfeeder_register: snd_unit=-1 snd_maxautovchans=16 latency=5 feeder_rate_min=1 feeder_rate_max=2016000 feeder_rate_round=25\nuhub0: 2 ports with 2 removable, self powered\nuhub4: 2 ports with 2 removable, self powered\npci0: driver added\nfound-\u003e\tvendor=0x8086, dev=0x293e, revid=0x03\n\tdomain=0, bus=0, slot=27, func=0\n\tclass=04-03-00, hdrtype=0x00, mfdev=0\n\tcmdreg=0x0006, statreg=0x0010, cachelnsz=16 (dwords)\n\tlattimer=0x00 (0 ns), mingnt=0x00 (0 ns), maxlat=0x00 (0 ns)\n\tintpin=a, irq=22\n\tpowerspec 2  supports D0 D3  current D0\n\tMSI supports 1 message, 64 bit\npci0:0:27:0: reprobing on driver added\nhdac0: \u003cIntel 82801I HDA Controller\u003e mem 0xd4500000-0xd4503fff irq 22 at device 27.0 on pci0\nhdac0: PCI card vendor: 0x1025, device: 0x029b\nhdac0: HDA Driver Revision: 20120126_0002\nhdac0: Config options: on=0x00000000 off=0x00000000\nhdac0: attempting to allocate 1 MSI vectors (1 supported)\nmsi: routing MSI IRQ 258 to local APIC 0 vector 55\nhdac0: using IRQ 258 for MSI\nhdac0: Caps: OSS 4, ISS 4, BSS 0, NSDO 1, 64bit, CORB 256, RIRB 256\npci1: driver added\nfound-\u003e\tvendor=0x1969, dev=0x1063, revid=0xc0\n\tdomain=0, bus=1, slot=0, func=0\n\tclass=02-00-00, hdrtype=0x00, mfdev=0\n\tcmdreg=0x0007, statreg=0x0010, cachelnsz=16 (dwords)\n\tlattimer=0x00 (0 ns), mingnt=0x00 (0 ns), maxlat=0x00 (0 ns)\n\tintpin=a, irq=16\n\tpowerspec 3  supports D0 D3  current D0\n\tMSI supports 1 message, 64 bit\npci0:1:0:0: reprobing on driver added\npci2: driver added\npci3: driver added\nhdacc0: \u003cRealtek ALC269 HDA CODEC\u003e at cad 0 on hdac0\nhdaa0: \u003cRealtek ALC269 Audio Function Group\u003e at nid 1 on hdacc0\nhdaa0: Subsystem ID: 0x1025029b\nhdaa0: NumGPIO=0 NumGPO=0 NumGPI=0 GPIWake=0 GPIUnsol=0\nhdaa0: Original pins configuration:\nhdaa0: nid   0x    as seq device       conn  jack    loc        color   misc\nhdaa0: 17 411111f0 15 0  Speaker       None  1/8     Rear       Black   1\nhdaa0: 18 99a30930 3  0  Mic           Fixed ATAPI   Onboard    Unknown 9\nhdaa0: 20 99130110 1  0  Speaker       Fixed ATAPI   Onboard    Unknown 1\nhdaa0: 21 0321101f 1  15 Headphones    Jack  1/8     Left       Black   0\nhdaa0: 22 411111f0 15 0  Speaker       None  1/8     Rear       Black   1\nhdaa0: 24 03a19840 4  0  Mic           Jack  1/8     Left       Pink    8\nhdaa0: 25 411111f0 15 0  Speaker       None  1/8     Rear       Black   1\nhdaa0: 26 411111f0 15 0  Speaker       None  1/8     Rear       Black   1\nhdaa0: 27 411111f0 15 0  Speaker       None  1/8     Rear       Black   1\nhdaa0: 29 4015812d 2  13 Speaker       None  Optical 0x00       Purple  1\nhdaa0: 30 03451120 2  0  SPDIF-out     Jack  Optical Left       Black   1\nhdaa0: Patching widget caps nid=29 0x00400000 -\u003e 0x00700000\nhdaa0: Patched pins configuration:\nhdaa0: nid   0x    as seq device       conn  jack    loc        color   misc\nhdaa0: 17 411111f0 15 0  Speaker       None  1/8     Rear       Black   1 DISA\nhdaa0: 18 99a30930 3  0  Mic           Fixed ATAPI   Onboard    Unknown 9\nhdaa0: 20 99130110 1  0  Speaker       Fixed ATAPI   Onboard    Unknown 1\nhdaa0: 21 0321101f 1  15 Headphones    Jack  1/8     Left       Black   0\nhdaa0: 22 411111f0 15 0  Speaker       None  1/8     Rear       Black   1 DISA\nhdaa0: 24 03a19840 4  0  Mic           Jack  1/8     Left       Pink    8\nhdaa0: 25 411111f0 15 0  Speaker       None  1/8     Rear       Black   1 DISA\nhdaa0: 26 411111f0 15 0  Speaker       None  1/8     Rear       Black   1 DISA\nhdaa0: 27 411111f0 15 0  Speaker       None  1/8     Rear       Black   1 DISA\nhdaa0: 30 03451120 2  0  SPDIF-out     Jack  Optical Left       Black   1\nhdaa0: 4 associations found:\nhdaa0: Association 0 (1) out:\nhdaa0:  Pin nid=20 seq=0\nhdaa0:  Pin nid=21 seq=15\nhdaa0: Association 1 (2) out:\nhdaa0:  Pin nid=30 seq=0\nhdaa0: Association 2 (3) in:\nhdaa0:  Pin nid=18 seq=0\nhdaa0: Association 3 (4) in:\nhdaa0:  Pin nid=24 seq=0\nhdaa0: Tracing association 0 (1)\nhdaa0:  Pin 20 traced to DAC 2\nhdaa0:  Pin 21 traced to DAC 2 and hpredir 0\nhdaa0: Association 0 (1) trace succeeded\nhdaa0: Tracing association 1 (2)\nhdaa0:  Pin 30 traced to DAC 6\nhdaa0: Association 1 (2) trace succeeded\nhdaa0: Tracing association 2 (3)\nhdaa0:  Unable to trace pin 18 to ADC 7, undo traces\nhdaa0:  Pin 18 traced to ADC 8\nhdaa0: Association 2 (3) trace succeeded\nhdaa0: Tracing association 3 (4)\nhdaa0:  Pin 24 traced to ADC 7\nhdaa0: Association 3 (4) trace succeeded\nhdaa0: Looking for additional DAC for association 0 (1)\nhdaa0: Looking for additional DAC for association 1 (2)\nhdaa0: Looking for additional ADC for association 2 (3)\nhdaa0: Looking for additional ADC for association 3 (4)\nhdaa0: Tracing input monitor\nhdaa0:  Tracing nid 11 to out\nhdaa0:  nid 11 is input monitor\nhdaa0:  Tracing nid 36 to out\nhdaa0: Tracing other input monitors\nhdaa0:  Tracing nid 18 to out\nhdaa0:  Tracing nid 24 to out\nhdaa0: Tracing beeper\nhdaa0: Headphones redirection for association 0 nid=21 using unsolicited responses.\nhdaa0: Pin sense: nid=21 sence=0x80000000 (connected)\nhdaa0: Redirect output to: headphones\nhdaa0: FG config/quirks: forcestereo ivref50 ivref80 ivref100 ivref\npcm0: \u003cRealtek ALC269 (Analog 2.0+HP/2.0)\u003e at nid 20,21 and 18 on hdaa0\npcm0: Playback:\npcm0:      Stream cap: 0x00000001 PCM\npcm0:         PCM cap: 0x000e0560 16 20 24 bits, 44 48 96 192 KHz\npcm0:             DAC: 2\npcm0: \npcm0:     nid=20 [pin: Speaker (Fixed)]\npcm0:       + \u003c- nid=12 [audio mixer] [src: pcm, mix]\npcm0:              + \u003c- nid=2 [audio output] [src: pcm]\npcm0:              + \u003c- nid=11 [audio mixer] [src: mix]\npcm0: \npcm0:     nid=21 [pin: Headphones (Black Jack)]\npcm0:       + \u003c- nid=12 [audio mixer] [src: pcm, mix]\npcm0:              + \u003c- nid=2 [audio output] [src: pcm]\npcm0:              + \u003c- nid=11 [audio mixer] [src: mix]\npcm0: \npcm0: Record:\npcm0:      Stream cap: 0x00000001 PCM\npcm0:         PCM cap: 0x000e0160 16 20 24 bits, 44 48 96 KHz\npcm0:             ADC: 8\npcm0: \npcm0:     nid=8 [audio input]\npcm0:       + \u003c- nid=35 [audio selector] [src: speaker, monitor]\npcm0:              + \u003c- nid=29 [beep widget] [src: speaker]\npcm0:              + \u003c- nid=18 [pin: Mic (Fixed)] [src: monitor]\npcm0: \npcm0: Master Volume (OSS: vol): -63/1dB\npcm0:    +- ctl  1 (nid   2 out):    -63/1dB (65 steps)\npcm0:    +- ctl 10 (nid  12 in   0): mute\npcm0:    +- ctl 11 (nid  12 in   1): mute\npcm0:    +- ctl 16 (nid  20 in ):    mute\npcm0:    +- ctl 17 (nid  21 in ):    mute\npcm0: \npcm0: PCM Volume (OSS: pcm): -63/1dB\npcm0:    +- ctl  1 (nid   2 out):    -63/1dB (65 steps)\npcm0:    +- ctl 10 (nid  12 in   0): mute\npcm0: \npcm0: Microphone2 Volume (OSS: monitor): -17/29dB\npcm0:    +- ctl  4 (nid   8 in   0): -17/29dB (47 steps) + mute\npcm0: \npcm0: Speaker/Beep Volume (OSS: speaker): -17/12dB\npcm0:    +- ctl  4 (nid   8 in   0): -17/29dB (47 steps) + mute\npcm0: \npcm0: Recording Level (OSS: rec): -17/29dB\npcm0:    +- ctl  4 (nid   8 in   0): -17/29dB (47 steps) + mute\npcm0: \npcm0: Input Mix Level (OSS: mix)\npcm0:    +- ctl 11 (nid  12 in   1): mute\npcm0: \npcm0: Input Monitoring Level (OSS: igain): 0/0dB\npcm0:    +- ctl 11 (nid  12 in   1): mute\npcm0: \npcm0: Mixer \"vol\":\npcm0: Mixer \"pcm\":\npcm0: Mixer \"speaker\":\npcm0: Mixer \"rec\":\npcm0: Mixer \"igain\":\npcm0: Mixer \"ogain\":\npcm0: Mixer \"monitor\":\npcm0: Playback channel set is: Front Left, Front Right, \npcm0: Playback channel matrix is: 2.0 (connected)\npcm0: Automatically set rec source to: monitor\npcm0: Recording channel set is: Front Left, Front Right, \npcm0: Recording channel matrix is: 2.0 (unknown)\npcm1: \u003cRealtek ALC269 (Left Digital)\u003e at nid 30 on hdaa0\npcm1: Playback:\npcm1:      Stream cap: 0x00000005 AC3 PCM\npcm1:         PCM cap: 0x000e05f0 16 20 24 bits, 32 44 48 88 96 192 KHz\npcm1:             DAC: 6\npcm1: \npcm1:     nid=30 [pin: SPDIF-out (Black Jack)]\npcm1:       + \u003c- nid=6 [audio output] [src: pcm]\npcm1: \npcm1: Mixer \"vol\" -\u003e \"none\": child=0x00000010\npcm1: Mixer \"pcm\": parent=\"vol\"\npcm1: Soft PCM mixer ENABLED\npcm1: Playback channel set is: Front Left, Front Right, \npcm1: Playback channel matrix is: 2.0 (unknown)\npcm2: \u003cRealtek ALC269 (Left Analog Mic)\u003e at nid 24 on hdaa0\npcm2: Record:\npcm2:      Stream cap: 0x00000001 PCM\npcm2:         PCM cap: 0x000e0160 16 20 24 bits, 44 48 96 KHz\npcm2:             ADC: 7\npcm2: \npcm2:     nid=7 [audio input]\npcm2:       + \u003c- nid=36 [audio mixer] [src: speaker, mic, mix]\npcm2:              + \u003c- nid=24 [pin: Mic (Pink Jack)] [src: mic]\npcm2:              + \u003c- nid=29 [beep widget] [src: speaker]\npcm2:              + \u003c- nid=11 [audio mixer] [src: mix]\npcm2: \npcm2: Input Mix:\npcm2: \npcm2:     nid=11 [audio mixer]\npcm2:       + \u003c- nid=24 [pin: Mic (Pink Jack)] [src: mic]\npcm2:       + \u003c- nid=29 [beep widget] [src: speaker]\npcm2: \npcm2: Microphone Volume (OSS: mic): 0/30dB\npcm2:    +- ctl  5 (nid  11 in   0): -34/12dB (32 steps) + mute\npcm2:    +- ctl 20 (nid  24 out):    0/30dB (4 steps)\npcm2:    +- ctl 27 (nid  36 in   0): mute\npcm2: \npcm2: Speaker/Beep Volume (OSS: speaker)\npcm2:    +- ctl  9 (nid  11 in   4): -34/12dB (32 steps) + mute\npcm2:    +- ctl 31 (nid  36 in   4): mute\npcm2: \npcm2: Recording Level (OSS: rec): -17/29dB\npcm2:    +- ctl  3 (nid   7 in   0): -17/29dB (47 steps) + mute\npcm2:    +- ctl 27 (nid  36 in   0): mute\npcm2:    +- ctl 31 (nid  36 in   4): mute\npcm2:    +- ctl 32 (nid  36 in   5): mute\npcm2: \npcm2: Input Mix Level (OSS: mix): -34/12dB\npcm2:    +- ctl  5 (nid  11 in   0): -34/12dB (32 steps) + mute\npcm2:    +- ctl  9 (nid  11 in   4): -34/12dB (32 steps) + mute\npcm2:    +- ctl 32 (nid  36 in   5): mute\npcm2: \npcm2: Mixer \"mic\":\npcm2: Mixer \"mix\":\npcm2: Mixer \"rec\":\npcm2: Recording channel set is: Front Left, Front Right, \npcm2: Recording channel matrix is: 2.0 (disconnected)\nhdacc1: \u003cIntel Cantiga HDA CODEC\u003e at cad 1 on hdac0\nhdaa1: \u003cIntel Cantiga Audio Function Group\u003e at nid 1 on hdacc1\nhdaa1: Subsystem ID: 0x80860101\nhdaa1: NumGPIO=0 NumGPO=0 NumGPI=0 GPIWake=0 GPIUnsol=0\nhdaa1: Original pins configuration:\nhdaa1: nid   0x    as seq device       conn  jack    loc        color   misc\nhdaa1:  3 18560010 1  0  Digital-out   Jack  Digital 0x18       Unknown 0\nhdaa1: Patched pins configuration:\nhdaa1: nid   0x    as seq device       conn  jack    loc        color   misc\nhdaa1:  3 18560010 1  0  Digital-out   Jack  Digital 0x18       Unknown 0\nhdaa1: 1 associations found:\nhdaa1: Association 0 (1) out:\nhdaa1:  Pin nid=3 seq=0\nhdaa1: Tracing association 0 (1)\nhdaa1:  Pin 3 traced to DAC 2\nhdaa1: Association 0 (1) trace succeeded\nhdaa1: Looking for additional DAC for association 0 (1)\nhdaa1: Tracing input monitor\nhdaa1: Tracing other input monitors\nhdaa1: Tracing beeper\nhdaa1: FG config/quirks: forcestereo ivref50 ivref80 ivref100 ivref\npcm3: \u003cIntel Cantiga (HDMI 8ch)\u003e at nid 3 on hdaa1\npcm3: Playback:\npcm3:      Stream cap: 0x00000005 AC3 PCM\npcm3:         PCM cap: 0x001e07f0 16 20 24 32 bits, 32 44 48 88 96 176 192 KHz\npcm3:             DAC: 2\npcm3: \npcm3:     nid=3 [pin: Digital-out (Jack)]\npcm3:       + \u003c- nid=2 [audio output] [src: pcm]\npcm3: \npcm3: Master Volume (OSS: vol): 0/0dB\npcm3:    +- ctl  1 (nid   3 in ):    mute\npcm3: \npcm3: PCM Volume (OSS: pcm): 0/0dB\npcm3:    +- ctl  1 (nid   3 in ):    mute\npcm3: \npcm3: Mixer \"vol\":\npcm3: Mixer \"pcm\":\npcm3: Soft PCM mixer ENABLED\npcm3: Playback channel matrix is: unknown, assuming 7.1 (disconnected)\nuhub5: 2 ports with 2 removable, self powered\ncoretemp0: \u003cCPU On-Die Thermal Sensors\u003e on cpu0\ncoretemp0: Setting TjMax=100\ncoretemp1: \u003cCPU On-Die Thermal Sensors\u003e on cpu1\ncoretemp1: Setting TjMax=100\nCuse4BSD v0.1.26 @ /dev/cuse\nLinux ELF exec handler installed\nWriting entropy file:.\nSetting hostname: bansidhe.pf2.ed.niigata-u.ac.jp.\nuhub1: 6 ports with 6 removable, self powered\nugen1.2: \u003cSuYin\u003e at usbus1\nStarting Network: lo0 iwn0.\nlo0: flags=8049\u003cUP,LOOPBACK,RUNNING,MULTICAST\u003e metric 0 mtu 16384\n\toptions=600003\u003cRXCSUM,TXCSUM,RXCSUM_IPV6,TXCSUM_IPV6\u003e\n\tinet 127.0.0.1 netmask 0xff000000 \n\tinet6 ::1 prefixlen 128 \n\tinet6 fe80::1%lo0 prefixlen 64 scopeid 0x1 \n\tnd6 options=21\u003cPERFORMNUD,AUTO_LINKLOCAL\u003e\niwn0: flags=8802\u003cBROADCAST,SIMPLEX,MULTICAST\u003e metric 0 mtu 2290\n\tether 00:1e:64:45:f5:64\n\tnd6 options=21\u003cPERFORMNUD,AUTO_LINKLOCAL\u003e\n\tmedia: IEEE 802.11 Wireless Ethernet autoselect (autoselect)\n\tstatus: no carrier\nStarting devd.\nStarting Network: iwn0.\niwn0: flags=8802\u003cBROADCAST,SIMPLEX,MULTICAST\u003e metric 0 mtu 2290\n\tether 00:1e:64:45:f5:64\n\tnd6 options=21\u003cPERFORMNUD,AUTO_LINKLOCAL\u003e\n\tmedia: IEEE 802.11 Wireless Ethernet autoselect (autoselect)\n\tstatus: no carrier\nStarting Network: iwn0.\niwn0: flags=8802\u003cBROADCAST,SIMPLEX,MULTICAST\u003e metric 0 mtu 2290\n\tether 00:1e:64:45:f5:64\n\tnd6 options=21\u003cPERFORMNUD,AUTO_LINKLOCAL\u003e\n\tmedia: IEEE 802.11 Wireless Ethernet autoselect (autoselect)\n\tstatus: no carrier\nStarting webcamd.\nAttached to ugen1.2[0]\nStarting webcamd.\nWebcamd is already running for ugen1.2.0\n/usr/local/etc/rc.d/webcamd: WARNING: failed to start webcamd\nroute: writing to routing socket: Network is unreachable\nadd net default: gateway 172.21.1.22 fib 0: Network is unreachable\nadd net ::ffff:0.0.0.0: gateway ::1\nadd net ::0.0.0.0: gateway ::1\nadd net fe80::: gateway ::1\nadd net ff02::: gateway ::1\nELF ldconfig path: /lib /usr/lib /usr/lib/compat /usr/local/lib /usr/local/lib/compat/pkg /usr/local/lib/R/lib /usr/local/lib/alsa-lib /usr/local/lib/compat/pkg /usr/local/lib/event2 /usr/local/lib/ffmpeg-devel /usr/local/lib/gcc46 /usr/local/lib/gegl-0.1 /usr/local/lib/graphviz /usr/local/lib/nss /usr/local/lib/virtualbox\n32-bit compatibility ldconfig path: /compat/i386/lib /compat/i386/usr/lib /compat/i386/usr/local/lib /usr/local/lib /usr/local/lib/compat/pkg\nCreating and/or trimming log files.\nStarting syslogd.\nNo core dumps found.\nClearing /tmp (X related).\nStarting nfsuserd.\nUpdating motd:.\nConfiguring syscons: keymap blanktime.\nStarting cron.\nStarting nfscbd.\nnfslock: pseudo-device\nStarting inetd.\nStarting background file system checks in 60 seconds.\n\nMon
Dec 17 20:56:02 JST 2012\ndrm0: \u003cMobile Intel\u001b$BB.\u001b(B GM45 Express Chipset\u003e on vgapci0\nvgapci0: attempting to allocate 1 MSI vectors (1 supported)\nmsi: routing MSI IRQ 259 to local APIC 1 vector 53\nvgapci0: using IRQ 259 for MSI\ninfo: [drm] MSI enabled 1 message(s)\ninfo: [drm] AGP at 0xc0000000 256MB\ninfo: [drm] Initialized i915 1.6.0 20080730\n\n-- \nkaho@elam.kais.kyoto-u.ac.jp"
}