{
 "id": 430810,
 "bug_id": 120717,
 "attachment_id": 0,
 "creation_time": "2008-02-15T15:10:01Z",
 "creator": "scire@web.de",
 "text": "\nHere is my verbose dmesg log. The repetition of 309 times of the line:\n\n  \"ata1: stat1=0x01 err=0x00 lsb=0x00 msb=0x00\"\n\nseems to be a bug. It delays the boot process. When I start X with\nxinit, the following appears at the end of the log:\n\n   The XKEYBOARD keymap compiler (xkbcomp) reports:\n   \u003e Warning: Type \"ONE_LEVEL\" has 1 levels, but \u003cRALT\u003e has 2 symbols\n   \u003e Ignoring extra symbols\n   Errors from xkbcomp are not fatal to the X server\n\nPerhaps also a bug?  By the way, in the packages in the CDs are a \nlot of scripting languages, but I miss tcl/tk (BSD licence!).\n\nBest regards\nRodrigo Readi\n(s c i r e a t w e b d o t d e)\n---------\n\nCopyright (c) 1992-2008 The FreeBSD Project.\nCopyright (c) 1979, 1980, 1983, 1986, 1988, 1989, 1991, 1992, 1993, 1994\n\tThe Regents of the University of California. All rights reserved.\nFreeBSD is a registered trademark of The FreeBSD Foundation.\nFreeBSD 7.0-RC2 #0: Fri Feb  8 00:09:57 UTC 2008\n    root@logan.cse.buffalo.edu:/usr/obj/usr/src/sys/GENERIC\nPreloaded elf kernel \"/boot/kernel/kernel\" at 0xc0d0c000.\nCalibrating clock(s) ... i8254 clock: 1193306 Hz\nCLK_USE_I8254_CALIBRATION not specified - using default frequency\nTimecounter \"i8254\" frequency 1193182 Hz quality 0\nCalibrating TSC clock ... TSC clock: 298731298 Hz\nCPU: Pentium II/Pentium II Xeon/Celeron (298.73-MHz 686-class CPU)\nOrigin = \"GenuineIntel\"  Id = 0x634  Stepping = 4\nFeatures=0x80f9ff\u003cFPU,VME,DE,PSE,TSC,MSR,PAE,MCE,CX8,SEP,MTRR,PGE,MCA,CMOV,MMX\u003e\nInstruction TLB: 4 KB pages, 4-way set associative, 32 entries\nInstruction TLB: 4 MB pages, fully associative, 2 entries\nData TLB: 4 KB pages, 4-way set associative, 64 entries\n2nd-level cache: 512 KB, 4-way set associative, 32 byte line size\n1st-level instruction cache: 16 KB, 4-way set associative, 32 byte line size\nData TLB: 4 MB Pages, 4-way set associative, 8 entries\n1st-level data cache: 16 KB, 4-way set associative, 32 byte line size\nreal memory  = 100663296 (96 MB)\nPhysical memory chunk(s):\n0x0000000000001000 - 0x000000000009efff, 647168 bytes (158 pages)\n0x0000000000100000 - 0x00000000003fffff, 3145728 bytes (768 pages)\n0x0000000001028000 - 0x0000000005e0efff, 81686528 bytes (19943 pages)\navail memory = 84484096 (80 MB)\nbios32: Found BIOS32 Service Directory header at 0xc00f0280\nbios32: Entry = 0xf0210 (c00f0210)  Rev = 0  Len = 1\npcibios: PCI BIOS entry at 0xf0200+0x0\npnpbios: Found PnP BIOS data at 0xc00f5c90\npnpbios: Entry = fa000:0  Rev = 1.0\nOther BIOS signatures found:\nath_rate: version 1.2 \u003cSampleRate bit-rate selection algorithm\u003e\nwlan_amrr: \u003cAMRR Transmit Rate Control Algorithm\u003e\nwlan: \u003c802.11 Link Layer\u003e\nnull: \u003cnull device, zero device\u003e\nrandom: \u003centropy source, Software, Yarrow\u003e\nnfslock: pseudo-device\nkbd: new array size 4\nkbd1 at kbdmux0\nio: \u003cI/O\u003e\nmem: \u003cmemory\u003e\nPentium Pro MTRR support enabled\nath_hal: 0.9.20.3 (AR5210, AR5211, AR5212, RF5111, RF5112, RF2413, RF5413)\nhptrr: RocketRAID 17xx/2xxx SATA controller driver v1.2 (Feb  8 2008 00:09:32)\nnpx0: INT 16 interface\ncpu0 on motherboard\npci_open(1):\tmode 1 addr port (0x0cf8) is 0x00000000\npci_open(1a):\tmode1res=0x80000000 (0x80000000)\npci_cfgcheck:\tdevice 0 [class=060000] [hdr=00] is there (id=71808086)\npcibios: BIOS version 2.10\npcib0: \u003cIntel 82443LX (440 LX) host to PCI bridge\u003e pcibus 0 on motherboard\npir0: \u003cPCI Interrupt Routing Table: 7 Entries\u003e on motherboard\n$PIR: Links after initial probe:\nLink  IRQ  Rtd  Ref  IRQs\n0x60  255   N     6  3 4 5 6 7 9 10 11 12 14 15\n0x61  255   N     6  3 4 5 6 7 9 10 11 12 14 15\n0x62  255   N     6  3 4 5 6 7 9 10 11 12 14 15\n0x63  255   N     7  3 4 5 6 7 9 10 11 12 14 15\n0xff  255   N     1  15\n$PIR: Found matching pin for 0.7.INTD at func 2: 5\n$PIR: Found matching pin for 0.15.INTA at func 0: 11\n$PIR: Found matching pin for 0.16.INTA at func 0: 5\n$PIR: Links after initial IRQ discovery:\nLink  IRQ  Rtd  Ref  IRQs\n0x60  255   N     6  3 4 5 6 7 9 10 11 12 14 15\n0x61  255   N     6  3 4 5 6 7 9 10 11 12 14 15\n0x62   11   Y     6  3 4 5 6 7 9 10 11 12 14 15\n0x63    5   Y     7  3 4 5 6 7 9 10 11 12 14 15\n0xff   15   N     1  15\n$PIR: IRQs used by BIOS: 5 11 15\n$PIR: Interrupt Weights:\n[    0   1   2   3   4   5   6   7   8   9  10  11  12  13  14  15 ]\n[    0   0   0   0   0   7   0   0   0   0   0   6   0   0   0   1 ]\npci0: \u003cPCI bus\u003e on pcib0\npci0: domain=0, physical bus=0\nfound-\u003e\tvendor=0x8086, dev=0x7180, revid=0x03\n domain=0, bus=0, slot=0, func=0\n class=06-00-00, hdrtype=0x00, mfdev=0\n cmdreg=0x0106, statreg=0x2290, cachelnsz=0 (dwords)\n lattimer=0x20 (960 ns), mingnt=0x00 (0 ns), maxlat=0x00 (0 ns)\n map[10]: type Prefetchable Memory, range 32, base 0xe0000000, size 26, enabled\nfound-\u003e\tvendor=0x8086, dev=0x7181, revid=0x03\n\tdomain=0, bus=0, slot=1, func=0\n\tclass=06-04-00, hdrtype=0x01, mfdev=0\n\tcmdreg=0x0107, statreg=0x02a0, cachelnsz=0 (dwords)\n\tlattimer=0x40 (1920 ns), mingnt=0x0b (2750 ns), maxlat=0x00 (0 ns)\nfound-\u003e\tvendor=0x8086, dev=0x7110, revid=0x01\n\tdomain=0, bus=0, slot=7, func=0\n\tclass=06-01-00, hdrtype=0x00, mfdev=1\n\tcmdreg=0x000f, statreg=0x0280, cachelnsz=0 (dwords)\n\tlattimer=0x00 (0 ns), mingnt=0x00 (0 ns), maxlat=0x00 (0 ns)\nfound-\u003e\tvendor=0x8086, dev=0x7111, revid=0x01\n\tdomain=0, bus=0, slot=7, func=1\n\tclass=01-01-80, hdrtype=0x00, mfdev=0\n\tcmdreg=0x0005, statreg=0x0280, cachelnsz=0 (dwords)\n\tlattimer=0x20 (960 ns), mingnt=0x00 (0 ns), maxlat=0x00 (0 ns)\n\tmap[20]: type I/O Port, range 32, base 0xb030, size  4, enabled\nfound-\u003e\tvendor=0x8086, dev=0x7112, revid=0x01\n\tdomain=0, bus=0, slot=7, func=2\n\tclass=0c-03-00, hdrtype=0x00, mfdev=0\n\tcmdreg=0x0005, statreg=0x0280, cachelnsz=0 (dwords)\n\tlattimer=0x20 (960 ns), mingnt=0x00 (0 ns), maxlat=0x00 (0 ns)\n\tintpin=d, irq=5\n\tmap[20]: type I/O Port, range 32, base 0xb000, size  5, enabled\n$PIR: 0:7 INTD routed to irq 5\nfound-\u003e\tvendor=0x8086, dev=0x7113, revid=0x01\n\tdomain=0, bus=0, slot=7, func=3\n\tclass=06-80-00, hdrtype=0x00, mfdev=0\n\tcmdreg=0x0003, statreg=0x0280, cachelnsz=0 (dwords)\n\tlattimer=0x00 (0 ns), mingnt=0x00 (0 ns), maxlat=0x00 (0 ns)\n\tmap[90]: type I/O Port, range 32, base 0x800, size  4, enabled\nfound-\u003e\tvendor=0x9004, dev=0x8178, revid=0x00\n\tdomain=0, bus=0, slot=15, func=0\n\tclass=01-00-00, hdrtype=0x00, mfdev=0\n\tcmdreg=0x0007, statreg=0x0280, cachelnsz=8 (dwords)\n\tlattimer=0x20 (960 ns), mingnt=0x08 (2000 ns), maxlat=0x08 (2000 ns)\n\tintpin=a, irq=11\n\tmap[10]: type I/O Port, range 32, base 0x9400, size  8, enabled\n\tmap[14]: type Memory, range 32, base 0x80101000, size 12, enabled\n$PIR: 0:15 INTA routed to irq 11\nfound-\u003e\tvendor=0x1317, dev=0x0985, revid=0x11\n\tdomain=0, bus=0, slot=16, func=0\n\tclass=02-00-00, hdrtype=0x00, mfdev=0\n\tcmdreg=0x0007, statreg=0x0290, cachelnsz=8 (dwords)\n\tlattimer=0x20 (960 ns), mingnt=0xff (63750 ns), maxlat=0xff (63750 ns)\n\tintpin=a, irq=5\n\tpowerspec 2  supports D0 D1 D2 D3  current D0\n\tmap[10]: type I/O Port, range 32, base 0x9800, size  8, enabled\n\tmap[14]: type Memory, range 32, base 0x80102000, size 10, enabled\n$PIR: 0:16 INTA routed to irq 5\nagp0: \u003cIntel 82443LX (440 LX) host to PCI bridge\u003e on hostb0\nhostb0: Reserved 0x4000000 bytes for rid 0x10 type 3 at 0xe0000000\nagp0: allocating GATT for aperture of size 64M\npcib1: \u003cPCIBIOS PCI-PCI bridge\u003e at device 1.0 on pci0\npcib1:   domain            0\npcib1:   secondary bus     1\npcib1:   subordinate bus   1\npcib1:   I/O decode        0xa000-0xafff\npcib1:   memory decode     0x80200000-0x802fffff\npcib1:   prefetched decode 0x80300000-0x820fffff\npci1: \u003cPCI bus\u003e on pcib1\npci1: domain=0, physical bus=1\nfound-\u003e\tvendor=0x1002, dev=0x4742, revid=0x5c\n domain=0, bus=1, slot=0, func=0\n class=03-00-00, hdrtype=0x00, mfdev=0\n cmdreg=0x0087, statreg=0x0290, cachelnsz=8 (dwords)\n lattimer=0x20 (960 ns), mingnt=0x08 (2000 ns), maxlat=0x00 (0 ns)\n map[10]: type Prefetchable Memory, range 32, base 0x81000000, size 24, enabled\npcib1: requested memory range 0x81000000-0x81ffffff: good\n\tmap[14]: type I/O Port, range 32, base 0xa000, size  8, enabled\npcib1: requested I/O range 0xa000-0xa0ff: in range\n\tmap[18]: type Memory, range 32, base 0x80200000, size 12, enabled\npcib1: requested memory range 0x80200000-0x80200fff: good\nvgapci0: \u003cVGA-compatible display\u003e port 0xa000-0xa0ff \n  mem 0x81000000-0x81ffffff,0x80200000-0x80200fff at device 0.0 on pci1\nisab0: \u003cPCI-ISA bridge\u003e at device 7.0 on pci0\nisa0: \u003cISA bus\u003e on isab0\natapci0: \u003cIntel PIIX4 UDMA33 controller\u003e \n port 0x1f0-0x1f7,0x3f6,0x170-0x177,0x376,0xb030-0xb03f at device 7.1 on pci0\natapci0: Reserved 0x10 bytes for rid 0x20 type 4 at 0xb030\nata0: \u003cATA channel 0\u003e on atapci0\natapci0: Reserved 0x8 bytes for rid 0x10 type 4 at 0x1f0\natapci0: Reserved 0x1 bytes for rid 0x14 type 4 at 0x3f6\nata0: reset tp1 mask=03 ostat0=50 ostat1=00\nata0: stat0=0x50 err=0x01 lsb=0x00 msb=0x00\nata0: stat1=0x00 err=0x01 lsb=0x00 msb=0x00\nata0: reset tp2 stat0=50 stat1=00 devices=0x1\u003cATA_MASTER\u003e\nata0: [MPSAFE]\nata0: [ITHREAD]\nata1: \u003cATA channel 1\u003e on atapci0\natapci0: Reserved 0x8 bytes for rid 0x18 type 4 at 0x170\natapci0: Reserved 0x1 bytes for rid 0x1c type 4 at 0x376\nata1: reset tp1 mask=03 ostat0=50 ostat1=01\nata1: stat0=0x00 err=0x01 lsb=0x14 msb=0xeb\nata1: stat1=0x01 err=0x00 lsb=0x00 msb=0x00\nata1: stat1=0x01 err=0x00 lsb=0x00 msb=0x00\nata1: stat1=0x01 err=0x00 lsb=0x00 msb=0x00\n..\n[309 times: ata1: stat1=0x01 err=0x00 lsb=0x00 msb=0x00\n..\nata1: stat1=0x01 err=0x00 lsb=0x00 msb=0x00\nata1: stat1=0x01 err=0x00 lsb=0x00 msb=0x00\nata1: stat1=0x01 err=0x00 lsb=0x00 msb=0x00\nata1: reset tp2 stat0=00 stat1=81 devices=0x4\u003cATAPI_MASTER\u003e\nata1: [MPSAFE]\nata1: [ITHREAD]\nuhci0: \u003cIntel 82371AB/EB (PIIX4) USB controller\u003e \n port 0xb000-0xb01f irq 5 at device 7.2 on pci0\nuhci0: Reserved 0x20 bytes for rid 0x20 type 4 at 0xb000\nuhci0: [GIANT-LOCKED]\nuhci0: [ITHREAD]\nusb0: \u003cIntel 82371AB/EB (PIIX4) USB controller\u003e on uhci0\nusb0: USB revision 1.0\nuhub0: \u003cIntel UHCI root hub, class 9/0, rev 1.00/1.00, addr 1\u003e on usb0\nuhub0: 2 ports with 2 removable, self powered\npiix0: \u003cPIIX Timecounter\u003e port 0x800-0x80f at device 7.3 on pci0\nTimecounter \"PIIX\" frequency 3579545 Hz quality 0\nahc0: \u003cAdaptec 2940 Ultra SCSI adapter\u003e port 0x9400-0x94ff mem 0x80101000-0x80101fff irq 11 at device 15.0 on pci0\nahc0: Defaulting to MEMIO off\nahc0: Reserved 0x100 bytes for rid 0x10 type 4 at 0x9400\nahc0: Reading SEEPROM...done.\nahc0: Low byte termination Enabled\nahc0: Downloading Sequencer Program... 439 instructions downloaded\nahc0: Features 0x10000, Bugs 0x25, Flags 0x20401540\nahc0: [MPSAFE]\nahc0: [ITHREAD]\naic7880: Single Channel A, SCSI Id=7, 16/253 SCBs\ndc0: \u003cADMtek AN985 10/100BaseTX\u003e port 0x9800-0x98ff \n mem 0x80102000-0x801023ff irq 5 at device 16.0 on pci0\ndc0: Reserved 0x100 bytes for rid 0x10 type 4 at 0x9800\nmiibus0: \u003cMII bus\u003e on dc0\nukphy0: \u003cGeneric IEEE 802.3u media interface\u003e PHY 1 on miibus0\nukphy0: OUI 0x000749, model 0x0001, rev. 1\nukphy0:  10baseT, 10baseT-FDX, 100baseTX, 100baseTX-FDX, auto\ndc0: bpf attached\ndc0: Ethernet address: 00:10:a7:17:d8:c2\ndc0: [MPSAFE]\ndc0: [ITHREAD]\nunknown: status reg test failed ff\nunknown: status reg test failed ff\nunknown: status reg test failed ff\nunknown: status reg test failed ff\nunknown: status reg test failed ff\nunknown: status reg test failed ff\nex_isa_identify()\nata: ata0 already exists; skipping it\nata: ata1 already exists; skipping it\npnp_identify: Trying Read_Port at 203\nCSC0000: start dependent (0)\nCSC0000: adding dma mask 0x2\nCSC0000: adding dma mask 0x9\nCSC0000: adding irq mask 0x20\nCSC0000: adding io range 0x534-0x537, size=0x4, align=0x4\nCSC0000: adding io range 0x388-0x38f, size=0x8, align=0x8\nCSC0000: adding io range 0x220-0x22f, size=0x10, align=0x20\nCSC0000: start dependent (1)\nCSC0000: adding dma mask 0xa\nCSC0000: adding dma mask 0xb\nCSC0000: adding irq mask 0xea8\nCSC0000: adding io range 0x534-0xfff, size=0x4, align=0x4\nCSC0000: adding io range 0x388-0x38f, size=0x8, align=0x8\nCSC0000: adding io range 0x220-0x26f, size=0x10, align=0x20\nCSC0000: start dependent (2)\nCSC0000: adding dma mask 0xb\nCSC0000: adding irq mask 0xea8\nCSC0000: adding io range 0x534-0xfff, size=0x4, align=0x4\nCSC0000: adding io range 0x388-0x3ff, size=0x8, align=0x8\nCSC0000: adding io range 0x220-0x30f, size=0x10, align=0x20\nCSC0000: end dependent\nCSC0001: start dependent (0)\nCSC0001: adding io range 0x200-0x207, size=0x8, align=0x8\nCSC0001: start dependent (1)\nCSC0001: adding io range 0x208-0x20f, size=0x8, align=0x8\nCSC0001: end dependent\nCSC0010: adding io range 0x120-0xfff, size=0x8, align=0x8\nCSC0003: start dependent (0)\nCSC0003: adding irq mask 0x200\nCSC0003: adding io range 0x330-0x331, size=0x2, align=0x8\nCSC0003: start dependent (1)\nCSC0003: adding irq mask 0xe08\nCSC0003: adding io range 0x330-0x361, size=0x2, align=0x8\nCSC0003: start dependent (2)\nCSC0003: adding io range 0x330-0x3e1, size=0x2, align=0x8\nCSC0003: end dependent\nPNP Identify complete\npnpbios: 14 devices, largest 126 bytes\nPNP0a03: adding io range 0xcf8-0xcff, size=0x8, align=0\nPNP0a03: adding io range 0x4d0-0x4d1, size=0x2, align=0\npnpbios: handle 0 device ID PNP0a03 (030ad041)\nPNP0200: adding io range 0-0xf, size=0x10, align=0\nPNP0200: adding io range 0x81-0x8f, size=0xf, align=0\nPNP0200: adding io range 0xc0-0xdf, size=0x20, align=0\nPNP0200: adding dma mask 0x10\npnpbios: handle 2 device ID PNP0200 (0002d041)\nPNP0100: adding io range 0x40-0x43, size=0x4, align=0\nPNP0100: adding irq mask 0x1\npnpbios: handle 3 device ID PNP0100 (0001d041)\nPNP0b00: adding io range 0x70-0x71, size=0x2, align=0\nPNP0b00: adding irq mask 0x100\npnpbios: handle 4 device ID PNP0b00 (000bd041)\nPNP0800: adding io range 0x61-0x61, size=0x1, align=0\npnpbios: handle 5 device ID PNP0800 (0008d041)\nPNP0c04: adding io range 0xf0-0xff, size=0x10, align=0\nPNP0c04: adding irq mask 0x2000\npnpbios: handle 6 device ID PNP0c04 (040cd041)\nPNP0c01: adding memory range 0-0x9ffff, size=0xa0000, align=0\nPNP0c01: adding memory range 0xe0000-0xebfff, size=0xc000, align=0\nPNP0c01: adding memory range 0xf0000-0xfffff, size=0x10000, align=0\nPNP0c01: adding memory32 range 0xfffe0000-0xffffffff, size=0x20000, align=0\npnpbios: handle 7 device ID PNP0c01 (010cd041)\nPNP0c02: adding memory32 range 0x100000-0xffffff, size=0xf00000, align=0\nPNP0c02: adding memory32 range 0x1000000-0x5ffffff, size=0x5000000, align=0\nPNP0c02: adding io range 0x80-0x80, size=0x1, align=0\nPNP0c02: adding io range 0x92-0x92, size=0x1, align=0\nPNP0c02: adding io range 0x440-0x47f, size=0x40, align=0\nPNP0c02: adding io range 0x800-0x80f, size=0x10, align=0\npnpbios: handle 8 device ID PNP0c02 (020cd041)\nPNP0303: adding io range 0x60-0x60, size=0x1, align=0\nPNP0303: adding io range 0x64-0x64, size=0x1, align=0\nPNP0303: adding irq mask 0x2\npnpbios: handle 9 device ID PNP0303 (0303d041)\nPNP0f13: adding irq mask 0x1000\npnpbios: handle 10 device ID PNP0f13 (130fd041)\nPNP0400: adding irq mask 0x80\nPNP0400: adding io range 0x378-0x37f, size=0x8, align=0\npnpbios: handle 11 device ID PNP0400 (0004d041)\nPNP0501: adding irq mask 0x8\nPNP0501: adding io range 0x2f8-0x2ff, size=0x8, align=0\npnpbios: handle 13 device ID PNP0501 (0105d041)\nPNP0700: adding io range 0x3f0-0x3f5, size=0x6, align=0\nPNP0700: adding io range 0x3f7-0x3f7, size=0x1, align=0\nPNP0700: adding irq mask 0x40\nPNP0700: adding dma mask 0x4\npnpbios: handle 14 device ID PNP0700 (0007d041)\nsc: sc0 already exists; skipping it\nvga: vga0 already exists; skipping it\nisa_probe_children: disabling PnP devices\nisa_probe_children: probing non-PnP devices\npmtimer0 on isa0\norm0: \u003cISA Option ROMs\u003e at iomem 0xc0000-0xc7fff,0xc8000-0xc87ff \n pnpid ORM0000 on isa0\nadv0: not probed (disabled)\naha0: not probed (disabled)\naic0: not probed (disabled)\natkbdc0: \u003cKeyboard controller (i8042)\u003e at port 0x60,0x64 on isa0\natkbd0: \u003cAT Keyboard\u003e irq 1 on atkbdc0\natkbd: the current kbd controller command byte 0065\natkbd: keyboard ID 0x41ab (2)\nkbd0 at atkbd0\nkbd0: atkbd0, AT 101/102 (2), config:0x0, flags:0x3d0000\natkbd0: [GIANT-LOCKED]\natkbd0: [ITHREAD]\npsm0: current command byte:0065\npsm0: \u003cPS/2 Mouse\u003e irq 12 on atkbdc0\npsm0: [GIANT-LOCKED]\npsm0: [ITHREAD]\npsm0: model IntelliMouse, device ID 3-00, 3 buttons\npsm0: config:00000000, flags:00000008, packet size:4\npsm0: syncmask:08, syncbits:00\nbt0: not probed (disabled)\ncs0: not probed (disabled)\ned0: not probed (disabled)\nfdc0: ic_type 90 part_id 80\nfdc0: \u003cEnhanced floppy controller\u003e at port 0x3f0-0x3f5,0x3f7 \n irq 6 drq 2 on isa0\nfdc0: ic_type 90 part_id 80\nfdc0: [FILTER]\nfd0: \u003c1440-KB 3.5\" drive\u003e on fdc0 drive 0\nfe0: not probed (disabled)\nie0: not probed (disabled)\nle0: not probed (disabled)\nppc0: parallel port found at 0x378\nppc0: using extended I/O port range\nppc0: EPP SPP\nppc0: \u003cParallel port\u003e at port 0x378-0x37f irq 7 on isa0\nppc0: Generic chipset (EPP/NIBBLE) in COMPATIBLE mode\nppbus0: \u003cParallel port bus\u003e on ppc0\nppbus0: [MPSAFE]\nppbus0: [ITHREAD]\nplip0: \u003cPLIP network interface\u003e on ppbus0\nplip0: bpf attached\nlpt0: \u003cPrinter\u003e on ppbus0\nlpt0: Interrupt-driven port\nppi0: \u003cParallel I/O\u003e on ppbus0\nppc0: [GIANT-LOCKED]\nppc0: [ITHREAD]\nsc0: \u003cSystem console\u003e at flags 0x100 on isa0\nsc0: VGA \u003c16 virtual consoles, flags=0x300\u003e\nsc0: fb0, kbd1, terminal emulator: sc (syscons terminal)\nsio0: configured irq 4 not in bitmap of probed irqs 0\nsio0: port may not be enabled\nsio0: irq maps: 0x1 0x1 0x1 0x1\nsio0: probe failed test(s): 0 1 2 4 6 7 9\nsio0: configured irq 4 not in bitmap of probed irqs 0\nsio0: port may not be enabled\nsio0: irq maps: 0x1 0x1 0x1 0x1\nsio0: probe failed test(s): 0 1 2 4 6 7 9\nsio0 at port 0x3f8-0x3ff irq 4 flags 0x10 on isa0\nsio0: type 8250 or not responding\nsio0: [FILTER]\nsio1: irq maps: 0x1 0x9 0x1 0x1\nsio1: irq maps: 0x1 0x9 0x1 0x1\nsio1 at port 0x2f8-0x2ff irq 3 on isa0\nsio1: type 16550A\nsio1: [FILTER]\nsio2: not probed (disabled)\nsio3: not probed (disabled)\nsn0: not probed (disabled)\nvga0: \u003cGeneric ISA VGA\u003e at port 0x3c0-0x3df iomem 0xa0000-0xbffff on isa0\nvt0: not probed (disabled)\nisa_probe_children: probing PnP devices\nunknown: \u003cPNP0800\u003e failed to probe at port 0x61 pnpid PNP0800 on isa0\nunknown: \u003cPNP0c01\u003e can't assign resources (memory)\nunknown: \u003cPNP0c01\u003e at iomem 0-0x9ffff pnpid PNP0c01 on isa0\nunknown: \u003cPNP0c02\u003e can't assign resources (memory)\nunknown: \u003cPNP0c02\u003e at iomem 0x100000-0xffffff pnpid PNP0c02 on isa0\nunknown: \u003cPNP0303\u003e can't assign resources (port)\nunknown: \u003cPNP0303\u003e at port 0x60 pnpid PNP0303 on isa0\nunknown: \u003cPNP0f13\u003e can't assign resources (irq)\nunknown: \u003cPNP0f13\u003e at irq 12 pnpid PNP0f13 on isa0\nunknown: \u003cPNP0400\u003e can't assign resources (port)\nunknown: \u003cPNP0400\u003e at port 0x378-0x37f pnpid PNP0400 on isa0\nunknown: \u003cPNP0501\u003e can't assign resources (port)\nunknown: \u003cPNP0501\u003e at port 0x2f8-0x2ff pnpid PNP0501 on isa0\nunknown: \u003cPNP0700\u003e can't assign resources (port)\nunknown: \u003cPNP0700\u003e at port 0x3f0-0x3f5 pnpid PNP0700 on isa0\nunknown: \u003cWSS/SB\u003e failed to probe at port 0x534-0x537,0x388-0x38f,0x220-0x22f \n irq 9 drq 1,0 pnpid CSC8037 on isa0\nunknown: \u003cGAME\u003e failed to probe at port 0x200-0x207 pnpid CSC8037 on isa0\nunknown: \u003cCTRL\u003e failed to probe at port 0x120-0x127 pnpid CSC8037 on isa0\nunknown: \u003cMPU\u003e failed to probe at port 0x330-0x331 irq 10 pnpid CSC8037 on isa0\nDevice configuration finished.\nprocfs registered\nTimecounter \"TSC\" frequency 298731298 Hz quality 800\nTimecounters tick every 1.000 msec\nlo0: bpf attached\nhptrr: no controller detected.\nata0-master: pio=PIO4 wdma=WDMA2 udma=UDMA66 cable=80 wire\nad0: setting PIO4 on PIIX4 chip\nad0: setting UDMA33 on PIIX4 chip\nad0: 19546MB \u003cFUJITSU MPF3204AT 0031\u003e at ata0-master UDMA33\nad0: 40031712 sectors [39714C/16H/63S] 16 sectors/interrupt 1 depth queue\nad0: Intel check1 failed\nad0: Adaptec check1 failed\nad0: LSI (v3) check1 failed\nad0: LSI (v2) check1 failed\nad0: FreeBSD check1 failed\nata1-master: pio=PIO4 wdma=WDMA2 udma=UNSUPPORTED cable=40 wire\nacd0: setting PIO4 on PIIX4 chip\nacd0: \u003cRICOH CD-R/RW MP7063A/1.90\u003e CDRW drive at ata1 as master\nacd0: read 5512KB/s (5512KB/s) write 1034KB/s (1034KB/s), 2048KB buffer, PIO4\nacd0: Reads: CDR, CDRW, CDDA stream, packet\nacd0: Writes: CDR, CDRW, test write\nacd0: Audio: play, 15 volume levels\nacd0: Mechanism: ejectable tray, unlocked\nacd0: Medium: no/blank disc\nWaiting 5 seconds for SCSI devices to settle\n(noperiph:ahc0:0:-1:-1): SCSI bus reset delivered. 0 SCBs aborted.\nGEOM: new disk ad0\nGEOM_LABEL: Label for provider ad0s1 is msdosfs/APTIVA.\nGEOM_LABEL: Label for provider ad0s4 is msdosfs/CYLINDRICAL.\nahc0: Selection Timeout on A:0. 0 SCBs aborted\n(ahc0:A:1:0): Received SDTR period c, offset 1e\n\tFiltered to period 0, offset 0\n(ahc0:A:1:0): Target Initiated SDTR\n(ahc0:A:1:0): Sending SDTR period 45, offset 0\nahc0: Selection Timeout on A:2. 0 SCBs aborted\nahc0: Selection Timeout on A:5. 0 SCBs aborted\nahc0: Selection Timeout on A:6. 0 SCBs aborted\nahc0: Selection Timeout on A:3. 0 SCBs aborted\nahc0: Selection Timeout on A:4. 0 SCBs aborted\n(probe1:ahc0:0:1:0): Retrying Command\n(probe1:ahc0:0:1:0): Down reving Protocol Version from 4 to 3?\n(ahc0:A:1:0): Sending SDTR period 19, offset f\n(ahc0:A:1:0): Received SDTR period 19, offset f\n\tFiltered to period 19, offset f\nahc0: target 1 synchronous at 10.0MHz, offset = 0xf\nGEOM: new disk da0da0 at ahc0 bus 0 target 1 lun 0\nda0: \u003cIBM DGHS09Y 03E0\u003e Fixed Direct Access SCSI-3 device \nda0: Serial Number       682AC648GA\nda0: 10.000MB/s transfers (10.000MHz, offset 15)\nda0: Command Queueing Enabled\nda0: 8748MB (17916240 512 byte sectors: 255H 63S/T 1115C)\n\npass0 at ahc0 bus 0 target 1 lun 0\npass0: \u003cIBM DGHS09Y 03E0\u003e Fixed Direct Access SCSI-3 device \npass0: Serial Number       682AC648GA\npass0: 10.000MB/s transfers (10.000MHz, offset 15)\npass0: Command Queueing Enabled\nATA PseudoRAID loaded\nTrying to mount root from ufs:/dev/ad0s3a\nstart_init: trying /sbin/init\nLinux ELF exec handler installed\nsplash: image decoder found: blank_saver"
}