{
 "id": 676836,
 "bug_id": 170276,
 "attachment_id": 0,
 "creation_time": "2012-07-30T13:40:07Z",
 "creator": "vermaden@interia.pl",
 "text": "Hi,\n\nFreeBSD freezes after trying to play any video file with mplayer or vlc after resume from suspend.\n\nThis is Dell Latitude E6400 laptop with Intel X4500 graphics, below are mine dmesg and pciconf output.\n\nDMESG\n-------------------------------------------------------------------------------\nCopyright (c) 1992-2012 The FreeBSD Project.\nCopyright (c) 1979, 1980, 1983, 1986, 1988, 1989, 1991, 1992, 1993, 1994\n\tThe Regents of the University of California. All rights reserved.\nFreeBSD is a registered trademark of The FreeBSD Foundation.\nFreeBSD 9.1-PRERELEASE #0 r238896: Mon Jul 30 12:24:22 CEST 2012\n    root@e6400.domain.com:/usr/obj/usr/src/sys/GENERIC amd64\nCPU: Intel(R) Core(TM)2 Duo CPU     P8600  @ 2.40GHz (2394.05-MHz K8-class CPU)\n  Origin = \"GenuineIntel\"  Id = 0x10676  Family = 6  Model = 17  Stepping = 6\n  Features=0xbfebfbff\u003cFPU,VME,DE,PSE,TSC,MSR,PAE,MCE,CX8,APIC,SEP,MTRR,PGE,MCA,CMOV,PAT,PSE36,CLFLUSH,DTS,ACPI,MMX,FXSR,SSE,SSE2,SS,HTT,TM,PBE\u003e\n  Features2=0x8e3fd\u003cSSE3,DTES64,MON,DS_CPL,VMX,SMX,EST,TM2,SSSE3,CX16,xTPR,PDCM,SSE4.1\u003e\n  AMD Features=0x20100800\u003cSYSCALL,NX,LM\u003e\n  AMD Features2=0x1\u003cLAHF\u003e\n  TSC: P-state invariant, performance statistics\nreal memory  = 8589934592 (8192 MB)\navail memory = 8192307200 (7812 MB)\nEvent timer \"LAPIC\" quality 400\nACPI APIC Table: \u003cDELL   M09    \u003e\nFreeBSD/SMP: Multiprocessor System Detected: 2 CPUs\nFreeBSD/SMP: 1 package(s) x 2 core(s)\n cpu0 (BSP): APIC ID:  0\n cpu1 (AP): APIC ID:  1\nioapic0: Changing APIC ID to 2\nioapic0 \u003cVersion 2.0\u003e irqs 0-23 on motherboard\nkbd1 at kbdmux0\ncryptosoft0: \u003csoftware crypto\u003e on motherboard\nacpi0: \u003cDELL M09    \u003e on motherboard\nTimecounter \"HPET\" frequency 14318180 Hz quality 950\nEvent timer \"HPET\" frequency 14318180 Hz quality 450\nEvent timer \"HPET1\" frequency 14318180 Hz quality 440\nEvent timer \"HPET2\" frequency 14318180 Hz quality 440\nEvent timer \"HPET3\" frequency 14318180 Hz quality 440\nacpi0: reservation of 0, 9f000 (3) failed\nacpi0: reservation of 100000, dcf4d400 (3) failed\ncpu0: \u003cACPI CPU\u003e on acpi0\ncpu1: \u003cACPI CPU\u003e on acpi0\natrtc0: \u003cAT realtime clock\u003e port 0x70-0x71,0x72-0x77 irq 8 on acpi0\nattimer0: \u003cAT timer\u003e port 0x40-0x43,0x50-0x53 irq 2 on acpi0\nTimecounter \"i8254\" frequency 1193182 Hz quality 0\nEvent timer \"i8254\" frequency 1193182 Hz quality 100\nTimecounter \"ACPI-fast\" frequency 3579545 Hz quality 900\nacpi_timer0: \u003c24-bit timer at 3.579545MHz\u003e port 0x1008-0x100b on acpi0\nacpi_ec0: \u003cEmbedded Controller: GPE 0x11\u003e port 0x930,0x934 on acpi0\npcib0: \u003cACPI Host-PCI bridge\u003e port 0xcf8-0xcff on acpi0\npci0: \u003cACPI PCI bus\u003e on pcib0\nvgapci0: \u003cVGA-compatible display\u003e port 0xef98-0xef9f mem 0xf6c00000-0xf6ffffff,0xe0000000-0xefffffff irq 16 at device 2.0 on pci0\nagp0: \u003cIntel GM45 SVGA controller\u003e on vgapci0\nagp0: aperture size is 256M, detected 32764k stolen memory\nvgapci1: \u003cVGA-compatible display\u003e mem 0xf6b00000-0xf6bfffff at device 2.1 on pci0\nem0: \u003cIntel(R) PRO/1000 Network Connection 7.3.2\u003e port 0xefe0-0xefff mem 0xf6ae0000-0xf6afffff,0xf6adb000-0xf6adbfff irq 22 at device 25.0 on pci0\nem0: Using an MSI interrupt\nem0: Ethernet address: 00:21:70:cd:51:7e\nuhci0: \u003cIntel 82801I (ICH9) USB controller\u003e port 0x6f60-0x6f7f irq 20 at device 26.0 on pci0\nuhci0: LegSup = 0x2f00\nusbus0 on uhci0\nuhci1: \u003cIntel 82801I (ICH9) USB controller\u003e port 0x6f80-0x6f9f irq 21 at device 26.1 on pci0\nuhci1: LegSup = 0x2f00\nusbus1 on uhci1\nuhci2: \u003cIntel 82801I (ICH9) USB controller\u003e port 0x6fa0-0x6fbf irq 22 at device 26.2 on pci0\nuhci2: LegSup = 0x2f00\nusbus2 on uhci2\nehci0: \u003cIntel 82801I (ICH9) USB 2.0 controller\u003e mem 0xfed1c400-0xfed1c7ff irq 22 at device 26.7 on pci0\nusbus3: EHCI version 1.0\nusbus3 on ehci0\nhdac0: \u003cIntel 82801I HDA Controller\u003e mem 0xf6adc000-0xf6adffff irq 21 at device 27.0 on pci0\npcib1: \u003cACPI PCI-PCI bridge\u003e at device 28.0 on pci0\npci11: \u003cACPI PCI bus\u003e on pcib1\npcib2: \u003cACPI PCI-PCI bridge\u003e at device 28.1 on pci0\npci12: \u003cACPI PCI bus\u003e on pcib2\niwn0: \u003cIntel Ultimate N WiFi Link 5300\u003e mem 0xf69fe000-0xf69fffff irq 17 at device 0.0 on pci12\npcib3: \u003cACPI PCI-PCI bridge\u003e at device 28.2 on pci0\npci13: \u003cACPI PCI bus\u003e on pcib3\nuhci3: \u003cIntel 82801I (ICH9) USB controller\u003e port 0x6f00-0x6f1f irq 20 at device 29.0 on pci0\nuhci3: LegSup = 0x2f00\nusbus4 on uhci3\nuhci4: \u003cIntel 82801I (ICH9) USB controller\u003e port 0x6f20-0x6f3f irq 21 at device 29.1 on pci0\nuhci4: LegSup = 0x2f00\nusbus5 on uhci4\nuhci5: \u003cIntel 82801I (ICH9) USB controller\u003e port 0x6f40-0x6f5f irq 22 at device 29.2 on pci0\nuhci5: LegSup = 0x2f00\nusbus6 on uhci5\nehci1: \u003cIntel 82801I (ICH9) USB 2.0 controller\u003e mem 0xfed1c000-0xfed1c3ff irq 20 at device 29.7 on pci0\nusbus7: EHCI version 1.0\nusbus7 on ehci1\npcib4: \u003cACPI PCI-PCI bridge\u003e at device 30.0 on pci0\npci3: \u003cACPI PCI bus\u003e on pcib4\nisab0: \u003cPCI-ISA bridge\u003e at device 31.0 on pci0\nisa0: \u003cISA bus\u003e on isab0\nahci0: \u003cIntel ICH9M AHCI SATA controller\u003e port 0x6e70-0x6e77,0x6e78-0x6e7b,0x6e80-0x6e87,0x6e88-0x6e8b,0x6ea0-0x6ebf mem 0xfed1c800-0xfed1cfff irq 19 at device 31.2 on pci0\nahci0: AHCI v1.20 with 4 3Gbps ports, Port Multiplier supported\nahcich0: \u003cAHCI channel\u003e at channel 0 on ahci0\nahcich1: \u003cAHCI channel\u003e at channel 1 on ahci0\nahcich4: \u003cAHCI channel\u003e at channel 4 on ahci0\nahcich5: \u003cAHCI channel\u003e at channel 5 on ahci0\npci0: \u003cserial bus, SMBus\u003e at device 31.3 (no driver attached)\nacpi_lid0: \u003cControl Method Lid Switch\u003e on acpi0\nacpi_button0: \u003cPower Button\u003e on acpi0\nacpi_button1: \u003cSleep Button\u003e on acpi0\nacpi_acad0: \u003cAC Adapter\u003e on acpi0\nbattery0: \u003cACPI Control Method Battery\u003e on acpi0\nbattery1: \u003cACPI Control Method Battery\u003e on acpi0\nacpi_tz0: \u003cThermal Zone\u003e on acpi0\natkbdc0: \u003cKeyboard controller (i8042)\u003e port 0x60,0x64,0x62,0x66 irq 1 on acpi0\natkbd0: \u003cAT Keyboard\u003e irq 1 on atkbdc0\nkbd0 at atkbd0\natkbd0: [GIANT-LOCKED]\npsm0: \u003cPS/2 Mouse\u003e irq 12 on atkbdc0\npsm0: [GIANT-LOCKED]\npsm0: model GlidePoint, device ID 0\nuart1: \u003c16550 or compatible\u003e port 0x2f8-0x2ff irq 3 on acpi0\norm0: \u003cISA Option ROM\u003e at iomem 0xc0000-0xcffff on isa0\nsc0: \u003cSystem console\u003e at flags 0x100 on isa0\nsc0: VGA \u003c16 virtual consoles, flags=0x300\u003e\nvga0: \u003cGeneric ISA VGA\u003e at port 0x3c0-0x3df iomem 0xa0000-0xbffff on isa0\nppc0: cannot reserve I/O port range\nctl: CAM Target Layer loaded\ncoretemp0: \u003cCPU On-Die Thermal Sensors\u003e on cpu0\nest0: \u003cEnhanced SpeedStep Frequency Control\u003e on cpu0\ncoretemp1: \u003cCPU On-Die Thermal Sensors\u003e on cpu1\nest1: \u003cEnhanced SpeedStep Frequency Control\u003e on cpu1\nZFS filesystem version 5\nZFS storage pool version 28\nTimecounters tick every 10.000 msec\nvboxdrv: fAsync=0 offMin=0x171 offMax=0x2be\nhdacc0: \u003cIDT 92HD71B7 HDA CODEC\u003e at cad 0 on hdac0\nhdaa0: \u003cIDT 92HD71B7 Audio Function Group\u003e at nid 1 on hdacc0\npcm0: \u003cIDT 92HD71B7 (Analog 2.0+HP)\u003e at nid 13,10 on hdaa0\npcm1: \u003cIDT 92HD71B7 (Ext-Left Analog Line-out)\u003e at nid 15 on hdaa0\nhdacc1: \u003cIntel Cantiga HDA CODEC\u003e at cad 2 on hdac0\nhdaa1: \u003cIntel Cantiga Audio Function Group\u003e at nid 1 on hdacc1\npcm2: \u003cIntel Cantiga (HDMI 8ch)\u003e at nid 3 on hdaa1\nusbus0: 12Mbps Full Speed USB v1.0\nusbus1: 12Mbps Full Speed USB v1.0\nusbus2: 12Mbps Full Speed USB v1.0\nusbus3: 480Mbps High Speed USB v2.0\nusbus4: 12Mbps Full Speed USB v1.0\nusbus5: 12Mbps Full Speed USB v1.0\nusbus6: 12Mbps Full Speed USB v1.0\nusbus7: 480Mbps High Speed USB v2.0\nugen0.1: \u003cIntel\u003e at usbus0\nuhub0: \u003cIntel UHCI root HUB, class 9/0, rev 1.00/1.00, addr 1\u003e on usbus0\nugen1.1: \u003cIntel\u003e at usbus1\nuhub1: \u003cIntel UHCI root HUB, class 9/0, rev 1.00/1.00, addr 1\u003e on usbus1\nugen2.1: \u003cIntel\u003e at usbus2\nuhub2: \u003cIntel UHCI root HUB, class 9/0, rev 1.00/1.00, addr 1\u003e on usbus2\nugen3.1: \u003cIntel\u003e at usbus3\nuhub3: \u003cIntel EHCI root HUB, class 9/0, rev 2.00/1.00, addr 1\u003e on usbus3\nugen4.1: \u003cIntel\u003e at usbus4\nuhub4: \u003cIntel UHCI root HUB, class 9/0, rev 1.00/1.00, addr 1\u003e on usbus4\nugen5.1: \u003cIntel\u003e at usbus5\nuhub5: \u003cIntel UHCI root HUB, class 9/0, rev 1.00/1.00, addr 1\u003e on usbus5\nugen6.1: \u003cIntel\u003e at usbus6\nuhub6: \u003cIntel UHCI root HUB, class 9/0, rev 1.00/1.00, addr 1\u003e on usbus6\nugen7.1: \u003cIntel\u003e at usbus7\nuhub7: \u003cIntel EHCI root HUB, class 9/0, rev 2.00/1.00, addr 1\u003e on usbus7\nuhub0: 2 ports with 2 removable, self powered\nuhub1: 2 ports with 2 removable, self powered\nuhub2: 2 ports with 2 removable, self powered\nuhub4: 2 ports with 2 removable, self powered\nuhub5: 2 ports with 2 removable, self powered\nuhub6: 2 ports with 2 removable, self powered\nuhub3: 6 ports with 6 removable, self powered\nuhub7: 6 ports with 6 removable, self powered\nada0 at ahcich0 bus 0 scbus0 target 0 lun 0\nada0: \u003cINTEL SSDSA2M160G2GC 2CV102HD\u003e ATA-7 SATA 2.x device\nada0: 300.000MB/s transfers (SATA 2.x, UDMA6, PIO 8192bytes)\nada0: Command Queueing enabled\nada0: 152627MB (312581808 512 byte sectors: 16H 63S/T 16383C)\nada0: Previously was known as ad4\nSMP: AP CPU #1 Launched!\nEnter passphrase for ada0p3: ugen3.2: \u003cvendor 0x413c\u003e at usbus3\nuhub8: \u003cvendor 0x413c product 0x2513, class 9/0, rev 2.00/a0.05, addr 2\u003e on usbus3\nuhub8: MTT enabled\nugen7.2: \u003cDell\u003e at usbus7\ncdce0: \u003cDell Wireless 5530 HSPA Mobile Broadband Minicard NetworkAdapter\u003e on usbus7\nue0: \u003cUSB Ethernet\u003e on cdce0\nue0: Ethernet address: 02:80:37:ec:02:00\nuhub8: 3 ports with 3 removable, self powered\nugen0.2: \u003cBroadcom\u003e at usbus0\nuhub9: \u003cBroadcom BCM2046B1, class 9/0, rev 2.00/1.00, addr 2\u003e on usbus0\nugen4.2: \u003cLogitech\u003e at usbus4\nukbd0: \u003cLogitech USB Receiver, class 0/0, rev 2.00/12.01, addr 2\u003e on usbus4\nkbd2 at ukbd0\nums0: \u003cLogitech USB Receiver, class 0/0, rev 2.00/12.01, addr 2\u003e on usbus4\nums0: 16 buttons and [XYZT] coordinates ID=2\nuhid0: \u003cLogitech USB Receiver, class 0/0, rev 2.00/12.01, addr 2\u003e on usbus4\nuhub9: 3 ports with 0 removable, self powered\nugen3.3: \u003cvendor 0x413c\u003e at usbus3\nuhub10: \u003cvendor 0x413c product 0x2513, class 9/0, rev 2.00/a0.05, addr 3\u003e on usbus3\nuhub10: MTT enabled\nugen0.3: \u003cvendor 0x413c\u003e at usbus0\nukbd1: \u003cvendor 0x413c product 0x8157, class 0/0, rev 2.00/1.00, addr 3\u003e on usbus0\nkbd3 at ukbd1\nuhub10: 3 ports with 3 removable, self powered\nugen0.4: \u003cvendor 0x413c\u003e at usbus0\nums1: \u003cvendor 0x413c product 0x8158, class 0/0, rev 2.00/1.00, addr 4\u003e on usbus0\nums1: 3 buttons and [XY] coordinates ID=2\nugen3.4: \u003cvendor 0x0424\u003e at usbus3\nuhub11: \u003cvendor 0x0424 product 0x2514, class 9/0, rev 2.00/0.00, addr 4\u003e on usbus3\nuhub11: MTT enabled\nGEOM_ELI: Device ada0p3.eli created.\nGEOM_ELI: Encryption: AES-CBC 128\nGEOM_ELI:     Crypto: software\nTrying to mount root from zfs:sys/ROOT/default []...\nuhub11: 4 ports with 3 removable, self powered\nugen2.2: \u003cBroadcom Corp\u003e at usbus2\nugen3.5: \u003cDell\u003e at usbus3\nuhub12: \u003cDell USB Keyboard Hub\u003e on usbus3\nuhub12: 3 ports with 2 removable, bus powered\nugen3.6: \u003cDell\u003e at usbus3\nukbd2: \u003cDell USB Keyboard\u003e on usbus3\nkbd4 at ukbd2\nuhid1: \u003cDell USB Keyboard\u003e on usbus3\nugen3.7: \u003cvendor 0x0461\u003e at usbus3\nums2: \u003cvendor 0x0461 USB Optical Mouse, class 0/0, rev 2.00/2.00, addr 7\u003e on usbus3\nums2: 3 buttons and [XYZ] coordinates ID=0\nwlan0: Ethernet address: 00:21:6a:0b:59:08\numodem0: \u003cDell Wireless 5530 HSPA Mobile Broadband Minicard Modem\u003e on usbus7\numodem0: data interface 2, has CM over data, has break\numodem1: \u003cDell Wireless 5530 HSPA Mobile Broadband Minicard Modem 2\u003e on usbus7\numodem1: data interface 4, has CM over data, has break\numodem2: \u003cDell Wireless 5530 HSPA Mobile Broadband Minicard GPS Port\u003e on usbus7\numodem2: data interface 12, has CM over data, has break\numodem2: no data interface\ndevice_attach: umodem2 attach returned 6\numodem2: \u003cDell Wireless 5530 HSPA Mobile Broadband Minicard GPS Port\u003e on usbus7\numodem2: data interface 12, has CM over data, has break\numodem2: no data interface\ndevice_attach: umodem2 attach returned 6\nfuse4bsd: version 0.3.9-pre1, FUSE ABI 7.8\nwlan0: link state changed to UP\ndrm0: \u003cMobile Intel\\M-B\\M-. GM45 Express Chipset\u003e on vgapci0\ninfo: [drm] MSI enabled 1 message(s)\ninfo: [drm] AGP at 0xe0000000 256MB\ninfo: [drm] Initialized i915 1.6.0 20080730\n-------------------------------------------------------------------------------\n\nPCICONF\n-------------------------------------------------------------------------------\nhostb0@pci0:0:0:0:\tclass=0x060000 card=0x02331028 chip=0x2a408086 rev=0x07 hdr=0x00\n    vendor     = 'Intel Corporation'\n    device     = 'Mobile 4 Series Chipset Memory Controller Hub'\n    class      = bridge\n    subclass   = HOST-PCI\nvgapci0@pci0:0:2:0:\tclass=0x030000 card=0x02331028 chip=0x2a428086 rev=0x07 hdr=0x00\n    vendor     = 'Intel Corporation'\n    device     = 'Mobile 4 Series Chipset Integrated Graphics Controller'\n    class      = display\n    subclass   = VGA\nvgapci1@pci0:0:2:1:\tclass=0x038000 card=0x02331028 chip=0x2a438086 rev=0x07 hdr=0x00\n    vendor     = 'Intel Corporation'\n    device     = 'Mobile 4 Series Chipset Integrated Graphics Controller'\n    class      = display\nem0@pci0:0:25:0:\tclass=0x020000 card=0x02331028 chip=0x10f58086 rev=0x03 hdr=0x00\n    vendor     = 'Intel Corporation'\n    device     = '82567LM Gigabit Network Connection'\n    class      = network\n    subclass   = ethernet\nuhci0@pci0:0:26:0:\tclass=0x0c0300 card=0x02331028 chip=0x29378086 rev=0x03 hdr=0x00\n    vendor     = 'Intel Corporation'\n    device     = '82801I (ICH9 Family) USB UHCI Controller'\n    class      = serial bus\n    subclass   = USB\nuhci1@pci0:0:26:1:\tclass=0x0c0300 card=0x02331028 chip=0x29388086 rev=0x03 hdr=0x00\n    vendor     = 'Intel Corporation'\n    device     = '82801I (ICH9 Family) USB UHCI Controller'\n    class      = serial bus\n    subclass   = USB\nuhci2@pci0:0:26:2:\tclass=0x0c0300 card=0x02331028 chip=0x29398086 rev=0x03 hdr=0x00\n    vendor     = 'Intel Corporation'\n    device     = '82801I (ICH9 Family) USB UHCI Controller'\n    class      = serial bus\n    subclass   = USB\nehci0@pci0:0:26:7:\tclass=0x0c0320 card=0x02331028 chip=0x293c8086 rev=0x03 hdr=0x00\n    vendor     = 'Intel Corporation'\n    device     = '82801I (ICH9 Family) USB2 EHCI Controller'\n    class      = serial bus\n    subclass   = USB\nhdac0@pci0:0:27:0:\tclass=0x040300 card=0x02331028 chip=0x293e8086 rev=0x03 hdr=0x00\n    vendor     = 'Intel Corporation'\n    device     = '82801I (ICH9 Family) HD Audio Controller'\n    class      = multimedia\n    subclass   = HDA\npcib1@pci0:0:28:0:\tclass=0x060400 card=0x02331028 chip=0x29408086 rev=0x03 hdr=0x01\n    vendor     = 'Intel Corporation'\n    device     = '82801I (ICH9 Family) PCI Express Port 1'\n    class      = bridge\n    subclass   = PCI-PCI\npcib2@pci0:0:28:1:\tclass=0x060400 card=0x02331028 chip=0x29428086 rev=0x03 hdr=0x01\n    vendor     = 'Intel Corporation'\n    device     = '82801I (ICH9 Family) PCI Express Port 2'\n    class      = bridge\n    subclass   = PCI-PCI\npcib3@pci0:0:28:2:\tclass=0x060400 card=0x02331028 chip=0x29448086 rev=0x03 hdr=0x01\n    vendor     = 'Intel Corporation'\n    device     = '82801I (ICH9 Family) PCI Express Port 3'\n    class      = bridge\n    subclass   = PCI-PCI\nuhci3@pci0:0:29:0:\tclass=0x0c0300 card=0x02331028 chip=0x29348086 rev=0x03 hdr=0x00\n    vendor     = 'Intel Corporation'\n    device     = '82801I (ICH9 Family) USB UHCI Controller'\n    class      = serial bus\n    subclass   = USB\nuhci4@pci0:0:29:1:\tclass=0x0c0300 card=0x02331028 chip=0x29358086 rev=0x03 hdr=0x00\n    vendor     = 'Intel Corporation'\n    device     = '82801I (ICH9 Family) USB UHCI Controller'\n    class      = serial bus\n    subclass   = USB\nuhci5@pci0:0:29:2:\tclass=0x0c0300 card=0x02331028 chip=0x29368086 rev=0x03 hdr=0x00\n    vendor     = 'Intel Corporation'\n    device     = '82801I (ICH9 Family) USB UHCI Controller'\n    class      = serial bus\n    subclass   = USB\nehci1@pci0:0:29:7:\tclass=0x0c0320 card=0x02331028 chip=0x293a8086 rev=0x03 hdr=0x00\n    vendor     = 'Intel Corporation'\n    device     = '82801I (ICH9 Family) USB2 EHCI Controller'\n    class      = serial bus\n    subclass   = USB\npcib4@pci0:0:30:0:\tclass=0x060401 card=0x02331028 chip=0x24488086 rev=0x93 hdr=0x01\n    vendor     = 'Intel Corporation'\n    device     = '82801 Mobile PCI Bridge'\n    class      = bridge\n    subclass   = PCI-PCI\nisab0@pci0:0:31:0:\tclass=0x060100 card=0x02331028 chip=0x29178086 rev=0x03 hdr=0x00\n    vendor     = 'Intel Corporation'\n    device     = 'ICH9M-E LPC Interface Controller'\n    class      = bridge\n    subclass   = PCI-ISA\nahci0@pci0:0:31:2:\tclass=0x010601 card=0x02331028 chip=0x29298086 rev=0x03 hdr=0x00\n    vendor     = 'Intel Corporation'\n    device     = 'ICH9M/M-E SATA AHCI Controller'\n    class      = mass storage\n    subclass   = SATA\nnone0@pci0:0:31:3:\tclass=0x0c0500 card=0x02331028 chip=0x29308086 rev=0x03 hdr=0x00\n    vendor     = 'Intel Corporation'\n    device     = '82801I (ICH9 Family) SMBus Controller'\n    class      = serial bus\n    subclass   = SMBus\niwn0@pci0:12:0:0:\tclass=0x028000 card=0x11218086 chip=0x42358086 rev=0x00 hdr=0x00\n    vendor     = 'Intel Corporation'\n    device     = 'Ultimate N WiFi Link 5300'\n    class      = network\n-------------------------------------------------------------------------------\n\nRegards,\nvermaden\n\nHow-To-Repeat: 1. Boot FreeBSD into X11.\n2. Type as root 'zzz' into terminal.\n3. Resume the laptop fomr suspend.\n4. Play any video file with mplayer or vlc."
}