{
 "id": 505763,
 "bug_id": 135961,
 "attachment_id": 0,
 "creation_time": "2009-06-23T17:35:36Z",
 "creator": "info@martenvijn.nl",
 "text": "for 7.2 the same regression:\n\nFreeBSD master.nek.org 7.2-RELEASE-p1 FreeBSD 7.2-RELEASE-p1 #3: Tue Jun\n23 14:49:49 CEST 2009\nroot@master.nek.org:/usr/obj/usr/src/sys/GENERIC  i386\n\n\nCopyright (c) 1992-2009 The FreeBSD Project.\nCopyright (c) 1979, 1980, 1983, 1986, 1988, 1989, 1991, 1992, 1993, 1994\n\tThe Regents of the University of California. All rights reserved.\nFreeBSD is a registered trademark of The FreeBSD Foundation.\nFreeBSD 7.2-RELEASE-p1 #3: Tue Jun 23 14:49:49 CEST 2009\n    root@master.nek.org:/usr/obj/usr/src/sys/GENERIC\nTimecounter \"i8254\" frequency 1193182 Hz quality 0\nCPU: AMD Athlon(tm) 64 X2 Dual Core Processor 6000+ (3006.29-MHz\n686-class CPU)\n  Origin = \"AuthenticAMD\"  Id = 0x40f33  Stepping = 3\n\nFeatures=0x178bfbff\u003cFPU,VME,DE,PSE,TSC,MSR,PAE,MCE,CX8,APIC,SEP,MTRR,PGE,MCA,CMOV,PAT,PSE36,CLFLUSH,MMX,FXSR,SSE,SSE2,HTT\u003e\n  Features2=0x2001\u003cSSE3,CX16\u003e\n  AMD Features=0xea500800\u003cSYSCALL,NX,MMX+,FFXSR,RDTSCP,LM,3DNow!+,3DNow!\n\u003e\n  AMD Features2=0x1f\u003cLAHF,CMP,SVM,ExtAPIC,CR8\u003e\n  Cores per package: 2\nreal memory  = 3354263552 (3198 MB)\navail memory = 3277299712 (3125 MB)\nACPI APIC Table: \u003cNvidia ASUSACPI\u003e\nFreeBSD/SMP: Multiprocessor System Detected: 2 CPUs\n cpu0 (BSP): APIC ID:  0\n cpu1 (AP): APIC ID:  1\nioapic0: Changing APIC ID to 2\nioapic0 \u003cVersion 1.1\u003e irqs 0-23 on motherboard\nkbd1 at kbdmux0\nacpi0: \u003cNvidia ASUSACPI\u003e on motherboard\nacpi0: [ITHREAD]\nacpi0: Power Button (fixed)\nacpi0: reservation of c7ee0000, 20000 (3) failed\nacpi0: reservation of 0, a0000 (3) failed\nacpi0: reservation of 100000, c7de0000 (3) failed\nTimecounter \"ACPI-fast\" frequency 3579545 Hz quality 1000\nacpi_timer0: \u003c24-bit timer at 3.579545MHz\u003e port 0x4008-0x400b on acpi0\nacpi_hpet0: \u003cHigh Precision Event Timer\u003e iomem 0xfefff000-0xfefff3ff on\nacpi0\nTimecounter \"HPET\" frequency 25000000 Hz quality 900\nacpi_button0: \u003cPower Button\u003e on acpi0\npcib0: \u003cACPI Host-PCI bridge\u003e port 0xcf8-0xcff on acpi0\npci0: \u003cACPI PCI bus\u003e on pcib0\npci0: \u003cmemory, RAM\u003e at device 0.0 (no driver attached)\npci0: \u003cmemory, RAM\u003e at device 0.1 (no driver attached)\npci0: \u003cmemory, RAM\u003e at device 0.2 (no driver attached)\npci0: \u003cmemory, RAM\u003e at device 0.3 (no driver attached)\npci0: \u003cmemory, RAM\u003e at device 0.4 (no driver attached)\npci0: \u003cmemory, RAM\u003e at device 0.5 (no driver attached)\npci0: \u003cmemory, RAM\u003e at device 0.6 (no driver attached)\npci0: \u003cmemory, RAM\u003e at device 0.7 (no driver attached)\nvgapci0: \u003cVGA-compatible display\u003e mem\n0xfc000000-0xfcffffff,0xd0000000-0xdfffffff,0xfb000000-0xfbffffff irq 16\nat device 5.0 on pci0\npci0: \u003cmemory, RAM\u003e at device 9.0 (no driver attached)\nisab0: \u003cPCI-ISA bridge\u003e at device 10.0 on pci0\nisa0: \u003cISA bus\u003e on isab0\npci0: \u003cserial bus, SMBus\u003e at device 10.1 (no driver attached)\npci0: \u003cmemory, RAM\u003e at device 10.2 (no driver attached)\nohci0: \u003cOHCI (generic) USB controller\u003e mem 0xfe02f000-0xfe02ffff at\ndevice 11.0 on pci0\nohci0: [GIANT-LOCKED]\nohci0: [ITHREAD]\nusb0: OHCI version 1.0, legacy support\nusb0: SMM does not respond, resetting\nusb0: \u003cOHCI (generic) USB controller\u003e on ohci0\nusb0: USB revision 1.0\nuhub0: \u003cnVidia OHCI root hub, class 9/0, rev 1.00/1.00, addr 1\u003e on usb0\nuhub0: 8 ports with 8 removable, self powered\nehci0: \u003cEHCI (generic) USB 2.0 controller\u003e mem 0xfe02e000-0xfe02e0ff at\ndevice 11.1 on pci0\nehci0: [GIANT-LOCKED]\nehci0: [ITHREAD]\nusb1: EHCI version 1.0\nusb1: companion controller, 8 ports each: usb0\nusb1: \u003cEHCI (generic) USB 2.0 controller\u003e on ehci0\nusb1: USB revision 2.0\nuhub1: \u003cnVidia EHCI root hub, class 9/0, rev 2.00/1.00, addr 1\u003e on usb1\nuhub1: 8 ports with 8 removable, self powered\natapci0: \u003cnVidia nForce MCP51 UDMA133 controller\u003e port\n0x1f0-0x1f7,0x3f6,0x170-0x177,0x376,0xf400-0xf40f at device 13.0 on pci0\nata0: \u003cATA channel 0\u003e on atapci0\nata0: [ITHREAD]\nata1: \u003cATA channel 1\u003e on atapci0\nata1: [ITHREAD]\natapci1: \u003cnVidia nForce MCP51 SATA300 controller\u003e port\n0x9f0-0x9f7,0xbf0-0xbf3,0x970-0x977,0xb70-0xb73,0xe000-0xe00f mem\n0xfe02d000-0xfe02dfff irq 20 at device 14.0 on pci0\natapci1: [ITHREAD]\nata2: \u003cATA channel 0\u003e on atapci1\nata2: [ITHREAD]\nata3: \u003cATA channel 1\u003e on atapci1\nata3: [ITHREAD]\natapci2: \u003cnVidia nForce MCP51 SATA300 controller\u003e port\n0x9e0-0x9e7,0xbe0-0xbe3,0x960-0x967,0xb60-0xb63,0xcc00-0xcc0f mem\n0xfe02c000-0xfe02cfff irq 21 at device 15.0 on pci0\natapci2: [ITHREAD]\nata4: \u003cATA channel 0\u003e on atapci2\nata4: [ITHREAD]\nata5: \u003cATA channel 1\u003e on atapci2\nata5: [ITHREAD]\npcib1: \u003cACPI PCI-PCI bridge\u003e at device 16.0 on pci0\npci1: \u003cACPI PCI bus\u003e on pcib1\nfwohci0: \u003cTexas Instruments TSB43AB22/A\u003e mem\n0xfdcff000-0xfdcff7ff,0xfdcf8000-0xfdcfbfff at device 5.0 on pci1\nfwohci0: [FILTER]\nfwohci0: OHCI version 1.10 (ROM=1)\nfwohci0: No. of Isochronous channels is 4.\nfwohci0: EUI64 00:11:d8:00:01:65:a5:6f\nfwohci0: Phy 1394a available S400, 2 ports.\nfwohci0: Link S400, max_rec 2048 bytes.\nfirewire0: \u003cIEEE1394(FireWire) bus\u003e on fwohci0\nfwe0: \u003cEthernet over FireWire\u003e on firewire0\nif_fwe0: Fake Ethernet address: 02:11:d8:65:a5:6f\nfwe0: Ethernet address: 02:11:d8:65:a5:6f\nfwip0: \u003cIP over FireWire\u003e on firewire0\nfwip0: Firewire address: 00:11:d8:00:01:65:a5:6f @ 0xfffe00000000, S400,\nmaxrec 2048\nsbp0: \u003cSBP-2/SCSI over FireWire\u003e on firewire0\ndcons_crom0: \u003cdcons configuration ROM\u003e on firewire0\ndcons_crom0: bus_addr 0xc463c000\nfwohci0: Initiate bus reset\nfwohci0: BUS reset\nfwohci0: node_id=0xc800ffc0, gen=1, CYCLEMASTER mode\npcib2: \u003cPCI-PCI bridge\u003e at device 8.0 on pci1\npci2: \u003cPCI bus\u003e on pcib2\nste0: \u003cD-Link DL10050 10/100BaseTX\u003e port 0xbc00-0xbc7f irq 16 at device\n4.0 on pci2\nmiibus0: \u003cMII bus\u003e on ste0\nukphy0: \u003cGeneric IEEE 802.3u media interface\u003e PHY 1 on miibus0\nukphy0:  10baseT, 10baseT-FDX, 100baseTX, 100baseTX-FDX, auto\nste0: WARNING: using obsoleted if_watchdog interface\nste0: Ethernet address: 00:0d:88:68:57:20\nste0: [ITHREAD]\nste1: \u003cD-Link DL10050 10/100BaseTX\u003e port 0xb800-0xb87f irq 17 at device\n5.0 on pci2\nmiibus1: \u003cMII bus\u003e on ste1\nukphy1: \u003cGeneric IEEE 802.3u media interface\u003e PHY 1 on miibus1\nukphy1:  10baseT, 10baseT-FDX, 100baseTX, 100baseTX-FDX, auto\nste1: WARNING: using obsoleted if_watchdog interface\nste1: Ethernet address: 00:0d:88:68:57:21\nste1: [ITHREAD]\nste2: \u003cD-Link DL10050 10/100BaseTX\u003e port 0xb400-0xb47f irq 18 at device\n6.0 on pci2\nmiibus2: \u003cMII bus\u003e on ste2\nukphy2: \u003cGeneric IEEE 802.3u media interface\u003e PHY 1 on miibus2\nukphy2:  10baseT, 10baseT-FDX, 100baseTX, 100baseTX-FDX, auto\nste2: WARNING: using obsoleted if_watchdog interface\nste2: Ethernet address: 00:0d:88:68:57:22\nste2: [ITHREAD]\nste3: \u003cD-Link DL10050 10/100BaseTX\u003e port 0xb000-0xb07f irq 19 at device\n7.0 on pci2\nmiibus3: \u003cMII bus\u003e on ste3\nukphy3: \u003cGeneric IEEE 802.3u media interface\u003e PHY 1 on miibus3\nukphy3:  10baseT, 10baseT-FDX, 100baseTX, 100baseTX-FDX, auto\nste3: WARNING: using obsoleted if_watchdog interface\nste3: Ethernet address: 00:0d:88:68:57:23\nste3: [ITHREAD]\npci1: \u003cmultimedia, video\u003e at device 9.0 (no driver attached)\npci1: \u003cmultimedia\u003e at device 9.1 (no driver attached)\npci0: \u003cmultimedia, HDA\u003e at device 16.1 (no driver attached)\nnfe0: \u003cNVIDIA nForce 430 MCP13 Networking Adapter\u003e port 0xc800-0xc807\nmem 0xfe02b000-0xfe02bfff irq 23 at device 20.0 on pci0\nmiibus4: \u003cMII bus\u003e on nfe0\ne1000phy0: \u003cMarvell 88E1116 Gigabit PHY\u003e PHY 1 on miibus4\ne1000phy0:  10baseT, 10baseT-FDX, 100baseTX, 100baseTX-FDX,\n1000baseTX-FDX, auto\nnfe0: Ethernet address: 00:1d:60:00:96:a3\nnfe0: [FILTER]\nacpi_tz0: \u003cThermal Zone\u003e on acpi0\nsio0: \u003c16550A-compatible COM port\u003e port 0x3f8-0x3ff irq 4 flags 0x10 on\nacpi0\nsio0: type 16550A\nsio0: [FILTER]\nsio1: \u003c16550A-compatible COM port\u003e port 0x2f8-0x2ff irq 3 on acpi0\nsio1: type 16550A\nsio1: [FILTER]\ncpu0: \u003cACPI CPU\u003e on acpi0\npowernow0: \u003cPowerNow! K8\u003e on cpu0\ncpu1: \u003cACPI CPU\u003e on acpi0\npowernow1: \u003cPowerNow! K8\u003e on cpu1\npmtimer0 on isa0\natkbdc0: \u003cKeyboard controller (i8042)\u003e at port 0x60,0x64 on isa0\natkbd0: \u003cAT Keyboard\u003e irq 1 on atkbdc0\nkbd0 at atkbd0\natkbd0: [GIANT-LOCKED]\natkbd0: [ITHREAD]\npsm0: \u003cPS/2 Mouse\u003e irq 12 on atkbdc0\npsm0: [GIANT-LOCKED]\npsm0: [ITHREAD]\npsm0: model IntelliMouse, device ID 3\nppc0: \u003cParallel port\u003e at port 0x378-0x37f irq 7 on isa0\nppc0: Generic chipset (EPP/NIBBLE) in COMPATIBLE mode\nppbus0: \u003cParallel port bus\u003e on ppc0\nppbus0: [ITHREAD]\nplip0: \u003cPLIP network interface\u003e on ppbus0\nplip0: WARNING: using obsoleted IFF_NEEDSGIANT flag\nlpt0: \u003cPrinter\u003e on ppbus0\nlpt0: Interrupt-driven port\nppi0: \u003cParallel I/O\u003e on ppbus0\nppc0: [GIANT-LOCKED]\nppc0: [ITHREAD]\nsc0: \u003cSystem console\u003e at flags 0x100 on isa0\nsc0: VGA \u003c16 virtual consoles, flags=0x300\u003e\nvga0: \u003cGeneric ISA VGA\u003e at port 0x3c0-0x3df iomem 0xa0000-0xbffff on\nisa0\nTimecounters tick every 1.000 msec\nfirewire0: 1 nodes, maxhop \u003c= 0, cable IRM = 0 (me)\nfirewire0: bus manager 0 (me)\nad0: 76319MB \u003cWDC WD800JB-00JJC0 05.01C05\u003e at ata0-master UDMA100\nacd0: DVDROM \u003cLITEON DVD-ROM LTD163D/GHR3\u003e at ata1-slave UDMA33\nad4: 305245MB \u003cSAMSUNG HD321KJ CP100-10\u003e at ata2-master SATA300\nGEOM_LABEL: Label for provider ad0s1a is ufsid/489cdeb11938bc1c.\nGEOM_LABEL: Label for provider ad0s1d is ufsid/489cdeb418a13f76.\nGEOM_LABEL: Label for provider ad0s1e is ufsid/489cdeb3f8f7aace.\nGEOM_LABEL: Label for provider ad0s1f is ufsid/489cdeb3ab3c2b2f.\nGEOM_LABEL: Label for provider ad0s1g is ufsid/489cdeb14d75ec16.\nGEOM_LABEL: Label for provider ad4s1a is ufsid/495a1d3512092806.\nGEOM_LABEL: Label for provider ad4s1d is ufsid/495a1d422cb24037.\nGEOM_LABEL: Label for provider ad4s1e is ufsid/495a1d354726c484.\nGEOM_LABEL: Label for provider ad4s1f is ufsid/495a1d3578e04d8f.\nSMP: AP CPU #1 Launched!\nTrying to mount root from ufs:/dev/ad0s1a\n\nbooting tinybsd ends here:\n\nPC Engines WRAP.1C/1D/1E v1.11\n640 KB Base Memory\n64512 KB Extended Memory\n\n01F0 Master 044A CF CARD 2GB                             \nPhys C/H/S 3909/16/63 Log C/H/S 977/64/63\nROM segment 0xe000 length 0x8000 reloc 0x00020000\nEtherboot 5.3.12 (GPL) http://etherboot.org\nDrivers: NATSEMI   Images: NBI PXE   Exports: PXE   \nRelocating _text from: [00089370,0009b230) to [03eee140,03f00000)\nBoot from (N)etwork (D)isk or (Q)uit? \n\n-\n\n\n\n\n\n\n\n\n\n\n\n-- \nhttp://martenvijn.nl                 Marten Vijn \nhttp://martenvijn.nl/trac/wiki/soas  Sugar on a Stick\nhttp://bsd.wifisoft.org/nek/         The Network Event Kit\nhttp://har2009.org                   13th-16th August \nhttp://opencommunitycamp.org         26th Jul - 2nd August"
}