{
 "id": 505765,
 "bug_id": 135961,
 "attachment_id": 0,
 "creation_time": "2009-06-28T19:52:25Z",
 "creator": "info@martenvijn.nl",
 "text": "on a WRAP 2E a image from October 2008\nwhich does boot\n\n\n# dmesg\nCopyright (c) 1992-2008 The FreeBSD Project.\nCopyright (c) 1979, 1980, 1983, 1986, 1988, 1989, 1991, 1992, 1993, 1994\n        The Regents of the University of California. All rights\nreserved.\nFreeBSD is a registered trademark of The FreeBSD Foundation.\nFreeBSD 7.1-PRERELEASE #0: Wed Oct  1 23:55:47 CEST 2008\n    root@bert.opencommunitycamp.org:/usr/obj/usr/src/sys/TINYBSD\nTimecounter \"i8254\" frequency 1193182 Hz quality 0\nCPU: Geode(TM) Integrated Processor by National Semi (233.35-MHz\n586-class CPU)\n  Origin = \"Geode by NSC\"  Id = 0x540  Stepping = 0\n  Features=0x808131\u003cFPU,TSC,MSR,CX8,CMOV,MMX\u003e\nreal memory  = 134217728 (128 MB)\navail memory = 121942016 (116 MB)\nwlan: mac acl policy registered\nkbd0 at kbdmux0\nath_hal: 0.9.20.3 (AR5210, AR5211, AR5212, RF5111, RF5112, RF2413,\nRF5413)\npcib0: \u003cHost to PCI bridge\u003e pcibus 0 on motherboard\npci0: \u003cPCI bus\u003e on pcib0\nath0: \u003cAtheros 5212\u003e mem 0x80000000-0x8000ffff irq 12 at device 13.0 on\npci0\nath0: [ITHREAD]\nath0: WARNING: using obsoleted if_watchdog interface\nath0: Ethernet address: 00:0b:6b:34:58:70\nath0: mac 5.9 phy 4.3 radio 3.6\nsis0: \u003cNatSemi DP8381[56] 10/100BaseTX\u003e port 0x1000-0x10ff mem\n0x80040000-0x80040fff irq 10 at device 14.0 on pci0\nsis0: Silicon Revision: DP83816A\nmiibus0: \u003cMII bus\u003e on sis0\nnsphyter0: \u003cDP83815 10/100 media interface\u003e PHY 0 on miibus0\nnsphyter0:  10baseT, 10baseT-FDX, 100baseTX, 100baseTX-FDX, auto\nsis0: Ethernet address: 00:0d:b9:05:4b:4c\nsis0: [ITHREAD]\nGeode GPIO@ = f400\nGeode PC Engines WRAP.2B/2C v1.11 tinyBIOS V1.4a (C)1997-2005\nisab0: \u003cPCI-ISA bridge\u003e port 0xf400-0xf43f,0xf600-0xf63f at device 18.0\non pci0\nisa0: \u003cISA bus\u003e on isab0\npci0: \u003cbridge\u003e at device 18.1 (no driver attached)\natapci0: \u003cNational Geode SC1100 ATA33 controller\u003e port\n0x1f0-0x1f7,0x3f6,0x170-0x177,0x376,0xfc00-0xfc0f at device 18.2 on pci0\nata0: \u003cATA channel 0\u003e on atapci0\nata0: [ITHREAD]\nata1: \u003cATA channel 1\u003e on atapci0\nata1: [ITHREAD]\npci0: \u003cmultimedia, audio\u003e at device 18.3 (no driver attached)\nGeode CBA@ 0x9000\nGeode rev: 06 03\nTimecounter \"Geode\" frequency 27000000 Hz quality 1000\npci0: \u003cbridge\u003e at device 18.5 (no driver attached)\npci0: \u003cserial bus, USB\u003e at device 19.0 (no driver attached)\ncpu0 on motherboard\norm0: \u003cISA Option ROM\u003e at iomem 0xe0000-0xe7fff pnpid ORM0000 on isa0\nsio0 at port 0x3f8-0x3ff irq 4 flags 0x10 on isa0\nsio0: type 16550A, console\nsio0: [FILTER]\nsio1: configured irq 3 not in bitmap of probed irqs 0\nsio1: port may not be enabled\nRTC BIOS diagnostic error 80\u003cclock_battery\u003e\nTimecounters tick every 1.000 msec\nipfw2 initialized, divert enabled, nat loadable, rule-based forwarding\ndisabled, default to accept, logging disabled\nad0: FAILURE - SETFEATURES SET TRANSFER MODE status=51\u003cREADY,DSC,ERROR\u003e\nerror=4\u003cABORTED\u003e\nad0: 122MB \u003cTOSHIBA THNCF128MMA 3.10\u003e at ata0-master BIOSPIO\nTrying to mount root from ufs:/dev/ad0a\nbridge0: Ethernet address: 6a:4c:e8:d0:83:27\nopenping# \n-"
}