{
 "id": 418977,
 "bug_id": 118222,
 "attachment_id": 0,
 "creation_time": "2007-11-23T16:50:01Z",
 "creator": "gnats-admin@FreeBSD.org",
 "text": "When booting an i386 7.0 FreeBSD via PXE with a NFS / on AMD CPUs, it\nseems that the kernel launches again the boot loader which fails and\nloses its roots...\n\n-8\u003c-8\u003c-8\u003c-8\u003c-8-8\u003c-8\u003c-8\u003c-8\u003c-8\u003c-8\u003c-8\u003c-8\u003c-8\u003c-8\u003c-8\u003c-8\u003c-8\u003c-8\u003c-8\u003c-8\u003c-\nPXE version 2.1, real nide ebtry point @94f8:00d6\nBIOS 536kB.3667904kB available memory\n\nFreeBSD/i386 bootstrap loader, Revision 1.1\n(root@logan.cse.buffalo.edu, Fri
Nov 16 18:54:21 UTC 2007)\npxe_open: server addr: \u003chost IP\u003e\npxe_open: server path: /vol/FreeBSD/RELENG_7/i386/jumpstart\npxe_open: gateway ip: \u003crouter IP\u003e\n/boot/kernel/kernel text=0x63aaf8 data=0xa5d80+0x57520 syms=[0x4+0x69ce0+0x4+0x857cb]\nConsoles: internal video/keyboard\nBIOS drive C: is disk0\nBIOS 536kB.3667904kB available memory\n\nFreeBSD/i386 bootstrap loader, Revision 1.1\n(root@logan.cse.buffalo.edu, Fri Nov 16 18:54:21 UTC 2007)\nCan't work out which disk we are booting from.\nGuessed BIOS device 0xffffffff not found by probes, defaulting to disk0:\n\ncan't load 'kernel'\n\nType '?' for a list of commands, 'help' for more detailed help.\nOK \n-8\u003c-8\u003c-8\u003c-8\u003c-8-8\u003c-8\u003c-8\u003c-8\u003c-8\u003c-8\u003c-8\u003c-8\u003c-8\u003c-8\u003c-8\u003c-8\u003c-8\u003c-8\u003c-8\u003c-8\u003c-\n[copied by hands: this is shown out on a remote console emulator]\n\n\nuname -a (from exactly the same OS, but booted out of the disk):\nFreeBSD amnesiac 7.0-BETA2 FreeBSD 7.0-BETA2 #0: Fri Nov  9 06:58:53 CET 2007     root@athos:/usr/obj/usr/src/sys/LAME  i386\n\nkernel conf: GENERIC without INET6 and SCTP\n\n\n* With an amd64 kernel (and loader) everything works fine on the same machine.\n\n* With 6.2 and 6.1 releases things behave correctly.\n\n* The problem occurs at least since a few weeks ago (beginning of October).\n  We track the source tree every night (cvsup) and no update cured anything,\n  neither using a pxeboot or a kernel from BETA* iso (as in the transcript).\n\n* using another (similar) CPU leads to the same problem.\n\n* using the amd64 pxeboot leads to the same result.\n\nHardware:\n+ Fujitsu/Siemens bx630 blade server\n+ 2 dual core AMD opteron 870\n+ 4 GB.\n+ (2) 5704 Broadcom Ethernet\n\ndmesg (out of the disk, the system may be a bit older than in the transcript):\n-8\u003c-8\u003c-8\u003c-8\u003c-8-8\u003c-8\u003c-8\u003c-8\u003c-8\u003c-8\u003c-8\u003c-8\u003c-8\u003c-8\u003c-8\u003c-8\u003c-8\u003c-8\u003c-8\u003c-8\u003c-Copyright (c) 1992-2007 The FreeBSD Project.\nCopyright (c) 1979, 1980, 1983, 1986, 1988, 1989, 1991, 1992, 1993, 1994\n        The Regents of the University of California. All rights reserved.\nFreeBSD is a registered trademark of The FreeBSD Foundation.\nFreeBSD 7.0-BETA2 #0: Tue Nov  6 14:39:38 CET 2007\n    root@athos:/usr/obj/usr/src/sys/LAME\nTimecounter \"i8254\" frequency 1193182 Hz quality 0\nCPU: Dual Core AMD Opteron(tm) Processor 870 (1997.40-MHz 686-class CPU)\n  Origin = \"AuthenticAMD\"  Id = 0x20f12  Stepping = 2\n  Features=0x178bfbff\u003cFPU,VME,DE,PSE,TSC,MSR,PAE,MCE,CX8,APIC,SEP,MTRR,PGE,MCA,CMOV,PAT,PSE36,CLFLUSH,MMX,FXSR,SSE,SSE2,HTT\u003e\n  Features2=0x1\u003cSSE3\u003e\n  AMD Features=0xe2500800\u003cSYSCALL,NX,MMX+,FFXSR,LM,3DNow!+,3DNow!\u003e\n  AMD Features2=0x3\u003cLAHF,CMP\u003e\n  Cores per package: 2\nreal memory  = 3756982272 (3582 MB)\navail memory = 3673055232 (3502 MB)\nACPI APIC Table: \u003cPTLTD          APIC  \u003e\nFreeBSD/SMP: Multiprocessor System Detected: 4 CPUs\n cpu0 (BSP): APIC ID:  0\n cpu1 (AP): APIC ID:  1\n cpu2 (AP): APIC ID:  2\n cpu3 (AP): APIC ID:  3\nMADT: Forcing active-low polarity and level trigger for SCI\nioapic0 \u003cVersion 1.1\u003e irqs 0-23 on motherboard\nioapic1 \u003cVersion 1.1\u003e irqs 24-27 on motherboard\nioapic2 \u003cVersion 1.1\u003e irqs 28-31 on motherboard\nkbd1 at kbdmux0\nath_hal: 0.9.20.3 (AR5210, AR5211, AR5212, RF5111, RF5112, RF2413, RF5413)\nacpi0: \u003cPTLTD    XSDT\u003e on motherboard\nacpi0: [ITHREAD]\nacpi0: Power Button (fixed)\nunknown: I/O range not supported\nunknown: I/O range not supported\nunknown: I/O range not supported\nacpi0: reservation of 400, 100 (3) failed\nTimecounter \"ACPI-fast\" frequency 3579545 Hz quality 1000\nacpi_timer0: \u003c24-bit timer at 3.579545MHz\u003e port 0xc008-0xc00b on acpi0\ncpu0: \u003cACPI CPU\u003e on acpi0\npowernow0: \u003cCool`n'Quiet K8\u003e on cpu0\ncpu1: \u003cACPI CPU\u003e on acpi0\npowernow1: \u003cCool`n'Quiet K8\u003e on cpu1\ncpu2: \u003cACPI CPU\u003e on acpi0\npowernow2: \u003cCool`n'Quiet K8\u003e on cpu2\ncpu3: \u003cACPI CPU\u003e on acpi0\npowernow3: \u003cCool`n'Quiet K8\u003e on cpu3\nacpi_button0: \u003cPower Button\u003e on acpi0\npcib0: \u003cACPI Host-PCI bridge\u003e port 0xcf8-0xcff,0xc000-0xc07f,0xc080-0xc0ff iomem 0xd8000-0xdbfff on acpi0\npci0: \u003cACPI PCI bus\u003e on pcib0\npcib1: \u003cACPI PCI-PCI bridge\u003e at device 6.0 on pci0\npci1: \u003cACPI PCI bus\u003e on pcib1\nohci0: \u003cOHCI (generic) USB controller\u003e mem 0xe8110000-0xe8110fff irq 19 at device 0.0 on pci1\nohci0: [GIANT-LOCKED]\nohci0: [ITHREAD]\nusb0: OHCI version 1.0, legacy support\nusb0: SMM does not respond, resetting\nusb0: \u003cOHCI (generic) USB controller\u003e on ohci0\nusb0: USB revision 1.0\nuhub0: \u003cAMD OHCI root hub, class 9/0, rev 1.00/1.00, addr 1\u003e on usb0\nuhub0: 3 ports with 3 removable, self powered\nohci1: \u003cOHCI (generic) USB controller\u003e mem 0xe8111000-0xe8111fff irq 19 at device 0.1 on pci1\nohci1: [GIANT-LOCKED]\nohci1: [ITHREAD]\nusb1: OHCI version 1.0, legacy support\nusb1: SMM does not respond, resetting\nusb1: \u003cOHCI (generic) USB controller\u003e on ohci1\nusb1: USB revision 1.0\nuhub1: \u003cAMD OHCI root hub, class 9/0, rev 1.00/1.00, addr 1\u003e on usb1\nuhub1: 3 ports with 3 removable, self powered\nvgapci0: \u003cVGA-compatible display\u003e port 0x2000-0x20ff mem 0xf0000000-0xf7ffffff,0xe8100000-0xe810ffff irq 17 at device 5.0 on pci1\nisab0: \u003cPCI-ISA bridge\u003e at device 7.0 on pci0\nisa0: \u003cISA bus\u003e on isab0\npci0: \u003cbridge\u003e at device 7.3 (no driver attached)\npcib2: \u003cACPI PCI-PCI bridge\u003e at device 10.0 on pci0\npci2: \u003cACPI PCI bus\u003e on pcib2\nmpt0: \u003cLSILogic SAS/SATA Adapter\u003e port 0x3000-0x30ff mem 0xe8210000-0xe8213fff,0xe8200000-0xe820ffff irq 24 at device 4.0 on pci2\nmpt0: [ITHREAD]\nmpt0: MPI Version=1.5.13.0\nmpt0: mpt_cam_event: 0x16\nmpt0: Unhandled Event Notify Frame. Event 0x16 (ACK not required).\nmpt0: mpt_cam_event: 0x12\nmpt0: Unhandled Event Notify Frame. Event 0x12 (ACK not required).\nmpt0: mpt_cam_event: 0x12\nmpt0: Unhandled Event Notify Frame. Event 0x12 (ACK not required).\nmpt0: mpt_cam_event: 0x16\nmpt0: Unhandled Event Notify Frame. Event 0x16 (ACK not required).\npcib3: \u003cACPI PCI-PCI bridge\u003e at device 11.0 on pci0\npci3: \u003cACPI PCI bus\u003e on pcib3\npci0:3:4:0: bad VPD cksum, remain 14\nbge0: \u003cBroadcom NetXtreme Gigabit Ethernet Controller, ASIC rev. 0x2100\u003e mem 0xe8300000-0xe830ffff irq 28 at device 4.0 on pci3\nbge0: Ethernet address: 00:30:05:71:d5:da\nbge0: [ITHREAD]\npci0:3:4:1: bad VPD cksum, remain 14\nbge1: \u003cBroadcom NetXtreme Gigabit Ethernet Controller, ASIC rev. 0x2100\u003e mem 0xe8310000-0xe831ffff irq 29 at device 4.1 on pci3\nbge1: Ethernet address: 00:30:05:71:d5:db\nbge1: [ITHREAD]\natkbdc0: \u003cKeyboard controller (i8042)\u003e port 0x60,0x64 irq 1 on acpi0\natkbd0: \u003cAT Keyboard\u003e irq 1 on atkbdc0\nkbd0 at atkbd0\natkbd0: [GIANT-LOCKED]\natkbd0: [ITHREAD]\npsm0: \u003cPS/2 Mouse\u003e irq 12 on atkbdc0\npsm0: [GIANT-LOCKED]\npsm0: [ITHREAD]\npsm0: model IntelliMouse Explorer, device ID 4\nsio0: \u003c16550A-compatible COM port\u003e port 0x3f8-0x3ff irq 4 flags 0x10 on acpi0\nsio0: type 16550A\nsio0: [FILTER]\npmtimer0 on isa0\norm0: \u003cISA Option ROM\u003e at iomem 0xc0000-0xcafff pnpid ORM0000 on isa0\nfdc0: No FDOUT register!\nppc0: parallel port not found.\nsc0: \u003cSystem console\u003e at flags 0x100 on isa0\nsc0: VGA \u003c16 virtual consoles, flags=0x300\u003e\nsio1: configured irq 3 not in bitmap of probed irqs 0\nsio1: port may not be enabled\nvga0: \u003cGeneric ISA VGA\u003e at port 0x3c0-0x3df iomem 0xa0000-0xbffff on isa0\nTimecounters tick every 1.000 msec\nda0 at mpt0 bus 0 target 0 lun 0\nda0: \u003cLSILOGIC Logical Volume 3000\u003e Fixed Direct Access SCSI-2 device \nda0: 300.000MB/s transfers\nda0: Command Queueing Enabled\nda0: 34332MB (70311936 512 byte sectors: 255H 63S/T 4376C)\nSMP: AP CPU #1 Launched!\nSMP: AP CPU #3 Launched!\nSMP: AP CPU #2 Launched!\nTrying to mount root from ufs:/dev/da0a\n-8\u003c-8\u003c-8\u003c-8\u003c-8-8\u003c-8\u003c-8\u003c-8\u003c-8\u003c-8\u003c-8\u003c-8\u003c-8\u003c-8\u003c-8\u003c-8\u003c-8\u003c-8\u003c-8\u003c-8\u003c-\n\n\nNow, more weird things:\n\n* Things behave correctly on intel i386.\n\n* On an other AMD mother board (dual core amd athlon 4000 with 1 GB and\n  5755 Broadcom), the system loads and boot but displays garbage on the\n  NFS path name.\n\n-8\u003c-8\u003c-8\u003c-8\u003c-8-8\u003c-8\u003c-8\u003c-8\u003c-8\u003c-8\u003c-8\u003c-8\u003c-8\u003c-8\u003c-8\u003c-8\u003c-8\u003c-8\u003c-8\u003c-8\u003c-\nCopyright (c) 1992-2007 The FreeBSD Project.\nCopyright (c) 1979, 1980, 1983, 1986, 1988, 1989, 1991, 1992, 1993, 1994\n        The Regents of the University of California. All rights reserved.\nFreeBSD is a registered trademark of The FreeBSD Foundation.\nFreeBSD 7.0-BETA2 #0: Fri Nov  9 06:58:53 CET 2007\n    root@athos:/usr/obj/usr/src/sys/LAME\nTimecounter \"i8254\" frequency 1193182 Hz quality 0\nCPU: AMD Athlon(tm) 64 X2 Dual Core Processor 4000+ (2109.62-MHz 686-class CPU)\n  Origin = \"AuthenticAMD\"  Id = 0x60fb1  Stepping = 1\n  Features=0x178bfbff\u003cFPU,VME,DE,PSE,TSC,MSR,PAE,MCE,CX8,APIC,SEP,MTRR,PGE,MCA,CMOV,PAT,PSE36,CLFLUSH,MMX,FXSR,SSE,SSE2,HTT\u003e\n  Features2=0x2001\u003cSSE3,CX16\u003e\n  AMD Features=0xea500800\u003cSYSCALL,NX,MMX+,FFXSR,RDTSCP,LM,3DNow!+,3DNow!\u003e\n  AMD Features2=0x11f\u003cLAHF,CMP,SVM,ExtAPIC,CR8,Prefetch\u003e\n  Cores per package: 2\nreal memory  = 1005649920 (959 MB)\navail memory = 970354688 (925 MB)\nACPI APIC Table: \u003cPTLTD          APIC  \u003e\nFreeBSD/SMP: Multiprocessor System Detected: 2 CPUs\n cpu0 (BSP): APIC ID:  0\n cpu1 (AP): APIC ID:  1\nMADT: Forcing active-low polarity and level trigger for SCI\nioapic0 \u003cVersion 1.1\u003e irqs 0-23 on motherboard\nkbd1 at kbdmux0\nath_hal: 0.9.20.3 (AR5210, AR5211, AR5212, RF5111, RF5112, RF2413, RF5413)\nacpi0: \u003cFSC PC\u003e on motherboard\nacpi0: [ITHREAD]\nacpi0: Power Button (fixed)\nTimecounter \"ACPI-fast\" frequency 3579545 Hz quality 1000\nacpi_timer0: \u003c24-bit timer at 3.579545MHz\u003e port 0x1008-0x100b on acpi0\nacpi_hpet0: \u003cHigh Precision Event Timer\u003e iomem 0xfed00000-0xfed003ff on acpi0\nTimecounter \"HPET\" frequency 25000000 Hz quality 900\ncpu0: \u003cACPI CPU\u003e on acpi0\npowernow0: \u003cPowerNow! K8\u003e on cpu0\ncpu1: \u003cACPI CPU\u003e on acpi0\npowernow1: \u003cPowerNow! K8\u003e on cpu1\nacpi_button0: \u003cPower Button\u003e on acpi0\npcib0: \u003cACPI Host-PCI bridge\u003e port 0xcf8-0xcff on acpi0\npci0: \u003cACPI PCI bus\u003e on pcib0\npci0: \u003cmemory, RAM\u003e at device 0.0 (no driver attached)\npci0: \u003cmemory, RAM\u003e at device 0.1 (no driver attached)\npci0: \u003cmemory, RAM\u003e at device 0.2 (no driver attached)\npci0: \u003cmemory, RAM\u003e at device 0.3 (no driver attached)\npci0: \u003cmemory, RAM\u003e at device 0.4 (no driver attached)\npci0: \u003cmemory, RAM\u003e at device 0.5 (no driver attached)\npci0: \u003cmemory, RAM\u003e at device 0.6 (no driver attached)\npci0: \u003cmemory, RAM\u003e at device 0.7 (no driver attached)\npcib1: \u003cACPI PCI-PCI bridge\u003e at device 2.0 on pci0\npci1: \u003cACPI PCI bus\u003e on pcib1\npcib2: \u003cACPI PCI-PCI bridge\u003e at device 3.0 on pci0\npci2: \u003cACPI PCI bus\u003e on pcib2\nvgapci0: \u003cVGA-compatible display\u003e mem 0xf1000000-0xf1ffffff,0xe0000000-0xefffffff,0xf0000000-0xf0ffffff irq 16 at device 5.0 on pci0\npci0: \u003cmemory, RAM\u003e at device 9.0 (no driver attached)\nisab0: \u003cPCI-ISA bridge\u003e port 0x8800-0x887f at device 10.0 on pci0\nisa0: \u003cISA bus\u003e on isab0\npci0: \u003cserial bus, SMBus\u003e at device 10.1 (no driver attached)\nohci0: \u003cOHCI (generic) USB controller\u003e mem 0xf2204000-0xf2204fff irq 18 at device 11.0 on pci0\nohci0: [GIANT-LOCKED]\nohci0: [ITHREAD]\nusb0: OHCI version 1.0, legacy support\nusb0: SMM does not respond, resetting\nusb0: \u003cOHCI (generic) USB controller\u003e on ohci0\nusb0: USB revision 1.0\nuhub0: \u003cnVidia OHCI root hub, class 9/0, rev 1.00/1.00, addr 1\u003e on usb0\nuhub0: 8 ports with 8 removable, self powered\nehci0: \u003cEHCI (generic) USB 2.0 controller\u003e mem 0xf2208000-0xf22080ff irq 19 at device 11.1 on pci0\nehci0: [GIANT-LOCKED]\nehci0: [ITHREAD]\nusb1: EHCI version 1.0\nusb1: companion controller, 8 ports each: usb0\nusb1: \u003cEHCI (generic) USB 2.0 controller\u003e on ehci0\nusb1: USB revision 2.0\nuhub1: \u003cnVidia EHCI root hub, class 9/0, rev 2.00/1.00, addr 1\u003e on usb1\nuhub1: 8 ports with 8 removable, self powered\natapci0: \u003cnVidia nForce MCP51 UDMA133 controller\u003e port 0x1f0-0x1f7,0x3f6,0x170-0x177,0x376,0x8c00-0x8c0f at device 13.0 on pci0\nata0: \u003cATA channel 0\u003e on atapci0\nata0: [ITHREAD]\nata1: \u003cATA channel 1\u003e on atapci0\nata1: [ITHREAD]\natapci1: \u003cnVidia nForce MCP51 SATA300 controller\u003e port 0x8c40-0x8c47,0x8c34-0x8c37,0x8c38-0x8c3f,0x8c30-0x8c33,0x8c10-0x8c1f mem 0xf\n2205000-0xf2205fff irq 20 at device 14.0 on pci0\natapci1: [ITHREAD]\nata2: \u003cATA channel 0\u003e on atapci1\nata2: [ITHREAD]\nata3: \u003cATA channel 1\u003e on atapci1\nata3: [ITHREAD]\natapci2: \u003cnVidia nForce MCP51 SATA300 controller\u003e port 0x8c58-0x8c5f,0x8c4c-0x8c4f,0x8c50-0x8c57,0x8c48-0x8c4b,0x8c20-0x8c2f mem 0xf\n2206000-0xf2206fff irq 21 at device 15.0 on pci0\natapci2: [ITHREAD]\nata4: \u003cATA channel 0\u003e on atapci2\nata4: [ITHREAD]\nata5: \u003cATA channel 1\u003e on atapci2\nata5: [ITHREAD]\npcib3: \u003cACPI PCI-PCI bridge\u003e at device 16.0 on pci0\npci4: \u003cACPI PCI bus\u003e on pcib3\npci0: \u003cmultimedia\u003e at device 16.1 (no driver attached)\nnfe0: \u003cNVIDIA nForce 430 MCP12 Networking Adapter\u003e port 0x8c60-0x8c67 mem 0xf2207000-0xf2207fff irq 23 at device 20.0 on pci0\nmiibus0: \u003cMII bus\u003e on nfe0\nrgephy0: \u003cRTL8169S/8110S/8211B media interface\u003e PHY 1 on miibus0\nrgephy0:  10baseT, 10baseT-FDX, 100baseTX, 100baseTX-FDX, 1000baseT, 1000baseT-FDX, auto\nnfe0: Ethernet address: 00:19:99:15:a7:4f\nnfe0: [FILTER]\natkbdc0: \u003cKeyboard controller (i8042)\u003e port 0x60,0x64 irq 1 on acpi0\natkbd0: \u003cAT Keyboard\u003e irq 1 on atkbdc0\nkbd0 at atkbd0\natkbd0: [GIANT-LOCKED]\natkbd0: [ITHREAD]\npsm0: \u003cPS/2 Mouse\u003e irq 12 on atkbdc0\npsm0: [GIANT-LOCKED]\npsm0: [ITHREAD]\npsm0: model IntelliMouse, device ID 3\nfdc0: \u003cfloppy drive controller\u003e port 0x3f0-0x3f5,0x3f7 irq 6 drq 2 on acpi0\nfdc0: [FILTER]\nsio0: \u003c16550A-compatible COM port\u003e port 0x3f8-0x3ff irq 4 flags 0x10 on acpi0\nsio0: type 16550A\nsio0: [FILTER]\nsio1: \u003c16550A-compatible COM port\u003e port 0x2f8-0x2ff irq 3 on acpi0\nsio1: type 16550A\nsio1: [FILTER]\npmtimer0 on isa0\norm0: \u003cISA Option ROM\u003e at iomem 0xcf000-0xcffff pnpid ORM0000 on isa0\nppc0: parallel port not found.\nsc0: \u003cSystem console\u003e at flags 0x100 on isa0\nsc0: VGA \u003c16 virtual consoles, flags=0x300\u003e\nvga0: \u003cGeneric ISA VGA\u003e at port 0x3c0-0x3df iomem 0xa0000-0xbffff on isa0\nTimecounters tick every 1.000 msec\nad4: 152627MB \u003cWDC WD1600AAJS-07PSA0 05.06H05\u003e at ata2-master SATA300\nSMP: AP CPU #1 Launched!\nTrying to mount root from nfs:fas:/vol/FreeBSD/RELENG_7/i386/jumpstart\nNFS ROOT: \u003cserver IP\u003e:/vol/FreeBSD/RELENG_7/i386/jumpstart\nnfe0: tx v2 error 0x6804\u003cFORCEDINT\u003e\nnfe0: tx v2 error 0x6804\u003cFORCEDINT\u003e\nnfe0: tx v2 error 0x6804\u003cFORCEDINT\u003e\nnfe0: tx v2 error 0x6804\u003cFORCEDINT\u003e\nnfe0: tx v2 error 0x6804\u003cFORCEDINT\u003e\n-8\u003c-8\u003c-8\u003c-8\u003c-8-8\u003c-8\u003c-8\u003c-8\u003c-8\u003c-8\u003c-8\u003c-8\u003c-8\u003c-8\u003c-8\u003c-8\u003c-8\u003c-8\u003c-8\u003c-8\u003c-\n\nThe path in the line NFS ROOT: \u003cserver IP\u003e:/vol/FreeBSD/RELENG_7/i386/jumpstart\nis garbled on screen but correct on dmesg (as shown above).\n\n* the blade server was originally chipped with 8 GB. Reducing to 4 or 2 GB\n  doesn't cure the problem.\n\nHow-To-Repeat: Booting via PXE this system served by NFS, on these AMD boards."
}