{
 "id": 1274484,
 "bug_id": 273752,
 "attachment_id": 0,
 "creation_time": "2023-09-13T06:24:09Z",
 "creator": "crb@ChrisBowman.com",
 "text": "It looks to me like commit 6926e26 broke my kernel with the log at the bottom.\n\nI am trying to migrate to 14.0 in perpetration for the release.  I've been running a 13.0 kernel for a long time now that's been very stable for me.\n\nI'm running on a Diligent ARTYZ7 board which is a AMD/Xilinx Zynq based board (ARMv7) very similar to the zibo or zedboard.\n\nHappy to help debug this if someone can give some direction.\n\n\n=======\n\nUsing DTB provided by EFI at 0x7ef8000.\n\n\nKernel entry at 0x17a00200...\n\n\nKernel args: (null)\n\n\nWARNING: Cannot find freebsd,dts-version property, cannot check DTB compliance\n---\u003c\u003cBOOT\u003e\u003e---\nGDB: debug ports: uart\nGDB: current port: uart\nKDB: debugger backends: ddb gdb\nKDB: current backend: ddb\nCopyright (c) 1992-2023 The FreeBSD Project.\nCopyright (c) 1979, 1980, 1983, 1986, 1988, 1989, 1991, 1992, 1993, 1994\n\tThe Regents of the University of California. All rights reserved.\nFreeBSD is a registered trademark of The FreeBSD Foundation.\nFreeBSD 14.0-CURRENT #28 n260570-6926e2699ae5-dirty: Tue Sep 12 23:04:05 PDT 2023\n    crb@eclipse.ChrisBowman.com:/usr/obj/tmp/src/arm.armv7/sys/ARTYZ7 arm\nFreeBSD clang version 14.0.5 (https://github.com/llvm/llvm-project.git llvmorg-14.0.5-0-gc12386ae247c)\nWARNING: WITNESS option enabled, expect reduced performance.\nCPU: ARM Cortex-A9 r3p0 (ECO: 0x00000000)\nCPU Features: \n  Multiprocessing, Thumb2, Security, VMSAv7, Coherent Walk\nOptional instructions: \n  UMULL, SMULL, SIMD(ext)\nLoUU:2 LoC:2 LoUIS:2 \nCache level 1:\n 32KB/32B 4-way data cache WB Read-Alloc Write-Alloc\n 32KB/32B 4-way instruction cache Read-Alloc\nreal memory  = 536866816 (511 MB)\navail memory = 511766528 (488 MB)\nFreeBSD/SMP: Multiprocessor System Detected: 2 CPUs\narc4random: WARNING: initial seeding bypassed the cryptographic random device because it was not yet seeded and the knob 'bypass_before_seeding' was enabled.\nrandom: entropy device external interface\nofwbus0: \u003cOpen Firmware Device Tree\u003e\nregfix0: \u003cFixed Regulator\u003e on ofwbus0\nsimplebus0: \u003cFlattened device tree simple bus\u003e on ofwbus0\nsimple_mfd0: \u003cSimple MFD (Multi-Functions Device)\u003e mem 0xf8000000-0xf8000fff on simplebus0\nl2cache0: \u003cPL310 L2 cache controller\u003e mem 0xf8f02000-0xf8f02fff irq 8 on simplebus0\nl2cache0: cannot allocate IRQ, not using interrupt\nl2cache0: Part number: 0x3, release: 0x8\nl2cache0: L2 Cache enabled: 512KB/32B 8 ways\ngic0: \u003cARM Generic Interrupt Controller\u003e mem 0xf8f01000-0xf8f01fff,0xf8f00100-0xf8f001ff on simplebus0\ngic0: pn 0x39, arch 0x1, rev 0x2, implementer 0x43b irqs 96\nmp_tmr0: \u003cARM MPCore Timers\u003e mem 0xf8f00200-0xf8f0021f irq 29 on simplebus0\nTimecounter \"MPCore\" frequency 50000000 Hz quality 800\nmp_tmr1: \u003cARM MPCore Timers\u003e mem 0xf8f00600-0xf8f0061f irq 36 on simplebus0\nEvent timer \"MPCore\" frequency 50000000 Hz quality 1000\ncpulist0: \u003cOpen Firmware CPU Group\u003e on ofwbus0\ncpu0: \u003cOpen Firmware CPU\u003e on cpulist0\ncpu1: \u003cOpen Firmware CPU\u003e on cpulist0\nuart0: \u003cCadence UART\u003e mem 0xe0000000-0xe0000fff irq 9 on simplebus0\nuart0: console (-1,n,8,1)\nzy7_qspi0: \u003cZynq Quad-SPI Flash Controller\u003e mem 0xe000d000-0xe000dfff irq 13 on simplebus0\nzy7_qspi0: must have ref-clock property\ndevice_attach: zy7_qspi0 attach returned 6\ncgem0: \u003cCadence CGEM Gigabit Ethernet Interface\u003e mem 0xe000b000-0xe000bfff irq 14 on simplebus0\ncgem0: could not retrieve reference clock.\nmiibus0: \u003cMII bus\u003e on cgem0\nrgephy0: \u003cRTL8169S/8110S/8211 1000BASE-T media interface\u003e PHY 0 on miibus0\nrgephy0:  none, 10baseT, 10baseT-FDX, 100baseTX, 100baseTX-FDX, 1000baseT-FDX, 1000baseT-FDX-master, auto\nrgephy1: \u003cRTL8169S/8110S/8211 1000BASE-T media interface\u003e PHY 1 on miibus0\nrgephy1:  none, 10baseT, 10baseT-FDX, 100baseTX, 100baseTX-FDX, 1000baseT-FDX, 1000baseT-FDX-master, auto\ncgem0: Ethernet address: 02:1d:18:e6:2c:2d\nsdhci_fdt0: \u003cZynq-7000 generic fdt SDHCI controller\u003e mem 0xe0100000-0xe0100fff irq 17 on simplebus0\nsdhci_fdt0: 1 slot(s) allocated\nmmc0: \u003cMMC/SD bus\u003e on sdhci_fdt0\nzy7_devcfg0: \u003cZynq devcfg block\u003e mem 0xf8007000-0xf80070ff irq 28 on simplebus0\nTimecounters tick every 1.000 msec\n[nl_generic] genl_register_family: Registered family nlctrl id 16\n[nl_generic] genl_register_cmds: Adding cmd GETFAMILY(3) to family nlctrl\npanic: Storing an invalid VFP state\ncpuid = 0\ntime = 1\nKDB: stack backtrace:\ndb_trace_self() at db_trace_self\n\t pc = 0xc04f4a10  lr = 0xc00720b4 (db_trace_self_wrapper+0x30)\n\t sp = 0xc0a14af8  fp = 0xc0a14c10\ndb_trace_self_wrapper() at db_trace_self_wrapper+0x30\n\t pc = 0xc00720b4  lr = 0xc0202080 (vpanic+0x140)\n\t sp = 0xc0a14c18  fp = 0xc0a14c38\n\t r4 = 0x00000100  r5 = 0x00000000\n\t r6 = 0xc054a726  r7 = 0xc07202a8\nvpanic() at vpanic+0x140\n\t pc = 0xc0202080  lr = 0xc0201e60 (dump_savectx)\n\t sp = 0xc0a14c40  fp = 0xc0a14c44\n\t r4 = 0x2015f010  r5 = 0xc06e8639\n\t r6 = 0xcfc1e000  r7 = 0xcf0b7e90\n\t r8 = 0xc0793880  r9 = 0xc0a050c0\n\tr10 = 0xc070fd00\ndump_savectx() at dump_savectx\n\t pc = 0xc0201e60  lr = 0xc051890c (fpu_kern_enter)\n\t sp = 0xc0a14c4c  fp = 0xc0a14c58\nfpu_kern_enter() at fpu_kern_enter\n\t pc = 0xc051890c  lr = 0xc0515cc8 (cpu_switch+0x5c)\n\t sp = 0xc0a14c60  fp = 0xcfc1e000\n\t r4 = 0xc051890c  r5 = 0xc0a14e90\n\t r6 = 0x00000000 r10 = 0xc0793880\ncpu_switch() at cpu_switch+0x5c\n\t pc = 0xc0515cc8  lr = 0xc0515cc8 (cpu_switch+0x5c)\n\t sp = 0xc0a14c60  fp = 0xcfc1e000\nUnwind failure (no registers changed)\nKDB: enter: panic\n[ thread pid 0 tid 100000 ]\nStopped at      kdb_enter+0x54: ldrb    r15, [r15, r15, ror r15]!\ndb\u003e"
}