{
 "id": 682054,
 "bug_id": 171305,
 "attachment_id": 0,
 "creation_time": "2012-09-04T03:50:06Z",
 "creator": "CHIEHHAN@GMAIL.COM",
 "text": "Copyright (c) 1992-2012 The FreeBSD Project.\nCopyright (c) 1979, 1980, 1983, 1986, 1988, 1989, 1991, 1992, 1993, 1994\n        The Regents of the University of California. All rights reserved.\nFreeBSD is a registered trademark of The FreeBSD Foundation.\nFreeBSD 9.0-RELEASE #0: Tue Jan  3 07:15:25 UTC 2012\n    root@obrian.cse.buffalo.edu:/usr/obj/usr/src/sys/GENERIC i386\nCPU: Intel(R) Core(TM)2 CPU         T5600  @ 1.83GHz (1828.79-MHz 686-class CPU)\n  Origin = \"GenuineIntel\"  Id = 0x6f6  Family = 6  Model = f  Stepping = 6\n  Features=0xbfebfbff\u003cFPU,VME,DE,PSE,TSC,MSR,PAE,MCE,CX8,APIC,SEP,MTRR,PGE,MCA,CMOV,PAT,PSE36,CLFLUSH,DTS,ACPI,MMX,FXSR,SSE,SSE2,SS,HTT,TM,PBE\u003e\n  Features2=0xe3bd\u003cSSE3,DTES64,MON,DS_CPL,VMX,EST,TM2,SSSE3,CX16,xTPR,PDCM\u003e\n  AMD Features=0x20100000\u003cNX,LM\u003e\n  AMD Features2=0x1\u003cLAHF\u003e\n  TSC: P-state invariant, performance statistics\nreal memory  = 1610612736 (1536 MB)\navail memory = 1558929408 (1486 MB)\nEvent timer \"LAPIC\" quality 400\nACPI APIC Table: \u003cHP     3021    \u003e\nFreeBSD/SMP: Multiprocessor System Detected: 2 CPUs\nFreeBSD/SMP: 1 package(s) x 2 core(s)\ncpu0 (BSP): APIC ID:  0\ncpu1 (AP): APIC ID:  1\nioapic0: Changing APIC ID to 1\nioapic0 \u003cVersion 2.0\u003e irqs 0-23 on motherboard\nkbd1 at kbdmux0\nacpi0: \u003cHPQOEM SLIC-MPC\u003e on motherboard\nacpi0: Power Button (fixed)\nacpi0: reservation of 0, a0000 (3) failed\nacpi0: reservation of 100000, 5ff00000 (3) failed\nTimecounter \"ACPI-fast\" frequency 3579545 Hz quality 900\nacpi_timer0: \u003c24-bit timer at 3.579545MHz\u003e port 0x1008-0x100b on acpi0\ncpu0: \u003cACPI CPU\u003e on acpi0\ncpu1: \u003cACPI CPU\u003e on acpi0\nacpi_ec0: \u003cEmbedded Controller: GPE 0x16\u003e port 0x62,0x66 on acpi0\npcib0: \u003cACPI Host-PCI bridge\u003e port 0xcf8-0xcff on acpi0\npcib0: Length mismatch for 3 range: 11ff000 vs 11fefff\npci0: \u003cACPI PCI bus\u003e on pcib0\npcib1: \u003cACPI PCI-PCI bridge\u003e irq 16 at device 1.0 on pci0\npci1: \u003cACPI PCI bus\u003e on pcib1\nvgapci0: \u003cVGA-compatible display\u003e port 0x4000-0x40ff mem 0xd8000000-0xdfffffff,0xe4400000-0xe440ffff irq 16 at device 0.0 on pci1\nhdac0: \u003cIntel 82801G High Definition Audio Controller\u003e mem 0xe4500000-0xe4503fff irq 16 at device 27.0 on pci0\npcib2: \u003cACPI PCI-PCI bridge\u003e irq 16 at device 28.0 on pci0\npci8: \u003cACPI PCI bus\u003e on pcib2\npcib3: \u003cACPI PCI-PCI bridge\u003e irq 17 at device 28.1 on pci0\npci16: \u003cACPI PCI bus\u003e on pcib3\nwpi0: \u003cIntel(R) PRO/Wireless 3945ABG\u003e mem 0xe4000000-0xe4000fff irq 17 at device 0.0 on pci16\npcib4: \u003cACPI PCI-PCI bridge\u003e irq 19 at device 28.3 on pci0\npci32: \u003cACPI PCI bus\u003e on pcib4\nuhci0: \u003cIntel 82801G (ICH7) USB controller USB-A\u003e port 0x5000-0x501f irq 20 at device 29.0 on pci0\nuhci0: LegSup = 0x2f00\nusbus0: \u003cIntel 82801G (ICH7) USB controller USB-A\u003e on uhci0\nuhci1: \u003cIntel 82801G (ICH7) USB controller USB-B\u003e port 0x5020-0x503f irq 21 at device 29.1 on pci0\nuhci1: LegSup = 0x2f00\nusbus1: \u003cIntel 82801G (ICH7) USB controller USB-B\u003e on uhci1\nuhci2: \u003cIntel 82801G (ICH7) USB controller USB-C\u003e port 0x5040-0x505f irq 18 at device 29.2 on pci0\nuhci2: LegSup = 0x2f00\nusbus2: \u003cIntel 82801G (ICH7) USB controller USB-C\u003e on uhci2\nuhci3: \u003cIntel 82801G (ICH7) USB controller USB-D\u003e port 0x5060-0x507f irq 19 at device 29.3 on pci0\nuhci3: LegSup = 0x2f00\nusbus3: \u003cIntel 82801G (ICH7) USB controller USB-D\u003e on uhci3\nehci0: \u003cIntel 82801GB/R (ICH7) USB 2.0 controller\u003e mem 0xe4504000-0xe45043ff irq 20 at device 29.7 on pci0\nusbus4: EHCI version 1.0\nusbus4: \u003cIntel 82801GB/R (ICH7) USB 2.0 controller\u003e on ehci0\npcib5: \u003cACPI PCI-PCI bridge\u003e at device 30.0 on pci0\npci2: \u003cACPI PCI bus\u003e on pcib5\ncbb0: \u003cPCI-CardBus Bridge\u003e mem 0xe4100000-0xe4100fff irq 18 at device 6.0 on pci2\ncardbus0: \u003cCardBus bus\u003e on cbb0\npccard0: \u003c16-bit PCCard bus\u003e on cbb0\npci2: \u003cmass storage\u003e at device 6.2 (no driver attached)\npci2: \u003cbase peripheral, SD host controller\u003e at device 6.3 (no driver attached)\npci2: \u003csimple comms\u003e at device 6.4 (no driver attached)\nbge0: \u003cBroadcom NetXtreme Gigabit Ethernet Controller, ASIC rev. 0x003003\u003e mem 0xe4110000-0xe411ffff irq 16 at device 14.0 on pci2\nbge0: CHIP ID 0x00003003; ASIC REV 0x03; CHIP REV 0x30; PCI\nmiibus0: \u003cMII bus\u003e on bge0\nbrgphy0: \u003cBCM5705 1000BASE-T media interface\u003e PHY 1 on miibus0\nbrgphy0:  10baseT, 10baseT-FDX, 100baseTX, 100baseTX-FDX, 1000baseT, 1000baseT-master, 1000baseT-FDX, 1000baseT-FDX-master, auto, auto-flow\nbge0: Ethernet address: 00:17:08:49:6c:e8\nisab0: \u003cPCI-ISA bridge\u003e at device 31.0 on pci0\nisa0: \u003cISA bus\u003e on isab0\natapci0: \u003cIntel ICH7M SATA150 controller\u003e port 0x1f0-0x1f7,0x3f6,0x170-0x177,0x376,0x5080-0x508f irq 17 at device 31.2 on pci0\nata0: \u003cATA channel 0\u003e on atapci0\nata1: \u003cATA channel 1\u003e on atapci0\nbattery0: \u003cACPI Control Method Battery\u003e on acpi0\nbattery1: \u003cACPI Control Method Battery\u003e on acpi0\nacpi_acad0: \u003cAC Adapter\u003e on acpi0\nacpi_button0: \u003cSleep Button\u003e on acpi0\nacpi_lid0: \u003cControl Method Lid Switch\u003e on acpi0\nacpi_tz0: \u003cThermal Zone\u003e on acpi0\nacpi_tz0: _CRT value is absurd, ignored (256.0C)\nacpi_tz1: \u003cThermal Zone\u003e on acpi0\nacpi_tz2: \u003cThermal Zone\u003e on acpi0\nacpi_tz3: \u003cThermal Zone\u003e on acpi0\nacpi_tz4: \u003cThermal Zone\u003e on acpi0\nattimer0: \u003cAT timer\u003e port 0x40-0x43 irq 0 on acpi0\nTimecounter \"i8254\" frequency 1193182 Hz quality 0\nEvent timer \"i8254\" frequency 1193182 Hz quality 100\natrtc0: \u003cAT realtime clock\u003e port 0x70-0x71,0x72-0x73 irq 8 on acpi0\nEvent timer \"RTC\" frequency 32768 Hz quality 0\nhpet0: \u003cHigh Precision Event Timer\u003e iomem 0xfed00000-0xfed003ff on acpi0\nTimecounter \"HPET\" frequency 14318180 Hz quality 950\nEvent timer \"HPET\" frequency 14318180 Hz quality 450\nEvent timer \"HPET1\" frequency 14318180 Hz quality 440\nEvent timer \"HPET2\" frequency 14318180 Hz quality 440\natkbdc0: \u003cKeyboard controller (i8042)\u003e port 0x60,0x64 irq 1 on acpi0\natkbd0: \u003cAT Keyboard\u003e irq 1 on atkbdc0\nkbd0 at atkbd0\natkbd0: [GIANT-LOCKED]\npsm0: \u003cPS/2 Mouse\u003e irq 12 on atkbdc0\npsm0: [GIANT-LOCKED]\npsm0: model IntelliMouse, device ID 3\nuart0: \u003c16550 or compatible\u003e port 0x3f8-0x3ff irq 4 flags 0x10 on acpi0\nppc0: \u003cParallel port\u003e port 0x378-0x37f,0x778-0x77a irq 7 drq 1 on acpi0\nppc0: SMC-like chipset (ECP/EPP/PS2/NIBBLE) in COMPATIBLE mode\nppc0: FIFO with 16/16/8 bytes threshold\nppbus0: \u003cParallel port bus\u003e on ppc0\nplip0: \u003cPLIP network interface\u003e on ppbus0\nlpt0: \u003cPrinter\u003e on ppbus0\nlpt0: Interrupt-driven port\nppi0: \u003cParallel I/O\u003e on ppbus0\npmtimer0 on isa0\nsc0: \u003cSystem console\u003e at flags 0x100 on isa0\nsc0: VGA \u003c16 virtual consoles, flags=0x300\u003e\nvga0: \u003cGeneric ISA VGA\u003e at port 0x3c0-0x3df iomem 0xa0000-0xbffff on isa0\nest0: \u003cEnhanced SpeedStep Frequency Control\u003e on cpu0\np4tcc0: \u003cCPU Frequency Thermal Control\u003e on cpu0\nest1: \u003cEnhanced SpeedStep Frequency Control\u003e on cpu1\np4tcc1: \u003cCPU Frequency Thermal Control\u003e on cpu1\nTimecounters tick every 1.000 msec\nhdac0: HDA Codec #0: Analog Devices AD1981HD\nhdac0: HDA Codec #1: Lucent/Agere Systems (Unknown)\npcm0: \u003cHDA Analog Devices AD1981HD PCM #0 Analog\u003e at cad 0 nid 1 on hdac0\nusbus0: 12Mbps Full Speed USB v1.0\nusbus1: 12Mbps Full Speed USB v1.0\nusbus2: 12Mbps Full Speed USB v1.0\nusbus3: 12Mbps Full Speed USB v1.0\nusbus4: 480Mbps High Speed USB v2.0\nugen0.1: \u003cIntel\u003e at usbus0\nuhub0: \u003cIntel UHCI root HUB, class 9/0, rev 1.00/1.00, addr 1\u003e on usbus0\nugen1.1: \u003cIntel\u003e at usbus1\nuhub1: \u003cIntel UHCI root HUB, class 9/0, rev 1.00/1.00, addr 1\u003e on usbus1\nugen2.1: \u003cIntel\u003e at usbus2\nuhub2: \u003cIntel UHCI root HUB, class 9/0, rev 1.00/1.00, addr 1\u003e on usbus2\nugen3.1: \u003cIntel\u003e at usbus3\nuhub3: \u003cIntel UHCI root HUB, class 9/0, rev 1.00/1.00, addr 1\u003e on usbus3\nugen4.1: \u003cIntel\u003e at usbus4\nuhub4: \u003cIntel EHCI root HUB, class 9/0, rev 2.00/1.00, addr 1\u003e on usbus4\nuhub0: 2 ports with 2 removable, self powered\nuhub1: 2 ports with 2 removable, self powered\nuhub2: 2 ports with 2 removable, self powered\nuhub3: 2 ports with 2 removable, self powered\nada0 at ata0 bus 0 scbus0 target 0 lun 0\nada0: \u003cFUJITSU MHV2080BH PL 892C\u003e ATA-7 SATA 1.x device\nada0: 150.000MB/s transfers (SATA, UDMA5, PIO 8192bytes)\nada0: 76319MB (156301488 512 byte sectors: 15H 63S/T 16383C)\nada0: Previously was known as ad0\nSMP: AP CPU #1 Launched!\nTimecounter \"TSC-low\" frequency 14287402 Hz quality 1000\ncd0 at ata1 bus 0 scbus1 target 0 lun 0\ncd0: \u003cTSSTcorp CDW/DVD TS-L462C HP10\u003e Removable CD-ROM SCSI-0 device \ncd0: 16.700MB/s transfers (WDMA2, ATAPI 12bytes, PIO 65534bytes)\ncd0: Attempt to query device size failed: NOT READY, Medium not present - tray closed\nacpi_tz0: _CRT value is absurd, ignored (256.0C)\nRoot mount waiting for: usbus4\nRoot mount waiting for: usbus4\nuhub4: 8 ports with 8 removable, self powered\nTrying to mount root from ufs:/dev/ada0p2 [rw]...\nwlan0: Ethernet address: 00:18:de:ae:4a:24\nwpi0: need multicast update callback\nwpi0: need multicast update callback\nwpi0: need multicast update callback\nwlan0: link state changed to DOWN\nwlan0: link state changed to UP\nwpi0: need multicast update callback\nwpi0: need multicast update callback\nwlan0: link state changed to DOWN\nwlan0: link state changed to UP\nwlan0: link state changed to DOWN\nwlan0: link state changed to UP\nwlan0: link state changed to DOWN\nwlan0: link state changed to UP\nwlan0: link state changed to DOWN\nwlan0: link state changed to UP\nwlan0: link state changed to DOWN\nwlan0: link state changed to UP\nwlan0: link state changed to DOWN\nwlan0: link state changed to UP\nwlan0: link state changed to DOWN\nwlan0: link state changed to UP\nwlan0: link state changed to DOWN\nwlan0: link state changed to UP\n\nHow-To-Repeat: When I install FreeBSD 9.0, the control spam \"acpi_tz0: _CRT value is\nabsurd, ignored (256.0C)\" occurs in my screen, and happens repeatly\non my laptop HP NX6330."
}