{
 "id": 435133,
 "bug_id": 121572,
 "attachment_id": 0,
 "creation_time": "2008-03-10T18:30:03Z",
 "creator": "agniaus@gmail.com",
 "text": "\nMar 10 18:54:56 error kernel: TCP: [10.10.11.11]:61709 to [84.46.141.101]:21 tcpflags 0x4\u003cRST\u003e; syncache_chkrst: Spurious RST without matching syncache entry\nMar 10 19:07:12 error kernel: TCP: [10.10.11.11]:63361 to [84.46.141.101]:21 tcpflags 0x18\u003cPUSH,ACK\u003e; tcp_do_segment: FIN_WAIT_2: Received 6 bytes of data af\nMar 10 19:11:01 error kernel: TCP: [10.10.11.11]:53242 to [84.46.141.101]:21 tcpflags 0x18\u003cPUSH,ACK\u003e; tcp_do_segment: FIN_WAIT_2: Received 6 bytes of data af\nMar 10 19:11:01 error kernel: TCP: [10.10.11.11]:53242 to [84.46.141.101]:21 tcpflags 0x11\u003cFIN,ACK\u003e; syncache_expand: Segment failed SYNCOOKIE authentication\n\nMar 10 20:02:07 error syslogd: kernel boot file is /boot/kernel/kernel\nMar 10 20:02:07 error kernel: panic: vm_fault: fault on nofault entry, addr: d4520000\nMar 10 20:02:07 error kernel: Uptime: 2d21h29m42s\nMar 10 20:02:07 error kernel: Physical memory: 487 MB\nMar 10 20:02:07 error kernel: Dumping 128 MB: 113 97 81 65 49 33 17 1Copyright (c) 1992-2008 The FreeBSD Project.\nMar 10 20:02:07 error kernel: Copyright (c) 1979, 1980, 1983, 1986, 1988, 1989, 1991, 1992, 1993, 1994\nMar 10 20:02:07 error kernel: The Regents of the University of California. All rights reserved.\nMar 10 20:02:07 error kernel: FreeBSD is a registered trademark of The FreeBSD Foundation.\nMar 10 20:02:07 error kernel: FreeBSD 7.0-STABLE #10: Fri Feb 29 08:27:01 EET 2008\nMar 10 20:02:07 error kernel: root@error.ezona.eu:/usr/obj/usr/src/sys/ROUTER\nMar 10 20:02:07 error kernel: Timecounter \"i8254\" frequency 1193182 Hz quality 0\nMar 10 20:02:07 error kernel: CPU: Intel(R) Celeron(R) CPU 2.66GHz (2666.79-MHz 686-class CPU)\nMar 10 20:02:07 error kernel: Origin = \"GenuineIntel\"  Id = 0xf41  Stepping = 1\nMar 10 20:02:07 error kernel: Features=0xbfebfbff\u003cFPU,VME,DE,PSE,TSC,MSR,PAE,MCE,CX8,APIC,SEP,MTRR,PGE,MCA,CMOV,PAT,PSE36,CLFLUSH,DTS,ACPI,MMX,FXSR,SSE,SSE2,\nMar 10 20:02:07 error kernel: Features2=0x441d\u003cSSE3,RSVD2,MON,DS_CPL,CNXT-ID,xTPR\u003e\nMar 10 20:02:07 error kernel: real memory  = 519766016 (495 MB)\nMar 10 20:02:07 error kernel: avail memory = 499200000 (476 MB)\nMar 10 20:02:07 error kernel: ACPI APIC Table: \u003cA M I  OEMAPIC \u003e\nMar 10 20:02:07 error kernel: ioapic0 \u003cVersion 0.3\u003e irqs 0-23 on motherboard\nMar 10 20:02:07 error kernel: ioapic1 \u003cVersion 0.3\u003e irqs 24-47 on motherboard"
}