{
 "id": 1233264,
 "bug_id": 166724,
 "attachment_id": 0,
 "creation_time": "2022-10-28T13:41:30Z",
 "creator": "yklaxds@gmail.com",
 "text": "same error with freebsd  13.1-release\n\n---------------------------------------------------------------\n---\u003c\u003cBOOT\u003e\u003e---\nCopyright (c) 1992-2021 The FreeBSD Project.\nCopyright (c) 1979, 1980, 1983, 1986, 1988, 1989, 1991, 1992, 1993, 1994\n\tThe Regents of the University of California. All rights reserved.\nFreeBSD is a registered trademark of The FreeBSD Foundation.\nFreeBSD 13.1-RELEASE releng/13.1-n250148-fc952ac2212 GENERIC amd64\nFreeBSD clang version 13.0.0 (git@github.com:llvm/llvm-project.git llvmorg-13.0.0-0-gd7b669b3a303)\nVT(efifb): resolution 1366x768\nCPU: Intel(R) Core(TM) i5-3230M CPU @ 2.60GHz (2594.23-MHz K8-class CPU)\n  Origin=\"GenuineIntel\"  Id=0x306a9  Family=0x6  Model=0x3a  Stepping=9\n  Features=0xbfebfbff\u003cFPU,VME,DE,PSE,TSC,MSR,PAE,MCE,CX8,APIC,SEP,MTRR,PGE,MCA,CMOV,PAT,PSE36,CLFLUSH,DTS,ACPI,MMX,FXSR,SSE,SSE2,SS,HTT,TM,PBE\u003e\n  Features2=0x7fbae3bf\u003cSSE3,PCLMULQDQ,DTES64,MON,DS_CPL,VMX,EST,TM2,SSSE3,CX16,xTPR,PDCM,PCID,SSE4.1,SSE4.2,x2APIC,POPCNT,TSCDLT,AESNI,XSAVE,OSXSAVE,AVX,F16C,RDRAND\u003e\n  AMD Features=0x28100800\u003cSYSCALL,NX,RDTSCP,LM\u003e\n  AMD Features2=0x1\u003cLAHF\u003e\n  Structured Extended Features=0x281\u003cFSGSBASE,SMEP,ERMS\u003e\n  XSAVE Features=0x1\u003cXSAVEOPT\u003e\n  VT-x: PAT,HLT,MTF,PAUSE,EPT,UG,VPID\n  TSC: P-state invariant, performance statistics\nreal memory  = 8589934592 (8192 MB)\navail memory = 8138895360 (7761 MB)\nEvent timer \"LAPIC\" quality 600\nACPI APIC Table: \u003cLENOVO CB-01   \u003e\nFreeBSD/SMP: Multiprocessor System Detected: 4 CPUs\nFreeBSD/SMP: 1 package(s) x 2 core(s) x 2 hardware threads\nrandom: registering fast source Intel Secure Key RNG\nrandom: fast provider: \"Intel Secure Key RNG\"\nrandom: unblocking device.\nioapic0 \u003cVersion 2.0\u003e irqs 0-23\nLaunching APs: 1 2 3\nrandom: entropy device external interface\nkbd1 at kbdmux0\nefirtc0: \u003cEFI Realtime Clock\u003e\nefirtc0: registered as a time-of-day clock, resolution 1.000000s\nsmbios0: \u003cSystem Management BIOS\u003e at iomem 0xbaebef98-0xbaebefb6\nsmbios0: Version: 2.7, BCD Revision: 2.7\naesni0: \u003cAES-CBC,AES-CCM,AES-GCM,AES-ICM,AES-XTS\u003e\nacpi0: \u003cLENOVO CB-01\u003e\nacpi0: Power Button (fixed)\ncpu0: \u003cACPI CPU\u003e on acpi0\nhpet0: \u003cHigh Precision Event Timer\u003e iomem 0xfed00000-0xfed003ff on acpi0\nTimecounter \"HPET\" frequency 14318180 Hz quality 950\nEvent timer \"HPET\" frequency 14318180 Hz quality 550\nEvent timer \"HPET1\" frequency 14318180 Hz quality 440\nEvent timer \"HPET2\" frequency 14318180 Hz quality 440\nEvent timer \"HPET3\" frequency 14318180 Hz quality 440\nEvent timer \"HPET4\" frequency 14318180 Hz quality 440\natrtc0: \u003cAT realtime clock\u003e port 0x70-0x77 irq 8 on acpi0\natrtc0: Warning: Couldn't map I/O.\natrtc0: registered as a time-of-day clock, resolution 1.000000s\nEvent timer \"RTC\" frequency 32768 Hz quality 0\nattimer0: \u003cAT timer\u003e port 0x40-0x43,0x50-0x53 irq 0 on acpi0\nTimecounter \"i8254\" frequency 1193182 Hz quality 0\nEvent timer \"i8254\" frequency 1193182 Hz quality 100\nTimecounter \"ACPI-fast\" frequency 3579545 Hz quality 900\nacpi_timer0: \u003c24-bit timer at 3.579545MHz\u003e port 0x408-0x40b on acpi0\nacpi_ec0: \u003cEmbedded Controller: GPE 0x17\u003e port 0x62,0x66 on acpi0\npcib0: \u003cACPI Host-PCI bridge\u003e port 0xcf8-0xcff on acpi0\npci0: \u003cACPI PCI bus\u003e on pcib0\npcib1: \u003cACPI PCI-PCI bridge\u003e at device 1.0 on pci0\npci1: \u003cACPI PCI bus\u003e on pcib1\nvgapci0: \u003cVGA-compatible display\u003e port 0x3000-0x30ff mem 0xd0000000-0xd7ffffff,0xd8600000-0xd863ffff at device 0.0 on pci1\nvgapci1: \u003cVGA-compatible display\u003e port 0x4000-0x403f mem 0xd8000000-0xd83fffff,0xc0000000-0xcfffffff at device 2.0 on pci0\nvgapci1: Boot video device\nxhci0: \u003cIntel Panther Point USB 3.0 controller\u003e mem 0xd8700000-0xd870ffff at device 20.0 on pci0\nxhci0: 32 bytes context size, 64-bit DMA\nusbus0: waiting for BIOS to give up control\nxhci0: Port routing mask set to 0xffffffff\nusbus0 on xhci0\nusbus0: 5.0Gbps Super Speed USB v3.0\npci0: \u003csimple comms\u003e at device 22.0 (no driver attached)\nehci0: \u003cIntel Panther Point USB 2.0 controller\u003e mem 0xd8719000-0xd87193ff at device 26.0 on pci0\nusbus1: waiting for BIOS to give up control\nusbus1: timed out waiting for BIOS\nusbus1: EHCI version 1.0\nusbus1 on ehci0\nusbus1: 480Mbps High Speed USB v2.0\nhdac0: \u003cIntel Panther Point HDA Controller\u003e mem 0xd8710000-0xd8713fff at device 27.0 on pci0\npcib2: \u003cACPI PCI-PCI bridge\u003e at device 28.0 on pci0\npci2: \u003cACPI PCI bus\u003e on pcib2\nalc0: \u003cAtheros AR8172 PCIe Fast Ethernet\u003e port 0x2000-0x207f mem 0xd8500000-0xd853ffff at device 0.0 on pci2\nalc0: 11776 Tx FIFO, 12032 Rx FIFO\nalc0: Using 1 MSIX message(s).\nmiibus0: \u003cMII bus\u003e on alc0\natphy0: \u003cAtheros F1 10/100/1000 PHY\u003e PHY 0 on miibus0\natphy0:  none, 10baseT, 10baseT-FDX, 100baseTX, 100baseTX-FDX, 1000baseT-FDX, 1000baseT-FDX-master, auto, auto-flow\nalc0: Using defaults for TSO: 65518/35/2048\nalc0: Ethernet address: 20:89:84:99:9c:c9\npcib3: \u003cACPI PCI-PCI bridge\u003e at device 28.1 on pci0\npci3: \u003cACPI PCI bus\u003e on pcib3\niwn0: \u003cIntel Centrino Wireless-N 135\u003e mem 0xd8400000-0xd8401fff at device 0.0 on pci3\nehci1: \u003cIntel Panther Point USB 2.0 controller\u003e mem 0xd8718000-0xd87183ff at device 29.0 on pci0\nusbus2: waiting for BIOS to give up control\nusbus2: timed out waiting for BIOS\nusbus2: EHCI version 1.0\nusbus2 on ehci1\nusbus2: 480Mbps High Speed USB v2.0\nisab0: \u003cPCI-ISA bridge\u003e at device 31.0 on pci0\nisa0: \u003cISA bus\u003e on isab0\nahci0: \u003cIntel Panther Point AHCI SATA controller\u003e port 0x4088-0x408f,0x4094-0x4097,0x4080-0x4087,0x4090-0x4093,0x4060-0x407f mem 0xd8717000-0xd87177ff at device 31.2 on pci0\nahci0: AHCI v1.30 with 6 6Gbps ports, Port Multiplier not supported\nahcich0: \u003cAHCI channel\u003e at channel 0 on ahci0\nahcich2: \u003cAHCI channel\u003e at channel 2 on ahci0\nahciem0: \u003cAHCI enclosure management bridge\u003e on ahci0\nacpi_lid0: \u003cControl Method Lid Switch\u003e on acpi0\nacpi_tz0: \u003cThermal Zone\u003e on acpi0\nacpi_button0: \u003cPower Button\u003e on acpi0\natkbdc0: \u003cKeyboard controller (i8042)\u003e port 0x60,0x64 irq 1 on acpi0\natkbd0: \u003cAT Keyboard\u003e irq 1 on atkbdc0\nkbd0 at atkbd0\natkbd0: [GIANT-LOCKED]\npsm0: \u003cPS/2 Mouse\u003e irq 12 on atkbdc0\npsm0: [GIANT-LOCKED]\nWARNING: Device \"psm\" is Giant locked and may be deleted before FreeBSD 14.0.\npsm0: model Synaptics Touchpad, device ID 3\nbattery0: \u003cACPI Control Method Battery\u003e on acpi0\nacpi_acad0: \u003cAC Adapter\u003e on acpi0\nest0: \u003cEnhanced SpeedStep Frequency Control\u003e on cpu0\nTimecounter \"TSC-low\" frequency 1297053673 Hz quality 1000\nTimecounters tick every 1.000 msec\nhdacc0: \u003cConexant CX20757 HDA CODEC\u003e at cad 0 on hdac0\nhdaa0: \u003cConexant CX20757 Audio Function Group\u003e at nid 1 on hdacc0\npcm0: \u003cConexant CX20757 (Analog)\u003e at nid 23 and 26 on hdaa0\npcm1: \u003cConexant CX20757 (Left Analog)\u003e at nid 22 and 25 on hdaa0\nhdacc1: \u003cIntel Panther Point HDA CODEC\u003e at cad 3 on hdac0\nhdaa1: \u003cIntel Panther Point Audio Function Group\u003e at nid 1 on hdacc1\npcm2: \u003cIntel Panther Point (HDMI/DP 8ch)\u003e at nid 5 on hdaa1\nugen0.1: \u003cIntel XHCI root HUB\u003e at usbus0\nugen1.1: \u003cIntel EHCI root HUB\u003e at usbus1\nugen2.1: \u003cIntel EHCI root HUB\u003e at usbus2\nuhub0 on usbus0\nuhub0: \u003cIntel XHCI root HUB, class 9/0, rev 3.00/1.00, addr 1\u003e on usbus0\nTrying to mount root from ufs:/dev/ada1p3 [rw]...\nuhub1 on usbus1\nuhub1: \u003cIntel EHCI root HUB, class 9/0, rev 2.00/1.00, addr 1\u003e on usbus1\nuhub2 on usbus2\nuhub2: \u003cIntel EHCI root HUB, class 9/0, rev 2.00/1.00, addr 1\u003e on usbus2\nses0 at ahciem0 bus 0 scbus2 target 0 lun 0\nses0: \u003cAHCI SGPIO Enclosure 2.00 0001\u003e SEMB S-E-S 2.00 device\nses0: SEMB SES Device\nada0 at ahcich0 bus 0 scbus0 target 0 lun 0\nada0: \u003cTOSHIBA-TR150 SAFZ12.3\u003e ACS-2 ATA SATA 3.x device\nada0: Serial Number 568B31JWKBZU\nada0: 600.000MB/s transfers (SATA 3.x, UDMA6, PIO 8192bytes)\nada0: Command Queueing enabled\nada0: 228936MB (468862128 512 byte sectors)\nses0: pass0,ada0 in 'Slot 00', SATA Slot: scbus0 target 0\nada1 at ahcich2 bus 0 scbus1 target 0 lun 0\nada1: \u003cHGST HTS545050A7E380 GG2ZBD90\u003e ATA8-ACS SATA 2.x device\nada1: Serial Number TMA55DZN3RBWKP\nada1: 300.000MB/s transfers (SATA 2.x, UDMA6, PIO 8192bytes)\nada1: Command Queueing enabled\nada1: 476940MB (976773168 512 byte sectors)\nses0: pass1,ada1 in 'Slot 02', SATA Slot: scbus1 target 0\nuhub0: 8 ports with 8 removable, self powered\nugen0.2: \u003cE-Signal USB Gaming Keyboard\u003e at usbus0\nukbd0 on uhub0\nukbd0: \u003cE-Signal USB Gaming Keyboard, class 0/0, rev 2.00/1.00, addr 1\u003e on usbus0\nkbd2 at ukbd0\nukbd1 on uhub0\nukbd1: \u003cE-Signal USB Gaming Keyboard, class 0/0, rev 2.00/1.00, addr 1\u003e on usbus0\nkbd3 at ukbd1\nuhub2: 2 ports with 2 removable, self powered\nuhub1: 2 ports with 2 removable, self powered\nugen0.3: \u003cCF0D4PCH4 Lenovo EasyCamera\u003e at usbus0\nugen2.2: \u003cvendor 0x8087 product 0x0024\u003e at usbus2\nuhub3 on uhub2\nuhub3: \u003cvendor 0x8087 product 0x0024, class 9/0, rev 2.00/0.00, addr 2\u003e on usbus2\nugen1.2: \u003cvendor 0x8087 product 0x0024\u003e at usbus1\nuhub4 on uhub1\nuhub4: \u003cvendor 0x8087 product 0x0024, class 9/0, rev 2.00/0.00, addr 2\u003e on usbus1\nRoot mount waiting for: usbus0 usbus1 usbus2\nugen0.4: \u003cASIX AX88179A\u003e at usbus0\nuhub3: 6 ports with 6 removable, self powered\nuhub4: 6 ports with 6 removable, self powered\nugen1.3: \u003cPixArt USB Optical Mouse\u003e at usbus1\nugen1.4: \u003cvendor 0x8087 product 0x07da\u003e at usbus1\ndrmn1: \u003cdrmn\u003e on vgapci1\nvgapci1: child drmn1 requested pci_enable_io\nvgapci1: child drmn1 requested pci_enable_io\n[drm] Unable to create a private tmpfs mount, hugepage support will be disabled(-19).\n[drm] Got stolen memory base 0xbba00000, size 0x4000000\nsysctl_warn_reuse: can't re-use a leaf (hw.dri.debug)!\n[drm] Initialized i915 1.6.0 20200917 for drmn1 on minor 0\nVT: Replacing driver \"efifb\" with new \"fb\".\nstart FB_INFO:\ntype=11 height=768 width=1366 depth=32\npbase=0xc0000000 vbase=0xfffff800c0000000\nname=drmn1 flags=0x0 stride=5504 bpp=32\nend FB_INFO\nichsmb0: \u003cIntel Panther Point SMBus controller\u003e port 0x4040-0x405f mem 0xd8715000-0xd87150ff at device 31.3 on pci0\nsmbus0: \u003cSystem Management Bus\u003e on ichsmb0\nlo0: link state changed to UP\nuhid0 on uhub0\nuhid0: \u003cE-Signal USB Gaming Keyboard, class 0/0, rev 2.00/1.00, addr 1\u003e on usbus0\naxge0 on uhub0\naxge0: \u003cNetworkInterface\u003e on usbus0\nums0 on uhub4\nums0: \u003cPixArt USB Optical Mouse, class 0/0, rev 2.00/1.00, addr 3\u003e on usbus1\nums0: 3 buttons and [XYZ] coordinates ID=0\nubt0 on uhub4\nubt0: \u003cvendor 0x8087 product 0x07da, class 224/1, rev 2.00/78.69, addr 4\u003e on usbus1\nmiibus1: \u003cMII bus\u003e on axge0\nukphy0: \u003cGeneric IEEE 802.3u media interface\u003e PHY 3 on miibus1\nukphy0:  none, 10baseT, 10baseT-FDX, 100baseTX, 100baseTX-FDX, 1000baseT-FDX, 1000baseT-FDX-master, auto, auto-flow\nue0: \u003cUSB Ethernet\u003e on axge0\nue0: Ethernet address: f8:e4:3b:9f:ea:3c\nWARNING: attempt to domain_add(bluetooth) after domainfinalize()\nWARNING: attempt to domain_add(netgraph) after domainfinalize()\nue0: link state changed to DOWN\nue0: link state changed to UP\nSecurity policy loaded: MAC/ntpd (mac_ntpd)\nue0: link state changed to DOWN\nue0: link state changed to UP\nue0: link state changed to DOWN\nue0: link state changed to UP\nue0: link state changed to DOWN\nue0: link state changed to UP\nue0: link state changed to DOWN\nue0: link state changed to UP\nue0: link state changed to DOWN\nue0: link state changed to UP\nue0: link state changed to DOWN\nue0: link state changed to UP\nue0: link state changed to DOWN\nue0: link state changed to UP\nue0: link state changed to DOWN\nue0: link state changed to UP\nue0: link state changed to DOWN\nue0: link state changed to UP\nue0: link state changed to DOWN\nue0: link state changed to UP\nue0: link state changed to DOWN\nue0: link state changed to UP\nue0: link state changed to DOWN\nue0: link state changed to UP\nue0: link state changed to DOWN\nue0: link state changed to UP\nue0: link state changed to DOWN\nue0: link state changed to UP\nue0: link state changed to DOWN\nue0: link state changed to UP\nue0: link state changed to DOWN\nue0: link state changed to UP\nue0: link state changed to DOWN\nue0: link state changed to UP\nue0: link state changed to DOWN\nue0: link state changed to UP\nue0: link state changed to DOWN\nue0: link state changed to UP\nue0: link state changed to DOWN\nue0: link state changed to UP\nue0: link state changed to DOWN\nue0: link state changed to UP\nue0: link state changed to DOWN\nue0: link state changed to UP\nue0: link state changed to DOWN\nue0: link state changed to UP\nue0: link state changed to DOWN\nue0: link state changed to UP\nue0: link state changed to DOWN\nue0: link state changed to UP\nue0: link state changed to DOWN\nue0: link state changed to UP\nue0: link state changed to DOWN\nue0: link state changed to UP\nue0: link state changed to DOWN\nue0: link state changed to UP\nue0: link state changed to DOWN\nue0: link state changed to UP\nue0: link state changed to DOWN\nue0: link state changed to UP\nue0: link state changed to DOWN\nue0: link state changed to UP\nue0: link state changed to DOWN\nue0: link state changed to UP\nue0: link state changed to DOWN\nue0: link state changed to UP\nue0: link state changed to DOWN\nue0: link state changed to UP\nue0: link state changed to DOWN\nue0: link state changed to UP\nue0: link state changed to DOWN\nue0: link state changed to UP\nue0: link state changed to DOWN\nue0: link state changed to UP\nue0: link state changed to DOWN\nue0: link state changed to UP\nue0: link state changed to DOWN\nue0: link state changed to UP\nue0: link state changed to DOWN\nue0: link state changed to UP\nue0: link state changed to DOWN\nue0: link state changed to UP\nue0: link state changed to DOWN\nue0: link state changed to UP\nue0: link state changed to DOWN\nue0: link state changed to UP\nue0: link state changed to DOWN\nue0: link state changed to UP\nue0: link state changed to DOWN\nue0: link state changed to UP\nue0: link state changed to DOWN\nue0: link state changed to UP\nue0: link state changed to DOWN\nue0: link state changed to UP\nue0: link state changed to DOWN\nue0: link state changed to UP\nue0: link state changed to DOWN\nue0: link state changed to UP\nue0: link state changed to DOWN\nue0: link state changed to UP\nue0: link state changed to DOWN\nue0: link state changed to UP\nue0: link state changed to DOWN\nue0: link state changed to UP\nue0: link state changed to DOWN\nue0: link state changed to UP\nue0: link state changed to DOWN\nue0: link state changed to UP\nue0: link state changed to DOWN\nue0: link state changed to UP\nue0: link state changed to DOWN\nue0: link state changed to UP\nue0: link state changed to DOWN\nue0: link state changed to UP\nue0: link state changed to DOWN\nue0: link state changed to UP\nue0: link state changed to DOWN\nue0: link state changed to UP\nue0: link state changed to DOWN\nue0: link state changed to UP\nue0: link state changed to DOWN\nue0: link state changed to UP\nue0: link state changed to DOWN\nue0: link state changed to UP\nue0: link state changed to DOWN\nue0: link state changed to UP\nue0: link state changed to DOWN\nue0: link state changed to UP\nue0: link state changed to DOWN\nue0: link state changed to UP\nue0: link state changed to DOWN\nue0: link state changed to UP\nue0: link state changed to DOWN\nue0: link state changed to UP\nue0: link state changed to DOWN\nue0: link state changed to UP\nue0: link state changed to DOWN\nue0: link state changed to UP\nue0: link state changed to DOWN\nue0: link state changed to UP\nue0: link state changed to DOWN\nue0: link state changed to UP\nue0: link state changed to DOWN\nue0: link state changed to UP\nue0: link state changed to DOWN\nue0: link state changed to UP\nue0: link state changed to DOWN\nue0: link state changed to UP\nue0: link state changed to DOWN\nue0: link state changed to UP\nue0: link state changed to DOWN\nue0: link state changed to UP\nue0: link state changed to DOWN\nue0: link state changed to UP\nue0: link state changed to DOWN\nue0: link state changed to UP\nue0: link state changed to DOWN\nue0: link state changed to UP\nue0: link state changed to DOWN\nue0: link state changed to UP\nue0: link state changed to DOWN\nue0: link state changed to UP\nue0: link state changed to DOWN\nue0: link state changed to UP\nue0: link state changed to DOWN\nue0: link state changed to UP\nue0: link state changed to DOWN\nue0: link state changed to UP\nue0: link state changed to DOWN\nue0: link state changed to UP\nue0: link state changed to DOWN\nue0: link state changed to UP\nue0: link state changed to DOWN\nue0: link state changed to UP\nue0: link state changed to DOWN\nue0: link state changed to UP\nue0: link state changed to DOWN\nue0: link state changed to UP\nue0: link state changed to DOWN\nue0: link state changed to UP\nue0: link state changed to DOWN\nue0: link state changed to UP\nue0: link state changed to DOWN\nue0: link state changed to UP\nue0: link state changed to DOWN\nue0: link state changed to UP\nue0: link state changed to DOWN\nue0: link state changed to UP\nubt0: ubt_bulk_read_callback:1119: bulk-in transfer failed: USB_ERR_STALLED\nue0: link state changed to DOWN\nue0: link state changed to UP\nue0: link state changed to DOWN\nue0: link state changed to UP\nue0: link state changed to DOWN\nue0: link state changed to UP\nugen0.4: \u003cASIX AX88179A\u003e at usbus0 (disconnected)\naxge0: at uhub0, port 6, addr 3 (disconnected)\nukphy0: detached\nmiibus1: detached\naxge0: detached\nugen0.4: \u003cASIX AX88179A\u003e at usbus0\naxge0 on uhub0\naxge0: \u003cNetworkInterface\u003e on usbus0\nmiibus1: \u003cMII bus\u003e on axge0\nukphy0: \u003cGeneric IEEE 802.3u media interface\u003e PHY 3 on miibus1\nukphy0:  none, 10baseT, 10baseT-FDX, 100baseTX, 100baseTX-FDX, 1000baseT-FDX, 1000baseT-FDX-master, auto, auto-flow\nue0: \u003cUSB Ethernet\u003e on axge0\nue0: Ethernet address: f8:e4:3b:9f:ea:3c\nue0: link state changed to DOWN\nue0: link state changed to UP\nue0: link state changed to DOWN\nue0: link state changed to UP\nue0: link state changed to DOWN\nue0: link state changed to UP\nue0: link state changed to DOWN\nue0: link state changed to UP\nue0: link state changed to DOWN\nue0: link state changed to UP\nue0: link state changed to DOWN\nue0: link state changed to UP\nue0: link state changed to DOWN\nue0: link state changed to UP\nue0: link state changed to DOWN\nue0: link state changed to UP\nue0: link state changed to DOWN\nue0: link state changed to UP\nue0: link state changed to DOWN\nue0: link state changed to UP\nue0: link state changed to DOWN\nue0: link state changed to UP\nue0: link state changed to DOWN\nue0: link state changed to UP\nue0: link state changed to DOWN\nue0: link state changed to UP\nue0: link state changed to DOWN\nue0: link state changed to UP\nue0: link state changed to DOWN\nue0: link state changed to UP\nue0: link state changed to DOWN\nue0: link state changed to UP\nue0: link state changed to DOWN\nue0: link state changed to UP\nue0: link state changed to DOWN\nue0: link state changed to UP\nue0: link state changed to DOWN\nue0: link state changed to UP\nue0: link state changed to DOWN\nue0: link state changed to UP\nue0: link state changed to DOWN\nue0: link state changed to UP\nue0: link state changed to DOWN\nue0: link state changed to UP\nue0: link state changed to DOWN\nue0: link state changed to UP\nue0: link state changed to DOWN\nue0: link state changed to UP\nue0: link state changed to DOWN\nue0: link state changed to UP\nue0: link state changed to DOWN\nue0: link state changed to UP\nue0: link state changed to DOWN\nue0: link state changed to UP\n\n-----------------------------------------------------\nroot@ykla:/usr/home/ykla # pciconf -lv\nhostb0@pci0:0:0:0:      class=0x060000 rev=0x09 hdr=0x00 vendor=0x8086 device=0x0154 subvendor=0x17aa subdevice=0x3977\n    vendor     = 'Intel Corporation'\n    device     = '3rd Gen Core processor DRAM Controller'\n    class      = bridge\n    subclass   = HOST-PCI\npcib1@pci0:0:1:0:       class=0x060400 rev=0x09 hdr=0x01 vendor=0x8086 device=0x0151 subvendor=0x17aa subdevice=0x3977\n    vendor     = 'Intel Corporation'\n    device     = 'Xeon E3-1200 v2/3rd Gen Core processor PCI Express Root Port'\n    class      = bridge\n    subclass   = PCI-PCI\nvgapci1@pci0:0:2:0:     class=0x030000 rev=0x09 hdr=0x00 vendor=0x8086 device=0x0166 subvendor=0x17aa subdevice=0x3800\n    vendor     = 'Intel Corporation'\n    device     = '3rd Gen Core processor Graphics Controller'\n    class      = display\n    subclass   = VGA\nxhci0@pci0:0:20:0:      class=0x0c0330 rev=0x04 hdr=0x00 vendor=0x8086 device=0x1e31 subvendor=0x17aa subdevice=0x3977\n    vendor     = 'Intel Corporation'\n    device     = '7 Series/C210 Series Chipset Family USB xHCI Host Controller'\n    class      = serial bus\n    subclass   = USB\nnone0@pci0:0:22:0:      class=0x078000 rev=0x04 hdr=0x00 vendor=0x8086 device=0x1e3a subvendor=0x17aa subdevice=0x3977\n    vendor     = 'Intel Corporation'\n    device     = '7 Series/C216 Chipset Family MEI Controller'\n    class      = simple comms\nehci0@pci0:0:26:0:      class=0x0c0320 rev=0x04 hdr=0x00 vendor=0x8086 device=0x1e2d subvendor=0x17aa subdevice=0x3977\n    vendor     = 'Intel Corporation'\n    device     = '7 Series/C216 Chipset Family USB Enhanced Host Controller'\n    class      = serial bus\n    subclass   = USB\nhdac0@pci0:0:27:0:      class=0x040300 rev=0x04 hdr=0x00 vendor=0x8086 device=0x1e20 subvendor=0x17aa subdevice=0x3977\n    vendor     = 'Intel Corporation'\n    device     = '7 Series/C216 Chipset Family High Definition Audio Controller'\n    class      = multimedia\n    subclass   = HDA\npcib2@pci0:0:28:0:      class=0x060400 rev=0xc4 hdr=0x01 vendor=0x8086 device=0x1e10 subvendor=0x17aa subdevice=0x3977\n    vendor     = 'Intel Corporation'\n    device     = '7 Series/C216 Chipset Family PCI Express Root Port 1'\n    class      = bridge\n    subclass   = PCI-PCI\npcib3@pci0:0:28:1:      class=0x060400 rev=0xc4 hdr=0x01 vendor=0x8086 device=0x1e12 subvendor=0x17aa subdevice=0x3977\n    vendor     = 'Intel Corporation'\n    device     = '7 Series/C210 Series Chipset Family PCI Express Root Port 2'\n    class      = bridge\n    subclass   = PCI-PCI\nehci1@pci0:0:29:0:      class=0x0c0320 rev=0x04 hdr=0x00 vendor=0x8086 device=0x1e26 subvendor=0x17aa subdevice=0x3977\n    vendor     = 'Intel Corporation'\n    device     = '7 Series/C216 Chipset Family USB Enhanced Host Controller'\n    class      = serial bus\n    subclass   = USB\nisab0@pci0:0:31:0:      class=0x060100 rev=0x04 hdr=0x00 vendor=0x8086 device=0x1e59 subvendor=0x17aa subdevice=0x3977\n    vendor     = 'Intel Corporation'\n    device     = 'HM76 Express Chipset LPC Controller'\n    class      = bridge\n    subclass   = PCI-ISA\nahci0@pci0:0:31:2:      class=0x010601 rev=0x04 hdr=0x00 vendor=0x8086 device=0x1e03 subvendor=0x17aa subdevice=0x3977\n    vendor     = 'Intel Corporation'\n    device     = '7 Series Chipset Family 6-port SATA Controller [AHCI mode]'\n    class      = mass storage\n    subclass   = SATA\nichsmb0@pci0:0:31:3:    class=0x0c0500 rev=0x04 hdr=0x00 vendor=0x8086 device=0x1e22 subvendor=0x17aa subdevice=0x3977\n    vendor     = 'Intel Corporation'\n    device     = '7 Series/C216 Chipset Family SMBus Controller'\n    class      = serial bus\n    subclass   = SMBus\nvgapci0@pci0:1:0:0:     class=0x038000 rev=0x00 hdr=0x00 vendor=0x1002 device=0x6663 subvendor=0x17aa subdevice=0x3800\n    vendor     = 'Advanced Micro Devices, Inc. [AMD/ATI]'\n    device     = 'Sun PRO [Radeon HD 8570A/8570M]'\n    class      = display\nalc0@pci0:2:0:0:        class=0x020000 rev=0x10 hdr=0x00 vendor=0x1969 device=0x10a0 subvendor=0x17aa subdevice=0x3802\n    vendor     = 'Qualcomm Atheros'\n    device     = 'QCA8172 Fast Ethernet'\n    class      = network\n    subclass   = ethernet\niwn0@pci0:3:0:0:        class=0x028000 rev=0xc4 hdr=0x00 vendor=0x8086 device=0x0893 subvendor=0x8086 subdevice=0x0262\n    vendor     = 'Intel Corporation'\n    device     = 'Centrino Wireless-N 135'\n    class      = network\nroot@ykla:/usr/home/ykla #"
}