{
 "id": 659320,
 "bug_id": 166724,
 "attachment_id": 0,
 "creation_time": "2012-04-07T14:30:00Z",
 "creator": "xxjack12xx@gmail.com",
 "text": "When transferring large files over the network using the re driver\n\nApr  7 04:06:45 upstairs kernel: re0: watchdog timeout\nApr  7 04:06:45 upstairs kernel: re0: link state changed to DOWN\nApr  7 04:06:49 upstairs kernel: re0: link state changed to UP\nApr  7 04:06:54 upstairs kernel: re0: watchdog timeout\nApr  7 04:06:54 upstairs kernel: re0: link state changed to DOWN\n\ndmesg and pciconf -lv output below:\n\nCopyright (c) 1992-2012 The FreeBSD Project.\nCopyright (c) 1979, 1980, 1983, 1986, 1988, 1989, 1991, 1992, 1993, 1994\n        The Regents of the University of California. All rights reserved.\nFreeBSD is a registered trademark of The FreeBSD Foundation.\nFreeBSD 9.0-STABLE #0 r233868: Wed Apr  4 04:46:51 PDT 2012\n    jack@upstairs.jack.com:/usr/obj/usr/src/sys/UPSTAIRS amd64\nCPU: AMD FX(tm)-4100 Quad-Core Processor             (4027.00-MHz K8-class CPU)\n  Origin = \"AuthenticAMD\"  Id = 0x600f12  Family = 15  Model = 1  Stepping = 2\n  Features=0x178bfbff\u003cFPU,VME,DE,PSE,TSC,MSR,PAE,MCE,CX8,APIC,SEP,MTRR,PGE,MCA,CMOV,PAT,PSE36,CLFLUSH,MMX,FXSR,SSE,SSE2,HTT\u003e\n  Features2=0x1e98220b\u003cSSE3,PCLMULQDQ,MON,SSSE3,CX16,SSE4.1,SSE4.2,POPCNT,AESNI,XSAVE,OSXSAVE,AVX\u003e\n  AMD Features=0x2e500800\u003cSYSCALL,NX,MMX+,FFXSR,Page1GB,RDTSCP,LM\u003e\n  AMD Features2=0x1c9bfff\u003cLAHF,CMP,SVM,ExtAPIC,CR8,ABM,SSE4A,MAS,Prefetch,OSVW,IBS,XOP,SKINIT,WDT,LWP,FMA4,NodeId,Topology,\u003cb23\u003e,\u003cb24\u003e\u003e\n  TSC: P-state invariant, performance statistics\nreal memory  = 17179869184 (16384 MB)\navail memory = 16484421632 (15720 MB)\nEvent timer \"LAPIC\" quality 400\nACPI APIC Table: \u003cGBT    GBTUACPI\u003e\nFreeBSD/SMP: Multiprocessor System Detected: 4 CPUs\nFreeBSD/SMP: 1 package(s) x 4 core(s)\n cpu0 (BSP): APIC ID:  0\n cpu1 (AP): APIC ID:  1\n cpu2 (AP): APIC ID:  2\n cpu3 (AP): APIC ID:  3\nioapic0: Changing APIC ID to 8\nioapic0 \u003cVersion 2.1\u003e irqs 0-23 on motherboard\nkbd1 at kbdmux0\nacpi0: \u003cGBT GBTUACPI\u003e on motherboard\nacpi0: Power Button (fixed)\nacpi0: reservation of 0, a0000 (3) failed\nacpi0: reservation of 100000, bfca0000 (3) failed\ncpu0: \u003cACPI CPU\u003e on acpi0\ncpu1: \u003cACPI CPU\u003e on acpi0\ncpu2: \u003cACPI CPU\u003e on acpi0\ncpu3: \u003cACPI CPU\u003e on acpi0\nattimer0: \u003cAT timer\u003e port 0x40-0x43 on acpi0\nTimecounter \"i8254\" frequency 1193182 Hz quality 0\nEvent timer \"i8254\" frequency 1193182 Hz quality 100\nhpet0: \u003cHigh Precision Event Timer\u003e iomem 0xfed00000-0xfed003ff irq 0,8 on acpi0\nTimecounter \"HPET\" frequency 14318180 Hz quality 950\natrtc0: \u003cAT realtime clock\u003e port 0x70-0x73 on acpi0\nEvent timer \"RTC\" frequency 32768 Hz quality 0\nTimecounter \"ACPI-safe\" frequency 3579545 Hz quality 850\nacpi_timer0: \u003c32-bit timer at 3.579545MHz\u003e port 0x808-0x80b on acpi0\nacpi_button0: \u003cPower Button\u003e on acpi0\npcib0: \u003cACPI Host-PCI bridge\u003e port 0xcf8-0xcff on acpi0\npci0: \u003cACPI PCI bus\u003e on pcib0\npci0: \u003cbase peripheral\u003e at device 0.2 (no driver attached)\npcib1: \u003cACPI PCI-PCI bridge\u003e irq 18 at device 2.0 on pci0\npci1: \u003cACPI PCI bus\u003e on pcib1\nvgapci0: \u003cVGA-compatible display\u003e port 0xdf00-0xdf7f mem 0xfb000000-0xfbffffff,0xc0000000-0xcfffffff,0xde000000-0xdfffffff irq 18 at device 0.0 on pci1\nnvidia0: \u003cGeForce 210\u003e on vgapci0\nvgapci0: child nvidia0 requested pci_enable_io\nvgapci0: child nvidia0 requested pci_enable_io\nhdac0: \u003cNVIDIA (0x0be3) HDA Controller\u003e mem 0xfcffc000-0xfcffffff irq 19 at device 0.1 on pci1\npcib2: \u003cACPI PCI-PCI bridge\u003e irq 16 at device 4.0 on pci0\npci2: \u003cACPI PCI bus\u003e on pcib2\nxhci0: \u003cXHCI (generic) USB 3.0 controller\u003e mem 0xfd7f8000-0xfd7fffff irq 16 at device 0.0 on pci2\nxhci0: 64 byte context size.\nusbus0 on xhci0\npcib3: \u003cACPI PCI-PCI bridge\u003e irq 17 at device 9.0 on pci0\npci3: \u003cACPI PCI bus\u003e on pcib3\nre0: \u003cRealTek 8168/8111 B/C/CP/D/DP/E/F PCIe Gigabit Ethernet\u003e port 0xee00-0xeeff mem 0xfd8ff000-0xfd8fffff,0xfd8f8000-0xfd8fbfff irq 17 at device 0.0 on pci3\nre0: Using 1 MSI-X message\nre0: Chip rev. 0x2c800000\nre0: MAC rev. 0x00000000\nmiibus0: \u003cMII bus\u003e on re0\nrgephy0: \u003cRTL8169S/8110S/8211 1000BASE-T media interface\u003e PHY 1 on miibus0\nrgephy0:  none, 10baseT, 10baseT-FDX, 10baseT-FDX-flow, 100baseTX, 100baseTX-FDX, 100baseTX-FDX-flow, 1000baseT, 1000baseT-master, 1000baseT-FDX, 1000baseT-FDX-master, 1000baseT-FDX-flow, 1000baseT-FDX-flow-master, auto, auto-flow\nre0: Ethernet address: 50:e5:49:53:61:98\nahci0: \u003cATI IXP700 AHCI SATA controller\u003e port 0xff00-0xff07,0xfe00-0xfe03,0xfd00-0xfd07,0xfc00-0xfc03,0xfb00-0xfb0f mem 0xfdfff000-0xfdfff3ff irq 19 at device 17.0 on pci0\nahci0: AHCI v1.20 with 6 6Gbps ports, Port Multiplier supported\nahcich0: \u003cAHCI channel\u003e at channel 0 on ahci0\nahcich1: \u003cAHCI channel\u003e at channel 1 on ahci0\nahcich2: \u003cAHCI channel\u003e at channel 2 on ahci0\nahcich3: \u003cAHCI channel\u003e at channel 3 on ahci0\nahcich4: \u003cAHCI channel\u003e at channel 4 on ahci0\nahcich5: \u003cAHCI channel\u003e at channel 5 on ahci0\nohci0: \u003cOHCI (generic) USB controller\u003e mem 0xfdffe000-0xfdffefff irq 18 at device 18.0 on pci0\nusbus1 on ohci0\nehci0: \u003cEHCI (generic) USB 2.0 controller\u003e mem 0xfdffd000-0xfdffd0ff irq 17 at device 18.2 on pci0\nusbus2: EHCI version 1.0\nusbus2 on ehci0\nohci1: \u003cOHCI (generic) USB controller\u003e mem 0xfdffc000-0xfdffcfff irq 18 at device 19.0 on pci0\nusbus3 on ohci1\nehci1: \u003cEHCI (generic) USB 2.0 controller\u003e mem 0xfdffb000-0xfdffb0ff irq 17 at device 19.2 on pci0\nusbus4: EHCI version 1.0\nusbus4 on ehci1\npci0: \u003cserial bus, SMBus\u003e at device 20.0 (no driver attached)\nhdac1: \u003cATI SB600 HDA Controller\u003e mem 0xfdff4000-0xfdff7fff irq 16 at device 20.2 on pci0\nisab0: \u003cPCI-ISA bridge\u003e at device 20.3 on pci0\nisa0: \u003cISA bus\u003e on isab0\npcib4: \u003cACPI PCI-PCI bridge\u003e at device 20.4 on pci0\npci4: \u003cACPI PCI bus\u003e on pcib4\nohci2: \u003cOHCI (generic) USB controller\u003e mem 0xfdffa000-0xfdffafff irq 18 at device 20.5 on pci0\nusbus5 on ohci2\npcib5: \u003cACPI PCI-PCI bridge\u003e at device 21.0 on pci0\npci5: \u003cACPI PCI bus\u003e on pcib5\nohci3: \u003cOHCI (generic) USB controller\u003e mem 0xfdff9000-0xfdff9fff irq 18 at device 22.0 on pci0\nusbus6 on ohci3\nehci2: \u003cEHCI (generic) USB 2.0 controller\u003e mem 0xfdff8000-0xfdff80ff irq 17 at device 22.2 on pci0\nusbus7: EHCI version 1.0\nusbus7 on ehci2\natkbdc0: \u003cKeyboard controller (i8042)\u003e port 0x60,0x64 irq 1 on acpi0\natkbd0: \u003cAT Keyboard\u003e irq 1 on atkbdc0\nkbd0 at atkbd0\natkbd0: [GIANT-LOCKED]\nsc0: \u003cSystem console\u003e at flags 0x100 on isa0\nsc0: VGA \u003c16 virtual consoles, flags=0x300\u003e\nvga0: \u003cGeneric ISA VGA\u003e at port 0x3c0-0x3df iomem 0xa0000-0xbffff on isa0\nTimecounters tick every 1.000 msec\nvboxdrv: fAsync=0 offMin=0x4c9 offMax=0x863\nIP Filter: v4.1.28 initialized.  Default = pass all, Logging = disabled\nipfw2 (+ipv6) initialized, divert enabled, nat enabled, rule-based forwarding enabled, default to accept, logging disabled\nDUMMYNET 0 with IPv6 initialized (100409)\nload_dn_sched dn_sched FIFO loaded\nload_dn_sched dn_sched PRIO loaded\nload_dn_sched dn_sched QFQ loaded\nload_dn_sched dn_sched RR loaded\nload_dn_sched dn_sched WF2Q+ loaded\nhdacc0: \u003cNVIDIA GT21x HDA CODEC\u003e at cad 0 on hdac0\nhdaa0: \u003cNVIDIA GT21x HDA CODEC Audio Function Group\u003e at nid 1 on hdacc0\npcm0: \u003cNVIDIA GT21x HDA CODEC PCM (HDMI/DP 8ch)\u003e at nid 5 on hdaa0\nhdacc1: \u003cNVIDIA GT21x HDA CODEC\u003e at cad 1 on hdac0\nhdaa1: \u003cNVIDIA GT21x HDA CODEC Audio Function Group\u003e at nid 1 on hdacc1\npcm1: \u003cNVIDIA GT21x HDA CODEC PCM (HDMI/DP 8ch)\u003e at nid 5 on hdaa1\nhdacc2: \u003cNVIDIA GT21x HDA CODEC\u003e at cad 2 on hdac0\nhdaa2: \u003cNVIDIA GT21x HDA CODEC Audio Function Group\u003e at nid 1 on hdacc2\npcm2: \u003cNVIDIA GT21x HDA CODEC PCM (HDMI/DP 8ch)\u003e at nid 5 on hdaa2\nhdacc3: \u003cNVIDIA GT21x HDA CODEC\u003e at cad 3 on hdac0\nhdaa3: \u003cNVIDIA GT21x HDA CODEC Audio Function Group\u003e at nid 1 on hdacc3\npcm3: \u003cNVIDIA GT21x HDA CODEC PCM (HDMI/DP 8ch)\u003e at nid 5 on hdaa3\nhdacc4: \u003cRealtek ALC889 HDA CODEC\u003e at cad 0 on hdac1\nhdaa4: \u003cRealtek ALC889 HDA CODEC Audio Function Group\u003e at nid 1 on hdacc4\npcm4: \u003cRealtek ALC889 HDA CODEC PCM (Rear Analog 7.1/2.0)\u003e at nid 20,22,21,23 and 24,26 on hdaa4\npcm5: \u003cRealtek ALC889 HDA CODEC PCM (Front Analog)\u003e at nid 27 and 25 on hdaa4\npcm6: \u003cRealtek ALC889 HDA CODEC PCM (Rear Digital)\u003e at nid 30 on hdaa4\npcm7: \u003cRealtek ALC889 HDA CODEC PCM (Onboard Digital)\u003e at nid 17 on hdaa4\nusbus0: 5.0Gbps Super Speed USB v3.0\nusbus1: 12Mbps Full Speed USB v1.0\nusbus2: 480Mbps High Speed USB v2.0\nusbus3: 12Mbps Full Speed USB v1.0\nusbus4: 480Mbps High Speed USB v2.0\nusbus5: 12Mbps Full Speed USB v1.0\nusbus6: 12Mbps Full Speed USB v1.0\nusbus7: 480Mbps High Speed USB v2.0\nugen0.1: \u003c0x1b6f\u003e at usbus0\nuhub0: \u003c0x1b6f XHCI root HUB, class 9/0, rev 3.00/1.00, addr 1\u003e on usbus0\nugen1.1: \u003cATI\u003e at usbus1\nuhub1: \u003cATI OHCI root HUB, class 9/0, rev 1.00/1.00, addr 1\u003e on usbus1\nugen2.1: \u003cATI\u003e at usbus2\nuhub2: \u003cATI EHCI root HUB, class 9/0, rev 2.00/1.00, addr 1\u003e on usbus2\nugen3.1: \u003cATI\u003e at usbus3\nuhub3: \u003cATI OHCI root HUB, class 9/0, rev 1.00/1.00, addr 1\u003e on usbus3\nugen4.1: \u003cATI\u003e at usbus4\nuhub4: \u003cATI EHCI root HUB, class 9/0, rev 2.00/1.00, addr 1\u003e on usbus4\nugen5.1: \u003cATI\u003e at usbus5\nuhub5: \u003cATI OHCI root HUB, class 9/0, rev 1.00/1.00, addr 1\u003e on usbus5\nugen6.1: \u003cATI\u003e at usbus6\nuhub6: \u003cATI OHCI root HUB, class 9/0, rev 1.00/1.00, addr 1\u003e on usbus6\nugen7.1: \u003cATI\u003e at usbus7\nuhub7: \u003cATI EHCI root HUB, class 9/0, rev 2.00/1.00, addr 1\u003e on usbus7\nada0 at ahcich0 bus 0 scbus0 target 0 lun 0\nada0: \u003cWDC WD6401AALS-00E8B0 05.00K05\u003e ATA-8 SATA 2.x device\nada0: 300.000MB/s transfers (SATA 2.x, UDMA6, PIO 8192bytes)\nada0: Command Queueing enabled\nada0: 610480MB (1250263728 512 byte sectors: 16H 63S/T 16383C)\nada0: Previously was known as ad4\nada1 at ahcich1 bus 0 scbus1 target 0 lun 0\nada1: \u003cWDC WD3000HLFS-01G6U4 04.04V06\u003e ATA-8 SATA 2.x device\nada1: 300.000MB/s transfers (SATA 2.x, UDMA6, PIO 8192bytes)\nada1: Command Queueing enabled\nada1: 286168MB (586072368 512 byte sectors: 16H 63S/T 16383C)\nada1: Previously was known as ad6\nSMP: AP CPU #1 Launched!\ncd0 at ahcich3 bus 0 scbus3 target 0 lun 0\ncd0: \u003cHL-DT-ST DVD-ROM DH20N A102\u003e Removable CD-ROM SCSI-0 device \nSMP: AP CPU #2 Launched!\ncd0: 150.000MB/s transfers (SATA 1.x, UDMA5, ATAPI 12bytes, PIO 8192bytes)\ncd0: Attempt to query device size failed: NOT READY, Medium not present - tray closed\nSMP: AP CPU #3 Launched!\nuhub5: 2 ports with 2 removable, self powered\nuhub6: 4 ports with 4 removable, self powered\nuhub1: 5 ports with 5 removable, self powered\nuhub3: 5 ports with 5 removable, self powered\nuhub0: 4 ports with 4 removable, self powered\nRoot mount waiting for: usbus7 usbus4 usbus2\nRoot mount waiting for: usbus7 usbus4 usbus2\nuhub7: 4 ports with 4 removable, self powered\nuhub2: 5 ports with 5 removable, self powered\nuhub4: 5 ports with 5 removable, self powered\nTrying to mount root from ufs:/dev/ada0p2 [rw]...\nugen3.2: \u003cLogitech\u003e at usbus3\nums0: \u003cLogitech USB-PS2 Optical Mouse, class 0/0, rev 2.00/27.30, addr 2\u003e on usbus3\nums0: 8 buttons and [XYZT] coordinates ID=0\n\n\nhostb0@pci0:0:0:0:      class=0x060000 card=0x5a141002 chip=0x5a141002 rev=0x02 hdr=0x00\n    vendor     = 'ATI Technologies Inc'\n    device     = 'RD890 PCI to PCI bridge (external gfx0 port B)'\n    class      = bridge\n    subclass   = HOST-PCI\nnone0@pci0:0:0:2:       class=0x080600 card=0x5a231002 chip=0x5a231002 rev=0x00 hdr=0x00\n    vendor     = 'ATI Technologies Inc'\n    class      = base peripheral\npcib1@pci0:0:2:0:       class=0x060400 card=0x5a141002 chip=0x5a161002 rev=0x00 hdr=0x01\n    vendor     = 'ATI Technologies Inc'\n    device     = 'RD890 PCI to PCI bridge (PCI express gpp port B)'\n    class      = bridge\n    subclass   = PCI-PCI\npcib2@pci0:0:4:0:       class=0x060400 card=0x5a141002 chip=0x5a181002 rev=0x00 hdr=0x01\n    vendor     = 'ATI Technologies Inc'\n    device     = 'RD890 PCI to PCI bridge (PCI express gpp port D)'\n    class      = bridge\n    subclass   = PCI-PCI\npcib3@pci0:0:9:0:       class=0x060400 card=0x5a141002 chip=0x5a1c1002 rev=0x00 hdr=0x01\n    vendor     = 'ATI Technologies Inc'\n    device     = 'RD890 PCI to PCI bridge (PCI express gpp port H)'\n    class      = bridge\n    subclass   = PCI-PCI\nahci0@pci0:0:17:0:      class=0x010601 card=0xb0021458 chip=0x43911002 rev=0x40 hdr=0x00\n    vendor     = 'ATI Technologies Inc'\n    device     = 'SB7x0/SB8x0/SB9x0 SATA Controller [AHCI mode]'\n    class      = mass storage\n    subclass   = SATA\nohci0@pci0:0:18:0:      class=0x0c0310 card=0x50041458 chip=0x43971002 rev=0x00 hdr=0x00\n    vendor     = 'ATI Technologies Inc'\n    device     = 'SB7x0/SB8x0/SB9x0 USB OHCI0 Controller'\n    class      = serial bus\n    subclass   = USB\nehci0@pci0:0:18:2:      class=0x0c0320 card=0x50041458 chip=0x43961002 rev=0x00 hdr=0x00\n    vendor     = 'ATI Technologies Inc'\n    device     = 'SB7x0/SB8x0/SB9x0 USB EHCI Controller'\n    class      = serial bus\n    subclass   = USB\nohci1@pci0:0:19:0:      class=0x0c0310 card=0x50041458 chip=0x43971002 rev=0x00 hdr=0x00\n    vendor     = 'ATI Technologies Inc'\n    device     = 'SB7x0/SB8x0/SB9x0 USB OHCI0 Controller'\n    class      = serial bus\n    subclass   = USB\nehci1@pci0:0:19:2:      class=0x0c0320 card=0x50041458 chip=0x43961002 rev=0x00 hdr=0x00\n    vendor     = 'ATI Technologies Inc'\n    device     = 'SB7x0/SB8x0/SB9x0 USB EHCI Controller'\n    class      = serial bus\n    subclass   = USB\nnone1@pci0:0:20:0:      class=0x0c0500 card=0x00000000 chip=0x43851002 rev=0x42 hdr=0x00\n    vendor     = 'ATI Technologies Inc'\n    device     = 'SBx00 SMBus Controller'\n    class      = serial bus\n    subclass   = SMBus\nhdac1@pci0:0:20:2:      class=0x040300 card=0xa0021458 chip=0x43831002 rev=0x40 hdr=0x00\n    vendor     = 'ATI Technologies Inc'\n    device     = 'SBx00 Azalia (Intel HDA)'\n    class      = multimedia\n    subclass   = HDA\nisab0@pci0:0:20:3:      class=0x060100 card=0x439d1002 chip=0x439d1002 rev=0x40 hdr=0x00\n    vendor     = 'ATI Technologies Inc'\n    device     = 'SB7x0/SB8x0/SB9x0 LPC host controller'\n    class      = bridge\n    subclass   = PCI-ISA\npcib4@pci0:0:20:4:      class=0x060401 card=0x00000000 chip=0x43841002 rev=0x40 hdr=0x01\n    vendor     = 'ATI Technologies Inc'\n    device     = 'SBx00 PCI to PCI Bridge'\n    class      = bridge\n    subclass   = PCI-PCI\nohci2@pci0:0:20:5:      class=0x0c0310 card=0x50041458 chip=0x43991002 rev=0x00 hdr=0x00\n    vendor     = 'ATI Technologies Inc'\n    device     = 'SB7x0/SB8x0/SB9x0 USB OHCI2 Controller'\n    class      = serial bus\n    subclass   = USB\npcib5@pci0:0:21:0:      class=0x060400 card=0x00001002 chip=0x43a01002 rev=0x00 hdr=0x01\n    vendor     = 'ATI Technologies Inc'\n    device     = 'SB700/SB800 PCI to PCI bridge (PCIE port 0)'\n    class      = bridge\n    subclass   = PCI-PCI\nohci3@pci0:0:22:0:      class=0x0c0310 card=0x50041458 chip=0x43971002 rev=0x00 hdr=0x00\n    vendor     = 'ATI Technologies Inc'\n    device     = 'SB7x0/SB8x0/SB9x0 USB OHCI0 Controller'\n    class      = serial bus\n    subclass   = USB\nehci2@pci0:0:22:2:      class=0x0c0320 card=0x50041458 chip=0x43961002 rev=0x00 hdr=0x00\n    vendor     = 'ATI Technologies Inc'\n    device     = 'SB7x0/SB8x0/SB9x0 USB EHCI Controller'\n    class      = serial bus\n    subclass   = USB\nhostb1@pci0:0:24:0:     class=0x060000 card=0x00000000 chip=0x16001022 rev=0x00 hdr=0x00\n    vendor     = 'Advanced Micro Devices [AMD]'\n    device     = 'Family 15h Processor Function 0'\n    class      = bridge\n    subclass   = HOST-PCI\nhostb2@pci0:0:24:1:     class=0x060000 card=0x00000000 chip=0x16011022 rev=0x00 hdr=0x00\n    vendor     = 'Advanced Micro Devices [AMD]'\n    device     = 'Family 15h Processor Function 1'\n    class      = bridge\n    subclass   = HOST-PCI\nhostb3@pci0:0:24:2:     class=0x060000 card=0x00000000 chip=0x16021022 rev=0x00 hdr=0x00\n    vendor     = 'Advanced Micro Devices [AMD]'\n    device     = 'Family 15h Processor Function 2'\n    class      = bridge\n    subclass   = HOST-PCI\nhostb4@pci0:0:24:3:     class=0x060000 card=0x00000000 chip=0x16031022 rev=0x00 hdr=0x00\n    vendor     = 'Advanced Micro Devices [AMD]'\n    device     = 'Family 15h Processor Function 3'\n    class      = bridge\n    subclass   = HOST-PCI\nhostb5@pci0:0:24:4:     class=0x060000 card=0x00000000 chip=0x16041022 rev=0x00 hdr=0x00\n    vendor     = 'Advanced Micro Devices [AMD]'\n    device     = 'Family 15h Processor Function 4'\n    class      = bridge\n    subclass   = HOST-PCI\nhostb6@pci0:0:24:5:     class=0x060000 card=0x00000000 chip=0x16051022 rev=0x00 hdr=0x00\n    vendor     = 'Advanced Micro Devices [AMD]'\n    device     = 'Family 15h Processor Function 5'\n    class      = bridge\n    subclass   = HOST-PCI\nvgapci0@pci0:1:0:0:     class=0x030000 card=0x515819da chip=0x0a6510de rev=0xa2 hdr=0x00\n    vendor     = 'nVidia Corporation'\n    device     = 'GT218 [GeForce 210]'\n    class      = display\n    subclass   = VGA\nhdac0@pci0:1:0:1:       class=0x040300 card=0x515819da chip=0x0be310de rev=0xa1 hdr=0x00\n    vendor     = 'nVidia Corporation'\n    device     = 'High Definition Audio Controller'\n    class      = multimedia\n    subclass   = HDA\nxhci0@pci0:2:0:0:       class=0x0c0330 card=0x50071458 chip=0x70231b6f rev=0x01 hdr=0x00\n    class      = serial bus\n    subclass   = USB\nre0@pci0:3:0:0: class=0x020000 card=0xe0001458 chip=0x816810ec rev=0x06 hdr=0x00\n    vendor     = 'Realtek Semiconductor Co., Ltd.'\n    device     = 'RTL8111/8168B PCI Express Gigabit Ethernet controller'\n    class      = network\n    subclass   = ethernet\n\nHow-To-Repeat: FTP transfer a file over 20G at gigabit connection for a while"
}