{
 "id": 370542,
 "bug_id": 107850,
 "attachment_id": 0,
 "creation_time": "2007-01-12T11:40:13Z",
 "creator": "olavi@ipunplugged.com",
 "text": "It seems the bce driver cannot negotiate the link speed properly, at least not on a HP ProLiant DL380 G5.\n\nI've tried it against various gig-ethernet adapters and it always comes up as  a 100Mbit link. My ProLiant has two BCM5708's and connecting them back to back with a crossed cable fails too, that is - the negotiated link speed is 100Mbits.\n\nThis is the 'ifconfig -a' output after connecting the devices back-to-back:\n\nbce0: flags=8802\u003cBROADCAST,SIMPLEX,MULTICAST\u003e mtu 1500\n        options=3b\u003cRXCSUM,TXCSUM,VLAN_MTU,VLAN_HWTAGGING,JUMBO_MTU\u003e\n        ether 00:18:71:75:dd:fe\n        media: Ethernet autoselect (100baseTX \u003cfull-duplex\u003e)\n        status: active\nbce1: flags=8802\u003cBROADCAST,SIMPLEX,MULTICAST\u003e mtu 1500\n        options=3b\u003cRXCSUM,TXCSUM,VLAN_MTU,VLAN_HWTAGGING,JUMBO_MTU\u003e\n        ether 00:18:71:75:dd:fc\n        media: Ethernet autoselect (100baseTX \u003cfull-duplex\u003e)\n        status: active\nlo0: flags=8049\u003cUP,LOOPBACK,RUNNING,MULTICAST\u003e mtu 16384\n        inet6 fe80::1%lo0 prefixlen 64 scopeid 0x3\n        inet6 ::1 prefixlen 128\n        inet 127.0.0.1 netmask 0xff000000\n\n\nMy dmesg looks as:\n\nCopyright (c) 1992-2006 The FreeBSD Project.\nCopyright (c) 1979, 1980, 1983, 1986, 1988, 1989, 1991, 1992, 1993, 1994\n        The Regents of the University of California. All rights reserved.\nFreeBSD is a registered trademark of The FreeBSD Foundation.\nFreeBSD 6.2-RC2 #0: Sun Dec 24 23:42:30 UTC 2006\n    root@dessler.cse.buffalo.edu:/usr/obj/usr/src/sys/SMP\nTimecounter \"i8254\" frequency 1193182 Hz quality 0\nCPU: Intel(R) Xeon(TM) CPU 3.00GHz (3000.13-MHz 686-class CPU)\n  Origin = \"GenuineIntel\"  Id = 0xf64  Stepping = 4\n  Features=0xbfebfbff\u003cFPU,VME,DE,PSE,TSC,MSR,PAE,MCE,CX8,APIC,SEP,MTRR,PGE,MCA,CMOV,PAT,PSE36,CLFLUSH,DTS,ACPI,MMX,FXSR,SSE,SSE2,SS,HTT,TM,PBE\u003e\n  Features2=0xe4bd\u003cSSE3,RSVD2,MON,DS_CPL,VMX,EST,CNTX-ID,CX16,\u003cb14\u003e,\u003cb15\u003e\u003e\n  AMD Features=0x20000000\u003cLM\u003e\n  AMD Features2=0x1\u003cLAHF\u003e\n  Cores per package: 2\n  Logical CPUs per core: 2\nreal memory  = 2147254272 (2047 MB)\navail memory = 2096140288 (1999 MB)\nACPI APIC Table: \u003cHP     00000083\u003e\nFreeBSD/SMP: Multiprocessor System Detected: 4 CPUs\n cpu0 (BSP): APIC ID:  0\n cpu1 (AP): APIC ID:  1\n cpu2 (AP): APIC ID:  2\n cpu3 (AP): APIC ID:  3\nioapic0 \u003cVersion 2.0\u003e irqs 0-23 on motherboard\nkbd1 at kbdmux0\nath_hal: 0.9.17.2 (AR5210, AR5211, AR5212, RF5111, RF5112, RF2413, RF5413)\nacpi0: \u003cHP P56\u003e on motherboard\nacpi0: Power Button (fixed)\nTimecounter \"ACPI-fast\" frequency 3579545 Hz quality 1000\nacpi_timer0: \u003c24-bit timer at 3.579545MHz\u003e port 0x908-0x90b on acpi0\ncpu0: \u003cACPI CPU\u003e on acpi0\ncpu1: \u003cACPI CPU\u003e on acpi0\ncpu2: \u003cACPI CPU\u003e on acpi0\ncpu3: \u003cACPI CPU\u003e on acpi0\npcib0: \u003cACPI Host-PCI bridge\u003e on acpi0\npci0: \u003cACPI PCI bus\u003e on pcib0\npcib1: \u003cACPI PCI-PCI bridge\u003e at device 2.0 on pci0\npci9: \u003cACPI PCI bus\u003e on pcib1\npcib2: \u003cACPI PCI-PCI bridge\u003e at device 0.0 on pci9\npci10: \u003cACPI PCI bus\u003e on pcib2\npcib3: \u003cACPI PCI-PCI bridge\u003e at device 0.0 on pci10\npci11: \u003cACPI PCI bus\u003e on pcib3\npcib4: \u003cACPI PCI-PCI bridge\u003e at device 1.0 on pci10\npci14: \u003cACPI PCI bus\u003e on pcib4\npcib5: \u003cACPI PCI-PCI bridge\u003e at device 2.0 on pci10\npci17: \u003cACPI PCI bus\u003e on pcib5\npcib6: \u003cPCI-PCI bridge\u003e at device 0.3 on pci9\npci18: \u003cPCI bus\u003e on pcib6\npcib7: \u003cACPI PCI-PCI bridge\u003e at device 3.0 on pci0\npci6: \u003cACPI PCI bus\u003e on pcib7\nciss0: \u003cHP Smart Array P400\u003e port 0x4000-0x40ff mem 0xfde00000-0xfdefffff,0xfddf0000-0xfddf0fff irq 16 at device 0.0 on pci6\nciss0: [GIANT-LOCKED]\npcib8: \u003cACPI PCI-PCI bridge\u003e at device 4.0 on pci0\npci19: \u003cACPI PCI bus\u003e on pcib8\npcib9: \u003cPCI-PCI bridge\u003e at device 5.0 on pci0\npci22: \u003cPCI bus\u003e on pcib9\npcib10: \u003cACPI PCI-PCI bridge\u003e at device 6.0 on pci0\npci23: \u003cACPI PCI bus\u003e on pcib10\npcib11: \u003cPCI-PCI bridge\u003e at device 7.0 on pci0\npci26: \u003cPCI bus\u003e on pcib11\npcib12: \u003cACPI PCI-PCI bridge\u003e at device 28.0 on pci0\npci2: \u003cACPI PCI bus\u003e on pcib12\npcib13: \u003cPCI-PCI bridge\u003e at device 0.0 on pci2\npci3: \u003cPCI bus\u003e on pcib13\nbce0: \u003cBroadcom NetXtreme II BCM5708 1000Base-T (B1), v0.9.6\u003e mem 0xf8000000-0xf9ffffff irq 16 at device 0.0 on pci3\nbce0: ASIC ID 0x57081010; Revision (B1); PCI-X 64-bit 133MHz\nmiibus0: \u003cMII bus\u003e on bce0\nbrgphy0: \u003cBCM5708C 10/100/1000baseTX PHY\u003e on miibus0\nbrgphy0:  10baseT, 10baseT-FDX, 100baseTX, 100baseTX-FDX, 1000baseTX, 1000baseTX-FDX, auto\nbce0: Ethernet address: 00:18:71:75:dd:fe\npcib14: \u003cACPI PCI-PCI bridge\u003e at device 28.1 on pci0\npci4: \u003cACPI PCI bus\u003e on pcib14\npcib15: \u003cPCI-PCI bridge\u003e at device 0.0 on pci4\npci5: \u003cPCI bus\u003e on pcib15\nbce1: \u003cBroadcom NetXtreme II BCM5708 1000Base-T (B1), v0.9.6\u003e mem 0xfa000000-0xfbffffff irq 17 at device 0.0 on pci5\nbce1: ASIC ID 0x57081010; Revision (B1); PCI-X 64-bit 133MHz\nmiibus1: \u003cMII bus\u003e on bce1\nbrgphy1: \u003cBCM5708C 10/100/1000baseTX PHY\u003e on miibus1\nbrgphy1:  10baseT, 10baseT-FDX, 100baseTX, 100baseTX-FDX, 1000baseTX, 1000baseTX-FDX, auto\nbce1: Ethernet address: 00:18:71:75:dd:fc\nuhci0: \u003cUHCI (generic) USB controller\u003e port 0x1000-0x101f irq 16 at device 29.0 on pci0\nuhci0: [GIANT-LOCKED]\nusb0: \u003cUHCI (generic) USB controller\u003e on uhci0\nusb0: USB revision 1.0\nuhub0: Intel UHCI root hub, class 9/0, rev 1.00/1.00, addr 1\nuhub0: 2 ports with 2 removable, self powered\nuhci1: \u003cUHCI (generic) USB controller\u003e port 0x1020-0x103f irq 17 at device 29.1 on pci0\nuhci1: [GIANT-LOCKED]\nusb1: \u003cUHCI (generic) USB controller\u003e on uhci1\nusb1: USB revision 1.0\nuhub1: Intel UHCI root hub, class 9/0, rev 1.00/1.00, addr 1\nuhub1: 2 ports with 2 removable, self powered\nuhci2: \u003cUHCI (generic) USB controller\u003e port 0x1040-0x105f irq 18 at device 29.2 on pci0\nuhci2: [GIANT-LOCKED]\nusb2: \u003cUHCI (generic) USB controller\u003e on uhci2\nusb2: USB revision 1.0\nuhub2: Intel UHCI root hub, class 9/0, rev 1.00/1.00, addr 1\nuhub2: 2 ports with 2 removable, self powered\nuhci3: \u003cUHCI (generic) USB controller\u003e port 0x1060-0x107f irq 19 at device 29.3 on pci0\nuhci3: [GIANT-LOCKED]\nusb3: \u003cUHCI (generic) USB controller\u003e on uhci3\nusb3: USB revision 1.0\nuhub3: Intel UHCI root hub, class 9/0, rev 1.00/1.00, addr 1\nuhub3: 2 ports with 2 removable, self powered\nehci0: \u003cEHCI (generic) USB 2.0 controller\u003e mem 0xf7df0000-0xf7df03ff irq 16 at device 29.7 on pci0\nehci0: [GIANT-LOCKED]\nusb4: waiting for BIOS to give up control\nusb4: EHCI version 1.0\nusb4: companion controllers, 2 ports each: usb0 usb1 usb2 usb3\nusb4: \u003cEHCI (generic) USB 2.0 controller\u003e on ehci0\nusb4: USB revision 2.0\nuhub4: Intel EHCI root hub, class 9/0, rev 2.00/1.00, addr 1\nuhub4: 8 ports with 8 removable, self powered\npcib16: \u003cACPI PCI-PCI bridge\u003e at device 30.0 on pci0\npci1: \u003cACPI PCI bus\u003e on pcib16\npci1: \u003cdisplay, VGA\u003e at device 3.0 (no driver attached)\npci1: \u003cbase peripheral\u003e at device 4.0 (no driver attached)\npci1: \u003cbase peripheral\u003e at device 4.2 (no driver attached)\nuhci4: \u003cUHCI (generic) USB controller\u003e port 0x3800-0x381f irq 22 at device 4.4 on pci1\nuhci4: [GIANT-LOCKED]\nusb5: \u003cUHCI (generic) USB controller\u003e on uhci4\nusb5: USB revision 1.0\nuhub5: (0x103c) UHCI root hub, class 9/0, rev 1.00/1.00, addr 1\nuhub5: 2 ports with 2 removable, self powered\npci1: \u003cserial bus\u003e at device 4.6 (no driver attached)\nisab0: \u003cPCI-ISA bridge\u003e at device 31.0 on pci0\nisa0: \u003cISA bus\u003e on isab0\natapci0: \u003cIntel 63XXESB2 UDMA100 controller\u003e port 0x1f0-0x1f7,0x3f6,0x170-0x177,0x376,0x500-0x50f irq 17 at device 31.1 on pci0\nata0: \u003cATA channel 0\u003e on atapci0\nata1: \u003cATA channel 1\u003e on atapci0\nacpi_tz0: \u003cThermal Zone\u003e on acpi0\natkbdc0: \u003cKeyboard controller (i8042)\u003e port 0x60,0x64 irq 1 on acpi0\natkbd0: \u003cAT Keyboard\u003e irq 1 on atkbdc0\nkbd0 at atkbd0\natkbd0: [GIANT-LOCKED]\nsio0: configured irq 4 not in bitmap of probed irqs 0x8\nsio0: port may not be enabled\nsio0: \u003cStandard PC COM port\u003e port 0x2f8-0x2ff irq 4 flags 0x10 on acpi0\nsio0: type 16550A\nfdc0: \u003cfloppy drive controller (FDE)\u003e port 0x3f0-0x3f3 irq 6 drq 2 on acpi0\nfdc0: does not respond\ndevice_attach: fdc0 attach returned 6\nfdc0: \u003cfloppy drive controller (FDE)\u003e port 0x3f0-0x3f3 irq 6 drq 2 on acpi0\nfdc0: does not respond\ndevice_attach: fdc0 attach returned 6\npmtimer0 on isa0\norm0: \u003cISA Option ROMs\u003e at iomem 0xc0000-0xcafff,0xee000-0xeffff on isa0\nppc0: parallel port not found.\nsc0: \u003cSystem console\u003e at flags 0x100 on isa0\nsc0: VGA \u003c16 virtual consoles, flags=0x300\u003e\nvga0: \u003cGeneric ISA VGA\u003e at port 0x3c0-0x3df iomem 0xa0000-0xbffff on isa0\nukbd0: HP Virtual Keyboard, rev 1.10/0.01, addr 2, iclass 3/1\nkbd2 at ukbd0\nums0: HP Virtual Keyboard, rev 1.10/0.01, addr 2, iclass 3/1\nums0: 3 buttons.\nuhub6: HP Virtual Hub, class 9/0, rev 1.10/0.01, addr 3\nuhub6: 7 ports with 7 removable, self powered\nTimecounters tick every 1.000 msec\nacd0: DVDROM \u003cHL-DT-STDVD-ROM GDR-8084N/3.00\u003e at ata0-master UDMA33\nSMP: AP CPU #3 Launched!\nSMP: AP CPU #1 Launched!\nSMP: AP CPU #2 Launched!\nda0 at ciss0 bus 0 target 0 lun 0\nda0: \u003cCOMPAQ RAID 1  VOLUME OK\u003e Fixed Direct Access SCSI-0 device\nda0: 135.168MB/s transfers\nda0: 69973MB (143305920 512 byte sectors: 255H 32S/T 17562C)\nTrying to mount root from ufs:/dev/da0s1a\nbce1: link state changed to DOWN\nbce0: link state changed to DOWN\nbce0: link state changed to UP\n\nHow-To-Repeat: Try to autonegotiate an ethernet link on FreeBSD6.2-RC2 on a ProLiant DL380 G5."
}