{
 "id": 726383,
 "bug_id": 181159,
 "attachment_id": 0,
 "creation_time": "2013-08-09T13:00:00Z",
 "creator": "anastasiadis@datalive.gr",
 "text": "Using 9.2-RC1 system compiled with clang. The system is installed on a Hetzner EX40-SSD server.\n\nThe problem is that a USB device cannot be attached. The device is from the company Peppercon/Raritan that allows the remote control of a server. It is connected to the VGA, keyboard and mouse ports of the server.\n\nThe exact error from the kernel output is:\n\nusb_alloc_device: device init 2 failed (USB_ERR_IOERROR, ignored)\nugen0.2: \u003cUnknown\u003e at usbus0 (disconnected)\nuhub_reattach_port: could not allocate new device\n\nI've managed to boot with an older 9.1-RELEASE kernel, which correctly attaches the USB device, so I can gather more information. The full dmesg output follows:\n\nCopyright (c) 1992-2012 The FreeBSD Project.\nCopyright (c) 1979, 1980, 1983, 1986, 1988, 1989, 1991, 1992, 1993, 1994\n\tThe Regents of the University of California. All rights reserved.\nFreeBSD is a registered trademark of The FreeBSD Foundation.\nFreeBSD 9.1-RELEASE #3 r243710M: Tue Apr 23 10:52:10 CEST 2013\n    root@FreeBSD:/usr/obj/usr/src/sys/GENERIC amd64\nmodule vtnet already present!\nCPU: Intel(R) Core(TM) i7-4770 CPU @ 3.40GHz (3400.07-MHz K8-class CPU)\n  Origin = \"GenuineIntel\"  Id = 0x306c3  Family = 6  Model = 3c  Stepping = 3\n  Features=0xbfebfbff\u003cFPU,VME,DE,PSE,TSC,MSR,PAE,MCE,CX8,APIC,SEP,MTRR,PGE,MCA,CMOV,PAT,PSE36,CLFLUSH,DTS,ACPI,MMX,FXSR,SSE,SSE2,SS,HTT,TM,PBE\u003e\n  Features2=0x7ffafbff\u003cSSE3,PCLMULQDQ,DTES64,MON,DS_CPL,VMX,SMX,EST,TM2,SSSE3,\u003cb11\u003e,FMA,CX16,xTPR,PDCM,PCID,SSE4.1,SSE4.2,x2APIC,MOVBE,POPCNT,TSCDLT,AESNI,XSAVE,OSXSAVE,AVX,F16C,RDRAND\u003e\n  AMD Features=0x2c100800\u003cSYSCALL,NX,Page1GB,RDTSCP,LM\u003e\n  AMD Features2=0x21\u003cLAHF,ABM\u003e\n  TSC: P-state invariant, performance statistics\nreal memory  = 34359738368 (32768 MB)\navail memory = 32882135040 (31358 MB)\nEvent timer \"LAPIC\" quality 600\nACPI APIC Table: \u003cALASKA A M I\u003e\nFreeBSD/SMP: Multiprocessor System Detected: 8 CPUs\nFreeBSD/SMP: 1 package(s) x 4 core(s) x 2 SMT threads\n cpu0 (BSP): APIC ID:  0\n cpu1 (AP): APIC ID:  1\n cpu2 (AP): APIC ID:  2\n cpu3 (AP): APIC ID:  3\n cpu4 (AP): APIC ID:  4\n cpu5 (AP): APIC ID:  5\n cpu6 (AP): APIC ID:  6\n cpu7 (AP): APIC ID:  7\nACPI Warning: FADT (revision 5) is longer than ACPI 2.0 version, truncating length 268 to 244 (20110527/tbfadt-320)\nioapic0 \u003cVersion 2.0\u003e irqs 0-23 on motherboard\nkbd1 at kbdmux0\nacpi0: \u003cALASKA A M I\u003e on motherboard\nacpi0: Power Button (fixed)\nacpi0: reservation of 67, 1 (4) failed\ncpu0: \u003cACPI CPU\u003e on acpi0\ncpu1: \u003cACPI CPU\u003e on acpi0\ncpu2: \u003cACPI CPU\u003e on acpi0\ncpu3: \u003cACPI CPU\u003e on acpi0\ncpu4: \u003cACPI CPU\u003e on acpi0\ncpu5: \u003cACPI CPU\u003e on acpi0\ncpu6: \u003cACPI CPU\u003e on acpi0\ncpu7: \u003cACPI CPU\u003e on acpi0\nhpet0: \u003cHigh Precision Event Timer\u003e iomem 0xfed00000-0xfed003ff on acpi0\nTimecounter \"HPET\" frequency 14318180 Hz quality 950\nEvent timer \"HPET\" frequency 14318180 Hz quality 550\natrtc0: \u003cAT realtime clock\u003e port 0x70-0x77 irq 8 on acpi0\natrtc0: Warning: Couldn't map I/O.\nEvent timer \"RTC\" frequency 32768 Hz quality 0\nattimer0: \u003cAT timer\u003e port 0x40-0x43,0x50-0x53 irq 0 on acpi0\nTimecounter \"i8254\" frequency 1193182 Hz quality 0\nEvent timer \"i8254\" frequency 1193182 Hz quality 100\nTimecounter \"ACPI-fast\" frequency 3579545 Hz quality 900\nacpi_timer0: \u003c24-bit timer at 3.579545MHz\u003e port 0x1808-0x180b on acpi0\npcib0: \u003cACPI Host-PCI bridge\u003e port 0xcf8-0xcff on acpi0\npci0: \u003cACPI PCI bus\u003e on pcib0\nvgapci0: \u003cVGA-compatible display\u003e port 0xf000-0xf03f mem 0xf7800000-0xf7bfffff,0xe0000000-0xefffffff irq 16 at device 2.0 on pci0\nxhci0: \u003cXHCI (generic) USB 3.0 controller\u003e mem 0xf7c00000-0xf7c0ffff irq 16 at device 20.0 on pci0\nxhci0: 32 byte context size.\nusbus0 on xhci0\npci0: \u003csimple comms\u003e at device 22.0 (no driver attached)\nehci0: \u003cEHCI (generic) USB 2.0 controller\u003e mem 0xf7c14000-0xf7c143ff irq 16 at device 26.0 on pci0\nusbus1: EHCI version 1.0\nusbus1 on ehci0\npcib1: \u003cACPI PCI-PCI bridge\u003e irq 16 at device 28.0 on pci0\npci1: \u003cACPI PCI bus\u003e on pcib1\npcib2: \u003cACPI PCI-PCI bridge\u003e irq 17 at device 28.1 on pci0\npci2: \u003cACPI PCI bus\u003e on pcib2\nre0: \u003cRealTek 8168/8111 B/C/CP/D/DP/E/F PCIe Gigabit Ethernet\u003e port 0xe000-0xe0ff mem 0xf0004000-0xf0004fff,0xf0000000-0xf0003fff irq 17 at device 0.0 on pci2\nre0: Using 1 MSI-X message\nre0: ASPM disabled\nre0: Chip rev. 0x2c800000\nre0: MAC rev. 0x00000000\nmiibus0: \u003cMII bus\u003e on re0\nrgephy0: \u003cRTL8169S/8110S/8211 1000BASE-T media interface\u003e PHY 1 on miibus0\nrgephy0:  none, 10baseT, 10baseT-FDX, 10baseT-FDX-flow, 100baseTX, 100baseTX-FDX, 100baseTX-FDX-flow, 1000baseT, 1000baseT-master, 1000baseT-FDX, 1000baseT-FDX-master, 1000baseT-FDX-flow, 1000baseT-FDX-flow-master, auto, auto-flow\nre0: Ethernet address: d4:3d:7e:be:d6:b7\npcib3: \u003cACPI PCI-PCI bridge\u003e irq 19 at device 28.3 on pci0\npci3: \u003cACPI PCI bus\u003e on pcib3\npcib4: \u003cACPI PCI-PCI bridge\u003e irq 19 at device 0.0 on pci3\npci4: \u003cACPI PCI bus\u003e on pcib4\nehci1: \u003cEHCI (generic) USB 2.0 controller\u003e mem 0xf7c13000-0xf7c133ff irq 23 at device 29.0 on pci0\nusbus2: EHCI version 1.0\nusbus2 on ehci1\nisab0: \u003cPCI-ISA bridge\u003e at device 31.0 on pci0\nisa0: \u003cISA bus\u003e on isab0\nahci0: \u003cAHCI SATA controller\u003e port 0xf0b0-0xf0b7,0xf0a0-0xf0a3,0xf090-0xf097,0xf080-0xf083,0xf060-0xf07f mem 0xf7c12000-0xf7c127ff irq 19 at device 31.2 on pci0\nahci0: AHCI v1.30 with 6 6Gbps ports, Port Multiplier not supported\nahcich0: \u003cAHCI channel\u003e at channel 0 on ahci0\nahcich1: \u003cAHCI channel\u003e at channel 1 on ahci0\npci0: \u003cserial bus, SMBus\u003e at device 31.3 (no driver attached)\nacpi_button0: \u003cPower Button\u003e on acpi0\nacpi_tz0: \u003cThermal Zone\u003e on acpi0\nacpi_tz1: \u003cThermal Zone\u003e on acpi0\natkbdc0: \u003cKeyboard controller (i8042)\u003e port 0x60,0x64 irq 1 on acpi0\natkbd0: \u003cAT Keyboard\u003e irq 1 on atkbdc0\nkbd0 at atkbd0\natkbd0: [GIANT-LOCKED]\nuart0: \u003c16550 or compatible\u003e port 0x3f8-0x3ff irq 4 on acpi0\nppc0: \u003cParallel port\u003e port 0x378-0x37f irq 5 on acpi0\nppc0: Generic chipset (NIBBLE-only) in COMPATIBLE mode\nppbus0: \u003cParallel port bus\u003e on ppc0\nplip0: \u003cPLIP network interface\u003e on ppbus0\nlpt0: \u003cPrinter\u003e on ppbus0\nlpt0: Interrupt-driven port\nppi0: \u003cParallel I/O\u003e on ppbus0\norm0: \u003cISA Option ROM\u003e at iomem 0xcf000-0xcffff on isa0\nsc0: \u003cSystem console\u003e on isa0\nsc0: VGA \u003c16 virtual consoles, flags=0x300\u003e\nvga0: \u003cGeneric ISA VGA\u003e at port 0x3c0-0x3df iomem 0xa0000-0xbffff on isa0\nctl: CAM Target Layer loaded\nest0: \u003cEnhanced SpeedStep Frequency Control\u003e on cpu0\np4tcc0: \u003cCPU Frequency Thermal Control\u003e on cpu0\nest1: \u003cEnhanced SpeedStep Frequency Control\u003e on cpu1\np4tcc1: \u003cCPU Frequency Thermal Control\u003e on cpu1\nest2: \u003cEnhanced SpeedStep Frequency Control\u003e on cpu2\np4tcc2: \u003cCPU Frequency Thermal Control\u003e on cpu2\nest3: \u003cEnhanced SpeedStep Frequency Control\u003e on cpu3\np4tcc3: \u003cCPU Frequency Thermal Control\u003e on cpu3\nest4: \u003cEnhanced SpeedStep Frequency Control\u003e on cpu4\np4tcc4: \u003cCPU Frequency Thermal Control\u003e on cpu4\nest5: \u003cEnhanced SpeedStep Frequency Control\u003e on cpu5\np4tcc5: \u003cCPU Frequency Thermal Control\u003e on cpu5\nest6: \u003cEnhanced SpeedStep Frequency Control\u003e on cpu6\np4tcc6: \u003cCPU Frequency Thermal Control\u003e on cpu6\nest7: \u003cEnhanced SpeedStep Frequency Control\u003e on cpu7\np4tcc7: \u003cCPU Frequency Thermal Control\u003e on cpu7\nTimecounters tick every 1.000 msec\nmd0: Preloaded image \u003c/mfsroot\u003e 43638784 bytes at 0xffffffff81549d48\nusbus0: 5.0Gbps Super Speed USB v3.0\nusbus1: 480Mbps High Speed USB v2.0\nusbus2: 480Mbps High Speed USB v2.0\nugen0.1: \u003c0x8086\u003e at usbus0\nuhub0: \u003c0x8086 XHCI root HUB, class 9/0, rev 3.00/1.00, addr 1\u003e on usbus0\nugen1.1: \u003cIntel\u003e at usbus1\nuhub1: \u003cIntel EHCI root HUB, class 9/0, rev 2.00/1.00, addr 1\u003e on usbus1\nugen2.1: \u003cIntel\u003e at usbus2\nuhub2: \u003cIntel EHCI root HUB, class 9/0, rev 2.00/1.00, addr 1\u003e on usbus2\nuhub1: 2 ports with 2 removable, self powered\nuhub2: 2 ports with 2 removable, self powered\nuhub0: 21 ports with 21 removable, self powered\nugen1.2: \u003cvendor 0x8087\u003e at usbus1\nuhub3: \u003cvendor 0x8087 product 0x8008, class 9/0, rev 2.00/0.04, addr 2\u003e on usbus1\nugen2.2: \u003cvendor 0x8087\u003e at usbus2\nuhub4: \u003cvendor 0x8087 product 0x8000, class 9/0, rev 2.00/0.04, addr 2\u003e on usbus2\nuhub3: 6 ports with 6 removable, self powered\nuhub4: 8 ports with 8 removable, self powered\nugen2.3: \u003cCHESEN\u003e at usbus2\nukbd0: \u003cCHESEN PS2 to USB Converter, class 0/0, rev 1.10/0.10, addr 3\u003e on usbus2\nkbd2 at ukbd0\nums0: \u003cCHESEN PS2 to USB Converter, class 0/0, rev 1.10/0.10, addr 3\u003e on usbus2\nums0: 5 buttons and [XYZ] coordinates ID=1\nugen2.4: \u003cPeppercon AG\u003e at usbus2\nukbd1: \u003cPeppercon AG Multidevice, class 0/0, rev 2.00/0.01, addr 4\u003e on usbus2\nkbd3 at ukbd1\nuhid0: \u003cPeppercon AG Multidevice, class 0/0, rev 2.00/0.01, addr 4\u003e on usbus2\numass0: \u003cPeppercon AG Multidevice, class 0/0, rev 2.00/0.01, addr 4\u003e on usbus2\numass0:  SCSI over Bulk-Only; quirks = 0x0000\numass0:3:0:-1: Attached to scbus3\nada0 at ahcich0 bus 0 scbus0 target 0 lun 0\nada0: \u003cINTEL SSDSC2CW240A3 400i\u003e ATA-9 SATA 3.x device\nada0: 600.000MB/s transfers (SATA 3.x, UDMA6, PIO 8192bytes)\nada0: Command Queueing enabled\nada0: 228936MB (468862128 512 byte sectors: 16H 63S/T 16383C)\nada0: Previously was known as ad4\nada1 at ahcich1 bus 0 scbus1 target 0 lun 0\nada1: \u003cINTEL SSDSC2CW240A3 400i\u003e ATA-9 SATA 3.x device\nada1: 600.000MB/s transfers (SATA 3.x, UDMA6, PIO 8192bytes)\nada1: Command Queueing enabled\nada1: 228936MB (468862128 512 byte sectors: 16H 63S/T 16383C)\nada1: Previously was known as ad6\nSMP: AP CPU #1 Launched!\ncd0 at umass-sim0 bus 0 scbus3 target 0 lun 0\ncd0: \u003cPepperC Virtual Disc 1 0.01\u003e Removable CD-ROM SCSI-3 device \ncd0: 1.000MB/s transfers\ncd0: Attempt to query device size failed: NOT READY, Medium not present\nSMP: AP CPU #6 Launched!\nSMP: AP CPU #3 Launched!\nSMP: AP CPU #7 Launched!\nSMP: AP CPU #2 Launched!\nSMP: AP CPU #4 Launched!\nSMP: AP CPU #5 Launched!\nTimecounter \"TSC-low\" frequency 13281512 Hz quality 1000\nTrying to mount root from ufs:/dev/md0 []...\n\nHow-To-Repeat: Boot the system with an 9.2-RC1 kernel."
}