{
 "id": 884486,
 "bug_id": 210446,
 "attachment_id": 0,
 "creation_time": "2016-06-21T21:35:45Z",
 "creator": "joeb1@a1poweruser.com",
 "text": "Running 11.0-ALPHA4-i386-20160617-r301975\nvt defaults to graph mode.\nWhen switching between virtual consoles there is a 4 second hesitation.\nIn text mode no hesitation when switching between virtual consoles.\nHardware details follow.\n\nCPU: Intel(R) Celeron(R) CPU 2.66GHz (2660.05-MHz 686-class CPU)\n  Origin=\"GenuineIntel\"  Id=0xf41  Family=0xf  Model=0x4  Stepping=1\nFeatures=0xbfebfbff\u003cFPU,VME,DE,PSE,TSC,MSR,PAE,MCE,CX8,APIC,SEP,MTRR,PGE,MCA,CMOV,PAT,PSE36,CLFLUSH,DTS,ACPI,MMX,FXSR,SSE,SSE2,SS,HTT,TM,PBE\u003e\n  Features2=0x441d\u003cSSE3,DTES64,MON,DS_CPL,CNXT-ID,xTPR\u003e\n  TSC: P-state invariant\nreal memory  = 1073741824 (1024 MB)\navail memory = 1023901696 (976 MB)\nEvent timer \"LAPIC\" quality 400\nACPI APIC Table: \u003cDELL   3000   \u003e\nrandom: \u003cSoftware, Yarrow\u003e initialized\nioapic0: Changing APIC ID to 1\nioapic0 \u003cVersion 2.0\u003e irqs 0-23 on motherboard\nacpi0: \u003cDELL 3000   \u003e on motherboard\nacpi0: Power Button (fixed)\ncpu0: \u003cACPI CPU\u003e on acpi0\natrtc0: \u003cAT realtime clock\u003e port 0x70-0x7f irq 8 on acpi0\nEvent timer \"RTC\" frequency 32768 Hz quality 0\nattimer0: \u003cAT timer\u003e port 0x40-0x5f irq 0 on acpi0\nTimecounter \"i8254\" frequency 1193182 Hz quality 0\nEvent timer \"i8254\" frequency 1193182 Hz quality 100\nTimecounter \"ACPI-fast\" frequency 3579545 Hz quality 900\nacpi_timer0: \u003c24-bit timer at 3.579545MHz\u003e port 0x808-0x80b on acpi0\nacpi_button0: \u003cPower Button\u003e on acpi0\nvgapci0: \u003cVGA-compatible display\u003e port 0xefa8-0xefaf mem 0xe8000000-0xefffffff,0xfeb80000-0xfebfffff irq 16 at device 2.0 on pci0\nagp0: \u003cIntel 82865G (865G GMCH) SVGA controller\u003e on vgapci0\nagp0: aperture size is 128M, detected 892k stolen memory\nvgapci0: Boot video device\nata0: \u003cATA channel\u003e at channel 0 on atapci0\nata1: \u003cATA channel\u003e at channel 1 on atapci0\natkbdc0: \u003cKeyboard controller (i8042)\u003e port 0x60,0x64 irq 1 on acpi0\natkbd0: \u003cAT Keyboard\u003e irq 1 on atkbdc0\nkbd0 at atkbd0\natkbd0: [GIANT-LOCKED]\npsm0: \u003cPS/2 Mouse\u003e irq 12 on atkbdc0\npsm0: [GIANT-LOCKED]\npsm0: model IntelliMouse, device ID 3\norm0: \u003cISA Option ROMs\u003e at iomem 0xc0000-0xca7ff,0xca800-0xcbfff pnpid ORM0000 on isa0\nsc0: \u003cSystem console\u003e at flags 0x100 on isa0\nsc0: VGA \u003c16 virtual consoles, flags=0x300\u003e\nvga0: \u003cGeneric ISA VGA\u003e at port 0x3c0-0x3df iomem 0xa0000-0xbffff on isa0\nTimecounters tick every 1.000 msec\nrandom: unblocking device."
}