{
 "id": 385928,
 "bug_id": 111196,
 "attachment_id": 0,
 "creation_time": "2007-04-03T17:50:04Z",
 "creator": "russ@madhaus.cns.utoronto.ca",
 "text": "The machine shows disk errors when using one SATA drive. When I use\ntwo SATA drives (independently or with GEOM RAID-0) the system hangs\nintermittently after disk use.\n\nHere is the existing output from dmesg:\n\n# dmesg\nCopyright (c) 1992-2007 The FreeBSD Project.\nCopyright (c) 1979, 1980, 1983, 1986, 1988, 1989, 1991, 1992, 1993, 1994\n        The Regents of the University of California. All rights reserved.\nFreeBSD is a registered trademark of The FreeBSD Foundation.\nFreeBSD 6.2-RELEASE #1: Fri Jan 19 09:53:48 EST 2007\n    root@backup.cns.utoronto.ca:/usr/obj/usr/src/sys/RPS\nTimecounter \"i8254\" frequency 1193182 Hz quality 0\nCPU: Intel Pentium III (804.02-MHz 686-class CPU)\n  Origin = \"GenuineIntel\"  Id = 0x686  Stepping = 6\n  Features=0x383f9ff\u003cFPU,VME,DE,PSE,TSC,MSR,PAE,MCE,CX8,SEP,MTRR,PGE,MCA,CMOV,PAT,PSE36,MMX,FXSR,SSE\u003e\nreal memory  = 536784896 (511 MB)\navail memory = 515862528 (491 MB)\nkbd1 at kbdmux0\nath_hal: 0.9.17.2 (AR5210, AR5211, AR5212, RF5111, RF5112, RF2413, RF5413)\nacpi0: \u003cASUS CUSL2-C\u003e on motherboard\nacpi0: Power Button (fixed)\nTimecounter \"ACPI-fast\" frequency 3579545 Hz quality 1000\nacpi_timer0: \u003c24-bit timer at 3.579545MHz\u003e port 0xe408-0xe40b on acpi0\ncpu0: \u003cACPI CPU\u003e on acpi0\nacpi_throttle0: \u003cACPI CPU Throttling\u003e on cpu0\nacpi_button0: \u003cPower Button\u003e on acpi0\npcib0: \u003cACPI Host-PCI bridge\u003e port 0xcf8-0xcff on acpi0\npci0: \u003cACPI PCI bus\u003e on pcib0\nagp0: \u003cIntel 82815 (i815 GMCH) host to PCI bridge\u003e mem 0xf8000000-0xfbffffff at device 0.0 on pci0\npcib1: \u003cACPI PCI-PCI bridge\u003e at device 1.0 on pci0\npci1: \u003cACPI PCI bus\u003e on pcib1\npci1: \u003cdisplay, VGA\u003e at device 0.0 (no driver attached)\npcib2: \u003cACPI PCI-PCI bridge\u003e at device 30.0 on pci0\npci2: \u003cACPI PCI bus\u003e on pcib2\natapci0: \u003cSiI 3112 SATA150 controller\u003e port 0xb800-0xb807,0xb400-0xb403,0xb000-0xb007,0xa800-0xa803,0xa400-0xa40f mem 0xf5000000-0xf50001ff irq 5 at device 10.0 on pci2\nata2: \u003cATA channel 0\u003e on atapci0\nata3: \u003cATA channel 1\u003e on atapci0\nfxp0: \u003cIntel 82550 Pro/100 Ethernet\u003e port 0xa000-0xa03f mem 0xf4800000-0xf4800fff,0xf4000000-0xf401ffff irq 9 at device 11.0 on pci2\nmiibus0: \u003cMII bus\u003e on fxp0\ninphy0: \u003ci82555 10/100 media interface\u003e on miibus0\ninphy0:  10baseT, 10baseT-FDX, 100baseTX, 100baseTX-FDX, auto\nfxp0: Ethernet address: 00:02:b3:96:d1:13\nahc0: \u003cAdaptec 2940 Ultra SCSI adapter\u003e port 0x9800-0x98ff mem 0xf3800000-0xf3800fff irq 3 at device 12.0 on pci2\nahc0: [GIANT-LOCKED]\naic7880: Ultra Wide Channel A, SCSI Id=7, 16/253 SCBs\nisab0: \u003cPCI-ISA bridge\u003e at device 31.0 on pci0\nisa0: \u003cISA bus\u003e on isab0\natapci1: \u003cIntel ICH2 UDMA100 controller\u003e port 0x1f0-0x1f7,0x3f6,0x170-0x177,0x376,0x8800-0x880f at device 31.1 on pci0\nata0: \u003cATA channel 0\u003e on atapci1\nata1: \u003cATA channel 1\u003e on atapci1\nuhci0: \u003cIntel 82801BA/BAM (ICH2) USB controller USB-A\u003e port 0x8400-0x841f irq 12 at device 31.2 on pci0\nuhci0: [GIANT-LOCKED]\nusb0: \u003cIntel 82801BA/BAM (ICH2) USB controller USB-A\u003e on uhci0\nusb0: USB revision 1.0\nuhub0: Intel UHCI root hub, class 9/0, rev 1.00/1.00, addr 1\nuhub0: 2 ports with 2 removable, self powered\npci0: \u003cserial bus, SMBus\u003e at device 31.3 (no driver attached)\nuhci1: \u003cIntel 82801BA/BAM (ICH2) USB controller USB-B\u003e port 0x8000-0x801f irq 9 at device 31.4 on pci0\nuhci1: [GIANT-LOCKED]\nusb1: \u003cIntel 82801BA/BAM (ICH2) USB controller USB-B\u003e on uhci1\nusb1: USB revision 1.0\nuhub1: Intel UHCI root hub, class 9/0, rev 1.00/1.00, addr 1\nuhub1: 2 ports with 2 removable, self powered\nfdc0: \u003cfloppy drive controller\u003e port 0x3f2-0x3f5,0x3f7 irq 6 drq 2 on acpi0\nfdc0: [FAST]\nfd0: \u003c1440-KB 3.5\" drive\u003e on fdc0 drive 0\nsio0: \u003c16550A-compatible COM port\u003e port 0x3f8-0x3ff irq 4 flags 0x10 on acpi0\nsio0: type 16550A\natkbdc0: \u003cKeyboard controller (i8042)\u003e port 0x60,0x64 irq 1 on acpi0\natkbd0: \u003cAT Keyboard\u003e irq 1 on atkbdc0\nkbd0 at atkbd0\natkbd0: [GIANT-LOCKED]\npmtimer0 on isa0\norm0: \u003cISA Option ROMs\u003e at iomem 0xc0000-0xcbfff,0xcc000-0xd07ff,0xd4000-0xd57ff,0xd8000-0xd87ff on isa0\nppc0: parallel port not found.\nsc0: \u003cSystem console\u003e at flags 0x100 on isa0\nsc0: VGA \u003c16 virtual consoles, flags=0x300\u003e\nsio1: configured irq 3 not in bitmap of probed irqs 0\nsio1: port may not be enabled\nvga0: \u003cGeneric ISA VGA\u003e at port 0x3c0-0x3df iomem 0xa0000-0xbffff on isa0\nTimecounter \"TSC\" frequency 804023284 Hz quality 800\nTimecounters tick every 1.000 msec\nad0: 32634MB \u003cIBM DPTA-373420 P71DA32A\u003e at ata0-master UDMA66\nacd0: CDROM \u003cCD-ROM 36X/AKW/U22\u003e at ata1-master PIO4\nad4: 305245MB \u003cSeagate ST3320620AS 3.AAC\u003e at ata2-master SATA150\nsa0 at ahc0 bus 0 target 6 lun 0\nsa0: \u003cQUANTUM DLT7000 2255\u003e Removable Sequential Access SCSI-2 device \nsa0: 20.000MB/s transfers (10.000MHz, offset 8, 16bit)\nTrying to mount root from ufs:/dev/ad0s1a\nWARNING: / was not properly dismounted\nWARNING: /tmp was not properly dismounted\nWARNING: /usr was not properly dismounted\nWARNING: /var was not properly dismounted\nad4: TIMEOUT - WRITE_DMA retrying (1 retry left) LBA=72259695\nad4: TIMEOUT - WRITE_DMA retrying (1 retry left) LBA=24614031\nad4: TIMEOUT - WRITE_DMA retrying (1 retry left) LBA=181025423\nad4: TIMEOUT - WRITE_DMA48 retrying (1 retry left) LBA=270973551\nad4: TIMEOUT - WRITE_DMA48 retrying (0 retries left) LBA=270973551\nad4: FAILURE - WRITE_DMA48 status=51\u003cREADY,DSC,ERROR\u003e error=10\u003cNID_NOT_FOUND\u003e LBA=270973551\ng_vfs_done():ad4s1a[WRITE(offset=138738417664, length=16384)]error = 5\nad4: TIMEOUT - WRITE_DMA48 retrying (1 retry left) LBA=300705359\nad4: TIMEOUT - WRITE_DMA48 retrying (0 retries left) LBA=300705359\nad4: FAILURE - WRITE_DMA48 status=51\u003cREADY,DSC,ERROR\u003e error=10\u003cNID_NOT_FOUND\u003e LBA=300705359\ng_vfs_done():ad4s1a[WRITE(offset=153961103360, length=16384)]error = 5\nad4: TIMEOUT - WRITE_DMA48 retrying (1 retry left) LBA=338340559\nad4: TIMEOUT - WRITE_DMA48 retrying (0 retries left) LBA=338340559\nad4: FAILURE - WRITE_DMA48 timed out LBA=338340559\ng_vfs_done():ad4s1a[WRITE(offset=173230325760, length=16384)]error = 5\nad4: TIMEOUT - WRITE_DMA48 retrying (1 retry left) LBA=357550095\nad4: FAILURE - WRITE_DMA48 status=51\u003cREADY,DSC,ERROR\u003e error=10\u003cNID_NOT_FOUND\u003e LBA=357550095\ng_vfs_done():ad4s1a[WRITE(offset=183065608192, length=131072)]error = 5\n\nFix: \n\nNone.\nHow-To-Repeat: Reboot machine with two SATA drives. The SATA drive which I have removed,\nin order to gain some semblance of stability is:\n\nWD 3200KS - 00PFB0\nWD Caviar  SE16"
}