{
 "id": 1248217,
 "bug_id": 269767,
 "attachment_id": 0,
 "creation_time": "2023-02-22T21:30:36Z",
 "creator": "freebsd@igalic.co",
 "text": "This is getting further than I thought it would, but still:\n\nTo detach from the console, press: \u003cctrl\u003e+a q\ndata=0x140 data=0x1be3b8+0x440c48 syms=[0x8+0x188d78+0x8+0x1a7803]\nLoading configured modules...\ncan't find '/boot/entropy'\ncan't find '/etc/hostid'\n\nBooting [/boot/kernel/kernel]...               \nstaging 0x74000000 (not copying) tramp 0x7dcd9000 PT4 0x7dcd0000\nStart @ 0xffffffff80385000 ...\nEFI framebuffer information:\naddr, size     0xc0000000, 0x3e8000\ndimensions     1280 x 800\nstride         1280\nmasks          0x00ff0000, 0x0000ff00, 0x000000ff, 0xff000000\n---\u003c\u003cBOOT\u003e\u003e---\nCopyright (c) 1992-2021 The FreeBSD Project.\nCopyright (c) 1979, 1980, 1983, 1986, 1988, 1989, 1991, 1992, 1993, 1994\n\tThe Regents of the University of California. All rights reserved.\nFreeBSD is a registered trademark of The FreeBSD Foundation.\nFreeBSD 13.1-RELEASE releng/13.1-n250148-fc952ac2212 GENERIC amd64\nFreeBSD clang version 13.0.0 (git@github.com:llvm/llvm-project.git llvmorg-13.0.0-0-gd7b669b3a303)\nVT(efifb): resolution 1280x800\nCPU: Intel(R) Core(TM) i7-10510U CPU @ 1.80GHz (K8-class CPU)\n  Origin=\"GenuineIntel\"  Id=0x806ec  Family=0x6  Model=0x8e  Stepping=12\n  Features=0x1f83fbff\u003cFPU,VME,DE,PSE,TSC,MSR,PAE,MCE,CX8,APIC,SEP,MTRR,PGE,MCA,CMOV,PAT,PSE36,MMX,FXSR,SSE,SSE2,SS,HTT\u003e\n  Features2=0xfffab223\u003cSSE3,PCLMULQDQ,VMX,SSSE3,FMA,CX16,PDCM,PCID,SSE4.1,SSE4.2,x2APIC,MOVBE,POPCNT,TSCDLT,AESNI,XSAVE,OSXSAVE,AVX,F16C,RDRAND,HV\u003e\n  AMD Features=0x2c100800\u003cSYSCALL,NX,Page1GB,RDTSCP,LM\u003e\n  AMD Features2=0x121\u003cLAHF,ABM,Prefetch\u003e\n  Structured Extended Features=0x9c47ab\u003cFSGSBASE,TSCADJ,BMI1,AVX2,SMEP,BMI2,ERMS,INVPCID,MPX,RDSEED,ADX,SMAP,CLFLUSHOPT\u003e\n  Structured Extended Features2=0x4\u003cUMIP\u003e\n  Structured Extended Features3=0xac000400\u003cMD_CLEAR,IBPB,STIBP,ARCH_CAP,SSBD\u003e\n  XSAVE Features=0xf\u003cXSAVEOPT,XSAVEC,XINUSE,XSAVES\u003e\n  IA32_ARCH_CAPS=0x6b\u003cRDCL_NO,IBRS_ALL,SKIP_L1DFL_VME,MDS_NO\u003e\n  AMD Extended Feature Extensions ID EBX=0x100d000\u003cIBPB,IBRS,STIBP,SSBD\u003e\n  VT-x: PAT,HLT,MTF,PAUSE,EPT,UG,VPID\nHypervisor: Origin = \"KVMKVMKVM\"\nreal memory  = 4294967296 (4096 MB)\navail memory = 4074909696 (3886 MB)\nEvent timer \"LAPIC\" quality 600\nACPI APIC Table: \u003cBOCHS  BXPC    \u003e\nFreeBSD/SMP: Multiprocessor System Detected: 2 CPUs\nFreeBSD/SMP: 1 package(s) x 2 core(s)\nrandom: registering fast source Intel Secure Key RNG\nrandom: fast provider: \"Intel Secure Key RNG\"\narc4random: WARNING: initial seeding bypassed the cryptographic random device because it was not yet seeded and the knob 'bypass_before_seeding' was enabled.\nioapic0 \u003cVersion 1.1\u003e irqs 0-23\nLaunching APs: 1\nrandom: entropy device external interface\nkbd1 at kbdmux0\nsmbios0: \u003cSystem Management BIOS\u003e at iomem 0x7f91a000-0x7f91a01e\nsmbios0: Version: 2.8, BCD Revision: 2.8\naesni0: \u003cAES-CBC,AES-CCM,AES-GCM,AES-ICM,AES-XTS\u003e\nacpi0: \u003cBOCHS BXPC\u003e\nacpi0: Power Button (fixed)\ncpu0: \u003cACPI CPU\u003e numa-domain 0 on acpi0\natrtc0: \u003cAT realtime clock\u003e port 0x70-0x77 irq 8 on acpi0\natrtc0: registered as a time-of-day clock, resolution 1.000000s\nEvent timer \"RTC\" frequency 32768 Hz quality 0\nhpet0: \u003cHigh Precision Event Timer\u003e iomem 0xfed00000-0xfed003ff on acpi0\nTimecounter \"HPET\" frequency 100000000 Hz quality 950\nTimecounter \"ACPI-fast\" frequency 3579545 Hz quality 900\nacpi_timer0: \u003c24-bit timer at 3.579545MHz\u003e port 0x608-0x60b on acpi0\npcib0: \u003cACPI Host-PCI bridge\u003e port 0xcf8-0xcff on acpi0\npci0: \u003cACPI PCI bus\u003e on pcib0\npcib1: \u003cACPI PCI-PCI bridge\u003e mem 0xc1a49000-0xc1a49fff irq 21 at device 1.0 on pci0\npcib1: failed to allocate initial I/O port window: 0xe000-0xefff\npci1: \u003cACPI PCI bus\u003e on pcib1\nvirtio_pci0: \u003cVirtIO PCI (modern) Balloon adapter\u003e mem 0x800014000-0x800017fff irq 21 at device 0.0 on pci1\nvtballoon0: \u003cVirtIO Balloon Adapter\u003e on virtio_pci0\nvirtio_pci1: \u003cVirtIO PCI (modern) Entropy adapter\u003e mem 0x800010000-0x800013fff irq 21 at device 0.1 on pci1\nvirtio_pci2: \u003cVirtIO PCI (modern) Input adapter\u003e mem 0xc1807000-0xc1807fff,0x80000c000-0x80000ffff irq 21 at device 0.2 on pci1\nvirtio_pci3: \u003cVirtIO PCI (modern) Input adapter\u003e mem 0xc1806000-0xc1806fff,0x800008000-0x80000bfff irq 21 at device 0.3 on pci1\nvirtio_pci4: \u003cVirtIO PCI (modern) VSOCK Transport adapter\u003e mem 0xc1805000-0xc1805fff,0x800004000-0x800007fff irq 21 at device 0.4 on pci1\nvirtio_pci5: \u003cVirtIO PCI (modern) Console adapter\u003e mem 0xc1804000-0xc1804fff,0x800000000-0x800003fff irq 21 at device 0.5 on pci1\nxhci0: \u003cXHCI (generic) USB 3.0 controller\u003e mem 0xc1800000-0xc1803fff irq 21 at device 0.6 on pci1\nxhci0: 32 bytes context size, 64-bit DMA\nusbus0 on xhci0\nusbus0: 5.0Gbps Super Speed USB v3.0\npcib2: \u003cACPI PCI-PCI bridge\u003e mem 0xc1a48000-0xc1a48fff irq 21 at device 1.1 on pci0\npci2: \u003cACPI PCI bus\u003e on pcib2\nvirtio_pci6: \u003cVirtIO PCI (modern) SCSI adapter\u003e mem 0xc1600000-0xc1600fff,0x800100000-0x800103fff irq 21 at device 0.0 on pci2\nvtscsi0: \u003cVirtIO SCSI Adapter\u003e on virtio_pci6\npcib3: \u003cACPI PCI-PCI bridge\u003e mem 0xc1a47000-0xc1a47fff irq 21 at device 1.2 on pci0\npci3: \u003cACPI PCI bus\u003e on pcib3\nvirtio_pci7: \u003cVirtIO PCI (modern) 9P Transport adapter\u003e mem 0xc1401000-0xc1401fff,0x800204000-0x800207fff irq 21 at device 0.0 on pci3\nvirtio_pci8: \u003cVirtIO PCI (modern) Unknown adapter\u003e mem 0xc1400000-0xc1400fff,0x800200000-0x800203fff irq 21 at device 0.1 on pci3\npcib4: \u003cACPI PCI-PCI bridge\u003e mem 0xc1a46000-0xc1a46fff irq 21 at device 1.3 on pci0\npci4: \u003cACPI PCI bus\u003e on pcib4\nvirtio_pci9: \u003cVirtIO PCI (modern) GPU adapter\u003e mem 0xc0000000-0xc07fffff,0x800300000-0x800303fff,0xc0800000-0xc0800fff irq 21 at device 0.0 on pci4\npcib5: \u003cACPI PCI-PCI bridge\u003e mem 0xc1a45000-0xc1a45fff irq 21 at device 1.4 on pci0\npci5: \u003cACPI PCI bus\u003e on pcib5\nvirtio_pci10: \u003cVirtIO PCI (modern) Network adapter\u003e mem 0xc1200000-0xc1200fff,0x800400000-0x800403fff irq 21 at device 0.0 on pci5\nvtnet0: \u003cVirtIO Networking Adapter\u003e on virtio_pci10\nvtnet0: Ethernet address: 00:16:3e:6a:3f:33\nvtnet0: netmap queues/slots: TX 2/256, RX 2/128\n000.000175 [ 450] vtnet_netmap_attach       vtnet attached txq=2, txd=256 rxq=2, rxd=128\npcib6: \u003cACPI PCI-PCI bridge\u003e mem 0xc1a44000-0xc1a44fff irq 21 at device 1.5 on pci0\npci6: \u003cACPI PCI bus\u003e on pcib6\npcib7: \u003cACPI PCI-PCI bridge\u003e mem 0xc1a43000-0xc1a43fff irq 21 at device 1.6 on pci0\npci7: \u003cACPI PCI bus\u003e on pcib7\npcib8: \u003cACPI PCI-PCI bridge\u003e mem 0xc1a42000-0xc1a42fff irq 21 at device 1.7 on pci0\npci8: \u003cACPI PCI bus\u003e on pcib8\npcib9: \u003cACPI PCI-PCI bridge\u003e mem 0xc1a41000-0xc1a41fff irq 22 at device 2.0 on pci0\npci9: \u003cACPI PCI bus\u003e on pcib9\nisab0: \u003cPCI-ISA bridge\u003e at device 31.0 on pci0\nisa0: \u003cISA bus\u003e on isab0\nahci0: \u003cIntel ICH9 AHCI SATA controller\u003e port 0xe240-0xe25f mem 0xc1a40000-0xc1a40fff irq 16 at device 31.2 on pci0\nahci0: AHCI v1.00 with 6 1.5Gbps ports, Port Multiplier not supported\nahcich0: \u003cAHCI channel\u003e at channel 0 on ahci0\nahcich1: \u003cAHCI channel\u003e at channel 1 on ahci0\nahcich2: \u003cAHCI channel\u003e at channel 2 on ahci0\nahcich3: \u003cAHCI channel\u003e at channel 3 on ahci0\nahcich4: \u003cAHCI channel\u003e at channel 4 on ahci0\nahcich5: \u003cAHCI channel\u003e at channel 5 on ahci0\nacpi_syscontainer0: \u003cSystem Container\u003e on acpi0\nacpi_syscontainer1: \u003cSystem Container\u003e port 0xcd8-0xce3 on acpi0\nacpi_syscontainer2: \u003cSystem Container\u003e port 0x620-0x62f on acpi0\nacpi_syscontainer3: \u003cSystem Container\u003e port 0xcc0-0xcd7 on acpi0\natkbdc0: \u003cKeyboard controller (i8042)\u003e port 0x60,0x64 irq 1 on acpi0\natkbd0: \u003cAT Keyboard\u003e irq 1 on atkbdc0\nkbd0 at atkbd0\natkbd0: [GIANT-LOCKED]\npsm0: \u003cPS/2 Mouse\u003e irq 12 on atkbdc0\npsm0: [GIANT-LOCKED]\nWARNING: Device \"psm\" is Giant locked and may be deleted before FreeBSD 14.0.\npsm0: model IntelliMouse Explorer, device ID 4\nuart0: \u003c16550 or compatible\u003e port 0x3f8-0x3ff irq 4 flags 0x10 on acpi0\nuart0: console (9600,n,8,1)\nattimer0: \u003cAT timer\u003e at port 0x40 on isa0\nTimecounter \"i8254\" frequency 1193182 Hz quality 0\nEvent timer \"i8254\" frequency 1193182 Hz quality 100\nattimer0: non-PNP ISA device will be removed from GENERIC in FreeBSD 14.\nkernel trap 18 with interrupts disabled\n\n\nFatal trap 18: integer divide fault while in kernel mode\ncpuid = 1; apic id = 07\ninstruction pointer\t= 0x20:0xffffffff81178b0d\nstack pointer\t        = 0x28:0xffffffff82192f20\nframe pointer\t        = 0x28:0xffffffff82192f20\ncode segment\t\t= base 0x0, limit 0xfffff, type 0x1b\n\t\t\t= DPL 0, pres 1, long 1, def32 0, gran 1\nprocessor eflags\t= resume, IOPL = 0\ncurrent process\t\t= 0 (swapper)\ntrap number\t\t= 18\npanic: integer divide fault\ncpuid = 1\ntime = 1\nKDB: stack backtrace:\n#0 0xffffffff80c69465 at kdb_backtrace+0x65\n#1 0xffffffff80c1bb1f at vpanic+0x17f\n#2 0xffffffff80c1b993 at panic+0x43\n#3 0xffffffff810afdf5 at trap_fatal+0x385\n#4 0xffffffff81087528 at calltrap+0x8\n#5 0xffffffff80bae100 at configtimer+0x320\n#6 0xffffffff80bada86 at cpu_initclocks_bsp+0x7f6\n#7 0xffffffff8106ce80 at cpu_initclocks+0x20\n#8 0xffffffff80bacab0 at initclocks+0x20\n#9 0xffffffff80ba96cf at mi_startup+0xdf\n#10 0xffffffff80385022 at btext+0x22\nUptime: 1s\nError: write unix:@-\u003e/var/snap/lxd/common/lxd/logs/test-fbsd/qemu.console: file already closed"
}