{
 "id": 1248355,
 "bug_id": 269767,
 "attachment_id": 0,
 "creation_time": "2023-02-24T01:14:12Z",
 "creator": "freebsd@igalic.co",
 "text": "here's a run with 14.0-CURRENT:\n\nLoading kernel...\n/boot/kernel/kernel text=0x18ea30 text=0xe2a418 text=0x6c630c data=0x180 data=0x1cbf28+0x4330d8 0x8+0x19dd60+0x8+0x1bf120\\\nLoading configured modules...\ncan't find '/etc/hostid'\ncan't find '/boot/entropy'\n\nBooting [/boot/kernel/kernel]...               \nstaging 0x74000000 (not copying) tramp 0x7dcfe000 PT4 0x7dcf5000\nStart @ 0xffffffff8038f000 ...\nEFI framebuffer information:\naddr, size     0xc0000000, 0x3e8000\ndimensions     1280 x 800\nstride         1280\nmasks          0x00ff0000, 0x0000ff00, 0x000000ff, 0xff000000\nGDB: no debug ports present\nKDB: debugger backends: ddb\nKDB: current backend: ddb\n---\u003c\u003cBOOT\u003e\u003e---\nCopyright (c) 1992-2023 The FreeBSD Project.\nCopyright (c) 1979, 1980, 1983, 1986, 1988, 1989, 1991, 1992, 1993, 1994\n\tThe Regents of the University of California. All rights reserved.\nFreeBSD is a registered trademark of The FreeBSD Foundation.\nFreeBSD 14.0-CURRENT #0 main-n261074-fe5c211ba873: Thu Feb 23 08:14:23 UTC 2023\n    root@releng1.nyi.freebsd.org:/usr/obj/usr/src/amd64.amd64/sys/GENERIC amd64\nFreeBSD clang version 15.0.7 (https://github.com/llvm/llvm-project.git llvmorg-15.0.7-0-g8dfdcc7b7bf6)\nWARNING: WITNESS option enabled, expect reduced performance.\nVT(efifb): resolution 1280x800\nCPU: Intel(R) Core(TM) i7-10510U CPU @ 1.80GHz (2304.08-MHz K8-class CPU)\n  Origin=\"GenuineIntel\"  Id=0x806ec  Family=0x6  Model=0x8e  Stepping=12\n  Features=0x1f83fbff\u003cFPU,VME,DE,PSE,TSC,MSR,PAE,MCE,CX8,APIC,SEP,MTRR,PGE,MCA,CMOV,PAT,PSE36,MMX,FXSR,SSE,SSE2,SS,HTT\u003e\n  Features2=0xfffab223\u003cSSE3,PCLMULQDQ,VMX,SSSE3,FMA,CX16,PDCM,PCID,SSE4.1,SSE4.2,x2APIC,MOVBE,POPCNT,TSCDLT,AESNI,XSAVE,OSXSAVE,AVX,F16C,RDRAND,HV\u003e\n  AMD Features=0x2c100800\u003cSYSCALL,NX,Page1GB,RDTSCP,LM\u003e\n  AMD Features2=0x121\u003cLAHF,ABM,Prefetch\u003e\n  Structured Extended Features=0x9c47ab\u003cFSGSBASE,TSCADJ,BMI1,AVX2,SMEP,BMI2,ERMS,INVPCID,MPX,RDSEED,ADX,SMAP,CLFLUSHOPT\u003e\n  Structured Extended Features2=0x4\u003cUMIP\u003e\n  Structured Extended Features3=0xac000400\u003cMD_CLEAR,IBPB,STIBP,ARCH_CAP,SSBD\u003e\n  XSAVE Features=0xf\u003cXSAVEOPT,XSAVEC,XINUSE,XSAVES\u003e\n  IA32_ARCH_CAPS=0x6b\u003cRDCL_NO,IBRS_ALL,SKIP_L1DFL_VME,MDS_NO\u003e\n  AMD Extended Feature Extensions ID EBX=0x100d000\u003cIBPB,IBRS,STIBP,SSBD\u003e\n  VT-x: PAT,HLT,MTF,PAUSE,EPT,UG,VPID\nHypervisor: Origin = \"KVMKVMKVM\"\nreal memory  = 4294967296 (4096 MB)\navail memory = 4061016064 (3872 MB)\nEvent timer \"LAPIC\" quality 600\nACPI APIC Table: \u003cBOCHS  BXPC    \u003e\nFreeBSD/SMP: Multiprocessor System Detected: 2 CPUs\nFreeBSD/SMP: 1 package(s) x 2 core(s)\nrandom: registering fast source Intel Secure Key RNG\nrandom: fast provider: \"Intel Secure Key RNG\"\narc4random: WARNING: initial seeding bypassed the cryptographic random device because it was not yet seeded and the knob 'bypass_before_seeding' was enabled.\nioapic0 \u003cVersion 1.1\u003e irqs 0-23\nLaunching APs: 1\nrandom: entropy device external interface\nkbd1 at kbdmux0\nsmbios0: \u003cSystem Management BIOS\u003e at iomem 0x7f91a000-0x7f91a01e\nsmbios0: Version: 2.8, BCD Revision: 2.8\naesni0: \u003cAES-CBC,AES-CCM,AES-GCM,AES-ICM,AES-XTS\u003e\nacpi0: \u003cBOCHS BXPC\u003e\nacpi0: Power Button (fixed)\ncpu0: \u003cACPI CPU\u003e numa-domain 0 on acpi0\natrtc0: \u003cAT realtime clock\u003e port 0x70-0x77 irq 8 on acpi0\natrtc0: registered as a time-of-day clock, resolution 1.000000s\nEvent timer \"RTC\" frequency 32768 Hz quality 0\nhpet0: \u003cHigh Precision Event Timer\u003e iomem 0xfed00000-0xfed003ff on acpi0\nTimecounter \"HPET\" frequency 100000000 Hz quality 950\nTimecounter \"ACPI-fast\" frequency 3579545 Hz quality 900\nacpi_timer0: \u003c24-bit timer at 3.579545MHz\u003e port 0x608-0x60b on acpi0\npcib0: \u003cACPI Host-PCI bridge\u003e port 0xcf8-0xcff on acpi0\npci0: \u003cACPI PCI bus\u003e on pcib0\npcib1: \u003cACPI PCI-PCI bridge\u003e mem 0xc1a49000-0xc1a49fff irq 21 at device 1.0 on pci0\npcib1: failed to allocate initial I/O port window: 0xe000-0xefff\npci1: \u003cACPI PCI bus\u003e on pcib1\nvirtio_pci0: \u003cVirtIO PCI (modern) Balloon adapter\u003e mem 0x800014000-0x800017fff irq 21 at device 0.0 on pci1\nvtballoon0: \u003cVirtIO Balloon Adapter\u003e on virtio_pci0\nvirtio_pci1: \u003cVirtIO PCI (modern) Entropy adapter\u003e mem 0x800010000-0x800013fff irq 21 at device 0.1 on pci1\nvirtio_pci2: \u003cVirtIO PCI (modern) Input adapter\u003e mem 0xc1807000-0xc1807fff,0x80000c000-0x80000ffff irq 21 at device 0.2 on pci1\nvirtio_pci3: \u003cVirtIO PCI (modern) Input adapter\u003e mem 0xc1806000-0xc1806fff,0x800008000-0x80000bfff irq 21 at device 0.3 on pci1\nvirtio_pci4: \u003cVirtIO PCI (modern) VSOCK Transport adapter\u003e mem 0xc1805000-0xc1805fff,0x800004000-0x800007fff irq 21 at device 0.4 on pci1\nvirtio_pci5: \u003cVirtIO PCI (modern) Console adapter\u003e mem 0xc1804000-0xc1804fff,0x800000000-0x800003fff irq 21 at device 0.5 on pci1\nxhci0: \u003cXHCI (generic) USB 3.0 controller\u003e mem 0xc1800000-0xc1803fff irq 21 at device 0.6 on pci1\nxhci0: 32 bytes context size, 64-bit DMA\nusbus0 on xhci0\nusbus0: 5.0Gbps Super Speed USB v3.0\npcib2: \u003cACPI PCI-PCI bridge\u003e mem 0xc1a48000-0xc1a48fff irq 21 at device 1.1 on pci0\npci2: \u003cACPI PCI bus\u003e on pcib2\nvirtio_pci6: \u003cVirtIO PCI (modern) SCSI adapter\u003e mem 0xc1600000-0xc1600fff,0x800100000-0x800103fff irq 21 at device 0.0 on pci2\nvtscsi0: \u003cVirtIO SCSI Adapter\u003e on virtio_pci6\npcib3: \u003cACPI PCI-PCI bridge\u003e mem 0xc1a47000-0xc1a47fff irq 21 at device 1.2 on pci0\npci3: \u003cACPI PCI bus\u003e on pcib3\nvirtio_pci7: \u003cVirtIO PCI (modern) 9P Transport adapter\u003e mem 0xc1401000-0xc1401fff,0x800204000-0x800207fff irq 21 at device 0.0 on pci3\nvirtio_pci8: \u003cVirtIO PCI (modern) Unknown adapter\u003e mem 0xc1400000-0xc1400fff,0x800200000-0x800203fff irq 21 at device 0.1 on pci3\npcib4: \u003cACPI PCI-PCI bridge\u003e mem 0xc1a46000-0xc1a46fff irq 21 at device 1.3 on pci0\npci4: \u003cACPI PCI bus\u003e on pcib4\nvirtio_pci9: \u003cVirtIO PCI (modern) GPU adapter\u003e mem 0xc0000000-0xc07fffff,0x800300000-0x800303fff,0xc0800000-0xc0800fff irq 21 at device 0.0 on pci4\npcib5: \u003cACPI PCI-PCI bridge\u003e mem 0xc1a45000-0xc1a45fff irq 21 at device 1.4 on pci0\npci5: \u003cACPI PCI bus\u003e on pcib5\nvirtio_pci10: \u003cVirtIO PCI (modern) Network adapter\u003e mem 0xc1200000-0xc1200fff,0x800400000-0x800403fff irq 21 at device 0.0 on pci5\nvtnet0: \u003cVirtIO Networking Adapter\u003e on virtio_pci10\nvtnet0: Ethernet address: 00:16:3e:b7:ea:cb\nvtnet0: netmap queues/slots: TX 2/256, RX 2/128\n000.000093 [ 453] vtnet_netmap_attach       vtnet attached txq=2, txd=256 rxq=2, rxd=128\npcib6: \u003cACPI PCI-PCI bridge\u003e mem 0xc1a44000-0xc1a44fff irq 21 at device 1.5 on pci0\npci6: \u003cACPI PCI bus\u003e on pcib6\npcib7: \u003cACPI PCI-PCI bridge\u003e mem 0xc1a43000-0xc1a43fff irq 21 at device 1.6 on pci0\npci7: \u003cACPI PCI bus\u003e on pcib7\npcib8: \u003cACPI PCI-PCI bridge\u003e mem 0xc1a42000-0xc1a42fff irq 21 at device 1.7 on pci0\npci8: \u003cACPI PCI bus\u003e on pcib8\npcib9: \u003cACPI PCI-PCI bridge\u003e mem 0xc1a41000-0xc1a41fff irq 22 at device 2.0 on pci0\npci9: \u003cACPI PCI bus\u003e on pcib9\nisab0: \u003cPCI-ISA bridge\u003e at device 31.0 on pci0\nisa0: \u003cISA bus\u003e on isab0\nahci0: \u003cIntel ICH9 AHCI SATA controller\u003e port 0xe240-0xe25f mem 0xc1a40000-0xc1a40fff irq 16 at device 31.2 on pci0\nahci0: AHCI v1.00 with 6 1.5Gbps ports, Port Multiplier not supported\nahcich0: \u003cAHCI channel\u003e at channel 0 on ahci0\nahcich1: \u003cAHCI channel\u003e at channel 1 on ahci0\nahcich2: \u003cAHCI channel\u003e at channel 2 on ahci0\nahcich3: \u003cAHCI channel\u003e at channel 3 on ahci0\nahcich4: \u003cAHCI channel\u003e at channel 4 on ahci0\nahcich5: \u003cAHCI channel\u003e at channel 5 on ahci0\nacpi_syscontainer0: \u003cSystem Container\u003e on acpi0\nacpi_syscontainer1: \u003cSystem Container\u003e port 0xcd8-0xce3 on acpi0\nacpi_syscontainer2: \u003cSystem Container\u003e port 0x620-0x62f on acpi0\nacpi_syscontainer3: \u003cSystem Container\u003e port 0xcc0-0xcd7 on acpi0\natkbdc0: \u003cKeyboard controller (i8042)\u003e port 0x60,0x64 irq 1 on acpi0\natkbd0: \u003cAT Keyboard\u003e irq 1 on atkbdc0\nkbd0 at atkbd0\natkbd0: [GIANT-LOCKED]\npsm0: \u003cPS/2 Mouse\u003e irq 12 on atkbdc0\npsm0: [GIANT-LOCKED]\nWARNING: Device \"psm\" is Giant locked and may be deleted before FreeBSD 14.0.\npsm0: model IntelliMouse Explorer, device ID 4\nuart0: \u003c16550 or compatible\u003e port 0x3f8-0x3ff irq 4 flags 0x10 on acpi0\nuart0: console (9600,n,8,1)\nattimer0: \u003cAT timer\u003e at port 0x40 on isa0\nTimecounter \"i8254\" frequency 1193182 Hz quality 0\nEvent timer \"i8254\" frequency 1193182 Hz quality 100\nattimer0: non-PNP ISA device will be removed from GENERIC in FreeBSD 14.\nkernel trap 18 with interrupts disabled\n\n\nFatal trap 18: integer divide fault while in kernel mode\ncpuid = 1; apic id = 07\ninstruction pointer\t= 0x20:0xffffffff811aa6f5\nstack pointer\t        = 0x28:0xffffffff825bbef0\nframe pointer\t        = 0x28:0xffffffff825bbef0\ncode segment\t\t= base 0x0, limit 0xfffff, type 0x1b\n\t\t\t= DPL 0, pres 1, long 1, def32 0, gran 1\nprocessor eflags\t= resume, IOPL = 0\ncurrent process\t\t= 0 (swapper)\nrdi: ffffffff81fec128 rsi:           a3d70a rdx:                0\nrcx:                0  r8:             1730  r9: fffffe000b1bd000\nrax:        200000000 rbx:                2 rbp: ffffffff825bbef0\nr10: fffffe000b1be770 r11:                4 r12:        1000852b4\nr13:        100ac29be r14:                1 r15: ffffffff81e82d80\ntrap number\t\t= 18\npanic: integer divide fault\ncpuid = 1\ntime = 1\nKDB: stack backtrace:\ndb_trace_self_wrapper() at db_trace_self_wrapper+0x2b/frame 0xffffffff825bbd10\nvpanic() at vpanic+0x152/frame 0xffffffff825bbd60\npanic() at panic+0x43/frame 0xffffffff825bbdc0\ntrap_fatal() at trap_fatal+0x409/frame 0xffffffff825bbe20\ncalltrap() at calltrap+0x8/frame 0xffffffff825bbe20\n--- trap 0x12, rip = 0xffffffff811aa6f5, rsp = 0xffffffff825bbef0, rbp = 0xffffffff825bbef0 ---\nlapic_et_start() at lapic_et_start+0x2e5/frame 0xffffffff825bbef0\nconfigtimer() at configtimer+0x32f/frame 0xffffffff825bbf40\ncpu_initclocks_bsp() at cpu_initclocks_bsp+0x71a/frame 0xffffffff825bbf70\ncpu_initclocks() at cpu_initclocks+0x1f/frame 0xffffffff825bbf90\ninitclocks() at initclocks+0x20/frame 0xffffffff825bbfa0\nmi_startup() at mi_startup+0x1e8/frame 0xffffffff825bbff0\nbtext() at btext+0x23\nKDB: enter: panic\n[ thread pid 0 tid 100000 ]\nStopped at      kdb_enter+0x32: movq    $0,0x1293d53(%rip)\ndb\u003e"
}