{
 "id": 506559,
 "bug_id": 136123,
 "attachment_id": 0,
 "creation_time": "2009-06-28T11:30:07Z",
 "creator": "matthieu@nxdomain.fr",
 "text": "I wanted to add ipsec to a sunblade 100 box running 7.2-STABLE. So I added the following to a copy of GENERIC configuration file named ROUTER (attached) :\n\noptions         IPSEC\noptions         IPSEC_FILTERTUNNEL\ndevice          crypto\ndevice          enc\n\nThis new kernel cannot boot : \n\n FreeBSD/sparc64 boot block                                         \n    Boot path:   /pci@1f,0/ide@d/disk@0,0:a                            \n    Boot loader: /boot/loader                                          \n Consoles: Open Firmware console                                       \n \n Booting with sun4u support.\n \n FreeBSD/sparc64 bootstrap loader, Revision 1.0\n (root@barry.nxdomain.fr, Sun Jun 28 00:17:04 CEST 2009)\n bootpath=\"/pci@1f,0/ide@d/disk@0,0:a\"                  \n Loading /boot/defaults/loader.conf                     \n /boot/kernel/kernel data=0x50f148+0x77bd8 syms=[0x8+0x69210+0x8+0x5b388]\n -                                                                       \n Hit [Enter] to boot immediately, or any other key for command prompt.   \n Booting [/boot/kernel/kernel]...                                        \n jumping to kernel entry at 0xc0068000.                                  \n Copyright (c) 1992-2009 The FreeBSD Project.                            \n Copyright (c) 1979, 1980, 1983, 1986, 1988, 1989, 1991, 1992, 1993, 1994\n         The Regents of the University of California. All rights reserved.\n FreeBSD is a registered trademark of The FreeBSD Foundation.\n FreeBSD 7.2-STABLE #1: Sun Jun 28 02:24:56 CEST 2009\n     root@barry.nxdomain.fr:/usr/obj/sparc64/usr/src/sys/ROUTER\n real memory  = 268435456 (256 MB)\n avail memory = 248184832 (236 MB)\n cpu0: Sun Microsystems UltraSparc-IIe Processor (502.00 MHz CPU)\n kbd0 at kbdmux0\n nexus0: \u003cOpen Firmware Nexus device\u003e\n cryptosoft1: \u003csoftware crypto\u003e mem 0x1fe00000000-0x1fe0000ffff,0x1fe01000000-0x1fe010000ff irq 2032,2030,2031,2021 on nexus0\n cryptosoft0: \u003csoftware crypto\u003e on nexus0\n nexus0: \u003csyscons\u003e type unknown (no driver attached)\n Timecounter \"tick\" frequency 502000000 Hz quality 1000\n Timecounters tick every 1.000 msec\n IPsec: Initialized Security Association Processing.\n Trying to mount root from ufs:/dev/ad0a\n \n Manual root filesystem specification:\n   \u003cfstype\u003e:\u003cdevice\u003e  Mount \u003cdevice\u003e using filesystem \u003cfstype\u003e\n                        eg. ufs:/dev/da0a\n   ?                  List valid disk boot devices\n   \u003cempty line\u003e       Abort manual input\n \n mountroot\u003e\n \n \n A GENERIC kernel booted and run without any problem.\n\nFix: seems the same as : \n\nhttp://www.archivum.info/freebsd-current@freebsd.org/2008-03/00100/IPSEC_crypto_is_broken_in_FreeBSD_powerpc_7.0-RELEASE!\n\nideas to fix the issue are proposed but i have no idea which one is correct and how to apply them.\n\nPatch attached with submission follows:\nHow-To-Repeat: build a kernel with device crypto on sparc64 and try to boot it."
}