{
 "id": 445683,
 "bug_id": 123735,
 "attachment_id": 0,
 "creation_time": "2008-05-16T18:10:01Z",
 "creator": "thoellri@adobe.com",
 "text": "On an Acer Veritron M410 system with AMD Athlon 64 X2 Dual Core\nProcessor 4200+ 7.0-RELEASE panics after installation (from CD):\n\nreal memory  = 1878917120 (1791 MB)\navail memory = 1828093952 (1743 MB)\nACPI APIC Table: \u003cACRSYS ACRPRDCT\u003e\nAP #1 (PHY# 1) failed!\npanic y/n? [y]\n\nOn 5/16/2008 I updated the system via cvsup (7.0-STABLE), rebuilt and\ninstalled a new kernel (GENERIC) and the problem is still the same. \n\nThe system seems to operate fine when answer \"n\" to the panic question. \n\nTwo CPUs show up and are being utilized.\n\nFull dmesg output follows (SANTAFE-kernel conf is a plain copy of\nGENERIC, without any modifications):\n\nFreeBSD 7.0-STABLE #0: Fri May 16 04:06:56 MDT 2008\n    thoellri@santafe.gateway.2wire.net:/usr/obj/usr/src/sys/SANTAFE\nTimecounter \"i8254\" frequency 1193182 Hz quality 0\nCPU: AMD Athlon(tm) 64 X2 Dual Core Processor 4200+ (2194.51-MHz 686-class CPU)\n  Origin = \"AuthenticAMD\"  Id = 0x60fb2  Stepping = 2\n  Features=0x178bfbff\u003cFPU,VME,DE,PSE,TSC,MSR,PAE,MCE,CX8,APIC,SEP,MTRR,PGE,MCA,CMOV,PAT,PSE36,CLFLUSH,MMX,FXSR,SSE,SSE2,HTT\u003e\n  Features2=0x2001\u003cSSE3,CX16\u003e\n  AMD Features=0xea500800\u003cSYSCALL,NX,MMX+,FFXSR,RDTSCP,LM,3DNow!+,3DNow!\u003e\n  AMD Features2=0x11f\u003cLAHF,CMP,SVM,ExtAPIC,CR8,Prefetch\u003e\n  Cores per package: 2\nreal memory  = 1878917120 (1791 MB)\navail memory = 1828093952 (1743 MB)\nACPI APIC Table: \u003cACRSYS ACRPRDCT\u003e\nAP #1 (PHY# 1) failed!\npanic y/n? [y] FreeBSD/SMP: Multiprocessor System Detected: 2 CPUs\n cpu0 (BSP): APIC ID:  0\n cpu1 (AP): APIC ID:  1\nioapic0: Changing APIC ID to 4\nioapic0 \u003cVersion 2.1\u003e irqs 0-23 on motherboard\nkbd1 at kbdmux0\nath_hal: 0.9.20.3 (AR5210, AR5211, AR5212, RF5111, RF5112, RF2413, RF5413)\nacpi0: \u003cACRSYS ACRPRDCT\u003e on motherboard\nacpi0: [ITHREAD]\nacpi0: Power Button (fixed)\nacpi0: reservation of 0, a0000 (3) failed\nacpi0: reservation of 100000, 6fee0000 (3) failed\nTimecounter \"ACPI-fast\" frequency 3579545 Hz quality 1000\nacpi_timer0: \u003c32-bit timer at 3.579545MHz\u003e port 0x4008-0x400b on acpi0\nacpi_hpet0: \u003cHigh Precision Event Timer\u003e iomem 0xfed00000-0xfed003ff on acpi0\ndevice_attach: acpi_hpet0 attach returned 12\ncpu0: \u003cACPI CPU\u003e on acpi0\npowernow0: \u003cPowerNow! K8\u003e on cpu0\ncpu1: \u003cACPI CPU\u003e on acpi0\npowernow1: \u003cPowerNow! K8\u003e on cpu1\nacpi_button0: \u003cPower Button\u003e on acpi0\npcib0: \u003cACPI Host-PCI bridge\u003e port 0xcf8-0xcff on acpi0\npci0: \u003cACPI PCI bus\u003e on pcib0\npcib1: \u003cACPI PCI-PCI bridge\u003e at device 1.0 on pci0\npci1: \u003cACPI PCI bus\u003e on pcib1\nvgapci0: \u003cVGA-compatible display\u003e port 0xde00-0xdeff mem 0xd0000000-0xdfffffff,0xfdef0000-0xfdefffff,0xfdd00000-0xfddfffff irq 18 at device 5.0 on pci1\npcib2: \u003cACPI PCI-PCI bridge\u003e at device 7.0 on pci0\npci2: \u003cACPI PCI bus\u003e on pcib2\nmskc0: \u003cMarvell Yukon 88E8056 Gigabit Ethernet\u003e port 0xee00-0xeeff mem 0xfdcfc000-0xfdcfffff irq 19 at device 0.0 on pci2\nmsk0: \u003cMarvell Technology Group Ltd. Yukon EC Ultra Id 0xb4 Rev 0x03\u003e on mskc0\nmsk0: Ethernet address: 00:1c:25:84:48:f5\nmiibus0: \u003cMII bus\u003e on msk0\ne1000phy0: \u003cMarvell 88E1149 Gigabit PHY\u003e PHY 0 on miibus0\ne1000phy0:  10baseT, 10baseT-FDX, 100baseTX, 100baseTX-FDX, 1000baseTX-FDX, auto\nmskc0: [FILTER]\natapci0: \u003cATI IXP600 SATA300 controller\u003e port 0xff00-0xff07,0xfe00-0xfe03,0xfd00-0xfd07,0xfc00-0xfc03,0xfb00-0xfb0f mem 0xfe02f000-0xfe02f3ff irq 22 at device 18.0 on pci0\natapci0: [ITHREAD]\natapci0: AHCI Version 01.10 controller with 4 ports detected\nata2: \u003cATA channel 0\u003e on atapci0\nata2: [ITHREAD]\nata3: \u003cATA channel 1\u003e on atapci0\nata3: [ITHREAD]\nata4: \u003cATA channel 2\u003e on atapci0\nata5: \u003cATA channel 3\u003e on atapci0\nata5: [ITHREAD]\nohci0: \u003cOHCI (generic) USB controller\u003e mem 0xfe02e000-0xfe02efff irq 16 at device 19.0 on pci0\nohci0: [GIANT-LOCKED]\nohci0: [ITHREAD]\nusb0: OHCI version 1.0, legacy support\nusb0: SMM does not respond, resetting\nusb0: \u003cOHCI (generic) USB controller\u003e on ohci0\nusb0: USB revision 1.0\nuhub0: \u003cATI OHCI root hub, class 9/0, rev 1.00/1.00, addr 1\u003e on usb0\nuhub0: 2 ports with 2 removable, self powered\nohci1: \u003cOHCI (generic) USB controller\u003e mem 0xfe02d000-0xfe02dfff irq 17 at device 19.1 on pci0\nohci1: [GIANT-LOCKED]\nohci1: [ITHREAD]\nusb1: OHCI version 1.0, legacy support\nusb1: SMM does not respond, resetting\nusb1: \u003cOHCI (generic) USB controller\u003e on ohci1\nusb1: USB revision 1.0\nuhub1: \u003cATI OHCI root hub, class 9/0, rev 1.00/1.00, addr 1\u003e on usb1\nuhub1: 2 ports with 2 removable, self powered\nohci2: \u003cOHCI (generic) USB controller\u003e mem 0xfe02c000-0xfe02cfff irq 18 at device 19.2 on pci0\nohci2: [GIANT-LOCKED]\nohci2: [ITHREAD]\nusb2: OHCI version 1.0, legacy support\nusb2: SMM does not respond, resetting\nusb2: \u003cOHCI (generic) USB controller\u003e on ohci2\nusb2: USB revision 1.0\nuhub2: \u003cATI OHCI root hub, class 9/0, rev 1.00/1.00, addr 1\u003e on usb2\nuhub2: 2 ports with 2 removable, self powered\nohci3: \u003cOHCI (generic) USB controller\u003e mem 0xfe02b000-0xfe02bfff irq 17 at device 19.3 on pci0\nohci3: [GIANT-LOCKED]\nohci3: [ITHREAD]\nusb3: OHCI version 1.0, legacy support\nusb3: SMM does not respond, resetting\nusb3: \u003cOHCI (generic) USB controller\u003e on ohci3\nusb3: USB revision 1.0\nuhub3: \u003cATI OHCI root hub, class 9/0, rev 1.00/1.00, addr 1\u003e on usb3\nuhub3: 2 ports with 2 removable, self powered\nohci4: \u003cOHCI (generic) USB controller\u003e mem 0xfe02a000-0xfe02afff irq 18 at device 19.4 on pci0\nohci4: [GIANT-LOCKED]\nohci4: [ITHREAD]\nusb4: OHCI version 1.0, legacy support\nusb4: SMM does not respond, resetting\nusb4: \u003cOHCI (generic) USB controller\u003e on ohci4\nusb4: USB revision 1.0\nuhub4: \u003cATI OHCI root hub, class 9/0, rev 1.00/1.00, addr 1\u003e on usb4\nuhub4: 2 ports with 2 removable, self powered\nehci0: \u003cEHCI (generic) USB 2.0 controller\u003e mem 0xfe029000-0xfe0290ff irq 19 at device 19.5 on pci0\nehci0: [GIANT-LOCKED]\nehci0: [ITHREAD]\nusb5: EHCI version 1.0\nusb5: companion controllers, 2 ports each: usb0 usb1 usb2 usb3 usb4\nusb5: USB revision 2.0\nuhub5: \u003cATI EHCI root hub, class 9/0, rev 2.00/1.00, addr 1\u003e on usb5\nuhub5: 10 ports with 10 removable, self powered\npci0: \u003cserial bus, SMBus\u003e at device 20.0 (no driver attached)\natapci1: \u003cATI IXP600 UDMA133 controller\u003e port 0x1f0-0x1f7,0x3f6,0x170-0x177,0x376,0xf900-0xf90f at device 20.1 on pci0\nata0: \u003cATA channel 0\u003e on atapci1\nata0: [ITHREAD]\npci0: \u003cmultimedia\u003e at device 20.2 (no driver attached)\nisab0: \u003cPCI-ISA bridge\u003e at device 20.3 on pci0\nisa0: \u003cISA bus\u003e on isab0\npcib3: \u003cACPI PCI-PCI bridge\u003e at device 20.4 on pci0\npci3: \u003cACPI PCI bus\u003e on pcib3\nacpi_tz0: \u003cThermal Zone\u003e on acpi0\nfdc0: \u003cfloppy drive controller\u003e port 0x3f0-0x3f5,0x3f7 irq 6 drq 2 on acpi0\nfdc0: [FILTER]\nsio0: configured irq 4 not in bitmap of probed irqs 0\nsio0: port may not be enabled\nsio0: configured irq 4 not in bitmap of probed irqs 0\nsio0: port may not be enabled\nsio0: \u003c16550A-compatible COM port\u003e port 0x3f8-0x3ff irq 4 flags 0x10 on acpi0\nsio0: type 16550A\nsio0: [FILTER]\nsio1: configured irq 3 not in bitmap of probed irqs 0\nsio1: port may not be enabled\nsio1: configured irq 3 not in bitmap of probed irqs 0\nsio1: port may not be enabled\nsio1: \u003c16550A-compatible COM port\u003e port 0x2f8-0x2ff irq 3 on acpi0\nsio1: type 16550A\nsio1: [FILTER]\natkbdc0: \u003cKeyboard controller (i8042)\u003e port 0x60,0x64 irq 1 on acpi0\natkbd0: \u003cAT Keyboard\u003e irq 1 on atkbdc0\nkbd0 at atkbd0\natkbd0: [GIANT-LOCKED]\natkbd0: [ITHREAD]\npsm0: \u003cPS/2 Mouse\u003e irq 12 on atkbdc0\npsm0: [GIANT-LOCKED]\npsm0: [ITHREAD]\npsm0: model NetMouse/NetScroll Optical, device ID 0\nacpi_hpet0: \u003cHigh Precision Event Timer\u003e iomem 0xfed00000-0xfed003ff on acpi0\ndevice_attach: acpi_hpet0 attach returned 12\npmtimer0 on isa0\norm0: \u003cISA Option ROM\u003e at iomem 0xcd000-0xcdfff pnpid ORM0000 on isa0\nppc0: \u003cParallel port\u003e at port 0x378-0x37f irq 7 on isa0\nppc0: Generic chipset (NIBBLE-only) in COMPATIBLE mode\nppbus0: \u003cParallel port bus\u003e on ppc0\nppbus0: [ITHREAD]\nplip0: \u003cPLIP network interface\u003e on ppbus0\nlpt0: \u003cPrinter\u003e on ppbus0\nlpt0: Interrupt-driven port\nppi0: \u003cParallel I/O\u003e on ppbus0\nppc0: [GIANT-LOCKED]\nppc0: [ITHREAD]\nsc0: \u003cSystem console\u003e at flags 0x100 on isa0\nsc0: VGA \u003c16 virtual consoles, flags=0x300\u003e\nvga0: \u003cGeneric ISA VGA\u003e at port 0x3c0-0x3df iomem 0xa0000-0xbffff on isa0\nTimecounters tick every 1.000 msec\nad4: 152627MB \u003cSeagate ST3160815AS 3.AAE\u003e at ata2-master SATA300\nacd0: DVDR \u003cATAPI DVD A DH16A3S/3A12\u003e at ata3-master SATA150\nSMP: AP CPU #1 Launched!\nTrying to mount root from ufs:/dev/ad4s1a\n\nFix: \n\nNone.\nHow-To-Repeat: Hardware specific, I'm afraid."
}