{
 "id": 404320,
 "bug_id": 115152,
 "attachment_id": 0,
 "creation_time": "2010-07-07T20:20:22Z",
 "creator": "tedm@ipinc.net",
 "text": "We have the same general problem with this controller\nunder FreeBSD 8.0.  We get numerous\n\nTIMEOUT - WRITE_DMA retrying (1 retry left) LBA=XXXXXXX\n\non the system with moderate to heavy load on the controller,\nand eventually the system locks up.  Interestingly, the\nproblem didn't happen with OLDer SATA150 disks plugged into\nthe controller, but 150GB hard drives aren't that useable\nnowadays.\n\nThere's been numerous postings on the mailing list about\nthese controllers.  Linux does not appear to have difficulty\nwith them so people seem to move these systems to Linux servers.\n\nHere's the dmesg from our system, the system has since been\nrehomed to Linux:\n\nnas1# dmesg\nCopyright (c) 1992-2009 The FreeBSD Project.\nCopyright (c) 1979, 1980, 1983, 1986, 1988, 1989, 1991, 1992, 1993, 1994\n         The Regents of the University of California. All rights reserved.\nFreeBSD is a registered trademark of The FreeBSD Foundation.\nFreeBSD 8.0-RELEASE #0: Sat Nov 21 15:48:17 UTC 2009\n     root@almeida.cse.buffalo.edu:/usr/obj/usr/src/sys/GENERIC\nTimecounter \"i8254\" frequency 1193182 Hz quality 0\nCPU: Intel Pentium III (937.55-MHz 686-class CPU)\n   Origin = \"GenuineIntel\"  Id = 0x68a  Stepping = 10\n \nFeatures=0x387fbff\u003cFPU,VME,DE,PSE,TSC,MSR,PAE,MCE,CX8,APIC,SEP,MTRR,PGE,MCA,CMOV,PAT,PSE36,PN,MMX,FXSR,SSE\u003e\nreal memory  = 1073741824 (1024 MB)\navail memory = 1036361728 (988 MB)\nACPI APIC Table: \u003cASUS   CUV4X-D \u003e\nFreeBSD/SMP: Multiprocessor System Detected: 2 CPUs\nFreeBSD/SMP: 2 package(s) x 1 core(s)\n  cpu0 (BSP): APIC ID:  3\n  cpu1 (AP): APIC ID:  0\nioapic0 \u003cVersion 1.1\u003e irqs 0-23 on motherboard\nkbd1 at kbdmux0\nacpi0: \u003cASUS CUV4X-D\u003e on motherboard\nacpi0: [ITHREAD]\nacpi0: Power Button (fixed)\nacpi0: reservation of 0, a0000 (3) failed\nacpi0: reservation of 100000, 3ff00000 (3) failed\nTimecounter \"ACPI-fast\" frequency 3579545 Hz quality 1000\nacpi_timer0: \u003c24-bit timer at 3.579545MHz\u003e port 0xe408-0xe40b on acpi0\nacpi_button0: \u003cPower Button\u003e on acpi0\npcib0: \u003cACPI Host-PCI bridge\u003e port 0xcf8-0xcff on acpi0\npci0: \u003cACPI PCI bus\u003e on pcib0\nagp0: \u003cVIA 82C691 (Apollo Pro) host to PCI bridge\u003e on hostb0\nagp0: aperture size is 256M\npcib1: \u003cACPI PCI-PCI bridge\u003e at device 1.0 on pci0\npci1: \u003cACPI PCI bus\u003e on pcib1\nvgapci0: \u003cVGA-compatible display\u003e port 0xd800-0xd8ff mem \n0xf8000000-0xfbffffff,0xf6000000-0xf6003fff irq 16 at device 0.0 on pci1\nisab0: \u003cPCI-ISA bridge\u003e at device 4.0 on pci0\nisa0: \u003cISA bus\u003e on isab0\natapci0: \u003cVIA 82C686B UDMA100 controller\u003e port \n0x1f0-0x1f7,0x3f6,0x170-0x177,0x376,0xb800-0xb80f at device 4.1 on pci0\nata0: \u003cATA channel 0\u003e on atapci0\nata0: [ITHREAD]\nata1: \u003cATA channel 1\u003e on atapci0\nata1: [ITHREAD]\nuhci0: \u003cVIA 83C572 USB controller\u003e port 0xb400-0xb41f irq 5 at device \n4.2 on pci0\nuhci0: [ITHREAD]\nusbus0: \u003cVIA 83C572 USB controller\u003e on uhci0\nuhci1: \u003cVIA 83C572 USB controller\u003e port 0xb000-0xb01f irq 5 at device \n4.3 on pci0\nuhci1: [ITHREAD]\nusbus1: \u003cVIA 83C572 USB controller\u003e on uhci1\nfxp0: \u003cIntel 82557 Pro/100 Ethernet\u003e port 0xa800-0xa81f mem \n0xf7000000-0xf7000fff,0xf5800000-0xf58fffff at device 10.0 on pci0\nfxp0: Enabling Rx lock-up workaround\nmiibus0: \u003cMII bus\u003e on fxp0\nnsphy0: \u003cDP83840 10/100 media interface\u003e PHY 1 on miibus0\nnsphy0:  10baseT, 10baseT-FDX, 100baseTX, 100baseTX-FDX, auto\nfxp0: Ethernet address: 00:a0:c9:39:0f:cc\nfxp0: [ITHREAD]\natapci1: \u003cSiI 3512 SATA150 controller\u003e port \n0xa400-0xa407,0xa000-0xa003,0x9800-0x9807,0x9400-0x9403,0x9000-0x900f \nmem 0xf5000000-0xf50001ff irq 17 at device 11.0 on pci0\natapci1: [ITHREAD]\nata2: \u003cATA channel 0\u003e on atapci1\nata2: [ITHREAD]\nata3: \u003cATA channel 1\u003e on atapci1\nata3: [ITHREAD]\nsym0: \u003c810a\u003e port 0x8800-0x88ff mem 0xf4800000-0xf48000ff irq 16 at \ndevice 12.0 on pci0\nsym0: No NVRAM, ID 7, Fast-10, SE, parity checking\nsym0: [ITHREAD]\natrtc0: \u003cAT realtime clock\u003e port 0x70-0x73 irq 8 on acpi0\nfdc0: \u003cfloppy drive controller\u003e port 0x3f2-0x3f5,0x3f7 irq 6 drq 2 on acpi0\nfdc0: [FILTER]\nfd0: \u003c1440-KB 3.5\" drive\u003e on fdc0 drive 0\nppc0: \u003cParallel port\u003e port 0x378-0x37f,0x778-0x77b irq 7 drq 3 on acpi0\nppc0: SMC-like chipset (ECP/EPP/PS2/NIBBLE) in COMPATIBLE mode\nppc0: FIFO with 16/16/8 bytes threshold\nppc0: [ITHREAD]\nppbus0: \u003cParallel port bus\u003e on ppc0\nplip0: \u003cPLIP network interface\u003e on ppbus0\nplip0: [ITHREAD]\nlpt0: \u003cPrinter\u003e on ppbus0\nlpt0: [ITHREAD]\nlpt0: Interrupt-driven port\nppi0: \u003cParallel I/O\u003e on ppbus0\nuart0: \u003c16550 or compatible\u003e port 0x3f8-0x3ff irq 4 flags 0x10 on acpi0\nuart0: [FILTER]\nuart1: \u003c16550 or compatible\u003e port 0x2f8-0x2ff irq 3 on acpi0\nuart1: [FILTER]\natkbdc0: \u003cKeyboard controller (i8042)\u003e port 0x60,0x64 irq 1 on acpi0\natkbd0: \u003cAT Keyboard\u003e irq 1 on atkbdc0\nkbd0 at atkbd0\natkbd0: [GIANT-LOCKED]\natkbd0: [ITHREAD]\npsm0: \u003cPS/2 Mouse\u003e irq 12 on atkbdc0\npsm0: [GIANT-LOCKED]\npsm0: [ITHREAD]\npsm0: model Generic PS/2 mouse, device ID 0\ncpu0: \u003cACPI CPU\u003e on acpi0\ncpu1: \u003cACPI CPU\u003e on acpi0\npmtimer0 on isa0\norm0: \u003cISA Option ROMs\u003e at iomem 0xc0000-0xc7fff,0xcc000-0xd0fff pnpid \nORM0000 on isa0\nsc0: \u003cSystem console\u003e at flags 0x100 on isa0\nsc0: VGA \u003c16 virtual consoles, flags=0x300\u003e\nvga0: \u003cGeneric ISA VGA\u003e at port 0x3c0-0x3df iomem 0xa0000-0xbffff on isa0\nTimecounters tick every 1.000 msec\nusbus0: 12Mbps Full Speed USB v1.0\nusbus1: 12Mbps Full Speed USB v1.0\nacd0: CDROM \u003cCRD-8322B/1.06\u003e at ata1-master PIO4\nad4: 1907729MB \u003cHitachi HDS722020ALA330 JKAOA3EA\u003e at ata2-master SATA150\nugen0.1: \u003cVIA\u003e at usbus0\nuhub0: \u003cVIA UHCI root HUB, class 9/0, rev 1.00/1.00, addr 1\u003e on usbus0\nugen1.1: \u003cVIA\u003e at usbus1\nuhub1: \u003cVIA UHCI root HUB, class 9/0, rev 1.00/1.00, addr 1\u003e on usbus1\nad6: 1907729MB \u003cHitachi HDS722020ALA330 JKAOA3EA\u003e at ata3-master SATA150\nWaiting 5 seconds for SCSI devices to settle\nuhub0: 2 ports with 2 removable, self powered\nuhub1: 2 ports with 2 removable, self powered\nGEOM: ad4s1: geometry does not match label (255h,63s != 16h,63s).\n(probe6:sym0:0:6:0): TEST UNIT READY. CDB: 0 0 0 0 0 0\n(probe6:sym0:0:6:0): CAM Status: SCSI Status Error\n(probe6:sym0:0:6:0): SCSI Status: Check Condition\n(probe6:sym0:0:6:0): UNIT ATTENTION asc:29,0\n(probe6:sym0:0:6:0): Power on, reset, or bus device reset occurred\n(probe6:sym0:0:6:0): Retrying Command (per Sense Data)\n(probe6:sym0:0:6:0): TEST UNIT READY. CDB: 0 0 0 0 0 0\n(probe6:sym0:0:6:0): CAM Status: SCSI Status Error\n(probe6:sym0:0:6:0): SCSI Status: Check Condition\n(probe6:sym0:0:6:0): NOT READY asc:3a,0\n(probe6:sym0:0:6:0): Medium not present\n(probe6:sym0:0:6:0): Unretryable error\nsa0 at sym0 bus 0 target 6 lun 0\nsa0: \u003cHP C1553A 9503\u003e Removable Sequential Access SCSI-2 device\nsa0: 10.000MB/s transfers (10.000MHz, offset 8)\nsa1 at sym0 bus 0 target 6 lun 1\nsa1: \u003cHP C1553A 9503\u003e Removable Sequential Access SCSI-2 device\nsa1: 10.000MB/s transfers (10.000MHz, offset 8)\nar0: 1907729MB \u003cFreeBSD PseudoRAID RAID1\u003e status: DEGRADED\nar0: disk0 DOWN no device found for this subdisk\nar0: disk1 READY (mirror) using ad4 at ata2-master\nSMP: AP CPU #1 Launched!\nTrying to mount root from ufs:/dev/ar0s1a\nad6: inserted into ar0 disk0 as spare\nad4: TIMEOUT - WRITE_DMA retrying (1 retry left) LBA=753183\nad4: TIMEOUT - WRITE_DMA retrying (1 retry left) LBA=753183\nad4: TIMEOUT - WRITE_DMA retrying (0 retries left) LBA=753183\nad4: TIMEOUT - WRITE_DMA retrying (1 retry left) LBA=773599\nad4: TIMEOUT - WRITE_DMA retrying (1 retry left) LBA=753183\nad4: TIMEOUT - WRITE_DMA retrying (1 retry left) LBA=753183\nad4: TIMEOUT - WRITE_DMA retrying (1 retry left) LBA=752839\nad4: TIMEOUT - WRITE_DMA retrying (1 retry left) LBA=752839\nad4: TIMEOUT - WRITE_DMA retrying (1 retry left) LBA=287\nad4: TIMEOUT - WRITE_DMA retrying (1 retry left) LBA=10953023\nad4: TIMEOUT - WRITE_DMA retrying (1 retry left) LBA=752839"
}