{
 "id": 404316,
 "bug_id": 115152,
 "attachment_id": 0,
 "creation_time": "2007-08-02T19:10:01Z",
 "creator": "tarkhil@over.ru",
 "text": "SATA disk connected to SiL 3512 SATA controller causes panic under moderate load.\n\nHere is my coredump backtrace:\n\nUnread portion of the kernel message buffer:\nad6: WARNING - SETFEATURES SET TRANSFER MODE taskqueue timeout - completing request directly\nad6: TIMEOUT - WRITE_DMA retrying (1 retry left) LBA=18829695\n\n\nFatal trap 12: page fault while in kernel mode\nfault virtual address   = 0x28\nfault code              = supervisor read, page not present\ninstruction pointer     = 0x20:0xc0695b74\nstack pointer           = 0x28:0xd568ec28\nframe pointer           = 0x28:0xd568ec30\ncode segment            = base 0x0, limit 0xfffff, type 0x1b\n                       = DPL 0, pres 1, def32 1, gran 1\nprocessor eflags        = interrupt enabled, resume, IOPL = 0\ncurrent process         = 18 (thread taskq)\ntrap number             = 12\npanic: page fault\nUptime: 38m41s\nDumping 511 MB (2 chunks)\n chunk 0: 1MB (160 pages) ... ok\n chunk 1: 511MB (130800 pages) 495 479 463 447 431 415 399 383 367 351 335 319 303 287 271 255 239 223 207 191 175 159 143 127 111 95 79 63 47 31 15\n\n#0  doadump () at pcpu.h:165\n165     pcpu.h: No such file or directory.\n       in pcpu.h\n(kgdb) bt\n#0  doadump () at pcpu.h:165\n#1  0xc06827ea in boot (howto=260) at /usr/src/sys/kern/kern_shutdown.c:409\n#2  0xc0682a80 in panic (fmt=0xc08f6895 \"%s\") at /usr/src/sys/kern/kern_shutdown.c:565\n#3  0xc08985f4 in trap_fatal (frame=0xd568ebe8, eva=40) at /usr/src/sys/i386/i386/trap.c:837\n#4  0xc089835b in trap_pfault (frame=0xd568ebe8, usermode=0, eva=40)\n   at /usr/src/sys/i386/i386/trap.c:745\n#5  0xc0897f99 in trap (frame=\n     {tf_fs = -1064435704, tf_es = -714604504, tf_ds = -1064239064, tf_edi = -1004877952, tf_esi = 0, tf_ebp = -714544080, tf_isp = -714544108, tf_ebx = -1004877952, tf_edx = 2, tf_ecx = -1019514112, tf_eax = 0, tf_trapno = 12, tf_err = 0, tf_eip = -1066837132, tf_cs = 32, tf_eflags = 590406, tf_esp = -1004877952, tf_ss = 0}) at /usr/src/sys/i386/i386/trap.c:435\n#6  0xc08856ca in calltrap () at /usr/src/sys/i386/i386/exception.s:139\n#7  0xc0695b74 in devclass_sysctl_init (dc=0x0) at /usr/src/sys/kern/subr_bus.c:215\n#8  0xc0695cf0 in device_sysctl_init (dev=0xc41ac780) at /usr/src/sys/kern/subr_bus.c:280\n#9  0xc0697b7a in device_attach (dev=0xc41ac780) at /usr/src/sys/kern/subr_bus.c:2375\n#10 0xc0697b64 in device_probe_and_attach (dev=0xc41ac780)\n   at /usr/src/sys/kern/subr_bus.c:2346\n#11 0xc069844a in bus_generic_attach (dev=0x0) at /usr/src/sys/kern/subr_bus.c:2883\n#12 0xc04c6814 in ata_identify (dev=0xc3404080) at /usr/src/sys/dev/ata/ata-all.c:718\n#13 0xc04c7462 in ata_sata_phy_event (context=0xc3cc6de0, dummy=1)\n   at /usr/src/sys/dev/ata/ata-chipset.c:273\n#14 0xc06a1e9b in taskqueue_run (queue=0xc3301d00) at /usr/src/sys/kern/subr_taskqueue.c:257\n#15 0xc06a22d6 in taskqueue_thread_loop (arg=0x0) at /usr/src/sys/kern/subr_taskqueue.c:376\n#16 0xc066c9d4 in fork_exit (callout=0xc06a2268 \u003ctaskqueue_thread_loop\u003e, arg=0xc09f8ba8,\n   frame=0xd568ed38) at /usr/src/sys/kern/kern_fork.c:830\n#17 0xc088572c in fork_trampoline () at /usr/src/sys/i386/i386/exception.s:208\n\ndmesg.boot:\n\nCopyright (c) 1992-2007 The FreeBSD Project.\nCopyright (c) 1979, 1980, 1983, 1986, 1988, 1989, 1991, 1992, 1993, 1994\n       The Regents of the University of California. All rights reserved.\nFreeBSD is a registered trademark of The FreeBSD Foundation.\nFreeBSD 6.2-STABLE #0: Thu Jul 26 10:27:14 MSD 2007\n   root@dbill.test.ru:/usr/obj/usr/src/sys/DBILL\nACPI APIC Table: \u003cGBT    AWRDACPI\u003e\nTimecounter \"i8254\" frequency 1193182 Hz quality 0\nCPU: Intel(R) Pentium(R) 4 CPU 2.40GHz (2411.60-MHz 686-class CPU)\n Origin = \"GenuineIntel\"  Id = 0xf24  Stepping = 4\n \nFeatures=0x3febfbff\u003cFPU,VME,DE,PSE,TSC,MSR,PAE,MCE,CX8,APIC,SEP,MTRR,PGE,MCA,CMOV,PAT,PSE36,CLFLUSH,DTS,ACPI,MMX,FXSR,SSE,SSE2,SS,\nHTT,TM\u003e\nreal memory  = 536805376 (511 MB)\navail memory = 515887104 (491 MB)\nioapic0 \u003cVersion 2.0\u003e irqs 0-23 on motherboard\nkbd1 at kbdmux0\nath_hal: 0.9.20.3 (AR5210, AR5211, AR5212, RF5111, RF5112, RF2413, RF5413)\nacpi0: \u003cGBT AWRDACPI\u003e on motherboard\nacpi0: Power Button (fixed)\ncpu0: \u003cACPI CPU\u003e on acpi0\nacpi_button0: \u003cPower Button\u003e on acpi0\nacpi_button1: \u003cSleep Button\u003e on acpi0\npcib0: \u003cACPI Host-PCI bridge\u003e port 0xcf8-0xcff,0x4000-0x40bf on acpi0\npci0: \u003cACPI PCI bus\u003e on pcib0\nagp0: \u003cIntel 82845G host to AGP bridge\u003e mem 0xd0000000-0xd7ffffff at device 0.0 on pci0\npcib1: \u003cPCI-PCI bridge\u003e at device 1.0 on pci0\npci1: \u003cPCI bus\u003e on pcib1\npci1: \u003cdisplay, VGA\u003e at device 0.0 (no driver attached)\nuhci0: \u003cIntel 82801DB (ICH4) USB controller USB-A\u003e port 0xb800-0xb81f irq 16 at device 29.0 on pci0\nuhci0: [GIANT-LOCKED]\nusb0: \u003cIntel 82801DB (ICH4) USB controller USB-A\u003e on uhci0\nusb0: USB revision 1.0\nuhub0: Intel UHCI root hub, class 9/0, rev 1.00/1.00, addr 1\nuhub0: 2 ports with 2 removable, self powered\nuhci1: \u003cIntel 82801DB (ICH4) USB controller USB-B\u003e port 0xb000-0xb01f irq 19 at device 29.1 on pci0\nuhci1: [GIANT-LOCKED]\nusb1: \u003cIntel 82801DB (ICH4) USB controller USB-B\u003e on uhci1\nusb1: USB revision 1.0\nuhub1: Intel UHCI root hub, class 9/0, rev 1.00/1.00, addr 1\nuhub1: 2 ports with 2 removable, self powered\nuhci2: \u003cIntel 82801DB (ICH4) USB controller USB-C\u003e port 0xb400-0xb41f irq 18 at device 29.2 on pci0\nuhci2: [GIANT-LOCKED]\nusb2: \u003cIntel 82801DB (ICH4) USB controller USB-C\u003e on uhci2\nusb2: USB revision 1.0\nuhub2: Intel UHCI root hub, class 9/0, rev 1.00/1.00, addr 1\nuhub2: 2 ports with 2 removable, self powered\nehci0: \u003cIntel 82801DB/L/M (ICH4) USB 2.0 controller\u003e mem 0xe4000000-0xe40003ff irq 23 at device 29.7 on pci0\nehci0: [GIANT-LOCKED]\nusb3: EHCI version 1.0\nusb3: companion controllers, 2 ports each: usb0 usb1 usb2\nusb3: \u003cIntel 82801DB/L/M (ICH4) USB 2.0 controller\u003e on ehci0\nusb3: USB revision 2.0\nuhub3: Intel EHCI root hub, class 9/0, rev 2.00/1.00, addr 1\nuhub3: 6 ports with 6 removable, self powered\npcib2: \u003cACPI PCI-PCI bridge\u003e at device 30.0 on pci0\npci2: \u003cACPI PCI bus\u003e on pcib2\nrl0: \u003cRealTek 8139 10/100BaseTX\u003e port 0x9000-0x90ff mem 0xe3000000-0xe30000ff irq 22 at device 2.0 on pci2\nmiibus0: \u003cMII bus\u003e on rl0\nrlphy0: \u003cRealTek internal media interface\u003e on miibus0\nrlphy0:  10baseT, 10baseT-FDX, 100baseTX, 100baseTX-FDX, auto\nrl0: Ethernet address: 00:50:22:82:db:6c\natapci0: \u003cSiI 3512 SATA150 controller\u003e port 0x9400-0x9407,0x9800-0x9803,0x9c00-0x9c07,0xa000-0xa003,0xa400-0xa40f mem 0xe3001000-0xe\n30011ff irq 18 at device 4.0 on pci2\nata2: \u003cATA channel 0\u003e on atapci0\nata3: \u003cATA channel 1\u003e on atapci0\nisab0: \u003cPCI-ISA bridge\u003e at device 31.0 on pci0\nisa0: \u003cISA bus\u003e on isab0\natapci1: \u003cIntel ICH4 UDMA100 controller\u003e port 0x1f0-0x1f7,0x3f6,0x170-0x177,0x376,0xf000-0xf00f at device 31.1 on pci0\nata0: \u003cATA channel 0\u003e on atapci1\nata1: \u003cATA channel 1\u003e on atapci1\npci0: \u003cserial bus, SMBus\u003e at device 31.3 (no driver attached)\npci0: \u003cmultimedia, audio\u003e at device 31.5 (no driver attached)\nfdc0: \u003cfloppy drive controller\u003e port 0x3f0-0x3f5,0x3f7 irq 6 drq 2 on acpi0\nfdc0: [FAST]\nsio0: \u003c16550A-compatible COM port\u003e port 0x3f8-0x3ff irq 4 flags 0x10 on acpi0\nsio0: type 16550A\nsio1: \u003c16550A-compatible COM port\u003e port 0x2f8-0x2ff irq 3 on acpi0\nsio1: type 16550A\nppc0: \u003cStandard parallel printer port\u003e port 0x378-0x37f irq 7 on acpi0\nppc0: Generic chipset (NIBBLE-only) in COMPATIBLE mode\nppbus0: \u003cParallel port bus\u003e on ppc0\nplip0: \u003cPLIP network interface\u003e on ppbus0\nlpt0: \u003cPrinter\u003e on ppbus0\nlpt0: Interrupt-driven port\nppi0: \u003cParallel I/O\u003e on ppbus0\natkbdc0: \u003cKeyboard controller (i8042)\u003e port 0x60,0x64 irq 1 on acpi0\natkbd0: \u003cAT Keyboard\u003e irq 1 on atkbdc0\nkbd0 at atkbd0\natkbd0: [GIANT-LOCKED]\npmtimer0 on isa0\norm0: \u003cISA Option ROM\u003e at iomem 0xcc000-0xd07ff on isa0\nsc0: \u003cSystem console\u003e at flags 0x100 on isa0\nsc0: VGA \u003c16 virtual consoles, flags=0x300\u003e\nvga0: \u003cGeneric ISA VGA\u003e at port 0x3c0-0x3df iomem 0xa0000-0xbffff on isa0\nTimecounter \"TSC\" frequency 2411602732 Hz quality 800\nTimecounters tick every 1.000 msec\nad0: 38166MB \u003cMAXTOR STM3402111A 3.AAJ\u003e at ata0-master UDMA100\nad6: 476940MB \u003cSeagate ST3500630NS 3.AEG\u003e at ata3-master SATA150\n\nFix: \n\nUse other hardware\nHow-To-Repeat: Connect disk and start to fill it with data"
}