{
 "id": 391729,
 "bug_id": 112461,
 "attachment_id": 0,
 "creation_time": "2007-05-06T13:00:11Z",
 "creator": "igorpopov@newmail.ru",
 "text": "I have motherboard(Asus A8N-E) that built on nforce4 chipset.  It has usb\n2.0 ports, but under FreeBSD with usb 2.0 flashdrive max speed near\n1.2Mb/s on file copying (my custom kernel has ehci driver).  That is\nusb1.[01] speed. But under both linux an windows with the same flashdrive\nspeed is near 10Mb/s.\n\nCopyright (c) 1992-2007 The FreeBSD Project.\nCopyright (c) 1979, 1980, 1983, 1986, 1988, 1989, 1991, 1992, 1993, 1994\n        The Regents of the University of California. All rights reserved.\nFreeBSD is a registered trademark of The FreeBSD Foundation.\nFreeBSD 6.2-RELEASE #0: Sat Jan 27 13:01:18 EET 2007\n    toor@unix.my.net:/usr/obj/usr/src/sys/SUPERKERNEL\nACPI APIC Table: \u003cNvidia AWRDACPI\u003e\nTimecounter \"i8254\" frequency 1193182 Hz quality 0\nCPU: AMD Athlon(tm) 64 Processor 3000+ (1809.28-MHz 686-class CPU)\n  Origin = \"AuthenticAMD\"  Id = 0x20ff2  Stepping = 2\n  Features=0x78bfbff\u003cFPU,VME,DE,PSE,TSC,MSR,PAE,MCE,CX8,APIC,SEP,MTRR,PGE,MCA,CM\nOV,PAT,PSE36,CLFLUSH,MMX,FXSR,SSE,SSE2\u003e\n  Features2=0x1\u003cSSE3\u003e\n  AMD Features=0xe2500800\u003cSYSCALL,NX,MMX+,FFXSR,LM,3DNow+,3DNow\u003e\n  AMD Features2=0x1\u003cLAHF\u003e\nreal memory  = 536805376 (511 MB)\navail memory = 507523072 (484 MB)\nioapic0 \u003cVersion 1.1\u003e irqs 0-23 on motherboard\nwlan: mac acl policy registered\nath_hal: 0.9.17.2 (AR5210, AR5211, AR5212, RF5111, RF5112, RF2413, RF5413)\nacpi0: \u003cNvidia AWRDACPI\u003e on motherboard\nacpi_bus_number: can't get _ADR\nacpi_bus_number: can't get _ADR\nacpi0: Power Button (fixed)\nacpi_bus_number: can't get _ADR\nacpi_bus_number: can't get _ADR\nTimecounter \"ACPI-fast\" frequency 3579545 Hz quality 1000\nacpi_timer0: \u003c24-bit timer at 3.579545MHz\u003e port 0x4008-0x400b on acpi0\ncpu0: \u003cACPI CPU\u003e on acpi0\nacpi_button0: \u003cPower Button\u003e on acpi0\npcib0: \u003cACPI Host-PCI bridge\u003e port 0xcf8-0xcff on acpi0\npci0: \u003cACPI PCI bus\u003e on pcib0\npci0: \u003cmemory\u003e at device 0.0 (no driver attached)\nisab0: \u003cPCI-ISA bridge\u003e at device 1.0 on pci0\nisa0: \u003cISA bus\u003e on isab0\nnfsmb0: \u003cnForce2/3/4 MCP SMBus Controller\u003e port 0xe400-0xe41f,0x4c00-0x4c3f,0x4c\n40-0x4c7f irq 20 at device 1.1 on pci0\nsmbus0: \u003cSystem Management Bus\u003e on nfsmb0\nsmb0: \u003cSMBus generic I/O\u003e on smbus0\nnfsmb1: \u003cnForce2/3/4 MCP SMBus Controller\u003e on nfsmb0\nsmbus1: \u003cSystem Management Bus\u003e on nfsmb1\nsmb1: \u003cSMBus generic I/O\u003e on smbus1\nohci0: \u003cOHCI (generic) USB controller\u003e mem 0xd3104000-0xd3104fff irq 21 at devic\ne 2.0 on pci0\nohci0: [GIANT-LOCKED]\nusb0: OHCI version 1.0, legacy support\nusb0: \u003cOHCI (generic) USB controller\u003e on ohci0\nusb0: USB revision 1.0\nuhub0: nVidia OHCI root hub, class 9/0, rev 1.00/1.00, addr 1\nuhub0: 10 ports with 10 removable, self powered\nehci0: \u003cNVIDIA nForce4 USB 2.0 controller\u003e mem 0xfeb00000-0xfeb000ff irq 22 at d\nevice 2.1 on pci0\nehci0: [GIANT-LOCKED]\nusb1: EHCI version 1.0\nusb1: companion controller, 4 ports each: usb0\nusb1: \u003cNVIDIA nForce4 USB 2.0 controller\u003e on ehci0\nusb1: USB revision 2.0\nuhub1: nVidia EHCI root hub, class 9/0, rev 2.00/1.00, addr 1\nuhub1: 10 ports with 10 removable, self powered\npcm0: \u003cnVidia nForce4\u003e port 0xdc00-0xdcff,0xe000-0xe0ff mem 0xd3103000-0xd3103ff\nf irq 23 at device 4.0 on pci0\npcm0: \u003cAvance Logic ALC850 AC97 Codec\u003e\natapci0: \u003cnVidia nForce CK804 UDMA133 controller\u003e port 0x1f0-0x1f7,0x3f6,0x170-0\nx177,0x376,0xf000-0xf00f at device 6.0 on pci0\nata0: \u003cATA channel 0\u003e on atapci0\nata1: \u003cATA channel 1\u003e on atapci0\natapci1: \u003cnVidia nForce CK804 SATA300 controller\u003e port 0x9f0-0x9f7,0xbf0-0xbf3,0\nx970-0x977,0xb70-0xb73,0xd800-0xd80f mem 0xd3102000-0xd3102fff irq 21 at device\n7.0 on pci0\nata2: \u003cATA channel 0\u003e on atapci1\nata3: \u003cATA channel 1\u003e on atapci1\natapci2: \u003cnVidia nForce CK804 SATA300 controller\u003e port 0x9e0-0x9e7,0xbe0-0xbe3,0\nx960-0x967,0xb60-0xb63,0xc400-0xc40f mem 0xd3101000-0xd3101fff irq 22 at device\n8.0 on pci0\nata4: \u003cATA channel 0\u003e on atapci2\nata5: \u003cATA channel 1\u003e on atapci2\npcib1: \u003cACPI PCI-PCI bridge\u003e at device 9.0 on pci0\npci5: \u003cACPI PCI bus\u003e on pcib1\nath0: \u003cAtheros 5212\u003e mem 0xd3000000-0xd300ffff irq 16 at device 6.0 on pci5\nath0: Ethernet address: 00:15:e9:a4:58:9b\nath0: mac 7.9 phy 4.5 radio 5.6\nnfe0: \u003cNVIDIA nForce4 CK804 MCP9 Networking Adapter\u003e port 0xb000-0xb007 mem 0xd3\n100000-0xd3100fff irq 23 at device 10.0 on pci0\nmiibus0: \u003cMII bus\u003e on nfe0\ne1000phy0: \u003cMarvell 88E1111 Gigabit PHY\u003e on miibus0\ne1000phy0:  10baseT, 10baseT-FDX, 100baseTX, 100baseTX-FDX, 1000baseTX-FDX, auto\nnfe0: Ethernet address: 00:17:31:13:8d:3f\nnfe0: [FAST]\npcib2: \u003cACPI PCI-PCI bridge\u003e at device 11.0 on pci0\npci4: \u003cACPI PCI bus\u003e on pcib2\npcib3: \u003cACPI PCI-PCI bridge\u003e at device 12.0 on pci0\npci3: \u003cACPI PCI bus\u003e on pcib3\npcib4: \u003cACPI PCI-PCI bridge\u003e at device 13.0 on pci0\npci2: \u003cACPI PCI bus\u003e on pcib4\npcib5: \u003cACPI PCI-PCI bridge\u003e at device 14.0 on pci0\npci1: \u003cACPI PCI bus\u003e on pcib5\nnvidia0: \u003cGeForce 7900 GT/GTO\u003e port 0xa000-0xa07f mem 0xd0000000-0xd0ffffff,0xc0\n000000-0xcfffffff,0xd1000000-0xd1ffffff irq 18 at device 0.0 on pci1\nnvidia0: [GIANT-LOCKED]\nacpi_tz0: \u003cThermal Zone\u003e on acpi0\nfdc0: \u003cfloppy drive controller\u003e port 0x3f0-0x3f5,0x3f7 irq 6 drq 2 on acpi0\nfdc0: [FAST]\nfd0: \u003c1440-KB 3.5\" drive\u003e on fdc0 drive 0\nsio0: \u003c16550A-compatible COM port\u003e port 0x3f8-0x3ff irq 4 flags 0x10 on acpi0\nsio0: type 16550A\nppc0: \u003cStandard parallel printer port\u003e port 0x378-0x37f irq 7 on acpi0\nppc0: Generic chipset (EPP/NIBBLE) in COMPATIBLE mode\nppbus0: \u003cParallel port bus\u003e on ppc0\nlpt0: \u003cPrinter\u003e on ppbus0\nlpt0: Interrupt-driven port\nppi0: \u003cParallel I/O\u003e on ppbus0\natkbdc0: \u003cKeyboard controller (i8042)\u003e port 0x60,0x64 irq 1 on acpi0\natkbd0: \u003cAT Keyboard\u003e irq 1 on atkbdc0\natkbd0: [GIANT-LOCKED]\npsm0: \u003cPS/2 Mouse\u003e irq 12 on atkbdc0\npsm0: [GIANT-LOCKED]\npsm0: model IntelliMouse, device ID 3\npmtimer0 on isa0\nsc0: \u003cSystem console\u003e at flags 0x100 on isa0\nsc0: VGA \u003c16 virtual consoles, flags=0x300\u003e\nsio1: configured irq 3 not in bitmap of probed irqs 0\nsio1: port may not be enabled\nvga0: \u003cGeneric ISA VGA\u003e at port 0x3c0-0x3df iomem 0xa0000-0xbffff on isa0\nTimecounter \"TSC\" frequency 1809282513 Hz quality 800\nTimecounters tick every 1.000 msec\nad0: 238475MB \u003cHDS722525VLAT80 V36OA6MA\u003e at ata0-master UDMA100\nacd0: DVDR \u003cASUS DRW-1608P/1.59\u003e at ata1-master UDMA66\nad1: 190782MB \u003cSeagate ST3200822AS 3.01\u003e at ata5-master SATA150\nTrying to mount root from ufs:/dev/ad0s2a\nath0: link state changed to UP\nnfe0: link state changed to UP\numass0: vendor 0x0457 USB Mass Storage Device, rev 2.00/1.00, addr 2\nda0 at umass-sim0 bus 0 target 0 lun 0\nda0: \u003cUSB 2.0 Flash Disk 0.00\u003e Removable Direct Access SCSI-2 device\nda0: 40.000MB/s transfers\nda0: 3920MB (8028160 512 byte sectors: 255H 63S/T 499C)\n\nHow-To-Repeat: always"
}