{
 "id": 392872,
 "bug_id": 112710,
 "attachment_id": 0,
 "creation_time": "2007-06-28T21:26:29Z",
 "creator": "wforms@Safe-mail.net",
 "text": "I tested this issue today using an OpenBSD 4.1 boot CD. The test  \nhardware is exactly the same system my original report and tests were  \nbased on, with only two minor exceptions:\n1., the ORDER of the \"5 bad\" network adapters may not be the same as  \nwith the original tests\n2., for this OpenBSD test I also had a 16MB USB pendrive (sd1)  \nconnected to dump dmesg to, which was not present for the FreeBSD and  \nLinux tests\n\nPlease notice how the 5 adapters all show the same \"incorrect\" MAC  \naddress under OpenBSD! Exactly as with FreeBSD. I guess this is  \nbecause FreeBSD and OpenBSD uses the same driver. Could somebody  \nconfirm that?! How about NetBSD ?\n\n\nOpenBSD 4.1 (RAMDISK_CD) #248: Sat Mar 10 19:32:46 MST 2007\n     deraadt@i386.openbsd.org:/usr/src/sys/arch/i386/compile/RAMDISK_CD\ncpu0: Intel Pentium III (\"GenuineIntel\" 686-class, 512KB L2 cache)  \n499 MHz\ncpu0:  \nFPU,V86,DE,PSE,TSC,MSR,PAE,MCE,CX8,APIC,SEP,MTRR,PGE,MCA,CMOV,PAT,PSE36, \nMMX,FXSR,SSE\nreal mem  = 536420352 (523848K)\navail mem = 483319808 (471992K)\nusing 4278 buffers containing 26943488 bytes (26312K) of memory\nmainbus0 (root)\nbios0 at mainbus0: AT/286+ BIOS, date 02/09/01, BIOS32 rev. 0 @ 0xfd5e1\npcibios0 at bios0: rev 2.1 @ 0xf0000/0xffff\npcibios0: PCI BIOS has 11 Interrupt Routing table entries\npcibios0: PCI Interrupt Router at 000:15:0 (\"ServerWorks OSB4\" rev 0x00)\npcibios0: PCI bus #0 is the last bus\nbios0: ROM list: 0xc0000/0x8000 0xc8000/0x5000\nacpi at mainbus0 not configured\ncpu0 at mainbus0\npci0 at mainbus0 bus 0: configuration mode 1 (no bios)\npchb0 at pci0 dev 0 function 0 \"ServerWorks CNB20-LE Host\" rev 0x04\npchb1 at pci0 dev 0 function 1 \"ServerWorks CNB20-LE Host\" rev 0x02\npci1 at pchb1 bus 1\nre0 at pci1 dev 2 function 0 \"Realtek 8169\" rev 0x10: RTL8169/8110SB  \n(0x1000), irq 15, address b2:43:a4:05:a4:05\nrgephy0 at re0 phy 7: RTL8169S/8110S PHY, rev. 3\nre1 at pci1 dev 3 function 0 \"Realtek 8169\" rev 0x10: RTL8169/8110SB  \n(0x1000), irq 9, address b2:43:a4:05:a4:05\nrgephy1 at re1 phy 7: RTL8169S/8110S PHY, rev. 3\nre2 at pci1 dev 4 function 0 \"Realtek 8169\" rev 0x10: RTL8169/8110SB  \n(0x1000), irq 10, address b2:43:a4:05:a4:05\nrgephy2 at re2 phy 7: RTL8169S/8110S PHY, rev. 3\nre3 at pci1 dev 5 function 0 \"Realtek 8169\" rev 0x10: RTL8169/8110SB  \n(0x1000), irq 11, address b2:43:a4:05:a4:05\nrgephy3 at re3 phy 7: RTL8169S/8110S PHY, rev. 3\nre4 at pci0 dev 1 function 0 \"Realtek 8169\" rev 0x10: RTL8169/8110SB  \n(0x1000), irq 11, address b2:43:a4:05:a4:05\nrgephy4 at re4 phy 7: RTL8169S/8110S PHY, rev. 3\nahc0 at pci0 dev 6 function 0 \"Adaptec AIC-7895\" rev 0x04: irq 15\nscsibus0 at ahc0: 16 targets\nahc1 at pci0 dev 6 function 1 \"Adaptec AIC-7895\" rev 0x04: irq 10\nscsibus1 at ahc1: 16 targets\nsd0 at scsibus1 targ 0 lun 0: \u003cQUANTUM, QM39100TD-SCA, N1K0\u003e SCSI2 0/ \ndirect fixed\nsd0: 8683MB, 8057 cyl, 10 head, 220 sec, 512 bytes/sec, 17783249 sec  \ntotal\nst0 at scsibus1 targ 6 lun 0: \u003cSeagate, STT20000N, 7A64\u003e SCSI2 1/ \nsequential removable\nscsibus1 targ 14 lun 0: \u003cSDR, GEM200, 2\u003e SCSI2 3/processor fixed not  \nconfigured\npcn0 at pci0 dev 9 function 0 \"AMD 79c970 PCnet-PCI\" rev 0x36,  \nAm79c972, rev 6: irq 11, address 00:06:29:50:d9:9e\nnsphyter0 at pcn0 phy 1: DP83843 10/100 PHY, rev. 0\nukphy0 at pcn0 phy 31: Generic IEEE 802.3u media interface, rev. 1:  \nOUI 0x00001a, model 0x0001\nifmedia_set: no match for 0x20/0xffffffff\nvga1 at pci0 dev 10 function 0 \"S3 Trio64V2/DX\" rev 0x16\nwsdisplay0 at vga1 mux 1: console (80x25, vt100 emulation)\npcib0 at pci0 dev 15 function 0 \"ServerWorks OSB4\" rev 0x4d\npciide0 at pci0 dev 15 function 1 \"ServerWorks IDE\" rev 0x4a: DMA  \n(unsupported), channel 0 configured to compatibility, channel 1  \nconfigured to compatibility\natapiscsi0 at pciide0 channel 0 drive 0\nscsibus2 at atapiscsi0: 2 targets\ncd0 at scsibus2 targ 0 lun 0: \u003cSONY, CD-ROM CDU701-F, 1.0s\u003e SCSI0 5/ \ncdrom removable\npciide0: no compatibility interrupt for use by channel 1\nohci0 at pci0 dev 15 function 2 \"ServerWorks OSB4/CSB5 USB\" rev 0x04:  \nirq 10, version 1.0, legacy support\nusb0 at ohci0: USB revision 1.0\nuhub0 at usb0\nuhub0: ServerWorks OHCI root hub, rev 1.00/1.00, addr 1\nuhub0: 2 ports with 2 removable, self powered\nisa0 at pcib0\nisadma0 at isa0\npckbc0 at isa0 port 0x60/5\npckbd0 at pckbc0 (kbd slot)\npckbc0: using irq 1 for kbd slot\nwskbd0 at pckbd0: console keyboard, using wsdisplay0\nnpx0 at isa0 port 0xf0/16: reported by CPUID; using exception 16\npccom0 at isa0 port 0x3f8/8 irq 4: ns16550a, 16 byte fifo\npccom1 at isa0 port 0x2f8/8 irq 3: ns16550a, 16 byte fifo\nfdc0 at isa0 port 0x3f0/6 irq 6 drq 2\nfd0 at fdc0 drive 0: 1.44MB 80 cyl, 2 head, 18 sec\nbiomask f5e5 netmask ffe5 ttymask ffe7\nrd0: fixed, 3800 blocks\numass0 at uhub0 port 2 configuration 1 interface 0\numass0: vendor 0x0c76 product 0x0005, rev 1.10/1.00, addr 2\numass0: using SCSI over Bulk-Only\nscsibus3 at umass0: 2 targets\nsd1 at scsibus3 targ 1 lun 0: \u003cEasy, Disk, 1.00\u003e SCSI2 0/direct  \nremovable\nsd1: 15MB, 15 cyl, 64 head, 32 sec, 512 bytes/sec, 31263 sec total\nahc1: target 0 using 16bit transfers\nahc1: target 0 synchronous at 5.7MHz, offset = 0x8\ndkcsum: sd0 matches BIOS drive 0x80\nroot on rd0a\nrootdev=0x1100 rrootdev=0x2f00 rawdev=0x2f02\nsd1(umass0:1:0): Check Condition (error 0x70) on opcode 0x2a\n     SENSE KEY: Write Protected\n      ASC/ASCQ: ASC 0x27 ASCQ 0x00\numass0: at uhub0 port 2 (addr 2) disconnected\nsd1 detached\nscsibus3 detached\numass0 detached\numass0 at uhub0 port 2 configuration 1 interface 0\numass0: vendor 0x0c76 product 0x0005, rev 1.10/1.00, addr 2\numass0: using SCSI over Bulk-Only\nscsibus3 at umass0: 2 targets\nsd1 at scsibus3 targ 1 lun 0: \u003cEasy, Disk, 1.00\u003e SCSI2 0/direct  \nremovable\nsd1: 15MB, 15 cyl, 64 head, 32 sec, 512 bytes/sec, 31263 sec total\numass0: at uhub0 port 2 (addr 2) disconnected\nsd1 detached\nscsibus3 detached\numass0 detached\numass0 at uhub0 port 2 configuration 1 interface 0\numass0: vendor 0x0c76 product 0x0005, rev 1.10/1.00, addr 2\numass0: using SCSI over Bulk-Only\nscsibus3 at umass0: 2 targets\nsd1 at scsibus3 targ 1 lun 0: \u003cEasy, Disk, 1.00\u003e SCSI2 0/direct  \nremovable\nsd1: 15MB, 15 cyl, 64 head, 32 sec, 512 bytes/sec, 31263 sec total\n\nRegards,\nKeve"
}