{
 "id": 392867,
 "bug_id": 112710,
 "attachment_id": 0,
 "creation_time": "2007-05-16T14:00:10Z",
 "creator": "wforms@Safe-mail.net",
 "text": "  I just purchased 8 pieces of cheap gigabit ethernet cards to turn an old PIII into an internal router. All NICs are \"SMC9452TX-1\" type 32-bit PCI 10/100/1000 single RJ45 and carry a chip labelled \"RTL8169SC 68102S1 G643 TAIWAN\".\nSerial number and MAC address printed on back of the PCB (sticker):\nENG70400759\t0013f766b8f5\nENG70400758\t0013f766b8f1\nENG70400744\t0013f766b762\nENG70400708\t0013f766b782\nENG70400752\t0013f766b8ef\nENG70400751\t0013f766b8f3\nENG70400707\t0013f766b784\nENG70400753\t0013f766b75d\n\n  From now on I refer to the top 5 of these as BAD cards while the bottom 3 will be referred to as GOOD cards. See later why! Under FreeBSD 6.2R all the cards are detected by the if_re driver as \"re#: \u003cRealTek 8169SB/8110SB Single-chip Gigabit Ethernet\u003e\". \n  Remember! The cards are exactly the same type, they were purchased together at the same shop at the same time, and I found no visible differences between them. Not on the PCB, not on labels, not in messages or version numbers spat out by firmware, driver, etc. Their product serial number also proves that they are from the same manufacturing series.\n\n[Problem]\n=========\n  For the 5 \"bad\" cards the if_re.ko driver detects an incorrect b2:43:a4:05:a4:05 MAC address while for the 3 \"good\" cards the expected and above listed correct MAC addresses are displayed. If multiple numbers of the \"bad\" cards are installed they all report to have the same \"fake\" b243a405a405 address. No matter in which order, which pci slot the cards are inserted. The 5 \"bad\" ones always appear to have the fake MAC address (always that same one fake MAC address, for each and all of the bad cards) while the 3 \"good\" ones always report the correct MAC address. Mixing the good cards with the bad cards cahnges nothing. The good ones are good, the bad ones are bad.\n  The cards have also been tested in another PC, a Pentium D dual core IBM ThinkCentre. Same results. The \"bad\" cards consistently report the fake MAC address while the \"good\" cards report the correct ones. (tested one card at a time, as this ThinkCentre had only one spare PCI slot) Besides reporting the fake MAC address the \"bad\" cards operated fine. I used one of the \"bad\" cards in my desktop PC for a 48 hour period without any trouble or error (no other \"bad\" cards were present on the network during this time, of course).\n  Having the if_re driver compiled into the kernel, having it loaded from loader.conf OR even from the command line with kldload makes absolutely no difference.\n\nSo far, it seems to be a classic manufacturing error with the burnt-in MAC address being messed up.\n  Here comes the surprise! Running a test on the same machine where the problems were detected, using the same cards but this time running a Debian based Linux disk (uhu-linux 2.0), all the cards behaved perfectly. Not one reported the fake MAC address I experienced under FreeBSD. Each and every single card reported its expected MAC address, regardless of their pci slot location, order, or grouping layout. The \"bad\" and \"good\" cards behaved equally well.\n\n  So the problem is most probably around how the if_re driver gets the MAC address of these cards under FreeBSD. For some reason, the method produces the correct result for 3 of my cards and returns the same incorrect result for other 5 of them. The results are consistent using the 6.2R boot CD, the 6.2R kernel installed by default and my custom kernel (under 6.2R, -p3 and -p4).\n\n  I include the dmesg output from my Netfinity 5000 equipped with the 5 \"bad\" gigabit cards. Both the FreeBSD 6.2 and the Linux output are included. Please see how re0 .. re4 reports to have the fake MAC address under FreeBSD, and how the exact same hardware configuration reports to have the correct MAC addresses under Linux! Same hardware setup, only the bootdisk was changed from FreeBSD to Linux.\n  I also include the \"ifconfig\" output from both FreeBSD and Linux. The incorrect and correct MAC addresses are clearly visible here as well.\n\nFreeBSD dmesg on my Netfinity with the 5 \"bad\" cards inserted:\n--------------------------------------------------------------\nCopyright (c) 1992-2007 The FreeBSD Project.\nCopyright (c) 1979, 1980, 1983, 1986, 1988, 1989, 1991, 1992, 1993, 1994\n\tThe Regents of the University of California. All rights reserved.\nFreeBSD is a registered trademark of The FreeBSD Foundation.\nFreeBSD 6.2-RELEASE-p3 #1: Wed Apr 25 15:59:41 CEST 2007\n    root@:/usr/obj/usr/src/sys/Netfinity5k\nTimecounter \"i8254\" frequency 1193182 Hz quality 0\nCPU: Pentium III/Pentium III Xeon/Celeron (498.67-MHz 686-class CPU)\n  Origin = \"GenuineIntel\"  Id = 0x673  Stepping = 3\n  Features=0x383fbff\u003cFPU,VME,DE,PSE,TSC,MSR,PAE,MCE,CX8,APIC,SEP,MTRR,PGE,MCA,CMOV,PAT,PSE36,MMX,FXSR,SSE\u003e\nreal memory  = 536854528 (511 MB)\navail memory = 519991296 (495 MB)\nACPI APIC Table: \u003cIBM    SERMOHIC\u003e\nFreeBSD/SMP: Multiprocessor System Detected: 2 CPUs\n cpu0 (BSP): APIC ID:  1\n cpu1 (AP): APIC ID:  0\nMADT: Forcing active-low polarity and level trigger for SCI\nioapic0 \u003cVersion 1.1\u003e irqs 0-23 on motherboard\nkbd1 at kbdmux0\nacpi0: \u003cIBM SERMOHIC\u003e on motherboard\nacpi0: Power Button (fixed)\nTimecounter \"ACPI-fast\" frequency 3579545 Hz quality 1000\nacpi_timer0: \u003c24-bit timer at 3.579545MHz\u003e port 0xfe88-0xfe8b on acpi0\ncpu0: \u003cACPI CPU\u003e on acpi0\ncpu1: \u003cACPI CPU\u003e on acpi0\npcib0: \u003cACPI Host-PCI bridge\u003e port 0xcf8-0xcff on acpi0\npci0: \u003cACPI PCI bus\u003e on pcib0\nre0: \u003cRealTek 8169SB/8110SB Single-chip Gigabit Ethernet\u003e port 0x2000-0x20ff mem 0xfebffc00-0xfebffcff irq 18 at device 1.0 on pci0\nmiibus0: \u003cMII bus\u003e on re0\nrgephy0: \u003cRTL8169S/8110S media interface\u003e on miibus0\nrgephy0:  10baseT, 10baseT-FDX, 100baseTX, 100baseTX-FDX, 1000baseTX, 1000baseTX-FDX, auto\nre0: Ethernet address: b2:43:a4:05:a4:05\nre0: [FAST]\nahc0: \u003cAdaptec aic7895 Ultra SCSI adapter\u003e port 0x2200-0x22ff mem 0xfebfe000-0xfebfefff irq 16 at device 6.0 on pci0\nahc0: [GIANT-LOCKED]\naic7895C: Ultra Wide Channel A, SCSI Id=7, 32/253 SCBs\nahc1: \u003cAdaptec aic7895 Ultra SCSI adapter\u003e port 0x2300-0x23ff mem 0xfebfd000-0xfebfdfff irq 16 at device 6.1 on pci0\nahc1: [GIANT-LOCKED]\naic7895C: Ultra Wide Channel B, SCSI Id=7, 32/253 SCBs\npci0: \u003cnetwork, ethernet\u003e at device 9.0 (no driver attached)\npci0: \u003cdisplay, VGA\u003e at device 10.0 (no driver attached)\nisab0: \u003cPCI-ISA bridge\u003e port 0xfe00-0xfe0f at device 15.0 on pci0\nisa0: \u003cISA bus\u003e on isab0\natapci0: \u003cGENERIC ATA controller\u003e port 0x1f0-0x1f7,0x3f6,0x170-0x177,0x376,0xffa0-0xffaf irq 18 at device 15.1 on pci0\nata0: \u003cATA channel 0\u003e on atapci0\nata1: \u003cATA channel 1\u003e on atapci0\nohci0: \u003cOHCI (generic) USB controller\u003e mem 0xff700000-0xff700fff irq 18 at device 15.2 on pci0\nohci0: [GIANT-LOCKED]\nusb0: OHCI version 1.0, legacy support\nusb0: \u003cOHCI (generic) USB controller\u003e on ohci0\nusb0: USB revision 1.0\nuhub0: (0x1166) OHCI root hub, class 9/0, rev 1.00/1.00, addr 1\nuhub0: 2 ports with 2 removable, self powered\npcib1: \u003cACPI Host-PCI bridge\u003e on acpi0\npci1: \u003cACPI PCI bus\u003e on pcib1\nre1: \u003cRealTek 8169SB/8110SB Single-chip Gigabit Ethernet\u003e port 0x4b00-0x4bff mem 0xc0fdfc00-0xc0fdfcff irq 19 at device 2.0 on pci1\nmiibus1: \u003cMII bus\u003e on re1\nrgephy1: \u003cRTL8169S/8110S media interface\u003e on miibus1\nrgephy1:  10baseT, 10baseT-FDX, 100baseTX, 100baseTX-FDX, 1000baseTX, 1000baseTX-FDX, auto\nre1: Ethernet address: b2:43:a4:05:a4:05\nre1: [FAST]\nre2: \u003cRealTek 8169SB/8110SB Single-chip Gigabit Ethernet\u003e port 0x4c00-0x4cff mem 0xc0fdf800-0xc0fdf8ff irq 19 at device 3.0 on pci1\nmiibus2: \u003cMII bus\u003e on re2\nrgephy2: \u003cRTL8169S/8110S media interface\u003e on miibus2\nrgephy2:  10baseT, 10baseT-FDX, 100baseTX, 100baseTX-FDX, 1000baseTX, 1000baseTX-FDX, auto\nre2: Ethernet address: b2:43:a4:05:a4:05\nre2: [FAST]\nre3: \u003cRealTek 8169SB/8110SB Single-chip Gigabit Ethernet\u003e port 0x4d00-0x4dff mem 0xc0fdf400-0xc0fdf4ff irq 22 at device 4.0 on pci1\nmiibus3: \u003cMII bus\u003e on re3\nrgephy3: \u003cRTL8169S/8110S media interface\u003e on miibus3\nrgephy3:  10baseT, 10baseT-FDX, 100baseTX, 100baseTX-FDX, 1000baseTX, 1000baseTX-FDX, auto\nre3: Ethernet address: b2:43:a4:05:a4:05\nre3: [FAST]\nre4: \u003cRealTek 8169SB/8110SB Single-chip Gigabit Ethernet\u003e port 0x4e00-0x4eff mem 0xc0fdf000-0xc0fdf0ff irq 22 at device 5.0 on pci1\nmiibus4: \u003cMII bus\u003e on re4\nrgephy4: \u003cRTL8169S/8110S media interface\u003e on miibus4\nrgephy4:  10baseT, 10baseT-FDX, 100baseTX, 100baseTX-FDX, 1000baseTX, 1000baseTX-FDX, auto\nre4: Ethernet address: b2:43:a4:05:a4:05\nre4: [FAST]\natkbdc0: \u003cKeyboard controller (i8042)\u003e port 0x60,0x64 irq 1 on acpi0\natkbd0: \u003cAT Keyboard\u003e irq 1 on atkbdc0\nkbd0 at atkbd0\natkbd0: [GIANT-LOCKED]\nfdc0: \u003cfloppy drive controller\u003e port 0x3f0-0x3f5,0x3f7 irq 6 drq 2 on acpi0\nfdc0: [FAST]\nfd0: \u003c1440-KB 3.5\" drive\u003e on fdc0 drive 0\nppc0: \u003cStandard parallel printer port\u003e port 0x378-0x37f irq 7 on acpi0\nppc0: Generic chipset (NIBBLE-only) in COMPATIBLE mode\nppbus0: \u003cParallel port bus\u003e on ppc0\nlpt0: \u003cPrinter\u003e on ppbus0\nlpt0: Interrupt-driven port\nppi0: \u003cParallel I/O\u003e on ppbus0\nsio0: \u003c16550A-compatible COM port\u003e port 0x3f8-0x3ff irq 4 flags 0x10 on acpi0\nsio0: type 16550A\nsio1: \u003c16550A-compatible COM port\u003e port 0x2f8-0x2ff irq 3 on acpi0\nsio1: type 16550A\npmtimer0 on isa0\norm0: \u003cISA Option ROMs\u003e at iomem 0xc0000-0xc7fff,0xc8000-0xccfff on isa0\nsc0: \u003cSystem console\u003e at flags 0x100 on isa0\nsc0: VGA \u003c10 virtual consoles, flags=0x300\u003e\nvga0: \u003cGeneric ISA VGA\u003e at port 0x3c0-0x3df iomem 0xa0000-0xbffff on isa0\nTimecounters tick every 1.000 msec\nsa0 at ahc1 bus 0 target 6 lun 0\nsa0: \u003cSeagate STT20000N 7A64\u003e Removable Sequential Access SCSI-2 device \nsa0: 5.813MB/s transfers (5.813MHz, offset 15)\npass2 at ahc1 bus 0 target 14 lun 0\npass2: \u003cSDR GEM200 2\u003e Fixed Processor SCSI-2 device \npass2: 3.300MB/s transfers\nSMP: AP CPU #1 Launched!\nda0 at ahc1 bus 0 target 0 lun 0\nda0: \u003cIBM-PSG DNES-309170Y  !# SC30\u003e Fixed Direct Access SCSI-3 device \nda0: 11.626MB/s transfers (5.813MHz, offset 8, 16bit), Tagged Queueing Enabled\nda0: 8678MB (17774160 512 byte sectors: 255H 63S/T 1106C)\nTrying to mount root from ufs:/dev/da0s1a\n\nLinux dmesg on my Netfinity with the 5 \"bad\" cards inserted:\n------------------------------------------------------------\n[17179569.184000] Linux version 2.6.17.6-10 (uhubuild@build) (gcc version 3.4.6) #1 SMP Mon Aug 21 11:06:08 CEST 2006\n[17179569.184000] BIOS-provided physical RAM map:\n[17179569.184000]  BIOS-e820: 0000000000000000 - 000000000009e000 (usable)\n[17179569.184000]  BIOS-e820: 000000000009e000 - 00000000000a0000 (reserved)\n[17179569.184000]  BIOS-e820: 00000000000e0000 - 0000000000100000 (reserved)\n[17179569.184000]  BIOS-e820: 0000000000100000 - 000000001fffc340 (usable)\n[17179569.184000]  BIOS-e820: 000000001fffc340 - 0000000020000000 (ACPI data)\n[17179569.184000]  BIOS-e820: 00000000fec00000 - 00000000fec01000 (reserved)\n[17179569.184000]  BIOS-e820: 00000000fee00000 - 00000000fee01000 (reserved)\n[17179569.184000]  BIOS-e820: 00000000fff80000 - 0000000100000000 (reserved)\n[17179569.184000] 0MB HIGHMEM available.\n[17179569.184000] 511MB LOWMEM available.\n[17179569.184000] found SMP MP-table at 0009e1d0\n[17179569.184000] On node 0 totalpages: 131068\n[17179569.184000]   DMA zone: 4096 pages, LIFO batch:0\n[17179569.184000]   Normal zone: 126972 pages, LIFO batch:31\n[17179569.184000] DMI 2.1 present.\n[17179569.184000] ACPI: RSDP (v000 IBM                                   ) @ 0x000fdec0\n[17179569.184000] ACPI: RSDT (v001 IBM    SERMOHIC 0x00001001 IBM  0x00000000) @ 0x1fffff80\n[17179569.184000] ACPI: FADT (v001 IBM    SERMOHIC 0x00001001 IBM  0x00000000) @ 0x1fffff00\n[17179569.184000] ACPI: MADT (v001 IBM    SERMOHIC 0x00001001 IBM  0x00000000) @ 0x1ffffe80\n[17179569.184000] ACPI: DSDT (v001 IBM    SERMOHIC 0x00001000 MSFT 0x0100000b) @ 0x00000000\n[17179569.184000] ACPI: PM-Timer IO Port: 0xfe88\n[17179569.184000] ACPI: Local APIC address 0xfee00000\n[17179569.184000] ACPI: LAPIC (acpi_id[0x00] lapic_id[0x01] enabled)\n[17179569.184000] Processor #1 6:7 APIC version 17\n[17179569.184000] ACPI: LAPIC (acpi_id[0x01] lapic_id[0x00] enabled)\n[17179569.184000] Processor #0 6:7 APIC version 17\n[17179569.184000] ACPI: IOAPIC (id[0x0e] address[0xfec00000] gsi_base[0])\n[17179569.184000] IOAPIC[0]: apic_id 14, version 17, address 0xfec00000, GSI 0-23\n[17179569.184000] ACPI: INT_SRC_OVR (bus 0 bus_irq 0 global_irq 2 dfl dfl)\n[17179569.184000] ACPI: IRQ0 used by override.\n[17179569.184000] ACPI: IRQ2 used by override.\n[17179569.184000] ACPI: IRQ9 used by override.\n[17179569.184000] ACPI: NMI_SRC (dfl dfl global_irq 20)\n[17179569.184000] Enabling APIC mode:  Flat.  Using 1 I/O APICs\n[17179569.184000] Using ACPI (MADT) for SMP configuration information\n[17179569.184000] Allocating PCI resources starting at 30000000 (gap: 20000000:dec00000)\n[17179569.184000] Built 1 zonelists\n[17179569.184000] Kernel command line: root=/dev/sda1 lang=hu\n[17179569.184000] mapped APIC to ffffd000 (fee00000)\n[17179569.184000] mapped IOAPIC to ffffc000 (fec00000)\n[17179569.184000] Enabling fast FPU save and restore... done.\n[17179569.184000] Enabling unmasked SIMD FPU exception support... done.\n[17179569.184000] Initializing CPU#0\n[17179569.184000] PID hash table entries: 2048 (order: 11, 8192 bytes)\n[17179569.184000] Detected 498.808 MHz processor.\n[17179569.184000] Using pmtmr for high-res timesource\n[17179569.184000] Console: colour VGA+ 80x25\n[17179571.564000] Dentry cache hash table entries: 65536 (order: 6, 262144 bytes)\n[17179571.568000] Inode-cache hash table entries: 32768 (order: 5, 131072 bytes)\n[17179571.640000] Memory: 510300k/524272k available (3154k kernel code, 13360k reserved, 1276k data, 292k init, 0k highmem)\n[17179571.720000] Calibrating delay using timer specific routine.. 999.74 BogoMIPS (lpj=1999496)\n[17179571.724000] kdb version 4.4 by Keith Owens, Scott Lurndal. Copyright SGI, All Rights Reserved\n[17179571.724000] Security Framework v1.0.0 initialized\n[17179571.724000] Mount-cache hash table entries: 512\n[17179571.724000] CPU: After generic identify, caps: 0383fbff 00000000 00000000 00000000 00000000 00000000 00000000\n[17179571.724000] CPU: After vendor identify, caps: 0383fbff 00000000 00000000 00000000 00000000 00000000 00000000\n[17179571.724000] CPU: L1 I cache: 16K, L1 D cache: 16K\n[17179571.724000] CPU: L2 cache: 512K\n[17179571.724000] CPU: After all inits, caps: 0383fbff 00000000 00000000 00000040 00000000 00000000 00000000\n[17179571.724000] Intel machine check architecture supported.\n[17179571.724000] Intel machine check reporting enabled on CPU#0.\n[17179571.724000] Checking 'hlt' instruction... OK.\n[17179571.740000] SMP alternatives: switching to UP code\n[17179571.740000] checking if image is initramfs...it isn't (bad gzip magic numbers); looks like an initrd\n[17179571.776000] Freeing initrd memory: 3444k freed\n[17179571.788000] CPU0: Intel Pentium III (Katmai) stepping 03\n[17179571.788000] SMP alternatives: switching to SMP code\n[17179571.788000] Booting processor 1/0 eip 3000\n[17179571.800000] Initializing CPU#1\n[17179571.880000] Calibrating delay using timer specific routine.. 997.44 BogoMIPS (lpj=1994892)\n[17179571.880000] CPU: After generic identify, caps: 0387fbff 00000000 00000000 00000000 00000000 00000000 00000000\n[17179571.880000] CPU: After vendor identify, caps: 0387fbff 00000000 00000000 00000000 00000000 00000000 00000000\n[17179571.880000] CPU: L1 I cache: 16K, L1 D cache: 16K\n[17179571.880000] CPU: L2 cache: 512K\n[17179571.880000] CPU serial number disabled.\n[17179571.880000] CPU: After all inits, caps: 0383fbff 00000000 00000000 00000040 00000000 00000000 00000000\n[17179571.880000] Intel machine check architecture supported.\n[17179571.880000] Intel machine check reporting enabled on CPU#1.\n[17179571.880000] CPU1: Intel Pentium III (Katmai) stepping 03\n[17179571.880000] Total of 2 processors activated (1997.19 BogoMIPS).\n[17179571.880000] ENABLING IO-APIC IRQs\n[17179571.880000] ..TIMER: vector=0x31 apic1=0 pin1=2 apic2=-1 pin2=-1\n[17179572.024000] checking TSC synchronization across 2 CPUs: passed.\n[17179572.028000] Brought up 2 CPUs\n[17179572.208000] migration_cost=8000\n[17179572.208000] Time: 15:27:26  Date: 03/27/107\n[17179572.208000] NET: Registered protocol family 16\n[17179572.208000] EISA bus registered\n[17179572.208000] ACPI: bus type pci registered\n[17179572.208000] PCI: PCI BIOS revision 2.10 entry at 0xfd61c, last bus=1\n[17179572.208000] Setting up standard PCI resources\n[17179572.216000] mtrr: your CPUs had inconsistent fixed MTRR settings\n[17179572.216000] mtrr: probably your BIOS does not setup all CPUs.\n[17179572.216000] mtrr: corrected configuration.\n[17179572.216000] ACPI: Subsystem revision 20060127\n[17179572.228000] ACPI: Interpreter enabled\n[17179572.228000] ACPI: Using IOAPIC for interrupt routing\n[17179572.228000] ACPI: PCI Root Bridge [PCI0] (0000:00)\n[17179572.228000] PCI: Probing PCI hardware (bus 00)\n[17179572.236000] Boot video device is 0000:00:0a.0\n[17179572.236000] PCI: Ignoring BAR0-3 of IDE controller 0000:00:0f.1\n[17179572.236000] ACPI: PCI Interrupt Routing Table [\\_SB_.PCI0._PRT]\n[17179572.264000] ACPI: PCI Interrupt Link [LKSA] (IRQs 16) *15\n[17179572.268000] ACPI: PCI Interrupt Link [LKSB] (IRQs 16) *10\n[17179572.268000] ACPI: PCI Interrupt Link [LKVI] (IRQs 3 4 5 7 *9 10 11 12 14 15)\n[17179572.268000] ACPI: PCI Interrupt Link [LKNE] (IRQs 17) *11\n[17179572.272000] ACPI: PCI Interrupt Link [LKUB] (IRQs 18) *10\n[17179572.272000] ACPI: PCI Interrupt Link [LK1A] (IRQs 18) *11\n[17179572.272000] ACPI: PCI Interrupt Link [LK1B] (IRQs 18) *0, disabled.\n[17179572.276000] ACPI: PCI Interrupt Link [LK1C] (IRQs 18) *0, disabled.\n[17179572.276000] ACPI: PCI Interrupt Link [LK1D] (IRQs 18) *0, disabled.\n[17179572.276000] ACPI: PCI Root Bridge [PCI1] (0000:01)\n[17179572.276000] PCI: Probing PCI hardware (bus 01)\n[17179572.284000] ACPI: PCI Interrupt Routing Table [\\_SB_.PCI1._PRT]\n[17179572.300000] ACPI: PCI Interrupt Link [LK2A] (IRQs 19) *15\n[17179572.304000] ACPI: PCI Interrupt Link [LK2B] (IRQs 19) *0, disabled.\n[17179572.304000] ACPI: PCI Interrupt Link [LK2C] (IRQs 19) *0, disabled.\n[17179572.304000] ACPI: PCI Interrupt Link [LK2D] (IRQs 19) *0, disabled.\n[17179572.304000] ACPI: PCI Interrupt Link [LK3A] (IRQs 19) *9\n[17179572.308000] ACPI: PCI Interrupt Link [LK3B] (IRQs 19) *0, disabled.\n[17179572.308000] ACPI: PCI Interrupt Link [LK3C] (IRQs 19) *0, disabled.\n[17179572.308000] ACPI: PCI Interrupt Link [LK3D] (IRQs 19) *0, disabled.\n[17179572.312000] ACPI: PCI Interrupt Link [LK4A] (IRQs 22) *10\n[17179572.312000] ACPI: PCI Interrupt Link [LK4B] (IRQs 22) *0, disabled.\n[17179572.312000] ACPI: PCI Interrupt Link [LK4C] (IRQs 22) *0, disabled.\n[17179572.316000] ACPI: PCI Interrupt Link [LK4D] (IRQs 22) *0, disabled.\n[17179572.316000] ACPI: PCI Interrupt Link [LK5A] (IRQs 22) *11\n[17179572.316000] ACPI: PCI Interrupt Link [LK5B] (IRQs 22) *0, disabled.\n[17179572.320000] ACPI: PCI Interrupt Link [LK5C] (IRQs 22) *0, disabled.\n[17179572.320000] ACPI: PCI Interrupt Link [LK5D] (IRQs 22) *0, disabled.\n[17179572.320000] Linux Plug and Play Support v0.97 (c) Adam Belay\n[17179572.320000] pnp: PnP ACPI init\n[17179572.336000] pnp: PnP ACPI: found 17 devices\n[17179572.336000] PnPBIOS: Disabled by ACPI PNP\n[17179572.336000] PCI: Using ACPI for IRQ routing\n[17179572.336000] PCI: If a device doesn't work, try \"pci=routeirq\".  If it helps, post a report\n[17179572.336000] TC classifier action (bugs to netdev@vger.kernel.org cc hadi@cyberus.ca)\n[17179572.340000] pnp: 00:0c: ioport range 0xf50-0xf58 has been reserved\n[17179572.340000] pnp: 00:0c: ioport range 0xfd00-0xfd3f has been reserved\n[17179572.340000] pnp: 00:0c: ioport range 0xfe80-0xfebf could not be reserved\n[17179572.340000] pnp: 00:0c: ioport range 0xfec0-0xfedf has been reserved\n[17179572.340000] NET: Registered protocol family 2\n[17179572.376000] IP route cache hash table entries: 4096 (order: 2, 16384 bytes)\n[17179572.376000] TCP established hash table entries: 16384 (order: 5, 131072 bytes)\n[17179572.376000] TCP bind hash table entries: 8192 (order: 4, 65536 bytes)\n[17179572.376000] TCP: Hash tables configured (established 16384 bind 8192)\n[17179572.376000] TCP reno registered\n[17179572.376000] Machine check exception polling timer started.\n[17179572.376000] cpufreq: No nForce2 chipset.\n[17179572.376000] IA-32 Microcode Update Driver: v1.14 \u003ctigran@veritas.com\u003e\n[17179572.376000] IBM machine detected. Enabling interrupts during APM calls.\n[17179572.376000] apm: BIOS not found.\n[17179572.380000] Total HugeTLB memory allocated, 0\n[17179572.380000] VFS: Disk quotas dquot_6.5.1\n[17179572.380000] Dquot-cache hash table entries: 1024 (order 0, 4096 bytes)\n[17179572.380000] squashfs: version 3.0 (2006/03/15) Phillip Lougher\n[17179572.380000] NTFS driver 2.1.27 [Flags: R/W].\n[17179572.380000] EFS: 1.0a - http://aeschi.ch.eu.org/efs/\n[17179572.380000] JFFS version 1.0, (C) 1999, 2000  Axis Communications AB\n[17179572.380000] JFFS2 version 2.2. (NAND) (SUMMARY)  (C) 2001-2003 Red Hat, Inc.\n[17179572.380000] QNX4 filesystem 0.2.3 registered.\n[17179572.380000] JFS: nTxBlock = 4015, nTxLock = 32122\n[17179572.388000] SGI XFS with ACLs, security attributes, large block numbers, no debug enabled\n[17179572.388000] SGI XFS Quota Management subsystem\n[17179572.388000] BeFS version: 0.9.3\n[17179572.388000] Initializing Cryptographic API\n[17179572.388000] io scheduler noop registered\n[17179572.388000] io scheduler anticipatory registered (default)\n[17179572.388000] io scheduler deadline registered\n[17179572.392000] io scheduler cfq registered\n[17179572.392000] ACPI: Power Button (FF) [PWRF]\n[17179572.392000] Using specific hotkey driver\n[17179572.400000] ibm_acpi: ec object not found\n[17179572.400000] isapnp: Scanning for PnP cards...\n[17179572.756000] isapnp: No Plug \u0026 Play device found\n[17179572.760000] Real Time Clock Driver v1.12ac\n[17179572.760000] Non-volatile memory driver v1.2\n[17179572.760000] Linux agpgart interface v0.101 (c) Dave Jones\n[17179572.760000] agpgart: unable to determine aperture size.\n[17179572.760000] agpgart: agp_backend_initialize() failed.\n[17179572.760000] agpgart-serverworks: probe of 0000:00:00.0 failed with error -22\n[17179572.760000] RAMDISK driver initialized: 8 RAM disks of 32768K size 1024 blocksize\n[17179572.760000] Uniform Multi-Platform E-IDE driver Revision: 7.00alpha2\n[17179572.760000] ide: Assuming 33MHz system bus speed for PIO modes; override with idebus=xx\n[17179572.764000] Probing IDE interface ide0...\n[17179573.004000] hda: CD-ROM CDU701-F, ATAPI CD/DVD-ROM drive\n[17179573.100000] Probing IDE interface ide1...\n[17179573.180000] ide0 at 0x1f0-0x1f7,0x3f6 on irq 14\n[17179573.180000] PNP: PS/2 Controller [PNP0303:PS2K,PNP0f13:PS2M] at 0x60,0x64 irq 1,12\n[17179573.180000] serio: i8042 AUX port at 0x60,0x64 irq 12\n[17179573.180000] serio: i8042 KBD port at 0x60,0x64 irq 1\n[17179573.180000] mice: PS/2 mouse device common for all mice\n[17179573.180000] input: PC Speaker as /class/input/input0\n[17179573.228000] input: AT Translated Set 2 keyboard as /class/input/input1\n[17179573.228000] wistron_btns: System unknown\n[17179573.228000] device-mapper: 4.6.0-ioctl (2006-02-17) initialised: dm-devel@redhat.com\n[17179573.232000] EISA: Probing bus 0 at eisa.0\n[17179573.232000] NET: Registered protocol family 1\n[17179573.232000] Starting balanced_irq\n[17179573.232000] Using IPI No-Shortcut mode\n[17179573.232000] Suspend2 Core.\n[17179573.232000] Suspend2 Compression Driver loading.\n[17179573.232000] Suspend2 Encryption Driver loading.\n[17179573.232000] Suspend2 Swap Writer loading.\n[17179573.232000] Suspend2 FileWriter loading.\n[17179573.232000] ACPI wakeup devices: \n[17179573.232000] \n[17179573.232000] ACPI: (supports S0 S4 S5)\n[17179573.232000]   Magic number: 3:533:488\n[17179573.232000] drivers/rtc/hctosys.c: unable to open rtc device (rtc0)\n[17179573.232000] RAMDISK: squashfs filesystem found at block 0\n[17179573.232000] RAMDISK: Loading 3441KiB [1 disk] into ram disk... done.\n[17179573.292000] VFS: Mounted root (squashfs filesystem) readonly.\n[17179573.556000] SCSI subsystem initialized\n[17179573.596000] ACPI: PCI Interrupt Link [LKSA] enabled at IRQ 16\n[17179573.596000] ACPI: PCI Interrupt 0000:00:06.0[A] -\u003e Link [LKSA] -\u003e GSI 16 (level, low) -\u003e IRQ 177\n[17179588.616000] scsi0 : Adaptec AIC7XXX EISA/VLB/PCI SCSI HBA DRIVER, Rev 7.0\n[17179588.616000]         \u003cAdaptec aic7895 Ultra SCSI adapter\u003e\n[17179588.616000]         aic7895C: Ultra Wide Channel A, SCSI Id=7, 32/253 SCBs\n[17179588.616000] \n[17179592.556000] ACPI: PCI Interrupt Link [LKSB] enabled at IRQ 16\n[17179592.556000] ACPI: PCI Interrupt 0000:00:06.1[B] -\u003e Link [LKSB] -\u003e GSI 16 (level, low) -\u003e IRQ 177\n[17179607.580000] scsi1 : Adaptec AIC7XXX EISA/VLB/PCI SCSI HBA DRIVER, Rev 7.0\n[17179607.580000]         \u003cAdaptec aic7895 Ultra SCSI adapter\u003e\n[17179607.580000]         aic7895C: Ultra Wide Channel B, SCSI Id=7, 32/253 SCBs\n[17179607.580000] \n[17179607.844000]   Vendor: COMPAQ    Model: DCHS04Y           Rev: 5858\n[17179607.844000]   Type:   Direct-Access                      ANSI SCSI revision: 02\n[17179607.844000] scsi1:A:1:0: Tagged Queuing enabled.  Depth 253\n[17179607.844000]  target1:0:1: Beginning Domain Validation\n[17179607.848000]  target1:0:1: wide asynchronous\n[17179607.852000]  target1:0:1: FAST-10 WIDE SCSI 11.6 MB/s ST (172 ns, offset 8)\n[17179607.852000]  target1:0:1: Domain Validation skipping write tests\n[17179607.852000]  target1:0:1: Ending Domain Validation\n[17179608.908000]   Vendor: Seagate   Model: STT20000N         Rev: 7A64\n[17179608.908000]   Type:   Sequential-Access                  ANSI SCSI revision: 02\n[17179608.908000]  target1:0:6: Beginning Domain Validation\n[17179608.920000]  target1:0:6: FAST-10 SCSI 5.8 MB/s ST (172 ns, offset 15)\n[17179608.928000]  target1:0:6: Domain Validation skipping write tests\n[17179608.928000]  target1:0:6: Ending Domain Validation\n[17179610.508000]   Vendor: SDR       Model: GEM200            Rev: 2   \n[17179610.508000]   Type:   Processor                          ANSI SCSI revision: 02\n[17179610.508000]  target1:0:14: Beginning Domain Validation\n[17179610.508000]  target1:0:14: Ending Domain Validation\n[17179610.812000] piix4_smbus 0000:00:0f.0: Found 0000:00:0f.0 device\n[17179610.812000] piix4_smbus 0000:00:0f.0: Unusual config register value\n[17179610.812000] piix4_smbus 0000:00:0f.0: Try using fix_hstcfg=1 if you experience problems\n[17179610.812000] piix4_smbus 0000:00:0f.0: Host SMBus controller not enabled!\n[17179610.868000] usbcore: registered new driver usbfs\n[17179610.868000] usbcore: registered new driver hub\n[17179610.876000] ohci_hcd: 2005 April 22 USB 1.1 'Open' Host Controller (OHCI) Driver (PCI)\n[17179610.880000] ACPI: PCI Interrupt Link [LKUB] enabled at IRQ 18\n[17179610.880000] ACPI: PCI Interrupt 0000:00:0f.2[A] -\u003e Link [LKUB] -\u003e GSI 18 (level, low) -\u003e IRQ 185\n[17179610.880000] ohci_hcd 0000:00:0f.2: OHCI Host Controller\n[17179610.880000] ohci_hcd 0000:00:0f.2: new USB bus registered, assigned bus number 1\n[17179610.880000] ohci_hcd 0000:00:0f.2: irq 185, io mem 0xff700000\n[17179610.936000] usb usb1: configuration #1 chosen from 1 choice\n[17179610.936000] hub 1-0:1.0: USB hub found\n[17179610.936000] hub 1-0:1.0: 2 ports detected\n[17179611.068000]  target1:0:1: FAST-10 WIDE SCSI 11.6 MB/s ST (172 ns, offset 8)\n[17179611.144000] SCSI device sda: 8386000 512-byte hdwr sectors (4294 MB)\n[17179611.208000] sda: Write Protect is off\n[17179611.208000] sda: Mode Sense: c3 00 10 08\n[17179611.212000] SCSI device sda: drive cache: write through w/ FUA\n[17179611.276000] SCSI device sda: 8386000 512-byte hdwr sectors (4294 MB)\n[17179611.340000] sda: Write Protect is off\n[17179611.340000] sda: Mode Sense: c3 00 10 08\n[17179611.344000] SCSI device sda: drive cache: write through w/ FUA\n[17179611.344000]  sda: sda1 sda2\n[17179611.364000] sd 1:0:1:0: Attached scsi disk sda\n[17179611.448000] libata version 1.20 loaded.\n[17179611.716000] md: md driver 0.90.3 MAX_MD_DEVS=256, MD_SB_DISKS=27\n[17179611.716000] md: bitmap version 4.39\n[17179611.740000] md: linear personality registered for level -1\n[17179611.760000] md: multipath personality registered for level -4\n[17179611.780000] md: raid0 personality registered for level 0\n[17179611.808000] md: raid1 personality registered for level 1\n[17179611.828000] raid5: automatically using best checksumming function: pIII_sse\n[17179611.848000]    pIII_sse  :   992.000 MB/sec\n[17179611.848000] raid5: using function: pIII_sse (992.000 MB/sec)\n[17179611.856000] md: raid5 personality registered for level 5\n[17179611.856000] md: raid4 personality registered for level 4\n[17179611.956000] raid6: int32x1    118 MB/s\n[17179612.024000] raid6: int32x2    106 MB/s\n[17179612.092000] raid6: int32x4    107 MB/s\n[17179612.160000] raid6: int32x8    116 MB/s\n[17179612.228000] raid6: mmxx1      284 MB/s\n[17179612.296000] raid6: mmxx2      347 MB/s\n[17179612.364000] raid6: sse1x1     254 MB/s\n[17179612.432000] raid6: sse1x2     308 MB/s\n[17179612.432000] raid6: using algorithm sse1x2 (308 MB/s)\n[17179612.432000] md: raid6 personality registered for level 6\n[17179612.748000] Suspend2 2.2.6: You need to use a resume2= command line parameter to tell Suspend2 where to look for an image.\n[17179612.748000] Suspend2 2.2.6: Resume2 parameter is empty. Suspending will be disabled.\n[17179612.748000] Suspend2 2.2.6: Missing or invalid storage location (resume2= parameter). Please correct and rerun lilo (or equivalent) before suspending.\n[17179612.804000] kjournald starting.  Commit interval 5 seconds\n[17179612.804000] EXT3-fs: mounted filesystem with ordered data mode.\n[17179612.804000] VFS: Mounted root (ext3 filesystem) readonly.\n[17179612.804000] Trying to move old root to /initrd ... /initrd does not exist. Ignored.\n[17179612.808000] Unmounting old root\n[17179612.812000] Trying to free ramdisk memory ... okay\n[17179612.816000] Freeing unused kernel memory: 292k freed\n[17179615.824000] Serial: 8250/16550 driver $Revision: 1.90 $ 4 ports, IRQ sharing enabled\n[17179615.928000] st: Version 20050830, fixed bufsize 32768, s/g segs 256\n[17179615.928000] st 1:0:6:0: Attached scsi tape st0\n[17179615.928000] st0: try direct i/o: yes (alignment 512 B)\n[17179616.004000] sd 1:0:1:0: Attached scsi generic sg0 type 0\n[17179616.008000] st 1:0:6:0: Attached scsi generic sg1 type 1\n[17179616.008000]  1:0:14:0: Attached scsi generic sg2 type 3\n[17179616.084000] serial8250: ttyS0 at I/O 0x3f8 (irq = 4) is a 16550A\n[17179616.100000] r8169 Gigabit Ethernet driver 2.2LK-NAPI loaded\n[17179616.100000] ACPI: PCI Interrupt Link [LK1A] enabled at IRQ 18\n[17179616.100000] ACPI: PCI Interrupt 0000:00:01.0[A] -\u003e Link [LK1A] -\u003e GSI 18 (level, low) -\u003e IRQ 185\n[17179616.100000] eth0: Identified chip type is 'RTL8169s/8110s'.\n[17179616.100000] eth0: RTL8169 at 0xe0aeac00, 00:13:f7:66:b7:62, IRQ 185\n[17179616.100000] r8169 Gigabit Ethernet driver 2.2LK-NAPI loaded\n[17179616.104000] ACPI: PCI Interrupt Link [LK2A] enabled at IRQ 19\n[17179616.104000] ACPI: PCI Interrupt 0000:01:02.0[A] -\u003e Link [LK2A] -\u003e GSI 19 (level, low) -\u003e IRQ 193\n[17179616.104000] eth1: Identified chip type is 'RTL8169s/8110s'.\n[17179616.104000] eth1: RTL8169 at 0xe0b42c00, 00:13:f7:66:b7:82, IRQ 193\n[17179616.104000] r8169 Gigabit Ethernet driver 2.2LK-NAPI loaded\n[17179616.104000] ACPI: PCI Interrupt Link [LK3A] enabled at IRQ 19\n[17179616.104000] ACPI: PCI Interrupt 0000:01:03.0[A] -\u003e Link [LK3A] -\u003e GSI 19 (level, low) -\u003e IRQ 193\n[17179616.104000] eth2: Identified chip type is 'RTL8169s/8110s'.\n[17179616.104000] eth2: RTL8169 at 0xe0bbe800, 00:13:f7:66:b8:f1, IRQ 193\n[17179616.104000] r8169 Gigabit Ethernet driver 2.2LK-NAPI loaded\n[17179616.108000] ACPI: PCI Interrupt Link [LK4A] enabled at IRQ 22\n[17179616.108000] ACPI: PCI Interrupt 0000:01:04.0[A] -\u003e Link [LK4A] -\u003e GSI 22 (level, low) -\u003e IRQ 201\n[17179616.108000] eth3: Identified chip type is 'RTL8169s/8110s'.\n[17179616.108000] eth3: RTL8169 at 0xe0bde400, 00:13:f7:66:b8:ef, IRQ 201\n[17179616.108000] r8169 Gigabit Ethernet driver 2.2LK-NAPI loaded\n[17179616.108000] ACPI: PCI Interrupt Link [LK5A] enabled at IRQ 22\n[17179616.108000] ACPI: PCI Interrupt 0000:01:05.0[A] -\u003e Link [LK5A] -\u003e GSI 22 (level, low) -\u003e IRQ 201\n[17179616.108000] eth4: Identified chip type is 'RTL8169s/8110s'.\n[17179616.108000] eth4: RTL8169 at 0xe0be0000, 00:13:f7:66:b8:f5, IRQ 201\n[17179616.208000] hda: ATAPI 32X CD-ROM drive, 128kB Cache\n[17179616.208000] Uniform CD-ROM driver Revision: 3.20\n[17179616.340000] serial8250: ttyS1 at I/O 0x2f8 (irq = 3) is a 16550A\n[17179616.384000] 00:05: ttyS0 at I/O 0x3f8 (irq = 4) is a 16550A\n[17179616.384000] 00:06: ttyS1 at I/O 0x2f8 (irq = 3) is a 16550A\n[17179616.884000] lp: driver loaded but no devices found\n[17179617.088000] ppdev: user-space parallel port driver\n[17179617.120000] parport: PnPBIOS parport detected.\n[17179617.120000] parport0: PC-style at 0x378, irq 7 [PCSPP]\n[17179617.208000] lp0: using parport0 (interrupt-driven).\n[17179617.208000] pcnet32.c:v1.32 18.Mar.2006 tsbogend@alpha.franken.de\n[17179617.208000] ACPI: PCI Interrupt Link [LKNE] enabled at IRQ 17\n[17179617.208000] ACPI: PCI Interrupt 0000:00:09.0[A] -\u003e Link [LKNE] -\u003e GSI 17 (level, low) -\u003e IRQ 209\n[17179617.208000] pcnet32: PCnet/FAST+ 79C972 at 0x2180, 00 06 29 50 d9 9e\n[17179617.208000]     tx_start_pt(0x0c00):~220 bytes, BCR18(9a61):BurstWrEn BurstRdEn NoUFlow \n[17179617.208000]     SRAMSIZE=0x1700, SRAM_BND=0x0800, assigned IRQ 209.\n[17179617.208000] pcnet32: Found PHY 2000:5c10 at address 1.\n[17179617.212000] eth5: registered as PCnet/FAST+ 79C972\n[17179617.212000] pcnet32: 1 cards_found.\n[17179618.080000] Floppy drive(s): fd0 is 1.44M\n[17179618.096000] FDC 0 is a National Semiconductor PC87306\n[17179618.164000] Capability LSM initialized\n[17179618.212000] fuse init (API version 7.6)\n[17179618.284000] loop: loaded (max 8 devices)\n[17179618.404000] Adding 289160k swap on /dev/sda2.  Priority:-1 extents:1 across:289160k\n[17179618.648000] EXT3 FS on sda1, internal journal\n[17179629.088000] r8169: eth0: link down\n[17179629.248000] eth5: link up, 100Mbps, full-duplex\n[17179629.332000] r8169: eth1: link down\n[17179629.424000] r8169: eth2: link down\n[17179629.508000] r8169: eth3: link down\n[17179629.596000] r8169: eth4: link down\n[17179631.612000] NET: Registered protocol family 17\n[17179634.292000] NET: Registered protocol family 10\n[17179634.292000] lo: Disabled Privacy Extensions\n[17179634.292000] ADDRCONF(NETDEV_UP): eth0: link is not ready\n[17179634.292000] ADDRCONF(NETDEV_UP): eth1: link is not ready\n[17179634.292000] ADDRCONF(NETDEV_UP): eth2: link is not ready\n[17179634.292000] ADDRCONF(NETDEV_UP): eth3: link is not ready\n[17179634.292000] ADDRCONF(NETDEV_UP): eth4: link is not ready\n[17179634.296000] IPv6 over IPv4 tunneling driver\n[17179644.928000] eth5: no IPv6 routers present\n\nFreeBSD ifconfig:\n-----------------\nre0: flags=8802\u003cBROADCAST,SIMPLEX,MULTICAST\u003e mtu 1500\n\toptions=1b\u003cRXCSUM,TXCSUM,VLAN_MTU,VLAN_HWTAGGING\u003e\n\tether b2:43:a4:05:a4:05\n\tmedia: Ethernet autoselect (100baseTX)\n\tstatus: no carrier\nre1: flags=8802\u003cBROADCAST,SIMPLEX,MULTICAST\u003e mtu 1500\n\toptions=1b\u003cRXCSUM,TXCSUM,VLAN_MTU,VLAN_HWTAGGING\u003e\n\tether b2:43:a4:05:a4:05\n\tmedia: Ethernet autoselect (100baseTX)\n\tstatus: no carrier\nre2: flags=8802\u003cBROADCAST,SIMPLEX,MULTICAST\u003e mtu 1500\n\toptions=1b\u003cRXCSUM,TXCSUM,VLAN_MTU,VLAN_HWTAGGING\u003e\n\tether b2:43:a4:05:a4:05\n\tmedia: Ethernet autoselect (100baseTX)\n\tstatus: no carrier\nre3: flags=8802\u003cBROADCAST,SIMPLEX,MULTICAST\u003e mtu 1500\n\toptions=1b\u003cRXCSUM,TXCSUM,VLAN_MTU,VLAN_HWTAGGING\u003e\n\tether b2:43:a4:05:a4:05\n\tmedia: Ethernet autoselect (100baseTX)\n\tstatus: no carrier\nre4: flags=8802\u003cBROADCAST,SIMPLEX,MULTICAST\u003e mtu 1500\n\toptions=1b\u003cRXCSUM,TXCSUM,VLAN_MTU,VLAN_HWTAGGING\u003e\n\tether b2:43:a4:05:a4:05\n\tmedia: Ethernet autoselect (100baseTX)\n\tstatus: no carrier\nlo0: flags=8049\u003cUP,LOOPBACK,RUNNING,MULTICAST\u003e mtu 16384\n\tinet 127.0.0.1 netmask 0xff000000 \npflog0: flags=0\u003c\u003e mtu 33208\npcn0: flags=8802\u003cBROADCAST,SIMPLEX,MULTICAST\u003e mtu 1500\n\tether 00:06:29:50:d9:9e\n\tmedia: Ethernet autoselect (100baseTX \u003cfull-duplex\u003e)\n\tstatus: active\n\nLinux ifconfig:\n---------------\neth0      Link encap:Ethernet  HWaddr 00:13:F7:66:B7:62  \n          UP BROADCAST MULTICAST  MTU:1500  Metric:1\n          RX packets:0 errors:0 dropped:0 overruns:0 frame:0\n          TX packets:0 errors:0 dropped:0 overruns:0 carrier:0\n          collisions:0 txqueuelen:1000 \n          RX bytes:0 (0.0 b)  TX bytes:0 (0.0 b)\n          Interrupt:185 Base address:0xac00 \n\neth1      Link encap:Ethernet  HWaddr 00:13:F7:66:B7:82  \n          UP BROADCAST MULTICAST  MTU:1500  Metric:1\n          RX packets:0 errors:0 dropped:0 overruns:0 frame:0\n          TX packets:0 errors:0 dropped:0 overruns:0 carrier:0\n          collisions:0 txqueuelen:1000 \n          RX bytes:0 (0.0 b)  TX bytes:0 (0.0 b)\n          Interrupt:193 Base address:0x2c00 \n\neth2      Link encap:Ethernet  HWaddr 00:13:F7:66:B8:F1  \n          UP BROADCAST MULTICAST  MTU:1500  Metric:1\n          RX packets:0 errors:0 dropped:0 overruns:0 frame:0\n          TX packets:0 errors:0 dropped:0 overruns:0 carrier:0\n          collisions:0 txqueuelen:1000 \n          RX bytes:0 (0.0 b)  TX bytes:0 (0.0 b)\n          Interrupt:193 Base address:0xe800 \n\neth3      Link encap:Ethernet  HWaddr 00:13:F7:66:B8:EF  \n          UP BROADCAST MULTICAST  MTU:1500  Metric:1\n          RX packets:0 errors:0 dropped:0 overruns:0 frame:0\n          TX packets:0 errors:0 dropped:0 overruns:0 carrier:0\n          collisions:0 txqueuelen:1000 \n          RX bytes:0 (0.0 b)  TX bytes:0 (0.0 b)\n          Interrupt:201 Base address:0xe400 \n\neth4      Link encap:Ethernet  HWaddr 00:13:F7:66:B8:F5  \n          UP BROADCAST MULTICAST  MTU:1500  Metric:1\n          RX packets:0 errors:0 dropped:0 overruns:0 frame:0\n          TX packets:0 errors:0 dropped:0 overruns:0 carrier:0\n          collisions:0 txqueuelen:1000 \n          RX bytes:0 (0.0 b)  TX bytes:0 (0.0 b)\n          Interrupt:201 \n\neth5      Link encap:Ethernet  HWaddr 00:06:29:50:D9:9E  \n          inet addr:192.0.2.236  Bcast:192.0.2.255  Mask:255.255.255.0\n          UP BROADCAST RUNNING MULTICAST  MTU:1500  Metric:1\n          RX packets:90 errors:0 dropped:0 overruns:0 frame:0\n          TX packets:68 errors:0 dropped:0 overruns:0 carrier:0\n          collisions:0 txqueuelen:1000 \n          RX bytes:6249 (6.1 Kb)  TX bytes:3672 (3.5 Kb)\n          Interrupt:209 Base address:0x2180 \n\nlo        Link encap:Local Loopback  \n          inet addr:127.0.0.1  Mask:255.0.0.0\n          UP LOOPBACK RUNNING  MTU:16436  Metric:1\n          RX packets:20 errors:0 dropped:0 overruns:0 frame:0\n          TX packets:20 errors:0 dropped:0 overruns:0 carrier:0\n          collisions:0 txqueuelen:0 \n          RX bytes:2080 (2.0 Kb)  TX bytes:2080 (2.0 Kb)\n\nFreeBSD \"pciconf -lv\":\n----------------------\nhostb0@pci0:0:0:\tclass=0x060000 card=0x00000000 chip=0x00071166 rev=0x04 hdr=0x00\n    vendor   = 'ServerWorks (Was: Reliance Computer Corp)'\n    device   = 'NB6635 (CNB20-LE/HE) CPU to PCI Bridge'\n    class    = bridge\n    subclass = HOST-PCI\nhostb1@pci0:0:1:\tclass=0x060000 card=0x00000000 chip=0x00051166 rev=0x02 hdr=0x00\n    vendor   = 'ServerWorks (Was: Reliance Computer Corp)'\n    device   = 'NB6536 (CNB20-LE) PCI to PCI Bridge, bus/dev/func 0/0/1'\n    class    = bridge\n    subclass = HOST-PCI\nre0@pci0:1:0:\tclass=0x020000 card=0xee221113 chip=0x816910ec rev=0x10 hdr=0x00\n    vendor   = 'Realtek Semiconductor'\n    device   = 'RTL8169 Gigabit Ethernet Adapter'\n    class    = network\n    subclass = ethernet\nahc0@pci0:6:0:\tclass=0x010000 card=0x78959004 chip=0x78959004 rev=0x04 hdr=0x00\n    vendor   = 'Adaptec Inc'\n    device   = 'AIC-7895 Ultra-Wide SCSI Ctrlr on AHA-2940 AHA-394x'\n    class    = mass storage\n    subclass = SCSI\nahc1@pci0:6:1:\tclass=0x010000 card=0x78959004 chip=0x78959004 rev=0x04 hdr=0x00\n    vendor   = 'Adaptec Inc'\n    device   = 'AIC-7895 Ultra-Wide SCSI Ctrlr on AHA-2940 AHA-394x'\n    class    = mass storage\n    subclass = SCSI\npcn0@pci0:9:0:\tclass=0x020000 card=0x20001014 chip=0x20001022 rev=0x36 hdr=0x00\n    vendor   = 'Advanced Micro Devices (AMD)'\n    device   = 'Am79C970/1/2/3/5/6 PCnet LANCE PCI Ethernet Controller'\n    class    = network\n    subclass = ethernet\nnone0@pci0:10:0:\tclass=0x030000 card=0x00dc1014 chip=0x89015333 rev=0x16 hdr=0x00\n    vendor   = 'S3 Graphics Co., Ltd.'\n    device   = 'S3 SonicVibes (86c617) Audio Accelerator PCI Trio 64V2 DX/GX'\n    class    = display\n    subclass = VGA\nisab0@pci0:15:0:\tclass=0x060100 card=0x02001166 chip=0x02001166 rev=0x4d hdr=0x00\n    vendor   = 'ServerWorks (Was: Reliance Computer Corp)'\n    device   = 'OSB4 PCI to ISA Bridge'\n    class    = bridge\n    subclass = PCI-ISA\natapci0@pci0:15:1:\tclass=0x0101ea card=0x02101166 chip=0x02101166 rev=0x4a hdr=0x00\n    vendor   = 'ServerWorks (Was: Reliance Computer Corp)'\n    class    = mass storage\n    subclass = ATA\nohci0@pci0:15:2:\tclass=0x0c0310 card=0x02201166 chip=0x02201166 rev=0x04 hdr=0x00\n    vendor   = 'ServerWorks (Was: Reliance Computer Corp)'\n    device   = 'OSB4 OpenHCI Compliant USB Controller'\n    class    = serial bus\n    subclass = USB\nre1@pci1:2:0:\tclass=0x020000 card=0xee221113 chip=0x816910ec rev=0x10 hdr=0x00\n    vendor   = 'Realtek Semiconductor'\n    device   = 'RTL8169 Gigabit Ethernet Adapter'\n    class    = network\n    subclass = ethernet\nre2@pci1:3:0:\tclass=0x020000 card=0xee221113 chip=0x816910ec rev=0x10 hdr=0x00\n    vendor   = 'Realtek Semiconductor'\n    device   = 'RTL8169 Gigabit Ethernet Adapter'\n    class    = network\n    subclass = ethernet\nre3@pci1:4:0:\tclass=0x020000 card=0xee221113 chip=0x816910ec rev=0x10 hdr=0x00\n    vendor   = 'Realtek Semiconductor'\n    device   = 'RTL8169 Gigabit Ethernet Adapter'\n    class    = network\n    subclass = ethernet\nre4@pci1:5:0:\tclass=0x020000 card=0xee221113 chip=0x816910ec rev=0x10 hdr=0x00\n    vendor   = 'Realtek Semiconductor'\n    device   = 'RTL8169 Gigabit Ethernet Adapter'\n    class    = network\n    subclass = ethernet\n\nHow-To-Repeat: Uncertain.\nAs I stated earlier, 3 of the cards work perfectly fine while 5 of them produces the MAC address problem. This way I cannot be sure that another card of the same series will show the defect or not.\nUpon request, I might be able to provide some of the cards for further testing."
}