{
 "id": 609225,
 "bug_id": 156781,
 "attachment_id": 0,
 "creation_time": "2011-05-03T00:40:07Z",
 "creator": "bmeyer@mesoft.com.au",
 "text": "----------------------------------------------------------------------\nCommand Log Output:\n\nhelios.mesoft.com.au : Tue May  3 08:15:30 EST 2011 : /tmp\n-\u003e 1013# hostname\nhelios.mesoft.com.au\n\nhelios.mesoft.com.au : Tue May  3 08:15:32 EST 2011 : /tmp\n-\u003e 1014# uname -a\nFreeBSD helios.mesoft.com.au 8.2-STABLE FreeBSD 8.2-STABLE #1: Sun Apr 24 21:28:12 EST 2011     root@helios.mesoft.com.au:/usr/obj/usr/src/sys/GENERIC  sparc64\n\nhelios.mesoft.com.au : Tue May  3 08:15:34 EST 2011 : /tmp\n-\u003e 1015# gmirror status\n      Name    Status  Components\nmirror/gm0  COMPLETE  da0\n                      da1\n\nhelios.mesoft.com.au : Tue May  3 08:15:38 EST 2011 : /tmp\n-\u003e 1016# zpool status -v\n  pool: pool0\n state: ONLINE\n scrub: scrub completed after 0h2m with 0 errors on Tue May  3 07:15:24 2011\nconfig:\n\n\tNAME           STATE     READ WRITE CKSUM\n\tpool0          ONLINE       0     0     0\n\t  mirror/gm0h  ONLINE       0     0     0\n\nerrors: No known data errors\n\nhelios.mesoft.com.au : Tue May  3 08:15:42 EST 2011 : /tmp\n-\u003e 1017# zfs list        \nNAME              USED  AVAIL  REFER  MOUNTPOINT\npool0            5.00G   263G    24K  /pool0\npool0/databases   128M   263G   128M  /pool0/databases\npool0/home       45.2M   263G  45.2M  /pool0/home\npool0/mail       4.83G   263G  4.83G  /pool0/mail\n\nhelios.mesoft.com.au : Tue May  3 08:15:49 EST 2011 : /tmp\n-\u003e 1018# zfs list -t snapshot\nno datasets available\n\nhelios.mesoft.com.au : Tue May  3 08:15:53 EST 2011 : /tmp\n-\u003e 1019# zfs snapshot pool0/mail@test\n\nhelios.mesoft.com.au : Tue May  3 08:16:07 EST 2011 : /tmp\n-\u003e 1020# zfs snapshot pool0/home@test\n\nhelios.mesoft.com.au : Tue May  3 08:16:19 EST 2011 : /tmp\n-\u003e 1021# zfs list -t snapshot\nNAME              USED  AVAIL  REFER  MOUNTPOINT\npool0/home@test      0      -  45.2M  -\npool0/mail@test    59K      -  4.83G  -\n\nhelios.mesoft.com.au : Tue May  3 08:16:22 EST 2011 : /tmp\n-\u003e 1022# ls -l /pool0/mail/.zfs\ntotal 0\ndr-xr-xr-x  2 root  wheel  2 Jun 16  2010 snapshot\n\nhelios.mesoft.com.au : Tue May  3 08:16:32 EST 2011 : /tmp\n-\u003e 1023# ls -l /pool0/home/.zfs\nls: snapshot: Bad file descriptor\ntotal 0\n\nhelios.mesoft.com.au : Tue May  3 08:17:08 EST 2011 : /tmp\n-\u003e 1024# zfs destroy pool0/mail@test\n\nhelios.mesoft.com.au : Tue May  3 08:17:52 EST 2011 : /tmp\n-\u003e 1025# zfs destroy pool0/home@test\n\nhelios.mesoft.com.au : Tue May  3 08:18:05 EST 2011 : /tmp\n-\u003e 1026# zfs list -t snapshot\nno datasets available\n\nhelios.mesoft.com.au : Tue May  3 08:22:13 EST 2011 : /tmp\n-\u003e 1027# zfs upgrade\nThis system is currently running ZFS filesystem version 4.\n\nAll filesystems are formatted with the current version.\n\nhelios.mesoft.com.au : Tue May  3 08:22:18 EST 2011 : /tmp\n-\u003e 1028# zpool upgrade\nThis system is currently running ZFS pool version 15.\n\nAll pools are formatted using this version.\n\nhelios.mesoft.com.au : Tue May  3 08:22:47 EST 2011 : /tmp\n-\u003e 1029# zdb  \npool0\n    version=15\n    name='pool0'\n    state=0\n    txg=908395\n    pool_guid=2223392563195472406\n    hostid=1798529942\n    hostname='helios.mesoft.com.au'\n    vdev_tree\n        type='root'\n        id=0\n        guid=2223392563195472406\n        children[0]\n                type='disk'\n                id=0\n                guid=8062368332970890863\n                path='/dev/mirror/gm0h'\n                whole_disk=0\n                metaslab_array=23\n                metaslab_shift=31\n                ashift=9\n                asize=293168742400\n                is_log=0\n                DTL=40\n\nhelios.mesoft.com.au : Tue May  3 08:24:05 EST 2011 : /tmp\n-\u003e 1030# zpool scrub pool0\n\nhelios.mesoft.com.au : Tue May  3 08:31:22 EST 2011 : /tmp\n-\u003e 1031# zpool status -v\n  pool: pool0\n state: ONLINE\n scrub: scrub completed after 0h2m with 0 errors on Tue May  3 08:26:35 2011\nconfig:\n\n\tNAME           STATE     READ WRITE CKSUM\n\tpool0          ONLINE       0     0     0\n\t  mirror/gm0h  ONLINE       0     0     0\n\nerrors: No known data errors\n\n----------------------------------------------------------------------\nDMESG, CONFIGs, etc.  \n\n/var/run/dmesg.boot:\n\nCopyright (c) 1992-2011 The FreeBSD Project.\nCopyright (c) 1979, 1980, 1983, 1986, 1988, 1989, 1991, 1992, 1993, 1994\n\tThe Regents of the University of California. All rights reserved.\nFreeBSD is a registered trademark of The FreeBSD Foundation.\nFreeBSD 8.2-STABLE #1: Sun Apr 24 21:28:12 EST 2011\n    root@helios.mesoft.com.au:/usr/obj/usr/src/sys/GENERIC sparc64\nreal memory  = 4294967296 (4096 MB)\navail memory = 4165672960 (3972 MB)\ncpu0: Sun Microsystems UltraSparc-IIe Processor (648.00 MHz CPU)\nispfw: registered firmware \u003cisp_1000\u003e\nispfw: registered firmware \u003cisp_1040\u003e\nispfw: registered firmware \u003cisp_1040_it\u003e\nispfw: registered firmware \u003cisp_1080\u003e\nispfw: registered firmware \u003cisp_1080_it\u003e\nispfw: registered firmware \u003cisp_12160\u003e\nispfw: registered firmware \u003cisp_12160_it\u003e\nispfw: registered firmware \u003cisp_2100\u003e\nispfw: registered firmware \u003cisp_2200\u003e\nispfw: registered firmware \u003cisp_2300\u003e\nispfw: registered firmware \u003cisp_2322\u003e\nispfw: registered firmware \u003cisp_2400\u003e\nispfw: registered firmware \u003cisp_2400_multi\u003e\nispfw: registered firmware \u003cisp_2500\u003e\nispfw: registered firmware \u003cisp_2500_multi\u003e\nkbd0 at kbdmux0\nnexus0: \u003cOpen Firmware Nexus device\u003e\npcib0: \u003cU2P UPA-PCI bridge\u003e mem 0x1fe00000000-0x1fe0000ffff,0x1fe01000000-0x1fe010000ff irq 2032,2030,2031,2021 on nexus0\npcib0: Sabre, impl 0, version 0, IGN 0x1f, bus A, 66MHz\npcib0: DVMA map: 0xc0000000 to 0xc3ffffff 8192 entries\npcib0: [FILTER]\npcib0: [FILTER]\npcib0: [GIANT-LOCKED]\npcib0: [ITHREAD]\npcib0: [FILTER]\npci0: \u003cOFW PCI bus\u003e on pcib0\npcib1: \u003cAPB PCI-PCI bridge\u003e at device 1.1 on pci0\npci1: \u003cOFW PCI bus\u003e on pcib1\nebus0: \u003cPCI-EBus3 bridge\u003e mem 0xf0000000-0xf0ffffff,0xf1000000-0xf17fffff at device 12.0 on pci1\nebus0: \u003cidprom\u003e: incomplete\npcib2: \u003cAPB PCI-PCI bridge\u003e at device 1.0 on pci0\npci2: \u003cOFW PCI bus\u003e on pcib2\nebus0: \u003cflashprom\u003e addr 0x1000000000-0x10000fffff (no driver attached)\neeprom0: \u003cEEPROM/clock\u003e addr 0x1400000000-0x1400001fff on ebus0\neeprom0: model mk48t59\nebus0: \u003cSUNW,lomh\u003e addr 0x1400200000-0x1400200003 irq 42 (no driver attached)\npci1: \u003cold, non-VGA display device\u003e at device 3.0 (no driver attached)\nisab0: \u003cPCI-ISA bridge\u003e at device 7.0 on pci1\nisa0: \u003cISA bus\u003e on isab0\ngem0: \u003cSun ERI 10/100 Ethernet\u003e mem 0xe0400000-0xe041ffff at device 12.1 on pci1\nmiibus0: \u003cMII bus\u003e on gem0\nbmtphy0: \u003cBCM5221 10/100baseTX PHY\u003e PHY 1 on miibus0\nbmtphy0:  10baseT, 10baseT-FDX, 100baseTX, 100baseTX-FDX, auto, auto-flow\ngem0: 2kB RX FIFO, 2kB TX FIFO\ngem0: Ethernet address: 00:03:ba:68:45:35\ngem0: [ITHREAD]\nohci0: \u003cSun PCIO-2 USB controller\u003e mem 0xe2000000-0xe2007fff at device 12.3 on pci1\nohci0: [ITHREAD]\nusbus0: \u003cSun PCIO-2 USB controller\u003e on ohci0\natapci0: \u003cAcerLabs M5229 UDMA66 controller\u003e port 0x400-0x407,0x418-0x41b,0x410-0x417,0x408-0x40b,0x420-0x42f at device 13.0 on pci1\natapci0: [ITHREAD]\natapci0: using PIO transfers above 137GB as workaround for 48bit DMA access bug, expect reduced performance\nata2: \u003cATA channel 0\u003e on atapci0\nata2: [ITHREAD]\nata3: \u003cATA channel 1\u003e on atapci0\nata3: [ITHREAD]\ngem1: \u003cSun ERI 10/100 Ethernet\u003e mem 0xe0440000-0xe045ffff at device 5.1 on pci1\nmiibus1: \u003cMII bus\u003e on gem1\nbmtphy1: \u003cBCM5221 10/100baseTX PHY\u003e PHY 1 on miibus1\nbmtphy1:  10baseT, 10baseT-FDX, 100baseTX, 100baseTX-FDX, auto, auto-flow\ngem1: 2kB RX FIFO, 2kB TX FIFO\ngem1: Ethernet address: 00:03:ba:68:45:35\ngem1: [ITHREAD]\nohci1: \u003cSun PCIO-2 USB controller\u003e mem 0xe5000000-0xe5007fff at device 5.3 on pci1\nohci1: [ITHREAD]\nusbus1: \u003cSun PCIO-2 USB controller\u003e on ohci1\nsym0: \u003c896\u003e port 0xc00000-0xc000ff mem 0x2000-0x23ff,0x4000-0x5fff at device 8.0 on pci2\nsym0: No NVRAM, ID 7, Fast-40, LVD, parity checking\nsym0: [ITHREAD]\nsym1: \u003c896\u003e port 0xc00100-0xc001ff mem 0x6000-0x63ff,0x8000-0x9fff at device 8.1 on pci2\nsym1: No NVRAM, ID 7, Fast-40, LVD, parity checking\nsym1: [ITHREAD]\nre0: \u003cRealTek 8169/8169S/8169SB(L)/8110S/8110SB(L) Gigabit Ethernet\u003e port 0xc00200-0xc002ff mem 0xa000-0xa0ff at device 5.0 on pci2\nre0: Chip rev. 0x04000000\nre0: MAC rev. 0x00000000\nmiibus2: \u003cMII bus\u003e on re0\nrgephy0: \u003cRTL8169S/8110S/8211B media interface\u003e PHY 1 on miibus2\nrgephy0:  10baseT, 10baseT-FDX, 10baseT-FDX-flow, 100baseTX, 100baseTX-FDX, 100baseTX-FDX-flow, 1000baseT, 1000baseT-master, 1000baseT-FDX, 1000baseT-FDX-master, 1000baseT-FDX-flow, 1000baseT-FDX-flow-master, auto, auto-flow\nre0: Ethernet address: 00:08:54:35:a4:97\nre0: [FILTER]\nnexus0: \u003csyscons\u003e type unknown (no driver attached)\nuart0: \u003c16550 or compatible\u003e at port 0x3f8-0x3ff irq 43 on isa0\nuart0: [FILTER]\nuart0: console (9600,n,8,1)\nuart1: \u003c16550 or compatible\u003e at port 0x2e8-0x2ef irq 43 on isa0\nuart1: [FILTER]\nZFS NOTICE: Prefetch is disabled by default if less than 4GB of RAM is present;\n            to enable, add \"vfs.zfs.prefetch_disable=0\" to /boot/loader.conf.\nZFS filesystem version 4\nZFS storage pool version 15\nTimecounter \"tick\" frequency 648000000 Hz quality 1000\nTimecounters tick every 10.000 msec\nipfw2 (+ipv6) initialized, divert loadable, nat loadable, rule-based forwarding disabled, default to deny, logging disabled\nload_dn_sched dn_sched FIFO loaded\nload_dn_sched dn_sched QFQ loaded\nload_dn_sched dn_sched RR loaded\nload_dn_sched dn_sched WF2Q+ loaded\nload_dn_sched dn_sched PRIO loaded\nusbus0: 12Mbps Full Speed USB v1.0\nusbus1: 12Mbps Full Speed USB v1.0\nugen0.1: \u003cSUN\u003e at usbus0\nuhub0: \u003cSUN OHCI root HUB, class 9/0, rev 1.00/1.00, addr 1\u003e on usbus0\nugen1.1: \u003cSUN\u003e at usbus1\nuhub1: \u003cSUN OHCI root HUB, class 9/0, rev 1.00/1.00, addr 1\u003e on usbus1\nacd0: DVDROM \u003cDV-28E-B/1.2B\u003e at ata2-master UDMA33 \nuhub0: 4 ports with 4 removable, self powered\nuhub1: 4 ports with 4 removable, self powered\nda0 at sym0 bus 0 scbus0 target 0 lun 0\nda0: \u003cACARD SCSIDE BRIDGE320 10EP\u003e Fixed Direct Access SCSI-3 device \nda0: 80.000MB/s transfers (40.000MHz, offset 28, 16bit)\nda0: Command Queueing enabled\nda0: 305245MB (625142448 512 byte sectors: 255H 63S/T 38913C)\nda1 at sym0 bus 0 scbus0 target 1 lun 0\nda1: \u003cACARD SCSIDE BRIDGE320 10EP\u003e Fixed Direct Access SCSI-3 device \nda1: 80.000MB/s transfers (40.000MHz, offset 28, 16bit)\nda1: Command Queueing enabled\nda1: 305245MB (625142448 512 byte sectors: 255H 63S/T 38913C)\nGEOM_MIRROR: Device mirror/gm0 launched (1/2).\nGEOM_MIRROR: Device gm0: rebuilding provider da1.\nGEOM: mirror/gm0: adding VTOC8 information.\nGEOM_JOURNAL: Journal 4175325748: mirror/gm0e contains data.\nGEOM_JOURNAL: Journal 4175325748: mirror/gm0e contains journal.\nGEOM_JOURNAL: Journal mirror/gm0e clean.\nGEOM_JOURNAL: Journal 2946333449: mirror/gm0g contains data.\nGEOM_JOURNAL: Journal 2946333449: mirror/gm0g contains journal.\nGEOM_JOURNAL: Journal mirror/gm0g clean.\nTrying to mount root from ufs:/dev/mirror/gm0a\n\n/boot/loader.conf :\n\nipfw_load=\"YES\"\ndummynet_load=\"YES\"\ngeom_mirror_load=\"YES\"\ngeom_journal_load=\"YES\"\nopensolaris_load=\"YES\"\nzfs_load=\"YES\"\nvm.kmem_size=\"1024M\"\nvm.kmem_size_max=\"1024M\"\nvfs.zfs.arc_max=\"128M\"\nvfs.zfs.vdev.cache.size=\"16M\"\nkern.hz=\"100\"\n\n/etc/sysctl.conf :\n\n# $FreeBSD: src/etc/sysctl.conf,v 1.8.34.1 2009/08/03 08:13:06 kensmith Exp $\n#\n#  This file is read when going to multi-user and its contents piped thru\n#  ``sysctl'' to adjust kernel values.  ``man 5 sysctl.conf'' for details.\n#\n\n# Uncomment this to prevent users from seeing information about processes that\n# are being run under another UID.\n#security.bsd.see_other_uids=0\nkern.ipc.shmmax=268435456\nnet.inet.ip.fw.verbose=1\n\nDisk Slicing :\nsunlabel da0\n\n# /dev/da0:\ntext: FreeBSD298G cyl 38911 alt 2 hd 255 sec 63\nbytes/sector: 512\nsectors/cylinder: 16065\nsectors/unit: 625105215\n\n8 partitions:\n#\n# Size is in sectors.\n# Offset is in cylinders.\n#    size       offset\n#    ---------- ----------\n  a:    1060290          0\n  b:    4209030         66\n  c:  625105215          0\n  d:    2104515        328\n  e:    8401995        459\n  f:    1060290        982\n  g:   35664300       1048\n  h:  572604795       3268\n\nsunlabel da1\n# /dev/da1:\ntext: FreeBSD298G cyl 38911 alt 2 hd 255 sec 63\nbytes/sector: 512\nsectors/cylinder: 16065\nsectors/unit: 625105215\n\n8 partitions:\n#\n# Size is in sectors.\n# Offset is in cylinders.\n#    size       offset\n#    ---------- ----------\n  a:    1060290          0\n  b:    4209030         66\n  c:  625105215          0\n  d:    2104515        328\n  e:    8401995        459\n  f:    1060290        982\n  g:   35664300       1048\n  h:  572604795       3268\n\nFix: \n\nOnly known workaround at this time is to periodically reboot the box -\nusually nightly.\nHow-To-Repeat: \tAllow system to run for any length of time."
}