{
 "id": 354271,
 "bug_id": 104406,
 "attachment_id": 0,
 "creation_time": "2007-10-19T14:36:27Z",
 "creator": "oleg@vsi.ru",
 "text": "This problem experiences on our another AMD64 machine (also with 6-STABLE). When we copy large amount of small files using mc from \nFTP to local filesystem, after some time mc hangs in \"wdrain\" state, and all other processes that need to access filesystem are \nhangs in \"ufs\" state. There are some debug stuff:\n\nuname -a:\n\nFreeBSD serv13.vsi.ru 6.2-STABLE FreeBSD 6.2-STABLE #1: Fri Oct 19 16:28:07 MSD 2007 \noleg@serv13.vsi.ru:/usr/obj/usr/src/sys/serv13  i386\n\ndmesg:\n\nCopyright (c) 1992-2007 The FreeBSD Project.\nCopyright (c) 1979, 1980, 1983, 1986, 1988, 1989, 1991, 1992, 1993, 1994\n        The Regents of the University of California. All rights reserved.\nFreeBSD is a registered trademark of The FreeBSD Foundation.\nFreeBSD 6.2-STABLE #1: Fri Oct 19 16:28:07 MSD 2007\n    oleg@serv13.vsi.ru:/usr/obj/usr/src/sys/serv13\nWARNING: WITNESS option enabled, expect reduced performance.\nWARNING: DIAGNOSTIC option enabled, expect reduced performance.\nTimecounter \"i8254\" frequency 1193182 Hz quality 0\nCPU: Dual-Core AMD Opteron(tm) Processor 2212 (2010.31-MHz 686-class CPU)\n  Origin = \"AuthenticAMD\"  Id = 0x40f12  Stepping = 2\n  Features=0x178bfbff\u003cFPU,VME,DE,PSE,TSC,MSR,PAE,MCE,CX8,APIC,SEP,MTRR,PGE,MCA,CMOV,PAT,PSE36,CLFLUSH,MMX,FXSR,SSE,SSE2,HTT\u003e\n  Features2=0x2001\u003cSSE3,CX16\u003e\n  AMD Features=0xea500800\u003cSYSCALL,NX,MMX+,FFXSR,RDTSCP,LM,3DNow!+,3DNow!\u003e\n  AMD Features2=0x1f\u003cLAHF,CMP,SVM,ExtAPIC,CR8\u003e\n  Cores per package: 2\nreal memory  = 3220176896 (3071 MB)\navail memory = 3149598720 (3003 MB)\nACPI APIC Table: \u003cPTLTD          APIC  \u003e\nFreeBSD/SMP: Multiprocessor System Detected: 4 CPUs\n cpu0 (BSP): APIC ID:  0\n cpu1 (AP): APIC ID:  1\n cpu2 (AP): APIC ID:  2\n cpu3 (AP): APIC ID:  3\nioapic0 \u003cVersion 1.1\u003e irqs 0-23 on motherboard\nioapic1 \u003cVersion 1.1\u003e irqs 24-47 on motherboard\nkbd1 at kbdmux0\nacpi0: \u003cPTLTD   RSDT\u003e on motherboard\nacpi0: Power Button (fixed)\nTimecounter \"ACPI-fast\" frequency 3579545 Hz quality 1000\nacpi_timer0: \u003c24-bit timer at 3.579545MHz\u003e port 0x1008-0x100b on acpi0\ncpu0: \u003cACPI CPU\u003e on acpi0\ncpu1: \u003cACPI CPU\u003e on acpi0\ncpu2: \u003cACPI CPU\u003e on acpi0\ncpu3: \u003cACPI CPU\u003e on acpi0\nacpi_button0: \u003cPower Button\u003e on acpi0\npcib0: \u003cACPI Host-PCI bridge\u003e port 0xcf8-0xcff on acpi0\npci0: \u003cACPI PCI bus\u003e on pcib0\npci0: \u003cmemory, RAM\u003e at device 0.0 (no driver attached)\nisab0: \u003cPCI-ISA bridge\u003e port 0x1c00-0x1c7f at device 1.0 on pci0\nisa0: \u003cISA bus\u003e on isab0\npci0: \u003cserial bus, SMBus\u003e at device 1.1 (no driver attached)\nohci0: \u003cOHCI (generic) USB controller\u003e mem 0xc0040000-0xc0040fff irq 16 at device 2.0 on pci0\nohci0: [GIANT-LOCKED]\nusb0: OHCI version 1.0, legacy support\nusb0: SMM does not respond, resetting\nusb0: \u003cOHCI (generic) USB controller\u003e on ohci0\nusb0: USB revision 1.0\nuhub0: nVidia OHCI root hub, class 9/0, rev 1.00/1.00, addr 1\nuhub0: 10 ports with 10 removable, self powered\nehci0: \u003cEHCI (generic) USB 2.0 controller\u003e mem 0xc0041000-0xc00410ff irq 17 at device 2.1 on pci0\nehci0: [GIANT-LOCKED]\nusb1: EHCI version 1.0\nusb1: companion controller, 10 ports each: usb0\nusb1: \u003cEHCI (generic) USB 2.0 controller\u003e on ehci0\nusb1: USB revision 2.0\nuhub1: nVidia EHCI root hub, class 9/0, rev 2.00/1.00, addr 1\nuhub1: 10 ports with 10 removable, self powered\natapci0: \u003cnVidia nForce MCP55 UDMA133 controller\u003e port 0x1f0-0x1f7,0x3f6,0x170-0x177,0x376,0x3480-0x348f at device 4.0 on pci0\nata0: \u003cATA channel 0\u003e on atapci0\nata1: \u003cATA channel 1\u003e on atapci0\npcib1: \u003cACPI PCI-PCI bridge\u003e at device 6.0 on pci0\npci1: \u003cACPI PCI bus\u003e on pcib1\npcib2: \u003cPCI-PCI bridge\u003e at device 4.0 on pci1\npci2: \u003cPCI bus\u003e on pcib2\nmly0: \u003cMylex AcceleRAID 170\u003e mem 0xc0600000-0xc0601fff irq 20 at device 4.1 on pci1\nmly0: [GIANT-LOCKED]\nmly0: AcceleRAID 170  , 1 channel, firmware 6.00-7-00 (20001214), 32MB RAM\npci0: \u003cbridge\u003e at device 8.0 (no driver attached)\npci0: \u003cbridge\u003e at device 9.0 (no driver attached)\npcib3: \u003cACPI PCI-PCI bridge\u003e at device 13.0 on pci0\npci3: \u003cACPI PCI bus\u003e on pcib3\npcib4: \u003cACPI PCI-PCI bridge\u003e at device 0.0 on pci3\npci4: \u003cACPI PCI bus\u003e on pcib4\nfxp0: \u003cIntel 82559 Pro/100 Ethernet\u003e port 0x4000-0x403f mem 0xc0300000-0xc0300fff,0xc0200000-0xc02fffff irq 22 at device 9.0 on pci4\nmiibus0: \u003cMII bus\u003e on fxp0\ninphy0: \u003ci82555 10/100 media interface\u003e on miibus0\ninphy0:  10baseT, 10baseT-FDX, 100baseTX, 100baseTX-FDX, auto\nfxp0: Ethernet address: 00:d0:b7:1c:80:7e\npcib5: \u003cACPI PCI-PCI bridge\u003e mem 0xc0100000-0xc010007f irq 21 at device 0.1 on pci3\npci5: \u003cACPI PCI bus\u003e on pcib5\npcib6: \u003cACPI Host-PCI bridge\u003e port 0xcf8-0xcff on acpi0\npci128: \u003cACPI PCI bus\u003e on pcib6\npci128: \u003cmemory, RAM\u003e at device 0.0 (no driver attached)\npci128: \u003cmemory, RAM\u003e at device 1.0 (no driver attached)\npci128: \u003cserial bus, SMBus\u003e at device 1.1 (no driver attached)\npcib7: \u003cACPI PCI-PCI bridge\u003e at device 13.0 on pci128\npci129: \u003cACPI PCI bus\u003e on pcib7\npcib8: \u003cACPI PCI-PCI bridge\u003e at device 15.0 on pci128\npci130: \u003cACPI PCI bus\u003e on pcib8\npci130: \u003cdisplay, VGA\u003e at device 0.0 (no driver attached)\natkbdc0: \u003cKeyboard controller (i8042)\u003e port 0x60,0x64 irq 1 on acpi0\natkbd0: \u003cAT Keyboard\u003e irq 1 on atkbdc0\nkbd0 at atkbd0\natkbd0: [GIANT-LOCKED]\nsio0: \u003c16550A-compatible COM port\u003e port 0x3f8-0x3ff irq 4 flags 0x10 on acpi0\nsio0: type 16550A\nfdc0: \u003cfloppy drive controller\u003e port 0x3f0-0x3f5,0x3f7 irq 6 drq 2 on acpi0\nfdc0: [FAST]\npmtimer0 on isa0\norm0: \u003cISA Option ROMs\u003e at iomem 0xc0000-0xcefff,0xcf000-0xd07ff on isa0\nppc0: \u003cParallel port\u003e at port 0x278-0x27f irq 7 on isa0\nppc0: Generic chipset (EPP/NIBBLE) in COMPATIBLE mode\nppbus0: \u003cParallel port bus\u003e on ppc0\nplip0: \u003cPLIP network interface\u003e on ppbus0\nlpt0: \u003cPrinter\u003e on ppbus0\nlpt0: Interrupt-driven port\nppi0: \u003cParallel I/O\u003e on ppbus0\nsc0: \u003cSystem console\u003e at flags 0x100 on isa0\nsc0: VGA \u003c16 virtual consoles, flags=0x300\u003e\nsio1: configured irq 3 not in bitmap of probed irqs 0\nsio1: port may not be enabled\nvga0: \u003cGeneric ISA VGA\u003e at port 0x3c0-0x3df iomem 0xa0000-0xbffff on isa0\nTimecounters tick every 1.000 msec\nIP Filter: v4.1.13 initialized.  Default = block all, Logging = enabled\nipfw2 (+ipv6) initialized, divert loadable, rule-based forwarding disabled, default to accept, logging disabled\nacd0: CDROM \u003cNEC CD-ROM CD-3002A/C000\u003e at ata0-master UDMA33\nda0 at mly0 bus 1 target 0 lun 0\nda0: \u003cRAID 7 online \u003e Fixed Direct Access SCSI-3 device\nda0: 135.168MB/s transfers\nda0: 34712MB (71090176 512 byte sectors: 255H 63S/T 4425C)\nda1 at mly0 bus 1 target 1 lun 0\nda1: \u003cRAID 7 online \u003e Fixed Direct Access SCSI-3 device\nda1: 135.168MB/s transfers\nda1: 34712MB (71090176 512 byte sectors: 255H 63S/T 4425C)\nSMP: AP CPU #3 Launched!\nSMP: AP CPU #2 Launched!\nSMP: AP CPU #1 Launched!\n(da0:mly0:1:0:0): SYNCHRONIZE CACHE. CDB: 35 0 0 0 0 0 0 0 0 0\n(da0:mly0:1:0:0): Sense Error Code 0x0\n(da0:mly0:1:0:0): SYNCHRONIZE CACHE. CDB: 35 0 0 0 0 0 0 0 0 0\n(da0:mly0:1:0:0): Sense Error Code 0x0\n(da0:mly0:1:0:0): SYNCHRONIZE CACHE. CDB: 35 0 0 0 0 0 0 0 0 0\n(da0:mly0:1:0:0): Sense Error Code 0x0\n(da1:mly0:1:1:0): SYNCHRONIZE CACHE. CDB: 35 0 0 0 0 0 0 0 0 0\n(da1:mly0:1:1:0): Sense Error Code 0x0\n(da0:mly0:1:0:0): SYNCHRONIZE CACHE. CDB: 35 0 0 0 0 0 0 0 0 0\n(da0:mly0:1:0:0): Sense Error Code 0x0\n(da0:mly0:1:0:0): SYNCHRONIZE CACHE. CDB: 35 0 0 0 0 0 0 0 0 0\n(da0:mly0:1:0:0): Sense Error Code 0x0\n(da0:mly0:1:0:0): SYNCHRONIZE CACHE. CDB: 35 0 0 0 0 0 0 0 0 0\n(da0:mly0:1:0:0): Sense Error Code 0x0\n(da0:mly0:1:0:0): SYNCHRONIZE CACHE. CDB: 35 0 0 0 0 0 0 0 0 0\n(da0:mly0:1:0:0): Sense Error Code 0x0\n(da0:mly0:1:0:0): SYNCHRONIZE CACHE. CDB: 35 0 0 0 0 0 0 0 0 0\n(da0:mly0:1:0:0): Sense Error Code 0x0\n(da0:mly0:1:0:0): SYNCHRONIZE CACHE. CDB: 35 0 0 0 0 0 0 0 0 0\n(da0:mly0:1:0:0): Sense Error Code 0x0\n(da0:mly0:1:0:0): SYNCHRONIZE CACHE. CDB: 35 0 0 0 0 0 0 0 0 0\n(da0:mly0:1:0:0): Sense Error Code 0x0\nTrying to mount root from ufs:/dev/da0s1a\nWARNING: / was not properly dismounted\n(da1:mly0:1:1:0): SYNCHRONIZE CACHE. CDB: 35 0 0 0 0 0 0 0 0 0\n(da1:mly0:1:1:0): Sense Error Code 0x0\n(da1:mly0:1:1:0): SYNCHRONIZE CACHE. CDB: 35 0 0 0 0 0 0 0 0 0\n(da1:mly0:1:1:0): Sense Error Code 0x0\n(da1:mly0:1:1:0): SYNCHRONIZE CACHE. CDB: 35 0 0 0 0 0 0 0 0 0\n(da1:mly0:1:1:0): Sense Error Code 0x0\n(da1:mly0:1:1:0): SYNCHRONIZE CACHE. CDB: 35 0 0 0 0 0 0 0 0 0\n(da1:mly0:1:1:0): Sense Error Code 0x0\n(da1:mly0:1:1:0): SYNCHRONIZE CACHE. CDB: 35 0 0 0 0 0 0 0 0 0\n(da1:mly0:1:1:0): Sense Error Code 0x0\nacquiring duplicate lock of same type: \"vnode interlock\"\n 1st vnode interlock @ /usr/src/sys/kern/vfs_vnops.c:806\n 2nd vnode interlock @ /usr/src/sys/kern/vfs_subr.c:2039\nKDB: stack backtrace:\nkdb_backtrace(3,c80e6780,c07a89f0,c07a89f0,c07678a4,...) at kdb_backtrace+0x29\nwitness_checkorder(c7eb0d04,9,c072db32,7f7) at witness_checkorder+0x578\n_mtx_lock_flags(c7eb0d04,0,c072db32,7f7,c8055980,...) at _mtx_lock_flags+0x78\nvrefcnt(c7eb0c3c) at vrefcnt+0x20\nnull_checkvp(c81dac3c,c071c808,215) at null_checkvp+0x56\nnull_lock(ea872a68) at null_lock+0x66\nVOP_LOCK_APV(c0760b20,ea872a68) at VOP_LOCK_APV+0x87\nvn_lock(c81dac3c,1002,c80e6780,c81dac3c,c81dae60,...) at vn_lock+0xac\nnullfs_root(c8209000,2,ea872ae0,c80e6780,0,8,0,c07e5fe0,0,c072d3b0,407) at nullfs_root+0x26\nvfs_domount(c80e6780,c8055100,c8055700,d,c8055030,c0797ae0,0,c072d3b0,2bf) at vfs_domount+0x975\nvfs_donmount(c80e6780,d,c80ede80,c80ede80,0,...) at vfs_donmount+0x3f9\nnmount(c80e6780,ea872d04) at nmount+0x8b\nsyscall(3b,3b,3b,bfbfe5f5,bfbfeea0,...) at syscall+0x25b\nXint0x80_syscall() at Xint0x80_syscall+0x1f\n--- syscall (378, FreeBSD ELF32, nmount), eip = 0x280bc11b, esp = 0xbfbfe5bc, ebp = 0xbfbfee38 ---\nAccounting enabled\n\nshow pcpu:\n\ncpuid = 0\ncurthread = 0xc7ce3300: pid 20 \"swi6: Giant tasq\"\ncurpcb = 0xe68dbd90\nfpcurthread = none\nidlethread = 0xc7ce3a80: pid 13 \"idle: cpu0\"\nAPIC ID = 0\ncurrentldt = 0x50\nspin locks held:\n\nshow locks:\n\nexclusive sleep mutex Giant r = 0 (0xc0797ae0) locked @ /usr/src/sys/kern/kern_intr.c: 681\n\nshow alllocks:\n\nProcess 20 (swi6: Giant tasq) thread 0xc7ce3300 (100008)\nexclusive sleep mutex Giant r = 0 (0xc0797ae0) locked @ /usr/src/sys/kern/kern_intr.c: 681\n\nAfter getting a kernel dump I can obtain more information.\n\n--\nOleg Derevenetz \u003coleg@vsi.ru\u003e OOD3-RIPE\nPhone: +7 4732 539880\nFax:   +7 4732 531415         http://www.vsi.ru\nCenterTelecom Voronezh ISP    http://isp.vsi.ru"
}