{
 "id": 354269,
 "bug_id": 104406,
 "attachment_id": 0,
 "creation_time": "2007-03-07T02:10:59Z",
 "creator": "oleg@vsi.ru",
 "text": "I have the problem with the same symptoms on SMP FreeBSD 6.2-STABLE with \ndual AMD Opteron(tm) Processor 850. Sometimes (apparently when CPU load \nsuddenly goes up) all processes that interacts with disk gets stuck in \"ufs\" \nstate, but in my case SIGSTOP/SIGCONT seemingly does not help.\n\nuname -a output:\n\nFreeBSD serv2.vsi.ru 6.2-STABLE FreeBSD 6.2-STABLE #2: Sat Mar  3 01:59:08 \nMSK 2007     oleg@serv2.vsi.ru:/usr/obj/usr/src/sys/serv2  i386\n\ndmesg.boot:\n\nCopyright (c) 1992-2007 The FreeBSD Project.\nCopyright (c) 1979, 1980, 1983, 1986, 1988, 1989, 1991, 1992, 1993, 1994\n        The Regents of the University of California. All rights reserved.\nFreeBSD is a registered trademark of The FreeBSD Foundation.\nFreeBSD 6.2-STABLE #2: Sat Mar  3 01:59:08 MSK 2007\n    oleg@serv2.vsi.ru:/usr/obj/usr/src/sys/serv2\nTimecounter \"i8254\" frequency 1193182 Hz quality 0\nCPU: AMD Opteron(tm) Processor 850 (2389.26-MHz 686-class CPU)\n  Origin = \"AuthenticAMD\"  Id = 0x20f51  Stepping = 1\n  Features=0x78bfbff\u003cFPU,VME,DE,PSE,TSC,MSR,PAE,MCE,CX8,APIC,SEP,MTRR,PGE,MCA,CMOV,PAT,PSE36,CLFLUSH,MMX,FXSR,SSE,SSE2\u003e\n  Features2=0x1\u003cSSE3\u003e\n  AMD Features=0xe2500800\u003cSYSCALL,NX,MMX+,FFXSR,LM,3DNow+,3DNow\u003e\n  AMD Features2=0x1\u003cLAHF\u003e\nreal memory  = 8589934592 (8192 MB)\navail memory = 8350457856 (7963 MB)\nACPI APIC Table: \u003cPTLTD          APIC  \u003e\nFreeBSD/SMP: Multiprocessor System Detected: 2 CPUs\n cpu0 (BSP): APIC ID:  0\n cpu1 (AP): APIC ID:  1\nMADT: Forcing active-low polarity and level trigger for SCI\nioapic0 \u003cVersion 1.1\u003e irqs 0-23 on motherboard\nioapic1 \u003cVersion 1.1\u003e irqs 24-27 on motherboard\nioapic2 \u003cVersion 1.1\u003e irqs 28-31 on motherboard\nioapic3 \u003cVersion 1.1\u003e irqs 32-35 on motherboard\nioapic4 \u003cVersion 1.1\u003e irqs 36-39 on motherboard\nioapic5 \u003cVersion 1.1\u003e irqs 40-43 on motherboard\nioapic6 \u003cVersion 1.1\u003e irqs 44-47 on motherboard\nkbd1 at kbdmux0\nacpi0: \u003cPTLTD    XSDT\u003e on motherboard\nacpi0: Power Button (fixed)\nunknown: I/O range not supported\nunknown: I/O range not supported\nTimecounter \"ACPI-fast\" frequency 3579545 Hz quality 1000\nacpi_timer0: \u003c24-bit timer at 3.579545MHz\u003e port 0xf008-0xf00b on acpi0\ncpu0: \u003cACPI CPU\u003e on acpi0\ncpu1: \u003cACPI CPU\u003e on acpi0\nacpi_button0: \u003cPower Button\u003e on acpi0\npcib0: \u003cACPI Host-PCI bridge\u003e port 0xcf8-0xcff,0xf000-0xf07f,0xf080-0xf0ff \niomem 0xd8000-0xdbfff on acpi0\npci0: \u003cACPI PCI bus\u003e on pcib0\npcib1: \u003cACPI PCI-PCI bridge\u003e at device 6.0 on pci0\npci1: \u003cACPI PCI bus\u003e on pcib1\nohci0: \u003cOHCI (generic) USB controller\u003e mem 0xfc900000-0xfc900fff irq 19 at \ndevice 0.0 on pci1\nohci0: [GIANT-LOCKED]\nusb0: OHCI version 1.0, legacy support\nusb0: SMM does not respond, resetting\nusb0: \u003cOHCI (generic) USB controller\u003e on ohci0\nusb0: USB revision 1.0\nuhub0: AMD OHCI root hub, class 9/0, rev 1.00/1.00, addr 1\nuhub0: 3 ports with 3 removable, self powered\nohci1: \u003cOHCI (generic) USB controller\u003e mem 0xfc901000-0xfc901fff irq 19 at \ndevice 0.1 on pci1\nohci1: [GIANT-LOCKED]\nusb1: OHCI version 1.0, legacy support\nusb1: SMM does not respond, resetting\nusb1: \u003cOHCI (generic) USB controller\u003e on ohci1\nusb1: USB revision 1.0\nuhub1: AMD OHCI root hub, class 9/0, rev 1.00/1.00, addr 1\nuhub1: 3 ports with 3 removable, self powered\npci1: \u003cdisplay, VGA\u003e at device 5.0 (no driver attached)\nisab0: \u003cPCI-ISA bridge\u003e at device 7.0 on pci0\nisa0: \u003cISA bus\u003e on isab0\natapci0: \u003cAMD 8111 UDMA133 controller\u003e port \n0x1f0-0x1f7,0x3f6,0x170-0x177,0x376,0x1000-0x100f at device 7.1 on pci0\nata0: \u003cATA channel 0\u003e on atapci0\nata1: \u003cATA channel 1\u003e on atapci0\npci0: \u003cbridge\u003e at device 7.3 (no driver attached)\npcib2: \u003cACPI PCI-PCI bridge\u003e at device 10.0 on pci0\npci2: \u003cACPI PCI bus\u003e on pcib2\nbge0: \u003cBroadcom BCM5704 A3, ASIC rev. 0x2003\u003e mem \n0xfe010000-0xfe01ffff,0xfe000000-0xfe00ffff irq 25 at device 2.0 on pci2\nmiibus0: \u003cMII bus\u003e on bge0\nbrgphy0: \u003cBCM5704 10/100/1000baseTX PHY\u003e on miibus0\nbrgphy0:  10baseT, 10baseT-FDX, 100baseTX, 100baseTX-FDX, 1000baseTX, \n1000baseTX-FDX, auto\nbge0: Ethernet address: 00:09:3d:13:fd:00\nbge1: \u003cBroadcom BCM5704 A3, ASIC rev. 0x2003\u003e mem \n0xfe030000-0xfe03ffff,0xfe020000-0xfe02ffff irq 26 at device 2.1 on pci2\nmiibus1: \u003cMII bus\u003e on bge1\nbrgphy1: \u003cBCM5704 10/100/1000baseTX PHY\u003e on miibus1\nbrgphy1:  10baseT, 10baseT-FDX, 100baseTX, 100baseTX-FDX, 1000baseTX, \n1000baseTX-FDX, auto\nbge1: Ethernet address: 00:09:3d:13:fd:01\nmpt0: \u003cLSILogic 1030 Ultra4 Adapter\u003e port 0x2000-0x20ff mem \n0xfe050000-0xfe05ffff,0xfe040000-0xfe04ffff irq 27 at device 4.0 on pci2\nmpt0: [GIANT-LOCKED]\nmpt0: MPI Version=1.2.15.0\nmpt0: Capabilities: ( RAID-1E RAID-1 SAFTE )\nmpt0: 0 Active Volumes (1 Max)\nmpt0: 0 Hidden Drive Members (6 Max)\npci0: \u003cbase peripheral, interrupt controller\u003e at device 10.1 (no driver \nattached)\npcib3: \u003cACPI PCI-PCI bridge\u003e at device 11.0 on pci0\npci3: \u003cACPI PCI bus\u003e on pcib3\npci0: \u003cbase peripheral, interrupt controller\u003e at device 11.1 (no driver \nattached)\npcib4: \u003cACPI Host-PCI bridge\u003e iomem \n0xfe301000-0xfe301fff,0xfe303000-0xfe303fff,0xfe305000-0xfe305fff,0xfe307000-0xfe307fff \non acpi0\npci32: \u003cACPI PCI bus\u003e on pcib4\npcib5: \u003cACPI PCI-PCI bridge\u003e mem 0xfe300000-0xfe300fff irq 32 at device 1.0 \non pci32\npci33: \u003cACPI PCI bus\u003e on pcib5\npci32: \u003cbase peripheral, interrupt controller\u003e at device 1.1 (no driver \nattached)\npcib6: \u003cACPI PCI-PCI bridge\u003e mem 0xfe302000-0xfe302fff irq 36 at device 2.0 \non pci32\npci34: \u003cACPI PCI bus\u003e on pcib6\npci32: \u003cbase peripheral, interrupt controller\u003e at device 2.1 (no driver \nattached)\npcib7: \u003cACPI PCI-PCI bridge\u003e mem 0xfe304000-0xfe304fff irq 40 at device 3.0 \non pci32\npci35: \u003cACPI PCI bus\u003e on pcib7\npci32: \u003cbase peripheral, interrupt controller\u003e at device 3.1 (no driver \nattached)\npcib8: \u003cACPI PCI-PCI bridge\u003e mem 0xfe306000-0xfe306fff irq 44 at device 4.0 \non pci32\npci36: \u003cACPI PCI bus\u003e on pcib8\npci32: \u003cbase peripheral, interrupt controller\u003e at device 4.1 (no driver \nattached)\natkbdc0: \u003cKeyboard controller (i8042)\u003e port 0x60,0x64 irq 1 on acpi0\natkbd0: \u003cAT Keyboard\u003e irq 1 on atkbdc0\nkbd0 at atkbd0\natkbd0: [GIANT-LOCKED]\nsio0: \u003c16550A-compatible COM port\u003e port 0x3f8-0x3ff irq 4 flags 0x10 on \nacpi0\nsio0: type 16550A\nfdc0: \u003cfloppy drive controller\u003e port 0x3f0-0x3f5,0x3f7 irq 6 drq 2 on acpi0\nfdc0: [FAST]\nfd0: \u003c1440-KB 3.5\" drive\u003e on fdc0 drive 0\npmtimer0 on isa0\norm0: \u003cISA Option ROMs\u003e at iomem \n0xc0000-0xc7fff,0xc8000-0xc97ff,0xc9800-0xcafff,0xcb000-0xcefff on isa0\nppc0: parallel port not found.\nsc0: \u003cSystem console\u003e at flags 0x100 on isa0\nsc0: VGA \u003c16 virtual consoles, flags=0x300\u003e\nsio1 at port 0x2f8-0x2ff irq 3 on isa0\nsio1: type 16550A\nvga0: \u003cGeneric ISA VGA\u003e at port 0x3c0-0x3df iomem 0xa0000-0xbffff on isa0\nTimecounters tick every 1.000 msec\nIP Filter: v4.1.13 initialized.  Default = block all, Logging = enabled\nWaiting 5 seconds for SCSI devices to settle\nacd0: DMA limited to UDMA33, controller found non-ATA66 cable\nacd0: DVDROM \u003cMATSHITADVD-ROM SR-8178/PZ21\u003e at ata1-master UDMA33\nses0 at mpt0 bus 0 target 6 lun 0\nses0: \u003cSDR GEM318P 1\u003e Fixed Processor SCSI-2 device\nses0: 3.300MB/s transfers\nses0: SAF-TE Compliant Device\nSMP: AP CPU #1 Launched!\nda0 at mpt0 bus 0 target 0 lun 0\nda0: \u003cSEAGATE ST373207LC 0003\u003e Fixed Direct Access SCSI-3 device\nda0: 320.000MB/s transfers (160.000MHz, offset 63, 16bit), Tagged Queueing \nEnabled\nda0: 70007MB (143374744 512 byte sectors: 255H 63S/T 8924C)\nda1 at mpt0 bus 0 target 2 lun 0\nda1: \u003cSEAGATE ST336807LC 0C01\u003e Fixed Direct Access SCSI-3 device\nda1: 320.000MB/s transfers (160.000MHz, offset 63, 16bit), Tagged Queueing \nEnabled\nda1: 35003MB (71687372 512 byte sectors: 255H 63S/T 4462C)\nTrying to mount root from ufs:/dev/da0s1a\nAccounting enabled\n\nAny ideas on how to debug this ?\n\n--\nOleg Derevenetz \u003coleg@vsi.ru\u003e OOD3-RIPE\nPhone: +7 4732 539880\nFax:   +7 4732 531415         http://www.vsi.ru\nCenterTelecom Voronezh ISP    http://isp.vsi.ru"
}