{
 "id": 582693,
 "bug_id": 151447,
 "attachment_id": 0,
 "creation_time": "2010-10-15T00:18:05Z",
 "creator": "darernr@freebsd.org",
 "text": "Copyright (c) 1992-2009 The FreeBSD Project.\nCopyright (c) 1979, 1980, 1983, 1986, 1988, 1989, 1991, 1992, 1993, 1994\n        The Regents of the University of California. All rights reserved.\nFreeBSD is a registered trademark of The FreeBSD Foundation.\nFreeBSD 8.0-BETA4 #0: Sun Sep  6 05:51:03 UTC 2009\n    root@almeida.cse.buffalo.edu:/usr/obj/usr/src/sys/GENERIC \n\u003cmailto:root@almeida.cse.buffalo.edu:/usr/obj/usr/src/sys/GENERIC\u003e\nWARNING: WITNESS option enabled, expect reduced performance.\nTimecounter \"i8254\" frequency 1193182 Hz quality 0\nCPU: Intel(R) Core(TM) i7 CPU         920  @ 2.67GHz (2667.97-MHz \n686-class CPU)\n  Origin = \"GenuineIntel\"  Id = 0x106a5  Stepping = 5\n  \nFeatures=0xfebfbff\u003cFPU,VME,DE,PSE,TSC,MSR,PAE,MCE,CX8,APIC,SEP,MTRR,PGE,MCA,CM\nOV,PAT,PSE36,CLFLUSH,DTS,ACPI,MMX,FXSR,SSE,SSE2,SS\u003e\n  Features2=0x80982201\u003cSSE3,SSSE3,CX16,SSE4.1,SSE4.2,POPCNT,\u003cb31\u003e\u003e\n  AMD Features=0x28100000\u003cNX,RDTSCP,LM\u003e\n  AMD Features2=0x1\u003cLAHF\u003e\n  TSC: P-state invariant\nreal memory  = 1073741824 (1024 MB)\navail memory = 1031798784 (984 MB)\nACPI APIC Table: \u003cPTLTD          APIC  \u003e\nFreeBSD/SMP: Multiprocessor System Detected: 2 CPUs\nFreeBSD/SMP: 1 package(s) x 1 core(s) x 2 SMT threads\n cpu0 (BSP): APIC ID:  0\n cpu1 (AP): APIC ID:  1\nMADT: Forcing active-low polarity and level trigger for SCI\nioapic0 \u003cVersion 1.1\u003e irqs 0-23 on motherboard\nkbd1 at kbdmux0\nacpi0: \u003cINTEL 440BX\u003e on motherboard\nacpi0: [ITHREAD]\nacpi0: Power Button (fixed)\nTimecounter \"ACPI-safe\" frequency 3579545 Hz quality 850\nacpi_timer0: \u003c24-bit timer at 3.579545MHz\u003e port 0x1008-0x100b on acpi0\npcib0: \u003cACPI Host-PCI bridge\u003e port 0xcf8-0xcff on acpi0\npci0: \u003cACPI PCI bus\u003e on pcib0\npcib1: \u003cACPI PCI-PCI bridge\u003e at device 1.0 on pci0\npci1: \u003cACPI PCI bus\u003e on pcib1\nisab0: \u003cPCI-ISA bridge\u003e at device 7.0 on pci0\nisa0: \u003cISA bus\u003e on isab0\natapci0: \u003cIntel PIIX4 UDMA33 controller\u003e port \n0x1f0-0x1f7,0x3f6,0x170-0x177,0x37\n6,0x10c0-0x10cf at device 7.1 on pci0\nata0: \u003cATA channel 0\u003e on atapci0\nata0: [ITHREAD]\nata1: \u003cATA channel 1\u003e on atapci0\nata1: [ITHREAD]\npci0: \u003cbridge\u003e at device 7.3 (no driver attached)\npci0: \u003cbase peripheral\u003e at device 7.7 (no driver attached)\nvgapci0: \u003cVGA-compatible display\u003e port 0x10d0-0x10df mem \n0xd0000000-0xd7ffffff,0\nxd8000000-0xd87fffff irq 16 at device 15.0 on pci0\nmpt0: \u003cLSILogic 1030 Ultra4 Adapter\u003e port 0x1400-0x14ff mem \n0xd8820000-0xd883fff\nf,0xd8800000-0xd881ffff irq 17 at device 16.0 on pci0\nmpt0: [ITHREAD]\nmpt0: MPI Version=1.2.0.0\npcib2: \u003cACPI PCI-PCI bridge\u003e at device 17.0 on pci0\npci2: \u003cACPI PCI bus\u003e on pcib2\nuhci0: \u003cIntel 82371AB/EB (PIIX4) USB controller\u003e port 0x20c0-0x20df irq \n18 at de\nvice 0.0 on pci2\nuhci0: [ITHREAD]\nusbus0: \u003cIntel 82371AB/EB (PIIX4) USB controller\u003e on uhci0\nem0: \u003cIntel(R) PRO/1000 Network Connection 6.9.14\u003e port 0x2000-0x203f \nmem 0xd894\n0000-0xd895ffff,0xd8900000-0xd890ffff irq 19 at device 1.0 on pci2\nem0: Memory Access and/or Bus Master bits were not set!\nem0: [FILTER]\nem0: Ethernet address: 00:0c:29:2d:fc:09\nehci0: \u003cEHCI (generic) USB 2.0 controller\u003e mem 0xd8930000-0xd8930fff irq \n16 at d\nevice 2.0 on pci2\nehci0: [ITHREAD]\nusbus1: EHCI version 1.0\nusbus1: \u003cEHCI (generic) USB 2.0 controller\u003e on ehci0\nem1: \u003cIntel(R) PRO/1000 Network Connection 6.9.14\u003e port 0x2040-0x207f \nmem 0xd896\n0000-0xd897ffff,0xd8910000-0xd891ffff irq 18 at device 4.0 on pci2\nem1: Memory Access and/or Bus Master bits were not set!\nem1: [FILTER]\nem1: Ethernet address: 00:0c:29:2d:fc:13\nem2: \u003cIntel(R) PRO/1000 Network Connection 6.9.14\u003e port 0x2080-0x20bf \nmem 0xd898\n0000-0xd899ffff,0xd8920000-0xd892ffff irq 19 at device 5.0 on pci2\nem2: Memory Access and/or Bus Master bits were not set!\nem2: [FILTER]\nem2: Ethernet address: 00:0c:29:2d:fc:1d\npcib3: \u003cACPI PCI-PCI bridge\u003e at device 21.0 on pci0\npci3: \u003cACPI PCI bus\u003e on pcib3\npcib4: \u003cACPI PCI-PCI bridge\u003e at device 21.1 on pci0\npci4: \u003cACPI PCI bus\u003e on pcib4\npcib5: \u003cACPI PCI-PCI bridge\u003e at device 21.2 on pci0\npci5: \u003cACPI PCI bus\u003e on pcib5\npcib6: \u003cACPI PCI-PCI bridge\u003e at device 21.3 on pci0\npci6: \u003cACPI PCI bus\u003e on pcib6\npcib7: \u003cACPI PCI-PCI bridge\u003e at device 21.4 on pci0\npci7: \u003cACPI PCI bus\u003e on pcib7\npcib8: \u003cACPI PCI-PCI bridge\u003e at device 21.5 on pci0\npci8: \u003cACPI PCI bus\u003e on pcib8\npcib9: \u003cACPI PCI-PCI bridge\u003e at device 21.6 on pci0\npci9: \u003cACPI PCI bus\u003e on pcib9\npcib10: \u003cACPI PCI-PCI bridge\u003e at device 21.7 on pci0\npci10: \u003cACPI PCI bus\u003e on pcib10\npcib11: \u003cACPI PCI-PCI bridge\u003e at device 22.0 on pci0\npci11: \u003cACPI PCI bus\u003e on pcib11\npcib12: \u003cACPI PCI-PCI bridge\u003e at device 22.1 on pci0\npci12: \u003cACPI PCI bus\u003e on pcib12\npcib13: \u003cACPI PCI-PCI bridge\u003e at device 22.2 on pci0\npci13: \u003cACPI PCI bus\u003e on pcib13\npcib14: \u003cACPI PCI-PCI bridge\u003e at device 22.3 on pci0\npci14: \u003cACPI PCI bus\u003e on pcib14\npcib15: \u003cACPI PCI-PCI bridge\u003e at device 22.4 on pci0\npci15: \u003cACPI PCI bus\u003e on pcib15\npcib16: \u003cACPI PCI-PCI bridge\u003e at device 22.5 on pci0\npci16: \u003cACPI PCI bus\u003e on pcib16\npcib17: \u003cACPI PCI-PCI bridge\u003e at device 22.6 on pci0\npci17: \u003cACPI PCI bus\u003e on pcib17\npcib18: \u003cACPI PCI-PCI bridge\u003e at device 22.7 on pci0\npci18: \u003cACPI PCI bus\u003e on pcib18\npcib19: \u003cACPI PCI-PCI bridge\u003e at device 23.0 on pci0\npci19: \u003cACPI PCI bus\u003e on pcib19\npcib20: \u003cACPI PCI-PCI bridge\u003e at device 23.1 on pci0\npci20: \u003cACPI PCI bus\u003e on pcib20\npcib21: \u003cACPI PCI-PCI bridge\u003e at device 23.2 on pci0\npci21: \u003cACPI PCI bus\u003e on pcib21\npcib22: \u003cACPI PCI-PCI bridge\u003e at device 23.3 on pci0\npci22: \u003cACPI PCI bus\u003e on pcib22\npcib23: \u003cACPI PCI-PCI bridge\u003e at device 23.4 on pci0\npci23: \u003cACPI PCI bus\u003e on pcib23\npcib24: \u003cACPI PCI-PCI bridge\u003e at device 23.5 on pci0\npci24: \u003cACPI PCI bus\u003e on pcib24\npcib25: \u003cACPI PCI-PCI bridge\u003e at device 23.6 on pci0\npci25: \u003cACPI PCI bus\u003e on pcib25\npcib26: \u003cACPI PCI-PCI bridge\u003e at device 23.7 on pci0\npci26: \u003cACPI PCI bus\u003e on pcib26\npcib27: \u003cACPI PCI-PCI bridge\u003e at device 24.0 on pci0\npci27: \u003cACPI PCI bus\u003e on pcib27\npcib28: \u003cACPI PCI-PCI bridge\u003e at device 24.1 on pci0\npci28: \u003cACPI PCI bus\u003e on pcib28\npcib29: \u003cACPI PCI-PCI bridge\u003e at device 24.2 on pci0\npci29: \u003cACPI PCI bus\u003e on pcib29\npcib30: \u003cACPI PCI-PCI bridge\u003e at device 24.3 on pci0\npci30: \u003cACPI PCI bus\u003e on pcib30\npcib31: \u003cACPI PCI-PCI bridge\u003e at device 24.4 on pci0\npci31: \u003cACPI PCI bus\u003e on pcib31\npcib32: \u003cACPI PCI-PCI bridge\u003e at device 24.5 on pci0\npci32: \u003cACPI PCI bus\u003e on pcib32\npcib33: \u003cACPI PCI-PCI bridge\u003e at device 24.6 on pci0\npci33: \u003cACPI PCI bus\u003e on pcib33\npcib34: \u003cACPI PCI-PCI bridge\u003e at device 24.7 on pci0\npci34: \u003cACPI PCI bus\u003e on pcib34\nacpi_acad0: \u003cAC Adapter\u003e on acpi0\nacpi_button0: \u003cSleep Button\u003e on acpi0\natrtc0: \u003cAT realtime clock\u003e port 0x70-0x71 irq 8 on acpi0\natkbdc0: \u003cKeyboard controller (i8042)\u003e port 0x60,0x64 irq 1 on acpi0\natkbd0: \u003cAT Keyboard\u003e irq 1 on atkbdc0\nkbd0 at atkbd0\natkbd0: [GIANT-LOCKED]\natkbd0: [ITHREAD]\npsm0: \u003cPS/2 Mouse\u003e irq 12 on atkbdc0\npsm0: [GIANT-LOCKED]\npsm0: [ITHREAD]\npsm0: model IntelliMouse, device ID 3\nppc0: \u003cParallel port\u003e port 0x378-0x37f irq 7 on acpi0\nppc0: Generic chipset (NIBBLE-only) in COMPATIBLE mode\nppc0: [ITHREAD]\nppbus0: \u003cParallel port bus\u003e on ppc0\nplip0: \u003cPLIP network interface\u003e on ppbus0\nplip0: [ITHREAD]\nlpt0: \u003cPrinter\u003e on ppbus0\nlpt0: [ITHREAD]\nlpt0: Interrupt-driven port\nppi0: \u003cParallel I/O\u003e on ppbus0\nuart0: \u003c16550 or compatible\u003e port 0x3f8-0x3ff irq 4 flags 0x10 on acpi0\nuart0: [FILTER]\nuart1: \u003c16550 or compatible\u003e port 0x2f8-0x2ff irq 3 on acpi0\nuart1: [FILTER]\nfdc0: \u003cfloppy drive controller\u003e port 0x3f0-0x3f5,0x3f7 irq 6 drq 2 on acpi0\nfdc0: [FILTER]\ncpu0: \u003cACPI CPU\u003e on acpi0\nacpi_throttle0: \u003cACPI CPU Throttling\u003e on cpu0\nsmist0: \u003cSpeedStep SMI\u003e on cpu0\ndevice_attach: smist0 attach returned 6\ncpu1: \u003cACPI CPU\u003e on acpi0\nacpi_throttle1: \u003cACPI CPU Throttling\u003e on cpu1\nacpi_throttle1: failed to attach P_CNT\ndevice_attach: acpi_throttle1 attach returned 6\nsmist1: \u003cSpeedStep SMI\u003e on cpu1\ndevice_attach: smist1 attach returned 6\npmtimer0 on isa0\norm0: \u003cISA Option ROMs\u003e at iomem \n0xc0000-0xc7fff,0xc8000-0xc8fff,0xc9000-0xc9fff\n,0xca000-0xcafff,0xdc000-0xdffff,0xe4000-0xe7fff pnpid ORM0000 on isa0\nsc0: \u003cSystem console\u003e at flags 0x100 on isa0\nsc0: VGA \u003c16 virtual consoles, flags=0x300\u003e\nvga0: \u003cGeneric ISA VGA\u003e at port 0x3c0-0x3df iomem 0xa0000-0xbffff on isa0\nTimecounters tick every 10.000 msec\nusbus0: 12Mbps Full Speed USB v1.0\nusbus1: 480Mbps High Speed USB v2.0\nad0: 610480MB \u003cVMware Virtual IDE Hard Drive 00000001\u003e at ata0-master UDMA33\nugen0.1: \u003cIntel\u003e at usbus0\nuhub0: \u003cIntel UHCI root HUB, class 9/0, rev 1.00/1.00, addr 1\u003e on usbus0\nugen1.1: \u003c(0x15ad)\u003e at usbus1\nuhub1: \u003c(0x15ad) EHCI root HUB, class 9/0, rev 2.00/1.00, addr 1\u003e on usbus1\nGEOM: ad0: partition 3 does not start on a track boundary.\nGEOM: ad0: partition 3 does not end on a track boundary.\nGEOM: ad0: partition 2 does not start on a track boundary.\nGEOM: ad0: partition 2 does not end on a track boundary.\nad1: 1907729MB \u003cVMware Virtual IDE Hard Drive 00000001\u003e at ata0-slave UDMA33\nuhub0: 2 ports with 2 removable, self powered\nfdc0: ready for output in input\nfdc0: ready for output in input\nfdc0: ready for output in input\nfdc0: ready for output in input\nfdc0: ready for output in input\nfdc0: ready for output in input\nfdc0: ready for output in input\nfdc0: ready for output in input\nuhub1: 6 ports with 6 removable, self powered\nad1: FAILURE - READ_DMA48 timed out LBA=3907029165\nad1: FAILURE - READ_DMA48 timed out LBA=3907029151\nad1: FAILURE - READ_DMA48 timed out LBA=3907029164\nad1: FAILURE - READ_DMA48 timed out LBA=3907029167\nad1: FAILURE - READ_DMA48 timed out LBA=3907029167\nad1: FAILURE - READ_DMA48 timed out LBA=3907028727\nacd0: CDROM \u003cVMware Virtual IDE CDROM Drive/00000001\u003e at ata1-master UDMA33\nWaiting 5 seconds for SCSI devices to settle\nSMP: AP CPU #1 Launched!\nWARNING: WITNESS option enabled, expect reduced performance.\nGEOM: ad0s4: geometry does not match label (255h,63s != 15h,63s).\nad1: TIMEOUT - READ_DMA48 retrying (1 retry left) LBA=3907029167\nad1: TIMEOUT - READ_DMA48 retrying (0 retries left) LBA=3907029167\nad1: FAILURE - READ_DMA48 timed out LBA=3907029167\nGEOM: ad1: invalid disklabel.\nTrying to mount root from ufs:/dev/ad0s4a\nWARNING: ZFS is considered to be an experimental feature in FreeBSD.\nZFS NOTICE: prefetch is disabled by default on i386 - add enable to \ntunable to c\nhange.\nZFS filesystem version 13\nZFS storage pool version 13\npid 871 (ps), uid 0: exited on signal 11 (core dumped)\npid 888 (fstat), uid 0: exited on signal 11"
}