{
 "id": 1061858,
 "bug_id": 239831,
 "attachment_id": 0,
 "creation_time": "2019-08-13T21:12:46Z",
 "creator": "asomers@FreeBSD.org",
 "text": "On a recent head, lklfuse hangs on SIGINT (but not on normal unmount).  The problem can be easily reproduced by running lklfuse in debug mode, then issueing CTRL-C.\n\n\u003e uname -a\nFreeBSD arginine-fbsd-head 13.0-CURRENT FreeBSD 13.0-CURRENT #7 r350943M: Mon Aug 12 22:46:56 UTC 2019     somers@arginine-fbsd-head:/usr/obj/usr/home/somers/freebsd/base/head/amd64.amd64/sys/GENERIC  amd64\n\u003e \nlklfuse -o type=ext2,debug /tmp/ext2.img /tmp/mnt\nFUSE library version: 2.9.9\nnullpath_ok: 1\nnopath: 1\nutime_omit_ok: 1\n[    0.000000] Linux version 4.16.0 (root@head-amd64-default-job-13) (gcc version 9.1.0 (FreeBSD Ports Collection)) #1 Sat Aug 3 20:01:57 UTC 2019\n[    0.000000] bootmem address range: 0x802601000 - 0x806600000\n[    0.000000] Built 1 zonelists, mobility grouping on.  Total pages: 16159\n[    0.000000] Kernel command line: mem=64M virtio_mmio.device=292@0x1000000:1\n[    0.000000] Dentry cache hash table entries: 8192 (order: 4, 65536 bytes)\n[    0.000000] Inode-cache hash table entries: 4096 (order: 3, 32768 bytes)\n[    0.000000] Memory available: 64440k/65532k RAM\n[    0.000000] SLUB: HWalign=32, Order=0-3, MinObjects=0, CPUs=1, Nodes=1\n[    0.000000] NR_IRQS: 4096\n[    0.000000] lkl: irqs initialized\n[    0.000000] clocksource: lkl: mask: 0xffffffffffffffff max_cycles: 0x1cd42e4dffb, max_idle_ns: 881590591483 ns\n[    0.000007] lkl: time and timers initialized (irq2)\n[    0.000033] pid_max: default: 4096 minimum: 301\n[    0.000059] Mount-cache hash table entries: 512 (order: 0, 4096 bytes)\n[    0.000068] Mountpoint-cache hash table entries: 512 (order: 0, 4096 bytes)\n[    0.006301] console [lkl_console0] enabled\n[    0.006324] clocksource: jiffies: mask: 0xffffffff max_cycles: 0xffffffff, max_idle_ns: 19112604462750000 ns\n[    0.006336] xor: automatically using best checksumming function   8regs     \n[    0.006393] random: get_random_u32 called from bucket_table_alloc+0x8b/0x240 with crng_init=0\n[    0.006424] NET: Registered protocol family 16\n[    0.334184] raid6: int64x1  gen()  9489 MB/s\n[    0.674170] raid6: int64x1  xor()  5417 MB/s\n[    1.014266] raid6: int64x2  gen() 11916 MB/s\n[    1.354327] raid6: int64x2  xor()  6942 MB/s\n[    1.694230] raid6: int64x4  gen()  8790 MB/s\n[    2.034345] raid6: int64x4  xor()  6150 MB/s\n[    2.374362] raid6: int64x8  gen()  8616 MB/s\n[    2.554210] random: fast init done\n[    2.714301] raid6: int64x8  xor()  6065 MB/s\n[    2.714324] raid6: using algorithm int64x2 gen() 11916 MB/s\n[    2.714334] raid6: .... xor() 6942 MB/s, rmw enabled\n[    2.714343] raid6: using intx1 recovery algorithm\n[    2.714526] clocksource: Switched to clocksource lkl\n[    2.714702] NET: Registered protocol family 2\n[    2.714934] tcp_listen_portaddr_hash hash table entries: 256 (order: 0, 4096 bytes)\n[    2.714966] TCP established hash table entries: 512 (order: 0, 4096 bytes)\n[    2.714994] TCP bind hash table entries: 512 (order: 0, 4096 bytes)\n[    2.715023] TCP: Hash tables configured (established 512 bind 512)\n[    2.715081] UDP hash table entries: 128 (order: 0, 4096 bytes)\n[    2.715091] UDP-Lite hash table entries: 128 (order: 0, 4096 bytes)\n[    2.715198] virtio-mmio: Registering device virtio-mmio.0 at 0x1000000-0x1000123, IRQ 1.\n[    2.716274] workingset: timestamp_bits=62 max_order=14 bucket_order=0\n[    2.717085] SGI XFS with ACLs, security attributes, no debug enabled\n[    2.738308] io scheduler noop registered\n[    2.738370] io scheduler deadline registered\n[    2.738417] io scheduler cfq registered (default)\n[    2.738430] io scheduler mq-deadline registered\n[    2.738439] io scheduler kyber registered\n[    2.738459] virtio-mmio virtio-mmio.0: Failed to enable 64-bit or 32-bit DMA.  Trying to continue, but this might not work.\n[    2.741372] virtio_blk virtio0: [vda] 2097152 512-byte logical blocks (1.07 GB/1.00 GiB)\n[    2.742789] NET: Registered protocol family 10\n[    2.743873] Segment Routing with IPv6\n[    2.743909] sit: IPv6, IPv4 and MPLS over IPv4 tunneling driver\n[    2.744330] Btrfs loaded, crc32c=crc32c-generic\n[    2.744548] Warning: unable to open an initial console.\n[    2.744604] This architecture does not have kernel memory protection.\n[    2.746119] EXT4-fs (vda): mounting ext2 file system using the ext4 subsystem\n[    2.747607] EXT4-fs (vda): mounted filesystem without journal. Opts: \nwarning: multithreaded mode not supported\nunique: 1, opcode: INIT (26), nodeid: 0, insize: 56, pid: 1862\nINIT: 7.23\nflags=0x00010033\nmax_readahead=0x00010000\n   INIT: 7.19\n   flags=0x00000011\n   max_readahead=0x00010000\n   max_write=0x00020000\n   max_background=0\n   congestion_threshold=0\n   unique: 1, success, outsize: 40\n^C[   10.800564] EXT4-fs (vda): re-mounted. Opts: (null)\n[   10.800951] reboot: Restarting system\n\u003e procstat -kk 1860\n  PID    TID COMM                TDNAME              KSTACK                       \n 1860 100119 lklfuse             -                   mi_switch+0x494 sleepq_switch+0x348 sleepq_catch_signals+0x6e2 sleepq_timedwait_sig+0x1b _sleep+0x6e4 fdisp_wait_answ+0x164 fuse_vfsop_unmount+0x103 dounmount+0x675 sys_unmount+0x4bc syscallenter+0x4e1 amd64_syscall+0x1b fast_syscall_common+0x101 \n 1860 100768 lklfuse             -                   mi_switch+0x494 sleepq_switch+0x348 sleepq_catch_signals+0x6e2 sleepq_wait_sig+0x1b _sleep+0x721 kern_sigtimedwait+0x521 sys_sigwaitinfo+0x8e syscallenter+0x4e1 amd64_syscall+0x1b fast_syscall_common+0x101\n\nThe procstat output shows that lklfuse is stuck in unmount while waiting for a reponse from the server (i.e. itself).  That suggests that there's an ordering bug in the shutdown procedure.  It's as if the FUSE thread shuts down before the unmount is complete.\n\nThis bug is also reproducible on 11.3-RELEASE-p1, so the bug lies in lklfuse, and not the new fusefs(5) driver."
}