{
 "id": 845394,
 "bug_id": 203904,
 "attachment_id": 0,
 "creation_time": "2015-10-22T22:37:23Z",
 "creator": "loonybomber@yahoo.com",
 "text": "Relevant Memory Settings\n\nSettings in /boot/loader.conf:\nkern.ipc.shmseg=1024\nkern.ipc.shmmni=1024\nkern.ipc.shmall=32768\nkern.maxproc=10000\n# Test Wine Support size too big for compat modes, reduce it\nkern.maxdsiz=805306368\n\n\n$ sysctl hw.physmem\nhw.physmem: 2083291136\n\n$ grep memory /var/run/dmesg.boot\nreal memory  = 2147483648 (2048 MB)\navail memory = 2012311552 (1919 MB)\n\n(In reply to Tobias Berner from comment #2)\n\nMemory Use While Compiling\n\n[Absent another method to monitor memory usage, I ran top while doing make install and made the following observation:  Available free memory drops when running make, when the available free memory drops below about 13m (shown in the output below) make stops with \"*** Error code 254.\"]\n\n308 processes: 6 running, 282 sleeping, 20 waiting\nCPU: 24.3% user,  0.0% nice,  1.3% system,  1.3% interrupt, 73.0% idle\nMem: 1394M Active, 73M Inact, 453M Wired, 1880K Cache, 210M Buf, 13M Free\nSwap: \n\n  PID USERNAME      PRI NICE   SIZE    RES STATE   C   TIME    WCPU COMMAND\n28818 root          103    0   822M   800M CPU1    1   1:07 100.00% c++\n   11 root          155 ki31     0K    64K RUN     2  51.2H  87.16% idle{idle: cpu2}\n   11 root          155 ki31     0K    64K RUN     1  49.9H  85.69% idle{idle: cpu1}\n   11 root          155 ki31     0K    64K CPU3    3  51.4H  60.50% idle{idle: cpu3}\n   11 root          155 ki31     0K    64K CPU0    0  51.1H  59.38% idle{idle: cpu0}\n    4 root          -16    -     0K    16K psleep  1   1:13   4.69% pagedaemon\n    5 root          -16    -     0K    16K psleep  0   0:02   3.96% vmdaemon\n28819 amygdala       20    0 21924K  2656K CPU2    2   0:00   0.29% top\n\nI don't understand why I would run out of memory with qt4-xmlpatterns and not something else.  I'm attempting to install the package instead of building it."
}