{
 "id": 893133,
 "bug_id": 211897,
 "attachment_id": 0,
 "creation_time": "2016-08-16T11:55:37Z",
 "creator": "freebsd-bugzilla@ayaken.net",
 "text": "For completeness, here's the whole -p7 dmesg from my last boot:\n\n Copyright (c) 1992-2016 The FreeBSD Project.\n Copyright (c) 1979, 1980, 1983, 1986, 1988, 1989, 1991, 1992, 1993, 1994\n The Regents of the University of California. All rights reserved.\n FreeBSD is a registered trademark of The FreeBSD Foundation.\n FreeBSD 10.3-RELEASE-p7 #0: Thu Aug 11 18:38:15 UTC 2016\n root@amd64-builder.daemonology.net:/usr/obj/usr/src/sys/GENERIC amd64\n FreeBSD clang version 3.4.1 (tags/RELEASE_34/dot1-final 208032) 20140512\n CPU: Intel(R) Core(TM) i7-4790K CPU @ 4.00GHz (4439.49-MHz K8-class CPU)\n Origin=\"GenuineIntel\"  Id=0x306c3  Family=0x6  Model=0x3c  Stepping=3\n Features=0xbfebfbff\u003cFPU,VME,DE,PSE,TSC,MSR,PAE,MCE,CX8,APIC,SEP,MTRR,PGE,MCA,CMOV,PAT,PSE36,CLFLUSH,DTS,ACPI,MMX,FXSR,SSE,SSE2,SS,HTT,TM,PBE\u003e\n Features2=0x7ffafbbf\u003cSSE3,PCLMULQDQ,DTES64,MON,DS_CPL,VMX,EST,TM2,SSSE3,SDBG,FMA,CX16,xTPR,PDCM,PCID,SSE4.1,SSE4.2,x2APIC,MOVBE,POPCNT,TSCDLT,AESNI,XSAVE,OSXSAVE,AVX,F16C,RDRAND\u003e\n AMD Features=0x2c100800\u003cSYSCALL,NX,Page1GB,RDTSCP,LM\u003e\n AMD Features2=0x21\u003cLAHF,ABM\u003e\n Structured Extended Features=0x2fbb\u003cFSGSBASE,TSCADJ,BMI1,HLE,AVX2,SMEP,BMI2,ERMS,INVPCID,RTM,NFPUSG\u003e\n XSAVE Features=0x1\u003cXSAVEOPT\u003e\n VT-x: PAT,HLT,MTF,PAUSE,EPT,UG,VPID\n TSC: P-state invariant, performance statistics\n real memory  = 17179869184 (16384 MB)\n avail memory = 16485646336 (15721 MB)\n Event timer \"LAPIC\" quality 600\n ACPI APIC Table: \u003cALASKA A M I\u003e\n FreeBSD/SMP: Multiprocessor System Detected: 8 CPUs\n FreeBSD/SMP: 1 package(s) x 4 core(s) x 2 SMT threads\n cpu0 (BSP): APIC ID:  0\n cpu1 (AP): APIC ID:  1\n cpu2 (AP): APIC ID:  2\n cpu3 (AP): APIC ID:  3\n cpu4 (AP): APIC ID:  4\n cpu5 (AP): APIC ID:  5\n cpu6 (AP): APIC ID:  6\n cpu7 (AP): APIC ID:  7\n random: \u003cSoftware, Yarrow\u003e initialized\n ioapic0 \u003cVersion 2.0\u003e irqs 0-23 on motherboard\n Cuse4BSD v0.1.36 @ /dev/cuse\n kbd1 at kbdmux0\n acpi0: \u003cALASKA A M I\u003e on motherboard\n acpi0: Power Button (fixed)\n cpu0: \u003cACPI CPU\u003e on acpi0\n cpu1: \u003cACPI CPU\u003e on acpi0\n cpu2: \u003cACPI CPU\u003e on acpi0\n cpu3: \u003cACPI CPU\u003e on acpi0\n cpu4: \u003cACPI CPU\u003e on acpi0\n cpu5: \u003cACPI CPU\u003e on acpi0\n cpu6: \u003cACPI CPU\u003e on acpi0\n cpu7: \u003cACPI CPU\u003e on acpi0\n hpet0: \u003cHigh Precision Event Timer\u003e iomem 0xfed00000-0xfed003ff on acpi0\n Timecounter \"HPET\" frequency 14318180 Hz quality 950\n Event timer \"HPET\" frequency 14318180 Hz quality 550\n atrtc0: \u003cAT realtime clock\u003e port 0x70-0x77 irq 8 on acpi0\n Event timer \"RTC\" frequency 32768 Hz quality 0\n attimer0: \u003cAT timer\u003e port 0x40-0x43,0x50-0x53 irq 0 on acpi0\n Timecounter \"i8254\" frequency 1193182 Hz quality 0\n Event timer \"i8254\" frequency 1193182 Hz quality 100\n Timecounter \"ACPI-fast\" frequency 3579545 Hz quality 900\n acpi_timer0: \u003c24-bit timer at 3.579545MHz\u003e port 0x1808-0x180b on acpi0\n pcib0: \u003cACPI Host-PCI bridge\u003e port 0xcf8-0xcff on acpi0\n pci0: \u003cACPI PCI bus\u003e on pcib0\n pcib1: \u003cACPI PCI-PCI bridge\u003e irq 16 at device 1.0 on pci0\n pci1: \u003cACPI PCI bus\u003e on pcib1\n vgapci0: \u003cVGA-compatible display\u003e port 0xe000-0xe07f mem 0xf6000000-0xf6ffffff,0xe0000000-0xefffffff,0xf0000000-0xf1ffffff irq 16 at device 0.0 on pci1\n nvidia0: \u003cGeForce GTX 970\u003e on vgapci0\n vgapci0: child nvidia0 requested pci_enable_io\n vgapci0: child nvidia0 requested pci_enable_io\n vgapci0: Boot video device\n hdac0: \u003cNVIDIA (0x0fbb) HDA Controller\u003e mem 0xf7080000-0xf7083fff irq 17 at device 0.1 on pci1\n xhci0: \u003cIntel Wildcat Point USB 3.0 controller\u003e mem 0xf7120000-0xf712ffff irq 16 at device 20.0 on pci0\n xhci0: 32 bytes context size, 64-bit DMA\n xhci0: Port routing mask set to 0xffffffff\n usbus0 on xhci0\n pci0: \u003csimple comms\u003e at device 22.0 (no driver attached)\n em0: \u003cIntel(R) PRO/1000 Network Connection 7.6.1-k\u003e port 0xf040-0xf05f mem 0xf7100000-0xf711ffff,0xf7138000-0xf7138fff irq 20 at device 25.0 on pci0\n em0: Using an MSI interrupt\n em0: Ethernet address: 74:d4:35:e8:9f:6d\n ehci0: \u003cIntel Wildcat Point USB 2.0 controller USB-B\u003e mem 0xf7137000-0xf71373ff irq 16 at device 26.0 on pci0\n usbus1: EHCI version 1.0\n usbus1 on ehci0\n hdac1: \u003cIntel Wildcat Point HDA Controller\u003e mem 0xf7130000-0xf7133fff irq 22 at device 27.0 on pci0\n pcib2: \u003cACPI PCI-PCI bridge\u003e irq 16 at device 28.0 on pci0\n pci2: \u003cACPI PCI bus\u003e on pcib2\n pcib3: \u003cACPI PCI-PCI bridge\u003e irq 19 at device 28.3 on pci0\n pci3: \u003cACPI PCI bus\u003e on pcib3\n pcib4: \u003cACPI PCI-PCI bridge\u003e irq 19 at device 0.0 on pci3\n pci4: \u003cACPI PCI bus\u003e on pcib4\n ehci1: \u003cIntel Wildcat Point USB 2.0 controller USB-A\u003e mem 0xf7136000-0xf71363ff irq 23 at device 29.0 on pci0\n usbus2: EHCI version 1.0\n usbus2 on ehci1\n isab0: \u003cPCI-ISA bridge\u003e at device 31.0 on pci0\n isa0: \u003cISA bus\u003e on isab0\n ahci0: \u003cIntel Wildcat Point AHCI SATA controller\u003e port 0xf090-0xf097,0xf080-0xf083,0xf070-0xf077,0xf060-0xf063,0xf020-0xf03f mem 0xf7135000-0xf71357ff irq 19 at device 31.2 on pci0\n ahci0: AHCI v1.30 with 6 6Gbps ports, Port Multiplier not supported\n ahcich0: \u003cAHCI channel\u003e at channel 0 on ahci0\n ahcich1: \u003cAHCI channel\u003e at channel 1 on ahci0\n ahcich2: \u003cAHCI channel\u003e at channel 2 on ahci0\n ahcich3: \u003cAHCI channel\u003e at channel 3 on ahci0\n ahcich4: \u003cAHCI channel\u003e at channel 4 on ahci0\n ahcich5: \u003cAHCI channel\u003e at channel 5 on ahci0\n ahciem0: \u003cAHCI enclosure management bridge\u003e on ahci0\n acpi_button0: \u003cPower Button\u003e on acpi0\n acpi_button1: \u003cSleep Button\u003e on acpi0\n acpi_tz0: \u003cThermal Zone\u003e on acpi0\n acpi_tz1: \u003cThermal Zone\u003e on acpi0\n sc0: \u003cSystem console\u003e at flags 0x100 on isa0\n sc0: VGA \u003c16 virtual consoles, flags=0x300\u003e\n vga0: \u003cGeneric ISA VGA\u003e at port 0x3c0-0x3df iomem 0xa0000-0xbffff on isa0\n atkbdc0: \u003cKeyboard controller (i8042)\u003e at port 0x60,0x64 on isa0\n atkbd0: \u003cAT Keyboard\u003e irq 1 on atkbdc0\n kbd0 at atkbd0\n atkbd0: [GIANT-LOCKED]\n ppc0: cannot reserve I/O port range\n est0: \u003cEnhanced SpeedStep Frequency Control\u003e on cpu0\n est1: \u003cEnhanced SpeedStep Frequency Control\u003e on cpu1\n est2: \u003cEnhanced SpeedStep Frequency Control\u003e on cpu2\n est3: \u003cEnhanced SpeedStep Frequency Control\u003e on cpu3\n est4: \u003cEnhanced SpeedStep Frequency Control\u003e on cpu4\n est5: \u003cEnhanced SpeedStep Frequency Control\u003e on cpu5\n est6: \u003cEnhanced SpeedStep Frequency Control\u003e on cpu6\n est7: \u003cEnhanced SpeedStep Frequency Control\u003e on cpu7\n Timecounters tick every 1.000 msec\n hdacc0: \u003cNVIDIA (0x0071) HDA CODEC\u003e at cad 0 on hdac0\n hdaa0: \u003cNVIDIA (0x0071) Audio Function Group\u003e at nid 1 on hdacc0\n pcm0: \u003cNVIDIA (0x0071) (HDMI/DP 8ch)\u003e at nid 4 on hdaa0\n pcm1: \u003cNVIDIA (0x0071) (HDMI/DP 8ch)\u003e at nid 5 on hdaa0\n pcm2: \u003cNVIDIA (0x0071) (HDMI/DP 8ch)\u003e at nid 6 on hdaa0\n pcm3: \u003cNVIDIA (0x0071) (HDMI/DP 8ch)\u003e at nid 7 on hdaa0\n hdacc1: \u003cRealtek (0x0900) HDA CODEC\u003e at cad 2 on hdac1\n hdaa1: \u003cRealtek (0x0900) Audio Function Group\u003e at nid 1 on hdacc1\n pcm4: \u003cRealtek (0x0900) (Rear Analog 5.1/2.0)\u003e at nid 20,22,21 and 24,26 on hdaa1\n pcm5: \u003cRealtek (0x0900) (Front Analog)\u003e at nid 27 and 25 on hdaa1\n pcm6: \u003cRealtek (0x0900) (Onboard Digital)\u003e at nid 17 on hdaa1\n pcm7: \u003cRealtek (0x0900) (Rear Digital)\u003e at nid 30 on hdaa1\n random: unblocking device.\n usbus0: 5.0Gbps Super Speed USB v3.0\n usbus1: 480Mbps High Speed USB v2.0\n usbus2: 480Mbps High Speed USB v2.0\n ugen0.1: \u003c0x8086\u003e at usbus0\n uhub0: \u003c0x8086 XHCI root HUB, class 9/0, rev 3.00/1.00, addr 1\u003e on usbus0\n ugen2.1: \u003cIntel\u003e at usbus2\n uhub1: \u003cIntel EHCI root HUB, class 9/0, rev 2.00/1.00, addr 1\u003e on usbus2\n ugen1.1: \u003cIntel\u003e at usbus1\n uhub2: \u003cIntel EHCI root HUB, class 9/0, rev 2.00/1.00, addr 1\u003e on usbus1\n ada0 at ahcich0 bus 0 scbus0 target 0 lun 0\n ada0: \u003cADATA SP900 5.8.2\u003e ATA8-ACS SATA 3.x device\n ada0: Serial Number 7E4920015823\n ada0: 600.000MB/s transfers (SATA 3.x, UDMA6, PIO 512bytes)\n ada0: Command Queueing enabled\n ada0: 244198MB (500118192 512 byte sectors)\n ada0: Previously was known as ad4\n ada1 at ahcich1 bus 0 scbus1 target 0 lun 0\n ada1: \u003cST2000DM001-1ER164 CC25\u003e ACS-2 ATA SATA 3.x device\n ada1: Serial Number Z4Z1SGN2\n ada1: 600.000MB/s transfers (SATA 3.x, UDMA6, PIO 8192bytes)\n ada1: Command Queueing enabled\n ada1: 1907729MB (3907029168 512 byte sectors)\n ada1: quirks=0x1\u003c4K\u003e\n ada1: Previously was known as ad6\n ada2 at ahcich4 bus 0 scbus4 target 0 lun 0\n ada2: \u003cSamsung SSD 850 EVO 500GB EMT01B6Q\u003e ACS-2 ATA SATA 3.x device\n ada2: Serial Number S21HNXBG402860T\n ada2: 600.000MB/s transfers (SATA 3.x, UDMA6, PIO 512bytes)\n ada2: Command Queueing enabled\n ada2: 476940MB (976773168 512 byte sectors)\n ada2: quirks=0x1\u003c4K\u003e\n ada2: Previously was known as ad12\n ses0 at ahciem0 bus 0 scbus6 target 0 lun 0\n ses0: \u003cAHCI SGPIO Enclosure 1.00 0001\u003e SEMB S-E-S 2.00 device\n ses0: SEMB SES Device\n cd0 at ahcich3 bus 0 scbus3 target 0 lun 0\n cd0: \u003cTSSTcorp CDDVDW SH-224DB SB01\u003e Removable CD-ROM SCSI device\n cd0: Serial Number R93E68DFB01WVT\n cd0: 150.000MB/s transfers (SATA 1.x, UDMA5, ATAPI 12bytes, PIO 8192bytes)\n cd0: Attempt to query device size failed: NOT READY, Medium not present - tray closed\n SMP: AP CPU #1 Launched!\n SMP: AP CPU #2 Launched!\n SMP: AP CPU #5 Launched!\n SMP: AP CPU #6 Launched!\n SMP: AP CPU #7 Launched!\n SMP: AP CPU #4 Launched!\n SMP: AP CPU #3 Launched!\n Timecounter \"TSC-low\" frequency 1109872466 Hz quality 1000\n Root mount waiting for: usbus2 usbus1 usbus0\n uhub2: 2 ports with 2 removable, self powered\n uhub1: 2 ports with 2 removable, self powered\n uhub0: 21 ports with 21 removable, self powered\n Root mount waiting for: usbus2 usbus1 usbus0\n ugen0.2: \u003cvendor 0x046a\u003e at usbus0\n ukbd0: \u003cvendor 0x046a product 0x0023, class 0/0, rev 2.00/2.20, addr 1\u003e on usbus0\n kbd2 at ukbd0\n ugen1.2: \u003cvendor 0x8087\u003e at usbus1\n uhub3: \u003cvendor 0x8087 product 0x8009, class 9/0, rev 2.00/0.00, addr 2\u003e on usbus1\n ugen2.2: \u003cvendor 0x8087\u003e at usbus2\n uhub4: \u003cvendor 0x8087 product 0x8001, class 9/0, rev 2.00/0.00, addr 2\u003e on usbus2\n uhub3: 6 ports with 6 removable, self powered\n uhub4: 8 ports with 8 removable, self powered\n ugen0.3: \u003cMicrosoft\u003e at usbus0\n ugen0.4: \u003cAmerican Power Conversion\u003e at usbus0\n Root mount waiting for: usbus0\n ugen0.5: \u003cBurr-Brown from TI\u003e at usbus0\n Trying to mount root from ufs:/dev/ada2p2 [rw]...\n uhid0: \u003cvendor 0x046a product 0x0023, class 0/0, rev 2.00/2.20, addr 1\u003e on usbus0\n ukbd0: at uhub0, port 5, addr 1 (disconnected)\n ums0: \u003cMicrosoft Microsoft Comfort Mouse 4500, class 0/0, rev 2.00/0.83, addr 2\u003e on usbus0\n uhid0: at uhub0, port 5, addr 1 (disconnected)\n ums0: 5 buttons and [XYZT] coordinates ID=16\n ums0: 0 buttons and [T] coordinates ID=0\n uaudio0: \u003cBurr-Brown from TI USB Audio DAC, class 0/0, rev 1.10/1.00, addr 4\u003e on usbus0\n uaudio0: Play: 48000 Hz, 2 ch, 16-bit S-LE PCM format, 2x8ms buffer.\n uaudio0: Play: 44100 Hz, 2 ch, 16-bit S-LE PCM format, 2x8ms buffer.\n uaudio0: Play: 32000 Hz, 2 ch, 16-bit S-LE PCM format, 2x8ms buffer.\n uaudio0: No recording.\n uaudio0: No MIDI sequencer.\n pcm8: \u003cUSB audio\u003e on uaudio0\n uaudio0: HID volume keys found.\n kbd2 at vkbd0\n ums0: at uhub0, port 6, addr 2 (disconnected)\n kbd3 at vkbd1\n kbd4 at vkbd3\n kbd5 at vkbd2\n em0: link state changed to UP"
}