{
 "id": 893262,
 "bug_id": 211897,
 "attachment_id": 0,
 "creation_time": "2016-08-17T08:52:18Z",
 "creator": "freebsd-bugzilla@ayaken.net",
 "text": "per Konstantin's implicit request, here's the first of a few upcoming VERBOSE dmesgs. This one is for 10.3-R-p4 (k) / -p6 (u).\n\n\nTable 'FACP' at 0xdb55adb8\nTable 'APIC' at 0xdb55aec8\nAPIC: Found table at 0xdb55aec8\nAPIC: Using the MADT enumerator.\nMADT: Found CPU APIC ID 0 ACPI ID 1: enabled\nSMP: Added CPU 0 (AP)\nMADT: Found CPU APIC ID 2 ACPI ID 2: enabled\nSMP: Added CPU 2 (AP)\nMADT: Found CPU APIC ID 4 ACPI ID 3: enabled\nSMP: Added CPU 4 (AP)\nMADT: Found CPU APIC ID 6 ACPI ID 4: enabled\nSMP: Added CPU 6 (AP)\nMADT: Found CPU APIC ID 1 ACPI ID 5: enabled\nSMP: Added CPU 1 (AP)\nMADT: Found CPU APIC ID 3 ACPI ID 6: enabled\nSMP: Added CPU 3 (AP)\nMADT: Found CPU APIC ID 5 ACPI ID 7: enabled\nSMP: Added CPU 5 (AP)\nMADT: Found CPU APIC ID 7 ACPI ID 8: enabled\nSMP: Added CPU 7 (AP)\nCopyright (c) 1992-2016 The FreeBSD Project.\nCopyright (c) 1979, 1980, 1983, 1986, 1988, 1989, 1991, 1992, 1993, 1994\n\tThe Regents of the University of California. All rights reserved.\nFreeBSD is a registered trademark of The FreeBSD Foundation.\nFreeBSD 10.3-RELEASE-p4 #0: Sat May 28 12:23:44 UTC 2016\n    root@amd64-builder.daemonology.net:/usr/obj/usr/src/sys/GENERIC amd64\nFreeBSD clang version 3.4.1 (tags/RELEASE_34/dot1-final 208032) 20140512\nPreloaded elf kernel \"/boot/kernel/kernel\" at 0xffffffff8253f000.\nPreloaded elf obj module \"/boot/kernel/vkbd.ko\" at 0xffffffff8253fdc8.\nPreloaded elf obj module \"/boot/modules/nvidia.ko\" at 0xffffffff825404b0.\nPreloaded elf obj module \"/boot/modules/cuse4bsd.ko\" at 0xffffffff82540ad8.\nPreloaded elf obj module \"/boot/kernel/cc_htcp.ko\" at 0xffffffff825410c8.\nCalibrating TSC clock ... TSC clock: 4000072588 Hz\nCPU: Intel(R) Core(TM) i7-4790K CPU @ 4.00GHz (4000.07-MHz K8-class CPU)\n  Origin=\"GenuineIntel\"  Id=0x306c3  Family=0x6  Model=0x3c  Stepping=3\n  Features=0xbfebfbff\u003cFPU,VME,DE,PSE,TSC,MSR,PAE,MCE,CX8,APIC,SEP,MTRR,PGE,MCA,CMOV,PAT,PSE36,CLFLUSH,DTS,ACPI,MMX,FXSR,SSE,SSE2,SS,HTT,TM,PBE\u003e\n  Features2=0x7ffafbbf\u003cSSE3,PCLMULQDQ,DTES64,MON,DS_CPL,VMX,EST,TM2,SSSE3,SDBG,FMA,CX16,xTPR,PDCM,PCID,SSE4.1,SSE4.2,x2APIC,MOVBE,POPCNT,TSCDLT,AESNI,XSAVE,OSXSAVE,AVX,F16C,RDRAND\u003e\n  AMD Features=0x2c100800\u003cSYSCALL,NX,Page1GB,RDTSCP,LM\u003e\n  AMD Features2=0x21\u003cLAHF,ABM\u003e\n  Structured Extended Features=0x2fbb\u003cFSGSBASE,TSCADJ,BMI1,HLE,AVX2,SMEP,BMI2,ERMS,INVPCID,RTM,NFPUSG\u003e\n  XSAVE Features=0x1\u003cXSAVEOPT\u003e\n  VT-x: Basic Features=0xda0400\u003cSMM,INS/OUTS,TRUE\u003e\n        Pin-Based Controls=0x7f\u003cExtINT,NMI,VNMI,PreTmr\u003e\n        Primary Processor Controls=0xfff9fffe\u003cINTWIN,TSCOff,HLT,INVLPG,MWAIT,RDPMC,RDTSC,CR3-LD,CR3-ST,CR8-LD,CR8-ST,TPR,NMIWIN,MOV-DR,IO,IOmap,MTF,MSRmap,MONITOR,PAUSE\u003e\n        Secondary Processor Controls=0x3cff\u003cAPIC,EPT,DT,RDTSCP,x2APIC,VPID,WBINVD,UG,PAUSE-loop,RDRAND,INVPCID,VMFUNC\u003e\n        Exit Controls=0xda0400\u003cPAT-LD,EFER-SV,PTMR-SV\u003e\n        Entry Controls=0xda0400\n        EPT Features=0x6334141\u003cXO,PW4,UC,WB,2M,1G,INVEPT,AD,single,all\u003e\n        VPID Features=0xf01\u003cINVVPID,individual,single,all,single-globals\u003e\n  TSC: P-state invariant, performance statistics\nData TLB: 1 GByte pages, 4-way set associative, 4 entries\nData TLB: 4 KB pages, 4-way set associative, 64 entries\nInstruction TLB: 2M/4M pages, fully associative, 8 entries\nInstruction TLB: 4KByte pages, 8-way set associative, 64 entries\n64-Byte prefetching\nShared 2nd-Level TLB: 4 KByte/2MByte pages, 8-way associative, 1024 entries\nL2 cache: 256 kbytes, 8-way associative, 64 bytes/line\nreal memory  = 17179869184 (16384 MB)\nPhysical memory chunk(s):\n0x0000000000010000 - 0x0000000000099fff, 565248 bytes (138 pages)\n0x0000000000100000 - 0x00000000001fffff, 1048576 bytes (256 pages)\n0x0000000002585000 - 0x00000000c078dfff, 3189805056 bytes (778761 pages)\n0x00000000c0795000 - 0x00000000c126cfff, 11370496 bytes (2776 pages)\n0x00000000c1772000 - 0x00000000db349fff, 431849472 bytes (105432 pages)\n0x00000000db3db000 - 0x00000000db441fff, 421888 bytes (103 pages)\n0x00000000defff000 - 0x00000000deffffff, 4096 bytes (1 pages)\n0x0000000100000000 - 0x0000000404208fff, 12954144768 bytes (3162633 pages)\navail memory = 16485646336 (15721 MB)\nEvent timer \"LAPIC\" quality 600\nLAPIC: ipi_wait() us multiplier 76 (r 52500088 tsc 4000072588)\nACPI APIC Table: \u003cALASKA A M I\u003e\nINTR: Adding local APIC 1 as a target\nINTR: Adding local APIC 2 as a target\nINTR: Adding local APIC 3 as a target\nINTR: Adding local APIC 4 as a target\nINTR: Adding local APIC 5 as a target\nINTR: Adding local APIC 6 as a target\nINTR: Adding local APIC 7 as a target\nFreeBSD/SMP: Multiprocessor System Detected: 8 CPUs\nFreeBSD/SMP: 1 package(s) x 4 core(s) x 2 SMT threads\n cpu0 (BSP): APIC ID:  0\n cpu1 (AP): APIC ID:  1\n cpu2 (AP): APIC ID:  2\n cpu3 (AP): APIC ID:  3\n cpu4 (AP): APIC ID:  4\n cpu5 (AP): APIC ID:  5\n cpu6 (AP): APIC ID:  6\n cpu7 (AP): APIC ID:  7\nAPIC: CPU 0 has ACPI ID 1\nAPIC: CPU 1 has ACPI ID 5\nAPIC: CPU 2 has ACPI ID 2\nAPIC: CPU 3 has ACPI ID 6\nAPIC: CPU 4 has ACPI ID 3\nAPIC: CPU 5 has ACPI ID 7\nAPIC: CPU 6 has ACPI ID 4\nAPIC: CPU 7 has ACPI ID 8\nx86bios:  IVT 0x000000-0x0004ff at 0xfffff80000000000\nx86bios: SSEG 0x098000-0x098fff at 0xfffffe04513c8000\nx86bios: EBDA 0x09d000-0x09ffff at 0xfffff8000009d000\nx86bios:  ROM 0x0a0000-0x0fefff at 0xfffff800000a0000\nlapic0: CMCI unmasked\nXEN: CPU 0 has VCPU ID 1\nXEN: CPU 1 has VCPU ID 5\nXEN: CPU 2 has VCPU ID 2\nXEN: CPU 3 has VCPU ID 6\nXEN: CPU 4 has VCPU ID 3\nXEN: CPU 5 has VCPU ID 7\nXEN: CPU 6 has VCPU ID 4\nXEN: CPU 7 has VCPU ID 8\nHardware, VIA Nehemiah Padlock RNG: VIA Padlock RNG not present\nFalling back to \u003cSoftware, Yarrow\u003e random adaptor\nrandom: \u003cSoftware, Yarrow\u003e initialized\nULE: setup cpu 0\nULE: setup cpu 1\nULE: setup cpu 2\nULE: setup cpu 3\nULE: setup cpu 4\nULE: setup cpu 5\nULE: setup cpu 6\nULE: setup cpu 7\nACPI: RSDP 0x00000000000F0490 000024 (v02 ALASKA)\nACPI: XSDT 0x00000000DB54A080 00007C (v01 ALASKA A M I    01072009 AMI  00010013)\nACPI: FACP 0x00000000DB55ADB8 00010C (v05 ALASKA A M I    01072009 AMI  00010013)\nACPI: DSDT 0x00000000DB54A190 010C26 (v02 ALASKA A M I    00000088 INTL 20120711)\nACPI: FACS 0x00000000DB584080 000040\nACPI: APIC 0x00000000DB55AEC8 000092 (v03 ALASKA A M I    01072009 AMI  00010013)\nACPI: FPDT 0x00000000DB55AF60 000044 (v01 ALASKA A M I    01072009 AMI  00010013)\nACPI: SSDT 0x00000000DB55AFA8 000BEE (v01 Ther_R Ther_Rvp 00001000 INTL 20120711)\nACPI: SSDT 0x00000000DB55BB98 000539 (v01 PmRef  Cpu0Ist  00003000 INTL 20051117)\nACPI: SSDT 0x00000000DB55C0D8 000B74 (v01 CpuRef CpuSsdt  00003000 INTL 20051117)\nACPI: MCFG 0x00000000DB55CC50 00003C (v01 ALASKA A M I    01072009 MSFT 00000097)\nACPI: HPET 0x00000000DB55CC90 000038 (v01 ALASKA A M I    01072009 AMI. 00000005)\nACPI: SSDT 0x00000000DB55CCC8 00036D (v01 SataRe SataTabl 00001000 INTL 20120711)\nACPI: SSDT 0x00000000DB55D038 005B5E (v01 SaSsdt SaSsdt   00003000 INTL 20120711)\nACPI: DMAR 0x00000000DB562B98 000080 (v01 INTEL  BDW      00000001 INTL 00000001)\nMADT: Found IO APIC ID 8, Interrupt 0 at 0xfec00000\nioapic0: Routing external 8259A's -\u003e intpin 0\nMADT: Interrupt override: source 0, irq 2\nioapic0: Routing IRQ 0 -\u003e intpin 2\nMADT: Interrupt override: source 9, irq 9\nioapic0: intpin 9 trigger: level\nlapic: Routing NMI -\u003e LINT1\nlapic: LINT1 trigger: edge\nlapic: LINT1 polarity: high\nioapic0 \u003cVersion 2.0\u003e irqs 0-23 on motherboard\ncpu0 BSP:\n     ID: 0x00000000   VER: 0x01060015 LDR: 0x00000000 DFR: 0xffffffff\n  lint0: 0x00010700 lint1: 0x00000400 TPR: 0x00000000 SVR: 0x000001ff\n  timer: 0x000100ef therm: 0x00010000 err: 0x000000f0 pmc: 0x00010400\n   cmci: 0x000000f2\nCuse4BSD v0.1.36 @ /dev/cuse\nwlan: \u003c802.11 Link Layer\u003e\nsnd_unit_init() u=0x00ff8000 [512] d=0x00007c00 [32] c=0x000003ff [1024]\nfeeder_register: snd_unit=-1 snd_maxautovchans=16 latency=5 feeder_rate_min=1 feeder_rate_max=2016000 feeder_rate_round=25\nnull: \u003cnull device, zero device\u003e\nnfslock: pseudo-device\nVESA: INT 0x10 vector 0xc000:0x1743\nVESA: information block\n0000   56 45 53 41 00 03 00 01 00 99 01 00 00 00 22 00\n0010   00 99 00 01 04 84 07 01 00 99 1a 01 00 99 2a 01\n0020   00 99 00 01 01 01 02 01 03 01 04 01 05 01 06 01\n0030   07 01 0e 01 0f 01 11 01 12 01 14 01 15 01 17 01\n0040   18 01 1a 01 1b 01 30 01 31 01 32 01 33 01 34 01\n0050   35 01 36 01 3d 01 3e 01 4b 01 4c 01 4d 01 60 01\n0060   61 01 ff ff 00 00 00 00 00 00 00 00 00 00 00 00\n0070   00 00 00 00 00 00 00 00 00 00 00 00 00 00 00 00\n0080   00 00 00 00 00 00 00 00 00 00 00 00 00 00 00 00\n0090   00 00 00 00 00 00 00 00 00 00 00 00 00 00 00 00\n00a0   00 00 00 00 00 00 00 00 00 00 00 00 00 00 00 00\n00b0   00 00 00 00 00 00 00 00 00 00 00 00 00 00 00 00\n00c0   00 00 00 00 00 00 00 00 00 00 00 00 00 00 00 00\n00d0   00 00 00 00 00 00 00 00 00 00 00 00 00 00 00 00\n00e0   00 00 00 00 00 00 00 00 00 00 00 00 00 00 00 00\n00f0   00 00 00 00 00 00 00 00 00 00 00 00 00 00 00 00\n0100   4e 56 49 44 49 41 00 4e 56 49 44 49 41 20 43 6f\n0110   72 70 6f 72 61 74 69 6f 6e 00 42 49 4f 53 2d 50\n0120   2f 4e 40 4e 31 30 36 37 31 00 43 68 69 70 20 52\n0130   65 76 20 20 20 00 00 00 00 00 00 00 00 00 00 00\n0140   00 00 00 00 00 00 00 00 00 00 00 00 00 00 00 00\n0150   00 00 00 00 00 00 00 00 00 00 00 00 00 00 00 00\n0160   00 00 00 00 00 00 00 00 00 00 00 00 00 00 00 00\n0170   00 00 00 00 00 00 00 00 00 00 00 00 00 00 00 00\n0180   00 00 00 00 00 00 00 00 00 00 00 00 00 00 00 00\n0190   00 00 00 00 00 00 00 00 00 00 00 00 00 00 00 00\n01a0   00 00 00 00 00 00 00 00 00 00 00 00 00 00 00 00\n01b0   00 00 00 00 00 00 00 00 00 00 00 00 00 00 00 00\n01c0   00 00 00 00 00 00 00 00 00 00 00 00 00 00 00 00\n01d0   00 00 00 00 00 00 00 00 00 00 00 00 00 00 00 00\n01e0   00 00 00 00 00 00 00 00 00 00 00 00 00 00 00 00\n01f0   00 00 00 00 00 00 00 00 00 00 00 00 00 00 00 00\nVESA: 32 mode(s) found\nVESA: v3.0, 16384k memory, flags:0x1, mode table:0xfffffe03e0e4b022 (99000022)\nVESA: NVIDIA\nVESA: NVIDIA Corporation BIOS-P/N@N10671 Chip Rev   \nio: \u003cI/O\u003e\nVMBUS: load\nkbd: new array size 4\nkbd1 at kbdmux0\nmem: \u003cmemory\u003e\nhptrr: RocketRAID 17xx/2xxx SATA controller driver v1.2\nhptnr: R750/DC7280 controller driver v1.1.4\nhpt27xx: RocketRAID 27xx controller driver v1.2.7\nacpi0: \u003cALASKA A M I\u003e on motherboard\nACPI: All ACPI Tables successfully acquired\nPCIe: Memory Mapped configuration base @ 0xf8000000\nioapic0: routing intpin 9 (ISA IRQ 9) to lapic 0 vector 48\nACPI: Executed 15 blocks of module-level executable AML code\nacpi0: Power Button (fixed)\ncpu0: Processor \\134_PR_.CPU0 (ACPI ID 1) -\u003e APIC ID 0\ncpu0: \u003cACPI CPU\u003e on acpi0\nACPI: Dynamic OEM Table Load:\nACPI: SSDT 0xFFFFF80007636000 0003D3 (v01 PmRef  Cpu0Cst  00003001 INTL 20051117)\ncpu1: Processor \\134_PR_.CPU1 (ACPI ID 2) -\u003e APIC ID 2\ncpu1: \u003cACPI CPU\u003e on acpi0\nACPI: Dynamic OEM Table Load:\nACPI: SSDT 0xFFFFF80007645000 0005AA (v01 PmRef  ApIst    00003000 INTL 20051117)\nACPI: Dynamic OEM Table Load:\nACPI: SSDT 0xFFFFF80007627000 000119 (v01 PmRef  ApCst    00003000 INTL 20051117)\ncpu2: Processor \\134_PR_.CPU2 (ACPI ID 3) -\u003e APIC ID 4\ncpu2: \u003cACPI CPU\u003e on acpi0\ncpu3: Processor \\134_PR_.CPU3 (ACPI ID 4) -\u003e APIC ID 6\ncpu3: \u003cACPI CPU\u003e on acpi0\ncpu4: Processor \\134_PR_.CPU4 (ACPI ID 5) -\u003e APIC ID 1\ncpu4: \u003cACPI CPU\u003e on acpi0\ncpu5: Processor \\134_PR_.CPU5 (ACPI ID 6) -\u003e APIC ID 3\ncpu5: \u003cACPI CPU\u003e on acpi0\ncpu6: Processor \\134_PR_.CPU6 (ACPI ID 7) -\u003e APIC ID 5\ncpu6: \u003cACPI CPU\u003e on acpi0\ncpu7: Processor \\134_PR_.CPU7 (ACPI ID 8) -\u003e APIC ID 7\ncpu7: \u003cACPI CPU\u003e on acpi0\nhpet0: \u003cHigh Precision Event Timer\u003e iomem 0xfed00000-0xfed003ff on acpi0\nhpet0: vendor 0x8086, rev 0x1, 14318180Hz 64bit, 8 timers, legacy route\nhpet0:  t0: irqs 0x00f00000 (0), MSI, 64bit, periodic\nhpet0:  t1: irqs 0x00f00000 (0), MSI\nhpet0:  t2: irqs 0x00f00800 (0), MSI\nhpet0:  t3: irqs 0x00f01000 (0), MSI\nhpet0:  t4: irqs 0x00000000 (0), MSI\nhpet0:  t5: irqs 0x00000000 (0), MSI\nhpet0:  t6: irqs 0x00000000 (0), MSI\nhpet0:  t7: irqs 0x00000000 (0), MSI\nTimecounter \"HPET\" frequency 14318180 Hz quality 950\nmsi: routing MSI-X IRQ 256 to local APIC 0 vector 49\nmsi: routing MSI-X IRQ 257 to local APIC 0 vector 50\nmsi: routing MSI-X IRQ 258 to local APIC 0 vector 51\nmsi: routing MSI-X IRQ 259 to local APIC 0 vector 52\nmsi: routing MSI-X IRQ 260 to local APIC 0 vector 53\nmsi: routing MSI-X IRQ 261 to local APIC 0 vector 54\nmsi: routing MSI-X IRQ 262 to local APIC 0 vector 55\nmsi: routing MSI-X IRQ 263 to local APIC 0 vector 56\nEvent timer \"HPET\" frequency 14318180 Hz quality 550\natrtc0: \u003cAT realtime clock\u003e port 0x70-0x77 irq 8 on acpi0\natrtc0: registered as a time-of-day clock (resolution 1000000us, adjustment 0.500000000s)\nioapic0: routing intpin 8 (ISA IRQ 8) to lapic 0 vector 57\nEvent timer \"RTC\" frequency 32768 Hz quality 0\nattimer0: \u003cAT timer\u003e port 0x40-0x43,0x50-0x53 irq 0 on acpi0\nTimecounter \"i8254\" frequency 1193182 Hz quality 0\nioapic0: routing intpin 2 (ISA IRQ 0) to lapic 0 vector 58\nEvent timer \"i8254\" frequency 1193182 Hz quality 100\nACPI timer: 1/2 1/1 1/2 1/1 1/1 1/2 1/1 1/1 1/2 1/2 -\u003e 10\nTimecounter \"ACPI-fast\" frequency 3579545 Hz quality 900\nacpi_timer0: \u003c24-bit timer at 3.579545MHz\u003e port 0x1808-0x180b on acpi0\npci_link0:        Index  IRQ  Rtd  Ref  IRQs\n  Initial Probe       0   11   N     0  4 6 10 11 12 14 15\n  Validation          0   11   N     0  4 6 10 11 12 14 15\n  After Disable       0  255   N     0  4 6 10 11 12 14 15\npci_link1:        Index  IRQ  Rtd  Ref  IRQs\n  Initial Probe       0   10   N     0  4 6 10 11 12 14 15\n  Validation          0   10   N     0  4 6 10 11 12 14 15\n  After Disable       0  255   N     0  4 6 10 11 12 14 15\npci_link2:        Index  IRQ  Rtd  Ref  IRQs\n  Initial Probe       0   11   N     0  4 6 10 11 12 14 15\n  Validation          0   11   N     0  4 6 10 11 12 14 15\n  After Disable       0  255   N     0  4 6 10 11 12 14 15\npci_link3:        Index  IRQ  Rtd  Ref  IRQs\n  Initial Probe       0   10   N     0  4 6 10 11 12 14 15\n  Validation          0   10   N     0  4 6 10 11 12 14 15\n  After Disable       0  255   N     0  4 6 10 11 12 14 15\npci_link4:        Index  IRQ  Rtd  Ref  IRQs\n  Initial Probe       0    4   N     0  4 6 10 11 12 14 15\n  Validation          0    4   N     0  4 6 10 11 12 14 15\n  After Disable       0  255   N     0  4 6 10 11 12 14 15\npci_link5:        Index  IRQ  Rtd  Ref  IRQs\n  Initial Probe       0  255   N     0  4 6 10 11 12 14 15\n  Validation          0  255   N     0  4 6 10 11 12 14 15\n  After Disable       0  255   N     0  4 6 10 11 12 14 15\npci_link6:        Index  IRQ  Rtd  Ref  IRQs\n  Initial Probe       0   11   N     0  4 6 10 11 12 14 15\n  Validation          0   11   N     0  4 6 10 11 12 14 15\n  After Disable       0  255   N     0  4 6 10 11 12 14 15\npci_link7:        Index  IRQ  Rtd  Ref  IRQs\n  Initial Probe       0    4   N     0  4 6 10 11 12 14 15\n  Validation          0    4   N     0  4 6 10 11 12 14 15\n  After Disable       0  255   N     0  4 6 10 11 12 14 15\npcib0: \u003cACPI Host-PCI bridge\u003e port 0xcf8-0xcff on acpi0\npcib0: decoding 5 range 0-0x3e\npcib0: decoding 4 range 0-0xcf7\npcib0: decoding 4 range 0xd00-0xffff\npcib0: decoding 3 range 0xa0000-0xbffff\npcib0: decoding 3 range 0xd0000-0xd3fff\npcib0: decoding 3 range 0xd4000-0xd7fff\npcib0: decoding 3 range 0xd8000-0xdbfff\npcib0: decoding 3 range 0xdc000-0xdffff\npcib0: decoding 3 range 0xe0000-0xe3fff\npcib0: decoding 3 range 0xe4000-0xe7fff\npcib0: decoding 3 range 0xe0000000-0xfeafffff\npci0: \u003cACPI PCI bus\u003e on pcib0\npci0: domain=0, physical bus=0\nfound-\u003e\tvendor=0x8086, dev=0x0c00, revid=0x06\n\tdomain=0, bus=0, slot=0, func=0\n\tclass=06-00-00, hdrtype=0x00, mfdev=0\n\tcmdreg=0x0006, statreg=0x2090, cachelnsz=0 (dwords)\n\tlattimer=0x00 (0 ns), mingnt=0x00 (0 ns), maxlat=0x00 (0 ns)\nfound-\u003e\tvendor=0x8086, dev=0x0c01, revid=0x06\n\tdomain=0, bus=0, slot=1, func=0\n\tclass=06-04-00, hdrtype=0x01, mfdev=1\n\tcmdreg=0x0007, statreg=0x0010, cachelnsz=16 (dwords)\n\tlattimer=0x00 (0 ns), mingnt=0x00 (0 ns), maxlat=0x00 (0 ns)\n\tintpin=a, irq=11\n\tpowerspec 3  supports D0 D3  current D0\n\tMSI supports 1 message\npcib0: matched entry for 0.1.INTA\npcib0: slot 1 INTA hardwired to IRQ 16\n\tsecbus=1, subbus=1\nfound-\u003e\tvendor=0x8086, dev=0x8cb1, revid=0x00\n\tdomain=0, bus=0, slot=20, func=0\n\tclass=0c-03-30, hdrtype=0x00, mfdev=0\n\tcmdreg=0x0006, statreg=0x0290, cachelnsz=0 (dwords)\n\tlattimer=0x00 (0 ns), mingnt=0x00 (0 ns), maxlat=0x00 (0 ns)\n\tintpin=a, irq=11\n\tpowerspec 2  supports D0 D3  current D0\n\tMSI supports 8 messages, 64 bit\n\tmap[10]: type Memory, range 64, base 0xf7120000, size 16, enabled\npcib0: allocated type 3 (0xf7120000-0xf712ffff) for rid 10 of pci0:0:20:0\npcib0: matched entry for 0.20.INTA\npcib0: slot 20 INTA hardwired to IRQ 16\nfound-\u003e\tvendor=0x8086, dev=0x8cba, revid=0x00\n\tdomain=0, bus=0, slot=22, func=0\n\tclass=07-80-00, hdrtype=0x00, mfdev=1\n\tcmdreg=0x0006, statreg=0x0010, cachelnsz=0 (dwords)\n\tlattimer=0x00 (0 ns), mingnt=0x00 (0 ns), maxlat=0x00 (0 ns)\n\tintpin=a, irq=11\n\tpowerspec 3  supports D0 D3  current D0\n\tMSI supports 1 message, 64 bit\n\tmap[10]: type Memory, range 64, base 0xf7139000, size  4, enabled\npcib0: allocated type 3 (0xf7139000-0xf713900f) for rid 10 of pci0:0:22:0\npcib0: matched entry for 0.22.INTA\npcib0: slot 22 INTA hardwired to IRQ 16\nfound-\u003e\tvendor=0x8086, dev=0x153b, revid=0x00\n\tdomain=0, bus=0, slot=25, func=0\n\tclass=02-00-00, hdrtype=0x00, mfdev=0\n\tcmdreg=0x0007, statreg=0x0010, cachelnsz=0 (dwords)\n\tlattimer=0x00 (0 ns), mingnt=0x00 (0 ns), maxlat=0x00 (0 ns)\n\tintpin=a, irq=4\n\tpowerspec 2  supports D0 D3  current D0\n\tMSI supports 1 message, 64 bit\n\tmap[10]: type Memory, range 32, base 0xf7100000, size 17, enabled\npcib0: allocated type 3 (0xf7100000-0xf711ffff) for rid 10 of pci0:0:25:0\n\tmap[14]: type Memory, range 32, base 0xf7138000, size 12, enabled\npcib0: allocated type 3 (0xf7138000-0xf7138fff) for rid 14 of pci0:0:25:0\n\tmap[18]: type I/O Port, range 32, base 0xf040, size  5, enabled\npcib0: allocated type 4 (0xf040-0xf05f) for rid 18 of pci0:0:25:0\npcib0: matched entry for 0.25.INTA\npcib0: slot 25 INTA hardwired to IRQ 20\nfound-\u003e\tvendor=0x8086, dev=0x8cad, revid=0x00\n\tdomain=0, bus=0, slot=26, func=0\n\tclass=0c-03-20, hdrtype=0x00, mfdev=0\n\tcmdreg=0x0006, statreg=0x0290, cachelnsz=0 (dwords)\n\tlattimer=0x00 (0 ns), mingnt=0x00 (0 ns), maxlat=0x00 (0 ns)\n\tintpin=a, irq=11\n\tpowerspec 2  supports D0 D3  current D0\n\tmap[10]: type Memory, range 32, base 0xf7137000, size 10, enabled\npcib0: allocated type 3 (0xf7137000-0xf71373ff) for rid 10 of pci0:0:26:0\npcib0: matched entry for 0.26.INTA\npcib0: slot 26 INTA hardwired to IRQ 16\nehci early: SMM active, request owner change\nfound-\u003e\tvendor=0x8086, dev=0x8ca0, revid=0x00\n\tdomain=0, bus=0, slot=27, func=0\n\tclass=04-03-00, hdrtype=0x00, mfdev=0\n\tcmdreg=0x0006, statreg=0x0010, cachelnsz=16 (dwords)\n\tlattimer=0x00 (0 ns), mingnt=0x00 (0 ns), maxlat=0x00 (0 ns)\n\tintpin=a, irq=11\n\tpowerspec 2  supports D0 D3  current D0\n\tMSI supports 1 message, 64 bit\n\tmap[10]: type Memory, range 64, base 0xf7130000, size 14, enabled\npcib0: allocated type 3 (0xf7130000-0xf7133fff) for rid 10 of pci0:0:27:0\npcib0: matched entry for 0.27.INTA\npcib0: slot 27 INTA hardwired to IRQ 22\nfound-\u003e\tvendor=0x8086, dev=0x8c90, revid=0xd0\n\tdomain=0, bus=0, slot=28, func=0\n\tclass=06-04-00, hdrtype=0x01, mfdev=1\n\tcmdreg=0x0007, statreg=0x0010, cachelnsz=16 (dwords)\n\tlattimer=0x00 (0 ns), mingnt=0x00 (0 ns), maxlat=0x00 (0 ns)\n\tintpin=a, irq=11\n\tpowerspec 3  supports D0 D3  current D0\n\tMSI supports 1 message\npcib0: matched entry for 0.28.INTA\npcib0: slot 28 INTA hardwired to IRQ 16\n\tsecbus=2, subbus=2\nfound-\u003e\tvendor=0x8086, dev=0x8c96, revid=0xd0\n\tdomain=0, bus=0, slot=28, func=3\n\tclass=06-04-00, hdrtype=0x01, mfdev=1\n\tcmdreg=0x0007, statreg=0x0010, cachelnsz=16 (dwords)\n\tlattimer=0x00 (0 ns), mingnt=0x00 (0 ns), maxlat=0x00 (0 ns)\n\tintpin=d, irq=10\n\tpowerspec 3  supports D0 D3  current D0\n\tMSI supports 1 message\npcib0: matched entry for 0.28.INTD\npcib0: slot 28 INTD hardwired to IRQ 19\n\tsecbus=3, subbus=4\nfound-\u003e\tvendor=0x8086, dev=0x8ca6, revid=0x00\n\tdomain=0, bus=0, slot=29, func=0\n\tclass=0c-03-20, hdrtype=0x00, mfdev=0\n\tcmdreg=0x0006, statreg=0x0290, cachelnsz=0 (dwords)\n\tlattimer=0x00 (0 ns), mingnt=0x00 (0 ns), maxlat=0x00 (0 ns)\n\tintpin=a, irq=4\n\tpowerspec 2  supports D0 D3  current D0\n\tmap[10]: type Memory, range 32, base 0xf7136000, size 10, enabled\npcib0: allocated type 3 (0xf7136000-0xf71363ff) for rid 10 of pci0:0:29:0\npcib0: matched entry for 0.29.INTA\npcib0: slot 29 INTA hardwired to IRQ 23\nehci early: SMM active, request owner change\nfound-\u003e\tvendor=0x8086, dev=0x8cc4, revid=0x00\n\tdomain=0, bus=0, slot=31, func=0\n\tclass=06-01-00, hdrtype=0x00, mfdev=1\n\tcmdreg=0x0007, statreg=0x0210, cachelnsz=0 (dwords)\n\tlattimer=0x00 (0 ns), mingnt=0x00 (0 ns), maxlat=0x00 (0 ns)\nfound-\u003e\tvendor=0x8086, dev=0x8c82, revid=0x00\n\tdomain=0, bus=0, slot=31, func=2\n\tclass=01-06-01, hdrtype=0x00, mfdev=0\n\tcmdreg=0x0007, statreg=0x02b0, cachelnsz=0 (dwords)\n\tlattimer=0x00 (0 ns), mingnt=0x00 (0 ns), maxlat=0x00 (0 ns)\n\tintpin=b, irq=10\n\tpowerspec 3  supports D0 D3  current D0\n\tMSI supports 1 message\n\tmap[10]: type I/O Port, range 32, base 0xf090, size  3, enabled\npcib0: allocated type 4 (0xf090-0xf097) for rid 10 of pci0:0:31:2\n\tmap[14]: type I/O Port, range 32, base 0xf080, size  2, enabled\npcib0: allocated type 4 (0xf080-0xf083) for rid 14 of pci0:0:31:2\n\tmap[18]: type I/O Port, range 32, base 0xf070, size  3, enabled\npcib0: allocated type 4 (0xf070-0xf077) for rid 18 of pci0:0:31:2\n\tmap[1c]: type I/O Port, range 32, base 0xf060, size  2, enabled\npcib0: allocated type 4 (0xf060-0xf063) for rid 1c of pci0:0:31:2\n\tmap[20]: type I/O Port, range 32, base 0xf020, size  5, enabled\npcib0: allocated type 4 (0xf020-0xf03f) for rid 20 of pci0:0:31:2\n\tmap[24]: type Memory, range 32, base 0xf7135000, size 11, enabled\npcib0: allocated type 3 (0xf7135000-0xf71357ff) for rid 24 of pci0:0:31:2\npcib0: matched entry for 0.31.INTB\npcib0: slot 31 INTB hardwired to IRQ 19\nfound-\u003e\tvendor=0x8086, dev=0x8ca2, revid=0x00\n\tdomain=0, bus=0, slot=31, func=3\n\tclass=0c-05-00, hdrtype=0x00, mfdev=0\n\tcmdreg=0x0001, statreg=0x0280, cachelnsz=0 (dwords)\n\tlattimer=0x00 (0 ns), mingnt=0x00 (0 ns), maxlat=0x00 (0 ns)\n\tintpin=c, irq=11\n\tmap[10]: type Memory, range 64, base 0xf7134000, size  8, memory disabled\npcib0: allocated type 3 (0xf7134000-0xf71340ff) for rid 10 of pci0:0:31:3\n\tmap[20]: type I/O Port, range 32, base 0xf000, size  5, enabled\npcib0: allocated type 4 (0xf000-0xf01f) for rid 20 of pci0:0:31:3\npcib0: matched entry for 0.31.INTC\npcib0: slot 31 INTC hardwired to IRQ 18\npcib1: \u003cACPI PCI-PCI bridge\u003e irq 16 at device 1.0 on pci0\npcib0: allocated type 4 (0xe000-0xefff) for rid 1c of pcib1\npcib0: allocated type 3 (0xf6000000-0xf70fffff) for rid 20 of pcib1\npcib0: allocated type 3 (0xe0000000-0xf1ffffff) for rid 24 of pcib1\npcib1:   domain            0\npcib1:   secondary bus     1\npcib1:   subordinate bus   1\npcib1:   I/O decode        0xe000-0xefff\npcib1:   memory decode     0xf6000000-0xf70fffff\npcib1:   prefetched decode 0xe0000000-0xf1ffffff\npcib1:   special decode    VGA\npci1: \u003cACPI PCI bus\u003e on pcib1\npcib1: allocated bus range (1-1) for rid 0 of pci1\npci1: domain=0, physical bus=1\nfound-\u003e\tvendor=0x10de, dev=0x13c2, revid=0xa1\n\tdomain=0, bus=1, slot=0, func=0\n\tclass=03-00-00, hdrtype=0x00, mfdev=1\n\tcmdreg=0x0007, statreg=0x0010, cachelnsz=16 (dwords)\n\tlattimer=0x00 (0 ns), mingnt=0x00 (0 ns), maxlat=0x00 (0 ns)\n\tintpin=a, irq=11\n\tpowerspec 3  supports D0 D3  current D0\n\tMSI supports 1 message, 64 bit\n\tmap[10]: type Memory, range 32, base 0xf6000000, size 24, enabled\npcib1: allocated memory range (0xf6000000-0xf6ffffff) for rid 10 of pci0:1:0:0\n\tmap[14]: type Prefetchable Memory, range 64, base 0xe0000000, size 28, enabled\npcib1: allocated prefetch range (0xe0000000-0xefffffff) for rid 14 of pci0:1:0:0\n\tmap[1c]: type Prefetchable Memory, range 64, base 0xf0000000, size 25, enabled\npcib1: allocated prefetch range (0xf0000000-0xf1ffffff) for rid 1c of pci0:1:0:0\n\tmap[24]: type I/O Port, range 32, base 0xe000, size  7, enabled\npcib1: allocated I/O port range (0xe000-0xe07f) for rid 24 of pci0:1:0:0\npcib1: matched entry for 1.0.INTA\npcib1: slot 0 INTA hardwired to IRQ 16\nfound-\u003e\tvendor=0x10de, dev=0x0fbb, revid=0xa1\n\tdomain=0, bus=1, slot=0, func=1\n\tclass=04-03-00, hdrtype=0x00, mfdev=1\n\tcmdreg=0x0006, statreg=0x0010, cachelnsz=16 (dwords)\n\tlattimer=0x00 (0 ns), mingnt=0x00 (0 ns), maxlat=0x00 (0 ns)\n\tintpin=b, irq=10\n\tpowerspec 3  supports D0 D3  current D0\n\tMSI supports 1 message, 64 bit\n\tmap[10]: type Memory, range 32, base 0xf7080000, size 14, enabled\npcib1: allocated memory range (0xf7080000-0xf7083fff) for rid 10 of pci0:1:0:1\npcib1: matched entry for 1.0.INTB\npcib1: slot 0 INTB hardwired to IRQ 17\nvgapci0: \u003cVGA-compatible display\u003e port 0xe000-0xe07f mem 0xf6000000-0xf6ffffff,0xe0000000-0xefffffff,0xf0000000-0xf1ffffff irq 16 at device 0.0 on pci1\nnvidia0: \u003cGeForce GTX 970\u003e on vgapci0\nvgapci0: child nvidia0 requested pci_enable_io\nvgapci0: attempting to allocate 1 MSI vectors (1 supported)\nmsi: routing MSI IRQ 264 to local APIC 0 vector 59\nvgapci0: using IRQ 264 for MSI\nvgapci0: child nvidia0 requested pci_enable_io\nvgapci0: Boot video device\nhdac0: \u003cNVIDIA (0x0fbb) HDA Controller\u003e mem 0xf7080000-0xf7083fff irq 17 at device 0.1 on pci1\nhdac0: PCI card vendor: 0x10b0, device: 0x13c2\nhdac0: HDA Driver Revision: 20120126_0002\nhdac0: Config options: on=0x00000000 off=0x00000000\nhdac0: attempting to allocate 1 MSI vectors (1 supported)\nmsi: routing MSI IRQ 265 to local APIC 0 vector 60\nhdac0: using IRQ 265 for MSI\nhdac0: Caps: OSS 4, ISS 4, BSS 0, NSDO 4, 64bit, CORB 256, RIRB 256\nxhci0: \u003cIntel Wildcat Point USB 3.0 controller\u003e mem 0xf7120000-0xf712ffff irq 16 at device 20.0 on pci0\nxhci0: 32 bytes context size, 64-bit DMA\nxhci0: attempting to allocate 1 MSI vectors (8 supported)\nmsi: routing MSI IRQ 266 to local APIC 0 vector 61\nxhci0: using IRQ 266 for MSI\nxhci0: MSI enabled\nxhci0: Port routing mask set to 0xffffffff\nusbus0 on xhci0\nxhci0: usbpf: Attached\npci0: \u003csimple comms\u003e at device 22.0 (no driver attached)\nem0: \u003cIntel(R) PRO/1000 Network Connection 7.6.1-k\u003e port 0xf040-0xf05f mem 0xf7100000-0xf711ffff,0xf7138000-0xf7138fff irq 20 at device 25.0 on pci0\nem0: attempting to allocate 1 MSI vectors (1 supported)\nmsi: routing MSI IRQ 267 to local APIC 0 vector 62\nem0: using IRQ 267 for MSI\nem0: Using an MSI interrupt\nem0: bpf attached\nem0: Ethernet address: 74:d4:35:e8:9f:6d\nehci0: \u003cIntel Wildcat Point USB 2.0 controller USB-B\u003e mem 0xf7137000-0xf71373ff irq 16 at device 26.0 on pci0\nioapic0: routing intpin 16 (PCI IRQ 16) to lapic 0 vector 63\nusbus1: EHCI version 1.0\nusbus1 on ehci0\nehci0: usbpf: Attached\nhdac1: \u003cIntel Wildcat Point HDA Controller\u003e mem 0xf7130000-0xf7133fff irq 22 at device 27.0 on pci0\nhdac1: PCI card vendor: 0x1458, device: 0xa182\nhdac1: HDA Driver Revision: 20120126_0002\nhdac1: Config options: on=0x00000000 off=0x00000000\nhdac1: attempting to allocate 1 MSI vectors (1 supported)\nmsi: routing MSI IRQ 268 to local APIC 0 vector 64\nhdac1: using IRQ 268 for MSI\nhdac1: Caps: OSS 4, ISS 4, BSS 0, NSDO 1, 64bit, CORB 256, RIRB 256\npcib2: \u003cACPI PCI-PCI bridge\u003e irq 16 at device 28.0 on pci0\npcib2:   domain            0\npcib2:   secondary bus     2\npcib2:   subordinate bus   2\npci2: \u003cACPI PCI bus\u003e on pcib2\npcib2: allocated bus range (2-2) for rid 0 of pci2\npci2: domain=0, physical bus=2\npcib3: \u003cACPI PCI-PCI bridge\u003e irq 19 at device 28.3 on pci0\npcib3:   domain            0\npcib3:   secondary bus     3\npcib3:   subordinate bus   4\npci3: \u003cACPI PCI bus\u003e on pcib3\npcib3: allocated bus range (3-3) for rid 0 of pci3\npci3: domain=0, physical bus=3\nfound-\u003e\tvendor=0x8086, dev=0x244e, revid=0x41\n\tdomain=0, bus=3, slot=0, func=0\n\tclass=06-04-01, hdrtype=0x01, mfdev=0\n\tcmdreg=0x0007, statreg=0x0010, cachelnsz=16 (dwords)\n\tlattimer=0x00 (0 ns), mingnt=0x00 (0 ns), maxlat=0x00 (0 ns)\n\tintpin=a, irq=10\n\tpowerspec 2  supports D0 D1 D2 D3  current D0\npcib3: matched entry for 3.0.INTA\npcib3: slot 0 INTA hardwired to IRQ 19\n\tsecbus=4, subbus=4\npcib3: allocated bus range (4-4) for rid 0 of pci0:3:0:0\npcib4: \u003cACPI PCI-PCI bridge\u003e irq 19 at device 0.0 on pci3\npcib4:   domain            0\npcib4:   secondary bus     4\npcib4:   subordinate bus   4\npcib4:   special decode    subtractive\npcib4: could not get PCI interrupt routing table for \\134_SB_.PCI0.RP04.PXSX - AE_NOT_FOUND\npci4: \u003cACPI PCI bus\u003e on pcib4\npcib4: allocated bus range (4-4) for rid 0 of pci4\npci4: domain=0, physical bus=4\nehci1: \u003cIntel Wildcat Point USB 2.0 controller USB-A\u003e mem 0xf7136000-0xf71363ff irq 23 at device 29.0 on pci0\nioapic0: routing intpin 23 (PCI IRQ 23) to lapic 0 vector 65\nusbus2: EHCI version 1.0\nusbus2 on ehci1\nehci1: usbpf: Attached\nisab0: \u003cPCI-ISA bridge\u003e at device 31.0 on pci0\nisa0: \u003cISA bus\u003e on isab0\nahci0: \u003cIntel Wildcat Point AHCI SATA controller\u003e port 0xf090-0xf097,0xf080-0xf083,0xf070-0xf077,0xf060-0xf063,0xf020-0xf03f mem 0xf7135000-0xf71357ff irq 19 at device 31.2 on pci0\nahci0: attempting to allocate 1 MSI vectors (1 supported)\nmsi: routing MSI IRQ 269 to local APIC 0 vector 66\nahci0: using IRQ 269 for MSI\nahci0: AHCI v1.30 with 6 6Gbps ports, Port Multiplier not supported\nahci0: Caps: 64bit NCQ AL CLO 6Gbps PMD SSC PSC 32cmd EM 6ports\nahci0: Caps2: APST\nahcich0: \u003cAHCI channel\u003e at channel 0 on ahci0\nahcich0: Caps: HPCP\nahcich1: \u003cAHCI channel\u003e at channel 1 on ahci0\nahcich1: Caps: HPCP\nahcich2: \u003cAHCI channel\u003e at channel 2 on ahci0\nahcich2: Caps: HPCP\nahcich3: \u003cAHCI channel\u003e at channel 3 on ahci0\nahcich3: Caps: HPCP\nahcich4: \u003cAHCI channel\u003e at channel 4 on ahci0\nahcich4: Caps: HPCP\nahcich5: \u003cAHCI channel\u003e at channel 5 on ahci0\nahcich5: Caps: HPCP\nahciem0: \u003cAHCI enclosure management bridge\u003e on ahci0\nahciem0: Caps: ALHD XMT SMB LED\npci0: \u003cserial bus, SMBus\u003e at device 31.3 (no driver attached)\nacpi_button0: \u003cPower Button\u003e on acpi0\nacpi_button1: \u003cSleep Button\u003e on acpi0\nacpi_tz0: \u003cThermal Zone\u003e on acpi0\nacpi_tz1: \u003cThermal Zone\u003e on acpi0\nACPI: Enabled 5 GPEs in block 00 to 3F\nacpi0: wakeup code va 0xfffffe0463591000 pa 0x90000\nex_isa_identify()\npcib0: allocated type 3 (0xa0000-0xa07ff) for rid 0 of orm0\npcib0: allocated type 3 (0xa0800-0xa0fff) for rid 0 of orm0\npcib0: allocated type 3 (0xa1000-0xa17ff) for rid 0 of orm0\npcib0: allocated type 3 (0xa1800-0xa1fff) for rid 0 of orm0\npcib0: allocated type 3 (0xa2000-0xa27ff) for rid 0 of orm0\npcib0: allocated type 3 (0xa2800-0xa2fff) for rid 0 of orm0\npcib0: allocated type 3 (0xa3000-0xa37ff) for rid 0 of orm0\npcib0: allocated type 3 (0xa3800-0xa3fff) for rid 0 of orm0\npcib0: allocated type 3 (0xa4000-0xa47ff) for rid 0 of orm0\npcib0: allocated type 3 (0xa4800-0xa4fff) for rid 0 of orm0\npcib0: allocated type 3 (0xa5000-0xa57ff) for rid 0 of orm0\npcib0: allocated type 3 (0xa5800-0xa5fff) for rid 0 of orm0\npcib0: allocated type 3 (0xa6000-0xa67ff) for rid 0 of orm0\npcib0: allocated type 3 (0xa6800-0xa6fff) for rid 0 of orm0\npcib0: allocated type 3 (0xa7000-0xa77ff) for rid 0 of orm0\npcib0: allocated type 3 (0xa7800-0xa7fff) for rid 0 of orm0\npcib0: allocated type 3 (0xa8000-0xa87ff) for rid 0 of orm0\npcib0: allocated type 3 (0xa8800-0xa8fff) for rid 0 of orm0\npcib0: allocated type 3 (0xa9000-0xa97ff) for rid 0 of orm0\npcib0: allocated type 3 (0xa9800-0xa9fff) for rid 0 of orm0\npcib0: allocated type 3 (0xaa000-0xaa7ff) for rid 0 of orm0\npcib0: allocated type 3 (0xaa800-0xaafff) for rid 0 of orm0\npcib0: allocated type 3 (0xab000-0xab7ff) for rid 0 of orm0\npcib0: allocated type 3 (0xab800-0xabfff) for rid 0 of orm0\npcib0: allocated type 3 (0xac000-0xac7ff) for rid 0 of orm0\npcib0: allocated type 3 (0xac800-0xacfff) for rid 0 of orm0\npcib0: allocated type 3 (0xad000-0xad7ff) for rid 0 of orm0\npcib0: allocated type 3 (0xad800-0xadfff) for rid 0 of orm0\npcib0: allocated type 3 (0xae000-0xae7ff) for rid 0 of orm0\npcib0: allocated type 3 (0xae800-0xaefff) for rid 0 of orm0\npcib0: allocated type 3 (0xaf000-0xaf7ff) for rid 0 of orm0\npcib0: allocated type 3 (0xaf800-0xaffff) for rid 0 of orm0\npcib0: allocated type 3 (0xb0000-0xb07ff) for rid 0 of orm0\npcib0: allocated type 3 (0xb0800-0xb0fff) for rid 0 of orm0\npcib0: allocated type 3 (0xb1000-0xb17ff) for rid 0 of orm0\npcib0: allocated type 3 (0xb1800-0xb1fff) for rid 0 of orm0\npcib0: allocated type 3 (0xb2000-0xb27ff) for rid 0 of orm0\npcib0: allocated type 3 (0xb2800-0xb2fff) for rid 0 of orm0\npcib0: allocated type 3 (0xb3000-0xb37ff) for rid 0 of orm0\npcib0: allocated type 3 (0xb3800-0xb3fff) for rid 0 of orm0\npcib0: allocated type 3 (0xb4000-0xb47ff) for rid 0 of orm0\npcib0: allocated type 3 (0xb4800-0xb4fff) for rid 0 of orm0\npcib0: allocated type 3 (0xb5000-0xb57ff) for rid 0 of orm0\npcib0: allocated type 3 (0xb5800-0xb5fff) for rid 0 of orm0\npcib0: allocated type 3 (0xb6000-0xb67ff) for rid 0 of orm0\npcib0: allocated type 3 (0xb6800-0xb6fff) for rid 0 of orm0\npcib0: allocated type 3 (0xb7000-0xb77ff) for rid 0 of orm0\npcib0: allocated type 3 (0xb7800-0xb7fff) for rid 0 of orm0\npcib0: allocated type 3 (0xb8000-0xb87ff) for rid 0 of orm0\npcib0: allocated type 3 (0xb8800-0xb8fff) for rid 0 of orm0\npcib0: allocated type 3 (0xb9000-0xb97ff) for rid 0 of orm0\npcib0: allocated type 3 (0xb9800-0xb9fff) for rid 0 of orm0\npcib0: allocated type 3 (0xba000-0xba7ff) for rid 0 of orm0\npcib0: allocated type 3 (0xba800-0xbafff) for rid 0 of orm0\npcib0: allocated type 3 (0xbb000-0xbb7ff) for rid 0 of orm0\npcib0: allocated type 3 (0xbb800-0xbbfff) for rid 0 of orm0\npcib0: allocated type 3 (0xbc000-0xbc7ff) for rid 0 of orm0\npcib0: allocated type 3 (0xbc800-0xbcfff) for rid 0 of orm0\npcib0: allocated type 3 (0xbd000-0xbd7ff) for rid 0 of orm0\npcib0: allocated type 3 (0xbd800-0xbdfff) for rid 0 of orm0\npcib0: allocated type 3 (0xbe000-0xbe7ff) for rid 0 of orm0\npcib0: allocated type 3 (0xbe800-0xbefff) for rid 0 of orm0\npcib0: allocated type 3 (0xbf000-0xbf7ff) for rid 0 of orm0\npcib0: allocated type 3 (0xbf800-0xbffff) for rid 0 of orm0\npcib0: allocated type 3 (0xd0000-0xd07ff) for rid 0 of orm0\npcib0: allocated type 3 (0xd0800-0xd0fff) for rid 0 of orm0\npcib0: allocated type 3 (0xd1000-0xd17ff) for rid 0 of orm0\npcib0: allocated type 3 (0xd1800-0xd1fff) for rid 0 of orm0\npcib0: allocated type 3 (0xd2000-0xd27ff) for rid 0 of orm0\npcib0: allocated type 3 (0xd2800-0xd2fff) for rid 0 of orm0\npcib0: allocated type 3 (0xd3000-0xd37ff) for rid 0 of orm0\npcib0: allocated type 3 (0xd3800-0xd3fff) for rid 0 of orm0\npcib0: allocated type 3 (0xd4000-0xd47ff) for rid 0 of orm0\npcib0: allocated type 3 (0xd4800-0xd4fff) for rid 0 of orm0\npcib0: allocated type 3 (0xd5000-0xd57ff) for rid 0 of orm0\npcib0: allocated type 3 (0xd5800-0xd5fff) for rid 0 of orm0\npcib0: allocated type 3 (0xd6000-0xd67ff) for rid 0 of orm0\npcib0: allocated type 3 (0xd6800-0xd6fff) for rid 0 of orm0\npcib0: allocated type 3 (0xd7000-0xd77ff) for rid 0 of orm0\npcib0: allocated type 3 (0xd7800-0xd7fff) for rid 0 of orm0\npcib0: allocated type 3 (0xd8000-0xd87ff) for rid 0 of orm0\npcib0: allocated type 3 (0xd8800-0xd8fff) for rid 0 of orm0\npcib0: allocated type 3 (0xd9000-0xd97ff) for rid 0 of orm0\npcib0: allocated type 3 (0xd9800-0xd9fff) for rid 0 of orm0\npcib0: allocated type 3 (0xda000-0xda7ff) for rid 0 of orm0\npcib0: allocated type 3 (0xda800-0xdafff) for rid 0 of orm0\npcib0: allocated type 3 (0xdb000-0xdb7ff) for rid 0 of orm0\npcib0: allocated type 3 (0xdb800-0xdbfff) for rid 0 of orm0\npcib0: allocated type 3 (0xdc000-0xdc7ff) for rid 0 of orm0\npcib0: allocated type 3 (0xdc800-0xdcfff) for rid 0 of orm0\npcib0: allocated type 3 (0xdd000-0xdd7ff) for rid 0 of orm0\npcib0: allocated type 3 (0xdd800-0xddfff) for rid 0 of orm0\npcib0: allocated type 3 (0xde000-0xde7ff) for rid 0 of orm0\npcib0: allocated type 3 (0xde800-0xdefff) for rid 0 of orm0\npcib0: allocated type 3 (0xdf000-0xdf7ff) for rid 0 of orm0\npcib0: allocated type 3 (0xdf800-0xdffff) for rid 0 of orm0\npcib0: allocated type 3 (0xe0000-0xe07ff) for rid 0 of orm0\npcib0: allocated type 3 (0xe0800-0xe0fff) for rid 0 of orm0\npcib0: allocated type 3 (0xe1000-0xe17ff) for rid 0 of orm0\npcib0: allocated type 3 (0xe1800-0xe1fff) for rid 0 of orm0\npcib0: allocated type 3 (0xe2000-0xe27ff) for rid 0 of orm0\npcib0: allocated type 3 (0xe2800-0xe2fff) for rid 0 of orm0\npcib0: allocated type 3 (0xe3000-0xe37ff) for rid 0 of orm0\npcib0: allocated type 3 (0xe3800-0xe3fff) for rid 0 of orm0\npcib0: allocated type 3 (0xe4000-0xe47ff) for rid 0 of orm0\npcib0: allocated type 3 (0xe4800-0xe4fff) for rid 0 of orm0\npcib0: allocated type 3 (0xe5000-0xe57ff) for rid 0 of orm0\npcib0: allocated type 3 (0xe5800-0xe5fff) for rid 0 of orm0\npcib0: allocated type 3 (0xe6000-0xe67ff) for rid 0 of orm0\npcib0: allocated type 3 (0xe6800-0xe6fff) for rid 0 of orm0\npcib0: allocated type 3 (0xe7000-0xe77ff) for rid 0 of orm0\npcib0: allocated type 3 (0xe7800-0xe7fff) for rid 0 of orm0\nahc_isa_identify 0: ioport 0xc00 alloc failed\nahc_isa_identify 1: ioport 0x1c00 alloc failed\nahc_isa_identify 2: ioport 0x2c00 alloc failed\nahc_isa_identify 3: ioport 0x3c00 alloc failed\nahc_isa_identify 4: ioport 0x4c00 alloc failed\nahc_isa_identify 5: ioport 0x5c00 alloc failed\nahc_isa_identify 6: ioport 0x6c00 alloc failed\nahc_isa_identify 7: ioport 0x7c00 alloc failed\nahc_isa_identify 8: ioport 0x8c00 alloc failed\nahc_isa_identify 9: ioport 0x9c00 alloc failed\nahc_isa_identify 10: ioport 0xac00 alloc failed\nahc_isa_identify 11: ioport 0xbc00 alloc failed\nahc_isa_identify 12: ioport 0xcc00 alloc failed\nahc_isa_identify 13: ioport 0xdc00 alloc failed\nahc_isa_identify 14: ioport 0xec00 alloc failed\nisa_probe_children: disabling PnP devices\natrtc: atrtc0 already exists; skipping it\nattimer: attimer0 already exists; skipping it\nsc: sc0 already exists; skipping it\nisa_probe_children: probing non-PnP devices\nsc0: \u003cSystem console\u003e at flags 0x100 on isa0\nsc0: VGA \u003c16 virtual consoles, flags=0x300\u003e\nsc0: fb0, kbd1, terminal emulator: scteken (teken terminal)\nvga0: \u003cGeneric ISA VGA\u003e at port 0x3c0-0x3df iomem 0xa0000-0xbffff on isa0\npcib0: allocated type 4 (0x3c0-0x3df) for rid 0 of vga0\npcib0: allocated type 3 (0xa0000-0xbffff) for rid 0 of vga0\npcib0: allocated type 4 (0x60-0x60) for rid 0 of atkbdc0\npcib0: allocated type 4 (0x64-0x64) for rid 1 of atkbdc0\natkbdc0: \u003cKeyboard controller (i8042)\u003e at port 0x60,0x64 on isa0\npcib0: allocated type 4 (0x60-0x60) for rid 0 of atkbdc0\npcib0: allocated type 4 (0x64-0x64) for rid 1 of atkbdc0\natkbd0: \u003cAT Keyboard\u003e irq 1 on atkbdc0\nkbd0 at atkbd0\nkbd0: atkbd0, generic (0), config:0x0, flags:0x3f0000\nioapic0: routing intpin 1 (ISA IRQ 1) to lapic 0 vector 67\natkbd0: [GIANT-LOCKED]\npsm0: unable to allocate IRQ\npcib0: allocated type 4 (0x3f0-0x3f5) for rid 0 of fdc0\npcib0: allocated type 4 (0x3f7-0x3f7) for rid 1 of fdc0\nfdc0 failed to probe at port 0x3f0-0x3f5,0x3f7 irq 6 drq 2 on isa0\nppc0: cannot reserve I/O port range\nppc0 failed to probe at irq 7 on isa0\npcib0: allocated type 4 (0x3f8-0x3ff) for rid 0 of uart0\nuart0 failed to probe at port 0x3f8-0x3ff irq 4 on isa0\npcib0: allocated type 4 (0x2f8-0x2ff) for rid 0 of uart1\nuart1 failed to probe at port 0x2f8-0x2ff irq 3 on isa0\nwbwd0 failed to probe on isa0\nisa_probe_children: probing PnP devices\nest0: \u003cEnhanced SpeedStep Frequency Control\u003e on cpu0\nest1: \u003cEnhanced SpeedStep Frequency Control\u003e on cpu1\nest2: \u003cEnhanced SpeedStep Frequency Control\u003e on cpu2\nest3: \u003cEnhanced SpeedStep Frequency Control\u003e on cpu3\nest4: \u003cEnhanced SpeedStep Frequency Control\u003e on cpu4\nest5: \u003cEnhanced SpeedStep Frequency Control\u003e on cpu5\nest6: \u003cEnhanced SpeedStep Frequency Control\u003e on cpu6\nest7: \u003cEnhanced SpeedStep Frequency Control\u003e on cpu7\nDevice configuration finished.\nprocfs registered\nlapic: Divisor 2, Frequency 50000910 Hz\nTimecounters tick every 1.000 msec\nvlan: initialized, using hash tables with chaining\ntcp_init: net.inet.tcp.tcbhashsize auto tuned to 131072\nlo0: bpf attached\nhptrr: no controller detected.\nhptnr: no controller detected.\nhpt27xx: no controller detected.\nhdacc0: \u003cNVIDIA (0x0071) HDA CODEC\u003e at cad 0 on hdac0\nhdaa0: \u003cNVIDIA (0x0071) Audio Function Group\u003e at nid 1 on hdacc0\nhdaa0: Subsystem ID: 0x10b013c2\nhdaa0: NumGPIO=0 NumGPO=0 NumGPI=0 GPIWake=0 GPIUnsol=0\nhdaa0: Original pins configuration:\nhdaa0: nid   0x    as seq device       conn  jack    loc        color   misc\nhdaa0:  4 185600f0 15 0  Digital-out   Jack  Digital 0x18       Unknown 0\nhdaa0:  5 185600f0 15 0  Digital-out   Jack  Digital 0x18       Unknown 0\nhdaa0:  6 185600f0 15 0  Digital-out   Jack  Digital 0x18       Unknown 0\nhdaa0:  7 185600f0 15 0  Digital-out   Jack  Digital 0x18       Unknown 0\nhdaa0: Patched pins configuration:\nhdaa0: nid   0x    as seq device       conn  jack    loc        color   misc\nhdaa0:  4 185600f0 15 0  Digital-out   Jack  Digital 0x18       Unknown 0\nhdaa0:  5 185600f0 15 0  Digital-out   Jack  Digital 0x18       Unknown 0\nhdaa0:  6 185600f0 15 0  Digital-out   Jack  Digital 0x18       Unknown 0\nhdaa0:  7 185600f0 15 0  Digital-out   Jack  Digital 0x18       Unknown 0\nhdaa0: 4 associations found:\nhdaa0: Association 0 (15) out:\nhdaa0:  Pin nid=4 seq=0\nhdaa0: Association 1 (15) out:\nhdaa0:  Pin nid=5 seq=0\nhdaa0: Association 2 (15) out:\nhdaa0:  Pin nid=6 seq=0\nhdaa0: Association 3 (15) out:\nhdaa0:  Pin nid=7 seq=0\nhdaa0: Tracing association 0 (15)\nhdaa0:  Pin 4 traced to DAC 8\nhdaa0: Association 0 (15) trace succeeded\nhdaa0: Tracing association 1 (15)\nhdaa0:  Pin 5 traced to DAC 9\nhdaa0: Association 1 (15) trace succeeded\nhdaa0: Tracing association 2 (15)\nhdaa0:  Pin 6 traced to DAC 10\nhdaa0: Association 2 (15) trace succeeded\nhdaa0: Tracing association 3 (15)\nhdaa0:  Pin 7 traced to DAC 11\nhdaa0: Association 3 (15) trace succeeded\nhdaa0: Looking for additional DAC for association 0 (15)\nhdaa0: Looking for additional DAC for association 1 (15)\nhdaa0: Looking for additional DAC for association 2 (15)\nhdaa0: Looking for additional DAC for association 3 (15)\nhdaa0: Tracing input monitor\nhdaa0: Tracing other input monitors\nhdaa0: Tracing beeper\nhdaa0: FG config/quirks: forcestereo ivref50 ivref80 ivref100 ivref\npcm0: \u003cNVIDIA (0x0071) (HDMI/DP 8ch)\u003e at nid 4 on hdaa0\npcm0: Playback:\npcm0:      Stream cap: 0x00000005 AC3 PCM\npcm0:         PCM cap: 0x000e07f0 16 20 24 bits, 32 44 48 88 96 176 192 KHz\npcm0:             DAC: 8\npcm0: \npcm0:     nid=4 [pin: Digital-out (Jack)]\npcm0:       + \u003c- nid=8 [audio output] [src: pcm]\npcm0: \npcm0: Mixer \"vol\" -\u003e \"none\": child=0x00000010\npcm0: Mixer \"pcm\": parent=\"vol\"\npcm0: Soft PCM mixer ENABLED\npcm0: Playback channel matrix is: unknown, assuming 7.1 (disconnected)\npcm1: \u003cNVIDIA (0x0071) (HDMI/DP 8ch)\u003e at nid 5 on hdaa0\npcm1: Playback:\npcm1:      Stream cap: 0x00000005 AC3 PCM\npcm1:         PCM cap: 0x000e07f0 16 20 24 bits, 32 44 48 88 96 176 192 KHz\npcm1:             DAC: 9\npcm1: \npcm1:     nid=5 [pin: Digital-out (Jack)]\npcm1:       + \u003c- nid=9 [audio output] [src: pcm]\npcm1: \npcm1: Mixer \"vol\" -\u003e \"none\": child=0x00000010\npcm1: Mixer \"pcm\": parent=\"vol\"\npcm1: Soft PCM mixer ENABLED\npcm1: Playback channel matrix is: unknown, assuming 7.1 (disconnected)\npcm2: \u003cNVIDIA (0x0071) (HDMI/DP 8ch)\u003e at nid 6 on hdaa0\npcm2: Playback:\npcm2:      Stream cap: 0x00000005 AC3 PCM\npcm2:         PCM cap: 0x000e07f0 16 20 24 bits, 32 44 48 88 96 176 192 KHz\npcm2:             DAC: 10\npcm2: \npcm2:     nid=6 [pin: Digital-out (Jack)]\npcm2:       + \u003c- nid=10 [audio output] [src: pcm]\npcm2: \npcm2: Mixer \"vol\" -\u003e \"none\": child=0x00000010\npcm2: Mixer \"pcm\": parent=\"vol\"\npcm2: Soft PCM mixer ENABLED\npcm2: Playback channel matrix is: unknown, assuming 7.1 (disconnected)\npcm3: \u003cNVIDIA (0x0071) (HDMI/DP 8ch)\u003e at nid 7 on hdaa0\npcm3: Playback:\npcm3:      Stream cap: 0x00000005 AC3 PCM\npcm3:         PCM cap: 0x000e07f0 16 20 24 bits, 32 44 48 88 96 176 192 KHz\npcm3:             DAC: 11\npcm3: \npcm3:     nid=7 [pin: Digital-out (Jack)]\npcm3:       + \u003c- nid=11 [audio output] [src: pcm]\npcm3: \npcm3: Mixer \"vol\" -\u003e \"none\": child=0x00000010\npcm3: Mixer \"pcm\": parent=\"vol\"\npcm3: Soft PCM mixer ENABLED\npcm3: Playback channel matrix is: unknown, assuming 7.1 (disconnected)\nhdacc1: \u003cRealtek (0x0900) HDA CODEC\u003e at cad 2 on hdac1\nhdaa1: \u003cRealtek (0x0900) Audio Function Group\u003e at nid 1 on hdacc1\nhdaa1: Subsystem ID: 0x1458a182\nhdaa1: NumGPIO=2 NumGPO=0 NumGPI=0 GPIWake=0 GPIUnsol=1\nhdaa1:  GPIO0: disabled\nhdaa1:  GPIO1: disabled\nhdaa1: Original pins configuration:\nhdaa1: nid   0x    as seq device       conn  jack    loc        color   misc\nhdaa1: 17 99430130 3  0  SPDIF-out     Fixed ATAPI   Onboard    Unknown 1\nhdaa1: 20 01014010 1  0  Line-out      Jack  1/8     Rear       Green   0\nhdaa1: 21 01011012 1  2  Line-out      Jack  1/8     Rear       Black   0\nhdaa1: 22 01016011 1  1  Line-out      Jack  1/8     Rear       Orange  0\nhdaa1: 23 4037c500 0  0  CD            None  Analog  0x00       Res.C   5\nhdaa1: 24 01a19050 5  0  Mic           Jack  1/8     Rear       Pink    0\nhdaa1: 25 02a19060 6  0  Mic           Jack  1/8     Front      Pink    0\nhdaa1: 26 0181305f 5  15 Line-in       Jack  1/8     Rear       Blue    0\nhdaa1: 27 02214020 2  0  Headphones    Jack  1/8     Front      Green   0\nhdaa1: 30 01452140 4  0  SPDIF-out     Jack  Optical Rear       Grey    1\nhdaa1: Patching widget caps nid=29 0x00f00000 -\u003e 0x00700000\nhdaa1: Patched pins configuration:\nhdaa1: nid   0x    as seq device       conn  jack    loc        color   misc\nhdaa1: 17 99430130 3  0  SPDIF-out     Fixed ATAPI   Onboard    Unknown 1\nhdaa1: 20 01014010 1  0  Line-out      Jack  1/8     Rear       Green   0\nhdaa1: 21 01011012 1  2  Line-out      Jack  1/8     Rear       Black   0\nhdaa1: 22 01016011 1  1  Line-out      Jack  1/8     Rear       Orange  0\nhdaa1: 23 4037c500 0  0  CD            None  Analog  0x00       Res.C   5 DISA\nhdaa1: 24 01a19050 5  0  Mic           Jack  1/8     Rear       Pink    0\nhdaa1: 25 02a19060 6  0  Mic           Jack  1/8     Front      Pink    0\nhdaa1: 26 0181305f 5  15 Line-in       Jack  1/8     Rear       Blue    0\nhdaa1: 27 02214020 2  0  Headphones    Jack  1/8     Front      Green   0\nhdaa1: 30 01452140 4  0  SPDIF-out     Jack  Optical Rear       Grey    1\nhdaa1: 6 associations found:\nhdaa1: Association 0 (1) out:\nhdaa1:  Pin nid=20 seq=0\nhdaa1:  Pin nid=22 seq=1\nhdaa1:  Pin nid=21 seq=2\nhdaa1: Association 1 (2) out:\nhdaa1:  Pin nid=27 seq=0\nhdaa1: Association 2 (3) out:\nhdaa1:  Pin nid=17 seq=0\nhdaa1: Association 3 (4) out:\nhdaa1:  Pin nid=30 seq=0\nhdaa1: Association 4 (5) in:\nhdaa1:  Pin nid=24 seq=0\nhdaa1:  Pin nid=26 seq=15\nhdaa1: Association 5 (6) in:\nhdaa1:  Pin nid=25 seq=0\nhdaa1: Tracing association 0 (1)\nhdaa1:  Pin 20 traced to DAC 2\nhdaa1:  Pin 22 traced to DAC 4\nhdaa1:  Pin 21 traced to DAC 3\nhdaa1: Association 0 (1) trace succeeded\nhdaa1: Tracing association 1 (2)\nhdaa1:  Pin 27 traced to DAC 5\nhdaa1: Association 1 (2) trace succeeded\nhdaa1: Tracing association 2 (3)\nhdaa1:  Pin 17 traced to DAC 16\nhdaa1: Association 2 (3) trace succeeded\nhdaa1: Tracing association 3 (4)\nhdaa1:  Pin 30 traced to DAC 6\nhdaa1: Association 3 (4) trace succeeded\nhdaa1: Tracing association 4 (5)\nhdaa1:  Pin 24 traced to ADC 8\nhdaa1:  Pin 26 traced to ADC 8\nhdaa1: Association 4 (5) trace succeeded\nhdaa1: Tracing association 5 (6)\nhdaa1:  Pin 25 traced to ADC 9\nhdaa1: Association 5 (6) trace succeeded\nhdaa1: Looking for additional DAC for association 0 (1)\nhdaa1: Looking for additional DAC for association 1 (2)\nhdaa1: Looking for additional DAC for association 2 (3)\nhdaa1: Looking for additional DAC for association 3 (4)\nhdaa1: Looking for additional ADC for association 4 (5)\nhdaa1: Looking for additional ADC for association 5 (6)\nhdaa1: Tracing input monitor\nhdaa1:  Tracing nid 11 to out\nhdaa1:  nid 11 is input monitor\nhdaa1:  Tracing nid 34 to out\nhdaa1:  Tracing nid 35 to out\nhdaa1: Tracing other input monitors\nhdaa1:  Tracing nid 24 to out\nhdaa1:  Tracing nid 25 to out\nhdaa1:  Tracing nid 26 to out\nhdaa1: Tracing beeper\nhdaa1: Pin sense: nid=20 sense=0x80000000 (connected)\nhdaa1: FG config/quirks: forcestereo ivref50 ivref80 ivref100 ivref\npcm4: \u003cRealtek (0x0900) (Rear Analog 5.1/2.0)\u003e at nid 20,22,21 and 24,26 on hdaa1\npcm4: Playback:\npcm4:      Stream cap: 0x00000001 PCM\npcm4:         PCM cap: 0x000e0560 16 20 24 bits, 44 48 96 192 KHz\npcm4:             DAC: 2 4 3\npcm4: \npcm4:     nid=20 [pin: Line-out (Green Jack)]\npcm4:       + \u003c- nid=12 [audio mixer] [src: pcm, mix]\npcm4:              + \u003c- nid=2 [audio output] [src: pcm]\npcm4:              + \u003c- nid=11 [audio mixer] [src: mix]\npcm4: \npcm4:     nid=22 [pin: Line-out (Orange Jack)]\npcm4:       + \u003c- nid=14 [audio mixer] [src: pcm, mix]\npcm4:              + \u003c- nid=4 [audio output] [src: pcm]\npcm4:              + \u003c- nid=11 [audio mixer] [src: mix]\npcm4: \npcm4:     nid=21 [pin: Line-out (Black Jack)]\npcm4:       + \u003c- nid=13 [audio mixer] [src: pcm, mix]\npcm4:              + \u003c- nid=3 [audio output] [src: pcm]\npcm4:              + \u003c- nid=11 [audio mixer] [src: mix]\npcm4: \npcm4: Record:\npcm4:      Stream cap: 0x00000001 PCM\npcm4:         PCM cap: 0x000e0560 16 20 24 bits, 44 48 96 192 KHz\npcm4:             ADC: 8\npcm4: \npcm4:     nid=8 [audio input]\npcm4:       + \u003c- nid=35 [audio mixer] [src: line, mic, mix]\npcm4:              + \u003c- nid=24 [pin: Mic (Pink Jack)] [src: mic]\npcm4:              + \u003c- nid=26 [pin: Line-in (Blue Jack)] [src: line]\npcm4:              + \u003c- nid=11 [audio mixer] [src: mix]\npcm4: \npcm4: Input Mix:\npcm4: \npcm4:     nid=11 [audio mixer]\npcm4:       + \u003c- nid=24 [pin: Mic (Pink Jack)] [src: mic]\npcm4:       + \u003c- nid=26 [pin: Line-in (Blue Jack)] [src: line]\npcm4: \npcm4: Master Volume (OSS: vol): -65/0dB\npcm4:    +- ctl  1 (nid   2 out):    -65/0dB (88 steps)\npcm4:    +- ctl  2 (nid   3 out):    -65/0dB (88 steps)\npcm4:    +- ctl  3 (nid   4 out):    -65/0dB (88 steps)\npcm4:    +- ctl 15 (nid  12 in   0): mute\npcm4:    +- ctl 16 (nid  12 in   1): mute\npcm4:    +- ctl 17 (nid  13 in   0): mute\npcm4:    +- ctl 18 (nid  13 in   1): mute\npcm4:    +- ctl 19 (nid  14 in   0): mute\npcm4:    +- ctl 20 (nid  14 in   1): mute\npcm4:    +- ctl 23 (nid  20 in ):    mute\npcm4:    +- ctl 24 (nid  21 in ):    mute\npcm4:    +- ctl 25 (nid  22 in ):    mute\npcm4: \npcm4: PCM Volume (OSS: pcm): -65/0dB\npcm4:    +- ctl  1 (nid   2 out):    -65/0dB (88 steps)\npcm4:    +- ctl  2 (nid   3 out):    -65/0dB (88 steps)\npcm4:    +- ctl  3 (nid   4 out):    -65/0dB (88 steps)\npcm4:    +- ctl 15 (nid  12 in   0): mute\npcm4:    +- ctl 17 (nid  13 in   0): mute\npcm4:    +- ctl 19 (nid  14 in   0): mute\npcm4: \npcm4: Microphone Volume (OSS: mic): 0/30dB\npcm4:    +- ctl  7 (nid  11 in   0): -34/12dB (32 steps) + mute\npcm4:    +- ctl 28 (nid  24 out):    0/30dB (4 steps)\npcm4:    +- ctl 44 (nid  35 in   0): mute\npcm4: \npcm4: Line-in Volume (OSS: line): 0/30dB\npcm4:    +- ctl  9 (nid  11 in   2): -34/12dB (32 steps) + mute\npcm4:    +- ctl 32 (nid  26 out):    0/30dB (4 steps)\npcm4:    +- ctl 46 (nid  35 in   2): mute\npcm4: \npcm4: Recording Level (OSS: rec): -17/30dB\npcm4:    +- ctl  5 (nid   8 in   0): -17/30dB (64 steps) + mute\npcm4:    +- ctl 44 (nid  35 in   0): mute\npcm4:    +- ctl 46 (nid  35 in   2): mute\npcm4:    +- ctl 52 (nid  35 in   8): mute\npcm4: \npcm4: Input Mix Level (OSS: mix): -34/12dB\npcm4:    +- ctl  7 (nid  11 in   0): -34/12dB (32 steps) + mute\npcm4:    +- ctl  9 (nid  11 in   2): -34/12dB (32 steps) + mute\npcm4:    +- ctl 16 (nid  12 in   1): mute\npcm4:    +- ctl 18 (nid  13 in   1): mute\npcm4:    +- ctl 20 (nid  14 in   1): mute\npcm4:    +- ctl 52 (nid  35 in   8): mute\npcm4: \npcm4: Input Monitoring Level (OSS: igain): 0/0dB\npcm4:    +- ctl 16 (nid  12 in   1): mute\npcm4:    +- ctl 18 (nid  13 in   1): mute\npcm4:    +- ctl 20 (nid  14 in   1): mute\npcm4: \npcm4: Mixer \"vol\":\npcm4: Mixer \"pcm\":\npcm4: Mixer \"line\":\npcm4: Mixer \"mic\":\npcm4: Mixer \"mix\":\npcm4: Mixer \"rec\":\npcm4: Mixer \"igain\":\npcm4: Mixer \"ogain\":\npcm4: Playback channel set is: Front Left, Front Right, \npcm4: Playback channel matrix is: 2.0 (connected)\npcm4: Recording channel set is: Front Left, Front Right, \npcm4: Recording channel matrix is: 2.0 (disconnected)\npcm5: \u003cRealtek (0x0900) (Front Analog)\u003e at nid 27 and 25 on hdaa1\npcm5: Playback:\npcm5:      Stream cap: 0x00000001 PCM\npcm5:         PCM cap: 0x000e0560 16 20 24 bits, 44 48 96 192 KHz\npcm5:             DAC: 5\npcm5: \npcm5:     nid=27 [pin: Headphones (Green Jack)]\npcm5:       + \u003c- nid=15 [audio mixer] [src: pcm, mix]\npcm5:              + \u003c- nid=5 [audio output] [src: pcm]\npcm5:              + \u003c- nid=11 [audio mixer] [src: mix]\npcm5: \npcm5: Record:\npcm5:      Stream cap: 0x00000001 PCM\npcm5:         PCM cap: 0x000e0560 16 20 24 bits, 44 48 96 192 KHz\npcm5:             ADC: 9\npcm5: \npcm5:     nid=9 [audio input]\npcm5:       + \u003c- nid=34 [audio mixer] [src: monitor]\npcm5:              + \u003c- nid=25 [pin: Mic (Pink Jack)] [src: monitor]\npcm5: \npcm5: Master Volume (OSS: vol): -65/0dB\npcm5:    +- ctl  4 (nid   5 out):    -65/0dB (88 steps)\npcm5:    +- ctl 21 (nid  15 in   0): mute\npcm5:    +- ctl 22 (nid  15 in   1): mute\npcm5:    +- ctl 33 (nid  27 in ):    mute\npcm5: \npcm5: PCM Volume (OSS: pcm): -65/0dB\npcm5:    +- ctl  4 (nid   5 out):    -65/0dB (88 steps)\npcm5:    +- ctl 21 (nid  15 in   0): mute\npcm5: \npcm5: Microphone2 Volume (OSS: monitor): 0/30dB\npcm5:    +- ctl  6 (nid   9 in   0): -17/30dB (64 steps) + mute\npcm5:    +- ctl 30 (nid  25 out):    0/30dB (4 steps)\npcm5:    +- ctl 36 (nid  34 in   1): mute\npcm5: \npcm5: Recording Level (OSS: rec): -17/30dB\npcm5:    +- ctl  6 (nid   9 in   0): -17/30dB (64 steps) + mute\npcm5:    +- ctl 30 (nid  25 out):    0/30dB (4 steps)\npcm5:    +- ctl 36 (nid  34 in   1): mute\npcm5: \npcm5: Input Mix Level (OSS: mix)\npcm5:    +- ctl 22 (nid  15 in   1): mute\npcm5: \npcm5: Input Monitoring Level (OSS: igain): 0/0dB\npcm5:    +- ctl 22 (nid  15 in   1): mute\npcm5: \npcm5: Mixer \"vol\":\npcm5: Mixer \"pcm\":\npcm5: Mixer \"rec\":\npcm5: Mixer \"igain\":\npcm5: Mixer \"ogain\":\npcm5: Mixer \"monitor\":\npcm5: Playback channel set is: Front Left, Front Right, \npcm5: Playback channel matrix is: 2.0 (disconnected)\npcm5: Recording channel set is: Front Left, Front Right, \npcm5: Recording channel matrix is: 2.0 (disconnected)\npcm6: \u003cRealtek (0x0900) (Onboard Digital)\u003e at nid 17 on hdaa1\npcm6: Playback:\npcm6:      Stream cap: 0x00000005 AC3 PCM\npcm6:         PCM cap: 0x000e05f0 16 20 24 bits, 32 44 48 88 96 192 KHz\npcm6:             DAC: 16\npcm6: \npcm6:     nid=17 [pin: SPDIF-out (Fixed)]\npcm6:       + \u003c- nid=16 [audio output] [src: pcm]\npcm6: \npcm6: Mixer \"vol\" -\u003e \"none\": child=0x00000010\npcm6: Mixer \"pcm\": parent=\"vol\"\npcm6: Soft PCM mixer ENABLED\npcm6: Playback channel set is: Front Left, Front Right, \npcm6: Playback channel matrix is: 2.0 (unknown)\npcm7: \u003cRealtek (0x0900) (Rear Digital)\u003e at nid 30 on hdaa1\npcm7: Playback:\npcm7:      Stream cap: 0x00000005 AC3 PCM\npcm7:         PCM cap: 0x000e05f0 16 20 24 bits, 32 44 48 88 96 192 KHz\npcm7:             DAC: 6\npcm7: \npcm7:     nid=30 [pin: SPDIF-out (Grey Jack)]\npcm7:       + \u003c- nid=6 [audio output] [src: pcm]\npcm7: \npcm7: Mixer \"vol\" -\u003e \"none\": child=0x00000010\npcm7: Mixer \"pcm\": parent=\"vol\"\npcm7: Soft PCM mixer ENABLED\npcm7: Playback channel set is: Front Left, Front Right, \npcm7: Playback channel matrix is: 2.0 (unknown)\nrandom: unblocking device.\nusbus0: 5.0Gbps Super Speed USB v3.0\nusbus1: 480Mbps High Speed USB v2.0\nusbus2: 480Mbps High Speed USB v2.0\nahcich0: AHCI reset...\nahcich0: SATA connect time=100us status=00000133\nahcich0: AHCI reset: device found\nahcich1: AHCI reset...\nahcich1: SATA connect time=100us status=00000133\nahcich1: AHCI reset: device found\nahcich2: AHCI reset...\nugen0.1: \u003c0x8086\u003e at usbus0\nuhub0: \u003c0x8086 XHCI root HUB, class 9/0, rev 3.00/1.00, addr 1\u003e on usbus0\nugen2.1: \u003cIntel\u003e at usbus2\nuhub1: \u003cIntel EHCI root HUB, class 9/0, rev 2.00/1.00, addr 1\u003e on usbus2\nugen1.1: \u003cIntel\u003e at usbus1\nuhub2: \u003cIntel EHCI root HUB, class 9/0, rev 2.00/1.00, addr 1\u003e on usbus1\nahcich2: SATA connect timeout time=10000us status=00000000\nahcich2: AHCI reset: device not found\nahcich3: AHCI reset...\nahcich3: SATA connect time=1900us status=00000113\nahcich3: AHCI reset: device found\nahcich3: AHCI reset: device ready after 1ms\nahcich4: AHCI reset...\nahcich4: SATA connect time=100us status=00000133\nahcich4: AHCI reset: device found\nahcich5: AHCI reset...\nahcich5: SATA connect timeout time=10000us status=00000000\nahcich5: AHCI reset: device not found\nahcich0: AHCI reset: device ready after 100ms\nahcich1: AHCI reset: device ready after 100ms\nahcich4: AHCI reset: device ready after 100ms\n(aprobe0:ahcich0:0:0:0): Spinning up device\n(aprobe0:ahcich0:0:0:0): Spin-up done\npass0 at ahcich0 bus 0 scbus0 target 0 lun 0\npass0: \u003cADATA SP900 5.8.2\u003e ATA8-ACS SATA 3.x device\npass0: Serial Number 7E4920015823\npass0: 600.000MB/s transfers (SATA 3.x, UDMA6, PIO 512bytes)\npass0: Command Queueing enabled\npass1 at ahcich1 bus 0 scbus1 target 0 lun 0\npass1: \u003cST2000DM001-1ER164 CC25\u003e ACS-2 ATA SATA 3.x device\npass1: Serial Number Z4Z1SGN2\npass1: 600.000MB/s transfers (SATA 3.x, UDMA6, PIO 8192bytes)\npass1: Command Queueing enabled\npass2 at ahcich3 bus 0 scbus3 target 0 lun 0\npass2: \u003cTSSTcorp CDDVDW SH-224DB SB01\u003e Removable CD-ROM SCSI device\npass2: Serial Number R93E68DFB01WVT\npass2: 150.000MB/s transfers (SATA 1.x, UDMA5, ATAPI 12bytes, PIO 8192bytes)\npass3 at ahcich4 bus 0 scbus4 target 0 lun 0\npass3: \u003cSamsung SSD 850 EVO 500GB EMT01B6Q\u003e ACS-2 ATA SATA 3.x device\npass3: Serial Number S21HNXBG402860T\npass3: 600.000MB/s transfers (SATA 3.x, UDMA6, PIO 512bytes)\npass3: Command Queueing enabled\npass4 at ahciem0 bus 0 scbus6 target 0 lun 0\npass4: \u003cAHCI SGPIO Enclosure 1.00 0001\u003e SEMB S-E-S 2.00 device\nada0 at ahcich0 bus 0 scbus0 target 0 lun 0\nada0: \u003cADATA SP900 5.8.2\u003e ATA8-ACS SATA 3.x device\nada0: Serial Number 7E4920015823\nada0: 600.000MB/s transfers (SATA 3.x, UDMA6, PIO 512bytes)\nada0: Command Queueing enabled\nada0: 244198MB (500118192 512 byte sectors)\nada0: Previously was known as ad4\nada1 at ahcich1 bus 0 scbus1 target 0 lun 0\nada1: \u003cST2000DM001-1ER164 CC25\u003e ACS-2 ATA SATA 3.x device\nada1: Serial Number Z4Z1SGN2\nada1: 600.000MB/s transfers (SATA 3.x, UDMA6, PIO 8192bytes)\nada1: Command Queueing enabled\nada1: 1907729MB (3907029168 512 byte sectors)\nada1: quirks=0x1\u003c4K\u003e\nada1: Previously was known as ad6\nada2 at ahcich4 bus 0 scbus4 target 0 lun 0\nGEOM: new disk ada0\nGEOM: new disk ada1\nGEOM: new disk ada2\nada2: \u003cSamsung SSD 850 EVO 500GB EMT01B6Q\u003e ACS-2 ATA SATA 3.x device\nada2: Serial Number S21HNXBG402860T\nada2: 600.000MB/s transfers (SATA 3.x, UDMA6, PIO 512bytes)\nada2: Command Queueing enabled\nada2: 476940MB (976773168 512 byte sectors)\nada2: quirks=0x1\u003c4K\u003e\nada2: Previously was known as ad12\nses0 at ahciem0 bus 0 scbus6 target 0 lun 0\nses0: \u003cAHCI SGPIO Enclosure 1.00 0001\u003e SEMB S-E-S 2.00 device\nses0: SEMB SES Device\nses0: Generation Code 0x0 has 1 SubEnclosures\nses0:  SubEnclosure ID 0, 1 Types With this ID, Descriptor Length 36, offset 8\nses0: WWN: 0\nses0:  Type Desc[0]: Type 0x17, MaxElt 6, In Subenc 0, Text Length 0: \ncd0 at ahcich3 bus 0 scbus3 target 0 lun 0\ncd0: \u003cTSSTcorp CDDVDW SH-224DB SB01\u003e Removable CD-ROM SCSI device\ncd0: Serial Number R93E68DFB01WVT\ncd0: 150.000MB/s transfers (SATA 1.x, UDMA5, ATAPI 12bytes, PIO 8192bytes)\ncd0: Attempt to query device size failed: NOT READY, Medium not present - tray closed\nGEOM: new disk cd0\nlapic5: CMCI unmasked\nlapic4: CMCI unmasked\nlapic3: CMCI unmasked\nlapic2: CMCI unmasked\nlapic7: CMCI unmasked\nlapic6: CMCI unmasked\nSMP: AP CPU #1 Launched!\ncpu1 AP:\n     ID: 0x01000000   VER: 0x01060015 LDR: 0x00000000 DFR: 0xffffffff\n  lint0: 0x00010700 lint1: 0x00000400 TPR: 0x00000000 SVR: 0x000001ff\n  timer: 0x000100ef therm: 0x00010000 err: 0x000000f0 pmc: 0x00010400\n   cmci: 0x000100f2\nSMP: AP CPU #6 Launched!\ncpu6 AP:\n     ID: 0x06000000   VER: 0x01060015 LDR: 0x00000000 DFR: 0xffffffff\n  lint0: 0x00010700 lint1: 0x00000400 TPR: 0x00000000 SVR: 0x000001ff\n  timer: 0x000100ef therm: 0x00010000 err: 0x000000f0 pmc: 0x00010400\n   cmci: 0x000000f2\nSMP: AP CPU #2 Launched!\ncpu2 AP:\n     ID: 0x02000000   VER: 0x01060015 LDR: 0x00000000 DFR: 0xffffffff\n  lint0: 0x00010700 lint1: 0x00000400 TPR: 0x00000000 SVR: 0x000001ff\n  timer: 0x000100ef therm: 0x00010000 err: 0x000000f0 pmc: 0x00010400\n   cmci: 0x000000f2\nSMP: AP CPU #7 Launched!\ncpu7 AP:\n     ID: 0x07000000   VER: 0x01060015 LDR: 0x00000000 DFR: 0xffffffff\n  lint0: 0x00010700 lint1: 0x00000400 TPR: 0x00000000 SVR: 0x000001ff\n  timer: 0x000100ef therm: 0x00010000 err: 0x000000f0 pmc: 0x00010400\n   cmci: 0x000000f2\nSMP: AP CPU #3 Launched!\ncpu3 AP:\n     ID: 0x03000000   VER: 0x01060015 LDR: 0x00000000 DFR: 0xffffffff\n  lint0: 0x00010700 lint1: 0x00000400 TPR: 0x00000000 SVR: 0x000001ff\n  timer: 0x000100ef therm: 0x00010000 err: 0x000000f0 pmc: 0x00010400\n   cmci: 0x000000f2\nSMP: AP CPU #4 Launched!\ncpu4 AP:\n     ID: 0x04000000   VER: 0x01060015 LDR: 0x00000000 DFR: 0xffffffff\n  lint0: 0x00010700 lint1: 0x00000400 TPR: 0x00000000 SVR: 0x000001ff\n  timer: 0x000100ef therm: 0x00010000 err: 0x000000f0 pmc: 0x00010400\n   cmci: 0x000000f2\nSMP: AP CPU #5 Launched!\ncpu5 AP:\n     ID: 0x05000000   VER: 0x01060015 LDR: 0x00000000 DFR: 0xffffffff\n  lint0: 0x00010700 lint1: 0x00000400 TPR: 0x00000000 SVR: 0x000001ff\n  timer: 0x000100ef therm: 0x00010000 err: 0x000000f0 pmc: 0x00010400\n   cmci: 0x000000f2\nioapic0: routing intpin 1 (ISA IRQ 1) to lapic 1 vector 48\nioapic0: routing intpin 9 (ISA IRQ 9) to lapic 2 vector 48\nioapic0: routing intpin 16 (PCI IRQ 16) to lapic 3 vector 48\nioapic0: routing intpin 23 (PCI IRQ 23) to lapic 4 vector 48\nmsi: Assigning MSI-X IRQ 257 to local APIC 1 vector 49\nmsi: Assigning MSI-X IRQ 258 to local APIC 2 vector 49\nmsi: Assigning MSI-X IRQ 259 to local APIC 3 vector 49\nmsi: Assigning MSI-X IRQ 260 to local APIC 4 vector 49\nmsi: Assigning MSI-X IRQ 261 to local APIC 5 vector 48\nmsi: Assigning MSI-X IRQ 262 to local APIC 6 vector 48\nmsi: Assigning MSI-X IRQ 263 to local APIC 7 vector 48\nmsi: Assigning MSI IRQ 264 to local APIC 5 vector 49\nmsi: Assigning MSI IRQ 265 to local APIC 6 vector 49\nmsi: Assigning MSI IRQ 266 to local APIC 7 vector 49\nmsi: Assigning MSI IRQ 268 to local APIC 1 vector 50\nmsi: Assigning MSI IRQ 269 to local APIC 2 vector 50\nSMP: passed TSC synchronization test\nTSC timecounter discards lower 1 bit(s)\nTimecounter \"TSC-low\" frequency 2000036294 Hz quality 1000\nRoot mount waiting for: usbus2 usbus1 usbus0\nuhub1: 2 ports with 2 removable, self powered\nuhub2: 2 ports with 2 removable, self powered\nuhub0: 21 ports with 21 removable, self powered\nRoot mount waiting for: usbus2 usbus1 usbus0\nugen0.2: \u003cvendor 0x046a\u003e at usbus0\nukbd0: \u003cvendor 0x046a product 0x0023, class 0/0, rev 2.00/2.20, addr 1\u003e on usbus0\nkbd2 at ukbd0\nkbd2: ukbd0, generic (0), config:0x0, flags:0x3d0000\nugen1.2: \u003cvendor 0x8087\u003e at usbus1\nuhub3: \u003cvendor 0x8087 product 0x8009, class 9/0, rev 2.00/0.00, addr 2\u003e on usbus1\nugen2.2: \u003cvendor 0x8087\u003e at usbus2\nuhub4: \u003cvendor 0x8087 product 0x8001, class 9/0, rev 2.00/0.00, addr 2\u003e on usbus2\nuhub3: 6 ports with 6 removable, self powered\nuhub4: 8 ports with 8 removable, self powered\nugen0.3: \u003cMicrosoft\u003e at usbus0\nRoot mount waiting for: usbus0\nugen0.4: \u003cAmerican Power Conversion\u003e at usbus0\nugen0.5: \u003cBurr-Brown from TI\u003e at usbus0\nTrying to mount root from ufs:/dev/ada2p2 [rw]...\nstart_init: trying /sbin/init\nuhid0: \u003cvendor 0x046a product 0x0023, class 0/0, rev 2.00/2.20, addr 1\u003e on usbus0\nukbd0: at uhub0, port 5, addr 1 (disconnected)\nums0: \u003cMicrosoft Microsoft Comfort Mouse 4500, class 0/0, rev 2.00/0.83, addr 2\u003e on usbus0\nuhid0: at uhub0, port 5, addr 1 (disconnected)\nums0: 5 buttons and [XYZT] coordinates ID=16\nums0: 0 buttons and [T] coordinates ID=0\nuaudio0: \u003cBurr-Brown from TI USB Audio DAC, class 0/0, rev 1.10/1.00, addr 4\u003e on usbus0\nuaudio0: Play: 48000 Hz, 2 ch, 16-bit S-LE PCM format, 2x8ms buffer.\nuaudio0: Play: 44100 Hz, 2 ch, 16-bit S-LE PCM format, 2x8ms buffer.\nuaudio0: Play: 32000 Hz, 2 ch, 16-bit S-LE PCM format, 2x8ms buffer.\nuaudio0: No recording.\nuaudio0: No MIDI sequencer.\npcm8: \u003cUSB audio\u003e on uaudio0\npcm8: Mixer \"vol\" -\u003e \"none\": child=0x00000010\npcm8: Mixer \"pcm\": parent=\"vol\"\nuaudio0: HID volume keys found.\nkbd2 at vkbd0\nums0: at uhub0, port 6, addr 2 (disconnected)\nkbd3 at vkbd1\nkbd: new array size 8\nkbd4 at vkbd2\nkbd5 at vkbd3\nem0: Link is up 1000 Mbps Full Duplex\nem0: link state changed to UP"
}