{
 "id": 893130,
 "bug_id": 211897,
 "attachment_id": 0,
 "creation_time": "2016-08-16T11:38:21Z",
 "creator": "freebsd-bugzilla@ayaken.net",
 "text": "With 10.3-R-p7, I lose roughly one second of time every 10 seconds of (real) wall clock time.\n\nLook and behold:\n\n# ntpd -q ; sleep 10; ntpd -q\n16 Aug 13:12:52 ntpd[48425]: ntpd 4.2.8p8-a (1): Starting\n16 Aug 13:12:52 ntpd[48425]: Command line: ntpd -q\n16 Aug 13:12:52 ntpd[48425]: proto: precision = 0.230 usec (-22)\n16 Aug 13:12:52 ntpd[48425]: leapsecond file ('/var/db/ntpd.leap-seconds.list'): good hash signature\n16 Aug 13:12:52 ntpd[48425]: leapsecond file ('/var/db/ntpd.leap-seconds.list'): loaded, expire=2016-12-28T00:00:00Z last=2015-07-01T00:00:00Z ofs=36\n16 Aug 13:12:52 ntpd[48425]: Listen and drop on 0 v6wildcard [::]:123\n16 Aug 13:12:52 ntpd[48425]: Listen and drop on 1 v4wildcard 0.0.0.0:123\n16 Aug 13:12:52 ntpd[48425]: Listen normally on 2 em0 10.10.1.79:123\n16 Aug 13:12:52 ntpd[48425]: Listen normally on 3 lo0 [::1]:123\n16 Aug 13:12:52 ntpd[48425]: Listen normally on 4 lo0 [fe80::1%2]:123\n16 Aug 13:12:52 ntpd[48425]: Listen normally on 5 lo0 127.0.0.1:123\n16 Aug 13:12:52 ntpd[48425]: Listening on routing socket on fd #26 for interface updates\n16 Aug 13:12:54 ntpd[48425]: ntpd: time set +0.891676 s\nntpd: time set +0.891676s\n16 Aug 13:13:04 ntpd[48426]: ntpd 4.2.8p8-a (1): Starting\n16 Aug 13:13:04 ntpd[48426]: Command line: ntpd -q\n16 Aug 13:13:04 ntpd[48426]: proto: precision = 0.229 usec (-22)\n16 Aug 13:13:04 ntpd[48426]: leapsecond file ('/var/db/ntpd.leap-seconds.list'): good hash signature\n16 Aug 13:13:04 ntpd[48426]: leapsecond file ('/var/db/ntpd.leap-seconds.list'): loaded, expire=2016-12-28T00:00:00Z last=2015-07-01T00:00:00Z ofs=36\n16 Aug 13:13:04 ntpd[48426]: Listen and drop on 0 v6wildcard [::]:123\n16 Aug 13:13:04 ntpd[48426]: Listen and drop on 1 v4wildcard 0.0.0.0:123\n16 Aug 13:13:04 ntpd[48426]: Listen normally on 2 em0 10.10.1.79:123\n16 Aug 13:13:04 ntpd[48426]: Listen normally on 3 lo0 [::1]:123\n16 Aug 13:13:04 ntpd[48426]: Listen normally on 4 lo0 [fe80::1%2]:123\n16 Aug 13:13:04 ntpd[48426]: Listen normally on 5 lo0 127.0.0.1:123\n16 Aug 13:13:04 ntpd[48426]: Listening on routing socket on fd #26 for interface updates\n16 Aug 13:13:06 ntpd[48426]: ntpd: time set +1.218972 s\nntpd: time set +1.218972s\n\nsome five minutes later:\n\n16 Aug 13:17:58 ntpd[48461]: Listening on routing socket on fd #26 for interface updates\n16 Aug 13:18:31 ntpd[48461]: ntpd: time set +32.207535 s\nntpd: time set +32.207535s\n\n\nWhen downgrading from -p7 to -p4(kernel)/-p6(userland), this time skew disappears (i.e., clock's running like it's supposed to).\n\nMatthew@ has suggested my hardware might be the culprit, so here's my dmesg as well:\n\nCopyright (c) 1992-2016 The FreeBSD Project.\nCopyright (c) 1979, 1980, 1983, 1986, 1988, 1989, 1991, 1992, 1993, 1994\n\tThe Regents of the University of California. All rights reserved.\nFreeBSD is a registered trademark of The FreeBSD Foundation.\nFreeBSD 10.3-RELEASE-p4 #0: Sat May 28 12:23:44 UTC 2016\n    root@amd64-builder.daemonology.net:/usr/obj/usr/src/sys/GENERIC amd64\nFreeBSD clang version 3.4.1 (tags/RELEASE_34/dot1-final 208032) 20140512\nCPU: Intel(R) Core(TM) i7-4790K CPU @ 4.00GHz (4000.07-MHz K8-class CPU)\n  Origin=\"GenuineIntel\"  Id=0x306c3  Family=0x6  Model=0x3c  Stepping=3\n  Features=0xbfebfbff\u003cFPU,VME,DE,PSE,TSC,MSR,PAE,MCE,CX8,APIC,SEP,MTRR,PGE,MCA,CMOV,PAT,PSE36,CLFLUSH,DTS,ACPI,MMX,FXSR,SSE,SSE2,SS,HTT,TM,PBE\u003e\n  Features2=0x7ffafbbf\u003cSSE3,PCLMULQDQ,DTES64,MON,DS_CPL,VMX,EST,TM2,SSSE3,SDBG,FMA,CX16,xTPR,PDCM,PCID,SSE4.1,SSE4.2,x2APIC,MOVBE,POPCNT,TSCDLT,AESNI,XSAVE,OSXSAVE,AVX,F16C,RDRAND\u003e\n  AMD Features=0x2c100800\u003cSYSCALL,NX,Page1GB,RDTSCP,LM\u003e\n  AMD Features2=0x21\u003cLAHF,ABM\u003e\n  Structured Extended Features=0x2fbb\u003cFSGSBASE,TSCADJ,BMI1,HLE,AVX2,SMEP,BMI2,ERMS,INVPCID,RTM,NFPUSG\u003e\n  XSAVE Features=0x1\u003cXSAVEOPT\u003e\n  VT-x: PAT,HLT,MTF,PAUSE,EPT,UG,VPID\n  TSC: P-state invariant, performance statistics\nreal memory  = 17179869184 (16384 MB)\navail memory = 16485646336 (15721 MB)\nEvent timer \"LAPIC\" quality 600\nACPI APIC Table: \u003cALASKA A M I\u003e\nFreeBSD/SMP: Multiprocessor System Detected: 8 CPUs\nFreeBSD/SMP: 1 package(s) x 4 core(s) x 2 SMT threads\n cpu0 (BSP): APIC ID:  0\n cpu1 (AP): APIC ID:  1\n cpu2 (AP): APIC ID:  2\n cpu3 (AP): APIC ID:  3\n cpu4 (AP): APIC ID:  4\n cpu5 (AP): APIC ID:  5\n cpu6 (AP): APIC ID:  6\n cpu7 (AP): APIC ID:  7\nrandom: \u003cSoftware, Yarrow\u003e initialized\nioapic0 \u003cVersion 2.0\u003e irqs 0-23 on motherboard\nCuse4BSD v0.1.36 @ /dev/cuse\nkbd1 at kbdmux0\nacpi0: \u003cALASKA A M I\u003e on motherboard\nacpi0: Power Button (fixed)\ncpu0: \u003cACPI CPU\u003e on acpi0\ncpu1: \u003cACPI CPU\u003e on acpi0\ncpu2: \u003cACPI CPU\u003e on acpi0\ncpu3: \u003cACPI CPU\u003e on acpi0\ncpu4: \u003cACPI CPU\u003e on acpi0\ncpu5: \u003cACPI CPU\u003e on acpi0\ncpu6: \u003cACPI CPU\u003e on acpi0\ncpu7: \u003cACPI CPU\u003e on acpi0\nhpet0: \u003cHigh Precision Event Timer\u003e iomem 0xfed00000-0xfed003ff on acpi0\nTimecounter \"HPET\" frequency 14318180 Hz quality 950\nEvent timer \"HPET\" frequency 14318180 Hz quality 550\natrtc0: \u003cAT realtime clock\u003e port 0x70-0x77 irq 8 on acpi0\nEvent timer \"RTC\" frequency 32768 Hz quality 0\nattimer0: \u003cAT timer\u003e port 0x40-0x43,0x50-0x53 irq 0 on acpi0\nTimecounter \"i8254\" frequency 1193182 Hz quality 0\nEvent timer \"i8254\" frequency 1193182 Hz quality 100\nTimecounter \"ACPI-fast\" frequency 3579545 Hz quality 900\nacpi_timer0: \u003c24-bit timer at 3.579545MHz\u003e port 0x1808-0x180b on acpi0\npcib0: \u003cACPI Host-PCI bridge\u003e port 0xcf8-0xcff on acpi0\npci0: \u003cACPI PCI bus\u003e on pcib0\npcib1: \u003cACPI PCI-PCI bridge\u003e irq 16 at device 1.0 on pci0\npci1: \u003cACPI PCI bus\u003e on pcib1\nvgapci0: \u003cVGA-compatible display\u003e port 0xe000-0xe07f mem 0xf6000000-0xf6ffffff,0xe0000000-0xefffffff,0xf0000000-0xf1ffffff irq 16 at device 0.0 on pci1\nnvidia0: \u003cGeForce GTX 970\u003e on vgapci0\nvgapci0: child nvidia0 requested pci_enable_io\nvgapci0: child nvidia0 requested pci_enable_io\nvgapci0: Boot video device\nhdac0: \u003cNVIDIA (0x0fbb) HDA Controller\u003e mem 0xf7080000-0xf7083fff irq 17 at device 0.1 on pci1\nxhci0: \u003cIntel Wildcat Point USB 3.0 controller\u003e mem 0xf7120000-0xf712ffff irq 16 at device 20.0 on pci0\nxhci0: 32 bytes context size, 64-bit DMA\nxhci0: Port routing mask set to 0xffffffff\nusbus0 on xhci0\npci0: \u003csimple comms\u003e at device 22.0 (no driver attached)\nem0: \u003cIntel(R) PRO/1000 Network Connection 7.6.1-k\u003e port 0xf040-0xf05f mem 0xf7100000-0xf711ffff,0xf7138000-0xf7138fff irq 20 at device 25.0 on pci0\nem0: Using an MSI interrupt\nem0: Ethernet address: 74:d4:35:e8:9f:6d\nehci0: \u003cIntel Wildcat Point USB 2.0 controller USB-B\u003e mem 0xf7137000-0xf71373ff irq 16 at device 26.0 on pci0\nusbus1: EHCI version 1.0\nusbus1 on ehci0\nhdac1: \u003cIntel Wildcat Point HDA Controller\u003e mem 0xf7130000-0xf7133fff irq 22 at device 27.0 on pci0\npcib2: \u003cACPI PCI-PCI bridge\u003e irq 16 at device 28.0 on pci0\npci2: \u003cACPI PCI bus\u003e on pcib2\npcib3: \u003cACPI PCI-PCI bridge\u003e irq 19 at device 28.3 on pci0\npci3: \u003cACPI PCI bus\u003e on pcib3\npcib4: \u003cACPI PCI-PCI bridge\u003e irq 19 at device 0.0 on pci3\npci4: \u003cACPI PCI bus\u003e on pcib4\nehci1: \u003cIntel Wildcat Point USB 2.0 controller USB-A\u003e mem 0xf7136000-0xf71363ff irq 23 at device 29.0 on pci0\nusbus2: EHCI version 1.0\nusbus2 on ehci1\nisab0: \u003cPCI-ISA bridge\u003e at device 31.0 on pci0\nisa0: \u003cISA bus\u003e on isab0\nahci0: \u003cIntel Wildcat Point AHCI SATA controller\u003e port 0xf090-0xf097,0xf080-0xf083,0xf070-0xf077,0xf060-0xf063,0xf020-0xf03f mem 0xf7135000-0xf71357ff irq 19 at device 31.2 on pci0\nahci0: AHCI v1.30 with 6 6Gbps ports, Port Multiplier not supported\nahcich0: \u003cAHCI channel\u003e at channel 0 on ahci0\nahcich1: \u003cAHCI channel\u003e at channel 1 on ahci0\nahcich2: \u003cAHCI channel\u003e at channel 2 on ahci0\nahcich3: \u003cAHCI channel\u003e at channel 3 on ahci0\nahcich4: \u003cAHCI channel\u003e at channel 4 on ahci0\nahcich5: \u003cAHCI channel\u003e at channel 5 on ahci0\nahciem0: \u003cAHCI enclosure management bridge\u003e on ahci0\nacpi_button0: \u003cPower Button\u003e on acpi0\nacpi_button1: \u003cSleep Button\u003e on acpi0\nacpi_tz0: \u003cThermal Zone\u003e on acpi0\nacpi_tz1: \u003cThermal Zone\u003e on acpi0\nsc0: \u003cSystem console\u003e at flags 0x100 on isa0\nsc0: VGA \u003c16 virtual consoles, flags=0x300\u003e\nvga0: \u003cGeneric ISA VGA\u003e at port 0x3c0-0x3df iomem 0xa0000-0xbffff on isa0\natkbdc0: \u003cKeyboard controller (i8042)\u003e at port 0x60,0x64 on isa0\natkbd0: \u003cAT Keyboard\u003e irq 1 on atkbdc0\nkbd0 at atkbd0\natkbd0: [GIANT-LOCKED]\nppc0: cannot reserve I/O port range\nest0: \u003cEnhanced SpeedStep Frequency Control\u003e on cpu0\nest1: \u003cEnhanced SpeedStep Frequency Control\u003e on cpu1\nest2: \u003cEnhanced SpeedStep Frequency Control\u003e on cpu2\nest3: \u003cEnhanced SpeedStep Frequency Control\u003e on cpu3\nest4: \u003cEnhanced SpeedStep Frequency Control\u003e on cpu4\nest5: \u003cEnhanced SpeedStep Frequency Control\u003e on cpu5\nest6: \u003cEnhanced SpeedStep Frequency Control\u003e on cpu6\nest7: \u003cEnhanced SpeedStep Frequency Control\u003e on cpu7\nTimecounters tick every 1.000 msec\nhdacc0: \u003cNVIDIA (0x0071) HDA CODEC\u003e at cad 0 on hdac0\nhdaa0: \u003cNVIDIA (0x0071) Audio Function Group\u003e at nid 1 on hdacc0\npcm0: \u003cNVIDIA (0x0071) (HDMI/DP 8ch)\u003e at nid 4 on hdaa0\npcm1: \u003cNVIDIA (0x0071) (HDMI/DP 8ch)\u003e at nid 5 on hdaa0\npcm2: \u003cNVIDIA (0x0071) (HDMI/DP 8ch)\u003e at nid 6 on hdaa0\npcm3: \u003cNVIDIA (0x0071) (HDMI/DP 8ch)\u003e at nid 7 on hdaa0\nhdacc1: \u003cRealtek (0x0900) HDA CODEC\u003e at cad 2 on hdac1\nhdaa1: \u003cRealtek (0x0900) Audio Function Group\u003e at nid 1 on hdacc1\npcm4: \u003cRealtek (0x0900) (Rear Analog 5.1/2.0)\u003e at nid 20,22,21 and 24,26 on hdaa1\npcm5: \u003cRealtek (0x0900) (Front Analog)\u003e at nid 27 and 25 on hdaa1\npcm6: \u003cRealtek (0x0900) (Onboard Digital)\u003e at nid 17 on hdaa1\npcm7: \u003cRealtek (0x0900) (Rear Digital)\u003e at nid 30 on hdaa1\nrandom: unblocking device.\nusbus0: 5.0Gbps Super Speed USB v3.0\nusbus1: 480Mbps High Speed USB v2.0\nusbus2: 480Mbps High Speed USB v2.0\nugen1.1: \u003cIntel\u003e at usbus1\nuhub0: \u003cIntel EHCI root HUB, class 9/0, rev 2.00/1.00, addr 1\u003e on usbus1\nugen0.1: \u003c0x8086\u003e at usbus0\nuhub1: \u003c0x8086 XHCI root HUB, class 9/0, rev 3.00/1.00, addr 1\u003e on usbus0\nugen2.1: \u003cIntel\u003e at usbus2\nuhub2: \u003cIntel EHCI root HUB, class 9/0, rev 2.00/1.00, addr 1\u003e on usbus2\nada0 at ahcich0 bus 0 scbus0 target 0 lun 0\nada0: \u003cADATA SP900 5.8.2\u003e ATA8-ACS SATA 3.x device\nada0: Serial Number 7E4920015823\nada0: 600.000MB/s transfers (SATA 3.x, UDMA6, PIO 512bytes)\nada0: Command Queueing enabled\nada0: 244198MB (500118192 512 byte sectors)\nada0: Previously was known as ad4\nada1 at ahcich1 bus 0 scbus1 target 0 lun 0\nada1: \u003cST2000DM001-1ER164 CC25\u003e ACS-2 ATA SATA 3.x device\nada1: Serial Number Z4Z1SGN2\nada1: 600.000MB/s transfers (SATA 3.x, UDMA6, PIO 8192bytes)\nada1: Command Queueing enabled\nada1: 1907729MB (3907029168 512 byte sectors)\nada1: quirks=0x1\u003c4K\u003e\nada1: Previously was known as ad6\nada2 at ahcich4 bus 0 scbus4 target 0 lun 0\nada2: \u003cSamsung SSD 850 EVO 500GB EMT01B6Q\u003e ACS-2 ATA SATA 3.x device\nada2: Serial Number S21HNXBG402860T\nada2: 600.000MB/s transfers (SATA 3.x, UDMA6, PIO 512bytes)\nada2: Command Queueing enabled\nada2: 476940MB (976773168 512 byte sectors)\nada2: quirks=0x1\u003c4K\u003e\nada2: Previously was known as ad12\nses0 at ahciem0 bus 0 scbus6 target 0 lun 0\nses0: \u003cAHCI SGPIO Enclosure 1.00 0001\u003e SEMB S-E-S 2.00 device\nses0: SEMB SES Device\ncd0 at ahcich3 bus 0 scbus3 target 0 lun 0\ncd0: \u003cTSSTcorp CDDVDW SH-224DB SB01\u003e Removable CD-ROM SCSI device\ncd0: Serial Number R93E68DFB01WVT\ncd0: 150.000MB/s transfers (SATA 1.x, UDMA5, ATAPI 12bytes, PIO 8192bytes)\ncd0: Attempt to query device size failed: NOT READY, Medium not present - tray closed\nSMP: AP CPU #1 Launched!\nSMP: AP CPU #3 Launched!\nSMP: AP CPU #2 Launched!\nSMP: AP CPU #6 Launched!\nSMP: AP CPU #7 Launched!\nSMP: AP CPU #4 Launched!\nSMP: AP CPU #5 Launched!\nTimecounter \"TSC-low\" frequency 2000036900 Hz quality 1000\nRoot mount waiting for: usbus2 usbus1 usbus0\nuhub2: 2 ports with 2 removable, self powered\nuhub0: 2 ports with 2 removable, self powered\nuhub1: 21 ports with 21 removable, self powered\nRoot mount waiting for: usbus2 usbus1 usbus0\nugen0.2: \u003cvendor 0x046a\u003e at usbus0\nukbd0: \u003cvendor 0x046a product 0x0023, class 0/0, rev 2.00/2.20, addr 1\u003e on usbus0\nkbd2 at ukbd0\nugen2.2: \u003cvendor 0x8087\u003e at usbus2\nuhub3: \u003cvendor 0x8087 product 0x8001, class 9/0, rev 2.00/0.00, addr 2\u003e on usbus2\nugen1.2: \u003cvendor 0x8087\u003e at usbus1\nuhub4: \u003cvendor 0x8087 product 0x8009, class 9/0, rev 2.00/0.00, addr 2\u003e on usbus1\nuhub4: 6 ports with 6 removable, self powered\nuhub3: 8 ports with 8 removable, self powered\nugen0.3: \u003cMicrosoft\u003e at usbus0\nRoot mount waiting for: usbus0\nugen0.4: \u003cAmerican Power Conversion\u003e at usbus0\nugen0.5: \u003cBurr-Brown from TI\u003e at usbus0\nTrying to mount root from ufs:/dev/ada2p2 [rw]...\nuhid0: \u003cvendor 0x046a product 0x0023, class 0/0, rev 2.00/2.20, addr 1\u003e on usbus0\nukbd0: at uhub1, port 5, addr 1 (disconnected)\nums0: \u003cMicrosoft Microsoft Comfort Mouse 4500, class 0/0, rev 2.00/0.83, addr 2\u003e on usbus0\nuhid0: at uhub1, port 5, addr 1 (disconnected)\nums0: 5 buttons and [XYZT] coordinates ID=16\nums0: 0 buttons and [T] coordinates ID=0\nuaudio0: \u003cBurr-Brown from TI USB Audio DAC, class 0/0, rev 1.10/1.00, addr 4\u003e on usbus0\nuaudio0: Play: 48000 Hz, 2 ch, 16-bit S-LE PCM format, 2x8ms buffer.\nuaudio0: Play: 44100 Hz, 2 ch, 16-bit S-LE PCM format, 2x8ms buffer.\nuaudio0: Play: 32000 Hz, 2 ch, 16-bit S-LE PCM format, 2x8ms buffer.\nuaudio0: No recording.\nuaudio0: No MIDI sequencer.\npcm8: \u003cUSB audio\u003e on uaudio0\nuaudio0: HID volume keys found.\nkbd2 at vkbd0\nums0: at uhub1, port 6, addr 2 (disconnected)\nkbd3 at vkbd1\nkbd4 at vkbd2\nkbd5 at vkbd3\nem0: link state changed to UP\n\nThese are my running services:\n\n# service -e\n/etc/rc.d/hostid\n/etc/rc.d/hostid_save\n/etc/rc.d/cleanvar\n/etc/rc.d/ip6addrctl\n/etc/rc.d/devd\n/etc/rc.d/newsyslog\n/etc/rc.d/syslogd\n/etc/rc.d/dmesg\n/etc/rc.d/virecover\n/usr/local/etc/rc.d/apcupsd\n/usr/local/etc/rc.d/uhidd\n/etc/rc.d/motd\n/etc/rc.d/ntpd\n/etc/rc.d/powerd\n/usr/local/etc/rc.d/postfix\n/usr/local/etc/rc.d/dbus\n/etc/rc.d/mixer\n/usr/local/etc/rc.d/microcode_update\n/usr/local/etc/rc.d/hald\n/etc/rc.d/sshd\n/etc/rc.d/cron\n/etc/rc.d/gptboot\n/etc/rc.d/bgfsck\n\nMy ports are up-to-date (ports head sucked \u0026 built \u0026 installed as of \"earlier today\")"
}