{
 "id": 523881,
 "bug_id": 139653,
 "attachment_id": 0,
 "creation_time": "2009-10-15T21:00:06Z",
 "creator": "cowens@greatbaysoftware.com",
 "text": "Note custom kernel is PAE-enabled but otherwise largely same as GENERIC.\n\nUse of CD/DVD drive on HP ProLiant DL360 G5 servers is sluggish.  Same behavior verified on multiple server units of same model.\n\nSymptoms are:\n\n * Booting install CD takes way too long (loading kernel takes well over a minute)\n * When mounting CD multiple \"acd0: FAILURE - READ_BIG\" error messages appear\n * During actual install reading from CD is noticeably sluggish\n * Same error messages and poor performance seen during non-install-time use of CD drive\n\nKernel see CD/DVD drive as:\n\n   acd0: DVDROM \u003cDV-28E-V/C.AB\u003e at ata0-master UDMA33\n\nActual error messages seen during boot (or when otherwise trying to mount a CD):\n\nacd0: FAILURE - READ_BIG MEDIUM ERROR asc=0x11 ascq=0x00 \nacd0: FAILURE - READ_BIG MEDIUM ERROR asc=0x11 ascq=0x00 \nacd0: FAILURE - READ_BIG MEDIUM ERROR asc=0x11 ascq=0x00 \n\n\nOutput of \"vmstat -i\" before/after performing mount of CD.\n\n# Before\nThu Oct 15 13:39:07 EDT 2009\ninterrupt                          total       rate\nirq1: atkbd0                         357          0\nirq4: sio0                           170          0\nirq14: ata0                           69          0\nirq16: ciss0 uhci+               1062630          1\nirq22: uhci4                          17          0\ncpu0: timer                   1246144949       1999\nirq258: bce0                     1831740          2\nirq259: bce1                     6028128          9\ncpu1: timer                   1246136522       1999\nTotal                         2501204582       4013\n# Before (14 seconds later)\nThu Oct 15 13:39:21 EDT 2009\ninterrupt                          total       rate\nirq1: atkbd0                         387          0\nirq4: sio0                           170          0\nirq14: ata0                           69          0\nirq16: ciss0 uhci+               1062668          1\nirq22: uhci4                          17          0\ncpu0: timer                   1246171755       1999\nirq258: bce0                     1831780          2\nirq259: bce1                     6028216          9\ncpu1: timer                   1246163327       1999\nTotal                         2501258389       4013\n\n## CD mounted\n\n# After\nThu Oct 15 13:39:57 EDT 2009\ninterrupt                          total       rate\nirq1: atkbd0                         453          0\nirq4: sio0                           415          0\nirq14: ata0                          227          0\nirq16: ciss0 uhci+               1062711          1\nirq22: uhci4                          17          0\ncpu0: timer                   1246244603       1999\nirq258: bce0                     1831886          2\nirq259: bce1                     6028640          9\ncpu1: timer                   1246236176       1999\nTotal                         2501405128       4013\n# After (11 seconds later)\nThu Oct 15 13:40:10 EDT 2009\ninterrupt                          total       rate\nirq1: atkbd0                         503          0\nirq4: sio0                           415          0\nirq14: ata0                          227          0\nirq16: ciss0 uhci+               1062832          1\nirq22: uhci4                          17          0\ncpu0: timer                   1246271059       1999\nirq258: bce0                     1831926          2\nirq259: bce1                     6028778          9\ncpu1: timer                   1246262632       1999\nTotal                         2501458389       4013\n\n\nFull boot-time kernel log:\n\nCopyright (c) 1992-2009 The FreeBSD Project.\nCopyright (c) 1979, 1980, 1983, 1986, 1988, 1989, 1991, 1992, 1993, 1994\n        The Regents of the University of California. All rights reserved.\nFreeBSD is a registered trademark of The FreeBSD Foundation.\nFreeBSD 7.1-RELEASE-p5 #0: Thu Jun  4 11:47:32 UTC 2009\n    cowens@n_newcastle.greatbaysoftware.com:/usr/obj/usr/src/sys/BEACON\nTimecounter \"i8254\" frequency 1193182 Hz quality 0\nCPU: Intel(R) Xeon(R) CPU            5160  @ 3.00GHz (3000.12-MHz 686-class CPU)\n  Origin = \"GenuineIntel\"  Id = 0x6fb  Stepping = 11\n  Features=0xbfebfbff\u003cFPU,VME,DE,PSE,TSC,MSR,PAE,MCE,CX8,APIC,SEP,MTRR,PGE,MCA,C\nMOV,PAT,PSE36,CLFLUSH,DTS,ACPI,MMX,FXSR,SSE,SSE2,SS,HTT,TM,PBE\u003e\n  Features2=0x4e3bd\u003cSSE3,DTES64,MON,DS_CPL,VMX,EST,TM2,SSSE3,CX16,xTPR,PDCM,DCA\u003e\n  AMD Features=0x20000000\u003cLM\u003e\n  AMD Features2=0x1\u003cLAHF\u003e\n  Cores per package: 2\nreal memory  = 2145746944 (2046 MB)\navail memory = 2089566208 (1992 MB)\nACPI APIC Table: \u003cHP     00000083\u003e\nFreeBSD/SMP: Multiprocessor System Detected: 2 CPUs\n cpu0 (BSP): APIC ID:  0\n cpu1 (AP): APIC ID:  1\nioapic0 \u003cVersion 2.0\u003e irqs 0-23 on motherboard\nioapic1 \u003cVersion 2.0\u003e irqs 24-47 on motherboard\nregistered firmware set \u003cisp_1040\u003e\nregistered firmware set \u003cisp_1040_it\u003e\nregistered firmware set \u003cisp_1080\u003e\nregistered firmware set \u003cisp_1080_it\u003e\nregistered firmware set \u003cisp_12160\u003e\nregistered firmware set \u003cisp_12160_it\u003e\nregistered firmware set \u003cisp_2100\u003e\nregistered firmware set \u003cisp_2200\u003e\nregistered firmware set \u003cisp_2300\u003e\nregistered firmware set \u003cisp_2322\u003e\nregistered firmware set \u003cisp_2400\u003e\nkbd1 at kbdmux0\nacpi0: \u003cHP P58\u003e on motherboard\nacpi0: [ITHREAD]\nacpi0: Power Button (fixed)\nTimecounter \"ACPI-fast\" frequency 3579545 Hz quality 1000\nacpi_timer0: \u003c24-bit timer at 3.579545MHz\u003e port 0x908-0x90b on acpi0\nacpi_hpet0: \u003cHigh Precision Event Timer\u003e iomem 0xfed00000-0xfed003ff on acpi0\nTimecounter \"HPET\" frequency 14318180 Hz quality 900\npcib0: \u003cACPI Host-PCI bridge\u003e on acpi0\npci0: \u003cACPI PCI bus\u003e on pcib0\npcib1: \u003cACPI PCI-PCI bridge\u003e at device 2.0 on pci0\npci9: \u003cACPI PCI bus\u003e on pcib1\npcib2: \u003cACPI PCI-PCI bridge\u003e at device 0.0 on pci9\npci10: \u003cACPI PCI bus\u003e on pcib2\npcib3: \u003cACPI PCI-PCI bridge\u003e at device 0.0 on pci10\npci11: \u003cACPI PCI bus\u003e on pcib3\nem0: \u003cIntel(R) PRO/1000 Network Connection 6.9.6\u003e port 0x5000-0x501f mem 0xfdfe0\n000-0xfdffffff,0xfdfc0000-0xfdfdffff irq 16 at device 0.0 on pci11\nem0: Using MSI interrupt\nem0: [FILTER]\nem0: Ethernet address: 00:1b:78:5a:91:a4\nem1: \u003cIntel(R) PRO/1000 Network Connection 6.9.6\u003e port 0x5020-0x503f mem 0xfdfa0\n000-0xfdfbffff,0xfdf80000-0xfdf9ffff irq 17 at device 0.1 on pci11\nem1: Using MSI interrupt\nem1: [FILTER]\nem1: Ethernet address: 00:1b:78:5a:91:a5\npcib4: \u003cPCI-PCI bridge\u003e at device 1.0 on pci10\npci14: \u003cPCI bus\u003e on pcib4\npcib5: \u003cPCI-PCI bridge\u003e at device 2.0 on pci10\npci15: \u003cPCI bus\u003e on pcib5\npcib6: \u003cACPI PCI-PCI bridge\u003e at device 0.3 on pci9\npci16: \u003cACPI PCI bus\u003e on pcib6\npci16: \u003cencrypt/decrypt, network/computer crypto\u003e at device 1.0 (no driver attac\nhed)\npcib7: \u003cACPI PCI-PCI bridge\u003e at device 3.0 on pci0\npci6: \u003cACPI PCI bus\u003e on pcib7\npcib8: \u003cPCI-PCI bridge\u003e at device 0.0 on pci6\npci7: \u003cPCI bus\u003e on pcib8\npcib9: \u003cPCI-PCI bridge\u003e at device 4.0 on pci7\npci8: \u003cPCI bus\u003e on pcib9\nciss0: \u003cHP Smart Array E200i\u003e port 0x4000-0x40ff mem 0xfdd80000-0xfddfffff,0xfdd\n70000-0xfdd77fff irq 16 at device 8.0 on pci7\nciss0: [ITHREAD]\npcib10: \u003cACPI PCI-PCI bridge\u003e at device 4.0 on pci0\npci19: \u003cACPI PCI bus\u003e on pcib10\npcib11: \u003cPCI-PCI bridge\u003e at device 5.0 on pci0\npci22: \u003cPCI bus\u003e on pcib11\npcib12: \u003cACPI PCI-PCI bridge\u003e at device 6.0 on pci0\npci2: \u003cACPI PCI bus\u003e on pcib12\npcib13: \u003cACPI PCI-PCI bridge\u003e at device 0.0 on pci2\npci3: \u003cACPI PCI bus\u003e on pcib13\nbce0: \u003cBroadcom NetXtreme II BCM5708 1000Base-T (B2)\u003e mem 0xf8000000-0xf9ffffff \nirq 18 at device 0.0 on pci3\nmiibus0: \u003cMII bus\u003e on bce0\nbrgphy0: \u003cBCM5708C 10/100/1000baseTX PHY\u003e PHY 1 on miibus0\nbrgphy0:  10baseT, 10baseT-FDX, 100baseTX, 100baseTX-FDX, 1000baseT, 1000baseT-F\nDX, auto\nbce0: Ethernet address: 00:1e:0b:46:99:30\nbce0: [ITHREAD]\nbce0: ASIC (0x57081020); Rev (B2); Bus (PCI-X, 64-bit, 133MHz); F/W (0x01090605)\n; Flags( MFW MSI )\npcib14: \u003cACPI PCI-PCI bridge\u003e at device 7.0 on pci0\npci4: \u003cACPI PCI bus\u003e on pcib14\npcib15: \u003cACPI PCI-PCI bridge\u003e at device 0.0 on pci4\npci5: \u003cACPI PCI bus\u003e on pcib15\nbce1: \u003cBroadcom NetXtreme II BCM5708 1000Base-T (B2)\u003e mem 0xfa000000-0xfbffffff \nirq 19 at device 0.0 on pci5\nmiibus1: \u003cMII bus\u003e on bce1\nbrgphy1: \u003cBCM5708C 10/100/1000baseTX PHY\u003e PHY 1 on miibus1\nbrgphy1:  10baseT, 10baseT-FDX, 100baseTX, 100baseTX-FDX, 1000baseT, 1000baseT-F\nDX, auto\nbce1: Ethernet address: 00:1e:0b:46:99:3a\nbce1: [ITHREAD]\nbce1: ASIC (0x57081020); Rev (B2); Bus (PCI-X, 64-bit, 133MHz); F/W (0x01090605)\n; Flags( MFW MSI )\nuhci0: \u003cIntel 631XESB/632XESB/3100 USB controller USB-1\u003e port 0x1000-0x101f irq \n16 at device 29.0 on pci0\nuhci0: [GIANT-LOCKED]\nuhci0: [ITHREAD]\nusb0: \u003cIntel 631XESB/632XESB/3100 USB controller USB-1\u003e on uhci0\nusb0: USB revision 1.0\nuhub0: \u003cIntel UHCI root hub, class 9/0, rev 1.00/1.00, addr 1\u003e on usb0\nuhub0: 2 ports with 2 removable, self powered\nuhci1: \u003cIntel 631XESB/632XESB/3100 USB controller USB-2\u003e port 0x1020-0x103f irq \n17 at device 29.1 on pci0\nuhci1: [GIANT-LOCKED]\nuhci1: [ITHREAD]\nusb1: \u003cIntel 631XESB/632XESB/3100 USB controller USB-2\u003e on uhci1\nusb1: USB revision 1.0\nuhub1: \u003cIntel UHCI root hub, class 9/0, rev 1.00/1.00, addr 1\u003e on usb1\nuhub1: 2 ports with 2 removable, self powered\nuhci2: \u003cIntel 631XESB/632XESB/3100 USB controller USB-3\u003e port 0x1040-0x105f irq \n18 at device 29.2 on pci0\nuhci2: [GIANT-LOCKED]\nuhci2: [ITHREAD]\nusb2: \u003cIntel 631XESB/632XESB/3100 USB controller USB-3\u003e on uhci2\nusb2: USB revision 1.0\nuhub2: \u003cIntel UHCI root hub, class 9/0, rev 1.00/1.00, addr 1\u003e on usb2\nuhub2: 2 ports with 2 removable, self powered\nuhci3: \u003cIntel 631XESB/632XESB/3100 USB controller USB-4\u003e port 0x1060-0x107f irq \n19 at device 29.3 on pci0\nuhci3: [GIANT-LOCKED]\nuhci3: [ITHREAD]\nusb3: \u003cIntel 631XESB/632XESB/3100 USB controller USB-4\u003e on uhci3\nusb3: USB revision 1.0\nuhub3: \u003cIntel UHCI root hub, class 9/0, rev 1.00/1.00, addr 1\u003e on usb3\nuhub3: 2 ports with 2 removable, self powered\nehci0: \u003cIntel 63XXESB USB 2.0 controller\u003e mem 0xf7df0000-0xf7df03ff irq 16 at de\nvice 29.7 on pci0\nehci0: [GIANT-LOCKED]\nehci0: [ITHREAD]\nusb4: waiting for BIOS to give up control\nusb4: EHCI version 1.0\nusb4: companion controllers, 2 ports each: usb0 usb1 usb2 usb3\nusb4: \u003cIntel 63XXESB USB 2.0 controller\u003e on ehci0\nusb4: USB revision 2.0\nuhub4: \u003cIntel EHCI root hub, class 9/0, rev 2.00/1.00, addr 1\u003e on usb4\nuhub4: 8 ports with 8 removable, self powered\npcib16: \u003cACPI PCI-PCI bridge\u003e at device 30.0 on pci0\npci1: \u003cACPI PCI bus\u003e on pcib16\nvgapci0: \u003cVGA-compatible display\u003e port 0x3000-0x30ff mem 0xd8000000-0xdfffffff,0\nxf7ff0000-0xf7ffffff irq 23 at device 3.0 on pci1\npci1: \u003cbase peripheral\u003e at device 4.0 (no driver attached)\npci1: \u003cbase peripheral\u003e at device 4.2 (no driver attached)\nuhci4: \u003cUHCI (generic) USB controller\u003e port 0x3800-0x381f irq 22 at device 4.4 o\nn pci1\nuhci4: [GIANT-LOCKED]\nuhci4: [ITHREAD]\nusb5: \u003cUHCI (generic) USB controller\u003e on uhci4\nusb5: USB revision 1.0\nuhub5: \u003c(0x103c) UHCI root hub, class 9/0, rev 1.00/1.00, addr 1\u003e on usb5\nuhub5: 2 ports with 2 removable, self powered\nipmi0: \u003cIPMI System Interface\u003e mem 0xf7ef0000-0xf7ef00ff irq 21 at device 4.6 on\n pci1\nipmi0: using KSC interface\nisab0: \u003cPCI-ISA bridge\u003e at device 31.0 on pci0\nisa0: \u003cISA bus\u003e on isab0\natapci0: \u003cIntel 63XXESB2 UDMA100 controller\u003e port 0x1f0-0x1f7,0x3f6,0x170-0x177,\n0x376,0x500-0x50f irq 17 at device 31.1 on pci0\nata0: \u003cATA channel 0\u003e on atapci0\nata0: [ITHREAD]\nata1: \u003cATA channel 1\u003e on atapci0\nata1: [ITHREAD]\nacpi_tz0: \u003cThermal Zone\u003e on acpi0\natkbdc0: \u003cKeyboard controller (i8042)\u003e port 0x60,0x64 irq 1 on acpi0\natkbd0: \u003cAT Keyboard\u003e irq 1 on atkbdc0\nkbd0 at atkbd0\natkbd0: [GIANT-LOCKED]\natkbd0: [ITHREAD]\nsio0: \u003cStandard PC COM port\u003e port 0x3f8-0x3ff irq 4 flags 0x10 on acpi0\nsio0: type 16550A, console\nsio0: [FILTER]\ncpu0: \u003cACPI CPU\u003e on acpi0\nest0: \u003cEnhanced SpeedStep Frequency Control\u003e on cpu0\nest: CPU supports Enhanced Speedstep, but is not recognized.\nest: cpu_vendor GenuineIntel, msr 92a092a0600092a\ndevice_attach: est0 attach returned 6\np4tcc0: \u003cCPU Frequency Thermal Control\u003e on cpu0\ncpu1: \u003cACPI CPU\u003e on acpi0\nest1: \u003cEnhanced SpeedStep Frequency Control\u003e on cpu1\nest: CPU supports Enhanced Speedstep, but is not recognized.\nest: cpu_vendor GenuineIntel, msr 92a092a0600092a\ndevice_attach: est1 attach returned 6\np4tcc1: \u003cCPU Frequency Thermal Control\u003e on cpu1\nipmi1: \u003cIPMI System Interface\u003e on isa0\ndevice_attach: ipmi1 attach returned 16\npmtimer0 on isa0\norm0: \u003cISA Option ROMs\u003e at iomem 0xc0000-0xcafff,0xe6000-0xe7fff pnpid ORM0000 o\nn isa0\nppc0: parallel port not found.\nsc0: \u003cSystem console\u003e at flags 0x100 on isa0\nsc0: VGA \u003c16 virtual consoles, flags=0x300\u003e\nsio1 at port 0x2f8-0x2ff irq 3 on isa0\nsio1: type 16550A\nsio1: [FILTER]\nvga0: \u003cGeneric ISA VGA\u003e at port 0x3c0-0x3df iomem 0xa0000-0xbffff on isa0\nukbd0: \u003cHP Virtual Keyboard, class 0/0, rev 1.10/0.02, addr 2\u003e on uhub5\nkbd2 at ukbd0\nums0: \u003cHP Virtual Keyboard, class 0/0, rev 1.10/0.02, addr 2\u003e on uhub5\nums0: 3 buttons.\nuhub6: \u003cHP Virtual Hub, class 9/0, rev 1.10/0.01, addr 3\u003e on uhub5\nuhub6: 7 ports with 7 removable, self powered\nTimecounters tick every 1.000 msec\nacd0: DVDROM \u003cDV-28E-V/C.AB\u003e at ata0-master UDMA33\nipmi0: IPMI device rev. 1, firmware rev. 1.2, version 2.0\nipmi0: Number of channels 8\nipmi0: Attached watchdog\nSMP: AP CPU #1 Launched!\nda0 at ciss0 bus 0 target 0 lun 0\nda0: \u003cCOMPAQ RAID 1  VOLUME OK\u003e Fixed Direct Access SCSI-5 device \nda0: 135.168MB/s transfers\nda0: 69973MB (143305920 512 byte sectors: 255H 32S/T 17562C)\nGEOM_JOURNAL: Journal 3000843606: da0s1a contains data.\nGEOM_JOURNAL: Journal 3000843606: da0s1a contains journal.\nGEOM_JOURNAL: Journal da0s1a consistent.\nGEOM_JOURNAL: BIO_FLUSH not supported by da0s1a.\nGEOM_JOURNAL: Journal 1211260365: da0s1d contains data.\nGEOM_JOURNAL: Journal 1211260365: da0s1d contains journal.\nGWEAORMN_IJNOGU:R NEAxLp:e cJtoeudr nraalw odfaf0sse1td  0c,o nfsoiusntde n3t2.\n\nGEOM_JOURNAL: BIO_FLUSH not supported by da0s1d.\nTrying to mount root from ufs:/dev/da0s1a.journal\nWARNING: / was not properly dismounted\nWARNING: Expected rawoffset 0, found 32\neth0: link state changed to UP\neth1: link state changed to UP\nacd0: FAILURE - READ_BIG MEDIUM ERROR asc=0x11 ascq=0x00 \nGEOM_LABEL: Label for provider acd0t01 is iso9660/GreatBay_Beacon.\nacd0: FAILURE - READ_BIG MEDIUM ERROR asc=0x11 ascq=0x00 \nacd0: FAILURE - READ_BIG MEDIUM ERROR asc=0x11 ascq=0x00\n\nHow-To-Repeat: Mount and read from any CD"
}