{
 "id": 597676,
 "bug_id": 154432,
 "attachment_id": 0,
 "creation_time": "2011-02-01T11:00:17Z",
 "creator": "robert@bsd.hu",
 "text": "There is a 900 second wait loop in the kernel while booting.\n\nrun_interrupt_driven_hooks: still waiting after 60 seconds for xpt_config\nrun_interrupt_driven_hooks: still waiting after 120 seconds for xpt_config\nrun_interrupt_driven_hooks: still waiting after 180 seconds for xpt_config\nrun_interrupt_driven_hooks: still waiting after 240 seconds for xpt_config\nrun_interrupt_driven_hooks: still waiting after 300 seconds for xpt_config\n\n--\n\nCopyright (c) 1992-2011 The FreeBSD Project.\nCopyright (c) 1979, 1980, 1983, 1986, 1988, 1989, 1991, 1992, 1993, 1994\n        The Regents of the University of California. All rights reserved.\nFreeBSD is a registered trademark of The FreeBSD Foundation.\nFreeBSD 8.2-PRERELEASE #4: Tue Feb  1 10:49:21 CET 2011\n    root@siva.hu:/usr/obj/usr/src/sys/GENERIC amd64\nTimecounter \"i8254\" frequency 1193182 Hz quality 0\nCPU: Intel(R) Xeon(R) CPU           E5410  @ 2.33GHz (2341.48-MHz K8-class CPU)\n  Origin = \"GenuineIntel\"  Id = 0x10676  Family = 6  Model = 17  Stepping = 6\n  Features=0xbfebfbff\u003cFPU,VME,DE,PSE,TSC,MSR,PAE,MCE,CX8,APIC,SEP,MTRR,PGE,MCA,CMOV,PAT,PSE36,CLFLUSH,DTS,ACPI,MMX,FXSR,SSE,SSE2,SS,HTT,TM,PBE\u003e\n  Features2=0xce3bd\u003cSSE3,DTES64,MON,DS_CPL,VMX,EST,TM2,SSSE3,CX16,xTPR,PDCM,DCA,SSE4.1\u003e\n  AMD Features=0x20100800\u003cSYSCALL,NX,LM\u003e\n  AMD Features2=0x1\u003cLAHF\u003e\n  TSC: P-state invariant\nreal memory  = 17179869184 (16384 MB)\navail memory = 16534269952 (15768 MB)\nACPI APIC Table: \u003cINTEL  S5000VSA\u003e\nFreeBSD/SMP: Multiprocessor System Detected: 8 CPUs\nFreeBSD/SMP: 2 package(s) x 4 core(s)\n cpu0 (BSP): APIC ID:  0\n cpu1 (AP): APIC ID:  1\n cpu2 (AP): APIC ID:  2\n cpu3 (AP): APIC ID:  3\n cpu4 (AP): APIC ID:  4\n cpu5 (AP): APIC ID:  5\n cpu6 (AP): APIC ID:  6\n cpu7 (AP): APIC ID:  7\nioapic0 \u003cVersion 2.0\u003e irqs 0-23 on motherboard\nioapic1 \u003cVersion 2.0\u003e irqs 24-47 on motherboard\nlapic0: Forcing LINT1 to edge trigger\nkbd1 at kbdmux0\nacpi0: \u003cINTEL S5000VSA\u003e on motherboard\nacpi0: [ITHREAD]\nacpi0: Power Button (fixed)\nacpi0: reservation of 0, a0000 (3) failed\nTimecounter \"ACPI-fast\" frequency 3579545 Hz quality 1000\nacpi_timer0: \u003c24-bit timer at 3.579545MHz\u003e port 0x408-0x40b on acpi0\ncpu0: \u003cACPI CPU\u003e on acpi0\ncpu1: \u003cACPI CPU\u003e on acpi0\ncpu2: \u003cACPI CPU\u003e on acpi0\ncpu3: \u003cACPI CPU\u003e on acpi0\ncpu4: \u003cACPI CPU\u003e on acpi0\ncpu5: \u003cACPI CPU\u003e on acpi0\ncpu6: \u003cACPI CPU\u003e on acpi0\ncpu7: \u003cACPI CPU\u003e on acpi0\nacpi_button0: \u003cSleep Button\u003e on acpi0\npcib0: \u003cACPI Host-PCI bridge\u003e port 0xca2,0xca3,0xcf8-0xcff on acpi0\npci0: \u003cACPI PCI bus\u003e on pcib0\npcib1: \u003cACPI PCI-PCI bridge\u003e at device 2.0 on pci0\npci1: \u003cACPI PCI bus\u003e on pcib1\npcib2: \u003cACPI PCI-PCI bridge\u003e irq 16 at device 0.0 on pci1\npci2: \u003cACPI PCI bus\u003e on pcib2\npcib3: \u003cACPI PCI-PCI bridge\u003e irq 16 at device 0.0 on pci2\npci3: \u003cACPI PCI bus\u003e on pcib3\nisp0: \u003cQlogic ISP 2532 PCI FC-AL Adapter\u003e port 0x4400-0x44ff mem 0xf8a00000-0xf8a03fff irq 16 at device 0.0 on pci3\nisp0: [ITHREAD]\nisp1: \u003cQlogic ISP 2532 PCI FC-AL Adapter\u003e port 0x4000-0x40ff mem 0xf8a04000-0xf8a07fff irq 17 at device 0.1 on pci3\nisp1: [ITHREAD]\npcib4: \u003cACPI PCI-PCI bridge\u003e irq 17 at device 1.0 on pci2\npci4: \u003cACPI PCI bus\u003e on pcib4\nmfi0: \u003cLSI MegaSAS 1078\u003e port 0x3000-0x30ff mem 0xf8900000-0xf893ffff,0xf8940000-0xf897ffff irq 17 at device 0.0 on pci4\nmfi0: Megaraid SAS driver Ver 3.00 \nmfi0: 6722 (349874230s/0x0020/info) - Shutdown command received from host\nmfi0: 6723 (boot + 3s/0x0020/info) - Firmware initialization started (PCI ID 0060/1000/1010/8086)\nmfi0: 6724 (boot + 3s/0x0020/info) - Firmware version 1.10.02-0180\nmfi0: 6725 (boot + 4s/0x0008/info) - Battery temperature is normal\nmfi0: 6726 (boot + 4s/0x0008/info) - Battery Present\nmfi0: 6727 (boot + 10s/0x0002/info) - Inserted: PD 08(e0/s8)\nmfi0: 6728 (boot + 10s/0x0002/info) - Inserted: PD 08(e0/s8) Info: enclPd=ffff, scsiType=0, portMap=00, sasAddr=0a241a02538e6c3d,0000000000000000\nmfi0: 6729 (boot + 10s/0x0002/info) - Inserted: PD 09(e0/s9)\nmfi0: 6730 (boot + 10s/0x0002/info) - Inserted: PD 09(e0/s9) Info: enclPd=ffff, scsiType=0, portMap=01, sasAddr=0a241a0253747235,0000000000000000\nmfi0: 6731 (boot + 10s/0x0002/info) - Inserted: PD 0a(e0/s10)\nmfi0: 6732 (boot + 10s/0x0002/info) - Inserted: PD 0a(e0/s10) Info: enclPd=ffff, scsiType=0, portMap=02, sasAddr=0a241a0253736839,0000000000000000\nmfi0: 6733 (boot + 10s/0x0042/info) - Global Hot Spare created on PD 08(e0/s8) (global)\nmfi0: 6734 (boot + 10s/0x0002/info) - State change on PD 08(e0/s8) from UNCONFIGURED_GOOD(0) to HOT SPARE(2)\nmfi0: 6735 (349874276s/0x0020/info) - Time established as 02/01/11 11:17:56; (42 seconds since power on)\nmfi0: 6736 (boot + 3s/0x0020/info) - Firmware initialization started (PCI ID 0060/1000/1010/8086)\nmfi0: 6737 (boot + 3s/0x0020/info) - Firmware version 1.10.02-0180\nmfi0: 6738 (boot + 4s/0x0008/info) - Battery temperature is normal\nmfi0: 6739 (boot + 4s/0x0008/info) - Battery Present\nmfi0: 6740 (boot + 10s/0x0002/info) - Inserted: PD 08(e0/s8)\nmfi0: 6741 (boot + 10s/0x0002/info) - Inserted: PD 08(e0/s8) Info: enclPd=ffff, scsiType=0, portMap=00, sasAddr=0a241a02538e6c3d,0000000000000000\nmfi0: 6742 (boot + 10s/0x0002/info) - Inserted: PD 09(e0/s9)\nmfi0: 6743 (boot + 10s/0x0002/info) - Inserted: PD 09(e0/s9) Info: enclPd=ffff, scsiType=0, portMap=01, sasAddr=0a241a0253747235,0000000000000000\nmfi0: 6744 (boot + 10s/0x0002/info) - Inserted: PD 0a(e0/s10)\nmfi0: 6745 (boot + 10s/0x0002/info) - Inserted: PD 0a(e0/s10) Info: enclPd=ffff, scsiType=0, portMap=02, sasAddr=0a241a0253736839,0000000000000000\nmfi0: 6746 (boot + 10s/0x0042/info) - Global Hot Spare created on PD 08(e0/s8) (global)\nmfi0: 6747 (boot + 10s/0x0002/info) - State change on PD 08(e0/s8) from UNCONFIGURED_GOOD(0) to HOT SPARE(2)\nmfi0: [ITHREAD]\npcib5: \u003cACPI PCI-PCI bridge\u003e irq 18 at device 2.0 on pci2\npci5: \u003cACPI PCI bus\u003e on pcib5\nem0: \u003cIntel(R) PRO/1000 Network Connection 7.1.9\u003e port 0x2020-0x203f mem 0xf8820000-0xf883ffff,0xf8400000-0xf87fffff irq 18 at device 0.0 on pci5\nem0: Using an MSI interrupt\nem0: [FILTER]\nem0: Ethernet address: 00:15:17:52:dd:48\nem1: \u003cIntel(R) PRO/1000 Network Connection 7.1.9\u003e port 0x2000-0x201f mem 0xf8800000-0xf881ffff,0xf8000000-0xf83fffff irq 19 at device 0.1 on pci5\nem1: Using an MSI interrupt\nem1: [FILTER]\nem1: Ethernet address: 00:15:17:52:dd:49\npcib6: \u003cACPI PCI-PCI bridge\u003e at device 0.3 on pci1\npci6: \u003cACPI PCI bus\u003e on pcib6\npcib7: \u003cPCI-PCI bridge\u003e at device 3.0 on pci0\npci7: \u003cPCI bus\u003e on pcib7\npci0: \u003cbase peripheral\u003e at device 8.0 (no driver attached)\npcib8: \u003cACPI PCI-PCI bridge\u003e irq 16 at device 28.0 on pci0\npci8: \u003cACPI PCI bus\u003e on pcib8\nuhci0: \u003cIntel 631XESB/632XESB/3100 USB controller USB-1\u003e port 0x5080-0x509f irq 23 at device 29.0 on pci0\nuhci0: [ITHREAD]\nuhci0: LegSup = 0x2f00\nusbus0: \u003cIntel 631XESB/632XESB/3100 USB controller USB-1\u003e on uhci0\nuhci1: \u003cIntel 631XESB/632XESB/3100 USB controller USB-2\u003e port 0x5060-0x507f irq 22 at device 29.1 on pci0\nuhci1: [ITHREAD]\nuhci1: LegSup = 0x2f00\nusbus1: \u003cIntel 631XESB/632XESB/3100 USB controller USB-2\u003e on uhci1\nuhci2: \u003cIntel 631XESB/632XESB/3100 USB controller USB-3\u003e port 0x5040-0x505f irq 23 at device 29.2 on pci0\nuhci2: [ITHREAD]\nuhci2: LegSup = 0x2f00\nusbus2: \u003cIntel 631XESB/632XESB/3100 USB controller USB-3\u003e on uhci2\nuhci3: \u003cIntel 631XESB/632XESB/3100 USB controller USB-4\u003e port 0x5020-0x503f irq 22 at device 29.3 on pci0\nuhci3: [ITHREAD]\nuhci3: LegSup = 0x2f00\nusbus3: \u003cIntel 631XESB/632XESB/3100 USB controller USB-4\u003e on uhci3\nehci0: \u003cIntel 63XXESB USB 2.0 controller\u003e mem 0xf8d00400-0xf8d007ff irq 23 at device 29.7 on pci0\nehci0: [ITHREAD]\nusbus4: EHCI version 1.0\nusbus4: \u003cIntel 63XXESB USB 2.0 controller\u003e on ehci0\npcib9: \u003cACPI PCI-PCI bridge\u003e at device 30.0 on pci0\npci9: \u003cACPI PCI bus\u003e on pcib9\nvgapci0: \u003cVGA-compatible display\u003e port 0x1000-0x10ff mem 0xf0000000-0xf7ffffff,0xf8c00000-0xf8c0ffff irq 17 at device 12.0 on pci9\nisab0: \u003cPCI-ISA bridge\u003e at device 31.0 on pci0\nisa0: \u003cISA bus\u003e on isab0\natapci0: \u003cIntel 63XXESB2 UDMA100 controller\u003e port 0x1f0-0x1f7,0x3f6,0x170-0x177,0x376,0x50b0-0x50bf irq 20 at device 31.1 on pci0\nata0: \u003cATA channel 0\u003e on atapci0\nata0: [ITHREAD]\natapci1: \u003cIntel 63XXESB2 SATA300 controller\u003e port 0x50c8-0x50cf,0x50e4-0x50e7,0x50c0-0x50c7,0x50e0-0x50e3,0x50a0-0x50af mem 0xf8d00000-0xf8d003ff irq 20 at device 31.2 on pci0\natapci1: [ITHREAD]\nata2: \u003cATA channel 0\u003e on atapci1\nata2: [ITHREAD]\nata3: \u003cATA channel 1\u003e on atapci1\nata3: [ITHREAD]\npci0: \u003cserial bus, SMBus\u003e at device 31.3 (no driver attached)\natrtc0: \u003cAT realtime clock\u003e port 0x70-0x71,0x74-0x77 irq 8 on acpi0\natkbdc0: \u003cKeyboard controller (i8042)\u003e port 0x60,0x64 irq 1 on acpi0\natkbd0: \u003cAT Keyboard\u003e irq 1 on atkbdc0\nkbd0 at atkbd0\natkbd0: [GIANT-LOCKED]\natkbd0: [ITHREAD]\npsm0: \u003cPS/2 Mouse\u003e irq 12 on atkbdc0\npsm0: [GIANT-LOCKED]\npsm0: [ITHREAD]\npsm0: model IntelliMouse, device ID 3\nuart0: \u003c16550 or compatible\u003e port 0x3f8-0x3ff irq 4 flags 0x10 on acpi0\nuart0: [FILTER]\nuart1: \u003c16550 or compatible\u003e port 0x2f8-0x2ff irq 3 on acpi0\nuart1: [FILTER]\nacpi_hpet0: \u003cHigh Precision Event Timer\u003e iomem 0xfed00000-0xfed003ff on acpi0\nTimecounter \"HPET\" frequency 14318180 Hz quality 900\norm0: \u003cISA Option ROMs\u003e at iomem 0xc0000-0xc8fff,0xd1000-0xd1fff,0xd2000-0xd2fff on isa0\nsc0: \u003cSystem console\u003e at flags 0x100 on isa0\nsc0: VGA \u003c16 virtual consoles, flags=0x300\u003e\nvga0: \u003cGeneric ISA VGA\u003e at port 0x3c0-0x3df iomem 0xa0000-0xbffff on isa0\nppc0: cannot reserve I/O port range\nest0: \u003cEnhanced SpeedStep Frequency Control\u003e on cpu0\np4tcc0: \u003cCPU Frequency Thermal Control\u003e on cpu0\nest1: \u003cEnhanced SpeedStep Frequency Control\u003e on cpu1\np4tcc1: \u003cCPU Frequency Thermal Control\u003e on cpu1\nest2: \u003cEnhanced SpeedStep Frequency Control\u003e on cpu2\np4tcc2: \u003cCPU Frequency Thermal Control\u003e on cpu2\nest3: \u003cEnhanced SpeedStep Frequency Control\u003e on cpu3\np4tcc3: \u003cCPU Frequency Thermal Control\u003e on cpu3\nest4: \u003cEnhanced SpeedStep Frequency Control\u003e on cpu4\np4tcc4: \u003cCPU Frequency Thermal Control\u003e on cpu4\nest5: \u003cEnhanced SpeedStep Frequency Control\u003e on cpu5\np4tcc5: \u003cCPU Frequency Thermal Control\u003e on cpu5\nest6: \u003cEnhanced SpeedStep Frequency Control\u003e on cpu6\np4tcc6: \u003cCPU Frequency Thermal Control\u003e on cpu6\nest7: \u003cEnhanced SpeedStep Frequency Control\u003e on cpu7\np4tcc7: \u003cCPU Frequency Thermal Control\u003e on cpu7\nRTC BIOS diagnostic error 5\u003cinvalid_time\u003e\nTimecounters tick every 1.000 msec\nmfi0: 6748 (349874359s/0x0020/info) - Time established as 02/01/11 11:19:19; (42 seconds since power on)\nusbus0: 12Mbps Full Speed USB v1.0\nusbus1: 12Mbps Full Speed USB v1.0\nusbus2: 12Mbps Full Speed USB v1.0\nusbus3: 12Mbps Full Speed USB v1.0\nusbus4: 480Mbps High Speed USB v2.0\nugen0.1: \u003cIntel\u003e at usbus0\nuhub0: \u003cIntel UHCI root HUB, class 9/0, rev 1.00/1.00, addr 1\u003e on usbus0\nugen1.1: \u003cIntel\u003e at usbus1\nuhub1: \u003cIntel UHCI root HUB, class 9/0, rev 1.00/1.00, addr 1\u003e on usbus1\nugen2.1: \u003cIntel\u003e at usbus2\nuhub2: \u003cIntel UHCI root HUB, class 9/0, rev 1.00/1.00, addr 1\u003e on usbus2\nugen3.1: \u003cIntel\u003e at usbus3\nuhub3: \u003cIntel UHCI root HUB, class 9/0, rev 1.00/1.00, addr 1\u003e on usbus3\nugen4.1: \u003cIntel\u003e at usbus4\nuhub4: \u003cIntel EHCI root HUB, class 9/0, rev 2.00/1.00, addr 1\u003e on usbus4\nuhub0: 2 ports with 2 removable, self powered\nuhub1: 2 ports with 2 removable, self powered\nuhub2: 2 ports with 2 removable, self powered\nuhub3: 2 ports with 2 removable, self powered\nmfid0: \u003cMFI Logical Disk\u003e on mfi0\nmfid0: 237464MB (486326272 sectors) RAID volume '' is optimal\nuhub4: 8 ports with 8 removable, self powered\nugen0.2: \u003cPeppercon AG\u003e at usbus0\numass0: \u003cPeppercon AG Multidevice, class 0/0, rev 2.00/0.01, addr 2\u003e on usbus0\numass0:  SCSI over Bulk-Only; quirks = 0x0000\nugen2.2: \u003cTEAC\u003e at usbus2\numass1: \u003cTEAC TEAC FD-05PUW, class 0/0, rev 2.00/0.00, addr 2\u003e on usbus2\numass1:  UFI over CBI; quirks = 0x0000\numass0:2:0:-1: Attached to scbus2\n(probe0:umass-sim0:0:0:0): TEST UNIT READY. CDB: 0 0 0 0 0 0 \n(probe0:umass-sim0:0:0:0): CAM status: SCSI Status Error\n(probe0:umass-sim0:0:0:0): SCSI status: Check Condition\n(probe0:umass-sim0:0:0:0): SCSI sense: NOT READY asc:3a,0 (Medium not present)\numass1:3:1:-1: Attached to scbus3\n(probe0:umass-sim1:1:0:0): TEST UNIT READY. CDB: 0 0 0 0 0 0 \n(probe0:umass-sim1:1:0:0): CAM status: SCSI Status Error\n(probe0:umass-sim1:1:0:0): SCSI status: Check Condition\n(probe0:umass-sim1:1:0:0): SCSI sense: UNIT ATTENTION asc:29,0 (Power on, reset, or bus device reset occurred)\n(probe0:umass-sim1:1:0:0): TEST UNIT READY. CDB: 0 0 0 0 0 0 \n(probe0:umass-sim1:1:0:0): CAM status: SCSI Status Error\n(probe0:umass-sim1:1:0:0): SCSI status: Check Condition\n(probe0:umass-sim1:1:0:0): SCSI sense: NOT READY asc:3a,0 (Medium not present)\nrun_interrupt_driven_hooks: still waiting after 60 seconds for xpt_config\nrun_interrupt_driven_hooks: still waiting after 120 seconds for xpt_config\nrun_interrupt_driven_hooks: still waiting after 180 seconds for xpt_config\nrun_interrupt_driven_hooks: still waiting after 240 seconds for xpt_config\nrun_interrupt_driven_hooks: still waiting after 300 seconds for xpt_config\nses0 at isp0 bus 0 scbus0 target 0 lun 5\nses0: \u003cIFT S24F-R1840-4 373O\u003e Fixed Enclosure Services SCSI-4 device \nses0: 400.000MB/s transfers WWNN 0x200000d02307bed9 WWPN 0x210000d02307bed9 PortID 0x10025\nses0: Command Queueing enabled\nses0: SCSI-3 SES Device\nses1 at isp1 bus 0 scbus1 target 0 lun 0\nses1: \u003cIFT S24F-R1840-4 373O\u003e Fixed Enclosure Services SCSI-4 device \nses1: 400.000MB/s transfers WWNN 0x200000d02317bed9 WWPN 0x210000d02317bed9 PortID 0x10023\nses1: Command Queueing enabled\nses1: SCSI-3 SES Device\nda0 at isp0 bus 0 scbus0 target 0 lun 0\nda0: \u003cIFT S24F-R1840-4 373O\u003e Fixed Direct Access SCSI-4 device \nda0: 400.000MB/s transfers WWNN 0x200000d02307bed9 WWPN 0x210000d02307bed9 PortID 0x10025\nda0: Command Queueing enabled\nda0: 953609MB (1952991232 512 byte sectors: 255H 63S/T 121568C)\nda1 at isp0 bus 0 scbus0 target 0 lun 1\nda1: \u003cIFT S24F-R1840-4 373O\u003e Fixed Direct Access SCSI-4 device \nda1: 400.000MB/s transfers WWNN 0x200000d02307bed9 WWPN 0x210000d02307bed9 PortID 0x10025\nda1: Command Queueing enabled\nda1: 15360MB (31457280 512 byte sectors: 255H 63S/T 1958C)\nda2 at isp0 bus 0 scbus0 target 0 lun 2\nda2: \u003cIFT S24F-R1840-4 373O\u003e Fixed Direct Access SCSI-4 device \nda2: 400.000MB/s transfers WWNN 0x200000d02307bed9 WWPN 0x210000d02307bed9 PortID 0x10025\nda2: Command Queueing enabled\nda2: 15360MB (31457280 512 byte sectors: 255H 63S/T 1958C)\nda3 at isp0 bus 0 scbus0 target 0 lun 3\nda3: \u003cIFT S24F-R1840-4 373O\u003e Fixed Direct Access SCSI-4 device \nda3: 400.000MB/s transfers WWNN 0x200000d02307bed9 WWPN 0x210000d02307bed9 PortID 0x10025\nda3: Command Queueing enabled\nda3: 199135MB (407828480 512 byte sectors: 255H 63S/T 25386C)\nda4 at isp0 bus 0 scbus0 target 0 lun 4\nda4: \u003cIFT S24F-R1840-4 373O\u003e Fixed Direct Access SCSI-4 device \nda4: 400.000MB/s transfers WWNN 0x200000d02307bed9 WWPN 0x210000d02307bed9 PortID 0x10025\nda4: Command Queueing enabled\nda4: 199136MB (407830528 512 byte sectors: 255H 63S/T 25386C)\nlapic7: Forcing LINT1 to edge trigger\ncd0 at umass-sim0 bus 0 scbus2 target 0 lun 0\ncd0: \u003cPepperC Virtual Disc 1 0.01\u003e Removable CD-ROM SCSI-3 device \ncd0: 1.000MB/s transfers\ncd0: Attempt to query device size failed: NOT READY, Medium not presentSMP: AP CPU #7 Launched!\nlapic5: Forcing LINT1 to edge trigger\nSMP: AP CPU #5 Launched!\nlapic6: Forcing LINT1 to edge trigger\nSMP: AP CPU #6 Launched!\nlapic4: Forcing LINT1 to edge trigger\nSMP: AP CPU #4 Launched!\nlapic1: Forcing LINT1 to edge trigger\nSMP: AP CPU #1 Launched!\nlapic3: Forcing LINT1 to edge trigger\nSMP: AP CPU #3 Launched!\nlapic2: Forcing LINT1 to edge trigger\nSMP: AP CPU #2 Launched!\nda5 at umass-sim1 bus 1 scbus3 target 0 lun 0\nda5: \u003cTEAC FD-05PUW 3000\u003e Removable Direct Access SCSI-0 device \nda5: 1.000MB/s transfers\nda5: Attempt to query device size failed: NOT READY, Medium not present\nGEOM: da0: partition 3 does not start on a track boundary.\nGEOM: da0: partition 3 does not end on a track boundary.\nGEOM: da0: partition 2 does not start on a track boundary.\nGEOM: da0: partition 2 does not end on a track boundary.\nGEOM: da0: partition 1 does not start on a track boundary.\nGEOM: da0: partition 1 does not end on a track boundary.\nTrying to mount root from ufs:/dev/mfid0s1a\nem0: link state changed to UP"
}