{
 "id": 464288,
 "bug_id": 127486,
 "attachment_id": 0,
 "creation_time": "2008-09-19T00:20:01Z",
 "creator": "jh@sandstorm.net",
 "text": "The machine is a Dell Inspiron 530 with Core 2 Quad CPU (Q6600), 3GB RAM.  This is definitely an inexpensive consumer-grade system with Phoenix BIOS (Dell version 1.0.15, the latest).  I seem to think it may be made by Foxconn.\n\nWhen booting GENERIC from hard disk, it almost always prints\n\n  ACPI APIC Table: \u003cDELL   FX09   \u003e\n\npauses a few seconds, then prints\n\n  AP #1 (PHY #1) failed!\n  panic y/n? [y] panic: bye-bye\n  cpuid = 0\n\n(photos available for those that want 'em)\n\n\nOnce in every 5-10 boots, it starts successfully.  \n\nWhen booted from CD-ROM, it always starts successfully.  I can also boot disc1, break from the boot menu to a loader prompt, \n  unload\n  set currdev=disk0s1a:\n  boot\nand get a successful boot that way.\n\nSetting kern.smp.disabled causes it to work, too, of course...\n\nThe machine is a USB-only system, no PS/2 ports, so I attribute the oddness at the prompt to having no keyboard available.\n\nSometimes it rapidly scrolls text that might be a register dump on a trap and reboots in less than half a second, but I haven't seen that in a while.  I think that's post-panic behavior.\n\nI've started looking at boot0/boot1/cdboot to see if I can see anything obvious, but nothing's obviously wrong.  I'm also willing to help another developer with testing/debugging this one.\n\nThis appears to be same/similar behavior as a problem that was seen a couple of years ago with Intel SE7500CW2 motherboards (we have a system here with an SE7501CW2 motherboard that we occasionally see this on.)\n\n  --jh\n\n\ndmesg from a successful boot:\n\nCopyright (c) 1992-2008 The FreeBSD Project.\nCopyright (c) 1979, 1980, 1983, 1986, 1988, 1989, 1991, 1992, 1993, 1994\n\tThe Regents of the University of California. All rights reserved.\nFreeBSD is a registered trademark of The FreeBSD Foundation.\nFreeBSD 7.1-BETA #0: Sun Sep  7 13:49:18 UTC 2008\n    root@logan.cse.buffalo.edu:/usr/obj/usr/src/sys/GENERIC\nTimecounter \"i8254\" frequency 1193182 Hz quality 0\nCPU: Intel(R) Core(TM)2 Quad CPU    Q6600  @ 2.40GHz (2394.02-MHz 686-class CPU)\n  Origin = \"GenuineIntel\"  Id = 0x6fb  Stepping = 11\n  Features=0xbfebfbff\u003cFPU,VME,DE,PSE,TSC,MSR,PAE,MCE,CX8,APIC,SEP,MTRR,PGE,MCA,CMOV,PAT,PSE36,CLFLUSH,DTS,ACPI,MMX,FXSR,SSE,SSE2,SS,HTT,TM,PBE\u003e\n  Features2=0xe3bd\u003cSSE3,RSVD2,MON,DS_CPL,VMX,EST,TM2,SSSE3,CX16,xTPR,PDCM\u003e\n  AMD Features=0x20100000\u003cNX,LM\u003e\n  AMD Features2=0x1\u003cLAHF\u003e\n  Cores per package: 4\nreal memory  = 3210280960 (3061 MB)\navail memory = 3135885312 (2990 MB)\nACPI APIC Table: \u003cDELL   FX09   \u003e\nFreeBSD/SMP: Multiprocessor System Detected: 4 CPUs\n cpu0 (BSP): APIC ID:  0\n cpu1 (AP): APIC ID:  1\n cpu2 (AP): APIC ID:  2\n cpu3 (AP): APIC ID:  3\nioapic0: Changing APIC ID to 4\nioapic0 \u003cVersion 2.0\u003e irqs 0-23 on motherboard\nkbd1 at kbdmux0\nath_hal: 0.9.20.3 (AR5210, AR5211, AR5212, RF5111, RF5112, RF2413, RF5413)\nacpi0: \u003cDELL FX09   \u003e on motherboard\nacpi0: [ITHREAD]\nacpi0: Power Button (fixed)\nacpi0: reservation of 0, a0000 (3) failed\nacpi0: reservation of 100000, bf490000 (3) failed\nTimecounter \"ACPI-fast\" frequency 3579545 Hz quality 1000\nacpi_timer0: \u003c24-bit timer at 3.579545MHz\u003e port 0x408-0x40b on acpi0\npcib0: \u003cACPI Host-PCI bridge\u003e port 0xcf8-0xcff on acpi0\npci0: \u003cACPI PCI bus\u003e on pcib0\npcib1: \u003cPCI-PCI bridge\u003e irq 16 at device 1.0 on pci0\npci1: \u003cPCI bus\u003e on pcib1\nvgapci0: \u003cVGA-compatible display\u003e port 0xff00-0xff07 mem 0xfdf00000-0xfdf7ffff,0xd0000000-0xdfffffff,0xfda00000-0xfdafffff irq 16 at device 2.0 on pci0\nagp0: \u003cIntel G33 SVGA controller\u003e on vgapci0\nagp0: detected 7676k stolen memory\nagp0: aperture size is 256M\nem0: \u003cIntel(R) PRO/1000 Network Connection 6.9.5\u003e port 0xfe00-0xfe1f mem 0xfdfc0000-0xfdfdffff,0xfdfff000-0xfdffffff irq 20 at device 25.0 on pci0\nem0: Using MSI interrupt\nem0: [FILTER]\nem0: Ethernet address: 00:21:9b:01:39:f6\nuhci0: \u003cUHCI (generic) USB controller\u003e port 0xfd00-0xfd1f irq 16 at device 26.0 on pci0\nuhci0: [GIANT-LOCKED]\nuhci0: [ITHREAD]\nusb0: \u003cUHCI (generic) USB controller\u003e on uhci0\nusb0: USB revision 1.0\nuhub0: \u003cIntel UHCI root hub, class 9/0, rev 1.00/1.00, addr 1\u003e on usb0\nuhub0: 2 ports with 2 removable, self powered\nuhci1: \u003cUHCI (generic) USB controller\u003e port 0xfc00-0xfc1f irq 21 at device 26.1 on pci0\nuhci1: [GIANT-LOCKED]\nuhci1: [ITHREAD]\nusb1: \u003cUHCI (generic) USB controller\u003e on uhci1\nusb1: USB revision 1.0\nuhub1: \u003cIntel UHCI root hub, class 9/0, rev 1.00/1.00, addr 1\u003e on usb1\nuhub1: 2 ports with 2 removable, self powered\nuhci2: \u003cUHCI (generic) USB controller\u003e port 0xfb00-0xfb1f irq 19 at device 26.2 on pci0\nuhci2: [GIANT-LOCKED]\nuhci2: [ITHREAD]\nusb2: \u003cUHCI (generic) USB controller\u003e on uhci2\nusb2: USB revision 1.0\nuhub2: \u003cIntel UHCI root hub, class 9/0, rev 1.00/1.00, addr 1\u003e on usb2\nuhub2: 2 ports with 2 removable, self powered\nehci0: \u003cEHCI (generic) USB 2.0 controller\u003e mem 0xfdffe000-0xfdffe3ff irq 18 at device 26.7 on pci0\nehci0: [GIANT-LOCKED]\nehci0: [ITHREAD]\nusb3: EHCI version 1.0\nusb3: companion controllers, 2 ports each: usb0 usb1 usb2\nusb3: \u003cEHCI (generic) USB 2.0 controller\u003e on ehci0\nusb3: USB revision 2.0\nuhub3: \u003cIntel EHCI root hub, class 9/0, rev 2.00/1.00, addr 1\u003e on usb3\nuhub3: 6 ports with 6 removable, self powered\npci0: \u003cmultimedia\u003e at device 27.0 (no driver attached)\nuhci3: \u003cUHCI (generic) USB controller\u003e port 0xfa00-0xfa1f irq 23 at device 29.0 on pci0\nuhci3: [GIANT-LOCKED]\nuhci3: [ITHREAD]\nusb4: \u003cUHCI (generic) USB controller\u003e on uhci3\nusb4: USB revision 1.0\nuhub4: \u003cIntel UHCI root hub, class 9/0, rev 1.00/1.00, addr 1\u003e on usb4\nuhub4: 2 ports with 2 removable, self powered\nuhci4: \u003cUHCI (generic) USB controller\u003e port 0xf900-0xf91f irq 19 at device 29.1 on pci0\nuhci4: [GIANT-LOCKED]\nuhci4: [ITHREAD]\nusb5: \u003cUHCI (generic) USB controller\u003e on uhci4\nusb5: USB revision 1.0\nuhub5: \u003cIntel UHCI root hub, class 9/0, rev 1.00/1.00, addr 1\u003e on usb5\nuhub5: 2 ports with 2 removable, self powered\nuhci5: \u003cUHCI (generic) USB controller\u003e port 0xf800-0xf81f irq 18 at device 29.2 on pci0\nuhci5: [GIANT-LOCKED]\nuhci5: [ITHREAD]\nusb6: \u003cUHCI (generic) USB controller\u003e on uhci5\nusb6: USB revision 1.0\nuhub6: \u003cIntel UHCI root hub, class 9/0, rev 1.00/1.00, addr 1\u003e on usb6\nuhub6: 2 ports with 2 removable, self powered\nehci1: \u003cEHCI (generic) USB 2.0 controller\u003e mem 0xfdffd000-0xfdffd3ff irq 23 at device 29.7 on pci0\nehci1: [GIANT-LOCKED]\nehci1: [ITHREAD]\nusb7: EHCI version 1.0\nusb7: companion controllers, 2 ports each: usb4 usb5 usb6\nusb7: \u003cEHCI (generic) USB 2.0 controller\u003e on ehci1\nusb7: USB revision 2.0\nuhub7: \u003cIntel EHCI root hub, class 9/0, rev 2.00/1.00, addr 1\u003e on usb7\nuhub7: 6 ports with 6 removable, self powered\npcib2: \u003cACPI PCI-PCI bridge\u003e at device 30.0 on pci0\npci2: \u003cACPI PCI bus\u003e on pcib2\nfxp0: \u003cIntel 82559 Pro/100 Ethernet\u003e port 0xcf00-0xcf3f mem 0xfdeff000-0xfdefffff,0xfdd00000-0xfddfffff irq 21 at device 0.0 on pci2\nmiibus0: \u003cMII bus\u003e on fxp0\ninphy0: \u003ci82555 10/100 media interface\u003e PHY 1 on miibus0\ninphy0:  10baseT, 10baseT-FDX, 100baseTX, 100baseTX-FDX, auto\nfxp0: Ethernet address: 00:02:b3:25:28:57\nfxp0: [ITHREAD]\ndc0: \u003c82c169 PNIC 10/100BaseTX\u003e port 0xcc00-0xccff mem 0xfdefe000-0xfdefe0ff irq 16 at device 1.0 on pci2\nmiibus1: \u003cMII bus\u003e on dc0\nbmtphy0: \u003cBCM5201 10/100baseTX PHY\u003e PHY 1 on miibus1\nbmtphy0:  10baseT, 10baseT-FDX, 100baseTX, 100baseTX-FDX, auto\ndc0: Ethernet address: 00:a0:cc:50:5e:12\ndc0: [ITHREAD]\nisab0: \u003cPCI-ISA bridge\u003e at device 31.0 on pci0\nisa0: \u003cISA bus\u003e on isab0\natapci0: \u003cIntel ICH8 SATA300 controller\u003e port 0xf700-0xf707,0xf600-0xf603,0xf500-0xf507,0xf400-0xf403,0xf300-0xf31f mem 0xfdffc000-0xfdffc7ff irq 19 at device 31.2 on pci0\natapci0: [ITHREAD]\natapci0: AHCI called from vendor specific driver\natapci0: AHCI Version 01.20 controller with 6 ports detected\nata2: \u003cATA channel 0\u003e on atapci0\nata2: [ITHREAD]\nata3: \u003cATA channel 1\u003e on atapci0\nata3: [ITHREAD]\nata4: \u003cATA channel 2\u003e on atapci0\nata4: [ITHREAD]\nata5: \u003cATA channel 3\u003e on atapci0\nata5: [ITHREAD]\nata6: \u003cATA channel 4\u003e on atapci0\nata6: [ITHREAD]\nata7: \u003cATA channel 5\u003e on atapci0\nata7: [ITHREAD]\npci0: \u003cserial bus, SMBus\u003e at device 31.3 (no driver attached)\nacpi_hpet0: \u003cHigh Precision Event Timer\u003e iomem 0xfed00000-0xfed003ff on acpi0\ndevice_attach: acpi_hpet0 attach returned 12\ncpu0: \u003cACPI CPU\u003e on acpi0\nest0: \u003cEnhanced SpeedStep Frequency Control\u003e on cpu0\nest: CPU supports Enhanced Speedstep, but is not recognized.\nest: cpu_vendor GenuineIntel, msr 927092706000927\ndevice_attach: est0 attach returned 6\np4tcc0: \u003cCPU Frequency Thermal Control\u003e on cpu0\ncpu1: \u003cACPI CPU\u003e on acpi0\nest1: \u003cEnhanced SpeedStep Frequency Control\u003e on cpu1\nest: CPU supports Enhanced Speedstep, but is not recognized.\nest: cpu_vendor GenuineIntel, msr 927092706000927\ndevice_attach: est1 attach returned 6\np4tcc1: \u003cCPU Frequency Thermal Control\u003e on cpu1\ncpu2: \u003cACPI CPU\u003e on acpi0\nest2: \u003cEnhanced SpeedStep Frequency Control\u003e on cpu2\nest: CPU supports Enhanced Speedstep, but is not recognized.\nest: cpu_vendor GenuineIntel, msr 927092706000927\ndevice_attach: est2 attach returned 6\np4tcc2: \u003cCPU Frequency Thermal Control\u003e on cpu2\ncpu3: \u003cACPI CPU\u003e on acpi0\nest3: \u003cEnhanced SpeedStep Frequency Control\u003e on cpu3\nest: CPU supports Enhanced Speedstep, but is not recognized.\nest: cpu_vendor GenuineIntel, msr 927092706000927\ndevice_attach: est3 attach returned 6\np4tcc3: \u003cCPU Frequency Thermal Control\u003e on cpu3\nacpi_button0: \u003cPower Button\u003e on acpi0\nacpi_tz0: \u003cThermal Zone\u003e on acpi0\nfdc0: \u003cfloppy drive controller\u003e port 0x3f0-0x3f5,0x3f7 irq 6 drq 2 on acpi0\nfdc0: [FILTER]\nacpi_hpet0: \u003cHigh Precision Event Timer\u003e iomem 0xfed00000-0xfed003ff on acpi0\ndevice_attach: acpi_hpet0 attach returned 12\npmtimer0 on isa0\norm0: \u003cISA Option ROMs\u003e at iomem 0xcc000-0xcefff,0xcf000-0xd2fff,0xd3000-0xd3fff pnpid ORM0000 on isa0\nata0 at port 0x1f0-0x1f7,0x3f6 irq 14 on isa0\nata0: [ITHREAD]\nata1 at port 0x170-0x177,0x376 irq 15 on isa0\nata1: [ITHREAD]\natkbdc0: \u003cKeyboard controller (i8042)\u003e at port 0x60,0x64 on isa0\natkbd0: \u003cAT Keyboard\u003e irq 1 on atkbdc0\nkbd0 at atkbd0\natkbd0: [GIANT-LOCKED]\natkbd0: [ITHREAD]\nppc0: parallel port not found.\nsc0: \u003cSystem console\u003e at flags 0x100 on isa0\nsc0: VGA \u003c16 virtual consoles, flags=0x300\u003e\nsio0: configured irq 4 not in bitmap of probed irqs 0\nsio0: port may not be enabled\nsio0: configured irq 4 not in bitmap of probed irqs 0\nsio0: port may not be enabled\nsio0 at port 0x3f8-0x3ff irq 4 flags 0x10 on isa0\nsio0: type 8250 or not responding\nsio0: [FILTER]\nsio1: configured irq 3 not in bitmap of probed irqs 0\nsio1: port may not be enabled\nvga0: \u003cGeneric ISA VGA\u003e at port 0x3c0-0x3df iomem 0xa0000-0xbffff on isa0\nTimecounters tick every 1.000 msec\nad4: 476940MB \u003cSeagate ST3500630AS 3.ADJ\u003e at ata2-master SATA300\nacd0: DVDR \u003cOptiarc DVD+/-RW AD-7200S/101A\u003e at ata3-master SATA150\nSMP: AP CPU #1 Launched!\nSMP: AP CPU #3 Launched!\nSMP: AP CPU #2 Launched!\nacd0: FAILURE - READ_BIG ILLEGAL REQUEST asc=0x64 ascq=0x00 \nGEOM_LABEL: Label for provider acd0 is iso9660/FreeBSD_Install.\nacd0: FAILURE - READ_BIG ILLEGAL REQUEST asc=0x64 ascq=0x00 \nTrying to mount root from ufs:/dev/ad4s1a\nukbd0: \u003cCHESEN PS2 to USB Converter, class 0/0, rev 1.10/0.10, addr 2\u003e on uhub2\nkbd2 at ukbd0\nums0: \u003cCHESEN PS2 to USB Converter, class 0/0, rev 1.10/0.10, addr 2\u003e on uhub2\nums0: 5 buttons and Z dir.\n\nHow-To-Repeat: Install 7.1-BETA to hard drive, boot."
}