{
 "id": 573476,
 "bug_id": 149720,
 "attachment_id": 0,
 "creation_time": "2010-08-22T12:44:34Z",
 "creator": "krister@lenberg.se",
 "text": "First I would like to thank you for looking into this.\n\nNow since Via had released there own driver for FreeBSD 7.0 and older\nversion I thought I would install it and recompile the kernel with that\ndriver and be able to give you some more information.\n\nBut I din'd have to after I had installed 7.0 the vr device worked out\nof the box. As before the only changed I have done to BIOS is to change\nto boot order, after the installation was done I had to change it back.\n\nSo now I have a working network on my computer but I am using FreeBSD\n7.0.\n\nI also got some information for you. Hopefully it will help you somehow.\n\nBy the way I will later try to install FreeBSD 7.3 and se if the network\nalso works out of the box. If it does I will try install 8.0, if it\ndosn't I will install 7.2. So I can find out which version the network\nstops working.\n\nIf you need anything let me know.\n\nuname:\n----------------------------------------------------------------------------------------\nFreeBSD srv.ithjalp.net 7.0-RELEASE FreeBSD 7.0-RELEASE #0: Sun Feb 24\n19:59:52 UTC 2008\nroot@logan.cse.buffalo.edu:/usr/obj/usr/src/sys/GENERIC  i386\n\npciconf:\n----------------------------------------------------------------------------------------\nhostb0@pci0:0:0:0:\tclass=0x060000 card=0xaa091106 chip=0x03241106\nrev=0x10 hdr=0x00\n    vendor     = 'VIA Technologies Inc'\n    device     = 'CX700 Host Bridge'\n    class      = bridge\n    subclass   = HOST-PCI\n    cap 02[80] = AGP v3 8x 4x SBA disabled\n    cap 01[50] = powerspec 2  supports D0 D3  current D0\nhostb1@pci0:0:0:1:\tclass=0x060000 card=0x00000000 chip=0x13241106\nrev=0x00 hdr=0x00\n    vendor     = 'VIA Technologies Inc'\n    device     = 'CX700 Host Bridge'\n    class      = bridge\n    subclass   = HOST-PCI\nhostb2@pci0:0:0:2:\tclass=0x060000 card=0x00000000 chip=0x23241106\nrev=0x00 hdr=0x00\n    vendor     = 'VIA Technologies Inc'\n    device     = 'CX700 Host Bridge'\n    class      = bridge\n    subclass   = HOST-PCI\nhostb3@pci0:0:0:3:\tclass=0x060000 card=0x00000000 chip=0x33241106\nrev=0x00 hdr=0x00\n    vendor     = 'VIA Technologies Inc'\n    device     = 'CX700 Host Bridge'\n    class      = bridge\n    subclass   = HOST-PCI\nhostb4@pci0:0:0:4:\tclass=0x060000 card=0x00000000 chip=0x43241106\nrev=0x00 hdr=0x00\n    vendor     = 'VIA Technologies Inc'\n    device     = 'CX700 Host Bridge'\n    class      = bridge\n    subclass   = HOST-PCI\nhostb5@pci0:0:0:7:\tclass=0x060000 card=0x00000000 chip=0x73241106\nrev=0x00 hdr=0x00\n    vendor     = 'VIA Technologies Inc'\n    device     = 'CX700 Host Bridge'\n    class      = bridge\n    subclass   = HOST-PCI\npcib1@pci0:0:1:0:\tclass=0x060400 card=0x00000000 chip=0xb1981106\nrev=0x00 hdr=0x01\n    vendor     = 'VIA Technologies Inc'\n    device     = 'ProSavageDDR P4X600,Apollo KT400/A/600 CPU to AGP\nBridge'\n    class      = bridge\n    subclass   = PCI-PCI\n    cap 01[70] = powerspec 2  supports D0 D1 D3  current D0\natapci0@pci0:0:15:0:\tclass=0x01018a card=0xaa091106 chip=0x53241106\nrev=0x00 hdr=0x00\n    vendor     = 'VIA Technologies Inc'\n    device     = 'CX700M2 Bus Master IDE Controller'\n    class      = mass storage\n    subclass   = ATA\n    cap 01[b0] = powerspec 2  supports D0 D3  current D0\nuhci0@pci0:0:16:0:\tclass=0x0c0300 card=0xaa091106 chip=0x30381106\nrev=0x90 hdr=0x00\n    vendor     = 'VIA Technologies Inc'\n    device     = 'VT83C572, VT6202 VIA Rev 5 or later USB Universal Host\nController'\n    class      = serial bus\n    subclass   = USB\n    cap 01[80] = powerspec 2  supports D0 D1 D2 D3  current D0\nuhci1@pci0:0:16:1:\tclass=0x0c0300 card=0xaa091106 chip=0x30381106\nrev=0x90 hdr=0x00\n    vendor     = 'VIA Technologies Inc'\n    device     = 'VT83C572, VT6202 VIA Rev 5 or later USB Universal Host\nController'\n    class      = serial bus\n    subclass   = USB\n    cap 01[80] = powerspec 2  supports D0 D1 D2 D3  current D0\nuhci2@pci0:0:16:2:\tclass=0x0c0300 card=0xaa091106 chip=0x30381106\nrev=0x90 hdr=0x00\n    vendor     = 'VIA Technologies Inc'\n    device     = 'VT83C572, VT6202 VIA Rev 5 or later USB Universal Host\nController'\n    class      = serial bus\n    subclass   = USB\n    cap 01[80] = powerspec 2  supports D0 D1 D2 D3  current D0\nehci0@pci0:0:16:4:\tclass=0x0c0320 card=0xaa091106 chip=0x31041106\nrev=0x90 hdr=0x00\n    vendor     = 'VIA Technologies Inc'\n    device     = 'VT6202/12 USB 2.0 Enhanced Host Controller'\n    class      = serial bus\n    subclass   = USB\n    cap 01[80] = powerspec 2  supports D0 D1 D2 D3  current D0\n    cap 0a[88] = EHCI Debug Port at offset 0xa0 in map 0x14\nisab0@pci0:0:17:0:\tclass=0x060100 card=0xaa091106 chip=0x83241106\nrev=0x00 hdr=0x00\n    vendor     = 'VIA Technologies Inc'\n    device     = 'CX700 PCI to ISA Bridge'\n    class      = bridge\n    subclass   = PCI-ISA\n    cap 01[c0] = powerspec 2  supports D0 D3  current D0\nhostb6@pci0:0:17:7:\tclass=0x060000 card=0x324e1106 chip=0x324e1106\nrev=0x00 hdr=0x00\n    vendor     = 'VIA Technologies Inc'\n    device     = 'CX700 Internal Module Bus'\n    class      = bridge\n    subclass   = HOST-PCI\n    cap 08[58] = HT interrupt\nhostb7@pci0:0:19:0:\tclass=0x060000 card=0x00000000 chip=0x324b1106\nrev=0x00 hdr=0x00\n    vendor     = 'VIA Technologies Inc'\n    device     = 'CX700 Host Bridge'\n    class      = bridge\n    subclass   = HOST-PCI\npcib2@pci0:0:19:1:\tclass=0x060401 card=0x00000000 chip=0x324a1106\nrev=0x00 hdr=0x01\n    vendor     = 'VIA Technologies Inc'\n    device     = 'CX700 PCI to PCI Bridge'\n    class      = bridge\n    subclass   = PCI-PCI\nvgapci0@pci0:1:0:0:\tclass=0x030000 card=0x31571106 chip=0x31571106\nrev=0x03 hdr=0x00\n    vendor     = 'VIA Technologies Inc'\n    class      = display\n    subclass   = VGA\n    cap 01[60] = powerspec 2  supports D0 D1 D2 D3  current D0\n    cap 02[70] = AGP v3 8x 4x SBA disabled\nvr0@pci0:2:6:0:\tclass=0x020000 card=0x01051106 chip=0x31061106 rev=0x8b\nhdr=0x00\n    vendor     = 'VIA Technologies Inc'\n    device     = 'VT6105M/LOM Rhine III PCI Fast Ethernet Controller'\n    class      = network\n    subclass   = ethernet\n    cap 01[44] = powerspec 2  supports D0 D1 D2 D3  current D0\nnone0@pci0:128:1:0:\tclass=0x040300 card=0x32881106 chip=0x32881106\nrev=0x10 hdr=0x00\n    vendor     = 'VIA Technologies Inc'\n    device     = '??? VIA VT8251/8237A High Definition Audio Controller\n- HDA Codec Realtek ALC660'\n    class      = multimedia\n    cap 01[50] = powerspec 2  supports D0 D3  current D0\n    cap 05[60] = MSI supports 1 message, 64 bit \n    cap 10[70] = PCI-Express 1 type 0\n\ndmesg:\n----------------------------------------------------------------------------------------\nCopyright (c) 1992-2008 The FreeBSD Project.\nCopyright (c) 1979, 1980, 1983, 1986, 1988, 1989, 1991, 1992, 1993, 1994\n\tThe Regents of the University of California. All rights reserved.\nFreeBSD is a registered trademark of The FreeBSD Foundation.\nFreeBSD 7.0-RELEASE #0: Sun Feb 24 19:59:52 UTC 2008\n    root@logan.cse.buffalo.edu:/usr/obj/usr/src/sys/GENERIC\nTimecounter \"i8254\" frequency 1193182 Hz quality 0\nCPU: VIA C7 Esther+RNG+AES+AES-CTR+SHA1+SHA256+RSA (999.76-MHz 686-class\nCPU)\n  Origin = \"CentaurHauls\"  Id = 0x6a9  Stepping = 9\n\nFeatures=0x87c9baff\u003cFPU,VME,DE,PSE,TSC,MSR,PAE,MCE,APIC,SEP,MTRR,PGE,CMOV,PAT,CLFLUSH,ACPI,MMX,FXSR,SSE,SSE2,PBE\u003e\n  Features2=0x81\u003cSSE3,EST\u003e\nreal memory  = 1005518848 (958 MB)\navail memory = 970293248 (925 MB)\nACPI APIC Table: \u003cCX700  AWRDACPI\u003e\nioapic0 \u003cVersion 0.3\u003e irqs 0-23 on motherboard\nkbd1 at kbdmux0\nath_hal: 0.9.20.3 (AR5210, AR5211, AR5212, RF5111, RF5112, RF2413,\nRF5413)\nhptrr: HPT RocketRAID controller driver v1.1 (Feb 24 2008 19:59:27)\nacpi0: \u003cCX700 AWRDACPI\u003e on motherboard\nacpi0: [ITHREAD]\nacpi0: Power Button (fixed)\nacpi0: reservation of 0, a0000 (3) failed\nacpi0: reservation of 100000, 3bdf0000 (3) failed\nTimecounter \"ACPI-fast\" frequency 3579545 Hz quality 1000\nacpi_timer0: \u003c24-bit timer at 3.579545MHz\u003e port 0x408-0x40b on acpi0\ncpu0: \u003cACPI CPU\u003e on acpi0\nest0: \u003cEnhanced SpeedStep Frequency Control\u003e on cpu0\nacpi_button0: \u003cPower Button\u003e on acpi0\nacpi_button1: \u003cSleep Button\u003e on acpi0\npcib0: \u003cACPI Host-PCI bridge\u003e port 0xcf8-0xcff on acpi0\npci0: \u003cACPI PCI bus\u003e on pcib0\nagp0: \u003cVIA VT3324 (CX700) host to PCI bridge\u003e on hostb0\nagp0: aperture size is 128M\npcib1: \u003cPCI-PCI bridge\u003e at device 1.0 on pci0\npci1: \u003cPCI bus\u003e on pcib1\nvgapci0: \u003cVGA-compatible display\u003e mem\n0xa0000000-0xbfffffff,0xdd000000-0xddffffff irq 16 at device 0.0 on pci1\natapci0: \u003cVIA ATA controller\u003e port\n0x1f0-0x1f7,0x3f6,0x170-0x177,0x376,0xff00-0xff0f at device 15.0 on pci0\nata0: \u003cATA channel 0\u003e on atapci0\nata0: [ITHREAD]\nata1: \u003cATA channel 1\u003e on atapci0\nata1: [ITHREAD]\nuhci0: \u003cVIA 83C572 USB controller\u003e port 0xfe00-0xfe1f irq 20 at device\n16.0 on pci0\nuhci0: [GIANT-LOCKED]\nuhci0: [ITHREAD]\nusb0: \u003cVIA 83C572 USB controller\u003e on uhci0\nusb0: USB revision 1.0\nuhub0: \u003cVIA UHCI root hub, class 9/0, rev 1.00/1.00, addr 1\u003e on usb0\nuhub0: 2 ports with 2 removable, self powered\nuhci1: \u003cVIA 83C572 USB controller\u003e port 0xfd00-0xfd1f irq 22 at device\n16.1 on pci0\nuhci1: [GIANT-LOCKED]\nuhci1: [ITHREAD]\nusb1: \u003cVIA 83C572 USB controller\u003e on uhci1\nusb1: USB revision 1.0\nuhub1: \u003cVIA UHCI root hub, class 9/0, rev 1.00/1.00, addr 1\u003e on usb1\nuhub1: 2 ports with 2 removable, self powered\nuhci2: \u003cVIA 83C572 USB controller\u003e port 0xfc00-0xfc1f irq 21 at device\n16.2 on pci0\nuhci2: [GIANT-LOCKED]\nuhci2: [ITHREAD]\nusb2: \u003cVIA 83C572 USB controller\u003e on uhci2\nusb2: USB revision 1.0\nuhub2: \u003cVIA UHCI root hub, class 9/0, rev 1.00/1.00, addr 1\u003e on usb2\nuhub2: 2 ports with 2 removable, self powered\nehci0: \u003cVIA VT6202 USB 2.0 controller\u003e mem 0xdffff000-0xdffff0ff irq 23\nat device 16.4 on pci0\nehci0: [GIANT-LOCKED]\nehci0: [ITHREAD]\nusb3: EHCI version 1.0\nusb3: companion controllers, 2 ports each: usb0 usb1 usb2\nusb3: \u003cVIA VT6202 USB 2.0 controller\u003e on ehci0\nusb3: USB revision 2.0\nuhub3: \u003cVIA EHCI root hub, class 9/0, rev 2.00/1.00, addr 1\u003e on usb3\nuhub3: 6 ports with 6 removable, self powered\nisab0: \u003cPCI-ISA bridge\u003e at device 17.0 on pci0\nisa0: \u003cISA bus\u003e on isab0\npcib2: \u003cACPI PCI-PCI bridge\u003e at device 19.1 on pci0\npci2: \u003cACPI PCI bus\u003e on pcib2\nvr0: \u003cVIA VT6105 Rhine III 10/100BaseTX\u003e port 0xde00-0xdeff mem\n0xdfeff000-0xdfeff0ff irq 18 at device 6.0 on pci2\nvr0: Quirks: 0x0\nmiibus0: \u003cMII bus\u003e on vr0\nukphy0: \u003cGeneric IEEE 802.3u media interface\u003e PHY 1 on miibus0\nukphy0:  10baseT, 10baseT-FDX, 100baseTX, 100baseTX-FDX, auto\nvr0: using obsoleted if_watchdog interface\nvr0: Ethernet address: 00:40:63:f5:71:44\nvr0: [ITHREAD]\npcib3: \u003cACPI Host-PCI bridge\u003e on acpi0\npci128: \u003cACPI PCI bus\u003e on pcib3\npci128: \u003cmultimedia\u003e at device 1.0 (no driver attached)\nsio0: configured irq 4 not in bitmap of probed irqs 0\nsio0: port may not be enabled\nsio0: configured irq 4 not in bitmap of probed irqs 0\nsio0: port may not be enabled\nsio0: \u003c16550A-compatible COM port\u003e port 0x3f8-0x3ff irq 4 flags 0x10 on\nacpi0\nsio0: type 16550A\nsio0: [FILTER]\npmtimer0 on isa0\norm0: \u003cISA Option ROMs\u003e at iomem\n0xc0000-0xcffff,0xd0000-0xd7fff,0xd8000-0xd9fff pnpid ORM0000 on isa0\natkbdc0: \u003cKeyboard controller (i8042)\u003e at port 0x60,0x64 on isa0\natkbd0: \u003cAT Keyboard\u003e irq 1 on atkbdc0\nkbd0 at atkbd0\natkbd0: [GIANT-LOCKED]\natkbd0: [ITHREAD]\nppc0: parallel port not found.\nsc0: \u003cSystem console\u003e at flags 0x100 on isa0\nsc0: VGA \u003c16 virtual consoles, flags=0x300\u003e\nsio1: configured irq 3 not in bitmap of probed irqs 0\nsio1: port may not be enabled\nvga0: \u003cGeneric ISA VGA\u003e at port 0x3c0-0x3df iomem 0xa0000-0xbffff on\nisa0\nukbd0: \u003cvendor 0x1241 USB Keyboard, class 0/0, rev 1.10/2.80, addr 2\u003e on\nuhub1\nkbd2 at ukbd0\nuhid0: \u003cvendor 0x1241 USB Keyboard, class 0/0, rev 1.10/2.80, addr 2\u003e on\nuhub1\nTimecounter \"TSC\" frequency 999758482 Hz quality 800\nTimecounters tick every 1.000 msec\nhptrr: no controller detected.\nad2: 152627MB \u003cSAMSUNG HM160HC LQ100-10\u003e at ata1-master UDMA33\nTrying to mount root from ufs:/dev/ad2s1a\n\n/Krister\n\nhttp://www.freebsd.org/cgi/query-pr.cgi?pr=149720"
}