{
 "id": 369154,
 "bug_id": 107572,
 "attachment_id": 0,
 "creation_time": "2007-01-05T17:20:16Z",
 "creator": "a-burghardt@gmx.de",
 "text": "I removed a Job-it (2.0 USB, 1GB) USB-Stick from its slot while a file copy to this stick was still in progress. The result was an immidiate reboot of FreeBSD without syncing or unmounting any logal file systems.\n\n/var/log/message\nJan  5 17:41:18 iwix syslogd: kernel boot file is /boot/kernel/kernel\nJan  5 17:41:18 iwix kernel: Copyright (c) 1992-2007 The FreeBSD Project.\nJan  5 17:41:18 iwix kernel: Copyright (c) 1979, 1980, 1983, 1986, 1988, 1989, 1991, 1992, 1993, 1994\nJan  5 17:41:18 iwix kernel: The Regents of the University of California. All rights reserved.\nJan  5 17:41:18 iwix kernel: FreeBSD is a registered trademark of The FreeBSD Foundation.\nJan  5 17:41:18 iwix kernel: FreeBSD 7.0-CURRENT #0: Fri Jan  5 13:57:31 CET 2007\nJan  5 17:41:18 iwix kernel: root@iwix:/usr/obj/usr/src/sys/BODOH\nJan  5 17:41:18 iwix kernel: Timecounter \"i8254\" frequency 1193182 Hz quality 0\nJan  5 17:41:18 iwix kernel: CPU: Intel(R) Pentium(R) M processor 1.73GHz (1729.01-MHz 686-class CPU)\nJan  5 17:41:18 iwix kernel: Origin = \"GenuineIntel\"  Id = 0x6d8  Stepping = 8\nJan  5 17:41:18 iwix kernel: Features=0xafe9f9ff\u003cFPU,VME,DE,PSE,TSC,MSR,PAE,MCE,CX8,SEP,MTRR,PGE,MCA,\nCMOV,PAT,CLFLUSH,DTS,ACPI,MMX,FXSR,SSE,SSE2,SS,TM,PBE\u003e\nJan  5 17:41:18 iwix kernel: Features2=0x180\u003cEST,TM2\u003e\nJan  5 17:41:18 iwix kernel: real memory  = 536735744 (511 MB)\nJan  5 17:41:18 iwix kernel: avail memory = 515735552 (491 MB)\nJan  5 17:41:18 iwix kernel: kbd1 at kbdmux0\nJan  5 17:41:18 iwix kernel: acpi0: \u003cINSYDE RSDT_000\u003e on motherboard\nJan  5 17:41:18 iwix kernel: acpi_bus_number: can't get _ADR\nJan  5 17:41:18 iwix kernel: acpi_bus_number: can't get _ADR\nJan  5 17:41:18 iwix kernel: acpi0: Power Button (fixed)\nJan  5 17:41:18 iwix kernel: acpi_bus_number: can't get _ADR\nJan  5 17:41:18 iwix kernel: acpi_bus_number: can't get _ADR\nJan  5 17:41:18 iwix kernel: Timecounter \"ACPI-fast\" frequency 3579545 Hz quality 1000\nJan  5 17:41:18 iwix kernel: acpi_timer0: \u003c24-bit timer at 3.579545MHz\u003e port 0x1008-0x100b on acpi0\nJan  5 17:41:18 iwix kernel: acpi_ec0: \u003cEmbedded Controller: GPE 0x10\u003e port 0x62,0x66 on acpi0\nJan  5 17:41:18 iwix kernel: cpu0: \u003cACPI CPU\u003e on acpi0\nJan  5 17:41:18 iwix kernel: acpi_perf0: \u003cACPI CPU Frequency Control\u003e on cpu0\nJan  5 17:41:18 iwix kernel: acpi_perf0: failed in PERF_STATUS attach\nJan  5 17:41:18 iwix kernel: device_attach: acpi_perf0 attach returned 6\nJan  5 17:41:18 iwix kernel: acpi_perf0: \u003cACPI CPU Frequency Control\u003e on cpu0\nJan  5 17:41:18 iwix kernel: acpi_perf0: failed in PERF_STATUS attach\nJan  5 17:41:18 iwix kernel: device_attach: acpi_perf0 attach returned 6\nJan  5 17:41:18 iwix kernel: est0: \u003cEnhanced SpeedStep Frequency Control\u003e on cpu0\nJan  5 17:41:18 iwix kernel: est: CPU supports Enhanced Speedstep, but is not recognized.\nJan  5 17:41:18 iwix kernel: est: cpu_vendor GenuineIntel, msr 6120d2606000d26\nJan  5 17:41:18 iwix kernel: device_attach: est0 attach returned 6\nJan  5 17:41:18 iwix kernel: p4tcc0: \u003cCPU Frequency Thermal Control\u003e on cpu0\nJan  5 17:41:18 iwix kernel: acpi_acad0: \u003cAC Adapter\u003e on acpi0\nJan  5 17:41:18 iwix kernel: battery0: \u003cACPI Control Method Battery\u003e on acpi0\nJan  5 17:41:18 iwix kernel: acpi_button0: \u003cSleep Button\u003e on acpi0\nJan  5 17:41:18 iwix kernel: acpi_lid0: \u003cControl Method Lid Switch\u003e on acpi0\nJan  5 17:41:18 iwix kernel: acpi_button1: \u003cPower Button\u003e on acpi0\nJan  5 17:41:18 iwix kernel: pcib0: \u003cACPI Host-PCI bridge\u003e port 0xcf8-0xcff on acpi0\nJan  5 17:41:18 iwix kernel: pci_link7: BIOS IRQ 11 for 0.29.INTA is invalid\nJan  5 17:41:18 iwix kernel: pci_link3: BIOS IRQ 11 for 0.29.INTB is invalid\nJan  5 17:41:18 iwix kernel: pci_link4: BIOS IRQ 5 for 0.30.INTB is invalid\nJan  5 17:41:18 iwix kernel: pci0: \u003cACPI PCI bus\u003e on pcib0\nJan  5 17:41:18 iwix kernel: pcib1: \u003cACPI PCI-PCI bridge\u003e irq 11 at device 1.0 on pci0\nJan  5 17:41:18 iwix kernel: pci1: \u003cACPI PCI bus\u003e on pcib1\nJan  5 17:41:18 iwix kernel: vgapci0: \u003cVGA-compatible display\u003e port 0xc000-0xc0ff mem 0x90000000-0x97\nffffff,0xc0000000-0xc000ffff at device 0.0 on pci1\nJan  5 17:41:18 iwix kernel: drm0: \u003cATI Radeon Mobility X300 M22\u003e on vgapci0\nJan  5 17:41:18 iwix kernel: info: [drm] Initialized radeon 1.25.0 20060524\nJan  5 17:41:18 iwix kernel: uhci0: \u003cIntel 82801FB/FR/FW/FRW (ICH6) USB controller USB-A\u003e port 0x1200\n-0x121f irq 10 at device 29.0 on pci0\nJan  5 17:41:18 iwix kernel: uhci0: [GIANT-LOCKED]\nJan  5 17:41:18 iwix kernel: usb0: \u003cIntel 82801FB/FR/FW/FRW (ICH6) USB controller USB-A\u003e on uhci0\nJan  5 17:41:18 iwix kernel: usb0: USB revision 1.0\nJan  5 17:41:18 iwix kernel: uhub0: \u003cIntel UHCI root hub, class 9/0, rev 1.00/1.00, addr 1\u003e on usb0\nJan  5 17:41:18 iwix kernel: uhub0: 2 ports with 2 removable, self powered\nJan  5 17:41:18 iwix kernel: uhci1: \u003cIntel 82801FB/FR/FW/FRW (ICH6) USB controller USB-B\u003e port 0x1220\n-0x123f irq 9 at device 29.1 on pci0\nJan  5 17:41:18 iwix kernel: uhci1: [GIANT-LOCKED]\nJan  5 17:41:18 iwix kernel: usb1: \u003cIntel 82801FB/FR/FW/FRW (ICH6) USB controller USB-B\u003e on uhci1\nJan  5 17:41:18 iwix kernel: usb1: USB revision 1.0\nJan  5 17:41:18 iwix kernel: uhub1: \u003cIntel UHCI root hub, class 9/0, rev 1.00/1.00, addr 1\u003e on usb1\nJan  5 17:41:18 iwix kernel: uhub1: 2 ports with 2 removable, self powered\nJan  5 17:41:18 iwix kernel: ehci0: \u003cIntel 82801FB (ICH6) USB 2.0 controller\u003e mem 0xf4000000-0xf40003\nff irq 10 at device 29.7 on pci0\nJan  5 17:41:18 iwix kernel: ehci0: [GIANT-LOCKED]\nJan  5 17:41:18 iwix kernel: usb2: EHCI version 1.0\nJan  5 17:41:18 iwix kernel: usb2: wrong number of companions (4 != 2)\nJan  5 17:41:18 iwix kernel: usb2: companion controllers, 2 ports each: usb0 usb1\nJan  5 17:41:18 iwix kernel: usb2: \u003cIntel 82801FB (ICH6) USB 2.0 controller\u003e on ehci0\nJan  5 17:41:18 iwix kernel: usb2: USB revision 2.0\nJan  5 17:41:18 iwix kernel: uhub2: \u003cIntel EHCI root hub, class 9/0, rev 2.00/1.00, addr 1\u003e on usb2\nJan  5 17:41:18 iwix kernel: uhub2: 8 ports with 8 removable, self powered\nJan  5 17:41:18 iwix kernel: pcib2: \u003cACPI PCI-PCI bridge\u003e at device 30.0 on pci0\nJan  5 17:41:18 iwix kernel: pci_link7: BIOS IRQ 11 for 6.7.INTA is invalid\nJan  5 17:41:18 iwix kernel: pci_link6: BIOS IRQ 11 for 6.10.INTA is invalid\nJan  5 17:41:18 iwix kernel: pci6: \u003cACPI PCI bus\u003e on pcib2\nJan  5 17:41:18 iwix kernel: iwi0: \u003cIntel(R) PRO/Wireless 2200BG\u003e mem 0xb0009000-0xb0009fff irq 11 at\n device 4.0 on pci6\nJan  5 17:41:18 iwix kernel: iwi0: using obsoleted if_watchdog interface\nJan  5 17:41:18 iwix kernel: iwi0: Ethernet address: 00:15:00:20:6e:4d\nJan  5 17:41:18 iwix kernel: cbb0: \u003cENE CB710 PCI-CardBus Bridge\u003e at device 6.0 on pci6\nJan  5 17:41:18 iwix kernel: cardbus0: \u003cCardBus bus\u003e on cbb0\nJan  5 17:41:18 iwix kernel: pccard0: \u003c16-bit PCCard bus\u003e on cbb0\nJan  5 17:41:18 iwix kernel: pci6: \u003cmemory, flash\u003e at device 6.1 (no driver attached)\nJan  5 17:41:18 iwix kernel: pci6: \u003cbase peripheral\u003e at device 6.2 (no driver attached)\nJan  5 17:41:18 iwix kernel: rl0: \u003cRealTek 8139 10/100BaseTX\u003e port 0xa000-0xa0ff mem 0xb0008000-0xb00\n080ff irq 10 at device 7.0 on pci6\nJan  5 17:41:18 iwix kernel: miibus0: \u003cMII bus\u003e on rl0\nJan  5 17:41:18 iwix kernel: rlphy0: \u003cRealTek internal media interface\u003e on miibus0\nJan  5 17:41:18 iwix kernel: rlphy0:  10baseT, 10baseT-FDX, 100baseTX, 100baseTX-FDX, auto\nJan  5 17:41:18 iwix kernel: rl0: Ethernet address: 00:03:9d:75:b0:07\nJan  5 17:41:18 iwix kernel: fwohci0: \u003cTexas Instruments TSB43AB21/A/AI/A-EP\u003e mem 0xb0000000-0xb00007\nff,0xb0004000-0xb0007fff irq 9 at device 10.0 on pci6\nJan  5 17:41:18 iwix kernel: fwohci0: OHCI version 1.10 (ROM=0)\nJan  5 17:41:18 iwix kernel: fwohci0: No. of Isochronous channels is 4.\nJan  5 17:41:18 iwix kernel: fwohci0: EUI64 00:08:0d:03:9d:75:b0:07\nJan  5 17:41:18 iwix kernel: fwohci0: Phy 1394a available S400, 1 ports.\nJan  5 17:41:18 iwix kernel: fwohci0: Link S400, max_rec 2048 bytes.\nJan  5 17:41:18 iwix kernel: firewire0: \u003cIEEE1394(FireWire) bus\u003e on fwohci0\nJan  5 17:41:18 iwix kernel: fwe0: \u003cEthernet over FireWire\u003e on firewire0\nJan  5 17:41:18 iwix kernel: if_fwe0: Fake Ethernet address: 02:08:0d:75:b0:07\nJan  5 17:41:18 iwix kernel: fwe0: Ethernet address: 02:08:0d:75:b0:07\nJan  5 17:41:18 iwix kernel: fwe0: if_start running deferred for Giant\nJan  5 17:41:18 iwix kernel: sbp0: \u003cSBP-2/SCSI over FireWire\u003e on firewire0\nJan  5 17:41:18 iwix kernel: fwohci0: Initiate bus reset\nJan  5 17:41:18 iwix kernel: fwohci0: node_id=0xc000ffc0, gen=1, CYCLEMASTER mode\nJan  5 17:41:18 iwix kernel: firewire0: 1 nodes, maxhop \u003c= 0, cable IRM = 0 (me)\nJan  5 17:41:18 iwix kernel: firewire0: bus manager 0 (me)\nJan  5 17:41:18 iwix kernel: pcm0: \u003cIntel ICH6 (82801FB)\u003e port 0xe000-0xe0ff,0xe100-0xe13f mem 0xd000\n0000-0xd00001ff,0xd0000200-0xd00002ff irq 10 at device 30.2 on pci0\nJan  5 17:41:18 iwix kernel: pcm0: \u003cAvance Logic ALC250 AC97 Codec\u003e\nJan  5 17:41:18 iwix kernel: pci0: \u003csimple comms, generic modem\u003e at device 30.3 (no driver attached)\nJan  5 17:41:18 iwix kernel: isab0: \u003cPCI-ISA bridge\u003e at device 31.0 on pci0\nJan  5 17:41:18 iwix kernel: isa0: \u003cISA bus\u003e on isab0\nJan  5 17:41:18 iwix kernel: atapci0: \u003cIntel ICH6M SATA150 controller\u003e port 0x1f0-0x1f7,0x3f6,0x170-0\nx177,0x376,0x1100-0x110f at device 31.2 on pci0\nJan  5 17:41:18 iwix kernel: ata0: \u003cATA channel 0\u003e on atapci0\nJan  5 17:41:18 iwix kernel: ata1: \u003cATA channel 1\u003e on atapci0\nJan  5 17:41:18 iwix kernel: acpi_tz0: \u003cThermal Zone\u003e on acpi0\nJan  5 17:41:18 iwix kernel: acpi_tz1: \u003cThermal Zone\u003e on acpi0\nJan  5 17:41:18 iwix kernel: atkbdc0: \u003cKeyboard controller (i8042)\u003e port 0x60,0x64 irq 1 on acpi0\nJan  5 17:41:18 iwix kernel: atkbd0: \u003cAT Keyboard\u003e irq 1 on atkbdc0\nJan  5 17:41:18 iwix kernel: kbd0 at atkbd0\nJan  5 17:41:18 iwix kernel: atkbd0: [GIANT-LOCKED]\nJan  5 17:41:18 iwix kernel: psm0: \u003cPS/2 Mouse\u003e irq 12 on atkbdc0\nJan  5 17:41:18 iwix kernel: psm0: [GIANT-LOCKED]\nJan  5 17:41:18 iwix kernel: psm0: model Generic PS/2 mouse, device ID 0\nJan  5 17:41:18 iwix kernel: pmtimer0 on isa0\nJan  5 17:41:18 iwix kernel: orm0: \u003cISA Option ROMs\u003e at iomem 0xc0000-0xcffff,0xe0000-0xe1fff,0xe5000\n-0xe5fff,0xeb000-0xeffff pnpid ORM0000 on isa0\nJan  5 17:41:18 iwix kernel: ppc0: parallel port not found.\nJan  5 17:41:18 iwix kernel: sc0: \u003cSystem console\u003e at flags 0x100 on isa0\nJan  5 17:41:18 iwix kernel: sc0: VGA \u003c16 virtual consoles, flags=0x300\u003e\nJan  5 17:41:18 iwix kernel: sio0: configured irq 4 not in bitmap of probed irqs 0\nJan  5 17:41:18 iwix kernel: sio0: port may not be enabled\nJan  5 17:41:18 iwix kernel: sio0: configured irq 4 not in bitmap of probed irqs 0\nJan  5 17:41:18 iwix kernel: sio0: port may not be enabled\nJan  5 17:41:18 iwix kernel: sio0 at port 0x3f8-0x3ff irq 4 flags 0x10 on isa0\nJan  5 17:41:18 iwix kernel: sio0: type 8250 or not responding\nJan  5 17:41:18 iwix kernel: sio0: [FAST]\nJan  5 17:41:18 iwix kernel: sio1: configured irq 3 not in bitmap of probed irqs 0\nJan  5 17:41:18 iwix kernel: sio1: port may not be enabled\nJan  5 17:41:18 iwix kernel: vga0: \u003cGeneric ISA VGA\u003e at port 0x3c0-0x3df iomem 0xa0000-0xbffff on isa\n0\nJan  5 17:41:18 iwix kernel: ums0: \u003cLogitech USB-PS/2 Optical Mouse, class 0/0, rev 2.00/20.00, addr \n2\u003e on uhub1\nJan  5 17:41:18 iwix kernel: ums0: 3 buttons and Z dir.\nJan  5 17:41:18 iwix kernel: Timecounter \"TSC\" frequency 1729010984 Hz quality 800\nJan  5 17:41:18 iwix kernel: Timecounters tick every 1.000 msec\nJan  5 17:41:18 iwix kernel: ad0: 57231MB \u003cFUJITSU MHV2060AT PL 000000A0\u003e at ata0-master SATA150\nJan  5 17:41:18 iwix kernel: acd0: DVDR \u003cHL-DT-ST DVD-RW GWA-4082N/CB03\u003e at ata1-master UDMA33\nJan  5 17:41:18 iwix kernel: umass0: \u003cvendor 0x0204 product 0x6025, class 0/0, rev 2.00/1.00, addr 2\u003e\n on uhub2\nJan  5 17:41:18 iwix kernel: Trying to mount root from ufs:/dev/ad0s1a\nJan  5 17:41:18 iwix kernel: (probe0:umass-sim0:0:0:0): Uninitialized Transport 5:1?\nJan  5 17:41:18 iwix kernel: da0 at umass-sim0 bus 0 target 0 lun 0\nJan  5 17:41:18 iwix kernel: da0: \u003cUSB2.0 Flash Disk 2.00\u003e Removable Direct Access SCSI-2 device \nJan  5 17:41:18 iwix kernel: da0: 40.000MB/s transfers\nJan  5 17:41:18 iwix kernel: da0: 997MB (2042880 512 byte sectors: 64H 32S/T 997C)\nJan  5 17:41:18 iwix kernel: (da0:umass-sim0:0:0:0): SYNCHRONIZE CACHE. CDB: 35 0 0 0 0 0 0 0 0 0 \nJan  5 17:41:18 iwix kernel: (da0:umass-sim0:0:0:0): NOT READY asc:3a,0\nJan  5 17:41:18 iwix kernel: (da0:umass-sim0:0:0:0): Medium not present\nJan  5 17:41:18 iwix kernel: (da0:umass-sim0:0:0:0): SYNCHRONIZE CACHE. CDB: 35 0 0 0 0 0 0 0 0 0 \nJan  5 17:41:18 iwix kernel: (da0:umass-sim0:0:0:0): NOT READY asc:3a,0\nJan  5 17:41:18 iwix kernel: (da0:umass-sim0:0:0:0): Medium not present\nJan  5 17:41:18 iwix kernel: (da0:umass-sim0:0:0:0): SYNCHRONIZE CACHE. CDB: 35 0 0 0 0 0 0 0 0 0 \nJan  5 17:41:18 iwix kernel: (da0:umass-sim0:0:0:0): NOT READY asc:3a,0\nJan  5 17:41:18 iwix kernel: (da0:umass-sim0:0:0:0): Medium not present\nJan  5 17:41:18 iwix kernel: (da0:umass-sim0:0:0:0): SYNCHRONIZE CACHE. CDB: 35 0 0 0 0 0 0 0 0 0 \nJan  5 17:41:18 iwix kernel: (da0:umass-sim0:0:0:0): NOT READY asc:3a,0\nJan  5 17:41:18 iwix kernel: (da0:umass-sim0:0:0:0): Medium not present\nJan  5 17:41:18 iwix kernel: (da0:umass-sim0:0:0:0): SYNCHRONIZE CACHE. CDB: 35 0 0 0 0 0 0 0 0 0 \nJan  5 17:41:18 iwix kernel: (da0:umass-sim0:0:0:0): NOT READY asc:3a,0\nJan  5 17:41:18 iwix kernel: (da0:umass-sim0:0:0:0): Medium not present\nJan  5 17:41:18 iwix kernel: (da0:umass-sim0:0:0:0): SYNCHRONIZE CACHE. CDB: 35 0 0 0 0 0 0 0 0 0 \nJan  5 17:41:18 iwix kernel: (da0:umass-sim0:0:0:0): NOT READY asc:3a,0\nJan  5 17:41:18 iwix kernel: (da0:umass-sim0:0:0:0): Medium not present\nJan  5 17:41:18 iwix kernel: (da0:umass-sim0:0:0:0): SYNCHRONIZE CACHE. CDB: 35 0 0 0 0 0 0 0 0 0 \nJan  5 17:41:18 iwix kernel: (da0:umass-sim0:0:0:0): NOT READY asc:3a,0\nJan  5 17:41:18 iwix kernel: (da0:umass-sim0:0:0:0): Medium not present\nJan  5 17:41:18 iwix savecore: no dumps found\nJan  5 17:41:25 iwix login: ROOT LOGIN (root) ON ttyv0\nJan  5 17:41:32 iwix kernel: : mount pending error: blocks -1 files -1\nJan  5 17:44:40 iwix syslogd: kernel boot file is /boot/kernel/kernel\n\nThere is no further entry that the machine immidiate reboot without any request!\n\nHow-To-Repeat: Try it (I wont try it any more ... I dont have a test machine)"
}