{
 "id": 396895,
 "bug_id": 113548,
 "attachment_id": 0,
 "creation_time": "2007-06-11T01:50:03Z",
 "creator": "littlesavage@orionet.ru",
 "text": "I got some system freezes and kernel panicks when i tried to use queues in ipfw. It occurs 1-2 times a day.\n\nThat is my rules:\n..\n02100 queue 105 ip from any to me in via vlan204\n02200 queue 150 tag 1 ip from 10.100.1.6 to any not tagged 1 out via vlan204\n02300 queue 140 tag 1 ip from me 8767,6667,411,4111,22 to any not tagged 1 out via vlan204\n02400 queue 130 tag 1 ip from me 80 to any not tagged 1 out via vlan204\n02500 queue 120 tag 1 ip from me to any not tagged 1 out via vlan204\n02600 queue 110 tag 1 ip from any to any not tagged 1 out via vlan204\n..\n\nWhen i use rule 2100 only, the kernel panics. When i use rules rules 2200-2600, its freezes. When i use all that rules, its panics and freezes. \n\n # ipfw pipe show\n00001:  32.000 Kbit/s    0 ms   50 sl. 1 queues (64 buckets) droptail\n    mask: 0x00 0x00000000/0x0000 -\u003e 0xffffffff/0x0000\nBKT Prot ___Source IP/port____ ____Dest. IP/port____ Tot_pkt/bytes Pkt/Byte Drp\n  5 ip           0.0.0.0/0        10.100.39.13/0        6      288  0    0   0\n00002:  32.000 Kbit/s    0 ms   50 sl. 0 queues (64 buckets) droptail\n00100:  50.000 Mbit/s    0 ms   50 sl. 0 queues (1 buckets) droptail\n00105:  50.000 Mbit/s    0 ms   50 sl. 0 queues (1 buckets) droptail\nq00140: weight 80 pipe 100   50 sl. 0 queues (1 buckets) droptail\nq00110: weight 10 pipe 100   50 sl. 0 queues (1 buckets) droptail\nq00130: weight 70 pipe 100   50 sl. 0 queues (1 buckets) droptail\nq00150: weight 100 pipe 100   50 sl. 0 queues (1 buckets) droptail\nq00120: weight 10 pipe 100   50 sl. 1 queues (1 buckets) droptail\n    mask: 0x00 0x00000000/0x0000 -\u003e 0x00000000/0x0000\nq00105: weight 50 pipe 105   50 sl. 1 queues (1 buckets) droptail\n    mask: 0x00 0x00000000/0x0000 -\u003e 0x00000000/0x0000\n\nOnce I could reproduce the same kernel panic on different machine with the following configuration:\n\ndmesg:\nFreeBSD switch1.orionet.ru 6.2-STABLE FreeBSD 6.2-STABLE #0: Thu Jun  7 21:27:46 MSD 2007     littlesavage@switch1.orionet.ru:/usr/obj/usr/src/sys/VOIP  i386\n# dmesg\nCopyright (c) 1992-2007 The FreeBSD Project.\nCopyright (c) 1979, 1980, 1983, 1986, 1988, 1989, 1991, 1992, 1993, 1994\n        The Regents of the University of California. All rights reserved.\nFreeBSD is a registered trademark of The FreeBSD Foundation.\nFreeBSD 6.2-STABLE #0: Thu Jun  7 21:27:46 MSD 2007\n    littlesavage@switch1.orionet.ru:/usr/obj/usr/src/sys/VOIP\nWARNING: WITNESS option enabled, expect reduced performance.\nmodule_register: module g_concat already exists!\nModule g_concat failed to register: 17\nmodule_register: module g_label already exists!\nModule g_label failed to register: 17\nACPI APIC Table: \u003cDELL   WS 420 \u003e\nTimecounter \"i8254\" frequency 1193182 Hz quality 0\nCPU: Intel Pentium III (930.96-MHz 686-class CPU)\n  Origin = \"GenuineIntel\"  Id = 0x686  Stepping = 6\n  Features=0x383fbff\u003cFPU,VME,DE,PSE,TSC,MSR,PAE,MCE,CX8,APIC,SEP,MTRR,PGE,MCA,CMOV,PAT,PSE36,MMX,FXSR,SSE\u003e\nreal memory  = 536469504 (511 MB)\navail memory = 515223552 (491 MB)\nFreeBSD/SMP: Multiprocessor System Detected: 2 CPUs\n cpu0 (BSP): APIC ID:  0\n cpu1 (AP): APIC ID:  1\nioapic0: Changing APIC ID to 2\nioapic0 \u003cVersion 2.0\u003e irqs 0-23 on motherboard\nkbd1 at kbdmux0\nacpi0: \u003cDELL WS 420 \u003e on motherboard\nacpi0: Power Button (fixed)\nTimecounter \"ACPI-fast\" frequency 3579545 Hz quality 1000\nacpi_timer0: \u003c24-bit timer at 3.579545MHz\u003e port 0x808-0x80b on acpi0\ncpu0: \u003cACPI CPU\u003e on acpi0\ncpu1: \u003cACPI CPU\u003e on acpi0\npcib0: \u003cACPI Host-PCI bridge\u003e port 0xcf8-0xcff on acpi0\npci0: \u003cACPI PCI bus\u003e on pcib0\npcib1: \u003cPCI-PCI bridge\u003e at device 1.0 on pci0\npci1: \u003cPCI bus\u003e on pcib1\npci1: \u003cdisplay, VGA\u003e at device 0.0 (no driver attached)\npcib2: \u003cACPI PCI-PCI bridge\u003e at device 30.0 on pci0\npci2: \u003cACPI PCI bus\u003e on pcib2\nxl0: \u003c3Com 3c905C-TX Fast Etherlink XL\u003e port 0xec80-0xecff mem 0xf9fffc00-0xf9fffc7f irq 16 at device 4.0 on pci2\nmiibus0: \u003cMII bus\u003e on xl0\nxlphy0: \u003c3c905C 10/100 internal PHY\u003e on miibus0\nxlphy0:  10baseT, 10baseT-FDX, 100baseTX, 100baseTX-FDX, auto\nxl0: Ethernet address: 00:b0:d0:3e:37:0e\npci2: \u003cnetwork\u003e at device 9.0 (no driver attached)\npcib3: \u003cPCI-PCI bridge\u003e at device 14.0 on pci2\npci3: \u003cPCI bus\u003e on pcib3\nisab0: \u003cPCI-ISA bridge\u003e at device 31.0 on pci0\nisa0: \u003cISA bus\u003e on isab0\natapci0: \u003cIntel ICH UDMA66 controller\u003e port 0x1f0-0x1f7,0x3f6,0x170-0x177,0x376,0xffa0-0xffaf at device 31.1 on pci0\nata0: \u003cATA channel 0\u003e on atapci0\nata1: \u003cATA channel 1\u003e on atapci0\nuhci0: \u003cIntel 82801AA (ICH) USB controller\u003e port 0xff80-0xff9f irq 19 at device 31.2 on pci0\nuhci0: [GIANT-LOCKED]\nusb0: \u003cIntel 82801AA (ICH) USB controller\u003e on uhci0\nusb0: USB revision 1.0\nuhub0: Intel UHCI root hub, class 9/0, rev 1.00/1.00, addr 1\nuhub0: 2 ports with 2 removable, self powered\npci0: \u003cserial bus, SMBus\u003e at device 31.3 (no driver attached)\nfdc0: \u003cfloppy drive controller\u003e port 0x3f0-0x3f5,0x3f7 irq 6 drq 2 on acpi0\nfdc0: does not respond\ndevice_attach: fdc0 attach returned 6\natkbdc0: \u003cKeyboard controller (i8042)\u003e port 0x60,0x64 irq 1 on acpi0\natkbd0: \u003cAT Keyboard\u003e irq 1 on atkbdc0\nkbd0 at atkbd0\natkbd0: [GIANT-LOCKED]\nsio0: \u003c16550A-compatible COM port\u003e port 0x3f8-0x3ff irq 4 flags 0x10 on acpi0\nsio0: type 16550A\nsio1: \u003c16550A-compatible COM port\u003e port 0x2f8-0x2ff irq 3 on acpi0\nsio1: type 16550A\nppc0: \u003cECP parallel printer port\u003e port 0x378-0x37f,0x778-0x77f irq 7 on acpi0\nppc0: SMC-like chipset (ECP/EPP/PS2/NIBBLE) in COMPATIBLE mode\nppc0: FIFO with 16/16/8 bytes threshold\nppbus0: \u003cParallel port bus\u003e on ppc0\nplip0: \u003cPLIP network interface\u003e on ppbus0\nlpt0: \u003cPrinter\u003e on ppbus0\nlpt0: Interrupt-driven port\nppi0: \u003cParallel I/O\u003e on ppbus0\nfdc0: \u003cfloppy drive controller\u003e port 0x3f0-0x3f5,0x3f7 irq 6 drq 2 on acpi0\nfdc0: does not respond\ndevice_attach: fdc0 attach returned 6\npmtimer0 on isa0\norm0: \u003cISA Option ROMs\u003e at iomem 0xc0000-0xc97ff,0xc9800-0xcbfff on isa0\nsc0: \u003cSystem console\u003e at flags 0x100 on isa0\nsc0: VGA \u003c16 virtual consoles, flags=0x300\u003e\nvga0: \u003cGeneric ISA VGA\u003e at port 0x3c0-0x3df iomem 0xa0000-0xbffff on isa0\nTimecounters tick every 1.000 msec\nipfw2 initialized, divert enabled, rule-based forwarding enabled, default to deny, logging limited to 100 packets/entry by default\nThe GEOM class CONCAT is already loaded.\nThe GEOM class LABEL is already loaded.\nad0: 58643MB \u003cIC35L060AVV207 0 V22OA66A\u003e at ata0-master UDMA66\nacd0: CDROM \u003cLite-On LTN483S 48x Max/PD02\u003e at ata1-master PIO4\nSMP: AP CPU #1 Launched!\n\nifconfig:\nxl0: flags=8843\u003cUP,BROADCAST,RUNNING,SIMPLEX,MULTICAST\u003e mtu 1500\n        options=9\u003cRXCSUM,VLAN_MTU\u003e\n        inet 10.100.6.7 netmask 0xffffff00 broadcast 10.100.6.255\n        ether 00:b0:d0:3e:37:0e\n        media: Ethernet autoselect (100baseTX \u003cfull-duplex\u003e)\n        status: active\n\nipfw rules:\n00010 allow ip from 10.100.1.1 to me\n00011 allow ip from me to 10.100.1.1\n00100 allow ip from any to any via lo0\n00200 deny ip from any to 127.0.0.0/8\n00300 deny ip from 127.0.0.0/8 to any\n00400 deny ip from any to any dst-port 135-139,445\n00500 deny log logamount 100 ip from any to 0.0.0.0/8\n00600 deny log logamount 100 ip from any to 169.254.0.0/16\n00700 deny log logamount 100 ip from any to 192.0.2.0/24\n00800 deny log logamount 100 ip from any to 198.18.0.0/15\n00900 deny log logamount 100 ip from any to 224.0.0.0/4\n01000 deny log logamount 100 ip from any to 240.0.0.0/4\n01700 queue 105 ip from any to me in via xl0\n01800 queue 150 tag 1 ip from 10.100.1.6 to any not tagged 1 out via xl0\n01900 queue 140 tag 1 ip from me 8767,6667,411,4111,22 to any not tagged 1 out via xl0\n02000 queue 130 tag 1 ip from me 80 to any not tagged 1 out via xl0\n02100 queue 120 tag 1 ip from me to any not tagged 1 out via xl0\n02200 queue 110 tag 1 ip from any to any not tagged 1 out via xl0\n02300 allow ip from any to me\n02400 allow ip from me to any\n\npipes:\n\n00100:  50.000 Mbit/s    0 ms  100 sl. 0 queues (1 buckets) \n          GRED w_q 0.001999 min_th 10 max_th 30 max_p 0.099991\n00105:  50.000 Mbit/s    0 ms  100 sl. 0 queues (1 buckets) \n          GRED w_q 0.001999 min_th 10 max_th 30 max_p 0.099991\nq00140: weight 80 pipe 100  100 sl. 1 queues (1 buckets) \n          GRED w_q 0.001999 min_th 10 max_th 30 max_p 0.099991\n    mask: 0x00 0x00000000/0x0000 -\u003e 0x00000000/0x0000\nq00110: weight 1 pipe 100  100 sl. 0 queues (1 buckets) \n          GRED w_q 0.001999 min_th 10 max_th 30 max_p 0.099991\nq00130: weight 70 pipe 100  100 sl. 0 queues (1 buckets) \n          GRED w_q 0.001999 min_th 10 max_th 30 max_p 0.099991\nq00150: weight 100 pipe 100  100 sl. 0 queues (1 buckets) \n          GRED w_q 0.001999 min_th 10 max_th 30 max_p 0.099991\nq00120: weight 10 pipe 100  100 sl. 1 queues (1 buckets) \n          GRED w_q 0.001999 min_th 10 max_th 30 max_p 0.099991\n    mask: 0x00 0x00000000/0x0000 -\u003e 0x00000000/0x0000\nq00105: weight 50 pipe 105  100 sl. 1 queues (1 buckets) \n          GRED w_q 0.001999 min_th 10 max_th 30 max_p 0.099991\n    mask: 0x00 0x00000000/0x0000 -\u003e 0x00000000/0x0000\n\nkgdb:\n[GDB will not be able to debug user-mode threads: /usr/lib/libthread_db.so: Undefined symbol \"ps_pglobal_lookup\"]\nGNU gdb 6.1.1 [FreeBSD]\nCopyright 2004 Free Software Foundation, Inc.\nGDB is free software, covered by the GNU General Public License, and you are\nwelcome to change it and/or distribute copies of it under certain conditions.\nType \"show copying\" to see the conditions.\nThere is absolutely no warranty for GDB.  Type \"show warranty\" for details.\nThis GDB was configured as \"i386-marcel-freebsd\".\n\nUnread portion of the kernel message buffer:\n\ndummynet: 1657171 q:  0 dummynet: avg: 0 dummynet: waking up pipe 105 at 1\n\ndummynet: 1657171 q:  0 dummynet: avg: 0 dummynet: waking up pipe 105 at 1\nLimiting icmp ping response from 275 to 200 packets/sec\n\ndummynet: 1657171 q:  0 dummynet: avg: 0 dummynet: waking up pipe 100 at 8\n\ndummynet: 1657243 q:  7 dummynet: avg: 0 \ndummynet: 1657243 q:  0 dummynet: avg: 0 dummynet: waking up pipe 105 at 1\n\ndummynet: 1657243 q:  8 dummynet: avg: 0 panic: packet on dummynet queue w/o dummynet tag!\ncpuid = 0\nKDB: stack backtrace:\nkdb_backtrace(100,c3314600,25,0,0,...) at kdb_backtrace+0x29\npanic(c078e685,de7cac90,c060463c,c3be4700,d398b380,...) at panic+0x114\ndn_tag_get(c3be4700,d398b380,0,c05a3fea,c0860e78,...) at dn_tag_get+0x24\nready_event_wfq(c34fba00,de7cacac,de7cacb0) at ready_event_wfq+0x4a4\ndummynet_task(0,1) at dummynet_task+0x23f\ntaskqueue_run(c358be80) at taskqueue_run+0xc8\ntaskqueue_thread_loop(c08a1070,de7cad38,c08a1070,c05a0514,0,...) at taskqueue_thread_loop+0x4a\nfork_exit(c05a0514,c08a1070,de7cad38) at fork_exit+0xa0\nfork_trampoline() at fork_trampoline+0x8\n--- trap 0x1, eip = 0, esp = 0xde7cad6c, ebp = 0 ---\nUptime: 27m38s\nDumping 511 MB (2 chunks)\n  chunk 0: 1MB (159 pages) ... ok\n  chunk 1: 511MB (130718 pages) 495 479 463 447 431 415 399 383 367 351 335 319 303 287 271 255 239 223 207 191 175 159 143 127 111 95 79 63 47 31 15\n\n#0  doadump () at pcpu.h:165\n165             __asm __volatile(\"movl %%fs:0,%0\" : \"=r\" (td));\n\nbt\n#0  doadump () at pcpu.h:165\n#1  0xc0580738 in boot (howto=260) at /usr/src/sys/kern/kern_shutdown.c:409\n#2  0xc0580a4d in panic (fmt=0xc078e685 \"packet on dummynet queue w/o dummynet tag!\")\n    at /usr/src/sys/kern/kern_shutdown.c:565\n#3  0xc0603ea8 in dn_tag_get (m=0x0) at /usr/src/sys/netinet/ip_dummynet.c:437\n#4  0xc060463c in ready_event_wfq (p=0xc34fba00, head=0xde7cacac, tail=0xde7cacb0) at /usr/src/sys/netinet/ip_dummynet.c:703\n#5  0xc06048ef in dummynet_task (context=0x0, pending=0) at /usr/src/sys/netinet/ip_dummynet.c:803\n#6  0xc05a01d4 in taskqueue_run (queue=0xc358be80) at /usr/src/sys/kern/subr_taskqueue.c:257\n#7  0xc05a055e in taskqueue_thread_loop (arg=0x0) at /usr/src/sys/kern/subr_taskqueue.c:376\n#8  0xc056b8c4 in fork_exit (callout=0xc05a0514 \u003ctaskqueue_thread_loop\u003e, arg=0xc08a1070, frame=0xde7cad38)\n    at /usr/src/sys/kern/kern_fork.c:821\n#9  0xc072af7c in fork_trampoline () at /usr/src/sys/i386/i386/exception.s:208\n(kgdb) up 4\n#4  0xc060463c in ready_event_wfq (p=0xc34fba00, head=0xde7cacac, tail=0xde7cacb0) at /usr/src/sys/netinet/ip_dummynet.c:703\n703             dn_tag_get(p-\u003etail)-\u003eoutput_time += t ;\n(kgdb) p *p\n$1 = {next = {sle_next = 0x0}, pipe_nr = 100, bandwidth = 50000000, delay = 0, head = 0x0, tail = 0xc3be4700, \n  scheduler_heap = {size = 16, elements = 1, offset = 0, p = 0xc39eca00}, not_eligible_heap = {size = 16, elements = 0, \n    offset = 0, p = 0xc3721e00}, idle_heap = {size = 16, elements = 0, offset = 124, p = 0xc39ece00}, V = 550502, sum = 10, \n  numbytes = -1840590592, sched_time = 1657235, if_name = '\\0' \u003crepeats 15 times\u003e, ifp = 0x0, ready = 0, fs = {next = {\n      sle_next = 0x0}, fs_nr = 0, flags_fs = 6, pipe = 0xc34fba00, parent_nr = 0, weight = 0, qsize = 100, plr = 0, \n    flow_mask = {dst_ip = 0, src_ip = 0, dst_port = 0, src_port = 0, proto = 0 '\\0', flags = 0 '\\0', addr_type = 0 '\\0', \n      dst_ip6 = {__u6_addr = {__u6_addr8 = '\\0' \u003crepeats 15 times\u003e, __u6_addr16 = {0, 0, 0, 0, 0, 0, 0, 0}, __u6_addr32 = {\n            0, 0, 0, 0}}}, src_ip6 = {__u6_addr = {__u6_addr8 = '\\0' \u003crepeats 15 times\u003e, __u6_addr16 = {0, 0, 0, 0, 0, 0, \n            0, 0}, __u6_addr32 = {0, 0, 0, 0}}}, flow_id6 = 0, frag_id6 = 0}, rq_size = 1, rq_elements = 0, \n    rq = 0xc3603840, last_expired = 0, backlogged = 0, w_q = 131, max_th = 1966080, min_th = 655360, max_p = 6553, \n    c_1 = 327, c_2 = 3270, c_3 = 1966, c_4 = 52430, w_q_lookup = 0xc34da400, lookup_depth = 256, lookup_step = 1, \n    lookup_weight = 65274, avg_pkt_size = 512, max_pkt_size = 1500}}\n\nBut the main problem is the system with following configuration:\n# dmesg\nCopyright (c) 1992-2007 The FreeBSD Project.\nCopyright (c) 1979, 1980, 1983, 1986, 1988, 1989, 1991, 1992, 1993, 1994\n        The Regents of the University of California. All rights reserved.\nFreeBSD is a registered trademark of The FreeBSD Foundation.\nFreeBSD 6.2-STABLE #5: Mon Jun 11 02:31:15 MSD 2007\n    littlesavage@ftp.orionet.ru:/usr/obj/usr/src/sys/FTP\nWARNING: WITNESS option enabled, expect reduced performance.\nACPI APIC Table: \u003cNvidia AWRDACPI\u003e\nTimecounter \"i8254\" frequency 1193182 Hz quality 0\nCPU: AMD Athlon(tm) 64 Processor 3200+ (2009.18-MHz 686-class CPU)\n  Origin = \"AuthenticAMD\"  Id = 0x20ff0  Stepping = 0\n  Features=0x78bfbff\u003cFPU,VME,DE,PSE,TSC,MSR,PAE,MCE,CX8,APIC,SEP,MTRR,PGE,MCA,CMOV,PAT,PSE36,CLFLUSH,MMX,FXSR,SSE,SSE2\u003e\n  Features2=0x1\u003cSSE3\u003e\n  AMD Features=0xe2500800\u003cSYSCALL,NX,MMX+,FFXSR,LM,3DNow+,3DNow\u003e\n  AMD Features2=0x1\u003cLAHF\u003e\nreal memory  = 536805376 (511 MB)\navail memory = 515809280 (491 MB)\nioapic0 \u003cVersion 1.1\u003e irqs 0-23 on motherboard\nkbd1 at kbdmux0\nacpi0: \u003cNvidia AWRDACPI\u003e on motherboard\nacpi0: Power Button (fixed)\nTimecounter \"ACPI-fast\" frequency 3579545 Hz quality 1000\nacpi_timer0: \u003c24-bit timer at 3.579545MHz\u003e port 0x4008-0x400b on acpi0\ncpu0: \u003cACPI CPU\u003e on acpi0\nacpi_button0: \u003cPower Button\u003e on acpi0\npcib0: \u003cACPI Host-PCI bridge\u003e port 0xcf8-0xcff,0xcf0-0xcf3 on acpi0\npci0: \u003cACPI PCI bus\u003e on pcib0\nisab0: \u003cPCI-ISA bridge\u003e at device 1.0 on pci0\nisa0: \u003cISA bus\u003e on isab0\npci0: \u003cserial bus, SMBus\u003e at device 1.1 (no driver attached)\natapci0: \u003cnVidia nForce3 Pro UDMA133 controller\u003e port 0x1f0-0x1f7,0x3f6,0x170-0x177,0x376,0xf000-0xf00f at device 8.0 on pci0\nata0: \u003cATA channel 0\u003e on atapci0\nata1: \u003cATA channel 1\u003e on atapci0\natapci1: \u003cnVidia nForce3 Pro SATA150 controller\u003e port 0x9f0-0x9f7,0xbf0-0xbf3,0x970-0x977,0xb70-0xb73,0xe000-0xe00f,0xe400-0xe47f irq 20 at device 10.0 on pci0\nata2: \u003cATA channel 0\u003e on atapci1\nata3: \u003cATA channel 1\u003e on atapci1\npcib1: \u003cACPI PCI-PCI bridge\u003e at device 11.0 on pci0\npci1: \u003cACPI PCI bus\u003e on pcib1\npcib2: \u003cACPI PCI-PCI bridge\u003e at device 14.0 on pci0\npci2: \u003cACPI PCI bus\u003e on pcib2\natapci2: \u003cVIA 6421 SATA150 controller\u003e port 0xa000-0xa00f,0xa400-0xa40f,0xa800-0xa80f,0xac00-0xac0f,0xb000-0xb01f,0xb400-0xb4ff irq 19 at device 7.0 on pci2\nata4: \u003cATA channel 0\u003e on atapci2\nata5: \u003cATA channel 1\u003e on atapci2\nskc0: \u003cD-Link DGE-530T Gigabit Ethernet\u003e port 0xb800-0xb8ff mem 0xf1000000-0xf1003fff irq 18 at device 10.0 on pci2\nskc0: DGE-530T Gigabit Ethernet Adapter rev. (0x9)\nsk0: \u003cMarvell Semiconductor, Inc. Yukon\u003e on skc0\nsk0: Ethernet address: 00:17:9a:06:16:43\nmiibus0: \u003cMII bus\u003e on sk0\ne1000phy0: \u003cMarvell 88E1011 Gigabit PHY\u003e on miibus0\ne1000phy0:  10baseT, 10baseT-FDX, 100baseTX, 100baseTX-FDX, 1000baseTX-FDX, auto\nacpi_tz0: \u003cThermal Zone\u003e on acpi0\nsio0: \u003c16550A-compatible COM port\u003e port 0x3f8-0x3ff irq 4 flags 0x10 on acpi0\nsio0: type 16550A, console\nsio1: \u003c16550A-compatible COM port\u003e port 0x2f8-0x2ff irq 3 on acpi0\nsio1: type 16550A\npmtimer0 on isa0\norm0: \u003cISA Option ROM\u003e at iomem 0xc8000-0xccfff on isa0\natkbdc0: \u003cKeyboard controller (i8042)\u003e at port 0x60,0x64 on isa0\natkbd0: \u003cAT Keyboard\u003e irq 1 on atkbdc0\nkbd0 at atkbd0\natkbd0: [GIANT-LOCKED]\nppc0: parallel port not found.\nTimecounter \"TSC\" frequency 2009175908 Hz quality 800\nTimecounters tick every 1.000 msec\nipfw2 initialized, divert enabled, rule-based forwarding enabled, default to deny, logging limited to 100 packets/entry by default\n\nifconfig:\nsk0: flags=8843\u003cUP,BROADCAST,RUNNING,SIMPLEX,MULTICAST\u003e mtu 1500\n        options=b\u003cRXCSUM,TXCSUM,VLAN_MTU\u003e\n        inet 10.100.2.9 netmask 0xffffff00 broadcast 10.100.2.255\n        ether 00:17:9a:06:16:43\n        media: Ethernet autoselect (1000baseTX \u003cfull-duplex\u003e)\n        status: active\nvlan204: flags=8843\u003cUP,BROADCAST,RUNNING,SIMPLEX,MULTICAST\u003e mtu 1500\n        inet 10.100.14.9 netmask 0xffffff00 broadcast 10.100.14.255\n        ether 00:17:9a:06:16:43\n        media: Ethernet autoselect (1000baseTX \u003cfull-duplex\u003e)\n        status: active\n        vlan: 204 parent interface: sk0\n\nkernel config:\nmachine         i386\n#cpu            I486_CPU\n#cpu            I586_CPU\ncpu             I686_CPU\nident           FTP\n\nmakeoptions     DEBUG=-g                # Build kernel with gdb(1) debug symbols \noptions         KDB\noptions         DDB\noptions         BREAK_TO_DEBUGGER\noptions         KDB_TRACE\noptions         KDB_UNATTENDED\noptions         DEVICE_POLLING\noptions         WITNESS\n#options         WITNESS_SKIPSPIN\noptions         INVARIANTS\noptions         INVARIANT_SUPPORT\noptions         GEOM_LABEL\noptions         GEOM_CONCAT\noptions         SCHED_4BSD\noptions         HZ=2000\n\nI try to use the following patch (don't know how it correct). Kernel panics end off, but freezes are not.\n\n--- ip_dummynet.c_orig  Sun Jun 10 20:19:33 2007\n+++ ip_dummynet.c       Mon Jun 11 03:56:54 2007\n@@ -490,7 +490,8 @@\n                 * whole pipe p and hoping in the future we are more successful.\n                 */\n                heap_insert(\u0026extract_heap, pkt-\u003eoutput_time, pipe);\n-       }\n+       }else\n+               pipe-\u003etail = NULL;\n }\n \n /*\n@@ -700,7 +701,8 @@\n \n        if (p-\u003ebandwidth \u003e 0)\n            t = ( p-\u003ebandwidth -1 - p-\u003enumbytes) / p-\u003ebandwidth ;\n-       dn_tag_get(p-\u003etail)-\u003eoutput_time += t ;\n+       if (p-\u003ehead != NULL)\n+               dn_tag_get(p-\u003etail)-\u003eoutput_time += t ;\n        p-\u003esched_time = curr_time ;\n        heap_insert(\u0026wfq_ready_heap, curr_time + t, (void *)p);\n        /* XXX should check errors on heap_insert, and drain the whole\n\nWhen i use only pipes and not use queues, every tings work fine.\n\nHow-To-Repeat: Make 1-2 queues in 50Mbit/s pipe, load it with some traffic and wait one day."
}