{
 "id": 609323,
 "bug_id": 156799,
 "attachment_id": 0,
 "creation_time": "2011-05-03T19:00:39Z",
 "creator": "lacombar@gmail.com",
 "text": "non-INVARIANTS kernel boot fine. Here is the relevant dmesg portion:\n\nCPU: Pentium III/Pentium III Xeon/Celeron (2666.72-MHz 686-class CPU)\n  Origin = \"GenuineIntel\"  Id = 0x1067a  Family = 6  Model = 17  Stepping = 10\n  Features=0xbfebfbff\u003cFPU,VME,DE,PSE,TSC,MSR,PAE,MCE,CX8,APIC,SEP,MTRR,PGE,MCA,CMOV,PAT,PSE36,CLFLUSH,DTS,ACPI,MMX,FXSR,SSE,SSE2,SS,HTT,TM,PBE\u003e\n  Features2=0x408e3fd\u003cSSE3,DTES64,MON,DS_CPL,VMX,SMX,EST,TM2,SSSE3,CX16,xTPR,PDCM,SSE4.1,XSAVE\u003e\n  AMD Features=0x20100000\u003cNX,LM\u003e\n  AMD Features2=0x1\u003cLAHF\u003e\n  TSC: P-state invariant, performance statistics\nreal memory  = 2147483648 (2048 MB)\navail memory = 2084610048 (1988 MB)\nMPTable: \u003cOEM00000 PROD00000000\u003e\nEvent timer \"LAPIC\" quality 400\nFreeBSD/SMP: Multiprocessor System Detected: 4 CPUs\nFreeBSD/SMP: 1 package(s) x 4 core(s)\n cpu0 (BSP): APIC ID:  0\n cpu1 (AP): APIC ID:  1\n cpu2 (AP): APIC ID:  2\n cpu3 (AP): APIC ID:  3\nioapic0: Changing APIC ID to 4\nioapic0: Assuming intbase of 0\nioapic0 \u003cVersion 2.0\u003e irqs 0-23 on motherboard\nkbd0 at kbdmux0\npcib0: \u003cMPTable Host-PCI bridge\u003e pcibus 0 on motherboard\npci0: \u003cPCI bus\u003e on pcib0\nvgapci0: \u003cVGA-compatible display\u003e port 0xff00-0xff07 mem\n0xfdf00000-0xfdf7ffff,0xd0000000-0xdfffffff,0xfd400000-0xfd4fffff irq\n16 at device 2.0 on pci0\npci0: \u003cserial bus, USB\u003e at device 26.0 (no driver attached)\npci0: \u003cserial bus, USB\u003e at device 26.1 (no driver attached)\npci0: \u003cserial bus, USB\u003e at device 26.2 (no driver attached)\npci0: \u003cserial bus, USB\u003e at device 26.7 (no driver attached)"
}