{
 "id": 984587,
 "bug_id": 222908,
 "attachment_id": 0,
 "creation_time": "2018-03-27T18:42:06Z",
 "creator": "h2+fbsdports@fsfe.org",
 "text": "Just ran into this, as well, I have set the hpet hint, but I now I am stuck at atrtc0\n\nAny help would be appreciated, thanks a lot!\n\nThis is the dmesg:\n\nCPU: Intel(R) Celeron(R) CPU J3455 @ 1.50GHz (1497.67-MHz K8-class CPU)\n  Origin=\"GenuineIntel\"  Id=0x506c9  Family=0x6  Model=0x5c  Stepping=9\n  Features=0xbfebfbff\u003cFPU,VME,DE,PSE,TSC,MSR,PAE,MCE,CX8,APIC,SEP,MTRR,PGE,MCA,CMOV,PAT,PSE36,CLFLUSH,DTS,ACPI,MMX,FXSR,SSE,SSE2,SS,HTT,TM,PBE\u003e\n  Features2=0x4ff8ebbf\u003cSSE3,PCLMULQDQ,DTES64,MON,DS_CPL,VMX,EST,TM2,SSSE3,SDBG,CX16,xTPR,PDCM,SSE4.1,SSE4.2,x2APIC,MOVBE,POPCNT,TSCDLT,AESNI,XSAVE,OSXSAVE,RDRAND\u003e\n  AMD Features=0x2c100800\u003cSYSCALL,NX,Page1GB,RDTSCP,LM\u003e\n  AMD Features2=0x101\u003cLAHF,Prefetch\u003e\n  Structured Extended Features=0x2294e283\u003cFSGSBASE,TSCADJ,SMEP,ERMS,NFPUSG,MPX,PQE,RDSEED,SMAP,CLFLUSHOPT,PROCTRACE,SHA\u003e\n  XSAVE Features=0xf\u003cXSAVEOPT,XSAVEC,XINUSE,XSAVES\u003e\n  VT-x: PAT,HLT,MTF,PAUSE,EPT,UG,VPID,VID,PostIntr\n  TSC: P-state invariant, performance statistics\nreal memory  = 4294967296 (4096 MB)\navail memory = 3903700992 (3722 MB)\nEvent timer \"LAPIC\" quality 600\nACPI APIC Table: \u003cINTEL  EDK2    \u003e\nWARNING: L1 data cache covers less APIC IDs than a core\n0 \u003c 1\nFreeBSD/SMP: Multiprocessor System Detected: 4 CPUs\nFreeBSD/SMP: 1 package(s) x 4 core(s)\nrandom: unblocking device.\nioapic0 \u003cVersion 2.0\u003e irqs 0-119 on motherboard\nSMP: AP CPU #2 Launched!\nSMP: AP CPU #3 Launched!\nSMP: AP CPU #1 Launched!\nTimecounter \"TSC\" frequency 1497668416 Hz quality 1000\nrandom: entropy device external interface\nwlan: mac acl policy registered\nnetmap: loaded module\nmodule_register_init: MOD_LOAD (vesa, 0xffffffff810a67f0, 0) error 19\nrandom: registering fast source Intel Secure Key RNG\nrandom: fast provider: \"Intel Secure Key RNG\"\nkbd1 at kbdmux0\nnexus0\ncryptosoft0: \u003csoftware crypto\u003e on motherboard\nacpi0: \u003cALASKA A M I \u003e on motherboard\nunknown: I/O range not supported\ncpu0: \u003cACPI CPU\u003e on acpi0\ncpu1: \u003cACPI CPU\u003e on acpi0\ncpu2: \u003cACPI CPU\u003e on acpi0\ncpu3: \u003cACPI CPU\u003e on acpi0\nattimer0: \u003cAT timer\u003e port 0x40-0x43,0x50-0x53 irq 0 on acpi0\nTimecounter \"i8254\" frequency 1193182 Hz quality 0\nEvent timer \"i8254\" frequency 1193182 Hz quality 100\natrtc0: \u003cAT realtime clock\u003e port 0x70-0x77 on acpi0\natrtc0: Warning: Couldn't map I/O."
}