{
 "id": 1295275,
 "bug_id": 276805,
 "attachment_id": 0,
 "creation_time": "2024-02-03T13:43:30Z",
 "creator": "rdunkle@smallcatbrain.com",
 "text": "starfive vf2-  booting from sdcard using the sysutils/u-boot-starfive-visionfive2.\nI am using the dtb file from: https://github.com/starfive-tech/VisionFive2/releases/download/JH7110_VF2_515_v5.10.3/jh7110-visionfive-v2.dtb\nI am using memstick image. FreeBSD 14.0-STABLE #0 stable/14-dcae96578\nThere appears to be no storage devices found.\nOK load /boot/kernel/kernel\n/boot/kernel/kernel text=0x5b7ae4 text=0x14a52c data=0xf0720 data=0x216c+0x1beacc 0x8+0x2158ed8+0x8+0xf2722\nOK lsmod\n 0xffffffc000000000: /boot/kernel/kernel (elf kernel, 0x2c00968)\n  modules: riscv_syscon.1 xdr.1 ufs.1 kernel_mac_support.5 krpc.1 cryptosoft.1 crypto.1 nfslockd.1 nfssvc.1 netlink.1 ipsec_support.1 ertt.1 cubic.2 if_vlan.3 if_tap.1 if_tun.1 if_tuntap.1 if_gif.1 ether.1 zlib.1 aio.1 sysvshm.1 sysvsem.1 sysvmsg.1 firmware.1 acl_posix1e.1 acl_nfs4.1 kernel.1400507 cd9660.1 geom_raid.0 geom_part_mbr.0 geom_part_gpt.0 geom_part_bsd.0 g_part.0 geom_label.0 pseudofs.1 procfs.1 nfsd.1 nfscl.1 nfs.1 nfscommon.1 msdosfs.1 virtio_blk.1 vtnet.1 virtio_mmio.1 virtio_pci.1 virtio.1 usb_quirk.1 ukbd.1 uhub.1 usb.1 umass.1 tcp_log_dev.1 spibus.1 ofw_spibus.1 random_device.1 random_harvestq.1 pci.1 ofwbus.1 ofw_firmware.1 nvme.1 nvd.1 null.1 mii_bitbang.1 miibus.1 mem.1 geom_md.0 ofw_iicbus.1 iicbus.1 hidquirk.1 hid.1 ofw_gpiobus.1 gpioc.1 gpiobus.1 simple_mfd.1 fbd.1 syscon_generic.1 clk_fixed.1 ofw_clkbus.1 cam.1\nOK\nOK lsdev\ndisk devices:\n    disk0:    61405184 X 512 blocks (removable)\n      disk0p1: EFI\n      disk0p2: FreeBSD UFS\nhttp: (unknown)\nnet devices:\n    net0:\nOK boot -v\nUsing DTB provided by EFI at 0xfe6e7000.\nKernel entry at 0xf680002e...\nKernel args: -v\n---\u003c\u003cBOOT\u003e\u003e---\nPhysical memory chunk(s):\n  0x40000000 - 0x23fffffff,  8192 MB (2097152 pages)\nExcluded memory regions:\n  0x40000000 - 0x401fffff,     2 MB (    512 pages) NoAlloc NoDump\n  0xf6800000 - 0xf9495fff,    44 MB (  11414 pages) NoAlloc\nFound 4 CPUs in the device tree\nCopyright (c) 1992-2023 The FreeBSD Project.\nCopyright (c) 1979, 1980, 1983, 1986, 1988, 1989, 1991, 1992, 1993, 1994\n        The Regents of the University of California. All rights reserved.\nFreeBSD is a registered trademark of The FreeBSD Foundation.\nFreeBSD 14.0-STABLE #0 stable/14-dcae96578: Sat Feb  3 10:50:17 EET 2024\n    root@sky22.smallcatbrain.com:/usr/obj/usr/src-stable-14/riscv.riscv64/sys/GENERIC riscv\nFreeBSD clang version 17.0.6 (https://github.com/llvm/llvm-project.git llvmorg-17.0.6-0-g6009708b4367)\nVT: init without driver.\nPreloaded elf kernel \"/boot/kernel/kernel\" at 0xffffffc002c70000.\nPreloaded boot_entropy_platform \"efi_rng_seed\" at 0xffffffc002c792f8.\nPreloaded TSLOG data \"TSLOG\" at 0xffffffc002c79350.\nSBI: OpenSBI v1.4\nSBI Specification Version: 2.0\nCPU 0  : Vendor=SiFive Core=6/7/P200/X200-Series Processor (Hart 1)\n  marchid=0x8000000000000007, mimpid=0x4210427\n  MMU: 0x1\u003cSv39\u003e\n  ISA: 0x112d\u003cAtomic,Compressed,Double,Float,Mult/Div\u003e\n  S-mode Extensions: 0\nreal memory  = 8589934592 (8192 MB)\nPhysical memory chunk(s):\n0x0000000040200000 - 0x00000000f67fffff, 3059744768 bytes (747008 pages)\n0x00000000f9496000 - 0x000000023356efff, 5268934656 bytes (1286361 pages)\navail memory = 8300789760 (7916 MB)\nNo static device mappings.\nStarting CPU 1 (hart 2)\nStarting CPU 2 (hart 3)\nStarting CPU 3 (hart 4)\nFreeBSD/SMP: Multiprocessor System Detected: 4 CPUs\nCPU 1  : Vendor=SiFive Core=6/7/P200/X200-Series Processor (Hart 2)\nCPU 2  : Vendor=SiFive Core=6/7/P200/X200-Series Processor (Hart 3)\nCPU 3  : Vendor=SiFive Core=6/7/P200/X200-Series Processor (Hart 4)\nrandom: no preloaded entropy cache\nrandom: read 2048 bytes from platform bootloader\nrandom: unblocking device.\nVIMAGE (virtualized network stack) enabled\nhostuuid: using 00000000-0000-0000-0000-000000000000\nULE: setup cpu 0\nULE: setup cpu 1\nULE: setup cpu 2\nULE: setup cpu 3\nrandom: entropy device external interface\nkbd0 at kbdmux0\nmem: \u003cmemory\u003e\nnull: \u003cfull device, null device, zero device\u003e\nopenfirm: \u003cOpen Firmware control device\u003e\ntcp_log: tcp_log device\ncrypto: \u003ccrypto core\u003e\nofwbus0: \u003cOpen Firmware Device Tree\u003e\nclk_fixed0: \u003cFixed clock\u003e on ofwbus0\nclk_fixed1: \u003cFixed clock\u003e on ofwbus0\nclk_fixed2: \u003cFixed clock\u003e on ofwbus0\nclk_fixed3: \u003cFixed clock\u003e on ofwbus0\nclk_fixed4: \u003cFixed clock\u003e on ofwbus0\nclk_fixed5: \u003cFixed clock\u003e on ofwbus0\nclk_fixed6: \u003cFixed clock\u003e on ofwbus0\nclk_fixed7: \u003cFixed clock\u003e on ofwbus0\nclk_fixed8: \u003cFixed clock\u003e on ofwbus0\nclk_fixed9: \u003cFixed clock\u003e on ofwbus0\nclk_fixed10: \u003cFixed clock\u003e on ofwbus0\nclk_fixed11: \u003cFixed clock\u003e on ofwbus0\nclk_fixed12: \u003cFixed clock\u003e on ofwbus0\nclk_fixed13: \u003cFixed clock\u003e on ofwbus0\nclk_fixed14: \u003cFixed clock\u003e on ofwbus0\nclk_fixed15: \u003cFixed clock\u003e on ofwbus0\nclk_fixed16: \u003cFixed clock\u003e on ofwbus0\nclk_fixed17: \u003cFixed clock\u003e on ofwbus0\nclk_fixed18: \u003cFixed clock\u003e on ofwbus0\nclk_fixed19: \u003cFixed clock\u003e on ofwbus0\nsimplebus0: \u003cFlattened device tree simple bus\u003e on ofwbus0\nplic0: \u003cRISC-V PLIC\u003e mem 0xc000000-0xfffffff irq 14,15,16,17,18,19,20,21,22 on simplebus0\ntimer0: \u003cRISC-V Timer\u003e\nTimecounter \"RISC-V Timecounter\" frequency 4000000 Hz quality 1000\nEvent timer \"RISC-V Eventtimer\" frequency 4000000 Hz quality 1000\nram0: reserving memory region:   40200000-f6800000\nram0: reserving memory region:   f9496000-240000000\nram0: reserving excluded region: 40000000-401fffff\nram0: reserving excluded region: f6800000-f9495fff\nrcons0: \u003cRISC-V console\u003e\nofwbus0: \u003copp-table-0\u003e compat operating-points-v2 (no driver attached)\ncpulist0: \u003cOpen Firmware CPU Group\u003e on ofwbus0\ncpu0: \u003cOpen Firmware CPU\u003e on cpulist0\ncpu0: missing 'clock-frequency' property\nriscv64_cpu0: register \u003c0\u003e\ncpu1: \u003cOpen Firmware CPU\u003e on cpulist0\ncpu1: missing 'clock-frequency' property\nriscv64_cpu1: register \u003c1\u003e\ncpu2: \u003cOpen Firmware CPU\u003e on cpulist0\ncpu2: missing 'clock-frequency' property\nriscv64_cpu2: register \u003c2\u003e\ncpu3: \u003cOpen Firmware CPU\u003e on cpulist0\ncpu3: missing 'clock-frequency' property\nriscv64_cpu3: register \u003c3\u003e\ncpu4: \u003cOpen Firmware CPU\u003e on cpulist0\ncpu4: missing 'clock-frequency' property\nofwbus0: \u003cmailbox_client\u003e compat starfive,mailbox-test (no driver attached)\nsimplebus0: \u003ccache-controller@2010000\u003e mem 0x2010000-0x2013fff,0x8000000-0x9ffffff irq 0,1,2,3 compat sifive,fu740-c000-ccache (no driver attached)\nsyscon_generic_dev0: \u003csyscon\u003e mem 0x17010000-0x17010fff on simplebus0\nsimplebus0: \u003cmulti-phyctrl@10210000\u003e mem 0x10210000-0x1021ffff compat starfive,phyctrl (no driver attached)\nsimplebus0: \u003cpcie1-phyctrl@10220000\u003e mem 0x10220000-0x1022ffff compat starfive,phyctrl (no driver attached)\nsyscon_generic_dev1: \u003csyscon\u003e mem 0x10240000-0x10240fff on simplebus0\nsyscon_generic_dev2: \u003csyscon\u003e mem 0x13030000-0x13030fff on simplebus0\nsimplebus0: \u003cclint@2000000\u003e mem 0x2000000-0x200ffff irq 4,5,6,7,8,9,10,11,12,13 compat riscv,clint0 (no driver attached)\nsimplebus0: \u003cclock-controller\u003e mem 0x13020000-0x1302ffff,0x10230000-0x1023ffff,0x17000000-0x1700ffff compat starfive,jh7110-clkgen (no driver attached)\nsimplebus0: \u003cclock-controller@295C0000\u003e mem 0x295c0000-0x295cffff compat starfive,jh7110-clk-vout (no driver attached)\nsimplebus0: \u003cclock-controller@19810000\u003e mem 0x19810000-0x1981ffff compat starfive,jh7110-clk-isp (no driver attached)\nsimplebus0: \u003cspi@13010000\u003e mem 0x13010000-0x1301ffff,0x21000000-0x213fffff irq 23 compat cdns,qspi-nor (no driver attached)\nsimplebus0: \u003cotp@17050000\u003e mem 0x17050000-0x1705ffff compat starfive,jh7110-otp (no driver attached)\nsimplebus0: \u003cusbdrd\u003e mem 0x10210000-0x10210fff,0x10200000-0x10200fff compat starfive,jh7110-cdns3 (no driver attached)\nsimplebus0: \u003ctimer@13050000\u003e mem 0x13050000-0x1305ffff irq 24,25,26,27 compat starfive,jh7110-timers (no driver attached)\nsimplebus0: \u003cwdog@13070000\u003e mem 0x13070000-0x1307ffff irq 28 compat starfive,jh7110-wdt (no driver attached)\nsimplebus0: \u003crtc@17040000\u003e mem 0x17040000-0x1704ffff irq 29,30,31 compat starfive,jh7110-rtc (no driver attached)\nsimplebus0: \u003cpower-controller@17030000\u003e mem 0x17030000-0x1703ffff irq 32 compat starfive,jh7110-pmu (no driver attached)\nsimplebus0: \u003cserial@10000000\u003e mem 0x10000000-0x1000ffff irq 33 compat snps,dw-apb-uart (no driver attached)\nsimplebus0: \u003cserial@10010000\u003e mem 0x10010000-0x1001ffff irq 34 disabled compat snps,dw-apb-uart (no driver attached)\nsimplebus0: \u003cserial@10020000\u003e mem 0x10020000-0x1002ffff irq 35 disabled compat snps,dw-apb-uart (no driver attached)\nsimplebus0: \u003cserial@12000000\u003e mem 0x12000000-0x1200ffff irq 36 disabled compat snps,dw-apb-uart (no driver attached)\nsimplebus0: \u003cserial@12010000\u003e mem 0x12010000-0x1201ffff irq 37 disabled compat snps,dw-apb-uart (no driver attached)\nsimplebus0: \u003cserial@12020000\u003e mem 0x12020000-0x1202ffff irq 38 disabled compat snps,dw-apb-uart (no driver attached)\nsimplebus0: \u003cdma-controller@16050000\u003e mem 0x16050000-0x1605ffff irq 39 compat starfive,jh7110-axi-dma (no driver attached)\nsimplebus0: \u003cgpio@13040000\u003e mem 0x13040000-0x1304ffff irq 40 compat starfive,jh7110-sys-pinctrl (no driver attached)\nsimplebus0: \u003cgpio@17020000\u003e mem 0x17020000-0x1702ffff irq 41 compat starfive,jh7110-aon-pinctrl (no driver attached)\nsimplebus0: \u003ctmon@120e0000\u003e mem 0x120e0000-0x120effff irq 42 compat starfive,jh7110-temp (no driver attached)\nsimplebus0: \u003ctrng@1600C000\u003e mem 0x1600c000-0x1600ffff irq 43 compat starfive,jh7110-trng (no driver attached)\nsimplebus0: \u003csec_dma@16008000\u003e mem 0x16008000-0x1600bfff irq 44 compat arm,pl080 (no driver attached)\nsimplebus0: \u003ccrypto@16000000\u003e mem 0x16000000-0x16003fff,0x16008000-0x1600bfff irq 45,46 compat starfive,jh7110-sec (no driver attached)\nsimplebus0: \u003ci2c@10030000\u003e mem 0x10030000-0x1003ffff irq 47 compat snps,designware-i2c (no driver attached)\nsimplebus0: \u003ci2c@10040000\u003e mem 0x10040000-0x1004ffff irq 48 disabled compat snps,designware-i2c (no driver attached)\nsimplebus0: \u003ci2c@10050000\u003e mem 0x10050000-0x1005ffff irq 49 compat snps,designware-i2c (no driver attached)\nsimplebus0: \u003ci2c@12030000\u003e mem 0x12030000-0x1203ffff irq 50 disabled compat snps,designware-i2c (no driver attached)\nsimplebus0: \u003ci2c@12040000\u003e mem 0x12040000-0x1204ffff irq 51 disabled compat snps,designware-i2c (no driver attached)\nsimplebus0: \u003ci2c@12050000\u003e mem 0x12050000-0x1205ffff irq 52 compat snps,designware-i2c (no driver attached)\nsimplebus0: \u003ci2c@12060000\u003e mem 0x12060000-0x1206ffff irq 53 compat snps,designware-i2c (no driver attached)\nsimplebus0: \u003csdio0@16010000\u003e mem 0x16010000-0x1601ffff irq 54 compat starfive,jh7110-sdio (no driver attached)\nsimplebus0: \u003csdio1@16020000\u003e mem 0x16020000-0x1602ffff irq 55 compat starfive,jh7110-sdio (no driver attached)\nsimplebus0: \u003cvin_sysctl@19800000\u003e mem 0x19800000-0x1980ffff,0x19810000-0x1981ffff,0x19820000-0x1982ffff,0x19840000-0x1984ffff,0x19870000-0x1989ffff,0x11840000-0x1184ffff,0x17030000-0x1703ffff,0x13020000-0x1302ffff irq 56,57,58,59,60 compat starfive,jh7110-vin (no driver attached)\nsimplebus0: \u003cjpu@11900000\u003e mem 0x13090000-0x130902ff irq 61 compat starfive,jpu (no driver attached)\nsimplebus0: \u003cvpu_dec@130A0000\u003e mem 0x130a0000-0x130affff irq 62 compat starfive,vdec (no driver attached)\nsimplebus0: \u003cvpu_enc@130B0000\u003e mem 0x130b0000-0x130bffff irq 63 compat starfive,venc (no driver attached)\nsimplebus0: \u003creset-controller\u003e mem 0x13020000-0x1302ffff,0x10230000-0x1023ffff,0x17000000-0x1700ffff,0x19810000-0x1981ffff,0x295c0000-0x295cffff compat starfive,jh7110-reset (no driver attached)\nsimplebus0: \u003cethernet@16030000\u003e mem 0x16030000-0x1603ffff irq 64,65,66 compat starfive,dwmac (no driver attached)\nsimplebus0: \u003cethernet@16040000\u003e mem 0x16040000-0x1604ffff irq 67,68,69 compat starfive,dwmac (no driver attached)\nsimplebus0: \u003cgpu@18000000\u003e mem 0x18000000-0x180fffff,0x130c000-0x131bfff irq 70 compat img-gpu (no driver attached)\nsimplebus0: \u003ccan@130d0000\u003e mem 0x130d0000-0x130d0fff irq 71 disabled compat starfive,jh7110-can (no driver attached)\nsimplebus0: \u003ccan@130e0000\u003e mem 0x130e0000-0x130e0fff irq 72 disabled compat starfive,jh7110-can (no driver attached)\nsimplebus0: \u003ctdm@10090000\u003e mem 0x10090000-0x10090fff disabled compat starfive,jh7110-tdm (no driver attached)\nsimplebus0: \u003cspdif0@100a0000\u003e mem 0x100a0000-0x100a0fff irq 73 disabled compat starfive,jh7110-spdif (no driver attached)\nsimplebus0: \u003cpwmdac@100b0000\u003e mem 0x100b0000-0x100b0fff compat starfive,jh7110-pwmdac (no driver attached)\nsimplebus0: \u003ci2stx@100c0000\u003e mem 0x100c0000-0x100c0fff disabled compat snps,designware-i2stx (no driver attached)\nsimplebus0: \u003cpdm@100d0000\u003e mem 0x100d0000-0x100d0fff compat starfive,jh7110-pdm (no driver attached)\nsimplebus0: \u003ci2srx_mst@100e0000\u003e mem 0x100e0000-0x100e0fff disabled compat starfive,jh7110-i2srx-master (no driver attached)\nsimplebus0: \u003ci2srx_3ch@100e0000\u003e mem 0x100e0000-0x100e0fff disabled compat starfive,jh7110-i2srx (no driver attached)\nsimplebus0: \u003ci2stx_4ch0@120b0000\u003e mem 0x120b0000-0x120b0fff compat starfive,jh7110-i2stx-4ch0 (no driver attached)\nsimplebus0: \u003ci2stx_4ch1@120c0000\u003e mem 0x120c0000-0x120c0fff disabled compat starfive,jh7110-i2stx-4ch1 (no driver attached)\nsimplebus0: \u003cpwm@120d0000\u003e mem 0x120d0000-0x120dffff compat starfive,jh7110-pwm (no driver attached)\nsimplebus0: \u003cspdif_transmitter\u003e disabled compat linux,spdif-dit (no driver attached)\nsimplebus0: \u003cpwmdac-transmitter\u003e compat starfive,jh7110-pwmdac-dit (no driver attached)\nsimplebus0: \u003cdmic_codec\u003e disabled compat dmic-codec (no driver attached)\nsimplebus0: \u003cspi@10060000\u003e mem 0x10060000-0x1006ffff irq 74 compat arm,pl022 (no driver attached)\nsimplebus0: \u003cspi@10070000\u003e mem 0x10070000-0x1007ffff irq 75 disabled compat arm,pl022 (no driver attached)\nsimplebus0: \u003cspi@10080000\u003e mem 0x10080000-0x1008ffff irq 76 disabled compat arm,pl022 (no driver attached)\nsimplebus0: \u003cspi@12070000\u003e mem 0x12070000-0x1207ffff irq 77 disabled compat arm,pl022 (no driver attached)\nsimplebus0: \u003cspi@12080000\u003e mem 0x12080000-0x1208ffff irq 78 disabled compat arm,pl022 (no driver attached)\nsimplebus0: \u003cspi@12090000\u003e mem 0x12090000-0x1209ffff irq 79 disabled compat arm,pl022 (no driver attached)\nsimplebus0: \u003cspi@120A0000\u003e mem 0x120a0000-0x120affff irq 80 disabled compat arm,pl022 (no driver attached)\nsimplebus0: \u003cpcie@2B000000\u003e mem 0x2b000000-0x2bffffff,0x940000000-0x94fffffff irq 81 type pci compat starfive,jh7110-pcie (no driver attached)\nsimplebus0: \u003cpcie@2C000000\u003e mem 0x2c000000-0x2cffffff,0x9c0000000-0x9cfffffff irq 82 type pci compat starfive,jh7110-pcie (no driver attached)\nsimplebus0: \u003cmailbox@0\u003e mem 0x13060000-0x13060fff irq 83,84 compat starfive,mail_box (no driver attached)\nsimplebus0: \u003cdisplay-subsystem\u003e compat starfive,jh7110-display (no driver attached)\nsyscon_generic_dev3: \u003csyscon\u003e mem 0x295b0000-0x295b008f on simplebus0\nsimplebus0: \u003ctda988x_pin\u003e disabled compat starfive,tda998x_rgb_pin (no driver attached)\nsimplebus0: \u003crgb-output\u003e disabled compat starfive,jh7110-rgb_output (no driver attached)\nsimplebus0: \u003cdc8200@29400000\u003e mem 0x29400000-0x294000ff,0x29400800-0x294027ff,0x17030000-0x17030fff irq 85 compat starfive,jh7110-dc8200 (no driver attached)\nsimplebus0: \u003cdsi-output\u003e compat starfive,jh7110-display-encoder (no driver attached)\nsimplebus0: \u003cmipi-dphy@295e0000\u003e mem 0x295e0000-0x295effff compat starfive,jh7110-mipi-dphy-tx (no driver attached)\nsimplebus0: \u003cmipi@295d0000\u003e mem 0x295d0000-0x295dffff irq 86 compat starfive,jh7110-mipi_dsi (no driver attached)\nsimplebus0: \u003chdmi@29590000\u003e mem 0x29590000-0x29593fff irq 87 compat starfive,jh7110-hdmi (no driver attached)\nsimplebus0: \u003csnd-card0\u003e compat simple-audio-card (no driver attached)\nsimplebus0: \u003csnd-card1\u003e compat simple-audio-card (no driver attached)\nsimplebus0: \u003csnd-card2\u003e compat simple-audio-card (no driver attached)\nsimplebus0: \u003csnd-card3\u003e compat simple-audio-card (no driver attached)\nsimplebus0: \u003csnd-card4\u003e compat simple-audio-card (no driver attached)\nsimplebus0: \u003csnd-card5\u003e compat simple-audio-card (no driver attached)\nsimplebus0: \u003csnd-card6\u003e compat simple-audio-card (no driver attached)\nsimplebus0: \u003ce24@0\u003e mem 0x6e210000-0x6e210fff,0x6e211000-0x6e24ffff compat starfive,e24 (no driver attached)\nsimplebus0: \u003csof_dsp@0\u003e mem 0x20020000-0x2002ffff disabled compat starfive,vf2-dsp-v1 (no driver attached)\nsimplebus0: \u003cstarfive,jh7110-cpufreq\u003e compat starfive,jh7110-cpufreq (no driver attached)\nofwbus0: \u003cleds\u003e compat gpio-leds (no driver attached)\nofwbus0: \u003cbacklight\u003e compat pwm-backlight (no driver attached)\nofwbus0: \u003cgpio-restart\u003e compat gpio-restart (no driver attached)\ncrypto: assign cryptosoft0 driver id 0, flags 0x6000000\nDevice configuration finished.\nprocfs registered\nTimecounters tick every 1.000 msec\nlo0: bpf attached\nvlan: initialized, using hash tables with chaining\nIPsec: Initialized Security Association Processing.\ntcp_init: net.inet.tcp.tcbhashsize auto tuned to 65536\nusb_needs_explore_all: no devclass\nRelease APs\nSecondary CPU 2 fully online\nSecondary CPU 1 fully online\nTrying to mount root from ufs:/dev/ufs/FreeBSD_Install [ro,noatime]...\nSecondary CPU 3 fully online\nmountroot: waiting for device /dev/ufs/FreeBSD_Install...\nMounting from ufs:/dev/ufs/FreeBSD_Install failed with error 19.\n\nLoader variables:\n  vfs.root.mountfrom=ufs:/dev/ufs/FreeBSD_Install\n  vfs.root.mountfrom.options=ro,noatime\n\nManual root filesystem specification:\n  \u003cfstype\u003e:\u003cdevice\u003e [options]\n      Mount \u003cdevice\u003e using filesystem \u003cfstype\u003e\n      and with the specified (optional) option list.\n\n    eg. ufs:/dev/da0s1a\n        zfs:zroot/ROOT/default\n        cd9660:/dev/cd0 ro\n          (which is equivalent to: mount -t cd9660 -o ro /dev/cd0 /)\n\n  ?               List valid disk boot devices\n  .               Yield 1 second (for background tasks)\n  \u003cempty line\u003e    Abort manual input\n\nmountroot\u003e ?\n\nList of GEOM managed disk devices:\n\n\nmountroot\u003e"
}