{
 "id": 464047,
 "bug_id": 127439,
 "attachment_id": 0,
 "creation_time": "2010-09-11T15:04:31Z",
 "creator": "phil@philpep.org",
 "text": "Hi, this lock still exists on 8.1-RELEASE.\n\n$ cat /etc/pf.conf\nset block-policy return\nblock all\npass out proto { tcp udp } to port domain\npass out proto tcp to port { http ftp } user root \n\nMy box deadlock at boot i suppose a minimal DNS traffic start cause pf\nto evaluate rules.\n\nwithout one of theses rules no deadlock.\n\n$ uname -a\nFreeBSD aldo.philpep.org 8.1-RELEASE FreeBSD 8.1-RELEASE #3: Sat Sep 11\n11:05:55 UTC 2010     root@aldo.philpep.org:/usr/obj/usr/src/sys/ALDO\namd64\n\n(as you can see i've ipv6 and ipv4 enabled)\n\n\n/boot/kernel/kernel text=0x64d7a6 data=0x916e8+0x23f1c8 syms=[0x8+0xabd68+0x8+0x9c3b7]\n/boot/kernel/zfs.ko size 0x1a3098 at 0xc67000\nloading required module 'opensolaris'\n/boot/kernel/opensolaris.ko size 0x3948 at 0xe0b000\n/\nHit [Enter] to boot immediately, or any other key for command prompt.\nBooting [/boot/kernel/kernel]...               \nKDB: debugger backends: ddb\nKDB: current backend: ddb\nCopyright (c) 1992-2010 The FreeBSD Project.\nCopyright (c) 1979, 1980, 1983, 1986, 1988, 1989, 1991, 1992, 1993, 1994\n\tThe Regents of the University of California. All rights reserved.\nFreeBSD is a registered trademark of The FreeBSD Foundation.\nFreeBSD 8.1-RELEASE #3: Sat Sep 11 11:05:55 UTC 2010\n    root@aldo.philpep.org:/usr/obj/usr/src/sys/ALDO amd64\nWARNING: WITNESS option enabled, expect reduced performance.\nWARNING: DIAGNOSTIC option enabled, expect reduced performance.\nTimecounter \"i8254\" frequency 1193182 Hz quality 0\nCPU: Intel(R) Celeron(R) CPU        E3300  @ 2.50GHz (2493.11-MHz K8-class CPU)\n  Origin = \"GenuineIntel\"  Id = 0x1067a  Family = 6  Model = 17  Stepping = 10\n  Features=0xbfebfbff\u003cFPU,VME,DE,PSE,TSC,MSR,PAE,MCE,CX8,APIC,SEP,MTRR,PGE,MCA,CMOV,PAT,PSE36,CLFLUSH,DTS,ACPI,MMX,FXSR,SSE,SSE2,SS,HTT,TM,PBE\u003e\n  Features2=0x400e3bd\u003cSSE3,DTES64,MON,DS_CPL,VMX,EST,TM2,SSSE3,CX16,xTPR,PDCM,XSAVE\u003e\n  AMD Features=0x20000800\u003cSYSCALL,LM\u003e\n  AMD Features2=0x1\u003cLAHF\u003e\n  TSC: P-state invariant\nreal memory  = 4294967296 (4096 MB)\navail memory = 3841851392 (3663 MB)\nACPI APIC Table: \u003c110309 APIC2133\u003e\nFreeBSD/SMP: Multiprocessor System Detected: 2 CPUs\nFreeBSD/SMP: 1 package(s) x 2 core(s)\n cpu0 (BSP): APIC ID:  0\n cpu1 (AP): APIC ID:  1\nioapic0 \u003cVersion 2.0\u003e irqs 0-23 on motherboard\nkbd1 at kbdmux0\ncryptosoft0: \u003csoftware crypto\u003e on motherboard\nacpi0: \u003c110309 RSDT2133\u003e on motherboard\nacpi0: [ITHREAD]\nacpi0: Power Button (fixed)\nacpi0: reservation of 0, a0000 (3) failed\nacpi0: reservation of 100000, cfd00000 (3) failed\nTimecounter \"ACPI-fast\" frequency 3579545 Hz quality 1000\nacpi_timer0: \u003c24-bit timer at 3.579545MHz\u003e port 0x808-0x80b on acpi0\ncpu0: \u003cACPI CPU\u003e on acpi0\ncpu1: \u003cACPI CPU\u003e on acpi0\npcib0: \u003cACPI Host-PCI bridge\u003e port 0xcf8-0xcff on acpi0\npci0: \u003cACPI PCI bus\u003e on pcib0\nvgapci0: \u003cVGA-compatible display\u003e port 0xdc00-0xdc07 mem 0xfe400000-0xfe7fffff,0xe0000000-0xefffffff irq 16 at device 2.0 on pci0\nagp0: \u003cIntel G41 SVGA controller\u003e on vgapci0\nagp0: detected 262140k stolen memory\nagp0: aperture size is 256M\npci0: \u003cmultimedia, HDA\u003e at device 27.0 (no driver attached)\npcib1: \u003cACPI PCI-PCI bridge\u003e irq 16 at device 28.0 on pci0\npci2: \u003cACPI PCI bus\u003e on pcib1\npcib2: \u003cACPI PCI-PCI bridge\u003e irq 17 at device 28.1 on pci0\npci1: \u003cACPI PCI bus\u003e on pcib2\nalc0: \u003cAtheros AR8132 PCIe Fast Ethernet\u003e port 0xec00-0xec7f mem 0xfebc0000-0xfebfffff irq 17 at device 0.0 on pci1\nalc0: 15872 Tx FIFO, 15360 Rx FIFO\nalc0: Using 1 MSI message(s).\nalc0: 4GB boundary crossed, switching to 32bit DMA addressing mode.\nmiibus0: \u003cMII bus\u003e on alc0\natphy0: \u003cAtheros F1 10/100/1000 PHY\u003e PHY 0 on miibus0\natphy0:  10baseT, 10baseT-FDX, 100baseTX, 100baseTX-FDX, auto\nalc0: Ethernet address: 00:25:22:15:70:2b\nalc0: [FILTER]\nuhci0: \u003cIntel 82801G (ICH7) USB controller USB-A\u003e port 0xd400-0xd41f irq 23 at device 29.0 on pci0\nuhci0: [ITHREAD]\nuhci0: LegSup = 0x2f00\nusbus0: \u003cIntel 82801G (ICH7) USB controller USB-A\u003e on uhci0\nuhci1: \u003cIntel 82801G (ICH7) USB controller USB-B\u003e port 0xd480-0xd49f irq 19 at device 29.1 on pci0\nuhci1: [ITHREAD]\nuhci1: LegSup = 0x2f00\nusbus1: \u003cIntel 82801G (ICH7) USB controller USB-B\u003e on uhci1\nuhci2: \u003cIntel 82801G (ICH7) USB controller USB-C\u003e port 0xd800-0xd81f irq 18 at device 29.2 on pci0\nuhci2: [ITHREAD]\nuhci2: LegSup = 0x2f00\nusbus2: \u003cIntel 82801G (ICH7) USB controller USB-C\u003e on uhci2\nuhci3: \u003cIntel 82801G (ICH7) USB controller USB-D\u003e port 0xd880-0xd89f irq 16 at device 29.3 on pci0\nuhci3: [ITHREAD]\nuhci3: LegSup = 0x2f00\nusbus3: \u003cIntel 82801G (ICH7) USB controller USB-D\u003e on uhci3\nehci0: \u003cIntel 82801GB/R (ICH7) USB 2.0 controller\u003e mem 0xfeaf7c00-0xfeaf7fff irq 23 at device 29.7 on pci0\nehci0: [ITHREAD]\nusbus4: EHCI version 1.0\nusbus4: \u003cIntel 82801GB/R (ICH7) USB 2.0 controller\u003e on ehci0\npcib3: \u003cACPI PCI-PCI bridge\u003e at device 30.0 on pci0\npci3: \u003cACPI PCI bus\u003e on pcib3\nisab0: \u003cPCI-ISA bridge\u003e at device 31.0 on pci0\nisa0: \u003cISA bus\u003e on isab0\natapci0: \u003cIntel ICH7 UDMA100 controller\u003e port 0x1f0-0x1f7,0x3f6,0x170-0x177,0x376,0xffa0-0xffaf at device 31.1 on pci0\nata0: \u003cATA channel 0\u003e on atapci0\nata0: [ITHREAD]\natapci1: \u003cIntel ICH7 SATA300 controller\u003e port 0xd080-0xd087,0xd000-0xd003,0xcc00-0xcc07,0xc880-0xc883,0xc800-0xc80f irq 19 at device 31.2 on pci0\natapci1: [ITHREAD]\nata2: \u003cATA channel 0\u003e on atapci1\nata2: [ITHREAD]\nata3: \u003cATA channel 1\u003e on atapci1\nata3: [ITHREAD]\npci0: \u003cserial bus, SMBus\u003e at device 31.3 (no driver attached)\nacpi_button0: \u003cPower Button\u003e on acpi0\natrtc0: \u003cAT realtime clock\u003e port 0x70-0x71 irq 8 on acpi0\nuart0: \u003c16550 or compatible\u003e port 0x3f8-0x3ff irq 4 flags 0x10 on acpi0\nuart0: [FILTER]\nuart0: console (9600,n,8,1)\nsc0: \u003cSystem console\u003e at flags 0x100 on isa0\nsc0: VGA \u003c16 virtual consoles, flags=0x100\u003e\nvga0: \u003cGeneric ISA VGA\u003e at port 0x3c0-0x3df iomem 0xa0000-0xbffff on isa0\natkbdc0: \u003cKeyboard controller (i8042)\u003e at port 0x60,0x64 on isa0\natkbd0: \u003cAT Keyboard\u003e irq 1 on atkbdc0\nkbd0 at atkbd0\natkbd0: [GIANT-LOCKED]\natkbd0: [ITHREAD]\ncoretemp0: \u003cCPU On-Die Thermal Sensors\u003e on cpu0\nest0: \u003cEnhanced SpeedStep Frequency Control\u003e on cpu0\nest: CPU supports Enhanced Speedstep, but is not recognized.\nest: cpu_vendor GenuineIntel, msr 6164c2406004a24\ndevice_attach: est0 attach returned 6\np4tcc0: \u003cCPU Frequency Thermal Control\u003e on cpu0\ncoretemp1: \u003cCPU On-Die Thermal Sensors\u003e on cpu1\nest1: \u003cEnhanced SpeedStep Frequency Control\u003e on cpu1\nest: CPU supports Enhanced Speedstep, but is not recognized.\nest: cpu_vendor GenuineIntel, msr 6164c2406004a24\ndevice_attach: est1 attach returned 6\np4tcc1: \u003cCPU Frequency Thermal Control\u003e on cpu1\nZFS filesystem version 3\nZFS storage pool version 14\nTimecounters tick every 1.000 msec\nusbus0: 12Mbps Full Speed USB v1.0\nusbus1: 12Mbps Full Speed USB v1.0\nusbus2: 12Mbps Full Speed USB v1.0\nusbus3: 12Mbps Full Speed USB v1.0\nusbus4: 480Mbps High Speed USB v2.0\nad4: 476940MB \u003cWDC WD5000AAKS-00WWPA0 01.03B01\u003e at ata2-master UDMA100 SATA\nugen0.1: \u003cIntel\u003e at usbus0\nuhub0: \u003cIntel UHCI root HUB, class 9/0, rev 1.00/1.00, addr 1\u003e on usbus0\nExpensive timeout(9) function: 0xffffffff8042a350(0xffffff0001900ba0) 0.119308459 s\nugen1.1: \u003cIntel\u003e at usbus1\nuhub1: \u003cIntel UHCI root HUB, class 9/0, rev 1.00/1.00, addr 1\u003e on usbus1\nugen2.1: \u003cIntel\u003e at usbus2\nuhub2: \u003cIntel UHCI root HUB, class 9/0, rev 1.00/1.00, addr 1\u003e on usbus2\nugen3.1: \u003cIntel\u003e at usbus3\nuhub3: \u003cIntel UHCI root HUB, class 9/0, rev 1.00/1.00, addr 1\u003e on usbus3\nugen4.1: \u003cIntel\u003e at usbus4\nuhub4: \u003cIntel EHCI root HUB, class 9/0, rev 2.00/1.00, addr 1\u003e on usbus4\nSMP: AP CPU #1 Launched!\nWARNING: WITNESS option enabled, expect reduced performance.\nWARNING: DIAGNOSTIC option enabled, expect reduced performance.\nRoot mount waiting for: usbus4 usbus3 usbus2 usbus1 usbus0\nuhub0: 2 ports with 2 removable, self powered\nuhub1: 2 ports with 2 removable, self powered\nuhub2: 2 ports with 2 removable, self powered\nuhub3: 2 ports with 2 removable, self powered\nRoot mount waiting for: usbus4\nRoot mount waiting for: usbus4\nuhub4: 8 ports with 8 removable, self powered\nTrying to mount root from zfs:tank/root\nSetting hostuuid: 00020003-0004-0005-0006-000700080009.\nSetting hostid: 0x81f4ec68.\nEntropy harvesting: interrupts ethernet point_to_point kickstart.\nStarting file system checks:\nMounting local file systems:.\nSetting hostname: aldo.philpep.org.\nalc0: link state changed to DOWN\nStarting Network: lo0 alc0.\nlo0: flags=8049\u003cUP,LOOPBACK,RUNNING,MULTICAST\u003e metric 0 mtu 16384\n\toptions=3\u003cRXCSUM,TXCSUM\u003e\n\tinet 127.0.0.1 netmask 0xff000000 \n\tinet6 ::1 prefixlen 128 \n\tinet6 fe80::1%lo0 prefixlen 64 scopeid 0x2 \n\tnd6 options=3\u003cPERFORMNUD,ACCEPT_RTADV\u003e\nalc0: flags=8843\u003cUP,BROADCAST,RUNNING,SIMPLEX,MULTICAST\u003e metric 0 mtu 1500\n\toptions=c3198\u003cVLAN_MTU,VLAN_HWTAGGING,VLAN_HWCSUM,TSO4,WOL_MCAST,WOL_MAGIC,VLAN_HWTSO,LINKSTATE\u003e\n\tether 00:25:22:15:70:2b\n\tinet 192.168.0.20 netmask 0xffffff00 broadcast 192.168.0.255\n\tinet6 fe80::225:22ff:fe15:702b%alc0 prefixlen 64 tentative scopeid 0x1 \n\tnd6 options=3\u003cPERFORMNUD,ACCEPT_RTADV\u003e\n\tmedia: Ethernet autoselect (none)\n\tstatus: no carrier\nEnabling pfpf enabled\n.\nadd net default: gateway 192.168.0.1\nadd net ::ffff:0.0.0.0: gateway ::1\nadd net ::0.0.0.0: gateway ::1\nnet.inet6.ip6.forwarding: 0 -\u003e 0\nalc0: flags=8843\u003cUP,BROADCAST,RUNNING,SIMPLEX,MULTICAST\u003e metric 0 mtu 1500\n\toptions=c3198\u003cVLAN_MTU,VLAN_HWTAGGING,VLAN_HWCSUM,TSO4,WOL_MCAST,WOL_MAGIC,VLAN_HWTSO,LINKSTATE\u003e\n\tinet6 fe80::225:22ff:fe15:702b%alc0 prefixlen 64 tentative scopeid 0x1 \n\tinet6 2001:470:1f15:7bf:dead:c0de:0:20 prefixlen 96 tentative \nlo0: flags=8049\u003cUP,LOOPBACK,RUNNING,MULTICAST\u003e metric 0 mtu 16384\n\toptions=3\u003cRXCSUM,TXCSUM\u003e\n\tinet6 ::1 prefixlen 128 \n\tinet6 fe80::1%lo0 prefixlen 64 scopeid 0x2 \npflog0: flags=0\u003c\u003e metric 0 mtu 33152\nalc0: link state changed to UP\nadd net fe80::: gateway ::1\nadd net ff02::: gateway ::1\nadd net default: gateway 2001:470:1f15:7bf:dead:c0de::1\nIPv4 mapped IPv6 address support=NO\nStarting devd.\nELF ldconfig path: /lib /usr/lib /usr/lib/compat /usr/local/lib /usr/local/lib/zsh\n32-bit compatibility ldconfig path:\nCreating and/or trimming log files.\nStarting syslogd.\nClearing /tmp (X related).\nRecovering vi editor sessions:lock order reversal:\n 1st 0xffffffff80ac42a8 PFil hook read/write mutex (PFil hook read/write mutex) @ /usr/src/sys/net/pfil.c:77\n 2nd 0xffffffff80ac5aa8 udp (udp) @ /usr/src/sys/contrib/pf/net/pf.c:3035\nKDB: stack backtrace:\ndb_trace_self_wrapper() at db_trace_self_wrapper+0x2a\n_witness_debugger() at _witness_debugger+0x2e\nwitness_checkorder() at witness_checkorder+0x81e\n_rw_rlock() at _rw_rlock+0x5f\npf_socket_lookup() at pf_socket_lookup+0x1c7\npf_test_udp() at pf_test_udp+0x8ce\npf_test() at pf_test+0x1125\npf_check_in() at pf_check_in+0x39\npfil_run_hooks() at pfil_run_hooks+0xcf\nip_input() at ip_input+0x2cd\nswi_net() at swi_net+0x151\nintr_event_execute_handlers() at intr_event_execute_handlers+0x66\nithread_loop() at ithread_loop+0xb2\nfork_exit() at fork_exit+0x12a\nfork_trampoline() at fork_trampoline+0xe\n--- trap 0, rip = 0, rsp = 0xffffff8000041d30, rbp = 0 ---\npanic: _rw_rlock (tcp): wlock already held @ /usr/src/sys/contrib/pf/net/pf.c:3059\ncpuid = 1\nKDB: enter: panic\n[thread pid 856 tid 100103 ]\nStopped at      kdb_enter+0x3d: movq    $0,0x4fdd00(%rip)\ndb\u003e \n\n\ndb\u003e ps\n  pid  ppid  pgrp   uid   state   wmesg         wchan        cmd\n  856   851    25    25  R+      CPU 1                       sendmail\n  851    25    25     0  S+      wait     0xffffff00035ff460 sh\n  720     1   720     0  Ss      select   0xffffff0003985b40 syslogd\n  582     1   582     0  Ss      select   0xffffff00036d4940 devd\n   25     1    25     0  Ss+     wait     0xffffff00034938c0 sh\n   24     0     0     0  SL      flowclea 0xffffffff80abf5d0 [flowcleaner]\n   23     0     0     0  SL      sdflush  0xffffffff80ad0ef8 [softdepflush]\n   22     0     0     0  SL      vlruwt   0xffffff0003065000 [vnlru]\n   21     0     0     0  SL      syncer   0xffffffff80abf320 [syncer]\n   20     0     0     0  SL      psleep   0xffffffff80abee48 [bufdaemon]\n   19     0     0     0  SL      pgzero   0xffffffff80ad298c [pagezero]\n   18     0     0     0  SL      psleep   0xffffffff80ad1d28 [vmdaemon]\n   17     0     0     0  SL      psleep   0xffffffff80ad1cec [pagedaemon]\n   16     0     0     0  SL      ccb_scan 0xffffffff808e0760 [xpt_thrd]\n   15     0     0     0  SL      jsw:wait 0xffffffff808fa450 [g_journal switcher]\n    9     0     0     0  SL      pftm     0xffffffff801d8d80 [pfpurge]\n    8     0     0     0  SL      waiting_ 0xffffffff80ac48e0 [sctp_iterator]\n    7     0     0     0  SL      (threaded)                  zfskern\n100098                   D       tx-\u003etx_s 0xffffff0003196a40 [txg_thread_enter]\n100097                   D       tx-\u003etx_q 0xffffff0003196a60 [txg_thread_enter]\n100057                   D       l2arc_fe 0xffffffff80d5ffc0 [l2arc_feed_thread]\n100056                   D       arc_recl 0xffffffff80d50120 [arc_reclaim_thread]\n   14     0     0     0  SL      (threaded)                  usb\n[... usb bus ...]\n    6     0     0     0  SL      crypto_r 0xffffffff80acfd40 [crypto returns]\n    5     0     0     0  SL      crypto_w 0xffffffff80acfd00 [crypto]\n   13     0     0     0  SL      -        0xffffffff808fdd44 [yarrow]\n    4     0     0     0  SL      -        0xffffffff808fa3c8 [g_down]\n    3     0     0     0  SL      -        0xffffffff808fa3c0 [g_up]\n    2     0     0     0  SL      -        0xffffffff808fa3b0 [g_event]\n   12     0     0     0  WL      (threaded)                  intr\n100053                   I                                   [irq1: atkbd0]\n100052                   I                                   [swi0: uart]\n100051                   I                                   [irq14: ata0]\n100042                   I                                   [irq16: uhci3]\n100037                   I                                   [irq18: uhci2]\n100032                   I                                   [irq19: uhci1+]\n100027                   I                                   [irq23: uhci0 ehci0]\n100025                   I                                   [irq9: acpi0]\n100023                   I                                   [swi2: cambio]\n100019                   I                                   [swi6: task queue]\n100018                   I                                   [swi6: Giant taskq]\n100016                   I                                   [swi5: +]\n100008                   I                                   [swi4: clock]\n100007                   I                                   [swi4: clock]\n100006                   I                                   [swi3: vm]\n100005                   I                                   [swi1: netisr 0]\n   11     0     0     0  RL      (threaded)                  idle\n100004                   Run     CPU 0                       [idle: cpu0]\n100003                   CanRun                              [idle: cpu1]\n    1     0     1     0  SLs     wait     0xffffff000149d8c0 [init]\n   10     0     0     0  SL      audit_wo 0xffffffff80ad0250 [audit]\n    0     0     0     0  SLs     (threaded)                  kernel\n100141                   D       -        0xffffff00036d5a00 [zil_clean]\n[... zil_clean ...]\n100096                   D       -        0xffffff00030b8000 [zfs_vn_rele_taskq]\n100095                   D       -        0xffffff00030b8700 [spa_zio]\n[... spa_zio ... ]\n100055                   D       -        0xffffff0001fb4c00 [system_taskq_1]\n100054                   D       -        0xffffff0001fb4c00 [system_taskq_0]\n100026                   D       -        0xffffff0001700600 [alc0 taskq]\n100024                   D       -        0xffffff0001589c80 [kqueue taskq]\n100022                   D       -        0xffffff000158a100 [acpi_task_2]\n100021                   D       -        0xffffff000158a100 [acpi_task_1]\n100020                   D       -        0xffffff000158a100 [acpi_task_0]\n100017                   D       -        0xffffff000152ea00 [thread taskq]\n100012                   D       -        0xffffff000149ad80 [firmware taskq]\n100000                   D       sched    0xffffffff808fa5c0 [swapper]\n\n\nif you're interested by a proccess trace just ask."
}