{
 "id": 691952,
 "bug_id": 173541,
 "attachment_id": 0,
 "creation_time": "2013-01-03T22:19:00Z",
 "creator": "je.broman@gmail.com",
 "text": "Hi!\n\nI'm getting the exact same issue. Upgraded from FreeBSD 9.0 to FreeBSD 9.1\nand my load avg jumped from 0.01 to 0.60, while the server is doing pretty\nmuch nothing at all.\n\nI'm also seeing the timer differences in dmesg as described earlier in the\nbug report.\n\n# sysctl -a | egrep \"kern.event|clock\"\nkern.clockrate: { hz = 1000, tick = 1000, profhz = 8126, stathz = 127 }\nkern.eventtimer.choice: HPET(450) HPET1(440) HPET2(440) LAPIC(400)\ni8254(100) RTC(0)\nkern.eventtimer.et.LAPIC.flags: 15\nkern.eventtimer.et.LAPIC.frequency: 0\nkern.eventtimer.et.LAPIC.quality: 400\nkern.eventtimer.et.i8254.flags: 1\nkern.eventtimer.et.i8254.frequency: 1193182\nkern.eventtimer.et.i8254.quality: 100\nkern.eventtimer.et.RTC.flags: 17\nkern.eventtimer.et.RTC.frequency: 32768\nkern.eventtimer.et.RTC.quality: 0\nkern.eventtimer.et.HPET.flags: 3\nkern.eventtimer.et.HPET.frequency: 14318180\nkern.eventtimer.et.HPET.quality: 450\nkern.eventtimer.et.HPET1.flags: 3\nkern.eventtimer.et.HPET1.frequency: 14318180\nkern.eventtimer.et.HPET1.quality: 440\nkern.eventtimer.et.HPET2.flags: 3\nkern.eventtimer.et.HPET2.frequency: 14318180\nkern.eventtimer.et.HPET2.quality: 440\nkern.eventtimer.periodic: 0\nkern.eventtimer.timer: HPET\nkern.eventtimer.activetick: 1\nkern.eventtimer.idletick: 0\nkern.eventtimer.singlemul: 2\ndebug.acpi.reset_clock: 1\ndebug.clocktime: 0\nhw.clockrate: 2133\nmachdep.wall_cmos_clock: 0\ndev.atrtc.0.%desc: AT realtime clock\n\n\n# dmesg | more\nCopyright (c) 1992-2012 The FreeBSD Project.\nCopyright (c) 1979, 1980, 1983, 1986, 1988, 1989, 1991, 1992, 1993, 1994\n        The Regents of the University of California. All rights reserved.\nFreeBSD is a registered trademark of The FreeBSD Foundation.\nFreeBSD 9.1-RELEASE #0 r243825: Tue Dec  4 09:23:10 UTC 2012\n    root@farrell.cse.buffalo.edu:/usr/obj/usr/src/sys/GENERIC amd64\nCPU: Intel(R) Core(TM)2 CPU          6400  @ 2.13GHz (2133.45-MHz K8-class\nCPU)\n  Origin = \"GenuineIntel\"  Id = 0x6f2  Family = 6  Model = f  Stepping = 2\n\nFeatures=0xbfebfbff\u003cFPU,VME,DE,PSE,TSC,MSR,PAE,MCE,CX8,APIC,SEP,MTRR,PGE,MCA,CMOV,PAT,PSE36,CLFLUSH,DTS,ACPI,MMX,FXSR,SSE,SSE2,SS,HTT,TM,PBE\u003e\n  Features2=0xe3bd\u003cSSE3,DTES64,MON,DS_CPL,VMX,EST,TM2,SSSE3,CX16,xTPR,PDCM\u003e\n  AMD Features=0x20100800\u003cSYSCALL,NX,LM\u003e\n  AMD Features2=0x1\u003cLAHF\u003e\n  TSC: P-state invariant, performance statistics\nreal memory  = 4296015872 (4097 MB)\navail memory = 4101558272 (3911 MB)\nEvent timer \"LAPIC\" quality 400\nACPI APIC Table: \u003cCOMPAQ GLENWOOD\u003e\nFreeBSD/SMP: Multiprocessor System Detected: 2 CPUs\nFreeBSD/SMP: 1 package(s) x 2 core(s)\n cpu0 (BSP): APIC ID:  0\n cpu1 (AP): APIC ID:  1\nioapic0: Changing APIC ID to 1\nioapic0 \u003cVersion 2.0\u003e irqs 0-23 on motherboard\nkbd1 at kbdmux0\nacpi0: \u003cHPQOEM SLIC-WKS\u003e on motherboard\nacpi0: Power Button (fixed)\nacpi0: reservation of 0, a0000 (3) failed\nacpi0: reservation of 100000, dff00000 (3) failed\ncpu0: \u003cACPI CPU\u003e on acpi0\ncpu1: \u003cACPI CPU\u003e on acpi0\nattimer0: \u003cAT timer\u003e port 0x40-0x43 irq 0 on acpi0\nTimecounter \"i8254\" frequency 1193182 Hz quality 0\nEvent timer \"i8254\" frequency 1193182 Hz quality 100\natrtc0: \u003cAT realtime clock\u003e port 0x70-0x71 irq 8 on acpi0\nEvent timer \"RTC\" frequency 32768 Hz quality 0\nhpet1: \u003cHigh Precision Event Timer\u003e iomem 0xfed00000-0xfed003ff on acpi0\nEvent timer \"HPET\" frequency 14318180 Hz quality 450\nEvent timer \"HPET1\" frequency 14318180 Hz quality 440\nEvent timer \"HPET2\" frequency 14318180 Hz quality 440\nhpet0: \u003cHigh Precision Event Timer\u003e iomem 0xfed00000-0xfed003ff on acpi0\ndevice_attach: hpet0 attach returned 12\nTimecounter \"ACPI-fast\" frequency 3579545 Hz quality 900\nacpi_timer0: \u003c24-bit timer at 3.579545MHz\u003e port 0xf808-0xf80b on acpi0\n\nRegards\nJohan"
}