{
 "id": 540462,
 "bug_id": 143074,
 "attachment_id": 0,
 "creation_time": "2010-02-10T14:54:17Z",
 "creator": "dima@yasp.com",
 "text": "I have more info for this panic:\n\nToshiba Portege 3500 Notebook with FreeBSD 8.0 i386 installed.\n\n#ifconfig wi0 up\n#ifconfig wi0 scan\nifconfig: unable to get scan results\n\nAnd after couple of seconds it crashes:\n\nFatal trap 12: page fault while in kernel mode\ncpuid = 0; apic id = 00\nfault virtual address    = 0x2c8\nfault code               = supervisor read, page not present\ninstruction pointer      = 0x20:0xc07fs1ff\nstack pointer            = 0x28:0xd49eac18\nframe pointer            = 0x28:0xd49eac54\ncode segment             = base 0x0, limit 0xfffff, type 0x1b\n                         = DPL 0, pres 1, def32 1, gran 1\nprocessor eflags         = interrupt enabled, resume, IOPL = 0\ncurrent process          = 12 (irq11: cbb0 cbb1++*)\ntrap number              = 12\npanic: page fault\ncpuid = 0\n\n\n\n\n$ dmesg\nCopyright (c) 1992-2010 The FreeBSD Project.\nCopyright (c) 1979, 1980, 1983, 1986, 1988, 1989, 1991, 1992, 1993, 1994\n        The Regents of the University of California. All rights reserved.\nFreeBSD is a registered trademark of The FreeBSD Foundation.             \nFreeBSD 8.0-STABLE #1: Tue Feb  9 16:12:10 MSK 2010                      \n    root@yota.home.lan:/usr/obj/usr/src/sys/GENERIC i386                 \nTimecounter \"i8254\" frequency 1193182 Hz quality 0                       \nCPU: Mobile Intel(R) Pentium(R) III CPU - M  1333MHz (1298.74-MHz 686-class CPU)\n  Origin = \"GenuineIntel\"  Id = 0x6b4  Stepping = 4                             \n  Features=0x383f9ff\u003cFPU,VME,DE,PSE,TSC,MSR,PAE,MCE,CX8,SEP,MTRR,PGE,MCA,CMOV,PAT,PSE36,MMX,FXSR,SSE\u003e\nreal memory  = 536870912 (512 MB)                                                                    \navail memory = 494129152 (471 MB)                                                                    \nkbd1 at kbdmux0                                                                                      \nacpi0: \u003cTOSHIB 750\u003e on motherboard                                                                   \nacpi0: [ITHREAD]                                                                                     \nacpi0: Power Button (fixed)                                                                          \nacpi0: reservation of 0, a0000 (3) failed                                                            \nacpi0: reservation of 100000, 1eef0000 (3) failed                                                    \nTimecounter \"ACPI-safe\" frequency 3579545 Hz quality 850                                             \nacpi_timer0: \u003c24-bit timer at 3.579545MHz\u003e port 0xd808-0xd80b on acpi0                               \npcib0: \u003cACPI Host-PCI bridge\u003e port 0xcf8-0xcff on acpi0                                              \npci0: \u003cACPI PCI bus\u003e on pcib0                                                                        \npcib1: \u003cACPI PCI-PCI bridge\u003e at device 1.0 on pci0                                                   \npci1: \u003cACPI PCI bus\u003e on pcib1                                                                        \nvgapci0: \u003cVGA-compatible display\u003e mem 0xfc000000-0xfdffffff,0xfbc00000-0xfbffffff,0xf8000000-0xf9ffffff,0xf7ff8000-0xf7ffffff irq 11 at device 0.0 on pci1\natapci0: \u003cAcerLabs M5229 UDMA66 controller\u003e port 0x1f0-0x1f7,0x3f6,0x170-0x177,0x376,0xeff0-0xefff at device 4.0 on pci0                                  \natapci0: using PIO transfers above 137GB as workaround for 48bit DMA access bug, expect reduced performance                                               \nata0: \u003cATA channel 0\u003e on atapci0                                                                                                                          \nata0: [ITHREAD]                                                                                                                                           \nata1: \u003cATA channel 1\u003e on atapci0                                                                                                                          \nata1: [ITHREAD]                                                                                                                                           \npci0: \u003cmultimedia, audio\u003e at device 6.0 (no driver attached)                                                                                              \nisab0: \u003cPCI-ISA bridge\u003e at device 7.0 on pci0                                                                                                             \nisa0: \u003cISA bus\u003e on isab0                                                                                                                                  \npci0: \u003cbridge\u003e at device 8.0 (no driver attached)                                                                                                         \nfxp0: \u003cIntel 82551QM Pro/100 M Mobile Connection\u003e port 0xeb40-0xeb7f mem 0xf7efe000-0xf7efefff,0xf7ec0000-0xf7edffff irq 11 at device 10.0 on pci0        \nmiibus0: \u003cMII bus\u003e on fxp0                                                                                                                                \ninphy0: \u003ci82555 10/100 media interface\u003e PHY 1 on miibus0                                                                                                  \ninphy0:  10baseT, 10baseT-FDX, 100baseTX, 100baseTX-FDX, auto                                                                                             \nfxp0: Ethernet address: 00:08:0d:ac:a6:13                                                                                                                 \nfxp0: [ITHREAD]                                                                                                                                           \nohci0: \u003cNEC uPD 9210 USB controller\u003e mem 0xf7ebf000-0xf7ebffff irq 11 at device 12.0 on pci0                                                              \nohci0: [ITHREAD]                                                                                                                                          \nusbus0: \u003cNEC uPD 9210 USB controller\u003e on ohci0                                                                                                            \nohci1: \u003cNEC uPD 9210 USB controller\u003e mem 0xf7ebe000-0xf7ebefff irq 11 at device 12.1 on pci0                                                              \nohci1: [ITHREAD]                                                                                                                                          \nusbus1: \u003cNEC uPD 9210 USB controller\u003e on ohci1                                                                                                            \nehci0: \u003cNEC uPD 720100 USB 2.0 controller\u003e mem 0xf7ebdf00-0xf7ebdfff irq 11 at device 12.2 on pci0                                                        \nehci0: [ITHREAD]                                                                                                                                          \nusbus2: EHCI version 0.95                                                                                                                                 \nusbus2: \u003cNEC uPD 720100 USB 2.0 controller\u003e on ehci0                                                                                                      \ncbb0: \u003cTI1410 PCI-CardBus Bridge\u003e at device 16.0 on pci0                                                                                                  \ncardbus0: \u003cCardBus bus\u003e on cbb0                                                                                                                           \npccard0: \u003c16-bit PCCard bus\u003e on cbb0                                                                                                                      \ncbb0: [FILTER]                                                                                                                                            \ncbb1: \u003cToPIC100 PCI-CardBus Bridge\u003e at device 17.0 on pci0                                                                                                \ncardbus1: \u003cCardBus bus\u003e on cbb1                                                                                                                           \npccard1: \u003c16-bit PCCard bus\u003e on cbb1                                                                                                                      \ncbb1: [FILTER]                                                                                                                                            \ncbb2: \u003cToPIC100 PCI-CardBus Bridge\u003e at device 17.1 on pci0                                                                                                \ncardbus2: \u003cCardBus bus\u003e on cbb2                                                                                                                           \npccard2: \u003c16-bit PCCard bus\u003e on cbb2                                                                                                                      \ncbb2: [FILTER]                                                                                                                                            \npci0: \u003cbase peripheral\u003e at device 18.0 (no driver attached)                                                                                               \nacpi_button0: \u003cPower Button\u003e on acpi0                                                                                                                     \nacpi_lid0: \u003cControl Method Lid Switch\u003e on acpi0                                                                                                           \nbattery0: \u003cACPI Control Method Battery\u003e on acpi0                                                                                                          \nacpi_acad0: \u003cAC Adapter\u003e on acpi0                                                                                                                         \nacpi_tz0: \u003cThermal Zone\u003e on acpi0                                                                                                                         \natkbdc0: \u003cKeyboard controller (i8042)\u003e port 0x60,0x64 irq 1 on acpi0                                                                                      \natkbd0: \u003cAT Keyboard\u003e irq 1 on atkbdc0                                                                                                                    \nkbd0 at atkbd0                                                                                                                                            \natkbd0: [GIANT-LOCKED]                                                                                                                                    \natkbd0: [ITHREAD]                                                                                                                                         \npsm0: \u003cPS/2 Mouse\u003e irq 12 on atkbdc0                                                                                                                      \npsm0: [GIANT-LOCKED]                                                                                                                                      \npsm0: [ITHREAD]                                                                                                                                           \npsm0: model GlidePoint, device ID 0                                                                                                                       \natrtc0: \u003cAT realtime clock\u003e port 0x70-0x71 irq 8 on acpi0                                                                                                 \nuart2: \u003c16550 or compatible\u003e port 0x338-0x33f irq 4 on acpi0                                                                                              \nuart2: [FILTER]                                                                                                                                           \ncpu0: \u003cACPI CPU\u003e on acpi0                                                                                                                                 \nacpi_perf0: \u003cACPI CPU Frequency Control\u003e on cpu0                                                                                                          \npmtimer0 on isa0                                                                                                                                          \norm0: \u003cISA Option ROMs\u003e at iomem 0xc0000-0xcbfff,0xe0000-0xeffff pnpid ORM0000 on isa0                                                                    \nsc0: \u003cSystem console\u003e at flags 0x100 on isa0                                                                                                              \nsc0: VGA \u003c16 virtual consoles, flags=0x300\u003e                                                                                                               \nvga0: \u003cGeneric ISA VGA\u003e at port 0x3c0-0x3df iomem 0xa0000-0xbffff on isa0                                                                                 \nppc0: parallel port not found.                                                                                                                            \nTimecounter \"TSC\" frequency 1298744886 Hz quality 800                                                                                                     \nTimecounters tick every 1.000 msec                                                                                                                        \nusbus0: 12Mbps Full Speed USB v1.0\nusbus1: 12Mbps Full Speed USB v1.0\nusbus2: 480Mbps High Speed USB v2.0\nad0: 38154MB \u003cTOSHIBA MK4019GAX FA003E\u003e at ata0-master UDMA66\nugen0.1: \u003cNEC\u003e at usbus0\nuhub0: \u003cNEC OHCI root HUB, class 9/0, rev 1.00/1.00, addr 1\u003e on usbus0\nugen1.1: \u003cNEC\u003e at usbus1\nuhub1: \u003cNEC OHCI root HUB, class 9/0, rev 1.00/1.00, addr 1\u003e on usbus1\nugen2.1: \u003cNEC\u003e at usbus2\nuhub2: \u003cNEC EHCI root HUB, class 9/0, rev 2.00/1.00, addr 1\u003e on usbus2\ninterrupt storm detected on \"irq11:\"; throttling interrupt source\nwi0: \u003cTOSHIBA Wireless LAN Card\u003e at port 0x100-0x13f irq 11 function 0 config 1 on pccard0\nwi0: [ITHREAD]\nuhub1: 2 ports with 2 removable, self powered\nRoot mount waiting for: usbus2 usbus0\nuhub0: 3 ports with 3 removable, self powered\nRoot mount waiting for: usbus2\nuhub2: 5 ports with 5 removable, self powered\nTrying to mount root from ufs:/dev/ad0s1a\n\n\n$ vmstat -i\ninterrupt                          total       rate\nirq0: clk                         125738        997\nirq1: atkbd0                          35          0\nirq8: rtc                          16096        127\nirq9: acpi0                           17          0\nirq11: cbb0 cbb1++*                 1139          9\nirq14: ata0                         7050         55\nTotal                             150075       1191\n\n-------------------\n\nI can test bug-fixes and report back any info you would be interested in.\n\nThanks,\n\n-Dmitry\n\n\n-- \nó Õ×ÁÖÅÎÉÅÍ,\n  äÍÉÔÒÉÊ äÏÒÏÆÅÅ×,\n  ïïï \"ñóð\",\n  çÅÎÅÒÁÌØÎÙÊ ÄÉÒÅËÔÏÒ\n  +7 812 412 1076"
}