{
 "id": 840302,
 "bug_id": 203100,
 "attachment_id": 0,
 "creation_time": "2015-09-14T13:27:17Z",
 "creator": "djn@araxis.com",
 "text": "I have seen this same trap twice over the last few days using the 10.2-RELEASE GENERIC kernel, though I cannot reproduce it at will. On both occasions, the trap occurred while running an 'iocage -f destroy' on a jail – iocage is a jail management utility (see https://github.com/iocage/iocage) implemented using /bin/sh, and I don’t believe is doing anything too esoteric.\n\nFirst time:\n\nSep 12 09:09:57 bhs-0 kernel: Fatal trap 12: page fault while in kernel mode\nSep 12 09:09:57 bhs-0 kernel: cpuid = 5; apic id = 05\nSep 12 09:09:57 bhs-0 kernel: fault virtual address     = 0x38\nSep 12 09:09:58 bhs-0 kernel: fault code                = supervisor read data, page not present\nSep 12 09:09:58 bhs-0 kernel: instruction pointer       = 0x20:0xffffffff809e58fd\nSep 12 09:09:58 bhs-0 kernel: stack pointer             = 0x28:0xfffffe2021dc64c0\nSep 12 09:09:58 bhs-0 kernel: frame pointer             = 0x28:0xfffffe2021dc64f0\nSep 12 09:09:58 bhs-0 kernel: code segment              = base 0x0, limit 0xfffff, type 0x1b\nSep 12 09:09:58 bhs-0 kernel: = DPL 0, pres 1, long 1, def32 0, gran 1\nSep 12 09:09:58 bhs-0 kernel: processor eflags  =\n\nSecond time:\n\nSep 14 12:57:19 bhs-0 kernel: Fatal trap 12: page fault while in kernel mode\nSep 14 12:57:19 bhs-0 kernel: cpuid = 12; apic id = 0c\nSep 14 12:57:19 bhs-0 kernel: fault virtual address     = 0x38\nSep 14 12:57:20 bhs-0 kernel: fault code                = supervisor read data, page not present\nSep 14 12:57:20 bhs-0 kernel: instruction pointer       = 0x20:0xffffffff809e58fd\nSep 14 12:57:20 bhs-0 kernel: stack pointer             = 0x28:0xfffffe2021db24c0\nSep 14 12:57:20 bhs-0 kernel: frame pointer             = 0x28:0xfffffe2021db24f0\nSep 14 12:57:20 bhs-0 kernel: code segment              = base 0x0, limit 0xfffff, type 0x1b\nSep 14 12:57:20 bhs-0 kernel: = DPL 0, pres 1, long 1, def32 0, gran 1\n\nnm suggests the problem may be in __vfs_statfs:\n\n# nm -n /boot/kernel/kernel.symbols |grep ffffffff809e58f\nffffffff809e58f0 T __vfs_statfs\n\nI did not have a dumpdev configured, so unfortunately I do not have a crash dump. I have now configured dumpdev, and will endeavour to capture a crash dump if this problem happens again (note, however, that I only have 4GB of swap space and 128 GB of RAM, so I’m not sure whether a crash dump will be successful).\n\nHere’s the relevant chunk of dmesg output describing my hardware:\n\nCopyright (c) 1992-2015 The FreeBSD Project.\nCopyright (c) 1979, 1980, 1983, 1986, 1988, 1989, 1991, 1992, 1993, 1994\n\tThe Regents of the University of California. All rights reserved.\nFreeBSD is a registered trademark of The FreeBSD Foundation.\nFreeBSD 10.2-RELEASE #0 r286666: Wed Aug 12 15:26:37 UTC 2015\n    root@releng1.nyi.freebsd.org:/usr/obj/usr/src/sys/GENERIC amd64\nFreeBSD clang version 3.4.1 (tags/RELEASE_34/dot1-final 208032) 20140512\nCPU: Intel(R) Xeon(R) CPU E5-2650 v2 @ 2.60GHz (2600.05-MHz K8-class CPU)\n  Origin=\"GenuineIntel\"  Id=0x306e4  Family=0x6  Model=0x3e  Stepping=4\n  Features=0xbfebfbff\u003cFPU,VME,DE,PSE,TSC,MSR,PAE,MCE,CX8,APIC,SEP,MTRR,PGE,MCA,CMOV,PAT,PSE36,CLFLUSH,DTS,ACPI,MMX,FXSR,SSE,SSE2,SS,HTT,TM,PBE\u003e\n  Features2=0x7fbee3ff\u003cSSE3,PCLMULQDQ,DTES64,MON,DS_CPL,VMX,SMX,EST,TM2,SSSE3,CX16,xTPR,PDCM,PCID,DCA,SSE4.1,SSE4.2,x2APIC,POPCNT,TSCDLT,AESNI,XSAVE,OSXSAVE,AVX,F16C,RDRAND\u003e\n  AMD Features=0x2c100800\u003cSYSCALL,NX,Page1GB,RDTSCP,LM\u003e\n  AMD Features2=0x1\u003cLAHF\u003e\n  Structured Extended Features=0x281\u003cFSGSBASE,SMEP,ERMS\u003e\n  XSAVE Features=0x1\u003cXSAVEOPT\u003e\n  VT-x: PAT,HLT,MTF,PAUSE,EPT,UG,VPID,VID,PostIntr\n  TSC: P-state invariant, performance statistics\nreal memory  = 137447342080 (131080 MB)\navail memory = 133482815488 (127299 MB)\nEvent timer \"LAPIC\" quality 600\nACPI APIC Table: \u003c \u003e\nFreeBSD/SMP: Multiprocessor System Detected: 16 CPUs\nFreeBSD/SMP: 1 package(s) x 8 core(s) x 2 SMT threads\n cpu0 (BSP): APIC ID:  0\n cpu1 (AP): APIC ID:  1\n cpu2 (AP): APIC ID:  2\n cpu3 (AP): APIC ID:  3\n cpu4 (AP): APIC ID:  4\n cpu5 (AP): APIC ID:  5\n cpu6 (AP): APIC ID:  6\n cpu7 (AP): APIC ID:  7\n cpu8 (AP): APIC ID:  8\n cpu9 (AP): APIC ID:  9\n cpu10 (AP): APIC ID: 10\n cpu11 (AP): APIC ID: 11\n cpu12 (AP): APIC ID: 12\n cpu13 (AP): APIC ID: 13\n cpu14 (AP): APIC ID: 14\n cpu15 (AP): APIC ID: 15\nioapic0 \u003cVersion 2.0\u003e irqs 0-23 on motherboard\nioapic1 \u003cVersion 2.0\u003e irqs 24-47 on motherboard\nrandom: \u003cSoftware, Yarrow\u003e initialized\nkbd1 at kbdmux0\ncryptosoft0: \u003csoftware crypto\u003e on motherboard\naesni0: \u003cAES-CBC,AES-XTS\u003e on motherboard\nacpi0: \u003cSUPERM SMCI--MB\u003e on motherboard\nacpi0: Power Button (fixed)\ncpu0: \u003cACPI CPU\u003e on acpi0\ncpu1: \u003cACPI CPU\u003e on acpi0\ncpu2: \u003cACPI CPU\u003e on acpi0\ncpu3: \u003cACPI CPU\u003e on acpi0\ncpu4: \u003cACPI CPU\u003e on acpi0\ncpu5: \u003cACPI CPU\u003e on acpi0\ncpu6: \u003cACPI CPU\u003e on acpi0\ncpu7: \u003cACPI CPU\u003e on acpi0\ncpu8: \u003cACPI CPU\u003e on acpi0\ncpu9: \u003cACPI CPU\u003e on acpi0\ncpu10: \u003cACPI CPU\u003e on acpi0\ncpu11: \u003cACPI CPU\u003e on acpi0\ncpu12: \u003cACPI CPU\u003e on acpi0\ncpu13: \u003cACPI CPU\u003e on acpi0\ncpu14: \u003cACPI CPU\u003e on acpi0\ncpu15: \u003cACPI CPU\u003e on acpi0\nattimer0: \u003cAT timer\u003e port 0x40-0x43 irq 0 on acpi0\nTimecounter \"i8254\" frequency 1193182 Hz quality 0\nEvent timer \"i8254\" frequency 1193182 Hz quality 100\natrtc0: \u003cAT realtime clock\u003e port 0x70-0x71 irq 8 on acpi0\nEvent timer \"RTC\" frequency 32768 Hz quality 0\nhpet0: \u003cHigh Precision Event Timer\u003e iomem 0xfed00000-0xfed003ff on acpi0\nTimecounter \"HPET\" frequency 14318180 Hz quality 950\nEvent timer \"HPET\" frequency 14318180 Hz quality 350\nEvent timer \"HPET1\" frequency 14318180 Hz quality 340\nEvent timer \"HPET2\" frequency 14318180 Hz quality 340\nEvent timer \"HPET3\" frequency 14318180 Hz quality 340\nEvent timer \"HPET4\" frequency 14318180 Hz quality 340\nEvent timer \"HPET5\" frequency 14318180 Hz quality 340\nEvent timer \"HPET6\" frequency 14318180 Hz quality 340\nEvent timer \"HPET7\" frequency 14318180 Hz quality 340\nTimecounter \"ACPI-fast\" frequency 3579545 Hz quality 900\nacpi_timer0: \u003c24-bit timer at 3.579545MHz\u003e port 0x408-0x40b on acpi0\npcib0: \u003cACPI Host-PCI bridge\u003e port 0xcf8-0xcff on acpi0\npci0: \u003cACPI PCI bus\u003e on pcib0\npcib1: \u003cACPI PCI-PCI bridge\u003e irq 27 at device 1.0 on pci0\npci1: \u003cACPI PCI bus\u003e on pcib1\nix0: \u003cIntel(R) PRO/10GbE PCI-Express Network Driver, Version - 2.8.3\u003e port 0xe020-0xe03f mem 0xfa200000-0xfa3fffff,0xfa404000-0xfa407fff irq 16 at device 0.0 on pci1\nix0: Using MSIX interrupts with 9 vectors\nix0: Ethernet address: 0c:c4:7a:1d:a1:5a\nix0: PCI Express Bus: Speed 5.0GT/s Width x8\nix1: \u003cIntel(R) PRO/10GbE PCI-Express Network Driver, Version - 2.8.3\u003e port 0xe000-0xe01f mem 0xfa000000-0xfa1fffff,0xfa400000-0xfa403fff irq 17 at device 0.1 on pci1\nix1: Using MSIX interrupts with 9 vectors\nix1: Ethernet address: 0c:c4:7a:1d:a1:5b\nix1: PCI Express Bus: Speed 5.0GT/s Width x8\npcib2: \u003cACPI PCI-PCI bridge\u003e irq 33 at device 2.0 on pci0\npci3: \u003cACPI PCI bus\u003e on pcib2\npcib3: \u003cACPI PCI-PCI bridge\u003e irq 41 at device 3.0 on pci0\npci4: \u003cACPI PCI bus\u003e on pcib3\nmps0: \u003cAvago Technologies (LSI) SAS2308\u003e port 0xd000-0xd0ff mem 0xfbe40000-0xfbe4ffff,0xfbe00000-0xfbe3ffff irq 40 at device 0.0 on pci4\nmps0: Firmware: 19.00.00.00, Driver: 20.00.00.00-fbsd\nmps0: IOCCapabilities: 4185c\u003cScsiTaskFull,DiagTrace,SnapBuf,EEDP,TransRetry,IR\u003e\npcib4: \u003cACPI PCI-PCI bridge\u003e irq 41 at device 3.2 on pci0\npci5: \u003cACPI PCI bus\u003e on pcib4\npcib5: \u003cACPI PCI-PCI bridge\u003e irq 16 at device 17.0 on pci0\npci6: \u003cACPI PCI bus\u003e on pcib5\npci0: \u003csimple comms\u003e at device 22.0 (no driver attached)\npci0: \u003csimple comms\u003e at device 22.1 (no driver attached)\nehci0: \u003cIntel Patsburg USB 2.0 controller\u003e mem 0xfbf23000-0xfbf233ff irq 16 at device 26.0 on pci0\nusbus0: EHCI version 1.0\nusbus0 on ehci0\nehci1: \u003cIntel Patsburg USB 2.0 controller\u003e mem 0xfbf22000-0xfbf223ff irq 23 at device 29.0 on pci0\nusbus1: EHCI version 1.0\nusbus1 on ehci1\npcib6: \u003cACPI PCI-PCI bridge\u003e at device 30.0 on pci0\npci7: \u003cACPI PCI bus\u003e on pcib6\nvgapci0: \u003cVGA-compatible display\u003e mem 0xf9000000-0xf9ffffff,0xfb800000-0xfb803fff,0xfb000000-0xfb7fffff irq 16 at device 4.0 on pci7\nvgapci0: Boot video device\nisab0: \u003cPCI-ISA bridge\u003e at device 31.0 on pci0\nisa0: \u003cISA bus\u003e on isab0\nahci0: \u003cIntel Patsburg AHCI SATA controller\u003e port 0xf050-0xf057,0xf040-0xf043,0xf030-0xf037,0xf020-0xf023,0xf000-0xf01f mem 0xfbf21000-0xfbf217ff irq 18 at device 31.2 on pci0\nahci0: AHCI v1.30 with 6 6Gbps ports, Port Multiplier not supported\nahcich0: \u003cAHCI channel\u003e at channel 0 on ahci0\nahcich1: \u003cAHCI channel\u003e at channel 1 on ahci0\nahcich2: \u003cAHCI channel\u003e at channel 2 on ahci0\nahcich3: \u003cAHCI channel\u003e at channel 3 on ahci0\nahcich4: \u003cAHCI channel\u003e at channel 4 on ahci0\nahcich5: \u003cAHCI channel\u003e at channel 5 on ahci0\nahciem0: \u003cAHCI enclosure management bridge\u003e on ahci0\npcib7: \u003cACPI Host-PCI bridge\u003e on acpi0\npci255: \u003cACPI PCI bus\u003e on pcib7\nacpi_button0: \u003cPower Button\u003e on acpi0\nuart0: \u003c16550 or compatible\u003e port 0x3f8-0x3ff irq 4 flags 0x10 on acpi0\nuart1: \u003c16550 or compatible\u003e port 0x2f8-0x2ff irq 3 on acpi0\nuart2: \u003c16550 or compatible\u003e port 0x3e8-0x3ef irq 10 on acpi0\nuart2: console (115200,n,8,1)\norm0: \u003cISA Option ROMs\u003e at iomem 0xc0000-0xc7fff,0xce000-0xcefff on isa0\nsc0: \u003cSystem console\u003e at flags 0x100 on isa0\nsc0: VGA \u003c16 virtual consoles, flags=0x300\u003e\nvga0: \u003cGeneric ISA VGA\u003e at port 0x3c0-0x3df iomem 0xa0000-0xbffff on isa0\nppc0: cannot reserve I/O port range\nest0: \u003cEnhanced SpeedStep Frequency Control\u003e on cpu0\nest1: \u003cEnhanced SpeedStep Frequency Control\u003e on cpu1\nest2: \u003cEnhanced SpeedStep Frequency Control\u003e on cpu2\nest3: \u003cEnhanced SpeedStep Frequency Control\u003e on cpu3\nest4: \u003cEnhanced SpeedStep Frequency Control\u003e on cpu4\nest5: \u003cEnhanced SpeedStep Frequency Control\u003e on cpu5\nest6: \u003cEnhanced SpeedStep Frequency Control\u003e on cpu6\nest7: \u003cEnhanced SpeedStep Frequency Control\u003e on cpu7\nest8: \u003cEnhanced SpeedStep Frequency Control\u003e on cpu8\nest9: \u003cEnhanced SpeedStep Frequency Control\u003e on cpu9\nest10: \u003cEnhanced SpeedStep Frequency Control\u003e on cpu10\nest11: \u003cEnhanced SpeedStep Frequency Control\u003e on cpu11\nest12: \u003cEnhanced SpeedStep Frequency Control\u003e on cpu12\nest13: \u003cEnhanced SpeedStep Frequency Control\u003e on cpu13\nest14: \u003cEnhanced SpeedStep Frequency Control\u003e on cpu14\nest15: \u003cEnhanced SpeedStep Frequency Control\u003e on cpu15\nrandom: unblocking device.\nusbus0: 480Mbps High Speed USB v2.0\nZFS filesystem version: 5\nZFS storage pool version: features support (5000)\nTimecounters tick every 1.000 msec\nusbus1: 480Mbps High Speed USB v2.0\nugen0.1: \u003cIntel\u003e at usbus0\nuhub0: \u003cIntel EHCI root HUB, class 9/0, rev 2.00/1.00, addr 1\u003e on usbus0\nugen1.1: \u003cIntel\u003e at usbus1\nuhub1: \u003cIntel EHCI root HUB, class 9/0, rev 2.00/1.00, addr 1\u003e on usbus1\nuhub0: 2 ports with 2 removable, self powered\nuhub1: 2 ports with 2 removable, self powered\nugen0.2: \u003cvendor 0x8087\u003e at usbus0\nuhub2: \u003cvendor 0x8087 product 0x0024, class 9/0, rev 2.00/0.00, addr 2\u003e on usbus0\nugen1.2: \u003cvendor 0x8087\u003e at usbus1\nuhub3: \u003cvendor 0x8087 product 0x0024, class 9/0, rev 2.00/0.00, addr 2\u003e on usbus1\nmps0: SAS Address for SATA device = db235358b6fcdd88\nmps0: SAS Address from SATA device = db235358b6fcdd88\nmps0: SAS Address for SATA device = db235358b6fdb684\nmps0: SAS Address from SATA device = db235358b6fdb684\nmps0: SAS Address for SATA device = db235358b6fdb572\nmps0: SAS Address from SATA device = db235358b6fdb572\nmps0: SAS Address for SATA device = db235358b6fdd687\nmps0: SAS Address from SATA device = db235358b6fdd687\nuhub2: 6 ports with 6 removable, self powered\nuhub3: 8 ports with 8 removable, self powered\nugen0.3: \u003cWinbond Electronics Corp\u003e at usbus0\nukbd0: \u003cWinbond Electronics Corp Hermon USB hidmouse Device, class 0/0, rev 1.10/0.01, addr 3\u003e on usbus0\nkbd2 at ukbd0\nugen1.3: \u003cKingston\u003e at usbus1\numass0: \u003cKingston DataTraveler 3.0, class 0/0, rev 2.10/1.00, addr 3\u003e on usbus1\numass0:  SCSI over Bulk-Only; quirks = 0x8100\numass0:8:0:-1: Attached to scbus8\nses0 at ahciem0 bus 0 scbus7 target 0 lun 0\nses0: \u003cAHCI SGPIO Enclosure 1.00 0001\u003e SEMB S-E-S 2.00 device\nses0: SEMB SES Device\nda0 at mps0 bus 0 scbus0 target 2 lun 0\nda1 at mps0 bus 0 scbus0 target 3 lun 0\nda2 at mps0 bus 0 scbus0 target 4 lun 0\nda0: \u003cATA INTEL SSDSC2BB80 0380\u003e Fixed Direct Access SPC-4 SCSI device\nda0: Serial Number BTWH507100ZH800CGN  \nda0: 600.000MB/s transfers\nda0: Command Queueing enabled\nda1: \u003cATA INTEL SSDSC2BB80 0380\u003e Fixed Direct Access SPC-4 SCSI device\nda1: Serial Number BTWH5071013D800CGN  \nda1: 600.000MB/s transfers\nda1: Command Queueing enabled\nda1: 763097MB (1562824368 512 byte sectors: 255H 63S/T 97281C)\nda2: \u003cATA INTEL SSDSC2BB80 0380\u003e Fixed Direct Access SPC-4 SCSI device\nda0: 763097MB (1562824368 512 byte sectors: 255H 63S/T 97281C)\nda3 at mps0 bus 0 scbus0 target 5 lun 0\nda3: \u003cATA INTEL SSDSC2BB80 0380\u003e Fixed Direct Access SPC-4 SCSI device\nda3: Serial Number BTWH507101SG800CGN  \nda3: 600.000MB/s transfers\nda3: Command Queueing enabled\nda3: 763097MB (1562824368 512 byte sectors: 255H 63S/T 97281C)\nda2: Serial Number BTWH50710122800CGN  \nda2: 600.000MB/s transfers\nda2: Command Queueing enabled\nda2: 763097MB (1562824368 512 byte sectors: 255H 63S/T 97281C)\nda4 at umass-sim0 bus 0 scbus8 target 0 lun 0\nda4: \u003cKingston DataTraveler 3.0 PMAP\u003e Removable Direct Access SPC-4 SCSI device\nda4: Serial Number 50E549C692DBEF51594F1BC1\nda4: 40.000MB/s transfers\nda4: 15004MB (30728832 512 byte sectors: 255H 63S/T 1912C)\nda4: quirks=0x2\u003cNO_6_BYTE\u003e\nSMP: AP CPU #1 Launched!\nSMP: AP CPU #9 Launched!\nSMP: AP CPU #6 Launched!\nSMP: AP CPU #15 Launched!\nSMP: AP CPU #13 Launched!\nSMP: AP CPU #2 Launched!\nSMP: AP CPU #10 Launched!\nSMP: AP CPU #12 Launched!\nSMP: AP CPU #8 Launched!\nSMP: AP CPU #7 Launched!\nSMP: AP CPU #3 Launched!\nSMP: AP CPU #5 Launched!\nSMP: AP CPU #11 Launched!\nSMP: AP CPU #14 Launched!\nSMP: AP CPU #4 Launched!\nTimecounter \"TSC-low\" frequency 1300025024 Hz quality 1000\nEnter passphrase for da0p4: GEOM_MIRROR: Force device swap start due to timeout.\nGEOM_ELI: Device da0p4.eli created.\nGEOM_ELI: Encryption: AES-XTS 256\nGEOM_ELI:     Crypto: hardware\nGEOM_MIRROR: Device mirror/swap launched (1/2).\nGEOM_ELI: Device da1p4.eli created.\nGEOM_ELI: Encryption: AES-XTS 256\nGEOM_ELI:     Crypto: hardware\nGEOM_ELI: Device da2p1.eli created.\nGEOM_ELI: Encryption: AES-XTS 256\nGEOM_ELI:     Crypto: hardware\nGEOM_ELI: Device da3p1.eli created.\nGEOM_ELI: Encryption: AES-XTS 256\nGEOM_ELI:     Crypto: hardware\nTrying to mount root from zfs:zroot/ROOT/default []...\nGEOM_ELI: Device mirror/swap.eli created.\nGEOM_ELI: Encryption: AES-XTS 128\nGEOM_ELI:     Crypto: hardware\nums0: \u003cWinbond Electronics Corp Hermon USB hidmouse Device, class 0/0, rev 1.10/0.01, addr 3\u003e on usbus0\nums0: 3 buttons and [Z] coordinates ID=0\npf: started\nix0: link state changed to UP"
}