{
 "id": 439826,
 "bug_id": 122539,
 "attachment_id": 0,
 "creation_time": "2008-04-07T18:40:02Z",
 "creator": "artur.zabronski@gmail.com",
 "text": "When I am using AnyDATA ADU-E1000D CDMA/EV-DO modem connected to HP\nNX6125 notebook kernel panic is randomly raised up.\n\ndmesg:\nCopyright (c) 1992-2008 The FreeBSD Project.\nCopyright (c) 1979, 1980, 1983, 1986, 1988, 1989, 1991, 1992, 1993, 1994\n        The Regents of the University of California. All rights reserved.\nFreeBSD is a registered trademark of The FreeBSD Foundation.\nFreeBSD 7.0-RELEASE #: Thu Mar 27 10:26:58 CET 2008\n    artur@hpnx6125-laptop1.zabronski.com:/usr/obj/usr/src/sys/HPNX6125-LAPTOP1\nTimecounter \"i8254\" frequency 1193182 Hz quality 0\nCPU: AMD Turion(tm) 64 Mobile ML-40                  (2194.52-MHz 686-class CPU)\n  Origin = \"AuthenticAMD\"  Id = 0x20f42  Stepping = 2\n  Features=0x78bfbff\u003cFPU,VME,DE,PSE,TSC,MSR,PAE,MCE,CX8,APIC,SEP,MTRR,PGE,MCA,CMOV,PAT,PSE36,CLFLUSH,MMX,FXSR,SSE,SSE2\u003e\n  Features2=0x1\u003cSSE3\u003e\n  AMD Features=0xe2500800\u003cSYSCALL,NX,MMX+,FFXSR,LM,3DNow!+,3DNow!\u003e\n  AMD Features2=0x1\u003cLAHF\u003e\nreal memory  = 1039990784 (991 MB)\navail memory = 1003978752 (957 MB)\nkbd1 at kbdmux0\nkqemu version 0x00010300\nkqemu: KQEMU installed, max_locked_mem=501388kB.\nath_hal: 0.9.20.3 (AR5210, AR5211, AR5212, RF5111, RF5112, RF2413, RF5413)\nhptrr: HPT RocketRAID controller driver v1.1 (Mar 27 2008 10:26:40)\nacpi0: \u003cHP 0944\u003e on motherboard\nacpi0: [ITHREAD]\nacpi0: Power Button (fixed)\nunknown: I/O range not supported\nacpi0: reservation of 0, a0000 (3) failed\nacpi0: reservation of 100000, 3df00000 (3) failed\nTimecounter \"ACPI-fast\" frequency 3579545 Hz quality 1000\nacpi_timer0: \u003c32-bit timer at 3.579545MHz\u003e port 0x8008-0x800b on acpi0\nacpi_ec0: \u003cEmbedded Controller: GPE 0x11\u003e port 0x62,0x66 on acpi0\ncpu0: \u003cACPI CPU\u003e on acpi0\npowernow0: \u003cPowerNow! K8\u003e on cpu0\npcib0: \u003cACPI Host-PCI bridge\u003e port 0xcf8-0xcff on acpi0\npci_link1: BIOS IRQ 5 for 0.20.INTB is invalid\npci0: \u003cACPI PCI bus\u003e on pcib0\npcib1: \u003cACPI PCI-PCI bridge\u003e at device 1.0 on pci0\npci_link1: BIOS IRQ 5 for 1.5.INTA is invalid\npci1: \u003cACPI PCI bus\u003e on pcib1\nvgapci0: \u003cVGA-compatible display\u003e port 0x3000-0x30ff mem 0xc0000000-0xc3ffffff,0xc4600000-0xc460ffff irq 9 at device 5.0 on pci1\npcib2: \u003cACPI PCI-PCI bridge\u003e at device 4.0 on pci0\npci16: \u003cACPI PCI bus\u003e on pcib2\npcib3: \u003cACPI PCI-PCI bridge\u003e at device 5.0 on pci0\npci32: \u003cACPI PCI bus\u003e on pcib3\nohci0: \u003cATI SB400 USB Controller\u003e mem 0xc4a00000-0xc4a00fff irq 10 at device 19.0 on pci0\nohci0: [GIANT-LOCKED]\nohci0: [ITHREAD]\nusb0: OHCI version 1.0, legacy support\nusb0: \u003cATI SB400 USB Controller\u003e on ohci0\nusb0: USB revision 1.0\nuhub0: \u003cATI OHCI root hub, class 9/0, rev 1.00/1.00, addr 1\u003e on usb0\nuhub0: 4 ports with 4 removable, self powered\nohci1: \u003cATI SB400 USB Controller\u003e mem 0xc4a01000-0xc4a01fff irq 10 at device 19.1 on pci0\nohci1: [GIANT-LOCKED]\nohci1: [ITHREAD]\nusb1: OHCI version 1.0, legacy support\nusb1: \u003cATI SB400 USB Controller\u003e on ohci1\nusb1: USB revision 1.0\nuhub1: \u003cATI OHCI root hub, class 9/0, rev 1.00/1.00, addr 1\u003e on usb1\nuhub1: 4 ports with 4 removable, self powered\nehci0: \u003cATI SB400 USB 2.0 controller\u003e mem 0xc4a02000-0xc4a02fff irq 10 at device 19.2 on pci0\nehci0: [GIANT-LOCKED]\nehci0: [ITHREAD]\nusb2: EHCI version 1.0\nusb2: companion controllers, 4 ports each: usb0 usb1\nusb2: \u003cATI SB400 USB 2.0 controller\u003e on ehci0\nusb2: USB revision 2.0\nuhub2: \u003cATI EHCI root hub, class 9/0, rev 2.00/1.00, addr 1\u003e on usb2\nuhub2: 8 ports with 8 removable, self powered\npci0: \u003cserial bus, SMBus\u003e at device 20.0 (no driver attached)\natapci0: \u003cATI IXP400 UDMA133 controller\u003e port 0x1f0-0x1f7,0x3f6,0x170-0x177,0x376,0x4010-0x401f irq 10 at device 20.1 on pci0\nata0: \u003cATA channel 0\u003e on atapci0\nata0: [ITHREAD]\nata1: \u003cATA channel 1\u003e on atapci0\nata1: [ITHREAD]\nisab0: \u003cPCI-ISA bridge\u003e at device 20.3 on pci0\nisa0: \u003cISA bus\u003e on isab0\npcib4: \u003cACPI PCI-PCI bridge\u003e at device 20.4 on pci0\npci_link6: BIOS IRQ 5 for 2.2.INTA is invalid\npci2: \u003cACPI PCI bus\u003e on pcib4\nbge0: \u003cBroadcom NetXtreme Gigabit Ethernet Controller, ASIC rev. 0x3003\u003e mem 0xc4000000-0xc400ffff irq 10 at device 1.0 on pci2\nmiibus0: \u003cMII bus\u003e on bge0\nbrgphy0: \u003cBCM5705 10/100/1000baseTX PHY\u003e PHY 1 on miibus0\nbrgphy0:  10baseT, 10baseT-FDX, 100baseTX, 100baseTX-FDX, 1000baseT, 1000baseT-FDX, auto\nbge0: Ethernet address: 00:16:d4:05:53:d2\nbge0: [ITHREAD]\nndis0: \u003cBroadcom 802.11b/g WLAN\u003e mem 0xc4010000-0xc4011fff irq 11 at device 2.0 on pci2\nndis0: [ITHREAD]\nndis0: NDIS API version: 5.1\nndis0: using obsoleted if_watchdog interface\nndis0: Ethernet address: 00:14:a5:a5:4d:ea\ncbb0: \u003cTI6411 PCI-CardBus Bridge\u003e mem 0xc4012000-0xc4012fff irq 11 at device 4.0 on pci2\ncardbus0: \u003cCardBus bus\u003e on cbb0\npccard0: \u003c16-bit PCCard bus\u003e on cbb0\ncbb0: [ITHREAD]\nfwohci0: \u003c1394 Open Host Controller Interface\u003e mem 0xc4013000-0xc40137ff,0xc4014000-0xc4017fff irq 9 at device 4.2 on pci2\nfwohci0: [FILTER]\nfwohci0: OHCI version 1.10 (ROM=0)\nfwohci0: No. of Isochronous channels is 4.\nfwohci0: EUI64 00:02:3f:99:29:31:22:0c\nfwohci0: Phy 1394a available S400, 2 ports.\nfwohci0: Link S400, max_rec 2048 bytes.\nfirewire0: \u003cIEEE1394(FireWire) bus\u003e on fwohci0\nfwe0: \u003cEthernet over FireWire\u003e on firewire0\nif_fwe0: Fake Ethernet address: 02:02:3f:31:22:0c\nfwe0: Ethernet address: 02:02:3f:31:22:0c\nfwip0: \u003cIP over FireWire\u003e on firewire0\nfwip0: Firewire address: 00:02:3f:99:29:31:22:0c @ 0xfffe00000000, S400, maxrec 2048\nsbp0: \u003cSBP-2/SCSI over FireWire\u003e on firewire0\ndcons_crom0: \u003cdcons configuration ROM\u003e on firewire0\ndcons_crom0: bus_addr 0x3cd78000\nfwohci0: Initiate bus reset\nfwohci0: BUS reset\nfwohci0: node_id=0xc800ffc0, gen=2, CYCLEMASTER mode\npci2: \u003cmass storage\u003e at device 4.3 (no driver attached)\npci2: \u003cbase peripheral\u003e at device 4.4 (no driver attached)\npcm0: \u003cATI IXP 400\u003e mem 0xc4a04000-0xc4a040ff irq 9 at device 20.5 on pci0\npcm0: [ITHREAD]\npci0: \u003csimple comms, generic modem\u003e at device 20.6 (no driver attached)\nbattery0: \u003cACPI Control Method Battery\u003e on acpi0\nbattery1: \u003cACPI Control Method Battery\u003e on acpi0\nacpi_acad0: \u003cAC Adapter\u003e on acpi0\nacpi_button0: \u003cSleep Button\u003e on acpi0\nacpi_lid0: \u003cControl Method Lid Switch\u003e on acpi0\nacpi_tz0: \u003cThermal Zone\u003e on acpi0\nacpi_tz1: \u003cThermal Zone\u003e on acpi0\nacpi_tz2: \u003cThermal Zone\u003e on acpi0\nacpi_tz3: \u003cThermal Zone\u003e on acpi0\natkbdc0: \u003cKeyboard controller (i8042)\u003e port 0x60,0x64 irq 1 on acpi0\natkbd0: \u003cAT Keyboard\u003e irq 1 on atkbdc0\nkbd0 at atkbd0\natkbd0: [GIANT-LOCKED]\natkbd0: [ITHREAD]\npsm0: \u003cPS/2 Mouse\u003e irq 12 on atkbdc0\npsm0: [GIANT-LOCKED]\npsm0: [ITHREAD]\npsm0: model Synaptics Touchpad, device ID 0\npmtimer0 on isa0\norm0: \u003cISA Option ROM\u003e at iomem 0xc0000-0xcefff pnpid ORM0000 on isa0\nppc0: \u003cParallel port\u003e at port 0x378-0x37f irq 7 on isa0\nppc0: SMC-like chipset (ECP/EPP/PS2/NIBBLE) in COMPATIBLE mode\nppc0: FIFO with 16/16/8 bytes threshold\nppbus0: \u003cParallel port bus\u003e on ppc0\nppbus0: [ITHREAD]\nplip0: \u003cPLIP network interface\u003e on ppbus0\nlpt0: \u003cPrinter\u003e on ppbus0\nlpt0: Interrupt-driven port\nppi0: \u003cParallel I/O\u003e on ppbus0\nppc0: [GIANT-LOCKED]\nppc0: [ITHREAD]\nsc0: \u003cSystem console\u003e at flags 0x100 on isa0\nsc0: VGA \u003c16 virtual consoles, flags=0x300\u003e\nsio0: configured irq 4 not in bitmap of probed irqs 0\nsio0: port may not be enabled\nsio0: configured irq 4 not in bitmap of probed irqs 0\nsio0: port may not be enabled\nsio0 at port 0x3f8-0x3ff irq 4 flags 0x10 on isa0\nsio0: type 8250 or not responding\nsio0: [FILTER]\nsio1: configured irq 3 not in bitmap of probed irqs 0\nsio1: port may not be enabled\nvga0: \u003cGeneric ISA VGA\u003e at port 0x3c0-0x3df iomem 0xa0000-0xbffff on isa0\nucom0: \u003cAnyDATA Corporation AnyDATA CDMA Products, class 0/0, rev 1.10/0.00, addr 2\u003e on uhub0\nugen0: \u003cvendor 0x08ff Fingerprint Sensor, class 255/255, rev 1.10/6.21, addr 2\u003e on uhub1\nums0: \u003cA4Tech PS/2+USB Mouse, class 0/0, rev 1.10/0.01, addr 3\u003e on uhub1\nums0: 8 buttons and Z dir.\nTimecounter \"TSC\" frequency 2194517620 Hz quality 800\nTimecounters tick every 1.000 msec\nipfw2 (+ipv6) initialized, divert loadable, rule-based forwarding enabled, default to deny, logging limited to 100 packets/entry by default\nfirewire0: 1 nodes, maxhop \u003c= 0, cable IRM = 0 (me)\nfirewire0: bus manager 0 (me)\nfwohci0: phy int\nhptrr: no controller detected.\nad0: 76319MB \u003cFUJITSU MHV2080AH 00830097\u003e at ata0-master UDMA100\nacd0: DVDR \u003cMATSHITAUJ-840D/1.02\u003e at ata1-master PIO4\npcm0: \u003cConexant CX20468-21 AC97 Codec\u003e\nacd0: FAILURE - INQUIRY ILLEGAL REQUEST asc=0x24 ascq=0x00 \ncd0 at ata1 bus 0 target 0 lun 0\ncd0: \u003cMATSHITA UJ-840D 1.02\u003e Removable CD-ROM SCSI-0 device \ncd0: 16.000MB/s transfers\ncd0: Attempt to query device size failed: NOT READY, Medium not present\nTrying to mount root from ufs:/dev/ad0s1a\nWARNING: attempt to net_add_domain(bluetooth) after domainfinalize()\nfuse4bsd: version 0.3.9-pre1, FUSE ABI 7.8\nucom0: ubsa_request: STALLED\nucom0: ubsa_request: STALLED\nucom0: ubsa_request: STALLED\nucom0: ubsa_request: STALLED\nucom0: ubsa_request: STALLED\nucom0: ubsa_request: STALLED\nucom0: ubsa_request: STALLED\npanic: ohci_abort_xfer: not in process context\ncpuid = 0\nUptime: 8m38s\nPhysical memory: 979 MB\nDumping 134 MB: 119 103 87 71 55 39 23 7\nDump complete\nAutomatic reboot in 15 seconds - press a key on the console to abort\nRebooting...\n\n\nusbdevs -v:\nController /dev/usb0:\naddr 1: full speed, self powered, config 1, OHCI root hub(0x0000), ATI(0x0000), rev 1.00\n port 1 powered\n port 2 powered\n port 3 addr 2: full speed, power 500 mA, config 1, AnyDATA CDMA Products(0x6501), AnyDATA Corporation(0x16d5), rev 0.00\n port 4 powered\nController /dev/usb1:\naddr 1: full speed, self powered, config 1, OHCI root hub(0x0000), ATI(0x0000), rev 1.00\n port 1 addr 2: full speed, power 100 mA, config 1, Fingerprint Sensor(0x2580), vendor 0x08ff(0x08ff), rev 6.21\n port 2 powered\n port 3 addr 3: low speed, power 100 mA, config 1, PS/2+USB Mouse(0x000a), A4Tech(0x09da), rev 0.01\n port 4 powered\nController /dev/usb2:\naddr 1: high speed, self powered, config 1, EHCI root hub(0x0000), ATI(0x0000), rev 1.00\n port 1 powered\n port 2 powered\n port 3 powered\n port 4 powered\n port 5 powered\n port 6 powered\n port 7 powered\n port 8 powered\n\n\nkgdb:\n[GDB will not be able to debug user-mode threads: /usr/lib/libthread_db.so: Undefined symbol \"ps_pglobal_lookup\"]\nGNU gdb 6.1.1 [FreeBSD]\nCopyright 2004 Free Software Foundation, Inc.\nGDB is free software, covered by the GNU General Public License, and you are\nwelcome to change it and/or distribute copies of it under certain conditions.\nType \"show copying\" to see the conditions.\nThere is absolutely no warranty for GDB.  Type \"show warranty\" for details.\nThis GDB was configured as \"i386-marcel-freebsd\".\n\nUnread portion of the kernel message buffer:\npanic: ohci_abort_xfer: not in process context\ncpuid = 0\nUptime: 8m38s\nPhysical memory: 979 MB\nDumping 134 MB: 119 103 87 71 55 39 23 7\n\n#0  doadump () at pcpu.h:195\n195\tpcpu.h: No such file or directory.\n\tin pcpu.h\n(kgdb) bt\n#0  doadump () at pcpu.h:195\n#1  0xc07544f6 in boot (howto=260) at /usr/src/sys/kern/kern_shutdown.c:409\n#2  0xc07547bc in panic (fmt=Variable \"fmt\" is not available.\n) at /usr/src/sys/kern/kern_shutdown.c:563\n#3  0xc06bc47d in ohci_abort_xfer (xfer=0xc4e6c200, status=USBD_NORMAL_COMPLETION) at /usr/src/sys/dev/usb/ohci.c:2222\n#4  0xc06bcd00 in ohci_timeout_task (addr=0xc4e6c200) at /usr/src/sys/dev/usb/ohci.c:1942\n#5  0xc06d0241 in usb_task_thread (arg=0xc0be34a0) at /usr/src/sys/dev/usb/usb.c:483\n(kgdb)"
}