{
 "id": 776370,
 "bug_id": 192328,
 "attachment_id": 0,
 "creation_time": "2014-08-02T05:23:38Z",
 "creator": "amutu@amutu.com",
 "text": "My usb hard disk is a 1TB usb3.0 device,if I boot os with the usb device ,freebsd detect it with USB 1.0 which 1MB/s,it is low speed.\nIf the OS running,I plug in the usb device,it is fine,detect usb 2.0 which is 40MB/s.\n\nThis is the demsg(da1 is the usb device):\n\nCopyright (c) 1992-2014 The FreeBSD Project.\nCopyright (c) 1979, 1980, 1983, 1986, 1988, 1989, 1991, 1992, 1993, 1994\n\tThe Regents of the University of California. All rights reserved.\nFreeBSD is a registered trademark of The FreeBSD Foundation.\nFreeBSD 10.0-RELEASE-p7 #0: Tue Jul  8 06:37:44 UTC 2014\n    root@amd64-builder.daemonology.net:/usr/obj/usr/src/sys/GENERIC amd64\nFreeBSD clang version 3.3 (tags/RELEASE_33/final 183502) 20130610\nCPU: AMD G-T40E Processor (1000.02-MHz K8-class CPU)\n  Origin = \"AuthenticAMD\"  Id = 0x500f20  Family = 0x14  Model = 0x2  Stepping = 0\n  Features=0x178bfbff\u003cFPU,VME,DE,PSE,TSC,MSR,PAE,MCE,CX8,APIC,SEP,MTRR,PGE,MCA,CMOV,PAT,PSE36,CLFLUSH,MMX,FXSR,SSE,SSE2,HTT\u003e\n  Features2=0x802209\u003cSSE3,MON,SSSE3,CX16,POPCNT\u003e\n  AMD Features=0x2e500800\u003cSYSCALL,NX,MMX+,FFXSR,Page1GB,RDTSCP,LM\u003e\n  AMD Features2=0x35ff\u003cLAHF,CMP,SVM,ExtAPIC,CR8,ABM,SSE4A,MAS,Prefetch,IBS,SKINIT,WDT\u003e\n  TSC: P-state invariant, performance statistics\nreal memory  = 2115297280 (2017 MB)\navail memory = 2021281792 (1927 MB)\nEvent timer \"LAPIC\" quality 400\nACPI APIC Table: \u003cCORE   COREBOOT\u003e\nFreeBSD/SMP: Multiprocessor System Detected: 2 CPUs\nFreeBSD/SMP: 1 package(s) x 2 core(s)\n cpu0 (BSP): APIC ID:  0\n cpu1 (AP): APIC ID:  1\nioapic0 \u003cVersion 2.1\u003e irqs 0-23 on motherboard\nkbd0 at kbdmux0\nrandom: \u003cSoftware, Yarrow\u003e initialized\nmodule_register_init: MOD_LOAD (vesa, 0xffffffff80cfa780, 0) error 19\nacpi0: \u003cCORE COREBOOT\u003e on motherboard\nacpi0: Power Button (fixed)\ncpu0: \u003cACPI CPU\u003e on acpi0\ncpu1: \u003cACPI CPU\u003e on acpi0\natrtc0: \u003cAT realtime clock\u003e port 0x70-0x71 irq 8 on acpi0\nEvent timer \"RTC\" frequency 32768 Hz quality 0\nattimer0: \u003cAT timer\u003e port 0x40-0x43 irq 0 on acpi0\nTimecounter \"i8254\" frequency 1193182 Hz quality 0\nEvent timer \"i8254\" frequency 1193182 Hz quality 100\nTimecounter \"ACPI-fast\" frequency 3579545 Hz quality 900\nacpi_timer0: \u003c32-bit timer at 3.579545MHz\u003e port 0x808-0x80b on acpi0\nhpet0: \u003cHigh Precision Event Timer\u003e iomem 0xfed00000-0xfed003ff on acpi0\nTimecounter \"HPET\" frequency 14318180 Hz quality 950\nEvent timer \"HPET\" frequency 14318180 Hz quality 550\nEvent timer \"HPET1\" frequency 14318180 Hz quality 450\npcib0: \u003cACPI Host-PCI bridge\u003e port 0xcf8-0xcff iomem 0xa0000-0xbffff on acpi0\npci0: \u003cACPI PCI bus\u003e on pcib0\npcib1: \u003cACPI PCI-PCI bridge\u003e irq 16 at device 4.0 on pci0\npci1: \u003cACPI PCI bus\u003e on pcib1\nre0: \u003cRealTek 8168/8111 B/C/CP/D/DP/E/F/G PCIe Gigabit Ethernet\u003e port 0x1000-0x10ff mem 0xf7900000-0xf7900fff,0xf7800000-0xf7803fff irq 16 at device 0.0 on pci1\nre0: Using 1 MSI-X message\nre0: ASPM disabled\nre0: Chip rev. 0x2c000000\nre0: MAC rev. 0x00200000\nmiibus0: \u003cMII bus\u003e on re0\nrgephy0: \u003cRTL8169S/8110S/8211 1000BASE-T media interface\u003e PHY 1 on miibus0\nrgephy0:  none, 10baseT, 10baseT-FDX, 10baseT-FDX-flow, 100baseTX, 100baseTX-FDX, 100baseTX-FDX-flow, 1000baseT, 1000baseT-master, 1000baseT-FDX, 1000baseT-FDX-master, 1000baseT-FDX-flow, 1000baseT-FDX-flow-master, auto, auto-flow\nre0: Ethernet address: 00:0d:b9:33:80:3c\npcib2: \u003cACPI PCI-PCI bridge\u003e irq 17 at device 5.0 on pci0\npci2: \u003cACPI PCI bus\u003e on pcib2\nre1: \u003cRealTek 8168/8111 B/C/CP/D/DP/E/F/G PCIe Gigabit Ethernet\u003e port 0x2000-0x20ff mem 0xf7b00000-0xf7b00fff,0xf7a00000-0xf7a03fff irq 17 at device 0.0 on pci2\nre1: Using 1 MSI-X message\nre1: ASPM disabled\nre1: Chip rev. 0x2c000000\nre1: MAC rev. 0x00200000\nmiibus1: \u003cMII bus\u003e on re1\nrgephy1: \u003cRTL8169S/8110S/8211 1000BASE-T media interface\u003e PHY 1 on miibus1\nrgephy1:  none, 10baseT, 10baseT-FDX, 10baseT-FDX-flow, 100baseTX, 100baseTX-FDX, 100baseTX-FDX-flow, 1000baseT, 1000baseT-master, 1000baseT-FDX, 1000baseT-FDX-master, 1000baseT-FDX-flow, 1000baseT-FDX-flow-master, auto, auto-flow\nre1: Ethernet address: 00:0d:b9:33:80:3d\npcib3: \u003cACPI PCI-PCI bridge\u003e irq 18 at device 6.0 on pci0\npci3: \u003cACPI PCI bus\u003e on pcib3\nre2: \u003cRealTek 8168/8111 B/C/CP/D/DP/E/F/G PCIe Gigabit Ethernet\u003e port 0x3000-0x30ff mem 0xf7d00000-0xf7d00fff,0xf7c00000-0xf7c03fff irq 18 at device 0.0 on pci3\nre2: Using 1 MSI-X message\nre2: ASPM disabled\nre2: Chip rev. 0x2c000000\nre2: MAC rev. 0x00200000\nmiibus2: \u003cMII bus\u003e on re2\nrgephy2: \u003cRTL8169S/8110S/8211 1000BASE-T media interface\u003e PHY 1 on miibus2\nrgephy2:  none, 10baseT, 10baseT-FDX, 10baseT-FDX-flow, 100baseTX, 100baseTX-FDX, 100baseTX-FDX-flow, 1000baseT, 1000baseT-master, 1000baseT-FDX, 1000baseT-FDX-master, 1000baseT-FDX-flow, 1000baseT-FDX-flow-master, auto, auto-flow\nre2: Ethernet address: 00:0d:b9:33:80:3e\npcib4: \u003cACPI PCI-PCI bridge\u003e irq 19 at device 7.0 on pci0\npci4: \u003cACPI PCI bus\u003e on pcib4\nath0: \u003cAtheros 9280\u003e at device 0.0 on pci4\n[ath] enabling AN_TOP2_FIXUP\nath0: [HT] enabling HT modes\nath0: [HT] 1 stream STBC receive enabled\nath0: [HT] 1 stream STBC transmit enabled\nath0: [HT] 2 RX streams; 2 TX streams\nath0: AR9280 mac 128.2 RF5133 phy 13.0\nath0: 2GHz radio: 0x0000; 5GHz radio: 0x00c0\nahci0: \u003cATI IXP700 AHCI SATA controller\u003e port 0x4010-0x4017,0x4020-0x4023,0x4018-0x401f,0x4024-0x4027,0x4000-0x400f mem 0xf7f04000-0xf7f043ff irq 19 at device 17.0 on pci0\nahci0: AHCI v1.20 with 6 6Gbps ports, Port Multiplier supported\nahcich0: \u003cAHCI channel\u003e at channel 0 on ahci0\nahcich1: \u003cAHCI channel\u003e at channel 1 on ahci0\nahcich2: \u003cAHCI channel\u003e at channel 2 on ahci0\nahcich3: \u003cAHCI channel\u003e at channel 3 on ahci0\nahcich4: \u003cAHCI channel\u003e at channel 4 on ahci0\nahcich5: \u003cAHCI channel\u003e at channel 5 on ahci0\nohci0: \u003cAMD SB7x0/SB8x0/SB9x0 USB controller\u003e mem 0xf7f00000-0xf7f00fff irq 18 at device 18.0 on pci0\nusbus0 on ohci0\nehci0: \u003cAMD SB7x0/SB8x0/SB9x0 USB 2.0 controller\u003e mem 0xf7f04400-0xf7f044ff irq 17 at device 18.2 on pci0\nusbus1: EHCI version 1.0\nusbus1 on ehci0\nohci1: \u003cAMD SB7x0/SB8x0/SB9x0 USB controller\u003e mem 0xf7f01000-0xf7f01fff irq 18 at device 19.0 on pci0\nusbus2 on ohci1\nehci1: \u003cAMD SB7x0/SB8x0/SB9x0 USB 2.0 controller\u003e mem 0xf7f04500-0xf7f045ff irq 17 at device 19.2 on pci0\nusbus3: EHCI version 1.0\nusbus3 on ehci1\npci0: \u003cserial bus, SMBus\u003e at device 20.0 (no driver attached)\nisab0: \u003cPCI-ISA bridge\u003e at device 20.3 on pci0\nisa0: \u003cISA bus\u003e on isab0\npcib5: \u003cACPI PCI-PCI bridge\u003e at device 20.4 on pci0\npci5: \u003cACPI PCI bus\u003e on pcib5\nohci2: \u003cAMD SB7x0/SB8x0/SB9x0 USB controller\u003e mem 0xf7f02000-0xf7f02fff irq 18 at device 20.5 on pci0\nusbus4 on ohci2\npcib6: \u003cACPI PCI-PCI bridge\u003e at device 21.0 on pci0\npci6: \u003cACPI PCI bus\u003e on pcib6\nohci3: \u003cAMD SB7x0/SB8x0/SB9x0 USB controller\u003e mem 0xf7f03000-0xf7f03fff at device 22.0 on pci0\nusbus5 on ohci3\nehci2: \u003cAMD SB7x0/SB8x0/SB9x0 USB 2.0 controller\u003e mem 0xf7f04600-0xf7f046ff at device 22.2 on pci0\nusbus6: EHCI version 1.0\nusbus6 on ehci2\nacpi_button0: \u003cPower Button\u003e on acpi0\norm0: \u003cISA Option ROM\u003e at iomem 0xee800-0xeffff on isa0\nppc0: cannot reserve I/O port range\nuart0: \u003c16550 or compatible\u003e at port 0x3f8-0x3ff irq 4 flags 0x10 on isa0\nuart0: console (9600,n,8,1)\nuart1: \u003c16550 or compatible\u003e at port 0x2f8-0x2ff irq 3 on isa0\nacpi_throttle0: \u003cACPI CPU Throttling\u003e on cpu0\nacpi_throttle1: \u003cACPI CPU Throttling\u003e on cpu1\nacpi_throttle1: failed to attach P_CNT\ndevice_attach: acpi_throttle1 attach returned 6\nTimecounters tick every 1.000 msec\nrandom: unblocking device.\nusbus0: 12Mbps Full Speed USB v1.0\nusbus1: 480Mbps High Speed USB v2.0\nugen0.1: \u003cATI\u003e at usbus0\nuhub0: \u003cATI OHCI root HUB, class 9/0, rev 1.00/1.00, addr 1\u003e on usbus0\nugen1.1: \u003cATI\u003e at usbus1\nuhub1: \u003cATI EHCI root HUB, class 9/0, rev 2.00/1.00, addr 1\u003e on usbus1\nusbus2: 12Mbps Full Speed USB v1.0\nusbus3: 480Mbps High Speed USB v2.0\nugen2.1: \u003cATI\u003e at usbus2\nuhub2: \u003cATI OHCI root HUB, class 9/0, rev 1.00/1.00, addr 1\u003e on usbus2\nugen3.1: \u003cATI\u003e at usbus3\nuhub3: \u003cATI EHCI root HUB, class 9/0, rev 2.00/1.00, addr 1\u003e on usbus3\nusbus4: 12Mbps Full Speed USB v1.0\nusbus5: 12Mbps Full Speed USB v1.0\nugen4.1: \u003cATI\u003e at usbus4\nuhub4: \u003cATI OHCI root HUB, class 9/0, rev 1.00/1.00, addr 1\u003e on usbus4\nugen5.1: \u003cATI\u003e at usbus5\nuhub5: \u003cATI OHCI root HUB, class 9/0, rev 1.00/1.00, addr 1\u003e on usbus5\nusbus6: 480Mbps High Speed USB v2.0\nuhub0: 5 ports with 5 removable, self powered\nugen6.1: \u003cATI\u003e at usbus6\nuhub6: \u003cATI EHCI root HUB, class 9/0, rev 2.00/1.00, addr 1\u003e on usbus6\nuhub4: 2 ports with 2 removable, self powered\nuhub2: 5 ports with 5 removable, self powered\nada0 at ahcich0 bus 0 scbus0 target 0 lun 0\nuhub5: 4 ports with 4 removable, self powered\nada0: \u003cSuperSSpeed S238 16GB V4629\u003e ATA-7 SATA 2.x device\nada0: Serial Number YTAK140400462\nada0: 300.000MB/s transfers (SATA 2.x, UDMA6, PIO 8192bytes)\nada0: Command Queueing enabled\nada0: 15258MB (31248704 512 byte sectors: 16H 63S/T 16383C)\nada0: Previously was known as ad4\nNetvsc initializing... SMP: AP CPU #1 Launched!\nTimecounter \"TSC\" frequency 1000021270 Hz quality 800\nRoot mount waiting for: usbus6 usbus3 usbus1\nuhub1: 5 ports with 5 removable, self powered\nuhub3: 5 ports with 5 removable, self powered\nuhub6: 4 ports with 4 removable, self powered\nRoot mount waiting for: usbus6 usbus1\nugen6.2: \u003cGeneric\u003e at usbus6\numass0: \u003cGeneric Flash Card ReaderWriter, class 0/0, rev 2.01/1.00, addr 2\u003e on usbus6\numass0:  SCSI over Bulk-Only; quirks = 0x4001\numass0:6:0:-1: Attached to scbus6\nTrying to mount root from ufs:/dev/ada0p2 [rw]...\nda0 at umass-sim0 bus 0 scbus6 target 0 lun 0\nda0: \u003cMultiple Card  Reader 1.00\u003e Removable Direct Access SCSI-4 device \nda0: Serial Number 058F63666485\nda0: 40.000MB/s transfers\nda0: Attempt to query device size failed: NOT READY, Medium not present\nda0: quirks=0x2\u003cNO_6_BYTE\u003e\nusb_alloc_device: set address 2 failed (USB_ERR_IOERROR, ignored)\nusbd_setup_device_desc: getting device descriptor at addr 2 failed, USB_ERR_IOERROR\nugen0.2: \u003cSeagate\u003e at usbus0\numass1: \u003cSeagate Backup+  BK, class 0/0, rev 2.10/1.43, addr 2\u003e on usbus0\numass1:  SCSI over Bulk-Only; quirks = 0x0100\numass1:7:1:-1: Attached to scbus7\nda1 at umass-sim1 bus 1 scbus7 target 0 lun 0\nda1: \u003cSeagate Backup+  BK 0143\u003e Fixed Direct Access SCSI-6 device \nda1: Serial Number NA75E4F4\nda1: 1.000MB/s transfers\nda1: 953869MB (1953525167 512 byte sectors: 255H 63S/T 121601C)\nda1: quirks=0x2\u003cNO_6_BYTE\u003e\nwlan0: Ethernet address: 04:f0:21:0f:77:7d\n\n\numass1: at uhub0, port 1, addr 2 (disconnected)\nda1 at umass-sim1 bus 1 scbus7 target 0 lun 0\nda1: \u003cSeagate Backup+  BK 0143\u003e s/n NA75E4F4 detached\n(da1:umass-sim1:1:0:0): Periph destroyed\nugen1.2: \u003cSeagate\u003e at usbus1\numass1: \u003cSeagate Backup+  BK, class 0/0, rev 2.10/1.43, addr 2\u003e on usbus1\numass1:  SCSI over Bulk-Only; quirks = 0x0100\numass1:7:1:-1: Attached to scbus7\nda1 at umass-sim1 bus 1 scbus7 target 0 lun 0\nda1: \u003cSeagate Backup+  BK 0143\u003e Fixed Direct Access SCSI-6 device \nda1: Serial Number NA75E4F4\nda1: 40.000MB/s transfers\nda1: 953869MB (1953525167 512 byte sectors: 255H 63S/T 121601C)\nda1: quirks=0x2\u003cNO_6_BYTE\u003e"
}