{
 "id": 1259619,
 "bug_id": 271438,
 "attachment_id": 242195,
 "creation_time": "2023-05-15T13:26:31Z",
 "creator": "bcran@FreeBSD.org",
 "text": "Created attachment 242195\ndmesg from a dual-EPYC PowerEdge R7525\n\nDuring an install of FreeBSD 14-CURRENT snapshot 20230504, my dual-EPYC PowerEdge R7525 system panics at the zfs/disk probing stage due to memory corruption.\nIt appears to be because of memory corruption, because I've also seen it cause bsdinstall to simply segfault.\n\nI ended up working around the panic by disabling the mrsas controller during install, and re-enabling it later. \n\npanic: mtx_lock() of spin mutex (null) @ /usr/src/sys/kern/kern_clock.c:269\ncpuid = 67\ntime = 1683225642\nKDB: stack backtrace:\ndb_trace_self_wrapper() at db_trace_self_wrapper+0x2b/frame 0xfffffe037aa72db0\nvpanic() at vpanic+0x152/frame 0xfffffe037aa72e00\npanic() at panic+0x43/frame 0xfffffe037aa72e60\n__mtx_lock_flags() at __mtx_lock_flags+0x13b/frame 0xfffffe037aa72eb0\ndeadlkres() at deadlkres+0xef/frame 0xfffffe037aa72ef0\nfork_exit() at fork_exit+0x80/frame 0xfffffe037aa72f30\nfork_trampoline() at fork_trampoline+0xe/frame 0xfffffe037aa72f30\n--- trap 0, rip = 0, rsp = 0, rbp = 0 ---\nKDB: enter: panic\n[ thread pid 0 tid 101238 ]\nStopped at      kdb_enter+0x32: movq    $0,0xddd833(%rip)\ndb\u003e\n\n\nStart of dmesg:\n\nFreeBSD 14.0-CURRENT #0 main-n262746-4194bbb34c60: Thu May  4 08:05:46 UTC 2023\nroot@releng1.nyi.freebsd.org:/usr/obj/usr/src/amd64.amd64/sys/GENERIC amd64\nFreeBSD clang version 15.0.7 (https://github.com/llvm/llvm-project.git llvmorg-15.0.7-0-g8dfdcc7b7bf6)\nWARNING: WITNESS option enabled, expect reduced performance.\nSRAT: Too many memory domains\nVT(efifb): resolution 1024x768\nCPU: AMD EPYC 7713 64-Core Processor (1996.32-MHz K8-class CPU)\n  Origin=\"AuthenticAMD\"  Id=0xa00f11  Family=0x19  Model=0x1 Stepping=1\nFeatures=0x178bfbff\u003cFPU,VME,DE,PSE,TSC,MSR,PAE,MCE,CX8,APIC,SEP,MTRR,PGE,MCA,CMOV,PAT,PSE36,CLFLUSH,MMX,FXSR,SSE,SSE2,HTT\u003e\nFeatures2=0x7efa320b\u003cSSE3,PCLMULQDQ,MON,SSSE3,FMA,CX16,PCID,SSE4.1,SSE4.2,x2APIC,MOVBE,POPCNT,AESNI,XSAVE,OSXSAVE,AVX,F16C,RDRAND\u003e\n  AMD Features=0x2e500800\u003cSYSCALL,NX,MMX+,FFXSR,Page1GB,RDTSCP,LM\u003e\n  AMD Features2=0x75c237ff\u003cLAHF,CMP,SVM,ExtAPIC,CR8,ABM,SSE4A,MAS,Prefetch,OSVW,IBS,SKINIT,WDT,TCE,Topology,PCXC,PNXC,DBE,PL2I,MWAITX,ADMSKX\u003e\n  Structured Extended Features=0x219c97a9\u003cFSGSBASE,BMI1,AVX2,SMEP,BMI2,ERMS,INVPCID,PQM,PQE,RDSEED,ADX,SMAP,CLFLUSHOPT,CLWB,SHA\u003e\n  Structured Extended Features2=0x40069c\u003cUMIP,PKU,OSPKE,VAES,VPCLMULQDQ,RDPID\u003e\n  Structured Extended Features3=0x10\u003cFSRM\u003e\n  XSAVE Features=0xf\u003cXSAVEOPT,XSAVEC,XINUSE,XSAVES\u003e\n  AMD Extended Feature Extensions ID EBX=0x91bef75f\u003cCLZERO,IRPerf,XSaveErPtr,RDPRU,MCOMMIT,WBNOINVD,IBPB,IBRS,STIBP,STIBP_ALWAYSON,PREFER_IBRS,PPIN,SSBD\u003e\n  SVM: NP,NRIP,VClean,AFlush,DAssist,NAsids=32768\n  TSC: P-state invariant, performance statistics\nreal memory  = 277021196288 (264188 MB)\navail memory = 266164191232 (253833 MB)\n\ndisk info:\n\nroot@:~ # gpart show\n=\u003e        6  233308149  nvd0  GPT  (890G)\n          6  233308149        - free -  (890G)\n\n=\u003e        6  233308149  diskid/DISK-S61ANA0R100142  GPT  (890G)\n          6  233308149                              - free - (890G)\n\n=\u003e       34  937571901  ada0  GPT  (447G)\n         34       2014        - free -  (1.0M)\n       2048  937568256     1  ms-basic-data  (447G)\n  937570304       1631        - free -  (816K)\n\n=\u003e       34  937571901  diskid/DISK-74ff0e529b990010  GPT (447G)\n         34       2014                                - free - (1.0M)\n       2048  937568256                             1 ms-basic-data  (447G)\n  937570304       1631                                - free - (816K)\n\n=\u003e        34  3125627501  da0  GPT  (1.5T)\n          34        2014       - free -  (1.0M)\n        2048     1048576    1  efi  (512M)\n     1050624  2929686528    2  linux-data  (1.4T)\n  2930737152    62500864    3  linux-swap  (30G)\n  2993238016   132389519       - free -  (63G)\n\n=\u003e        34  3125627501  da1  GPT  (1.5T)\n          34        2014       - free -  (1.0M)\n        2048       32768    1  ms-reserved  (16M)\n       34816  3125592064    2  ms-basic-data  (1.5T)\n  3125626880         655       - free -  (328K)\n\n=\u003e        34  3125627501  diskid/DISK-S61ENE0R302148  GPT (1.5T)\n          34        2014                              - free - (1.0M)\n        2048     1048576                           1  efi  (512M)\n     1050624  2929686528                           2  linux-data (1.4T)\n  2930737152    62500864                           3  linux-swap (30G)\n  2993238016   132389519                              - free - (63G)\n\n=\u003e        34  3125627501  diskid/DISK-202229EBAC90  GPT  (1.5T)\n          34        2014                            - free - (1.0M)\n        2048       32768                         1  ms-reserved (16M)\n       34816  3125592064                         2  ms-basic-data (1.5T)\n  3125626880         655                            - free - (328K)\n\n=\u003e    17  544157  cd0  MBR  (1.0G)\n      17  544157       - free -  (1.0G)\n\n=\u003e    17  544157  iso9660/14_0_CURRENT_AMD64_CD  MBR  (1.0G)\n      17  544157                                 - free -  (1.0G)"
}