{
 "id": 733939,
 "bug_id": 182820,
 "attachment_id": 0,
 "creation_time": "2013-10-08T02:50:00Z",
 "creator": "av@ural.org",
 "text": "KDB: debugger backends: ddb\nKDB: current backend: ddb\nCopyright (c) 1992-2013 The FreeBSD Project.\nCopyright (c) 1979, 1980, 1983, 1986, 1988, 1989, 1991, 1992, 1993, 1994\n\tThe Regents of the University of California. All rights reserved.\nFreeBSD is a registered trademark of The FreeBSD Foundation.\nFreeBSD 10.0-ALPHA4 #0 r255933: Sun Sep 29 02:50:54 UTC 2013\n    root@snap.freebsd.org:/usr/obj/usr/src/sys/GENERIC amd64\nFreeBSD clang version 3.3 (tags/RELEASE_33/final 183502) 20130610\nWARNING: WITNESS option enabled, expect reduced performance.\nCPU: Intel(R) Core(TM) i5-3210M CPU @ 2.50GHz (2471.71-MHz K8-class CPU)\n  Origin = \"GenuineIntel\"  Id = 0x306a9  Family = 0x6  Model = 0x3a  Stepping = 9\n  Features=0x1783fbff\u003cFPU,VME,DE,PSE,TSC,MSR,PAE,MCE,CX8,APIC,SEP,MTRR,PGE,MCA,CMOV,PAT,PSE36,MMX,FXSR,SSE,SSE2,HTT\u003e\n  Features2=0x201\u003cSSE3,SSSE3\u003e\n  AMD Features=0x28100800\u003cSYSCALL,NX,RDTSCP,LM\u003e\n  AMD Features2=0x1\u003cLAHF\u003e\nreal memory  = 2147418112 (2047 MB)\navail memory = 2049912832 (1954 MB)\nEvent timer \"LAPIC\" quality 400\nACPI APIC Table: \u003cVBOX   VBOXAPIC\u003e\nFreeBSD/SMP: Multiprocessor System Detected: 2 CPUs\nFreeBSD/SMP: 1 package(s) x 2 core(s)\n cpu0 (BSP): APIC ID:  0\n cpu1 (AP): APIC ID:  1\nrandom device not loaded; using insecure entropy\nioapic0 \u003cVersion 1.1\u003e irqs 0-23 on motherboard\nrandom: \u003cSoftware, Yarrow\u003e initialized\nkbd1 at kbdmux0\nacpi0: \u003cVBOX VBOXXSDT\u003e on motherboard\nacpi0: Power Button (fixed)\nacpi0: Sleep Button (fixed)\ncpu0: \u003cACPI CPU\u003e on acpi0\ncpu1: \u003cACPI CPU\u003e on acpi0\nattimer0: \u003cAT timer\u003e port 0x40-0x43,0x50-0x53 on acpi0\nTimecounter \"i8254\" frequency 1193182 Hz quality 0\nEvent timer \"i8254\" frequency 1193182 Hz quality 100\nTimecounter \"ACPI-fast\" frequency 3579545 Hz quality 900\nacpi_timer0: \u003c32-bit timer at 3.579545MHz\u003e port 0x4008-0x400b on acpi0\npcib0: \u003cACPI Host-PCI bridge\u003e port 0xcf8-0xcff on acpi0\npci0: \u003cACPI PCI bus\u003e on pcib0\nisab0: \u003cPCI-ISA bridge\u003e at device 1.0 on pci0\nisa0: \u003cISA bus\u003e on isab0\natapci0: \u003cIntel PIIX4 UDMA33 controller\u003e port 0x1f0-0x1f7,0x3f6,0x170-0x177,0x376,0xd000-0xd00f at device 1.1 on pci0\nata0: \u003cATA channel\u003e at channel 0 on atapci0\nata1: \u003cATA channel\u003e at channel 1 on atapci0\nvgapci0: \u003cVGA-compatible display\u003e mem 0xe0000000-0xe07fffff irq 18 at device 2.0 on pci0\nvirtio_pci0: \u003cVirtIO PCI Network adapter\u003e port 0xd020-0xd03f irq 19 at device 3.0 on pci0\nvtnet0: \u003cVirtIO Networking Adapter\u003e on virtio_pci0\nvirtio_pci0: host features: 0x410fdda3 \u003cNotifyOnEmpty,VLanFilter,RxMode,ControlVq,Status,MrgRxBuf,TxUFO,TxTSOv6,TxTSOv4,RxUFO,RxTSOv6,RxTSOv4,MacAddress,RxChecksum,TxChecksum\u003e\nvirtio_pci0: negotiated features: 0xf99a3 \u003cVLanFilter,RxMode,ControlVq,Status,MrgRxBuf,TxTSOv6,TxTSOv4,RxTSOv6,RxTSOv4,MacAddress,RxChecksum,TxChecksum\u003e\nvtnet0: Ethernet address: 08:00:27:9e:bb:21\npci0: \u003cbase peripheral\u003e at device 4.0 (no driver attached)\nohci0: \u003cOHCI (generic) USB controller\u003e mem 0xf0404000-0xf0404fff irq 22 at device 6.0 on pci0\nusbus0 on ohci0\npci0: \u003cbridge\u003e at device 7.0 (no driver attached)\nehci0: \u003cIntel 82801FB (ICH6) USB 2.0 controller\u003e mem 0xf0405000-0xf0405fff irq 19 at device 11.0 on pci0\nusbus1: EHCI version 1.0\nusbus1 on ehci0\n uart0: \u003c16550 or compatible\u003e port 0x3f8-0x3ff irq 4 flags 0x10 on acpi0\nuart0: console (9600,n,8,1)\nbattery0: \u003cACPI Control Method Battery\u003e on acpi0\nacpi_acad0: \u003cAC Adapter\u003e on acpi0\natkbdc0: \u003cKeyboard controller (i8042)\u003e port 0x60,0x64 irq 1 on acpi0\natkbd0: \u003cAT Keyboard\u003e irq 1 on atkbdc0\nkbd0 at atkbd0\natkbd0: [GIANT-LOCKED]\npsm0: \u003cPS/2 Mouse\u003e irq 12 on atkbdc0\npsm0: [GIANT-LOCKED]\npsm0: model IntelliMouse Explorer, device ID 4\norm0: \u003cISA Option ROMs\u003e at iomem 0xc0000-0xc7fff,0xe2000-0xe2fff on isa0\nsc0: \u003cSystem console\u003e at flags 0x100 on isa0\nsc0: VGA \u003c16 virtual consoles, flags=0x300\u003e\nvga0: \u003cGeneric ISA VGA\u003e at port 0x3c0-0x3df iomem 0xa0000-0xbffff on isa0\natrtc0: \u003cAT realtime clock\u003e at port 0x70 irq 8 on isa0\nEvent timer \"RTC\" frequency 32768 Hz quality 0\nppc0: cannot reserve I/O port range\nTimecounters tick every 10.000 msec\nusbus0: 12Mbps Full Speed USB v1.0\nusbus1: 480Mbps High Speed USB v2.0\nugen0.1: \u003cApple\u003e at usbus0\nuhub0: \u003cApple OHCI root HUB, class 9/0, rev 1.00/1.00, addr 1\u003e on usbus0\nugen1.1: \u003cIntel\u003e at usbus1\nuhub1: \u003cIntel EHCI root HUB, class 9/0, rev 2.00/1.00, addr 1\u003e on usbus1\nada0 at ata0 bus 0 scbus0 target 0 lun 0\nada0: \u003cVBOX HARDDISK 1.0\u003e ATA-6 device\nada0: 33.300MB/s transfers (UDMA2, PIO 65536bytes)\nada0: 8710MB (17839056 512 byte sectors: 16H 63S/T 16383C)\nada0: Previously was known as ad0\ncd0 at ata1 bus 0 scbus1 target 0 lun 0\ncd0: \u003cVBOX CD-ROM 1.0\u003e Removable CD-ROM SCSI-0 device \ncd0: 33.300MB/s transfers (UDMA2, ATAPI 12bytes, PIO 65534bytes)\ncd0: Attempt to query device size failed: NOT READY, Medium not present\nNetvsc initializing... SMP: AP CPU #1 Launched!\nWARNING: WITNESS option enabled, expect reduced performance.\nuhub0: 8 ports with 8 removable, self powered\nRoot mount waiting for: usbus1 usbus0\nRoot mount waiting for: usbus1 usbus0\nugen0.2: \u003cPixArt\u003e at usbus0\nRoot mount waiting for: usbus1\nRoot mount waiting for: usbus1\nuhub1: 8 ports with 8 removable, self powered\nTrying to mount root from ufs:/dev/ada0p2 [rw]...\nWARNING: / was not properly dismounted\nWARNING: /: mount pending error: blocks 0 files 4\nvtnet0: link state changed to UP\nums0: \u003cPixArt Microsoft USB Optical Mouse, class 0/0, rev 1.10/1.00, addr 2\u003e on usbus0\nums0: 3 buttons and [XYZ] coordinates ID=0\n\n---\n\nFatal trap 12: page fault while in kernel mode\ncpuid = 0; apic id = 00\nfault virtual address   = 0x10\nfault code              = supervisor read data, page not present\ninstruction pointer     = 0x20:0xffffffff80a8c5ec\nstack pointer           = 0x28:0xfffffe007b7727e0\nframe pointer           = 0x28:0xfffffe007b772800\ncode segment            = base 0x0, limit 0xfffff, type 0x1b\n                        = DPL 0, pres 1, long 1, def32 0, gran 1\nprocessor eflags        = interrupt enabled, resume, IOPL = 0\ncurrent process         = 847 (ifconfig)\n\nReading symbols from /boot/kernel/ums.ko.symbols...done.\nLoaded symbols for /boot/kernel/ums.ko.symbols\n#0  doadump (textdump=0) at pcpu.h:218\n218     pcpu.h: No such file or directory.\n        in pcpu.h\n(kgdb) bt\n#0  doadump (textdump=0) at pcpu.h:218\n#1  0xffffffff8034136e in db_dump (dummy=\u003cvalue optimized out\u003e, dummy2=0,\n    dummy3=0, dummy4=0x0) at /usr/src/sys/ddb/db_command.c:543\n#2  0xffffffff80340e0d in db_command (cmd_table=\u003cvalue optimized out\u003e)\n    at /usr/src/sys/ddb/db_command.c:449\n#3  0xffffffff80340b84 in db_command_loop ()\n    at /usr/src/sys/ddb/db_command.c:502\n#4  0xffffffff80343530 in db_trap (type=\u003cvalue optimized out\u003e, code=0)\n    at /usr/src/sys/ddb/db_main.c:231\n#5  0xffffffff808ef433 in kdb_trap (type=12, code=0, tf=\u003cvalue optimized out\u003e)\n    at /usr/src/sys/kern/subr_kdb.c:654\n#6  0xffffffff80cae62a in trap_fatal (frame=0xfffffe007b772730,\n    eva=\u003cvalue optimized out\u003e) at /usr/src/sys/amd64/amd64/trap.c:868\n#7  0xffffffff80cae8e4 in trap_pfault (frame=0x0, usermode=0)\n    at /usr/src/sys/amd64/amd64/trap.c:699\n#8  0xffffffff80cae0e0 in trap (frame=0xfffffe007b772730)\n    at /usr/src/sys/amd64/amd64/trap.c:463\n#9  0xffffffff80c95ec2 in calltrap ()\n    at /usr/src/sys/amd64/amd64/exception.S:232\n#10 0xffffffff80a8c5ec in nd6_purge (ifp=0xfffff8000256f800)\n    at /usr/src/sys/netinet6/nd6.c:823\n#11 0xffffffff80a778b9 in in6_ifdetach (ifp=0xfffff8000256f800)\n    at /usr/src/sys/netinet6/in6_ifattach.c:813\n---Type \u003creturn\u003e to continue, or q \u003creturn\u003e to quit---\n#12 0xffffffff8097b3d3 in if_detach (ifp=0xfffff8000256f800)\n    at /usr/src/sys/net/if.c:871\n#13 0xffffffff8075ebb2 in usbpf_clone_destroy (ifc=0xfffff800027d4d80,\n    ifp=0xfffff8000256f800) at /usr/src/sys/dev/usb/usb_pf.c:225\n#14 0xffffffff80980ae2 in if_clone_destroyif (ifc=0xfffff800027d4d80,\n    ifp=0xfffff8000256f800) at /usr/src/sys/net/if_clone.c:333\n#15 0xffffffff8098097e in if_clone_destroy (name=\u003cvalue optimized out\u003e)\n    at /usr/src/sys/net/if_clone.c:291\n#16 0xffffffff8097d806 in ifioctl (so=0xfffff80002c6f570,\n    cmd=\u003cvalue optimized out\u003e, data=0xfffff8000279f660 \"usbus0\",\n    td=0xfffff80002c02490) at /usr/src/sys/net/if.c:2513\n#17 0xffffffff8090e94a in kern_ioctl (td=0xfffff80002c02490,\n    fd=\u003cvalue optimized out\u003e, com=8) at file.h:319\n#18 0xffffffff8090e62f in sys_ioctl (td=0xfffff80002c02490,\n    uap=0xfffffe007b772b80) at /usr/src/sys/kern/sys_generic.c:698\n#19 0xffffffff80caee35 in amd64_syscall (td=0xfffff80002c02490, traced=0)\n    at subr_syscall.c:134\n#20 0xffffffff80c961ab in Xfast_syscall ()\n    at /usr/src/sys/amd64/amd64/exception.S:391\n#21 0x000000080119b9ca in ?? ()\nPrevious frame inner to this frame (corrupt stack?)\nCurrent language:  auto; currently minimal\n(kgdb)\n(kgdb) fr 15\n#15 0xffffffff8098097e in if_clone_destroy (name=\u003cvalue optimized out\u003e)\n    at /usr/src/sys/net/if_clone.c:291\n291             err = if_clone_destroyif(ifc, ifp);\n(kgdb) fr 14\n#14 0xffffffff80980ae2 in if_clone_destroyif (ifc=0xfffff800027d4d80,\n    ifp=0xfffff8000256f800) at /usr/src/sys/net/if_clone.c:333\n333                     err = (*ifc-\u003eifc_destroy)(ifc, ifp);\n(kgdb) fr 13\n#13 0xffffffff8075ebb2 in usbpf_clone_destroy (ifc=0xfffff800027d4d80,\n    ifp=0xfffff8000256f800) at /usr/src/sys/dev/usb/usb_pf.c:225\n225             if_detach(ifp);\n(kgdb) fr 12\n#12 0xffffffff8097b3d3 in if_detach (ifp=0xfffff8000256f800)\n    at /usr/src/sys/net/if.c:871\n871             in6_ifdetach(ifp);\n(kgdb) fr 11\n#11 0xffffffff80a778b9 in in6_ifdetach (ifp=0xfffff8000256f800)\n    at /usr/src/sys/netinet6/in6_ifattach.c:813\n813             nd6_purge(ifp);\n(kgdb) fr 10\n#10 0xffffffff80a8c5ec in nd6_purge (ifp=0xfffff8000256f800)\n    at /usr/src/sys/netinet6/nd6.c:823\n823             if (ND_IFINFO(ifp)-\u003eflags \u0026 ND6_IFF_ACCEPT_RTADV) {\n(kgdb) print ifp\n$1 = (struct ifnet *) 0xfffff8000256f800\n(kgdb) print *ifp\n$2 = {if_softc = 0xfffffe00008bb320, if_l2com = 0x0, if_vnet = 0x0, if_link = {\n    tqe_next = 0x0, tqe_prev = 0xfffff80002570018},\n  if_xname = \"usbus0\\000\\000\\000\\000\\000\\000\\000\\000\\000\",\n  if_dname = 0xffffffff80ee5a5c \"usbus\", if_dunit = 0, if_refcount = 2,\n  if_addrhead = {tqh_first = 0xfffff8000241d600,\n    tqh_last = 0xfffff8000241d6c0}, if_pcount = 0, if_carp = 0x0,\n  if_bpf = 0xfffff800027a3500, if_index = 3, if_index_reserved = 0,\n  if_vlantrunk = 0x0, if_flags = 0, if_capabilities = 0, if_capenable = 0,\n  if_linkmib = 0x0, if_linkmiblen = 0, if_data = {ifi_type = 160 '\u0026#9618;',\n    ifi_physical = 0 '\\0', ifi_addrlen = 0 '\\0', ifi_hdrlen = 0 '\\0',\n    ifi_link_state = 0 '\\0', ifi_vhid = 0 '\\0', ifi_baudrate_pf = 0 '\\0',\n    ifi_datalen = 152 '\\230', ifi_mtu = 0, ifi_metric = 0, ifi_baudrate = 0,\n    ifi_ipackets = 0, ifi_ierrors = 0, ifi_opackets = 0, ifi_oerrors = 0,\n    ifi_collisions = 0, ifi_ibytes = 0, ifi_obytes = 0, ifi_imcasts = 0,\n    ifi_omcasts = 0, ifi_iqdrops = 0, ifi_noproto = 0, ifi_hwassist = 0,\n    ifi_epoch = 52, ifi_lastchange = {tv_sec = 1381179412, tv_usec = 796566}},\n  if_multiaddrs = {tqh_first = 0x0, tqh_last = 0xfffff8000256f938},\n  if_amcount = 0, if_output = 0, if_input = 0, if_start = 0,\n  if_ioctl = 0xffffffff8075f2b0 \u003cusbpf_ioctl\u003e, if_init = 0,\n  if_resolvemulti = 0, if_qflush = 0xffffffff8097d550 \u003cif_qflush\u003e,\n  if_transmit = 0xffffffff809800a0 \u003cif_transmit\u003e, if_reassign = 0,\n  if_home_vnet = 0x0, if_addr = 0xfffff8000241d600, if_llsoftc = 0x0,\n  if_drv_flags = 0, if_snd = {ifq_head = 0x0, ifq_tail = 0x0, ifq_len = 0,\n---Type \u003creturn\u003e to continue, or q \u003creturn\u003e to quit---\n    ifq_maxlen = 50, ifq_drops = 0, ifq_mtx = {lock_object = {\n        lo_name = 0xfffff8000256f828 \"usbus0\", lo_flags = 16973824,\n        lo_data = 0, lo_witness = 0xfffffe00006d3d80}, mtx_lock = 4},\n    ifq_drv_head = 0x0, ifq_drv_tail = 0x0, ifq_drv_len = 0,\n    ifq_drv_maxlen = 0, altq_type = 0, altq_flags = 0, altq_disc = 0x0,\n    altq_ifp = 0xfffff8000256f800, altq_enqueue = 0, altq_dequeue = 0,\n    altq_request = 0, altq_clfier = 0x0, altq_classify = 0, altq_tbr = 0x0,\n    altq_cdnr = 0x0}, if_broadcastaddr = 0x0, if_bridge = 0x0, if_label = 0x0,\n  if_unused = {0x0, 0x0}, if_afdata = {0x0, 0x0, 0xfffff80002426f20,\n    0x0 \u003crepeats 39 times\u003e}, if_afdata_initialized = 2, if_afdata_lock = {\n    lock_object = {lo_name = 0xffffffff80f27a92 \"if_afdata\",\n      lo_flags = 86179840, lo_data = 0, lo_witness = 0xfffffe00006d3d00},\n    rw_lock = 1}, if_linktask = {ta_link = {stqe_next = 0x0}, ta_pending = 0,\n    ta_priority = 0, ta_func = 0xffffffff8097a5e0 \u003cdo_link_state_change\u003e,\n    ta_context = 0xfffff8000256f800}, if_addr_lock = {lock_object = {\n      lo_name = 0xffffffff80f1ab75 \"if_addr_lock\", lo_flags = 86179840,\n      lo_data = 0, lo_witness = 0xfffffe00006ccb80}, rw_lock = 1},\n  if_clones = {le_next = 0x0, le_prev = 0xfffff800027d4da8}, if_groups = {\n    tqh_first = 0xfffff80002acd020, tqh_last = 0xfffff80002acd028},\n  if_pf_kif = 0x0, if_lagg = 0x0, if_description = 0x0, if_fib = 0,\n  if_alloctype = 160 '\u0026#9618;', if_hw_tsomax = 65535, if_cspare = \"\\000\\000\",\n  if_ispare = {0, 0, 0, 0}, if_pspare = {0x0, 0x0, 0x0, 0x0, 0x0, 0x0, 0x0,\n    0x0}}\n\n---\n\n(kgdb) print ifp-\u003eif_afdata\n$3 = {0x0, 0x0, 0xfffff80002426f20, 0x0 \u003crepeats 39 times\u003e}\n(kgdb) print ifp-\u003eif_afdata[28]\n$4 = (void *) 0x0\n\n---\n\nThere is no checks about existense of ifp scructure member used in ND_IFINFO macro in nd6_purge().\n\n#define AF_INET6        28              /* IPv6 */\n#define ND_IFINFO(ifp) \\\n        (((struct in6_ifextra *)(ifp)-\u003eif_afdata[AF_INET6])-\u003end_ifinfo)\n\nmld6_var.h also contain same macro used in mld_ifdetach():\n\n#define MLD_IFINFO(ifp) \\\n        (((struct in6_ifextra *)(ifp)-\u003eif_afdata[AF_INET6])-\u003emld_ifinfo)\n\nFix: \n\nI think what my pretty simple patch not very smart at all. Why we should call in6_ifdetach() for usb interfaces?\nHow-To-Repeat: In my VirtualBox just new installed FreeBSD 10.0-ALPHA4 #r255933 panicked like:\n\n# ifconfig usbus0 create\n# ifconfig usbus0 destroy\n\nor \n\n# usbdump\n^C"
}