{
 "id": 417565,
 "bug_id": 117926,
 "attachment_id": 0,
 "creation_time": "2007-11-08T14:30:01Z",
 "creator": "ddeineka@gmail.com",
 "text": "Intel® Server Board S5000PSL with FreeBSD 6.2-RELEASE and 6.3-PRERELEASE (today cvsup). First integrated Intel PRO/1000 ethernet does not work with following diagnostics (full dmesg follows too):\n\nem0: \u003cIntel(R) PRO/1000 Network Connection Version - 6.7.2\u003e port 0x2020-0x203f mem 0xb8820000-0xb883ffff,0xb8400000-0xb87fffff irq 18 at device 0.0 on pci4\nem0: Setup of Shared code failed\ndevice_attach: em0 attach returned 6\nem1: \u003cIntel(R) PRO/1000 Network Connection Version - 6.7.2\u003e port 0x2000-0x201f mem 0xb8800000-0xb881ffff,0xb8000000-0xb83fffff irq 19 at device 0.1 on pci4\nem1: Ethernet address: 00:15:17:30:6c:79\n\nSecond ethernet (em1) works fine.\n\nFull dmesg:\n\nCopyright (c) 1992-2007 The FreeBSD Project.\nCopyright (c) 1979, 1980, 1983, 1986, 1988, 1989, 1991, 1992, 1993, 1994\n        The Regents of the University of California. All rights reserved.\nFreeBSD is a registered trademark of The FreeBSD Foundation.\nFreeBSD 6.3-PRERELEASE #4: Thu Nov  8 15:57:41 EET 2007\n    axl@master.itl.ua:/usr/obj/usr/src/sys/MASTER\nACPI APIC Table: \u003cINTEL  S5000PSL\u003e\nTimecounter \"i8254\" frequency 1193182 Hz quality 0\nCPU: Intel(R) Xeon(R) CPU           E5310  @ 1.60GHz (1595.93-MHz K8-class CPU)\n  Origin = \"GenuineIntel\"  Id = 0x6f7  Stepping = 7\n  Features=0xbfebfbff\u003cFPU,VME,DE,PSE,TSC,MSR,PAE,MCE,CX8,APIC,SEP,MTRR,PGE,MCA,CMOV,PAT,PSE36,CLFLUSH,DTS,ACPI,MMX,FXSR,SSE,SSE2,SS,HTT,TM,PBE\u003e\n  Features2=0x4e33d\u003cSSE3,RSVD2,MON,DS_CPL,VMX,TM2,SSSE3,CX16,xTPR,PDCM,DCA\u003e\n  AMD Features=0x20100800\u003cSYSCALL,NX,LM\u003e\n  AMD Features2=0x1\u003cLAHF\u003e\n  Cores per package: 4\nreal memory  = 5905580032 (5632 MB)\navail memory = 4097830912 (3907 MB)\nioapic0 \u003cVersion 2.0\u003e irqs 0-23 on motherboard\nioapic1 \u003cVersion 2.0\u003e irqs 24-47 on motherboard\nlapic0: Forcing LINT1 to edge trigger\nkbd1 at kbdmux0\nacpi0: \u003cINTEL S5000PSL\u003e on motherboard\nacpi_hpet0: \u003cHigh Precision Event Timer\u003e iomem 0xfed00000-0xfed003ff on acpi0\nTimecounter \"HPET\" frequency 14318180 Hz quality 2000\nacpi0: Power Button (fixed)\nTimecounter \"ACPI-fast\" frequency 3579545 Hz quality 1000\nacpi_timer0: \u003c24-bit timer at 3.579545MHz\u003e port 0x408-0x40b on acpi0\ncpu0: \u003cACPI CPU\u003e on acpi0\ndevice_attach: acpi_perf0 attach returned 6\ndevice_attach: acpi_perf0 attach returned 6\nacpi_throttle0: \u003cACPI CPU Throttling\u003e on cpu0\nacpi_button0: \u003cSleep Button\u003e on acpi0\nacpi_button1: \u003cPower Button\u003e on acpi0\npcib0: \u003cACPI Host-PCI bridge\u003e port 0xca2,0xca3,0xcf8-0xcff on acpi0\npci0: \u003cACPI PCI bus\u003e on pcib0\npcib1: \u003cACPI PCI-PCI bridge\u003e at device 2.0 on pci0\npci1: \u003cACPI PCI bus\u003e on pcib1\npcib2: \u003cACPI PCI-PCI bridge\u003e irq 16 at device 0.0 on pci1\npci2: \u003cACPI PCI bus\u003e on pcib2\npcib3: \u003cACPI PCI-PCI bridge\u003e irq 16 at device 0.0 on pci2\npci3: \u003cACPI PCI bus\u003e on pcib3\npcib4: \u003cACPI PCI-PCI bridge\u003e irq 18 at device 2.0 on pci2\npci4: \u003cACPI PCI bus\u003e on pcib4\nem0: \u003cIntel(R) PRO/1000 Network Connection Version - 6.7.2\u003e port 0x2020-0x203f mem 0xb8820000-0xb883ffff,0xb8400000-0xb87fffff irq 18 at device 0.0 on pci4\nem0: Setup of Shared code failed\ndevice_attach: em0 attach returned 6\nem1: \u003cIntel(R) PRO/1000 Network Connection Version - 6.7.2\u003e port 0x2000-0x201f mem 0xb8800000-0xb881ffff,0xb8000000-0xb83fffff irq 19 at device 0.1 on pci4\nem1: Ethernet address: 00:15:17:30:6c:79\npcib5: \u003cACPI PCI-PCI bridge\u003e at device 0.3 on pci1\npci5: \u003cACPI PCI bus\u003e on pcib5\npcib6: \u003cPCI-PCI bridge\u003e at device 3.0 on pci0\npci6: \u003cPCI bus\u003e on pcib6\npcib7: \u003cACPI PCI-PCI bridge\u003e at device 4.0 on pci0\npci7: \u003cACPI PCI bus\u003e on pcib7\npcib8: \u003cACPI PCI-PCI bridge\u003e at device 5.0 on pci0\npci8: \u003cACPI PCI bus\u003e on pcib8\npcib9: \u003cACPI PCI-PCI bridge\u003e at device 6.0 on pci0\npci9: \u003cACPI PCI bus\u003e on pcib9\npcib10: \u003cPCI-PCI bridge\u003e at device 7.0 on pci0\npci10: \u003cPCI bus\u003e on pcib10\npci0: \u003cbase peripheral\u003e at device 8.0 (no driver attached)\npcib11: \u003cACPI PCI-PCI bridge\u003e irq 16 at device 28.0 on pci0\npci11: \u003cACPI PCI bus\u003e on pcib11\npcib12: \u003cACPI PCI-PCI bridge\u003e at device 30.0 on pci0\npci12: \u003cACPI PCI bus\u003e on pcib12\npci12: \u003cdisplay, VGA\u003e at device 12.0 (no driver attached)\nisab0: \u003cPCI-ISA bridge\u003e at device 31.0 on pci0\nisa0: \u003cISA bus\u003e on isab0\natapci0: \u003cIntel 63XXESB2 UDMA100 controller\u003e port 0x1f0-0x1f7,0x3f6,0x170-0x177,0x376,0x3040-0x304f irq 20 at device 31.1 on pci0\nata0: \u003cATA channel 0\u003e on atapci0\nata1: \u003cATA channel 1\u003e on atapci0\natapci1: \u003cIntel 63XXESB2 SATA300 controller\u003e port 0x3058-0x305f,0x3074-0x3077,0x3050-0x3057,0x3070-0x3073,0x3020-0x303f mem 0xb8b00000-0xb8b003ff irq 20 at device 31.2 on pci0\natapci1: AHCI Version 01.10 controller with 6 ports detected\nata2: \u003cATA channel 0\u003e on atapci1\nata3: \u003cATA channel 1\u003e on atapci1\nata4: \u003cATA channel 2\u003e on atapci1\nata5: \u003cATA channel 3\u003e on atapci1\nata6: \u003cATA channel 4\u003e on atapci1\nata7: \u003cATA channel 5\u003e on atapci1\npci0: \u003cserial bus, SMBus\u003e at device 31.3 (no driver attached)\natkbdc0: \u003cKeyboard controller (i8042)\u003e port 0x60,0x64 irq 1 on acpi0\natkbd0: \u003cAT Keyboard\u003e irq 1 on atkbdc0\nkbd0 at atkbd0\natkbd0: [GIANT-LOCKED]\nsio0: \u003c16550A-compatible COM port\u003e port 0x3f8-0x3ff irq 4 flags 0x10 on acpi0\nsio0: type 16550A\nsio1: \u003c16550A-compatible COM port\u003e port 0x2f8-0x2ff irq 3 on acpi0\nsio1: type 16550A\norm0: \u003cISA Option ROMs\u003e at iomem 0xc0000-0xc8fff,0xcb000-0xcbfff,0xcc000-0xccfff on isa0\nsc0: \u003cSystem console\u003e at flags 0x100 on isa0\nsc0: VGA \u003c16 virtual consoles, flags=0x300\u003e\nvga0: \u003cGeneric ISA VGA\u003e at port 0x3c0-0x3df iomem 0xa0000-0xbffff on isa0\nTimecounter \"TSC\" frequency 1595934912 Hz quality 800\nTimecounters tick every 1.000 msec\nThe GEOM class MIRROR is already loaded.\nad4: 70911MB \u003cWDC WD740ADFD-00NLR5 21.07QR5\u003e at ata2-master SATA150\nGEOM_MIRROR: Device gm0 created (id=3950709524).\nGEOM_MIRROR: Device gm0: provider ad4 detected.\nad6: 70911MB \u003cWDC WD740ADFD-00NLR5 21.07QR5\u003e at ata3-master SATA150\nGEOM_MIRROR: Device gm0: provider ad6 detected.\nGEOM_MIRROR: Device gm0: provider ad6 activated.\nGEOM_MIRROR: Device gm0: provider ad4 activated.\nGEOM_MIRROR: Device gm0: provider mirror/gm0 launched.\nTrying to mount root from ufs:/dev/mirror/gm0s1a\nem0: \u003cIntel(R) PRO/1000 Network Connection Version - 6.7.2\u003e port 0x2020-0x203f mem 0xb8820000-0xb883ffff,0xb8400000-0xb87fffff irq 18 at device 0.0 on pci4\nem0: Setup of Shared code failed\ndevice_attach: em0 attach returned 6\nem0: \u003cIntel(R) PRO/1000 Network Connection Version - 6.7.2\u003e port 0x2020-0x203f mem 0xb8820000-0xb883ffff,0xb8400000-0xb87fffff irq 18 at device 0.0 on pci4\nem0: Setup of Shared code failed\ndevice_attach: em0 attach returned 6\nem0: \u003cIntel(R) PRO/1000 Network Connection Version - 6.7.2\u003e port 0x2020-0x203f mem 0xb8820000-0xb883ffff,0xb8400000-0xb87fffff irq 18 at device 0.0 on pci4\nem0: Setup of Shared code failed\ndevice_attach: em0 attach returned 6\nem1: link state changed to UP\n\npciconf -lv:\n \nhostb0@pci0:0:0:        class=0x060000 card=0x34768086 chip=0x25d88086 rev=0xb1 hdr=0x00\n    vendor     = 'Intel Corporation'\n    class      = bridge\n    subclass   = HOST-PCI\npcib1@pci0:2:0: class=0x060400 card=0x00000000 chip=0x25f78086 rev=0xb1 hdr=0x01\n    vendor     = 'Intel Corporation'\n    class      = bridge\n    subclass   = PCI-PCI\npcib6@pci0:3:0: class=0x060400 card=0x00000000 chip=0x25e38086 rev=0xb1 hdr=0x01\n    vendor     = 'Intel Corporation'\n    class      = bridge\n    subclass   = PCI-PCI\npcib7@pci0:4:0: class=0x060400 card=0x00000000 chip=0x25f88086 rev=0xb1 hdr=0x01\n    vendor     = 'Intel Corporation'\n    class      = bridge\n    subclass   = PCI-PCI\npcib8@pci0:5:0: class=0x060400 card=0x00000000 chip=0x25e58086 rev=0xb1 hdr=0x01\n    vendor     = 'Intel Corporation'\n    class      = bridge\n    subclass   = PCI-PCI\npcib9@pci0:6:0: class=0x060400 card=0x00000000 chip=0x25f98086 rev=0xb1 hdr=0x01\n    vendor     = 'Intel Corporation'\n    class      = bridge\n    subclass   = PCI-PCI\npcib10@pci0:7:0:        class=0x060400 card=0x00000000 chip=0x25e78086 rev=0xb1 hdr=0x01\n    vendor     = 'Intel Corporation'\n    class      = bridge\n    subclass   = PCI-PCI\nnone0@pci0:8:0: class=0x088000 card=0x34768086 chip=0x1a388086 rev=0xb1 hdr=0x00\n    vendor     = 'Intel Corporation'\n    class      = base peripheral\nhostb1@pci0:16:0:       class=0x060000 card=0x34768086 chip=0x25f08086 rev=0xb1 hdr=0x00\n    vendor     = 'Intel Corporation'\n    class      = bridge\n    subclass   = HOST-PCI\nhostb2@pci0:16:1:       class=0x060000 card=0x34768086 chip=0x25f08086 rev=0xb1 hdr=0x00\n    vendor     = 'Intel Corporation'\n    class      = bridge\n    subclass   = HOST-PCI\nhostb3@pci0:16:2:       class=0x060000 card=0x34768086 chip=0x25f08086 rev=0xb1 hdr=0x00\n    vendor     = 'Intel Corporation'\n    class      = bridge\n    subclass   = HOST-PCI\nhostb4@pci0:17:0:       class=0x060000 card=0x34768086 chip=0x25f18086 rev=0xb1 hdr=0x00\n    vendor     = 'Intel Corporation'\n    class      = bridge\n    subclass   = HOST-PCI\nhostb5@pci0:19:0:       class=0x060000 card=0x34768086 chip=0x25f38086 rev=0xb1 hdr=0x00\n    vendor     = 'Intel Corporation'\n    class      = bridge\n    subclass   = HOST-PCI\nhostb6@pci0:21:0:       class=0x060000 card=0x34768086 chip=0x25f58086 rev=0xb1 hdr=0x00\n    vendor     = 'Intel Corporation'\n    class      = bridge\n    subclass   = HOST-PCI\nhostb7@pci0:22:0:       class=0x060000 card=0x34768086 chip=0x25f68086 rev=0xb1 hdr=0x00\n    vendor     = 'Intel Corporation'\n    class      = bridge\n    subclass   = HOST-PCI\npcib11@pci0:28:0:       class=0x060400 card=0x34768086 chip=0x26908086 rev=0x09 hdr=0x01\n    vendor     = 'Intel Corporation'\n    class      = bridge\n    subclass   = PCI-PCI\npcib12@pci0:30:0:       class=0x060401 card=0x34768086 chip=0x244e8086 rev=0xd9 hdr=0x01\n    vendor     = 'Intel Corporation'\n    device     = '82801BA/CA/DB/DBL/EB/ER/FB (ICH2/3/4/4/5/5/6), 6300ESB Hub Interface to PCI Bridge'\n    class      = bridge\n    subclass   = PCI-PCI\nisab0@pci0:31:0:        class=0x060100 card=0x34768086 chip=0x26708086 rev=0x09 hdr=0x00\n    vendor     = 'Intel Corporation'\n    class      = bridge\n    subclass   = PCI-ISA\natapci0@pci0:31:1:      class=0x01018a card=0x34768086 chip=0x269e8086 rev=0x09 hdr=0x00\n    vendor     = 'Intel Corporation'\n    class      = mass storage\n    subclass   = ATA\natapci1@pci0:31:2:      class=0x010601 card=0x34768086 chip=0x26818086 rev=0x09 hdr=0x00\n    vendor     = 'Intel Corporation'\n    class      = mass storage\nnone1@pci0:31:3:        class=0x0c0500 card=0x34768086 chip=0x269b8086 rev=0x09 hdr=0x00\n    vendor     = 'Intel Corporation'\n    class      = serial bus\n    subclass   = SMBus\npcib2@pci1:0:0: class=0x060400 card=0x34768086 chip=0x35008086 rev=0x01 hdr=0x01\n    vendor     = 'Intel Corporation'\n    class      = bridge\n    subclass   = PCI-PCI\npcib5@pci1:0:3: class=0x060400 card=0x34768086 chip=0x350c8086 rev=0x01 hdr=0x01\n    vendor     = 'Intel Corporation'\n    class      = bridge\n    subclass   = PCI-PCI\npcib3@pci2:0:0: class=0x060400 card=0x34768086 chip=0x35108086 rev=0x01 hdr=0x01\n    vendor     = 'Intel Corporation'\n    class      = bridge\n    subclass   = PCI-PCI\npcib4@pci2:2:0: class=0x060400 card=0x34768086 chip=0x35188086 rev=0x01 hdr=0x01\n    vendor     = 'Intel Corporation'\n    class      = bridge\n    subclass   = PCI-PCI\nem0@pci4:0:0:   class=0x020000 card=0x34768086 chip=0x10968086 rev=0x01 hdr=0x00\n    vendor     = 'Intel Corporation'\n    device     = 'PRO/1000 EB Network Connection'\n    class      = network\n    subclass   = ethernet\nem1@pci4:0:1:   class=0x020000 card=0x34768086 chip=0x10968086 rev=0x01 hdr=0x00\n    vendor     = 'Intel Corporation'\n    device     = 'PRO/1000 EB Network Connection'\n    class      = network\n    subclass   = ethernet\nnone2@pci12:12:0:       class=0x030000 card=0x34768086 chip=0x515e1002 rev=0x02 hdr=0x00\n    vendor     = 'ATI Technologies Inc'\n    class      = display\n    subclass   = VGA\n\nHow-To-Repeat: 1) Buy Intel® Server Board S5000PSL (http://www.intel.com/design/servers/boards/s5000psl/) with at least one CPU and some memory\n2) Try to boot with FreeBSD 6.2-RELEASE or newer"
}