{
 "id": 417567,
 "bug_id": 117926,
 "attachment_id": 0,
 "creation_time": "2007-11-08T15:33:25Z",
 "creator": "axl@itl.ua",
 "text": "This is like joke, but today we was try to add 4 more GB of memory to \nthis machine. With 8Gb total memory all em's does not work with similar \ndiagnostics (dmesg output):\nNov  8 17:10:24 dbmaster kernel: Copyright (c) 1992-2007 The FreeBSD \nProject.\nNov  8 17:10:24 dbmaster kernel: Copyright (c) 1979, 1980, 1983, 1986, \n1988, 1989, 1991, 1992, 1993, 1994\nNov  8 17:10:24 dbmaster kernel: The Regents of the University of \nCalifornia. All rights reserved.\nNov  8 17:10:24 dbmaster kernel: FreeBSD is a registered trademark of \nThe FreeBSD Foundation.\nNov  8 17:10:24 dbmaster kernel: FreeBSD 6.3-PRERELEASE #4: Thu Nov  8 \n15:57:41 EET 2007\nNov  8 17:10:24 dbmaster kernel: \naxl@dbmaster.itl.ua:/usr/obj/usr/src/sys/DBMASTER\nNov  8 17:10:24 dbmaster kernel: ACPI APIC Table: \u003cINTEL  S5000PSL\u003e\nNov  8 17:10:24 dbmaster kernel: Timecounter \"i8254\" frequency 1193182 \nHz quality 0\nNov  8 17:10:24 dbmaster kernel: CPU: Intel(R) Xeon(R) CPU \nE5310  @ 1.60GHz (1595.94-MHz K8-class CPU)\nNov  8 17:10:24 dbmaster kernel: Origin = \"GenuineIntel\"  Id = 0x6f7 \nStepping = 7\nNov  8 17:10:24 dbmaster kernel: \nFeatures=0xbfebfbff\u003cFPU,VME,DE,PSE,TSC,MSR,PAE,MCE,CX8,APIC,SEP,MTRR,PGE,MCA,CMOV,PAT,PSE36,CLFLUSH,DTS,ACPI,MMX,FXSR,SSE,SSE2,SS,HTT,TM,PBE\u003e\nNov  8 17:10:24 dbmaster kernel: \nFeatures2=0x4e33d\u003cSSE3,RSVD2,MON,DS_CPL,VMX,TM2,SSSE3,CX16,xTPR,PDCM,DCA\u003e\nNov  8 17:10:24 dbmaster kernel: AMD Features=0x20100800\u003cSYSCALL,NX,LM\u003e\nNov  8 17:10:24 dbmaster kernel: AMD Features2=0x1\u003cLAHF\u003e\nNov  8 17:10:24 dbmaster kernel: Cores per package: 4\nNov  8 17:10:24 dbmaster kernel: real memory  = 10200547328 (9728 MB)\nNov  8 17:10:24 dbmaster kernel: avail memory = 8266711040 (7883 MB)\nNov  8 17:10:24 dbmaster kernel: ioapic0 \u003cVersion 2.0\u003e irqs 0-23 on \nmotherboard\nNov  8 17:10:24 dbmaster kernel: ioapic1 \u003cVersion 2.0\u003e irqs 24-47 on \nmotherboard\nNov  8 17:10:24 dbmaster kernel: lapic0: Forcing LINT1 to edge trigger\nNov  8 17:10:24 dbmaster kernel: kbd1 at kbdmux0\nNov  8 17:10:24 dbmaster kernel: acpi0: \u003cINTEL S5000PSL\u003e on motherboard\nNov  8 17:10:24 dbmaster kernel: acpi_hpet0: \u003cHigh Precision Event \nTimer\u003e iomem 0xfed00000-0xfed003ff on acpi0\nNov  8 17:10:24 dbmaster kernel: Timecounter \"HPET\" frequency 14318180 \nHz quality 2000\nNov  8 17:10:24 dbmaster kernel: acpi0: Power Button (fixed)\nNov  8 17:10:24 dbmaster kernel: Timecounter \"ACPI-fast\" frequency \n3579545 Hz quality 1000\nNov  8 17:10:24 dbmaster kernel: acpi_timer0: \u003c24-bit timer at \n3.579545MHz\u003e port 0x408-0x40b on acpi0\nNov  8 17:10:24 dbmaster kernel: cpu0: \u003cACPI CPU\u003e on acpi0\nNov  8 17:10:24 dbmaster kernel: device_attach: acpi_perf0 attach returned 6\nNov  8 17:10:24 dbmaster kernel: device_attach: acpi_perf0 attach returned 6\nNov  8 17:10:24 dbmaster kernel: acpi_throttle0: \u003cACPI CPU Throttling\u003e \non cpu0\nNov  8 17:10:24 dbmaster kernel: acpi_button0: \u003cSleep Button\u003e on acpi0\nNov  8 17:10:24 dbmaster kernel: acpi_button1: \u003cPower Button\u003e on acpi0\nNov  8 17:10:24 dbmaster kernel: pcib0: \u003cACPI Host-PCI bridge\u003e port \n0xca2,0xca3,0xcf8-0xcff on acpi0\nNov  8 17:10:24 dbmaster kernel: pci0: \u003cACPI PCI bus\u003e on pcib0\nNov  8 17:10:24 dbmaster kernel: pcib1: \u003cACPI PCI-PCI bridge\u003e at device \n2.0 on pci0\nNov  8 17:10:24 dbmaster kernel: pci1: \u003cACPI PCI bus\u003e on pcib1\nNov  8 17:10:24 dbmaster kernel: pcib2: \u003cACPI PCI-PCI bridge\u003e irq 16 at \ndevice 0.0 on pci1\nNov  8 17:10:24 dbmaster kernel: pci2: \u003cACPI PCI bus\u003e on pcib2\nNov  8 17:10:24 dbmaster kernel: pcib3: \u003cACPI PCI-PCI bridge\u003e irq 16 at \ndevice 0.0 on pci2\nNov  8 17:10:24 dbmaster kernel: pci3: \u003cACPI PCI bus\u003e on pcib3\nNov  8 17:10:24 dbmaster kernel: pcib4: \u003cACPI PCI-PCI bridge\u003e irq 18 at \ndevice 2.0 on pci2\nNov  8 17:10:24 dbmaster kernel: pci4: \u003cACPI PCI bus\u003e on pcib4\nNov  8 17:10:24 dbmaster kernel: em0: \u003cIntel(R) PRO/1000 Network \nConnection Version - 6.7.2\u003e port 0x2020-0x203f mem \n0xb8820000-0xb883ffff,0xb8400000-0xb87fffff irq 18 at device 0.0 on pci4\nNov  8 17:10:24 dbmaster kernel: em0: Setup of Shared code failed\nNov  8 17:10:24 dbmaster kernel: device_attach: em0 attach returned 6\nNov  8 17:10:24 dbmaster kernel: em1: \u003cIntel(R) PRO/1000 Network \nConnection Version - 6.7.2\u003e port 0x2000-0x201f mem \n0xb8800000-0xb881ffff,0xb8000000-0xb83fffff irq 19 at device 0.1 on pci4\nNov  8 17:10:24 dbmaster kernel: em1: Hardware Initialization Failed\nNov  8 17:10:24 dbmaster kernel: em1: Unable to initialize the hardware\nNov  8 17:10:24 dbmaster kernel: device_attach: em1 attach returned 5\n\n\nand later:\nNov  8 17:10:25 dbmaster kernel: em0: \u003cIntel(R) PRO/1000 Network \nConnection Version - 6.7.2\u003e port 0x2020-0x203f mem \n0xb8820000-0xb883ffff,0xb8400000-0xb87fffff irq 18 at device 0.0 on pci4\nNov  8 17:10:25 dbmaster kernel: em0: Setup of Shared code failed\nNov  8 17:10:25 dbmaster kernel: device_attach: em0 attach returned 6\nNov  8 17:10:25 dbmaster kernel: em1: \u003cIntel(R) PRO/1000 Network \nConnection Version - 6.7.2\u003e port 0x2000-0x201f mem \n0xb8800000-0xb881ffff,0xb8000000-0xb83fffff irq 19 at device 0.1 on pci4\nNov  8 17:10:25 dbmaster kernel: em1: Setup of Shared code failed\nNov  8 17:10:25 dbmaster kernel: device_attach: em1 attach returned 6\nNov  8 17:10:25 dbmaster kernel: em0: \u003cIntel(R) PRO/1000 Network \nConnection Version - 6.7.2\u003e port 0x2020-0x203f mem \n0xb8820000-0xb883ffff,0xb8400000-0xb87fffff irq 18 at device 0.0 on pci4\nNov  8 17:10:25 dbmaster kernel: em0: Setup of Shared code failed\nNov  8 17:10:25 dbmaster kernel: device_attach: em0 attach returned 6\nNov  8 17:10:25 dbmaster kernel: em1: \u003cIntel(R) PRO/1000 Network \nConnection Version - 6.7.2\u003e port 0x2000-0x201f mem \n0xb8800000-0xb881ffff,0xb8000000-0xb83fffff irq 19 at device 0.1 on pci4\nNov  8 17:10:25 dbmaster kernel: em1: Setup of Shared code failed\nNov  8 17:10:25 dbmaster kernel: device_attach: em1 attach returned 6\nNov  8 17:10:25 dbmaster kernel: em0: \u003cIntel(R) PRO/1000 Network \nConnection Version - 6.7.2\u003e port 0x2020-0x203f mem \n0xb8820000-0xb883ffff,0xb8400000-0xb87fffff irq 18 at device 0.0 on pci4\nNov  8 17:10:25 dbmaster kernel: em0: Setup of Shared code failed\nNov  8 17:10:25 dbmaster kernel: device_attach: em0 attach returned 6\nNov  8 17:10:25 dbmaster kernel: em1: \u003cIntel(R) PRO/1000 Network \nConnection Version - 6.7.2\u003e port 0x2000-0x201f mem \n0xb8800000-0xb881ffff,0xb8000000-0xb83fffff irq 19 at device 0.1 on pci4\nNov  8 17:10:25 dbmaster kernel: em1: Setup of Shared code failed\nNov  8 17:10:25 dbmaster kernel: device_attach: em1 attach returned 6\n\nWhen extra 4Gb was removed from motherboard, only em0 was down, em1 \nworks, like in first bugreport.\n\nHope this additional information helps.\n"
}