{
 "id": 450260,
 "bug_id": 124670,
 "attachment_id": 0,
 "creation_time": "2008-06-17T14:00:07Z",
 "creator": "chameeyass@hotmail.com",
 "text": "machine configuration:\n  Celeron 800Mhz., 768MB RAM, \n  11GB IDE mount: / ad2 - motherboard IDE connection\n  Sil 3512 SATA PCI card\n  320GB SATA ad4\n  320GB SATA ad6\n   - created /dev/mirror/dat mount: /home\n\nI have serious problems when I work with a large file or large file copies.\nI have had a serious of issues with the RAID. it goes down nearly every day.\nSometimes several times each day!\n\nHere's a extract of message when I was copying a single 1.8GB file from one\nSAMBA share on the mirror to another SAMBA share on the same mirror.\n\nJun 17 10:22:48 ChamRAID01 kernel: xl0: transmission error: 90\nJun 17 10:22:48 ChamRAID01 kernel: xl0: tx underrun, increasing tx start threshold to 120 bytes\nJun 17 10:41:33 ChamRAID01 kernel: xl0: transmission error: 90\nJun 17 10:41:33 ChamRAID01 kernel: xl0: tx underrun, increasing tx start threshold to 180 bytes\nJun 17 10:54:49 ChamRAID01 kernel: xl0: transmission error: 90\nJun 17 10:54:49 ChamRAID01 kernel: xl0: tx underrun, increasing tx start threshold to 240 bytes\nJun 17 10:55:12 ChamRAID01 kernel: xl0: transmission error: 90\nJun 17 10:55:12 ChamRAID01 kernel: xl0: tx underrun, increasing tx start threshold to 300 bytes\nJun 17 10:56:22 ChamRAID01 kernel: ad4: FAILURE - device detached\nJun 17 10:56:22 ChamRAID01 kernel: subdisk4: detached\nJun 17 10:56:22 ChamRAID01 kernel: ad4: detached\nJun 17 10:56:22 ChamRAID01 kernel: GEOM_MIRROR: Device dat: provider ad4 disconnected.\nJun 17 10:56:22 ChamRAID01 kernel: g_vfs_done():mirror/dat[READ(offset=267860606976, length=131072)]error = 6\nJun 17 10:56:41 ChamRAID01 kernel: ad6: FAILURE - device detached\nJun 17 10:56:41 ChamRAID01 kernel: subdisk6: detached\nJun 17 10:56:41 ChamRAID01 kernel: ad6: detached\nJun 17 10:56:41 ChamRAID01 kernel: GEOM_MIRROR: Device dat: provider ad6 disconnected.\nJun 17 10:56:41 ChamRAID01 kernel: GEOM_MIRROR: Device dat: provider mirror/dat destroyed.\nJun 17 10:56:41 ChamRAID01 kernel: GEOM_MIRROR: Device dat destroyed.\nJun 17 10:56:41 ChamRAID01 kernel: g_vfs_done():mirror/dat[WRITE(offset=268466061312, length=16384)]error = 6\nJun 17 10:56:41 ChamRAID01 kernel: g_vfs_done():mirror/dat[WRITE(offset=268467388416, length=131072)]error = 6\nJun 17 10:56:41 ChamRAID01 kernel: g_vfs_done():mirror/dat[WRITE(offset=268467519488, length=131072)]error = 6\nJun 17 10:56:41 ChamRAID01 kernel: g_vfs_done():mirror/dat[WRITE(offset=268467650560, length=131072)]error = 6\nJun 17 10:56:41 ChamRAID01 kernel: g_vfs_done():mirror/dat[WRITE(offset=268467781632, length=131072)]error = 6\n... lots and lots of these ...\n - the machine crash after this. Don't think it left a dump.\n\n- when it came back the OS reported missing and bad blocks on the mirror disks.\nI did a fsck and cleaned the mirror disks up. I didn't check the mirror status\nbut I suspect it was rebuilding.\n\nwhen the fsck finished I attempted to reboot the machine by issuing a reboot.\nThe machine crashed - it left a core dump this time.\n\nWhen it came back up, the mirror rebuilt and I tried the file copy on the\nconsole instead of from my Windows machine. And the same happened.\n\nJun 17 11:40:31 ChamRAID01 kernel: ad6: FAILURE - device detached\nJun 17 11:40:31 ChamRAID01 kernel: subdisk6: detached\nJun 17 11:40:31 ChamRAID01 kernel: ad6: detached\nJun 17 11:40:31 ChamRAID01 kernel: GEOM_MIRROR: Device dat: provider ad6 disconnected.\nJun 17 11:40:31 ChamRAID01 kernel: GEOM_MIRROR: Device dat: provider mirror/dat destroyed.\nJun 17 11:40:31 ChamRAID01 kernel: GEOM_MIRROR: Device dat: rebuilding provider ad4 stopped.\nJun 17 11:40:31 ChamRAID01 kernel: g_vfs_done():mirror/dat[WRITE(offset=289641709568, length=131072)]error = 6\nJun 17 11:40:31 ChamRAID01 kernel: g_vfs_done():mirror/dat[WRITE(offset=289641840640, length=131072)]error = 6\nJun 17 11:40:36 ChamRAID01 kernel: g_vfs_done():mirror/dat[WRITE(offset=114688, length=16384)]error = 6\n..again LOTS of these. I had to turn the machine off this time.\n\nI'm thinking of removing the raid and just going with a single device\nand a cron job to copy the files over to the other disk each night. At least\nthat would work in the meantime.\n\nI don't have any idea what the issue is. SiL 3512 drivers perhaps?  I have\nNOT created the mirror in the RAID card BIOS .. just using JBOD.  I have\nreplaced the power supply in case it was a power issue.\n\nHere is the boot messages:\nJun 17 10:57:51 ChamRAID01 kernel: g_vfs_done():mirror/dat[WRITE(offset=268309741568, length=16384)]error = 6\nJun 17 10:57:51 ChamRAID01 kernel: g_vfs_done():mirror/dat[WRITE(offset=268293685248, length=16384)]error = 6\nJun 17 10:57:51 ChamRAID01 kernel: g_vfs_done():mirror/dat[WRITE(offset=268297748480, length=32768)]error = 6\nJun 17 11:10:58 ChamRAID01 syslogd: kernel boot file is /boot/kernel/kernel\nJun 17 11:10:58 ChamRAID01 kernel: Copyright (c) 1992-2008 The FreeBSD Project.\nJun 17 11:10:58 ChamRAID01 kernel: Copyright (c) 1979, 1980, 1983, 1986, 1988, 1989, 1991, 1992, 1993, 1994\nJun 17 11:10:58 ChamRAID01 kernel: The Regents of the University of California. All rights reserved.\nJun 17 11:10:58 ChamRAID01 kernel: FreeBSD is a registered trademark of The FreeBSD Foundation.\nJun 17 11:10:58 ChamRAID01 kernel: FreeBSD 7.0-RELEASE #0: Sun Feb 24 19:59:52 UTC 2008\nJun 17 11:10:58 ChamRAID01 kernel: root@logan.cse.buffalo.edu:/usr/obj/usr/src/sys/GENERIC\nJun 17 11:10:58 ChamRAID01 kernel: Timecounter \"i8254\" frequency 1193182 Hz quality 0\nJun 17 11:10:58 ChamRAID01 kernel: CPU: Intel Celeron (768.42-MHz 686-class CPU)\nJun 17 11:10:58 ChamRAID01 kernel: Origin = \"GenuineIntel\"  Id = 0x686  Stepping = 6\nJun 17 11:10:58 ChamRAID01 kernel: Features=0x383f9ff\u003cFPU,VME,DE,PSE,TSC,MSR,PAE,MCE,CX8,SEP,MTRR,PGE,MCA,CMOV,PAT,PSE36,MMX,FXSR,SSE\u003e\nJun 17 11:10:58 ChamRAID01 kernel: real memory  = 671023104 (639 MB)\nJun 17 11:10:58 ChamRAID01 kernel: avail memory = 642785280 (613 MB)\nJun 17 11:10:58 ChamRAID01 kernel: kbd1 at kbdmux0\nJun 17 11:10:58 ChamRAID01 kernel: ath_hal: 0.9.20.3 (AR5210, AR5211, AR5212, RF5111, RF5112, RF2413, RF5413)\nJun 17 11:10:58 ChamRAID01 kernel: hptrr: HPT RocketRAID controller driver v1.1 (Feb 24 2008 19:59:27)\nJun 17 11:10:58 ChamRAID01 kernel: acpi0: \u003cHP HPBDD_IO\u003e on motherboard\nJun 17 11:10:58 ChamRAID01 kernel: acpi0: [ITHREAD]\nJun 17 11:10:58 ChamRAID01 kernel: acpi0: Power Button (fixed)\nJun 17 11:10:58 ChamRAID01 kernel: acpi0: reservation of 0, a0000 (3) failed\nJun 17 11:10:58 ChamRAID01 kernel: acpi0: reservation of 100000, 27ef0000 (3) failed\nJun 17 11:10:58 ChamRAID01 kernel: Timecounter \"ACPI-safe\" frequency 3579545 Hz quality 850\nJun 17 11:10:58 ChamRAID01 kernel: acpi_timer0: \u003c24-bit timer at 3.579545MHz\u003e port 0x4008-0x400b on acpi0\nJun 17 11:10:58 ChamRAID01 kernel: cpu0: \u003cACPI CPU\u003e on acpi0\nJun 17 11:10:58 ChamRAID01 kernel: acpi_throttle0: \u003cACPI CPU Throttling\u003e on cpu0\nJun 17 11:10:58 ChamRAID01 kernel: acpi_button0: \u003cPower Button\u003e on acpi0\nJun 17 11:10:58 ChamRAID01 kernel: pcib0: \u003cACPI Host-PCI bridge\u003e port 0xcf8-0xcff,0x4000-0x407f,0x4080-0x40ff,0x5000-0x500f,0x6000-0x607f on acpi0\nJun 17 11:10:58 ChamRAID01 kernel: pci0: \u003cACPI PCI bus\u003e on pcib0\nJun 17 11:10:58 ChamRAID01 kernel: agp0: \u003cVIA 82C694X (Apollo Pro 133A) host to PCI bridge\u003e on hostb0\nJun 17 11:10:58 ChamRAID01 kernel: agp0: aperture size is 256M\nJun 17 11:10:58 ChamRAID01 kernel: pcib1: \u003cPCI-PCI bridge\u003e at device 1.0 on pci0\nJun 17 11:10:58 ChamRAID01 kernel: pci1: \u003cPCI bus\u003e on pcib1\nJun 17 11:10:58 ChamRAID01 kernel: vgapci0: \u003cVGA-compatible display\u003e port 0x9000-0x90ff mem 0xd6000000-0xd6ffffff,0xd5000000-0xd5000fff irq 12 at device 0.0 on pci1\nJun 17 11:10:58 ChamRAID01 kernel: isab0: \u003cPCI-ISA bridge\u003e at device 4.0 on pci0\nJun 17 11:10:58 ChamRAID01 kernel: isa0: \u003cISA bus\u003e on isab0\nJun 17 11:10:58 ChamRAID01 kernel: atapci0: \u003cVIA 82C686A UDMA66 controller\u003e port 0x1f0-0x1f7,0x3f6,0x170-0x177,0x376,0xa000-0xa00f at device 4.1 on pci0\nJun 17 11:10:58 ChamRAID01 kernel: ata0: \u003cATA channel 0\u003e on atapci0\nJun 17 11:10:58 ChamRAID01 kernel: ata0: [ITHREAD]\nJun 17 11:10:58 ChamRAID01 kernel: ata1: \u003cATA channel 1\u003e on atapci0\nJun 17 11:10:58 ChamRAID01 kernel: ata1: [ITHREAD]\nJun 17 11:10:58 ChamRAID01 kernel: uhci0: \u003cVIA 83C572 USB controller\u003e port 0xa400-0xa41f irq 10 at device 4.2 on pci0\nJun 17 11:10:58 ChamRAID01 kernel: uhci0: [GIANT-LOCKED]\nJun 17 11:10:58 ChamRAID01 kernel: uhci0: [ITHREAD]\nJun 17 11:10:58 ChamRAID01 kernel: usb0: \u003cVIA 83C572 USB controller\u003e on uhci0\nJun 17 11:10:58 ChamRAID01 kernel: usb0: USB revision 1.0\nJun 17 11:10:58 ChamRAID01 kernel: uhub0: \u003cVIA UHCI root hub, class 9/0, rev 1.00/1.00, addr 1\u003e on usb0\nJun 17 11:10:58 ChamRAID01 kernel: uhub0: 2 ports with 2 removable, self powered\nJun 17 11:10:58 ChamRAID01 kernel: pci0: \u003cbridge\u003e at device 4.4 (no driver attached)\nJun 17 11:10:58 ChamRAID01 kernel: pci0: \u003cmultimedia, audio\u003e at device 4.5 (no driver attached)\nJun 17 11:10:58 ChamRAID01 kernel: xl0: \u003c3Com 3c905C-TX Fast Etherlink XL\u003e port 0xb800-0xb87f mem 0xd8000000-0xd800007f irq 10 at device 5.0 on pci0\nJun 17 11:10:58 ChamRAID01 kernel: miibus0: \u003cMII bus\u003e on xl0\nJun 17 11:10:58 ChamRAID01 kernel: xlphy0: \u003c3c905C 10/100 internal PHY\u003e PHY 24 on miibus0\nJun 17 11:10:58 ChamRAID01 kernel: xlphy0:  10baseT, 10baseT-FDX, 100baseTX, 100baseTX-FDX, auto\nJun 17 11:10:58 ChamRAID01 kernel: xl0: Ethernet address: 00:50:da:38:c1:2c\nJun 17 11:10:58 ChamRAID01 kernel: xl0: [ITHREAD]\nJun 17 11:10:58 ChamRAID01 kernel: atapci1: \u003cSiI SiI 3512 SATA150 controller\u003e port 0xbc00-0xbc07,0xc000-0xc003,0xc400-0xc407,0xc800-0xc803,0xcc00-0xcc0f mem 0xd8001000-0xd80011ff irq 11 at device 6.0 on pci0\nJun 17 11:10:58 ChamRAID01 kernel: atapci1: [ITHREAD]\nJun 17 11:10:58 ChamRAID01 kernel: ata2: \u003cATA channel 0\u003e on atapci1\nJun 17 11:10:58 ChamRAID01 kernel: ata2: [ITHREAD]\nJun 17 11:10:58 ChamRAID01 kernel: ata3: \u003cATA channel 1\u003e on atapci1\nJun 17 11:10:58 ChamRAID01 kernel: ata3: [ITHREAD]\nJun 17 11:10:58 ChamRAID01 kernel: fdc0: \u003cfloppy drive controller\u003e port 0x3f0-0x3f5,0x3f7 irq 6 drq 2 on acpi0\nJun 17 11:10:58 ChamRAID01 kernel: fdc0: [FILTER]\nJun 17 11:10:58 ChamRAID01 kernel: fd0: \u003c1440-KB 3.5\" drive\u003e on fdc0 drive 0\nJun 17 11:10:58 ChamRAID01 kernel: sio0: \u003c16550A-compatible COM port\u003e port 0x3f8-0x3ff irq 4 flags 0x10 on acpi0\nJun 17 11:10:58 ChamRAID01 kernel: sio0: type 16550A\nJun 17 11:10:58 ChamRAID01 kernel: sio0: [FILTER]\nJun 17 11:10:58 ChamRAID01 kernel: sio1: \u003c16550A-compatible COM port\u003e port 0x2f8-0x2ff irq 3 on acpi0\nJun 17 11:10:58 ChamRAID01 kernel: sio1: type 16550A\nJun 17 11:10:58 ChamRAID01 kernel: sio1: [FILTER]\nJun 17 11:10:58 ChamRAID01 kernel: atkbdc0: \u003cKeyboard controller (i8042)\u003e port 0x60,0x64 irq 1 on acpi0\nJun 17 11:10:58 ChamRAID01 kernel: atkbd0: \u003cAT Keyboard\u003e irq 1 on atkbdc0\nJun 17 11:10:58 ChamRAID01 kernel: kbd0 at atkbd0\nJun 17 11:10:58 ChamRAID01 kernel: atkbd0: [GIANT-LOCKED]\nJun 17 11:10:58 ChamRAID01 kernel: atkbd0: [ITHREAD]\nJun 17 11:10:58 ChamRAID01 kernel: pmtimer0 on isa0\nJun 17 11:10:58 ChamRAID01 kernel: orm0: \u003cISA Option ROMs\u003e at iomem 0xc0000-0xc7fff,0xcc000-0xcc7ff,0xcd000-0xd17ff pnpid ORM0000 on isa0\nJun 17 11:10:58 ChamRAID01 kernel: ppc0: \u003cParallel port\u003e at port 0x378-0x37f irq 7 on isa0\nJun 17 11:10:58 ChamRAID01 kernel: ppc0: SMC-like chipset (ECP/EPP/PS2/NIBBLE) in COMPATIBLE mode\nJun 17 11:10:58 ChamRAID01 kernel: ppc0: FIFO with 16/16/8 bytes threshold\nJun 17 11:10:58 ChamRAID01 kernel: ppbus0: \u003cParallel port bus\u003e on ppc0\nJun 17 11:10:58 ChamRAID01 kernel: ppbus0: [ITHREAD]\nJun 17 11:10:58 ChamRAID01 kernel: lpt0: \u003cPrinter\u003e on ppbus0\nJun 17 11:10:58 ChamRAID01 kernel: lpt0: Interrupt-driven port\nJun 17 11:10:58 ChamRAID01 kernel: ppi0: \u003cParallel I/O\u003e on ppbus0\nJun 17 11:10:58 ChamRAID01 kernel: plip0: \u003cPLIP network interface\u003e on ppbus0\nJun 17 11:10:58 ChamRAID01 kernel: ppc0: [GIANT-LOCKED]\nJun 17 11:10:58 ChamRAID01 kernel: ppc0: [ITHREAD]\nJun 17 11:10:58 ChamRAID01 kernel: sc0: \u003cSystem console\u003e at flags 0x100 on isa0\nJun 17 11:10:58 ChamRAID01 kernel: sc0: VGA \u003c16 virtual consoles, flags=0x300\u003e\nJun 17 11:10:58 ChamRAID01 kernel: vga0: \u003cGeneric ISA VGA\u003e at port 0x3c0-0x3df iomem 0xa0000-0xbffff on isa0\nJun 17 11:10:58 ChamRAID01 kernel: uhub1: \u003cALCOR Generic USB Hub, class 9/0, rev 1.10/3.12, addr 2\u003e on uhub0\nJun 17 11:10:58 ChamRAID01 kernel: uhub1: 4 ports with 4 removable, self powered\nJun 17 11:10:58 ChamRAID01 kernel: ukbd0: \u003cCHESEN USB Keyboard, class 0/0, rev 1.10/1.10, addr 3\u003e on uhub1\nJun 17 11:10:58 ChamRAID01 kernel: kbd2 at ukbd0\nJun 17 11:10:58 ChamRAID01 kernel: uhid0: \u003cCHESEN USB Keyboard, class 0/0, rev 1.10/1.10, addr 3\u003e on uhub1\nJun 17 11:10:58 ChamRAID01 kernel: ums0: \u003cvendor 0x062a product 0x0000, class 0/0, rev 1.10/0.00, addr 4\u003e on uhub1\nJun 17 11:10:58 ChamRAID01 kernel: ums0: 3 buttons and Z dir.\nJun 17 11:10:58 ChamRAID01 kernel: uhid1: \u003cNo brand SP04-A1, class 0/0, rev 1.10/1.00, addr 5\u003e on uhub1\nJun 17 11:10:58 ChamRAID01 kernel: uhid2: \u003cNo brand SP04-A1, class 0/0, rev 1.10/1.00, addr 5\u003e on uhub1\nJun 17 11:10:58 ChamRAID01 kernel: uhid2: unexpected endpoint\nJun 17 11:10:58 ChamRAID01 kernel: device_attach: uhid2 attach returned 6\nJun 17 11:10:58 ChamRAID01 kernel: Timecounter \"TSC\" frequency 768417488 Hz quality 800\nJun 17 11:10:58 ChamRAID01 kernel: Timecounters tick every 1.000 msec\nJun 17 11:10:58 ChamRAID01 kernel: hptrr: no controller detected.\nJun 17 11:10:58 ChamRAID01 kernel: acd0: CDRW \u003cPHILIPS CDRW1610A/0.010000\u003e at ata0-slave UDMA33\nJun 17 11:10:58 ChamRAID01 kernel: ad2: 9773MB \u003cFUJITSU MPF3102AT 0028\u003e at ata1-master UDMA66\nJun 17 11:10:58 ChamRAID01 kernel: ad4: 305245MB \u003cWDC WD3200AAKS-00B3A0 01.03A01\u003e at ata2-master SATA150\nJun 17 11:10:58 ChamRAID01 kernel: ad6: 305245MB \u003cWDC WD3200AAKS-00B3A0 01.03A01\u003e at ata3-master SATA150\nJun 17 11:10:58 ChamRAID01 kernel: GEOM_MIRROR: Device mirror/dat launched (1/2).\nJun 17 11:10:58 ChamRAID01 kernel: GEOM_MIRROR: Device dat: rebuilding provider ad4.\nJun 17 11:10:58 ChamRAID01 kernel: Trying to mount root from ufs:/dev/ad2s1a\nJun 17 11:10:58 ChamRAID01 kernel: WARNING: / was not properly dismounted\nJun 17 11:10:58 ChamRAID01 savecore: reboot after panic: page fault\nJun 17 11:10:58 ChamRAID01 savecore: writing core to vmcore.2\n\nHope someone can help me out.\n\nFix: \n\nnone.\nHow-To-Repeat: Copy or manipulate a large zip or similar file on the RAID device.  This\ncan be either done from SAMBA, NFS or on the machine itself."
}