{
 "id": 717109,
 "bug_id": 179107,
 "attachment_id": 0,
 "creation_time": "2013-05-30T15:40:02Z",
 "creator": "vsityz@gmail.com",
 "text": "There is a problem.\nAfter detach USB Flash drive a keyboard does not work.\n\nin /var/lod/messages\n\nMay 30 17:05:37 scorpion kernel: ugen1.2: \u003cGeneric\u003e at usbus1\nMay 30 17:05:37 scorpion kernel: umass0: \u003cGeneric USB2.0-CRW, class 0/0, rev 2.00/19.81, addr 2\u003e on usbus1\nMay 30 17:05:37 scorpion kernel: da0 at umass-sim0 bus 0 scbus7 target 0 lun 0\nMay 30 17:05:37 scorpion kernel: da0: \u003cGeneric- SD/MMC 1.00\u003e Removable Direct Access SCSI-0 device\nMay 30 17:05:37 scorpion kernel: da0: 40.000MB/s transfers\nMay 30 17:05:37 scorpion kernel: da0: 7600MB (15564800 512 byte sectors: 255H 63S/T 968C)\nMay 30 17:05:37 scorpion kernel: da0: quirks=0x2\u003cNO_6_BYTE\u003e\nMay 30 17:05:42 scorpion kernel: ugen1.2: \u003cGeneric\u003e at usbus1 (disconnected)\nMay 30 17:05:42 scorpion kernel: umass0: at uhub0, port 2, addr 2 (disconnected)\nMay 30 17:05:42 scorpion kernel: (da0:umass-sim0:0:0:0): lost device - 0 outstanding, 2 refs\n\n\nIn console and in Xorg keyboard not work.\n\n\n\npciconf -lv\n\nnone0@pci0:0:0:0:\tclass=0x050000 card=0x83a41043 chip=0x03e210de rev=0xa1 hdr=0x00\n    vendor     = 'NVIDIA Corporation'\n    device     = 'MCP61 Host Bridge'\n    class      = memory\n    subclass   = RAM\nisab0@pci0:0:1:0:\tclass=0x060100 card=0x83a41043 chip=0x03e110de rev=0xa2 hdr=0x00\n    vendor     = 'NVIDIA Corporation'\n    device     = 'MCP61 LPC Bridge'\n    class      = bridge\n    subclass   = PCI-ISA\nnfsmb0@pci0:0:1:1:\tclass=0x0c0500 card=0x83a41043 chip=0x03eb10de rev=0xa2 hdr=0x00\n    vendor     = 'NVIDIA Corporation'\n    device     = 'MCP61 SMBus'\n    class      = serial bus\n    subclass   = SMBus\nnone1@pci0:0:1:2:\tclass=0x050000 card=0x83a41043 chip=0x03f510de rev=0xa2 hdr=0x00\n    vendor     = 'NVIDIA Corporation'\n    device     = 'MCP61 Memory Controller'\n    class      = memory\n    subclass   = RAM\nohci0@pci0:0:2:0:\tclass=0x0c0310 card=0x83a41043 chip=0x03f110de rev=0xa3 hdr=0x00\n    vendor     = 'NVIDIA Corporation'\n    device     = 'MCP61 USB 1.1 Controller'\n    class      = serial bus\n    subclass   = USB\nehci0@pci0:0:2:1:\tclass=0x0c0320 card=0x83a41043 chip=0x03f210de rev=0xa3 hdr=0x00\n    vendor     = 'NVIDIA Corporation'\n    device     = 'MCP61 USB 2.0 Controller'\n    class      = serial bus\n    subclass   = USB\npcib1@pci0:0:4:0:\tclass=0x060401 card=0x83a41043 chip=0x03f310de rev=0xa1 hdr=0x01\n    vendor     = 'NVIDIA Corporation'\n    device     = 'MCP61 PCI bridge'\n    class      = bridge\n    subclass   = PCI-PCI\nhdac0@pci0:0:5:0:\tclass=0x040300 card=0x84151043 chip=0x03f010de rev=0xa2 hdr=0x00\n    vendor     = 'NVIDIA Corporation'\n    device     = 'MCP61 High Definition Audio'\n    class      = multimedia\n    subclass   = HDA\natapci0@pci0:0:6:0:\tclass=0x01018a card=0x83a41043 chip=0x03ec10de rev=0xa2 hdr=0x00\n    vendor     = 'NVIDIA Corporation'\n    device     = 'MCP61 IDE'\n    class      = mass storage\n    subclass   = ATA\nnfe0@pci0:0:7:0:\tclass=0x068000 card=0x83a41043 chip=0x03ef10de rev=0xa2 hdr=0x00\n    vendor     = 'NVIDIA Corporation'\n    device     = 'MCP61 Ethernet'\n    class      = bridge\natapci1@pci0:0:8:0:\tclass=0x010185 card=0x83a41043 chip=0x03f610de rev=0xa2 hdr=0x00\n    vendor     = 'NVIDIA Corporation'\n    device     = 'MCP61 SATA Controller'\n    class      = mass storage\n    subclass   = ATA\natapci2@pci0:0:8:1:\tclass=0x010185 card=0x83a41043 chip=0x03f610de rev=0xa2 hdr=0x00\n    vendor     = 'NVIDIA Corporation'\n    device     = 'MCP61 SATA Controller'\n    class      = mass storage\n    subclass   = ATA\npcib2@pci0:0:9:0:\tclass=0x060400 card=0x000010de chip=0x03e810de rev=0xa2 hdr=0x01\n    vendor     = 'NVIDIA Corporation'\n    device     = 'MCP61 PCI Express bridge'\n    class      = bridge\n    subclass   = PCI-PCI\npcib3@pci0:0:11:0:\tclass=0x060400 card=0x000010de chip=0x03e910de rev=0xa2 hdr=0x01\n    vendor     = 'NVIDIA Corporation'\n    device     = 'MCP61 PCI Express bridge'\n    class      = bridge\n    subclass   = PCI-PCI\npcib4@pci0:0:12:0:\tclass=0x060400 card=0x000010de chip=0x03e910de rev=0xa2 hdr=0x01\n    vendor     = 'NVIDIA Corporation'\n    device     = 'MCP61 PCI Express bridge'\n    class      = bridge\n    subclass   = PCI-PCI\nvgapci0@pci0:0:13:0:\tclass=0x030000 card=0x83a41043 chip=0x03d610de rev=0xa2 hdr=0x00\n    vendor     = 'NVIDIA Corporation'\n    device     = 'C61 [GeForce 7025 / nForce 630a]'\n    class      = display\n    subclass   = VGA\nhostb0@pci0:0:24:0:\tclass=0x060000 card=0x00000000 chip=0x12001022 rev=0x00 hdr=0x00\n    vendor     = 'Advanced Micro Devices [AMD]'\n    device     = 'Family 10h Processor HyperTransport Configuration'\n    class      = bridge\n    subclass   = HOST-PCI\nhostb1@pci0:0:24:1:\tclass=0x060000 card=0x00000000 chip=0x12011022 rev=0x00 hdr=0x00\n    vendor     = 'Advanced Micro Devices [AMD]'\n    device     = 'Family 10h Processor Address Map'\n    class      = bridge\n    subclass   = HOST-PCI\nhostb2@pci0:0:24:2:\tclass=0x060000 card=0x00000000 chip=0x12021022 rev=0x00 hdr=0x00\n    vendor     = 'Advanced Micro Devices [AMD]'\n    device     = 'Family 10h Processor DRAM Controller'\n    class      = bridge\n    subclass   = HOST-PCI\nhostb3@pci0:0:24:3:\tclass=0x060000 card=0x00000000 chip=0x12031022 rev=0x00 hdr=0x00\n    vendor     = 'Advanced Micro Devices [AMD]'\n    device     = 'Family 10h Processor Miscellaneous Control'\n    class      = bridge\n    subclass   = HOST-PCI\nhostb4@pci0:0:24:4:\tclass=0x060000 card=0x00000000 chip=0x12041022 rev=0x00 hdr=0x00\n    vendor     = 'Advanced Micro Devices [AMD]'\n    device     = 'Family 10h Processor Link Control'\n    class      = bridge\n    subclass   = HOST-PCI\nnone2@pci0:1:6:0:\tclass=0x048000 card=0x40710000 chip=0x71341131 rev=0x01 hdr=0x00\n    vendor     = 'Philips Semiconductors'\n    device     = 'SAA7134/SAA7135HL Video Broadcast Decoder'\n    class      = multimedia\n\n\ndmesg\n\nCopyright (c) 1992-2013 The FreeBSD Project.\nCopyright (c) 1979, 1980, 1983, 1986, 1988, 1989, 1991, 1992, 1993, 1994\n\tThe Regents of the University of California. All rights reserved.\nFreeBSD is a registered trademark of The FreeBSD Foundation.\nFreeBSD 10.0-CURRENT #0 r251129M: Thu May 30 15:58:30 EEST 2013\n    root@scorpion.kiev.ua:/usr/obj/usr/src/sys/Kernel amd64\nFreeBSD clang version 3.3 (trunk 178860) 20130405\nCPU: AMD Phenom(tm) II X4 945 Processor (3212.24-MHz K8-class CPU)\n  Origin = \"AuthenticAMD\"  Id = 0x100f42  Family = 0x10  Model = 0x4  Stepping = 2\n  Features=0x178bfbff\u003cFPU,VME,DE,PSE,TSC,MSR,PAE,MCE,CX8,APIC,SEP,MTRR,PGE,MCA,CMOV,PAT,PSE36,CLFLUSH,MMX,FXSR,SSE,SSE2,HTT\u003e\n  Features2=0x802009\u003cSSE3,MON,CX16,POPCNT\u003e\n  AMD Features=0xee500800\u003cSYSCALL,NX,MMX+,FFXSR,Page1GB,RDTSCP,LM,3DNow!+,3DNow!\u003e\n  AMD Features2=0x37ff\u003cLAHF,CMP,SVM,ExtAPIC,CR8,ABM,SSE4A,MAS,Prefetch,OSVW,IBS,SKINIT,WDT\u003e\n  TSC: P-state invariant\nreal memory  = 8589934592 (8192 MB)\navail memory = 7720079360 (7362 MB)\nEvent timer \"LAPIC\" quality 400\nACPI APIC Table: \u003c070511 APIC1920\u003e\nFreeBSD/SMP: Multiprocessor System Detected: 4 CPUs\nFreeBSD/SMP: 1 package(s) x 4 core(s)\n cpu0 (BSP): APIC ID:  0\n cpu1 (AP): APIC ID:  1\n cpu2 (AP): APIC ID:  2\n cpu3 (AP): APIC ID:  3\nioapic0 \u003cVersion 1.1\u003e irqs 0-23 on motherboard\nkbd1 at kbdmux0\ncryptosoft0: \u003csoftware crypto\u003e on motherboard\nacpi0: \u003c070511 XSDT1920\u003e on motherboard\nacpi0: Power Button (fixed)\nacpi0: reservation of fec00000, fed40000 (3) failed\nacpi0: reservation of 0, a0000 (3) failed\nacpi0: reservation of 100000, aff00000 (3) failed\ncpu0: \u003cACPI CPU\u003e on acpi0\ncpu1: \u003cACPI CPU\u003e on acpi0\ncpu2: \u003cACPI CPU\u003e on acpi0\ncpu3: \u003cACPI CPU\u003e on acpi0\nattimer0: \u003cAT timer\u003e port 0x40-0x43 irq 0 on acpi0\nTimecounter \"i8254\" frequency 1193182 Hz quality 0\nEvent timer \"i8254\" frequency 1193182 Hz quality 100\natrtc0: \u003cAT realtime clock\u003e port 0x70-0x71 irq 8 on acpi0\nEvent timer \"RTC\" frequency 32768 Hz quality 0\nhpet0: \u003cHigh Precision Event Timer\u003e iomem 0xfed00000-0xfed00fff on acpi0\nTimecounter \"HPET\" frequency 25000000 Hz quality 950\nTimecounter \"ACPI-fast\" frequency 3579545 Hz quality 900\nacpi_timer0: \u003c24-bit timer at 3.579545MHz\u003e port 0x508-0x50b on acpi0\npcib0: \u003cACPI Host-PCI bridge\u003e port 0xcf8-0xcff on acpi0\npci0: \u003cACPI PCI bus\u003e on pcib0\npci0: \u003cmemory, RAM\u003e at device 0.0 (no driver attached)\nisab0: \u003cPCI-ISA bridge\u003e port 0x900-0x9ff at device 1.0 on pci0\nisa0: \u003cISA bus\u003e on isab0\nnfsmb0: \u003cnForce2/3/4 MCP SMBus Controller\u003e port 0xe00-0xe3f,0x600-0x63f,0x700-0x73f irq 20 at device 1.1 on pci0\nsmbus0: \u003cSystem Management Bus\u003e on nfsmb0\nsmb0: \u003cSMBus generic I/O\u003e on smbus0\nnfsmb1: \u003cnForce2/3/4 MCP SMBus Controller\u003e on nfsmb0\nsmbus1: \u003cSystem Management Bus\u003e on nfsmb1\nsmb1: \u003cSMBus generic I/O\u003e on smbus1\npci0: \u003cmemory, RAM\u003e at device 1.2 (no driver attached)\nohci0: \u003cnVidia nForce MCP61 USB Controller\u003e mem 0xdfefb000-0xdfefbfff irq 21 at device 2.0 on pci0\nusbus0 on ohci0\nehci0: \u003cNVIDIA nForce MCP61 USB 2.0 controller\u003e mem 0xdfefac00-0xdfefacff irq 22 at device 2.1 on pci0\nusbus1: EHCI version 1.0\nusbus1 on ehci0\npcib1: \u003cACPI PCI-PCI bridge\u003e at device 4.0 on pci0\npci1: \u003cACPI PCI bus\u003e on pcib1\npci1: \u003cmultimedia\u003e at device 6.0 (no driver attached)\nhdac0: \u003cNVIDIA MCP61 HDA Controller\u003e mem 0xdfef4000-0xdfef7fff irq 23 at device 5.0 on pci0\natapci0: \u003cnVidia nForce MCP61 UDMA133 controller\u003e port 0x1f0-0x1f7,0x3f6,0x170-0x177,0x376,0xffa0-0xffaf at device 6.0 on pci0\nata0: \u003cATA channel\u003e at channel 0 on atapci0\nata1: \u003cATA channel\u003e at channel 1 on atapci0\nnfe0: \u003cNVIDIA nForce MCP61 Networking Adapter\u003e port 0xe480-0xe487 mem 0xdfef9000-0xdfef9fff irq 20 at device 7.0 on pci0\nmiibus0: \u003cMII bus\u003e on nfe0\nrgephy0: \u003cRTL8169S/8110S/8211 1000BASE-T media interface\u003e PHY 1 on miibus0\nrgephy0:  none, 10baseT, 10baseT-FDX, 10baseT-FDX-flow, 100baseTX, 100baseTX-FDX, 100baseTX-FDX-flow, 1000baseT, 1000baseT-master, 1000baseT-FDX, 1000baseT-FDX-master, 1000baseT-FDX-flow, 1000baseT-FDX-flow-master, auto, auto-flow\nnfe0: Ethernet address: bc:ae:c5:dc:36:a7\natapci1: \u003cnVidia nForce MCP61 SATA300 controller\u003e port 0xe400-0xe407,0xe080-0xe083,0xe000-0xe007,0xdc00-0xdc03,0xd880-0xd88f mem 0xdfef8000-0xdfef8fff irq 21 at device 8.0 on pci0\nata2: \u003cATA channel\u003e at channel 0 on atapci1\nata3: \u003cATA channel\u003e at channel 1 on atapci1\natapci2: \u003cnVidia nForce MCP61 SATA300 controller\u003e port 0xd800-0xd807,0xd480-0xd483,0xd400-0xd407,0xd080-0xd083,0xd000-0xd00f mem 0xdfeef000-0xdfeeffff irq 22 at device 8.1 on pci0\nata4: \u003cATA channel\u003e at channel 0 on atapci2\nata5: \u003cATA channel\u003e at channel 1 on atapci2\npcib2: \u003cACPI PCI-PCI bridge\u003e at device 9.0 on pci0\npci2: \u003cACPI PCI bus\u003e on pcib2\npcib3: \u003cACPI PCI-PCI bridge\u003e at device 11.0 on pci0\npci3: \u003cACPI PCI bus\u003e on pcib3\npcib4: \u003cACPI PCI-PCI bridge\u003e at device 12.0 on pci0\npci4: \u003cACPI PCI bus\u003e on pcib4\nvgapci0: \u003cVGA-compatible display\u003e mem 0xde000000-0xdeffffff,0xc0000000-0xcfffffff,0xdd000000-0xddffffff irq 23 at device 13.0 on pci0\nnvidia0: \u003cGeForce 7025 / nForce 630a\u003e on vgapci0\nvgapci0: child nvidia0 requested pci_enable_io\nvgapci0: child nvidia0 requested pci_enable_io\namdtemp0: \u003cAMD CPU On-Die Thermal Sensors\u003e on hostb3\nacpi_button0: \u003cPower Button\u003e on acpi0\nppc0: \u003cParallel port\u003e port 0x378-0x37f irq 7 on acpi0\nppc0: Generic chipset (NIBBLE-only) in COMPATIBLE mode\nppbus0: \u003cParallel port bus\u003e on ppc0\nppi0: \u003cParallel I/O\u003e on ppbus0\natkbdc0: \u003cKeyboard controller (i8042)\u003e port 0x60,0x64 irq 1 on acpi0\natkbd0: \u003cAT Keyboard\u003e irq 1 on atkbdc0\nkbd0 at atkbd0\natkbd0: [GIANT-LOCKED]\nuart0: \u003c16550 or compatible\u003e port 0x3f8-0x3ff irq 4 on acpi0\nsc0: \u003cSystem console\u003e on isa0\nsc0: VGA \u003c11 virtual consoles, flags=0x300\u003e\nvga0: \u003cGeneric ISA VGA\u003e at port 0x3c0-0x3df iomem 0xa0000-0xbffff on isa0\nctl: CAM Target Layer loaded\nhwpstate0: \u003cCool`n'Quiet 2.0\u003e on cpu0\nfuse-freebsd: version 0.4.4, FUSE ABI 7.8\nZFS filesystem version: 5\nZFS storage pool version: features support (5000)\nTimecounters tick every 1.000 msec\nvboxdrv: fAsync=0 offMin=0x261 offMax=0x3ad\nhdacc0: \u003cVIA VT1708S_0 HDA CODEC\u003e at cad 0 on hdac0\nhdaa0: \u003cVIA VT1708S_0 Audio Function Group\u003e at nid 1 on hdacc0\npcm0: \u003cVIA VT1708S_0 (Analog 2.0+HP/2.0)\u003e at nid 28,29 and 26,30,27 on hdaa0\npcm1: \u003cVIA VT1708S_0 (Digital)\u003e at nid 32 on hdaa0\nusbus0: 12Mbps Full Speed USB v1.0\nusbus1: 480Mbps High Speed USB v2.0\nugen1.1: \u003cnVidia\u003e at usbus1\nuhub0: \u003cnVidia EHCI root HUB, class 9/0, rev 2.00/1.00, addr 1\u003e on usbus1\nugen0.1: \u003cnVidia\u003e at usbus0\nuhub1: \u003cnVidia OHCI root HUB, class 9/0, rev 1.00/1.00, addr 1\u003e on usbus0\nada0 at ata0 bus 0 scbus0 target 1 lun 0\nada0: \u003cSAMSUNG SP2514N VF100-50\u003e ATA-7 device\nada0: 100.000MB/s transfers (UDMA5, PIO 8192bytes)\nada0: 238475MB (488397168 512 byte sectors: 16H 63S/T 16383C)\nada0: Previously was known as ad1\nada1 at ata2 bus 0 scbus2 target 0 lun 0\nada1: \u003cWDC WD2000JS-22NCB1 10.02E02\u003e ATA-7 SATA 2.x device\nada1: 300.000MB/s transfers (SATA 2.x, UDMA5, PIO 8192bytes)\nada1: 190782MB (390721968 512 byte sectors: 16H 63S/T 16383C)\nada1: Previously was known as ad4\nada2 at ata3 bus 0 scbus3 target 0 lun 0\nada2: \u003cST3250824AS 3.AAE\u003e ATA-7 SATA 2.x device\nada2: 300.000MB/s transfers (SATA 2.x, UDMA5, PIO 8192bytes)\nada2: 238474MB (488395055 512 byte sectors: 16H 63S/T 16383C)\nada2: Previously was known as ad6\nada3 at ata4 bus 0 scbus4 target 0 lun 0\nada3: \u003cST31000340NS SN06\u003e ATA-8 SATA 2.x device\nada3: 300.000MB/s transfers (SATA 2.x, UDMA5, PIO 8192bytes)\nada3: 953869MB (1953525168 512 byte sectors: 16H 63S/T 16383C)\nada3: Previously was known as ad8\nada4 at ata5 bus 0 scbus5 target 0 lun 0\nada4: \u003cWDC WD5000AAKS-22TMA0 12.01C01\u003e ATA-7 SATA 2.x device\nada4: 300.000MB/s transfers (SATA 2.x, UDMA5, PIO 8192bytes)\nada4: 476940MB (976773168 512 byte sectors: 16H 63S/T 16383C)\nada4: Previously was known as ad10\nSMP: AP CPU #1 Launched!\nSMP: AP CPU #2 Launched!\nSMP: AP CPU #3 Launched!\nTimecounter \"TSC-low\" frequency 1606120771 Hz quality 800\ncd0 at ata0 bus 0 scbus0 target 0 lun 0\ncd0: \u003cASUS DRW-1612BL 1.10\u003e Removable CD-ROM SCSI-0 device \ncd0: 66.700MB/s transfers (UDMA4, ATAPI 12bytes, PIO 65534bytes)\ncd0: Attempt to query device size failed: NOT READY, Medium not present - tray closed\nuhub1: 10 ports with 10 removable, self powered\nRoot mount waiting for: usbus1\nRoot mount waiting for: usbus1\nRoot mount waiting for: usbus1\nRoot mount waiting for: usbus1\nuhub0: 10 ports with 10 removable, self powered\nRoot mount waiting for: usbus1\nTrying to mount root from zfs:zroot []...\nugen0.2: \u003cLogitech\u003e at usbus0\nums0: \u003cLogitech USB Optical Mouse, class 0/0, rev 2.00/43.01, addr 2\u003e on usbus0\nums0: 3 buttons and [XYZ] coordinates ID=0\nugen0.3: \u003cUnknown\u003e at usbus0 (disconnected)\nGEOM_ELI: Device gpt/swap0.eli created.\nGEOM_ELI: Encryption: AES-XTS 256\nGEOM_ELI:     Crypto: software\ntun0: link state changed to UP\n\nHow-To-Repeat: Attach USB Flash drive and detach."
}