{
 "id": 455080,
 "bug_id": 125637,
 "attachment_id": 0,
 "creation_time": "2008-07-15T15:20:00Z",
 "creator": "no@spam.thx",
 "text": "FreeBSD panics every now and then. I don't know which app is causing the panic. I've attached a backtrace, my kernel config and dmesg (although no output concering the panic is being output to it).\n\nCheers\nalex\n\n--- crash begins here ---\nGNU gdb 6.1.1 [FreeBSD]\nCopyright 2004 Free Software Foundation, Inc.\nGDB is free software, covered by the GNU General Public License, and you are\nwelcome to change it and/or distribute copies of it under certain conditions.\nType \"show copying\" to see the conditions.\nThere is absolutely no warranty for GDB.  Type \"show warranty\" for details.\nThis GDB was configured as \"i386-marcel-freebsd\"...\n\nUnread portion of the kernel message buffer:\npanic: sbdrop\ncpuid = 1\n\nSyncing disks, vnodes remaining...3 Syncing disks, buffers remaining... 7154 7153 7152 7152 7152 7152 7152 7152 7152 7152 7152 7152 7152 7152 7152 7152 7152 7152 7152 7152 7152 7152 \nGiving up on 7152 buffers\nUptime: 1d19h37m25s\nPhysical memory: 2034 MB\nDumping 257 MB: 242 226 210 194 178 162 146 130 114 98 82 66 50 34 18 2\n\nReading symbols from /boot/kernel/cd9660.ko...Reading symbols from /boot/kernel/cd9660.ko.symbols...done.\ndone.\nLoaded symbols for /boot/kernel/cd9660.ko\nReading symbols from /boot/kernel/linprocfs.ko...Reading symbols from /boot/kernel/linprocfs.ko.symbols...done.\ndone.\nLoaded symbols for /boot/kernel/linprocfs.ko\nReading symbols from /boot/kernel/pseudofs.ko...Reading symbols from /boot/kernel/pseudofs.ko.symbols...done.\ndone.\nLoaded symbols for /boot/kernel/pseudofs.ko\nReading symbols from /boot/kernel/linux.ko...Reading symbols from /boot/kernel/linux.ko.symbols...done.\ndone.\nLoaded symbols for /boot/kernel/linux.ko\nReading symbols from /boot/kernel/procfs.ko...Reading symbols from /boot/kernel/procfs.ko.symbols...done.\ndone.\nLoaded symbols for /boot/kernel/procfs.ko\nReading symbols from /boot/kernel/sound.ko...Reading symbols from /boot/kernel/sound.ko.symbols...done.\ndone.\nLoaded symbols for /boot/kernel/sound.ko\nReading symbols from /boot/kernel/snd_hda.ko...Reading symbols from /boot/kernel/snd_hda.ko.symbols...done.\ndone.\nLoaded symbols for /boot/kernel/snd_hda.ko\nReading symbols from /boot/kernel/ums.ko...Reading symbols from /boot/kernel/ums.ko.symbols...done.\ndone.\nLoaded symbols for /boot/kernel/ums.ko\nReading symbols from /boot/kernel/umass.ko...Reading symbols from /boot/kernel/umass.ko.symbols...done.\ndone.\nLoaded symbols for /boot/kernel/umass.ko\nReading symbols from /boot/kernel/cam.ko...Reading symbols from /boot/kernel/cam.ko.symbols...done.\ndone.\nLoaded symbols for /boot/kernel/cam.ko\nReading symbols from /boot/kernel/random.ko...Reading symbols from /boot/kernel/random.ko.symbols...done.\ndone.\nLoaded symbols for /boot/kernel/random.ko\nReading symbols from /boot/modules/nvidia.ko...done.\nLoaded symbols for /boot/modules/nvidia.ko\nReading symbols from /boot/kernel/wlan_wep.ko...Reading symbols from /boot/kernel/wlan_wep.ko.symbols...done.\ndone.\nLoaded symbols for /boot/kernel/wlan_wep.ko\nReading symbols from /boot/kernel/wlan_scan_sta.ko...Reading symbols from /boot/kernel/wlan_scan_sta.ko.symbols...done.\ndone.\nLoaded symbols for /boot/kernel/wlan_scan_sta.ko\nReading symbols from /boot/kernel/ng_ubt.ko...Reading symbols from /boot/kernel/ng_ubt.ko.symbols...done.\ndone.\nLoaded symbols for /boot/kernel/ng_ubt.ko\nReading symbols from /boot/kernel/netgraph.ko...Reading symbols from /boot/kernel/netgraph.ko.symbols...done.\ndone.\nLoaded symbols for /boot/kernel/netgraph.ko\nReading symbols from /boot/kernel/atapicam.ko...Reading symbols from /boot/kernel/atapicam.ko.symbols...done.\ndone.\nLoaded symbols for /boot/kernel/atapicam.ko\nReading symbols from /boot/kernel/acpi.ko...Reading symbols from /boot/kernel/acpi.ko.symbols...done.\ndone.\nLoaded symbols for /boot/kernel/acpi.ko\nReading symbols from /boot/kernel/ng_bluetooth.ko...Reading symbols from /boot/kernel/ng_bluetooth.ko.symbols...done.\ndone.\nLoaded symbols for /boot/kernel/ng_bluetooth.ko\nReading symbols from /boot/kernel/ng_hci.ko...Reading symbols from /boot/kernel/ng_hci.ko.symbols...done.\ndone.\nLoaded symbols for /boot/kernel/ng_hci.ko\nReading symbols from /boot/kernel/ng_l2cap.ko...Reading symbols from /boot/kernel/ng_l2cap.ko.symbols...done.\ndone.\nLoaded symbols for /boot/kernel/ng_l2cap.ko\nReading symbols from /boot/kernel/ng_btsocket.ko...Reading symbols from /boot/kernel/ng_btsocket.ko.symbols...done.\ndone.\nLoaded symbols for /boot/kernel/ng_btsocket.ko\nReading symbols from /boot/kernel/ng_socket.ko...Reading symbols from /boot/kernel/ng_socket.ko.symbols...done.\ndone.\nLoaded symbols for /boot/kernel/ng_socket.ko\n#0  doadump () at pcpu.h:195\n\tin pcpu.h\n(kgdb) bt\n#0  doadump () at pcpu.h:195\n#1  0xc04ddff6 in boot (howto=256) at /usr/src/sys/kern/kern_shutdown.c:418\n#2  0xc04de2f6 in panic (fmt=) at /usr/src/sys/kern/kern_shutdown.c:572\n#3  0xc053012b in sbdrop_internal (sb=0xca153a24, len=2069)\n    at /usr/src/sys/kern/uipc_sockbuf.c:848\n#4  0xc053031e in sbdrop_locked (sb=0xca153a24, len=2800)\n    at /usr/src/sys/kern/uipc_sockbuf.c:898\n#5  0xc05ac807 in tcp_do_segment (m=0xc6360d00, th=0xc7694838, so=0xca153948, tp=0xca1371d0, \n    drop_hdrlen=52, tlen=0) at /usr/src/sys/netinet/tcp_input.c:2031\n#6  0xc05adbbf in tcp_input (m=0xc6360d00, off0=20) at /usr/src/sys/netinet/tcp_input.c:845\n#7  0xc05a5798 in ip_input (m=0xc6360d00) at /usr/src/sys/netinet/ip_input.c:665\n#8  0xc05748d5 in netisr_dispatch (num=2, m=0xc6360d00) at /usr/src/sys/net/netisr.c:185\n#9  0xc057367a in ether_demux (ifp=0xc528a000, m=0xc6360d00)\n    at /usr/src/sys/net/if_ethersubr.c:834\n#10 0xc0573a73 in ether_input (ifp=0xc528a000, m=0xc6360d00)\n    at /usr/src/sys/net/if_ethersubr.c:692\n#11 0xc05825dd in ieee80211_deliver_data (ic=0xc528e22c, ni=0xc566b000, m=0xc6360d00)\n    at /usr/src/sys/net80211/ieee80211_input.c:779\n#12 0xc0587cdc in ieee80211_input (ic=0xc528e22c, m=0xc6360d00, ni=0xc566b000, rssi=31, \n    noise=-98, rstamp=23523) at /usr/src/sys/net80211/ieee80211_input.c:519\n#13 0xc0457bdd in ath_rx_proc (arg=0xc528e000, npending=1)\n    at /usr/src/sys/dev/ath/if_ath.c:3673\n#14 0xc05111f5 in taskqueue_run (queue=0xc5288080) at /usr/src/sys/kern/subr_taskqueue.c:255\n#15 0xc05113fb in taskqueue_thread_loop (arg=0xc528f674)\n    at /usr/src/sys/kern/subr_taskqueue.c:374\n#16 0xc04bbf49 in fork_exit (callout=0xc0511340 \u003ctaskqueue_thread_loop\u003e, arg=0xc528f674, \n    frame=0xe4211d38) at /usr/src/sys/kern/kern_fork.c:783\n#17 0xc063e4a0 in fork_trampoline () at /usr/src/sys/i386/i386/exception.s:205\n(kgdb) q\n--- crash ends here ---\n\n--- kern_conf begins here ---\ncpu\t\tI686_CPU\nident\t\tARUNDEL\nmaxusers\t10\nmakeoptions\tDEBUG=-g\nmakeoptions\tCONF_CFLAGS=-fno-builtin\noptions\t\tMPTABLE_FORCE_HTT\t# Enable HTT CPUs with the MP Table\noptions\t\tCPU_SUSP_HLT\noptions\t\tCPU_UPGRADE_HW_CACHE\noptions\t\tCPU_FASTER_5X86_FPU\noptions\t\tATA_STATIC_ID\n\n#options\t\tMSDOSFS\n#options\t\tCD9660\n#options\t\tUSB_DEBUG\n#options\t\tTCP_DROP_SYNFIN\t\t#drop TCP packets with SYN+FIN\n#options\t\tHZ=100\n\noptions\t\tPREEMPTION\noptions\t\tIPI_PREEMPTION\n\n#options\t\tSCHED_4BSD\t\t#4BSD scheduler\noptions\t\tSCHED_ULE\noptions \tINET\t\t\t#InterNETworking\noptions \tFFS\t\t\t#Berkeley Fast Filesystem\noptions \tSOFTUPDATES\t\t#Enable FFS soft updates support\noptions \tUFS_DIRHASH\t\t#Improve performance on big directories\noptions\t\tCOMPAT_43\t\t#Compatible with BSD 4.3 [KEEP THIS!]\noptions\t\tCOMPAT_43TTY\t\t#Compatible with BSD 4.3 [KEEP THIS!]\noptions\t\tCOMPAT_FREEBSD4\t\t#Compatible with FreeBSD4\noptions\t\tCOMPAT_FREEBSD5\t\t#Compatible with FreeBSD5\noptions\t\tCOMPAT_FREEBSD6\t\t#Compatible with FreeBSD6\n\noptions\t\tSC_HISTORY_SIZE=1000\t#number of history buffer lines\noptions\t\tKDB\t\t\t#Compile with kernel debugger related code\noptions\t\tKDB_TRACE\t\t#Print a stack trace of the current thread on the console for a panic.\noptions \tKTRACE\t\t\t#ktrace(1) support\noptions \tSYSVSHM\t\t\t#SYSV-style shared memory\noptions \tSYSVMSG\t\t\t#SYSV-style message queues\noptions \tSYSVSEM\t\t\t#SYSV-style semaphores\noptions \t_KPOSIX_PRIORITY_SCHEDULING # POSIX P1003_1B real-time extensions\noptions \tKBD_INSTALL_CDEV\t#install a CDEV entry in /dev\noptions\t\tUKBD_DFLT_KEYMAP\t#specify the built-in keymap\nmakeoptions\tUKBD_DFLT_KEYMAP=\"german.iso\"\noptions\t\tAUTO_EOI_1\noptions\t\tAUTO_EOI_2\noptions         ADAPTIVE_GIANT          # Giant mutex is adaptive.\noptions         STOP_NMI                # Stop CPUS using NMI instead of IPI\n\n\noptions\t\tSMP\t\t\t# Symmetric MultiProcessor Kernel\ndevice\t\tapic\t\t\t# I/O APIC\n\n\n#devices\ndevice\t\teisa\ndevice\t\tpci\ndevice\t\tata\ndevice\t\tatadisk\ndevice\t\tatapicd\ndevice\t\tusb\ndevice\t\tuhci\ndevice\t\tehci\ndevice\t\tvga\ndevice\t\tsc\ndevice\t\tukbd\ndevice\t\tulpt\ndevice\t\tath\ndevice\t\tath_hal\ndevice\t\tath_rate_sample\ndevice\t\twlan\ndevice\t\tcpufreq\ndevice\t\tcoretemp\n\n#pseudo devices\ndevice\t\tloop\ndevice\t\tether\ndevice\t\tpty\n--- kern_conf ends here ---\n\n--- dmesg begins here ---\nCopyright (c) 1992-2008 The FreeBSD Project.\nCopyright (c) 1979, 1980, 1983, 1986, 1988, 1989, 1991, 1992, 1993, 1994\n\tThe Regents of the University of California. All rights reserved.\nFreeBSD is a registered trademark of The FreeBSD Foundation.\nFreeBSD 7.0-STABLE #0: Mon Jun 30 12:40:54 CEST 2008\n    root@moshnroll:/usr/obj/usr/src/sys/ARUNDEL\nTimecounter \"i8254\" frequency 1193182 Hz quality 0\nCPU: Intel(R) Pentium(R) Dual  CPU  E2160  @ 1.80GHz (1800.01-MHz 686-class CPU)\n  Origin = \"GenuineIntel\"  Id = 0x6fd  Stepping = 13\n  Features=0xbfebfbff\u003cFPU,VME,DE,PSE,TSC,MSR,PAE,MCE,CX8,APIC,SEP,MTRR,PGE,MCA,CMOV,PAT,PSE36,CLFLUSH,DTS,ACPI,MMX,FXSR,SSE,SSE2,SS,HTT,TM,PBE\u003e\n  Features2=0xe39d\u003cSSE3,RSVD2,MON,DS_CPL,EST,TM2,SSSE3,CX16,xTPR,PDCM\u003e\n  AMD Features=0x20100000\u003cNX,LM\u003e\n  AMD Features2=0x1\u003cLAHF\u003e\n  Cores per package: 2\nreal memory  = 2146304000 (2046 MB)\navail memory = 2090729472 (1993 MB)\nACPI APIC Table: \u003cGBT    GBTUACPI\u003e\nFreeBSD/SMP: Multiprocessor System Detected: 2 CPUs\n cpu0 (BSP): APIC ID:  0\n cpu1 (AP): APIC ID:  1\nioapic0: Changing APIC ID to 2\nioapic0 \u003cVersion 2.0\u003e irqs 0-23 on motherboard\nath_hal: 0.9.20.3 (AR5210, AR5211, AR5212, RF5111, RF5112, RF2413, RF5413)\nacpi0: \u003cGBT GBTUACPI\u003e on motherboard\nacpi0: [ITHREAD]\nacpi0: Power Button (fixed)\nacpi0: reservation of 0, a0000 (3) failed\nacpi0: reservation of 100000, 7fde0000 (3) failed\nTimecounter \"ACPI-fast\" frequency 3579545 Hz quality 1000\nacpi_timer0: \u003c24-bit timer at 3.579545MHz\u003e port 0x408-0x40b on acpi0\nacpi_hpet0: \u003cHigh Precision Event Timer\u003e iomem 0xfed00000-0xfed003ff on acpi0\nTimecounter \"HPET\" frequency 14318180 Hz quality 900\npcib0: \u003cACPI Host-PCI bridge\u003e port 0xcf8-0xcff on acpi0\npci0: \u003cACPI PCI bus\u003e on pcib0\npcib1: \u003cPCI-PCI bridge\u003e irq 16 at device 1.0 on pci0\npci1: \u003cPCI bus\u003e on pcib1\nvgapci0: \u003cVGA-compatible display\u003e port 0xb000-0xb07f mem 0xf6000000-0xf6ffffff,0xe0000000-0xefffffff,0xf4000000-0xf5ffffff irq 16 at device 0.0 on pci1\nnvidia0: \u003cGeForce 9600 GT\u003e on vgapci0\nvgapci0: child nvidia0 requested pci_enable_busmaster\nvgapci0: child nvidia0 requested pci_enable_io\nnvidia0: [GIANT-LOCKED]\nnvidia0: [ITHREAD]\nuhci0: \u003cUHCI (generic) USB controller\u003e port 0xe100-0xe11f irq 16 at device 26.0 on pci0\nuhci0: [GIANT-LOCKED]\nuhci0: [ITHREAD]\nusb0: \u003cUHCI (generic) USB controller\u003e on uhci0\nusb0: USB revision 1.0\nuhub0: \u003cIntel UHCI root hub, class 9/0, rev 1.00/1.00, addr 1\u003e on usb0\nuhub0: 2 ports with 2 removable, self powered\nuhci1: \u003cUHCI (generic) USB controller\u003e port 0xe200-0xe21f irq 21 at device 26.1 on pci0\nuhci1: [GIANT-LOCKED]\nuhci1: [ITHREAD]\nusb1: \u003cUHCI (generic) USB controller\u003e on uhci1\nusb1: USB revision 1.0\nuhub1: \u003cIntel UHCI root hub, class 9/0, rev 1.00/1.00, addr 1\u003e on usb1\nuhub1: 2 ports with 2 removable, self powered\nuhci2: \u003cUHCI (generic) USB controller\u003e port 0xe000-0xe01f irq 18 at device 26.2 on pci0\nuhci2: [GIANT-LOCKED]\nuhci2: [ITHREAD]\nusb2: \u003cUHCI (generic) USB controller\u003e on uhci2\nusb2: USB revision 1.0\nuhub2: \u003cIntel UHCI root hub, class 9/0, rev 1.00/1.00, addr 1\u003e on usb2\nuhub2: 2 ports with 2 removable, self powered\nehci0: \u003cEHCI (generic) USB 2.0 controller\u003e mem 0xfa205000-0xfa2053ff irq 18 at device 26.7 on pci0\nehci0: [GIANT-LOCKED]\nehci0: [ITHREAD]\nusb3: EHCI version 1.0\nusb3: companion controllers, 2 ports each: usb0 usb1 usb2\nusb3: \u003cEHCI (generic) USB 2.0 controller\u003e on ehci0\nusb3: USB revision 2.0\nuhub3: \u003cIntel EHCI root hub, class 9/0, rev 2.00/1.00, addr 1\u003e on usb3\nuhub3: 6 ports with 6 removable, self powered\npcm0: \u003cIntel 82801I High Definition Audio Controller\u003e mem 0xfa200000-0xfa203fff irq 22 at device 27.0 on pci0\npcm0: [ITHREAD]\npcib2: \u003cACPI PCI-PCI bridge\u003e irq 16 at device 28.0 on pci0\npci2: \u003cACPI PCI bus\u003e on pcib2\npcib3: \u003cACPI PCI-PCI bridge\u003e irq 19 at device 28.3 on pci0\npci3: \u003cACPI PCI bus\u003e on pcib3\natapci0: \u003cJMicron JMB363 SATA300 controller\u003e port 0xc000-0xc007,0xc100-0xc103,0xc200-0xc207,0xc300-0xc303,0xc400-0xc40f mem 0xfa000000-0xfa001fff irq 19 at device 0.0 on pci3\natapci0: [ITHREAD]\natapci0: AHCI called from vendor specific driver\natapci0: AHCI Version 01.00 controller with 2 ports detected\nata2: \u003cATA channel 0\u003e on atapci0\nata2: [ITHREAD]\nata3: \u003cATA channel 1\u003e on atapci0\nata3: [ITHREAD]\nata4: \u003cATA channel 2\u003e on atapci0\nata4: [ITHREAD]\npcib4: \u003cACPI PCI-PCI bridge\u003e irq 16 at device 28.4 on pci0\npci4: \u003cACPI PCI bus\u003e on pcib4\nuhci3: \u003cUHCI (generic) USB controller\u003e port 0xe300-0xe31f irq 23 at device 29.0 on pci0\nuhci3: [GIANT-LOCKED]\nuhci3: [ITHREAD]\nusb4: \u003cUHCI (generic) USB controller\u003e on uhci3\nusb4: USB revision 1.0\nuhub4: \u003cIntel UHCI root hub, class 9/0, rev 1.00/1.00, addr 1\u003e on usb4\nuhub4: 2 ports with 2 removable, self powered\nuhci4: \u003cUHCI (generic) USB controller\u003e port 0xe400-0xe41f irq 19 at device 29.1 on pci0\nuhci4: [GIANT-LOCKED]\nuhci4: [ITHREAD]\nusb5: \u003cUHCI (generic) USB controller\u003e on uhci4\nusb5: USB revision 1.0\nuhub5: \u003cIntel UHCI root hub, class 9/0, rev 1.00/1.00, addr 1\u003e on usb5\nuhub5: 2 ports with 2 removable, self powered\nuhci5: \u003cUHCI (generic) USB controller\u003e port 0xe500-0xe51f irq 18 at device 29.2 on pci0\nuhci5: [GIANT-LOCKED]\nuhci5: [ITHREAD]\nusb6: \u003cUHCI (generic) USB controller\u003e on uhci5\nusb6: USB revision 1.0\nuhub6: \u003cIntel UHCI root hub, class 9/0, rev 1.00/1.00, addr 1\u003e on usb6\nuhub6: 2 ports with 2 removable, self powered\nehci1: \u003cEHCI (generic) USB 2.0 controller\u003e mem 0xfa204000-0xfa2043ff irq 23 at device 29.7 on pci0\nehci1: [GIANT-LOCKED]\nehci1: [ITHREAD]\nusb7: EHCI version 1.0\nusb7: companion controllers, 2 ports each: usb4 usb5 usb6\nusb7: \u003cEHCI (generic) USB 2.0 controller\u003e on ehci1\nusb7: USB revision 2.0\nuhub7: \u003cIntel EHCI root hub, class 9/0, rev 2.00/1.00, addr 1\u003e on usb7\nuhub7: 6 ports with 6 removable, self powered\npcib5: \u003cACPI PCI-PCI bridge\u003e at device 30.0 on pci0\npci5: \u003cACPI PCI bus\u003e on pcib5\nath0: \u003cAtheros 5212\u003e mem 0xfa100000-0xfa10ffff irq 18 at device 2.0 on pci5\nath0: [ITHREAD]\nath0: using obsoleted if_watchdog interface\nath0: Ethernet address: 00:0f:b5:82:07:c8\nath0: mac 7.9 phy 4.5 radio 5.6\nisab0: \u003cPCI-ISA bridge\u003e at device 31.0 on pci0\nisa0: \u003cISA bus\u003e on isab0\natapci1: \u003cIntel ICH9 SATA300 controller\u003e port 0x1f0-0x1f7,0x3f6,0x170-0x177,0x376,0xf000-0xf00f,0xfc00-0xfc0f at device 31.2 on pci0\nata0: \u003cATA channel 0\u003e on atapci1\nata0: [ITHREAD]\nata1: \u003cATA channel 1\u003e on atapci1\nata1: [ITHREAD]\npci0: \u003cserial bus, SMBus\u003e at device 31.3 (no driver attached)\natapci2: \u003cIntel ICH9 SATA300 controller\u003e port 0xe700-0xe707,0xe800-0xe803,0xe900-0xe907,0xea00-0xea03,0xeb00-0xeb0f,0xec00-0xec0f irq 19 at device 31.5 on pci0\natapci2: [ITHREAD]\nata5: \u003cATA channel 0\u003e on atapci2\nata5: [ITHREAD]\nata6: \u003cATA channel 1\u003e on atapci2\nata6: [ITHREAD]\ncpu0: \u003cACPI CPU\u003e on acpi0\nest0: \u003cEnhanced SpeedStep Frequency Control\u003e on cpu0\nest: CPU supports Enhanced Speedstep, but is not recognized.\nest: cpu_vendor GenuineIntel, msr 925092506000925\ndevice_attach: est0 attach returned 6\np4tcc0: \u003cCPU Frequency Thermal Control\u003e on cpu0\ncoretemp0: \u003cCPU On-Die Thermal Sensors\u003e on cpu0\ncpu1: \u003cACPI CPU\u003e on acpi0\nest1: \u003cEnhanced SpeedStep Frequency Control\u003e on cpu1\nest: CPU supports Enhanced Speedstep, but is not recognized.\nest: cpu_vendor GenuineIntel, msr 925092506000925\ndevice_attach: est1 attach returned 6\np4tcc1: \u003cCPU Frequency Thermal Control\u003e on cpu1\ncoretemp1: \u003cCPU On-Die Thermal Sensors\u003e on cpu1\nacpi_button0: \u003cPower Button\u003e on acpi0\nsc0: \u003cSystem console\u003e at flags 0x100 on isa0\nsc0: VGA \u003c16 virtual consoles, flags=0x300\u003e\nvga0: \u003cGeneric ISA VGA\u003e at port 0x3c0-0x3df iomem 0xa0000-0xbffff on isa0\nubt0: \u003cvendor 0x0a12 product 0x0001, class 224/1, rev 2.00/15.93, addr 2\u003e on uhub0\nubt0: Interface 0 endpoints: interrupt=0x81, bulk-in=0x82, bulk-out=0x2\nubt0: Interface 1 (alt.config 5) endpoints: isoc-in=0x83, isoc-out=0x3; wMaxPacketSize=49; nframes=6, buffer size=294\nums0: \u003cRazer Razer 1600dpi Mouse, class 0/0, rev 2.00/21.00, addr 2\u003e on uhub1\nums0: 7 buttons and Z dir.\nukbd0: \u003cDell Dell USB Keyboard, class 0/0, rev 1.10/3.06, addr 3\u003e on uhub1\nkbd0 at ukbd0\nTimecounters tick every 1.000 msec\nad0: 238474MB \u003cSAMSUNG SP2504C VT100-50\u003e at ata0-master SATA300\nad8: 6105MB \u003cSAMSUNG SV0644A JC201-12\u003e at ata4-master UDMA33\nacd0: DVDR \u003cHL-DT-ST DVDRAM GSA-H10N/JL10\u003e at ata4-slave UDMA33\npcm0: \u003cHDA Codec: Realtek ALC885\u003e\npcm0: \u003cHDA Driver Revision: 20071129_0050\u003e\nacd0: FAILURE - INQUIRY ILLEGAL REQUEST asc=0x24 ascq=0x00 sks=0x40 0x00 0x01\nacd0: FAILURE - INQUIRY ILLEGAL REQUEST asc=0x24 ascq=0x00 sks=0x40 0x00 0x01\nSMP: AP CPU #1 Launched!\ncd0 at ata4 bus 0 target 1 lun 0\ncd0: \u003cHL-DT-ST DVDRAM GSA-H10N JL10\u003e Removable CD-ROM SCSI-0 device \ncd0: 33.000MB/s transfers\ncd0: cd present [341391 x 2048 byte records]\nTrying to mount root from ufs:/dev/ad8s1a\nWARNING: / was not properly dismounted\nWARNING: /usr was not properly dismounted\n/usr: mount pending error: blocks 4 files 1\nWARNING: attempt to net_add_domain(bluetooth) after domainfinalize()\nWARNING: attempt to net_add_domain(netgraph) after domainfinalize()\nlinux: pid 26039 (rm): syscall fstatat64 not implemented\nulpt0: \u003cSamsung Electronics Co., Ltd. Samsung ML-1510_700, class 0/0, rev 1.10/1.00, addr 3\u003e on uhub0\nulpt0: using bi-directional mode\nulpt0: at uhub0 port 2 (addr 3) disconnected\nulpt0: detached\n--- dmesg ends here ---\n\nFix: \n\nYou tell me.\nHow-To-Repeat: Seems to appear randomly."
}