{
 "id": 352074,
 "bug_id": 103940,
 "attachment_id": 0,
 "creation_time": "2006-10-03T15:20:15Z",
 "creator": "maxtaylor@mail.ru",
 "text": "I try boot with one or two SATA disk  ad4: 38166MB \u003cMaxtor 6E040T0/NAN51680\u003e [77545/16/63]. But kernel stop boot process on \"ad#\" drive detect.\nJust turn off SATA \"ad\" devices and restart then kernel boot succes.\nMy DMESG output: (without SATA \"ad\" devices)\n\nCopyright (c) 1992-2006 The FreeBSD Project.\nCopyright (c) 1979, 1980, 1983, 1986, 1988, 1989, 1991, 1992, 1993, 1994\n\tThe Regents of the University of California. All rights reserved.\nFreeBSD 6.1-RELEASE #0: Sun May  7 04:32:43 UTC 2006\n    root@opus.cse.buffalo.edu:/usr/obj/usr/src/sys/GENERIC\nTimecounter \"i8254\" frequency 1193182 Hz quality 0\nCPU: AMD Sempron(tm) Processor 2800+ (1607.33-MHz 686-class CPU)\n  Origin = \"AuthenticAMD\"  Id = 0x40ff2  Stepping = 2\n  Features=0x78bfbff\u003cFPU,VME,DE,PSE,TSC,MSR,PAE,MCE,CX8,APIC,SEP,MTRR,PGE,MCA,CMOV,PAT,PSE36,CLFLUSH,MMX,FXSR,SSE,SSE2\u003e\n  Features2=0x2001\u003cSSE3,CX16\u003e\n  AMD Features=0xea500800\u003cSYSCALL,NX,MMX+,FFXSR,RDTSCP,LM,3DNow+,3DNow\u003e\n  AMD Features2=0x19\u003cLAHF,\u003cb3\u003e,CR8\u003e\nreal memory  = 267321344 (254 MB)\navail memory = 247930880 (236 MB)\ncpu0 on motherboard\npcib0: \u003cHost to PCI bridge\u003e pcibus 0 on motherboard\npci0: \u003cPCI bus\u003e on pcib0\npci0: \u003cmemory, RAM\u003e at device 0.0 (no driver attached)\npci0: \u003cmemory, RAM\u003e at device 0.1 (no driver attached)\npci0: \u003cmemory, RAM\u003e at device 0.2 (no driver attached)\npci0: \u003cmemory, RAM\u003e at device 0.3 (no driver attached)\npci0: \u003cmemory, RAM\u003e at device 0.4 (no driver attached)\npci0: \u003cmemory, RAM\u003e at device 0.5 (no driver attached)\npci0: \u003cmemory, RAM\u003e at device 0.6 (no driver attached)\npci0: \u003cmemory, RAM\u003e at device 0.7 (no driver attached)\npcib1: \u003cPCI-PCI bridge\u003e at device 3.0 on pci0\npci1: \u003cPCI bus\u003e on pcib1\npcib2: \u003cPCI-PCI bridge\u003e at device 4.0 on pci0\npci2: \u003cPCI bus\u003e on pcib2\npci2: \u003cdisplay, VGA\u003e at device 0.0 (no driver attached)\npci0: \u003cmemory, RAM\u003e at device 8.0 (no driver attached)\nisab0: \u003cPCI-ISA bridge\u003e at device 9.0 on pci0\nisa0: \u003cISA bus\u003e on isab0\npci0: \u003cserial bus, SMBus\u003e at device 9.1 (no driver attached)\npci0: \u003cmemory, RAM\u003e at device 9.2 (no driver attached)\nohci0: \u003cOHCI (generic) USB controller\u003e mem 0xfe02f000-0xfe02ffff irq 7 at device 10.0 on pci0\nohci0: [GIANT-LOCKED]\nusb0: OHCI version 1.0, legacy support\nusb0: \u003cOHCI (generic) USB controller\u003e on ohci0\nusb0: USB revision 1.0\nuhub0: nVidia OHCI root hub, class 9/0, rev 1.00/1.00, addr 1\nuhub0: 10 ports with 10 removable, self powered\natapci0: \u003cnVidia nForce MCP55 UDMA133 controller\u003e port 0x1f0-0x1f7,0x3f6,0x170-0x177,0x376,0xf400-0xf40f at device 12.0 on pci0\nata0: \u003cATA channel 0\u003e on atapci0\nata1: \u003cATA channel 1\u003e on atapci0\natapci1: \u003cnVidia nForce MCP55 SATA300 controller\u003e port 0x9f0-0x9f7,0xbf0-0xbf3,0x970-0x977,0xb70-0xb73,0xe000-0xe00f mem 0xfe02d000-0xfe02dfff irq 5 at device 13.0 on pci0\nata2: \u003cATA channel 0\u003e on atapci1\nata3: \u003cATA channel 1\u003e on atapci1\natapci2: \u003cnVidia nForce MCP55 SATA300 controller\u003e port 0x9e0-0x9e7,0xbe0-0xbe3,0x960-0x967,0xb60-0xb63,0xcc00-0xcc0f mem 0xfe02c000-0xfe02cfff irq 5 at device 13.1 on pci0\nata4: \u003cATA channel 0\u003e on atapci2\nata5: \u003cATA channel 1\u003e on atapci2\natapci3: \u003cnVidia nForce MCP55 SATA300 controller\u003e port 0xc800-0xc807,0xc400-0xc403,0xc000-0xc007,0xbc00-0xbc03,0xb800-0xb80f mem 0xfe02b000-0xfe02bfff irq 5 at device 13.2 on pci0\nata6: \u003cATA channel 0\u003e on atapci3\nata7: \u003cATA channel 1\u003e on atapci3\npcib3: \u003cPCI-PCI bridge\u003e at device 14.0 on pci0\npci3: \u003cPCI bus\u003e on pcib3\nxl0: \u003c3Com 3c905C-TX Fast Etherlink XL\u003e port 0xac00-0xac7f mem 0xfdfff000-0xfdfff07f irq 11 at device 8.0 on pci3\nmiibus0: \u003cMII bus\u003e on xl0\nxlphy0: \u003c3c905C 10/100 internal PHY\u003e on miibus0\nxlphy0:  10baseT, 10baseT-FDX, 100baseTX, 100baseTX-FDX, auto\nxl0: Ethernet address: 00:10:22:fe:8d:71\nfwohci0: \u003cTexas Instruments TSB43AB22/A\u003e mem 0xfdffe000-0xfdffe7ff,0xfdff8000-0xfdffbfff irq 5 at device 11.0 on pci3\nfwohci0: OHCI version 1.10 (ROM=1)\nfwohci0: No. of Isochronous channels is 4.\nfwohci0: EUI64 00:11:d8:00:00:b0:a3:92\nfwohci0: Phy 1394a available S400, 2 ports.\nfwohci0: Link S400, max_rec 2048 bytes.\nfirewire0: \u003cIEEE1394(FireWire) bus\u003e on fwohci0\nfwe0: \u003cEthernet over FireWire\u003e on firewire0\nif_fwe0: Fake Ethernet address: 02:11:d8:b0:a3:92\nfwe0: Ethernet address: 02:11:d8:b0:a3:92\nfwe0: if_start running deferred for Giant\nsbp0: \u003cSBP-2/SCSI over FireWire\u003e on firewire0\nfwohci0: Initiate bus reset\nfwohci0: node_id=0xc800ffc0, gen=1, CYCLEMASTER mode\nfirewire0: 1 nodes, maxhop \u003c= 0, cable IRM = 0 (me)\nfirewire0: bus manager 0 (me)\npci0: \u003cmultimedia\u003e at device 14.1 (no driver attached)\npci0: \u003cbridge\u003e at device 16.0 (no driver attached)\npci0: \u003cbridge\u003e at device 17.0 (no driver attached)\npcib4: \u003cPCI-PCI bridge\u003e at device 18.0 on pci0\npci4: \u003cPCI bus\u003e on pcib4\npcib5: \u003cPCI-PCI bridge\u003e at device 20.0 on pci0\npci5: \u003cPCI bus\u003e on pcib5\npcib6: \u003cPCI-PCI bridge\u003e at device 22.0 on pci0\npci6: \u003cPCI bus\u003e on pcib6\npcib7: \u003cPCI-PCI bridge\u003e at device 23.0 on pci0\npci7: \u003cPCI bus\u003e on pcib7\npmtimer0 on isa0\norm0: \u003cISA Option ROMs\u003e at iomem 0xc0000-0xcefff,0xd0000-0xd07ff on isa0\natkbdc0: \u003cKeyboard controller (i8042)\u003e at port 0x60,0x64 on isa0\natkbd0: \u003cAT Keyboard\u003e irq 1 on atkbdc0\nkbd0 at atkbd0\natkbd0: [GIANT-LOCKED]\npsm0: \u003cPS/2 Mouse\u003e irq 12 on atkbdc0\npsm0: [GIANT-LOCKED]\npsm0: model IntelliMouse, device ID 3\nppc0: \u003cParallel port\u003e at port 0x378-0x37f irq 7 on isa0\nppc0: Generic chipset (EPP/NIBBLE) in COMPATIBLE mode\nppbus0: \u003cParallel port bus\u003e on ppc0\nplip0: \u003cPLIP network interface\u003e on ppbus0\nlpt0: \u003cPrinter\u003e on ppbus0\nlpt0: Interrupt-driven port\nppi0: \u003cParallel I/O\u003e on ppbus0\nsc0: \u003cSystem console\u003e at flags 0x100 on isa0\nsc0: VGA \u003c16 virtual consoles, flags=0x300\u003e\nsio0 at port 0x3f8-0x3ff irq 4 flags 0x10 on isa0\nsio0: type 16550A\nsio1: configured irq 3 not in bitmap of probed irqs 0\nsio1: port may not be enabled\nvga0: \u003cGeneric ISA VGA\u003e at port 0x3c0-0x3df iomem 0xa0000-0xbffff on isa0\nunknown: \u003cPNP0303\u003e can't assign resources (port)\nunknown: \u003cPNP0c01\u003e can't assign resources (memory)\nunknown: \u003cPNP0f13\u003e can't assign resources (irq)\nunknown: \u003cPNP0501\u003e can't assign resources (port)\nunknown: \u003cPNP0400\u003e can't assign resources (port)\nugen0: Manufac RTL8187_Wireless, rev 1.10/1.00, addr 2\nTimecounter \"TSC\" frequency 1607327772 Hz quality 800\nTimecounters tick every 1.000 msec\nmd0: Preloaded image \u003c/boot/mfsroot\u003e 4423680 bytes at 0xc0a91928\nacd0: DVDR \u003cNEC DVD RW ND-4550A/1.06\u003e at ata0-master PIO4\nTrying to mount root from ufs:/dev/md0\n\nHow-To-Repeat: Just plug in SATA HDD to ASUS m2n32-sli motherboard and try boot 6.1\nFreeBSD GENERIC."
}