{
 "id": 553739,
 "bug_id": 145818,
 "attachment_id": 0,
 "creation_time": "2010-04-19T02:10:00Z",
 "creator": "ngie@FreeBSD.org",
 "text": "Started playing around with gstat(8) for the first time today, and I noticed that geom(4) was reporting a cached, non-present value for a DVD that was previously mounted via vlc via cam(4), and was gracefully ejected and removed from the system.\n\n# gstat\ndT: 1.009s  w: 1.000s\n L(q)  ops/s    r/s   kBps   ms/r    w/s   kBps   ms/w   %busy Name\n    0      0      0      0    0.0      0      0    0.0    0.0| mfid0\n    0      0      0      0    0.0      0      0    0.0    0.0| mfid0a\n    0      0      0      0    0.0      0      0    0.0    0.0| cd0\n    0      3      0      0    0.0      3     48    0.9    0.1| ada0\n    0      0      0      0    0.0      0      0    0.0    0.0| iso9660/THE_BIG_L\nEBOWSKI\n    0      3      0      0    0.0      3     48    0.9    0.1| ada0s1\n    0      0      0      0    0.0      0      0    0.0    0.0| ada0s1a\n    0      0      0      0    0.0      0      0    0.0    0.0| ada0s1b\n    0      3      0      0    0.0      3     48    0.9    0.1| ada0s1d\n    0      0      0      0    0.0      0      0    0.0    0.0| ada0s1e\n    0      0      0      0    0.0      0      0    0.0    0.0| ada0s1f\n    0      0      0      0    0.0      0      0    0.0    0.0| ada0s1g\n    0      0      0      0    0.0      0      0    0.0    0.0| ada0s1h\n    0      0      0      0    0.0      0      0    0.0    0.0| label/swap\n\nIt appears that glabel / geom(4) is still tracking the status:\n\n# glabel status\n                    Name  Status  Components\niso9660/THE_BIG_LEBOWSKI     N/A  cd0\n              label/swap     N/A  ada0s1b\n\nThe DVD isn't mounted though:\n\n$ mount | grep cd0\n$\n\nHowever, nothing is actually present as you can see in the following output from sysutils/dvd+rw-tools:\n\n$ dvd+rw-mediainfo /dev/cd0 \nINQUIRY:                [ATAPI   ][iHAS124   Y     ][BL0V]\nGET [CURRENT] CONFIGURATION:\n:-( no media mounted, exiting...\n\nSome other important details are included below.\n\n# /var/run/dmesg.boot\n\nCopyright (c) 1992-2010 The FreeBSD Project.\nCopyright (c) 1979, 1980, 1983, 1986, 1988, 1989, 1991, 1992, 1993, 1994\n\tThe Regents of the University of California. All rights reserved.\nFreeBSD is a registered trademark of The FreeBSD Foundation.\nFreeBSD 9.0-CURRENT #0 r206173M: Sat Apr 17 22:42:39 PDT 2010\n    root@bayonetta.local:/usr/obj/usr/src/sys/BAYONETTA amd64\nTimecounter \"i8254\" frequency 1193182 Hz quality 0\nCPU: Intel(R) Xeon(R) CPU           W3520  @ 2.67GHz (2694.12-MHz K8-class CPU)\n  Origin = \"GenuineIntel\"  Id = 0x106a5  Family = 6  Model = 1a  Stepping = 5\n  Features=0xbfebfbff\u003cFPU,VME,DE,PSE,TSC,MSR,PAE,MCE,CX8,APIC,SEP,MTRR,PGE,MCA,CMOV,PAT,PSE36,CLFLUSH,DTS,ACPI,MMX,FXSR,SSE,SSE2,SS,HTT,TM,PBE\u003e\n  Features2=0x9ce3bd\u003cSSE3,DTES64,MON,DS_CPL,VMX,EST,TM2,SSSE3,CX16,xTPR,PDCM,DCA,SSE4.1,SSE4.2,POPCNT\u003e\n  AMD Features=0x28100800\u003cSYSCALL,NX,RDTSCP,LM\u003e\n  AMD Features2=0x1\u003cLAHF\u003e\n  TSC: P-state invariant\nreal memory  = 12884901888 (12288 MB)\navail memory = 12380594176 (11807 MB)\nACPI APIC Table: \u003c022410 APIC1801\u003e\nFreeBSD/SMP: Multiprocessor System Detected: 8 CPUs\nFreeBSD/SMP: 1 package(s) x 4 core(s) x 2 SMT threads\n cpu0 (BSP): APIC ID:  0\n cpu1 (AP): APIC ID:  1\n cpu2 (AP): APIC ID:  2\n cpu3 (AP): APIC ID:  3\n cpu4 (AP): APIC ID:  4\n cpu5 (AP): APIC ID:  5\n cpu6 (AP): APIC ID:  6\n cpu7 (AP): APIC ID:  7\nioapic0 \u003cVersion 2.0\u003e irqs 0-23 on motherboard\nioapic1 \u003cVersion 2.0\u003e irqs 24-47 on motherboard\nkbd1 at kbdmux0\nkqemu version 0x00010400\nkqemu: KQEMU installed, max_locked_mem=6275892kB.\nacpi0: \u003c022410 RSDT1801\u003e on motherboard\nacpi0: [ITHREAD]\nacpi0: Power Button (fixed)\nacpi0: reservation of fee00000, 1000 (3) failed\nacpi0: reservation of 0, a0000 (3) failed\nacpi0: reservation of 100000, bff00000 (3) failed\nTimecounter \"ACPI-fast\" frequency 3579545 Hz quality 1000\nacpi_timer0: \u003c24-bit timer at 3.579545MHz\u003e port 0x808-0x80b on acpi0\ncpu0: \u003cACPI CPU\u003e on acpi0\ncpu1: \u003cACPI CPU\u003e on acpi0\ncpu2: \u003cACPI CPU\u003e on acpi0\ncpu3: \u003cACPI CPU\u003e on acpi0\ncpu4: \u003cACPI CPU\u003e on acpi0\ncpu5: \u003cACPI CPU\u003e on acpi0\ncpu6: \u003cACPI CPU\u003e on acpi0\ncpu7: \u003cACPI CPU\u003e on acpi0\nacpi_hpet0: \u003cHigh Precision Event Timer\u003e iomem 0xfed00000-0xfed003ff on acpi0\nTimecounter \"HPET\" frequency 14318180 Hz quality 900\npcib0: \u003cACPI Host-PCI bridge\u003e port 0xcf8-0xcff on acpi0\npci0: \u003cACPI PCI bus\u003e on pcib0\npcib1: \u003cACPI PCI-PCI bridge\u003e at device 1.0 on pci0\npci1: \u003cACPI PCI bus\u003e on pcib1\npcib2: \u003cACPI PCI-PCI bridge\u003e at device 0.0 on pci1\npci3: \u003cACPI PCI bus\u003e on pcib2\npcib3: \u003cACPI PCI-PCI bridge\u003e mem 0xf7fffc00-0xf7fffc7f irq 28 at device 0.1 on pci1\npci2: \u003cACPI PCI bus\u003e on pcib3\npcib4: \u003cACPI PCI-PCI bridge\u003e at device 3.0 on pci0\npci4: \u003cACPI PCI bus\u003e on pcib4\nvgapci0: \u003cVGA-compatible display\u003e port 0xbc00-0xbc7f mem 0xfa000000-0xfaffffff,0xd0000000-0xdfffffff,0xf8000000-0xf9ffffff irq 24 at device 0.0 on pci4\nnvidia0: \u003cGeForce 9800 GT\u003e on vgapci0\nvgapci0: child nvidia0 requested pci_enable_busmaster\nvgapci0: child nvidia0 requested pci_enable_io\nvgapci0: child nvidia0 requested pci_enable_io\nnvidia0: [ITHREAD]\npcib5: \u003cACPI PCI-PCI bridge\u003e at device 7.0 on pci0\npci5: \u003cACPI PCI bus\u003e on pcib5\nmfi0: \u003cLSI MegaSAS 1078\u003e port 0xc000-0xc0ff mem 0xfbcc0000-0xfbcfffff,0xfbc80000-0xfbcbffff irq 30 at device 0.0 on pci5\nmfi0: Megaraid SAS driver Ver 3.00 \nmfi0: 4652 (324859415s/0x0020/info) - Shutdown command received from host\nmfi0: 4653 (boot + 3s/0x0020/info) - Firmware initialization started (PCI ID 0060/1000/1012/1000)\nmfi0: 4654 (boot + 3s/0x0020/info) - Firmware version 1.40.132-0796\nmfi0: 4655 (boot + 4s/0x0008/info) - Battery Present\nmfi0: 4656 (boot + 4s/0x0020/info) - Board Revision \nmfi0: 4657 (boot + 18s/0x0002/info) - Inserted: PD 04(e0xff/s4)\nmfi0: 4658 (boot + 18s/0x0002/info) - Inserted: PD 04(e0xff/s4) Info: enclPd=ffff, scsiType=0, portMap=01, sasAddr=707e874988ddfaac,0000000000000000\nmfi0: 4659 (boot + 18s/0x0002/info) - Inserted: PD 05(e0xff/s5)\nmfi0: 4660 (boot + 18s/0x0002/info) - Inserted: PD 05(e0xff/s5) Info: enclPd=ffff, scsiType=0, portMap=00, sasAddr=396a3a43c2b2907e,0000000000000000\nmfi0: 4661 (boot + 18s/0x0002/info) - Inserted: PD 06(e0xff/s6)\nmfi0: 4662 (boot + 18s/0x0002/info) - Inserted: PD 06(e0xff/s6) Info: enclPd=ffff, scsiType=0, portMap=02, sasAddr=396a3a44beb48e7e,0000000000000000\nmfi0: 4663 (boot + 18s/0x0002/info) - Inserted: PD 07(e0xff/s7)\nmfi0: 4664 (boot + 18s/0x0002/info) - Inserted: PD 07(e0xff/s7) Info: enclPd=ffff, scsiType=0, portMap=03, sasAddr=707e8749a6cfd6ac,0000000000000000\nmfi0: [ITHREAD]\npci0: \u003cbase peripheral, interrupt controller\u003e at device 20.0 (no driver attached)\npci0: \u003cbase peripheral, interrupt controller\u003e at device 20.1 (no driver attached)\npci0: \u003cbase peripheral, interrupt controller\u003e at device 20.2 (no driver attached)\npci0: \u003cbase peripheral, interrupt controller\u003e at device 20.3 (no driver attached)\nuhci0: \u003cIntel 82801JI (ICH10) USB controller USB-D\u003e port 0xa800-0xa81f irq 16 at device 26.0 on pci0\nuhci0: [ITHREAD]\nuhci0: LegSup = 0x2f00\nusbus0: \u003cIntel 82801JI (ICH10) USB controller USB-D\u003e on uhci0\nuhci1: \u003cIntel 82801JI (ICH10) USB controller USB-E\u003e port 0xa880-0xa89f irq 21 at device 26.1 on pci0\nuhci1: [ITHREAD]\nuhci1: LegSup = 0x2f00\nusbus1: \u003cIntel 82801JI (ICH10) USB controller USB-E\u003e on uhci1\nuhci2: \u003cIntel 82801JI (ICH10) USB controller USB-F\u003e port 0xac00-0xac1f irq 19 at device 26.2 on pci0\nuhci2: [ITHREAD]\nuhci2: LegSup = 0x2f00\nusbus2: \u003cIntel 82801JI (ICH10) USB controller USB-F\u003e on uhci2\nehci0: \u003cIntel 82801JI (ICH10) USB 2.0 controller USB-B\u003e mem 0xf7eff000-0xf7eff3ff irq 18 at device 26.7 on pci0\nehci0: [ITHREAD]\nusbus3: EHCI version 1.0\nusbus3: \u003cIntel 82801JI (ICH10) USB 2.0 controller USB-B\u003e on ehci0\npcib6: \u003cACPI PCI-PCI bridge\u003e irq 17 at device 28.0 on pci0\npci7: \u003cACPI PCI bus\u003e on pcib6\npcib7: \u003cACPI PCI-PCI bridge\u003e irq 16 at device 28.1 on pci0\npci6: \u003cACPI PCI bus\u003e on pcib7\nre0: \u003cRealTek 8168/8168B/8168C/8168CP/8168D/8168DP/8111B/8111C/8111CP/8111DP PCIe Gigabit Ethernet\u003e port 0xd800-0xd8ff mem 0xfbdff000-0xfbdfffff,0xf6ef0000-0xf6efffff irq 17 at device 0.0 on pci6\nre0: Using 1 MSI messages\nre0: Chip rev. 0x3c000000\nre0: MAC rev. 0x00400000\nre0: Hardware rev. 0x3c400000\nmiibus0: \u003cMII bus\u003e on re0\nrgephy0: \u003cRTL8169S/8110S/8211B media interface\u003e PHY 1 on miibus0\nrgephy0:  10baseT, 10baseT-FDX, 100baseTX, 100baseTX-FDX, 1000baseT, 1000baseT-FDX, auto\nre0: Ethernet address: e0:cb:4e:01:49:32\nre0: [FILTER]\nuhci3: \u003cIntel 82801JI (ICH10) USB controller USB-A\u003e port 0xa080-0xa09f irq 23 at device 29.0 on pci0\nuhci3: [ITHREAD]\nuhci3: LegSup = 0x2f00\nusbus4: \u003cIntel 82801JI (ICH10) USB controller USB-A\u003e on uhci3\nuhci4: \u003cIntel 82801JI (ICH10) USB controller USB-B\u003e port 0xa400-0xa41f irq 19 at device 29.1 on pci0\nuhci4: [ITHREAD]\nuhci4: LegSup = 0x2f00\nusbus5: \u003cIntel 82801JI (ICH10) USB controller USB-B\u003e on uhci4\nuhci5: \u003cIntel 82801JI (ICH10) USB controller USB-C\u003e port 0xa480-0xa49f irq 18 at device 29.2 on pci0\nuhci5: [ITHREAD]\nuhci5: LegSup = 0x2f00\nusbus6: \u003cIntel 82801JI (ICH10) USB controller USB-C\u003e on uhci5\nehci1: \u003cIntel 82801JI (ICH10) USB 2.0 controller USB-A\u003e mem 0xf7efe000-0xf7efe3ff irq 23 at device 29.7 on pci0\nehci1: [ITHREAD]\nusbus7: EHCI version 1.0\nusbus7: \u003cIntel 82801JI (ICH10) USB 2.0 controller USB-A\u003e on ehci1\npcib8: \u003cACPI PCI-PCI bridge\u003e at device 30.0 on pci0\npci8: \u003cACPI PCI bus\u003e on pcib8\nemu10kx0: \u003cCreative Audigy 4 [SB0610]\u003e port 0xec00-0xec3f irq 16 at device 0.0 on pci8\nemu10kx0: [ITHREAD]\npcm0: \u003cEMU10Kx DSP front PCM interface\u003e on emu10kx0\npcm0: \u003cSigmaTel STAC9750/51 AC97 Codec\u003e\npcm1: \u003cEMU10Kx DSP rear PCM interface\u003e on emu10kx0\npcm2: \u003cEMU10Kx DSP center PCM interface\u003e on emu10kx0\npcm3: \u003cEMU10Kx DSP subwoofer PCM interface\u003e on emu10kx0\npcm4: \u003cEMU10Kx DSP side PCM interface\u003e on emu10kx0\nfwohci0: \u003cLucent FW322/323\u003e mem 0xfbeff000-0xfbefffff irq 19 at device 4.0 on pci8\nfwohci0: [ITHREAD]\nfwohci0: OHCI version 1.0 (ROM=1)\nfwohci0: No. of Isochronous channels is 8.\nfwohci0: EUI64 00:1e:8c:00:00:bd:6e:33\nfwohci0: Phy 1394a available S400, 2 ports.\nfwohci0: Link S400, max_rec 2048 bytes.\nfirewire0: \u003cIEEE1394(FireWire) bus\u003e on fwohci0\nsbp0: \u003cSBP-2/SCSI over FireWire\u003e on firewire0\nfwohci0: Initiate bus reset\nfwohci0: fwohci_intr_core: BUS reset\nfwohci0: fwohci_intr_core: node_id=0x00000000, SelfID Count=1, CYCLEMASTER mode\nisab0: \u003cPCI-ISA bridge\u003e at device 31.0 on pci0\nisa0: \u003cISA bus\u003e on isab0\nahci0: \u003cIntel ICH10 AHCI SATA controller\u003e port 0x9c00-0x9c07,0x9880-0x9883,0x9800-0x9807,0x9480-0x9483,0x9400-0x941f mem 0xf7efc000-0xf7efc7ff irq 19 at device 31.2 on pci0\nahci0: [ITHREAD]\nahci0: AHCI v1.20 with 6 3Gbps ports, Port Multiplier supported\nahcich0: \u003cAHCI channel\u003e at channel 0 on ahci0\nahcich0: [ITHREAD]\nahcich1: \u003cAHCI channel\u003e at channel 1 on ahci0\nahcich1: [ITHREAD]\nahcich2: \u003cAHCI channel\u003e at channel 2 on ahci0\nahcich2: [ITHREAD]\nahcich3: \u003cAHCI channel\u003e at channel 3 on ahci0\nahcich3: [ITHREAD]\nahcich4: \u003cAHCI channel\u003e at channel 4 on ahci0\nahcich4: [ITHREAD]\nahcich5: \u003cAHCI channel\u003e at channel 5 on ahci0\nahcich5: [ITHREAD]\nichsmb0: \u003cIntel 82801JI (ICH10) SMBus controller\u003e port 0x400-0x41f mem 0xf7efd000-0xf7efd0ff irq 18 at device 31.3 on pci0\nichsmb0: [ITHREAD]\nsmbus0: \u003cSystem Management Bus\u003e on ichsmb0\nsmb0: \u003cSMBus generic I/O\u003e on smbus0\nacpi_button0: \u003cPower Button\u003e on acpi0\natrtc0: \u003cAT realtime clock\u003e port 0x70-0x71 irq 8 on acpi0\nsc0: \u003cSystem console\u003e at flags 0x100 on isa0\nsc0: VGA \u003c16 virtual consoles, flags=0x300\u003e\nvga0: \u003cGeneric ISA VGA\u003e at port 0x3c0-0x3df iomem 0xa0000-0xbffff on isa0\natkbdc0: \u003cKeyboard controller (i8042)\u003e at port 0x60,0x64 on isa0\natkbd0: \u003cAT Keyboard\u003e irq 1 on atkbdc0\nkbd0 at atkbd0\natkbd0: [GIANT-LOCKED]\natkbd0: [ITHREAD]\nuart0: \u003c16550 or compatible\u003e at port 0x3f8-0x3ff irq 4 flags 0x10 on isa0\nuart0: [FILTER]\ncoretemp0: \u003cCPU On-Die Thermal Sensors\u003e on cpu0\nest0: \u003cEnhanced SpeedStep Frequency Control\u003e on cpu0\np4tcc0: \u003cCPU Frequency Thermal Control\u003e on cpu0\ncoretemp1: \u003cCPU On-Die Thermal Sensors\u003e on cpu1\nest1: \u003cEnhanced SpeedStep Frequency Control\u003e on cpu1\np4tcc1: \u003cCPU Frequency Thermal Control\u003e on cpu1\ncoretemp2: \u003cCPU On-Die Thermal Sensors\u003e on cpu2\nest2: \u003cEnhanced SpeedStep Frequency Control\u003e on cpu2\np4tcc2: \u003cCPU Frequency Thermal Control\u003e on cpu2\ncoretemp3: \u003cCPU On-Die Thermal Sensors\u003e on cpu3\nest3: \u003cEnhanced SpeedStep Frequency Control\u003e on cpu3\np4tcc3: \u003cCPU Frequency Thermal Control\u003e on cpu3\ncoretemp4: \u003cCPU On-Die Thermal Sensors\u003e on cpu4\nest4: \u003cEnhanced SpeedStep Frequency Control\u003e on cpu4\np4tcc4: \u003cCPU Frequency Thermal Control\u003e on cpu4\ncoretemp5: \u003cCPU On-Die Thermal Sensors\u003e on cpu5\nest5: \u003cEnhanced SpeedStep Frequency Control\u003e on cpu5\np4tcc5: \u003cCPU Frequency Thermal Control\u003e on cpu5\ncoretemp6: \u003cCPU On-Die Thermal Sensors\u003e on cpu6\nest6: \u003cEnhanced SpeedStep Frequency Control\u003e on cpu6\np4tcc6: \u003cCPU Frequency Thermal Control\u003e on cpu6\ncoretemp7: \u003cCPU On-Die Thermal Sensors\u003e on cpu7\nest7: \u003cEnhanced SpeedStep Frequency Control\u003e on cpu7\np4tcc7: \u003cCPU Frequency Thermal Control\u003e on cpu7\nTimecounters tick every 1.000 msec\nfirewire0: 1 nodes, maxhop \u003c= 0 cable IRM irm(0)  (me) \nfirewire0: bus manager 0 \nusbus0: 12Mbps Full Speed USB v1.0\nusbus1: 12Mbps Full Speed USB v1.0\nusbus2: 12Mbps Full Speed USB v1.0\nusbus3: 480Mbps High Speed USB v2.0\nusbus4: 12Mbps Full Speed USB v1.0\nusbus5: 12Mbps Full Speed USB v1.0\nusbus6: 12Mbps Full Speed USB v1.0\nusbus7: 480Mbps High Speed USB v2.0\nugen0.1: \u003cIntel\u003e at usbus0\nuhub0: \u003cIntel UHCI root HUB, class 9/0, rev 1.00/1.00, addr 1\u003e on usbus0\nugen1.1: \u003cIntel\u003e at usbus1\nuhub1: \u003cIntel UHCI root HUB, class 9/0, rev 1.00/1.00, addr 1\u003e on usbus1\nugen2.1: \u003cIntel\u003e at usbus2\nuhub2: \u003cIntel UHCI root HUB, class 9/0, rev 1.00/1.00, addr 1\u003e on usbus2\nugen3.1: \u003cIntel\u003e at usbus3\nuhub3: \u003cIntel EHCI root HUB, class 9/0, rev 2.00/1.00, addr 1\u003e on usbus3\nugen4.1: \u003cIntel\u003e at usbus4\nuhub4: \u003cIntel UHCI root HUB, class 9/0, rev 1.00/1.00, addr 1\u003e on usbus4\nugen5.1: \u003cIntel\u003e at usbus5\nuhub5: \u003cIntel UHCI root HUB, class 9/0, rev 1.00/1.00, addr 1\u003e on usbus5\nugen6.1: \u003cIntel\u003e at usbus6\nuhub6: \u003cIntel UHCI root HUB, class 9/0, rev 1.00/1.00, addr 1\u003e on usbus6\nugen7.1: \u003cIntel\u003e at usbus7\nuhub7: \u003cIntel EHCI root HUB, class 9/0, rev 2.00/1.00, addr 1\u003e on usbus7\nuhub0: 2 ports with 2 removable, self powered\nuhub1: 2 ports with 2 removable, self powered\nuhub2: 2 ports with 2 removable, self powered\nuhub4: 2 ports with 2 removable, self powered\nuhub5: 2 ports with 2 removable, self powered\nuhub6: 2 ports with 2 removable, self powered\nmfi0: 4665 (324859443s/0x0020/info) - Time established as 04/17/10 22:44:03; (21 seconds since power on)\nmfid0: \u003cMFI Logical Disk\u003e on mfi0\nmfid0: 1905440MB (3902341120 sectors) RAID volume '' is optimal\nuhub3: 6 ports with 6 removable, self powered\nuhub7: 6 ports with 6 removable, self powered\nugen6.2: \u003cMicrosoft\u003e at usbus6\nukbd0: \u003cMicrosoft Comfort Curve Keyboard 2000, class 0/0, rev 2.00/1.73, addr 2\u003e on usbus6\nkbd2 at ukbd0\nuhid0: \u003cMicrosoft Comfort Curve Keyboard 2000, class 0/0, rev 2.00/1.73, addr 2\u003e on usbus6\nada0 at ahcich1 bus 0 scbus2 target 0 lun 0\nada0: \u003cHitachi HDS721010CLA332 JP4OA39C\u003e ATA-8 SATA 2.x device\nada0: 300.000MB/s transfers (SATA 2.x, UDMA6, PIO 8192bytes)cd0 at ahcich0 bus 0 scbus1 target 0 lun 0\ncd0: \u003cATAPI iHAS124   Y BL0V\u003e Removable CD-ROM SCSI-0 device \ncd0: 150.000MB/s transfers (SATA 1.x, UDMA5, ATAPI 12bytes, PIO 8192bytes)\ncd0: cd present [3920422 x 2048 byte records]\n\nada0: Command Queueing enabled\nada0: 953869MB (1953525168 512 byte sectors: 16H 63S/T 16383C)\nSMP: AP CPU #1 Launched!\nSMP: AP CPU #3 Launched!\nSMP: AP CPU #2 Launched!\nSMP: AP CPU #6 Launched!\nSMP: AP CPU #5 Launched!\nSMP: AP CPU #7 Launched!\nSMP: AP CPU #4 Launched!\nugen6.3: \u003cLogitech\u003e at usbus6\nums0: \u003cLogitech Trackball, class 0/0, rev 1.10/2.20, addr 3\u003e on usbus6\nums0: 3 buttons and [XYZ] coordinates ID=0\nTrying to mount root from ufs:/dev/ada0s1a\nmfi0: 4666 (324859494s/0x0008/info) - Battery temperature is normal\nre0: miibus_statchg: 0x00100030, 0x00000010, [0x00000003, 0x00000006, 0x00000010]\nre0: link state changed to UP\n\n$ kldstat -v\nId Refs Address            Size     Name\n 1   28 0xffffffff80100000 779f60   kernel (/boot/kernel/kernel)\n\tContains modules:\n\t\tId Name\n\t\t145 if_lo\n\t\t182 elf32\n\t\t136 elf64\n\t\t137 shell\n\t\t123 pseudofs\n\t\t147 igmp\n\t\t146 if_tun\n\t\t140 sysvmsg\n\t\t141 sysvsem\n\t\t143 sem\n\t\t142 sysvshm\n\t\t154 krpc\n\t\t152 nfssvc\n\t\t151 nfsserver\n\t\t153 nfslockd\n\t\t148 nfs_common\n\t\t155 ufs\n\t\t135 cd9660\n\t\t149 nfs\n\t\t120 devfs\n\t\t122 procfs\n\t\t121 msdosfs\n\t\t 6 cam\n\t\t38 ata\n\t\t15 pass\n\t\t132 g_part_mbr\n\t\t131 g_part_gpt\n\t\t130 g_part_ebr\n\t\t129 g_part_bsd\n\t\t13 ada\n\t\t10 probe\n\t\t12 ch\n\t\t14 da\n\t\t 7 xpt\n\t\t11 cd\n\t\t 8 aprobe\n\t\t 9 pmp\n\t\t25 pcib/acpi_pci\n\t\t98 emu10kx/snd_emu10kx_midi\n\t\t97 emu10kx/snd_emu10kx_pcm\n\t\t96 pci/snd_emu10kx\n\t\t31 acpi/acpi_smbat\n\t\t195 isa/orm\n\t\t95 smbus/smb\n\t\t194 isa/atdma\n\t\t193 acpi/atdma\n\t\t192 legacy/isa\n\t\t30 acpi/acpi_sysresource\n\t\t94 random\n\t\t191 isa/attimer\n\t\t190 acpi/attimer\n\t\t189 isa/atrtc\n\t\t188 acpi/atrtc\n\t\t93 pty\n\t\t187 cpu/p4tcc\n\t\t186 cpu/hwpstate\n\t\t21 acpi/acpi_ec\n\t\t92 pci/vgapci\n\t\t185 cpu/est\n\t\t184 cpu/powernow\n\t\t91 pci/pcib\n\t\t90 pcib/pci\n\t\t45 fwohci/firewire\n\t\t44 cpu/ichss\n\t\t43 pci/ata_intel\n\t\t42 pci/ata_ahci\n\t\t41 atapci/ata_ahci_ata\n\t\t24 acpi/acpi_lid\n\t\t181 isa/vga\n\t\t180 vgapci/vgapm\n\t\t40 pci/atapci\n\t\t179 isa/sc\n\t\t178 scrndr-vga\n\t\t177 scterm-scteken\n\t\t176 io\n\t\t39 atapci/ata\n\t\t175 cpu/coretemp\n\t\t89 pci/isab\n\t\t174 isa/atkbdc\n\t\t173 acpi/atkbdc\n\t\t172 atkbdc/atkbd\n\t\t171 hostb/agp_via\n\t\t170 hostb/agp_intel\n\t\t169 vgapci/agp_i810\n\t\t168 hostb/agp_amd64\n\t\t88 pci/ignore_pci\n\t\t87 pci/hostb\n\t\t167 legacy/pcib\n\t\t166 isa/pcibus_pnp\n\t\t86 pci/fixup_pci\n\t\t85 null\n\t\t84 miibus/xmphy\n\t\t165 root/nexus\n\t\t164 nexus/ram\n\t\t163 isa/sysresource\n\t\t83 miibus/ukphy\n\t\t82 miibus/truephy\n\t\t81 miibus/tlphy\n\t\t80 miibus/tdkphy\n\t\t79 miibus/smcphy\n\t\t78 miibus/ruephy\n\t\t119 watchdog\n\t\t77 miibus/rlphy\n\t\t118 uhub/ums\n\t\t76 miibus/rgephy\n\t\t75 miibus/qsphy\n\t\t117 uhub/ukbd\n\t\t116 uhub/uhid\n\t\t162 nexus/legacy\n\t\t161 legacy/cpu\n\t\t74 miibus/pnaphy\n\t\t73 miibus/nsphyter\n\t\t160 pci/ioapic\n\t\t159 nexus/apic\n\t\t115 usbus/uhub\n\t\t114 uhub/uhub\n\t\t158 acpi/fpupnp\n\t\t72 miibus/nsphy\n\t\t71 miibus/nsgphy\n\t\t70 miibus/mlphy\n\t\t69 miibus/lxtphy\n\t\t68 miibus/jmphy\n\t\t67 miibus/ip1000phy\n\t\t66 miibus/inphy\n\t\t65 miibus/icsphy\n\t\t64 miibus/gentbi\n\t\t157 root/nexus_acpi\n\t\t63 miibus/xlphy\n\t\t113 uhub/usb_linux\n\t\t62 miibus/e1000phy\n\t\t112 uhub/umass\n\t\t61 miibus/ciphy\n\t\t111 ohci/usbus\n\t\t110 uhci/usbus\n\t\t109 ehci/usbus\n\t\t108 at91_udp/usbus\n\t\t107 uss820/usbus\n\t\t106 pci/uhci\n\t\t60 miibus/brgphy\n\t\t59 miibus/bmtphy\n\t\t105 pci/ohci\n\t\t58 miibus/axphy\n\t\t104 pci/ehci\n\t\t57 miibus/atphy\n\t\t56 miibus/amphy\n\t\t55 miibus/acphy\n\t\t54 mfi/mfid\n\t\t53 pci/mfi\n\t\t103 pci/uart\n\t\t102 isa/uart\n\t\t101 acpi/uart\n\t\t23 acpi/acpi_isab\n\t\t29 cpu/acpi_perf\n\t\t100 midi\n\t\t18 acpi/acpi_button\n\t\t28 pci/acpi_pcib\n\t\t52 mem\n\t\t99 sound\n\t\t27 acpi/acpi_pcib\n\t\t22 acpi/acpi_hpet\n\t\t20 acpi/cpu\n\t\t16 nexus/acpi\n\t\t17 acpi/acpi_acad\n\t\t50 kbdmux\n\t\t49 pci/ichsmb\n\t\t48 ichsmb/smbus\n\t\t138 cpu/cpufreq\n\t\t37 pci/ahci\n\t\t36 atapci/ahci\n\t\t35 ahci/ahcich\n\t\t26 acpi/acpi_pci_link\n\t\t34 acpi/acpi_timer\n\t\t150 nfslock\n\t\t33 cpu/acpi_throttle\n\t\t32 acpi/acpi_tz\n\t\t19 acpi/acpi_cmbat\n\t\t47 firewire/sbp\n\t\t46 pci/fwohci\n\t\t134 isab/isa\n\t\t133 eisab/isa\n\t\t126 g_vfs\n\t\t51 g_md\n\t\t156 g_class\n\t\t128 g_part\n\t\t139 rootbus\n\t\t125 g_disk\n\t\t124 g_dev\n\t\t127 g_label\n\t\t144 ether\n\t\t183 x86bios\n 2    3 0xffffffff8087a000 4b7f0    linux.ko (/boot/kernel/linux.ko)\n\tContains modules:\n\t\tId Name\n\t\t 1 linuxelf\n 3    1 0xffffffff808c6000 dbb8     if_re.ko (/boot/kernel/if_re.ko)\n\tContains modules:\n\t\tId Name\n\t\t 3 re/miibus\n\t\t 2 pci/re\n 4    1 0xffffffff808d4000 2bad8    kqemu.ko (/boot/modules/kqemu.ko)\n\tContains modules:\n\t\tId Name\n\t\t 4 kqemu\n 5    1 0xffffffff80900000 d451a0   nvidia.ko (/boot/modules/nvidia.ko)\n\tContains modules:\n\t\tId Name\n\t\t 5 vgapci/nvidia\n 6    1 0xffffffff81812000 4dd0     linprocfs.ko (/boot/kernel/linprocfs.ko)\n\tContains modules:\n\t\tId Name\n\t\t196 linprocfs\n 7    1 0xffffffff81817000 2c2      blank_saver.ko (/boot/kernel/blank_saver.ko)\n\tContains modules:\n\t\tId Name\n\t\t197 blank_saver\n\nHow-To-Repeat: 1. Get the output from glabel status\n2. Play a DVD via vlc.\n3. Get the output again from glabel status.\n4. Stop DVD and eject.\n5. Get the output again from glabel status.\n\n1. will show that the label doesn't exist on a freshly booted system. 3. will show that the label exists because the DVD is in use and plugged into geom. 5. will show that the label still exists [but shouldn't because it's been disconnected from the system and geom(4)]."
}