{
 "id": 433091,
 "bug_id": 121148,
 "attachment_id": 0,
 "creation_time": "2008-02-27T16:50:00Z",
 "creator": "lists@pingle.org",
 "text": "SuperMicro SuperServer 6022L-6 will not fully boot RELENG_7 unless I booth with ACPI disabled. RELENG_7_0 does not crash on the same hardware with the same config.\n\nCrash is as follows:\nFatal trap 12: page fault while in kernel mode\ncpuid = 3; apic id = 03\nfault virtual address   = 0x2043455c\nfault code              = supervisor read, page not present\ninstruction pointer     = 0x20:0xc0742c86\nstack pointer           = 0x28:0xe8cada0c\nframe pointer           = 0x28:0xe8cada38\ncode segment            = base 0x0, limit 0xfffff, type 0x1b\n                        = DPL 0, pres 1, def32 1, gran 1\nprocessor eflags        = interrupt enabled, resume, IOPL = 0\ncurrent process         = 68 (sysctl)\ntrap number             = 12\npanic: page fault\ncpuid = 3\nUptime: 6s\nPhysical memory: 2035 MB\nDumping 65 MB: 50 34 18 2\n\nThe crash happens just after the \"Entropy harvesting...\" line, before\nswap is started. As you can see in the crash output, the offending process\nis sysctl.\n\nI can boot to single user mode, but if I issue sysctl -a while there, it\nalso crashes. When sysctl -a is run in single user mode, the last three\nlines before the crash are (transcribed by hand, no serial console available):\n\ndev.pcib.3.%location: handle=\\_SB_.PCI3\ndev.pcib.3.%pnpinfo: _HID=PNP0A03 UID=3\ndev.pcib.3.%parent: acpi0\n\nWith a working RELENG_7_0 the lines immediately following this are:\n\ndev.pcib.4.%desc: ACPI Host-PCI bridge\ndev.pcib.4.%driver: pcib\ndev.pcib.4.%location: handle=\\_SB_.PCI4\ndev.pcib.4.%pnpinfo: _HID=PNP0A03 _UID=4\ndev.pcib.4.%parent: acpi0\n\nI tried a binary search of the source tree to narrow down the crash. I\nfound that one possible vector for the crash was introduced between\n2007/12/19 20:00:00 (booted OK) and 2007/12/19 23:59:00 (crashed), which\nleft me with only a handful of files to test.\n\nBy process of elimination, I found that if I backed some changes out in\nsrc/sys/i386/i386/machdep.c, the crash stopped.\n\nsrc/sys/i386/i386/machdep.c v1.658 2007/08/09 njl - Boots OK\nsrc/sys/i386/i386/machdep.c v1.658.2.1 2007/12/19 rpaulo - Crashes\n\nThe confusing part (to me) is that my next step was to update all the\nway to RELENG_7 as of yesterday, then back out those same changes, but\nthe crash still happened. So either I misidentified the cause of the\ncrash -- which is quite possible -- or it was reintroduced in some other\nchange (or both!). \n\nkgdb output from vmcore.0:\nUnread portion of the kernel message buffer:\nCopyright (c) 1992-2008 The FreeBSD Project.\nCopyright (c) 1979, 1980, 1983, 1986, 1988, 1989, 1991, 1992, 1993, 1994\n        The Regents of the University of California. All rights reserved.\nFreeBSD is a registered trademark of The FreeBSD Foundation.\nFreeBSD 7.0-PRERELEASE #0: Mon Feb 25 15:22:54 EST 2008\n    root@test1.hpcisp.com:/usr/obj/usr/src/sys/GENERIC\nTimecounter \"i8254\" frequency 1193182 Hz quality 0\nCPU: Intel(R) XEON(TM) CPU 2.00GHz (1999.94-MHz 686-class CPU)\n  Origin = \"GenuineIntel\"  Id = 0xf24  Stepping = 4\n  Features=0x3febfbff\u003cFPU,VME,DE,PSE,TSC,MSR,PAE,MCE,CX8,APIC,SEP,MTRR,PGE,MCA,CMOV,PAT,PSE36,CLFLUSH,DTS,ACPI,MMX,FXSR,SSE,SSE2,SS,HTT,TM\u003e\n  Logical CPUs per core: 2\nreal memory  = 2147418112 (2047 MB)\navail memory = 2091872256 (1994 MB)\nACPI APIC Table: \u003cRCC    GCHE    \u003e\nFreeBSD/SMP: Multiprocessor System Detected: 4 CPUs\n cpu0 (BSP): APIC ID:  0\n cpu1 (AP): APIC ID:  1\n cpu2 (AP): APIC ID:  2\n cpu3 (AP): APIC ID:  3\nACPI Warning (tbfadt-0505): Optional field \"Gpe1Block\" has zero address or length:        0       0/8 [20070320]\nMADT: Forcing active-low polarity and level trigger for SCI\nioapic0 \u003cVersion 1.1\u003e irqs 0-15 on motherboard\nioapic1 \u003cVersion 1.1\u003e irqs 16-31 on motherboard\nioapic2 \u003cVersion 1.1\u003e irqs 32-47 on motherboard\nkbd1 at kbdmux0\nath_hal: 0.9.20.3 (AR5210, AR5211, AR5212, RF5111, RF5112, RF2413, RF5413)\nhptrr: HPT RocketRAID controller driver v1.1 (Feb 25 2008 15:20:56)\nacpi0: \u003cRCC GCHE\u003e on motherboard\nACPI Warning (dswload-0794): Type override - [DEB_] had invalid type (Integer) for Scope operator, changed to (Scope) [20070320]\nACPI Warning (dswload-0794): Type override - [MLIB] had invalid type (Integer) for Scope operator, changed to (Scope) [20070320]\nACPI Warning (dswload-0794): Type override - [IO__] had invalid type (Integer) for Scope operator, changed to (Scope) [20070320]\nACPI Warning (dswload-0794): Type override - [DATA] had invalid type (String) for Scope operator, changed to (Scope) [20070320]\nACPI Warning (dswload-0794): Type override - [SIO_] had invalid type (String) for Scope operator, changed to (Scope) [20070320]\nACPI Warning (dswload-0794): Type override - [SB__] had invalid type (String) for Scope operator, changed to (Scope) [20070320]\nACPI Warning (dswload-0794): Type override - [PM__] had invalid type (String) for Scope operator, changed to (Scope) [20070320]\nACPI Warning (dswload-0794): Type override - [ICNT] had invalid type (String) for Scope operator, changed to (Scope) [20070320]\nACPI Warning (dswload-0794): Type override - [ACPI] had invalid type (String) for Scope operator, changed to (Scope) [20070320]\nACPI Warning (dswload-0794): Type override - [IORG] had invalid type (String) for Scope operator, changed to (Scope) [20070320]\nACPI Warning (dswload-0794): Type override - [SB__] had invalid type (String) for Scope operator, changed to (Scope) [20070320]\nACPI Warning (dswload-0794): Type override - [PM__] had invalid type (String) for Scope operator, changed to (Scope) [20070320]\nACPI Warning (dswload-0794): Type override - [SIO_] had invalid type (String) for Scope operator, changed to (Scope) [20070320]\nACPI Warning (dswload-0794): Type override - [PM__] had invalid type (String) for Scope operator, changed to (Scope) [20070320]\nACPI Warning (dswload-0794): Type override - [BIOS] had invalid type (Integer) for Scope operator, changed to (Scope) [20070320]\nACPI Warning (dswload-0794): Type override - [CMOS] had invalid type (Integer) for Scope operator, changed to (Scope) [20070320]\nACPI Warning (dswload-0794): Type override - [KBC_] had invalid type (Integer) for Scope operator, changed to (Scope) [20070320]\nACPI Warning (dswload-0794): Type override - [OEM_] had invalid type (Integer) for Scope operator, changed to (Scope) [20070320]\nacpi0: [ITHREAD]\nacpi0: Power Button (fixed)\nacpi0: reservation of 0, a0000 (3) failed\nacpi0: reservation of 100000, 7ff00000 (3) failed\nTimecounter \"ACPI-safe\" frequency 3579545 Hz quality 850\nacpi_timer0: \u003c32-bit timer at 3.579545MHz\u003e port 0x508-0x50b on acpi0\ncpu0: \u003cACPI CPU\u003e on acpi0\np4tcc0: \u003cCPU Frequency Thermal Control\u003e on cpu0\ncpu1: \u003cACPI CPU\u003e on acpi0\np4tcc1: \u003cCPU Frequency Thermal Control\u003e on cpu1\ncpu2: \u003cACPI CPU\u003e on acpi0\np4tcc2: \u003cCPU Frequency Thermal Control\u003e on cpu2\ncpu3: \u003cACPI CPU\u003e on acpi0\np4tcc3: \u003cCPU Frequency Thermal Control\u003e on cpu3\nacpi_button0: \u003cSleep Button\u003e on acpi0\npcib0: \u003cACPI Host-PCI bridge\u003e port 0xcf8-0xcff on acpi0\npci0: \u003cACPI PCI bus\u003e on pcib0\nvgapci0: \u003cVGA-compatible display\u003e port 0xa800-0xa8ff mem 0xfd000000-0xfdffffff,0xfe5ff000-0xfe5fffff irq 18 at device 2.0 on pci0\nfxp0: \u003cIntel 82550 Pro/100 Ethernet\u003e port 0xae80-0xaebf mem 0xfe5fc000-0xfe5fcfff,0xfe580000-0xfe59ffff irq 17 at device 4.0 on pci0\nmiibus0: \u003cMII bus\u003e on fxp0\ninphy0: \u003ci82555 10/100 media interface\u003e PHY 1 on miibus0\ninphy0:  10baseT, 10baseT-FDX, 100baseTX, 100baseTX-FDX, auto\nfxp0: Ethernet address: 00:30:48:20:a3:9e\nfxp0: [ITHREAD]\nfxp1: \u003cIntel 82550 Pro/100 Ethernet\u003e port 0xaf00-0xaf3f mem 0xfe5fd000-0xfe5fdfff,0xfe5a0000-0xfe5bffff irq 19 at device 5.0 on pci0\nmiibus1: \u003cMII bus\u003e on fxp1\ninphy1: \u003ci82555 10/100 media interface\u003e PHY 1 on miibus1\ninphy1:  10baseT, 10baseT-FDX, 100baseTX, 100baseTX-FDX, auto\nfxp1: Ethernet address: 00:30:48:20:a3:9f\nfxp1: [ITHREAD]\nisab0: \u003cPCI-ISA bridge\u003e at device 15.0 on pci0\nisa0: \u003cISA bus\u003e on isab0\natapci0: \u003cServerWorks CSB5 UDMA100 controller\u003e port 0x1f0-0x1f7,0x3f6,0x170-0x177,0x376,0xffa0-0xffaf at device 15.1 on pci0\nata0: \u003cATA channel 0\u003e on atapci0\nata0: [ITHREAD]\nata1: \u003cATA channel 1\u003e on atapci0\nata1: [ITHREAD]\nohci0: \u003cOHCI (generic) USB controller\u003e mem 0xfe5fe000-0xfe5fefff irq 10 at device 15.2 on pci0\nohci0: [GIANT-LOCKED]\nohci0: [ITHREAD]\nusb0: OHCI version 1.0, legacy support\nusb0: SMM does not respond, resetting\nusb0: \u003cOHCI (generic) USB controller\u003e on ohci0\nusb0: USB revision 1.0\nuhub0: \u003c(0x1166) OHCI root hub, class 9/0, rev 1.00/1.00, addr 1\u003e on usb0\nuhub0: 4 ports with 4 removable, self powered\npcib1: \u003cACPI Host-PCI bridge\u003e on acpi0\npci1: \u003cACPI PCI bus\u003e on pcib1\npcib2: \u003cACPI Host-PCI bridge\u003e on acpi0\npci2: \u003cACPI PCI bus\u003e on pcib2\npcib3: \u003cACPI Host-PCI bridge\u003e on acpi0\npci3: \u003cACPI PCI bus\u003e on pcib3\npcib4: \u003cACPI Host-PCI bridge\u003e on acpi0\npci4: \u003cACPI PCI bus\u003e on pcib4\nasr0: \u003cAdaptec Caching SCSI RAID\u003e mem 0xfeb00000-0xfebfffff,0xfb000000-0xfbffffff,0xf8000000-0xf9ffffff irq 29 at device 3.0 on pci4\nasr0: [GIANT-LOCKED]\nasr0: [ITHREAD]\nasr0:   ADAPTEC 2005S FW Rev. 380E, 2 channel, 2000 CCBs, Protocol I2O\natkbdc0: \u003cKeyboard controller (i8042)\u003e port 0x60,0x64 irq 1 on acpi0\natkbd0: \u003cAT Keyboard\u003e irq 1 on atkbdc0\nkbd0 at atkbd0\natkbd0: [GIANT-LOCKED]\natkbd0: [ITHREAD]\npsm0: \u003cPS/2 Mouse\u003e irq 12 on atkbdc0\npsm0: [GIANT-LOCKED]\npsm0: [ITHREAD]\npsm0: model NetMouse/NetScroll Optical, device ID 0\nfdc0: \u003cfloppy drive controller (FDE)\u003e port 0x3f2-0x3f3,0x3f4-0x3f5,0x3f7 irq 6 drq 2 on acpi0\nfdc0: [FILTER]\nfd0: \u003c1440-KB 3.5\" drive\u003e on fdc0 drive 0\nsio0: \u003c16550A-compatible COM port\u003e port 0x3f8-0x3ff irq 4 flags 0x10 on acpi0\nsio0: type 16550A\nsio0: [FILTER]\nsio1: \u003c16550A-compatible COM port\u003e port 0x2f8-0x2ff irq 3 on acpi0\nsio1: type 16550A\nsio1: [FILTER]\npmtimer0 on isa0\norm0: \u003cISA Option ROMs\u003e at iomem 0xc0000-0xc7fff,0xc8000-0xcdfff,0xce000-0xcefff,0xcf000-0xcffff pnpid ORM0000 on isa0\nppc0: \u003cParallel port\u003e at port 0x378-0x37f irq 7 on isa0\nppc0: Generic chipset (ECP/PS2/NIBBLE) in COMPATIBLE mode\nppc0: FIFO with 16/16/8 bytes threshold\nppbus0: \u003cParallel port bus\u003e on ppc0\nppbus0: [ITHREAD]\nplip0: \u003cPLIP network interface\u003e on ppbus0\nlpt0: \u003cPrinter\u003e on ppbus0\nlpt0: Interrupt-driven port\nppi0: \u003cParallel I/O\u003e on ppbus0\nppc0: [GIANT-LOCKED]\nppc0: [ITHREAD]\nsc0: \u003cSystem console\u003e at flags 0x100 on isa0\nsc0: VGA \u003c16 virtual consoles, flags=0x300\u003e\nvga0: \u003cGeneric ISA VGA\u003e at port 0x3c0-0x3df iomem 0xa0000-0xbffff on isa0\nTimecounters tick every 1.000 msec\nhptrr: no controller detected.\nacd0: CDROM \u003cMATSHITA CR-177/7T0D\u003e at ata1-master UDMA33\nda0 at asr0 bus 0 target 0 lun 0\nda0: \u003cADAPTEC RAID-5 380E\u003e Fixed Direct Access SCSI-2 device \nses0 at asr0 bus 0 target 6 lun 0\nses0: \u003cSUPER GEM318 0\u003e Fixed Processor SCSI-2 device \nSMP: AP CPU #3 Launched!\nSMP: AP CPU #2 Launched!\nSMP: AP CPU #1 Launched!\nTrying to mount root from ufs:/dev/da0s1a\n\u003c118\u003eLoading configuration files.\n\u003c118\u003ekernel dumps on /dev/da0s1b\n\u003c118\u003eEntropy harvesting:\n\u003c118\u003e interrupts\n\u003c118\u003e ethernet\n\u003c118\u003e point_to_point\n\n\nFatal trap 12: page fault while in kernel mode\ncpuid = 3; apic id = 03\nfault virtual address   = 0x2043455c\nfault code              = supervisor read, page not present\ninstruction pointer     = 0x20:0xc0742c86\nstack pointer           = 0x28:0xe8cada0c\nframe pointer           = 0x28:0xe8cada38\ncode segment            = base 0x0, limit 0xfffff, type 0x1b\n                        = DPL 0, pres 1, def32 1, gran 1\nprocessor eflags        = interrupt enabled, resume, IOPL = 0\ncurrent process         = 68 (sysctl)\ntrap number             = 12\npanic: page fault\ncpuid = 3\nUptime: 6s\nPhysical memory: 2035 MB\nDumping 65 MB: 50 34 18 2\n\n#0  doadump () at pcpu.h:195\n195     pcpu.h: No such file or directory.\n        in pcpu.h\n(kgdb) bt\n#0  doadump () at pcpu.h:195\n#1  0xc073a688 in boot (howto=260) at /usr/src/sys/kern/kern_shutdown.c:409\n#2  0xc073a941 in panic (fmt=Variable \"fmt\" is not available.\n) at /usr/src/sys/kern/kern_shutdown.c:563\n#3  0xc0a19dc0 in trap_fatal (frame=0xe8cad9cc, eva=541279580) at /usr/src/sys/i386/i386/trap.c:899\n#4  0xc0a1a030 in trap_pfault (frame=0xe8cad9cc, usermode=0, eva=541279580) at /usr/src/sys/i386/i386/trap.c:812\n#5  0xc0a1a9ad in trap (frame=0xe8cad9cc) at /usr/src/sys/i386/i386/trap.c:490\n#6  0xc0a01cab in calltrap () at /usr/src/sys/i386/i386/exception.s:139\n#7  0xc0742c86 in sysctl_sysctl_next_ls (lsp=Variable \"lsp\" is not available.\n) at /usr/src/sys/kern/kern_sysctl.c:630\n#8  0xc0742d46 in sysctl_sysctl_next_ls (lsp=Variable \"lsp\" is not available.\n) at /usr/src/sys/kern/kern_sysctl.c:618\n#9  0xc0742d83 in sysctl_sysctl_next_ls (lsp=Variable \"lsp\" is not available.\n) at /usr/src/sys/kern/kern_sysctl.c:630\n#10 0xc0742d83 in sysctl_sysctl_next_ls (lsp=Variable \"lsp\" is not available.\n) at /usr/src/sys/kern/kern_sysctl.c:630\n#11 0xc0742de6 in sysctl_sysctl_next (oidp=0xc0b4c940, arg1=0xe8cadc1c, arg2=4, req=0xe8cadba4)\n    at /usr/src/sys/kern/kern_sysctl.c:651\n#12 0xc07436f2 in sysctl_root (oidp=Variable \"oidp\" is not available.\n) at /usr/src/sys/kern/kern_sysctl.c:1306\n#13 0xc074382e in userland_sysctl (td=0xc5574210, name=0xe8cadc14, namelen=6, old=0xbfbfe4e8, oldlenp=0xbfbfe598, \n    inkernel=0, new=0x0, newlen=0, retval=0xe8cadc10, flags=0) at /usr/src/sys/kern/kern_sysctl.c:1401\n#14 0xc0744462 in __sysctl (td=0xc5574210, uap=0xe8cadcfc) at /usr/src/sys/kern/kern_sysctl.c:1336\n#15 0xc0a1a378 in syscall (frame=0xe8cadd38) at /usr/src/sys/i386/i386/trap.c:1035\n#16 0xc0a01d10 in Xint0x80_syscall () at /usr/src/sys/i386/i386/exception.s:196\n#17 0x00000033 in ?? ()\nPrevious frame inner to this frame (corrupt stack?)\n\nThis is a testing machine that is only being used to evaluate 7.0 for\nuse on similar hardware. I can take whatever debugging steps that are\nneeded, just let me know what information is necessary to help resolve\nthe issue. \n\nI tried posting this information to the -STABLE list, but received no replies.\n\nSystem is running with the most current BIOS available from the OEM. RAM\ntested OK with memtest86+ left running for a day or so.\n\nFix: \n\nWorkaround is to run with ACPI disabled, but that is not desired.\n\nOne part of the crash was possibly introduced with rev v1.658.2.1 of\nsrc/sys/i386/i386/machdep.c, but I am unable to repeat that fix on\nrecent RELENG_7 sources.\nHow-To-Repeat: Attempt to boot with a RELENG_7 world/kernel on a SuperMicro SuperServer\n6022L-6 with ACPI enabled.\n\nAlternately, boot to single user mode and issue \"sysctl -a\". Crashes every\ntime in the exact same place."
}