{
 "id": 381919,
 "bug_id": 110267,
 "attachment_id": 0,
 "creation_time": "2007-03-13T13:20:03Z",
 "creator": "vovk@km.ua",
 "text": "As well as in the above-stated reference there is highly loaded\nmachine, which periodically panic.\n\n#kgdb kernel.debug /var/crash/vmcore.4\n[GDB will not be able to debug user-mode threads:\n/usr/lib/libthread_db.so: Undef\nined symbol \"ps_pglobal_lookup\"]\nGNU gdb 6.1.1 [FreeBSD]\nCopyright 2004 Free Software Foundation, Inc.\nGDB is free software, covered by the GNU General Public License, and\nyou are\nwelcome to change it and/or distribute copies of it under certain\nconditions.\nType \"show copying\" to see the conditions.\nThere is absolutely no warranty for GDB.  Type \"show warranty\" for\ndetails.\nThis GDB was configured as \"i386-marcel-freebsd\".\n\nUnread portion of the kernel message buffer:\npanic: vm_thread_new: kstack allocation failed\ncpuid = 3\nUptime: 7d4h30m58s\nDumping 2046 MB (2 chunks)\n  chunk 0: 1MB (158 pages) ... ok\n  chunk 1: 2046MB (523744 pages) 2030 2014 1998 1982 1966 1950 1934\n1918 1902 188\n6 1870 1854 1838 1822 1806 1790 1774 1758 1742 1726 1710 1694 1678 1662\n1646 1630\n 1614 1598 1582 1566 1550 1534 1518 1502 1486 1470 1454 1438 1422 1406\n1390 1374\n1358 1342 1326 1310 1294 1278 1262 1246 1230 1214 1198 1182 1166 1150\n1134 1118 1\n102 1086 1070 1054 1038 1022 1006 990 974 958 942 926 910 894 878 862\n846 830 814\n 798 782 766 750 734 718 702 686 670 654 638 622 606 590 574 558 542\n526 510 494\n478 462 446 430 414 398 382 366 350 334 318 302 286 270 254 238 222 206\n190 174 1\n58 142 126 110 94 78 62 46 30 14\n0  doadump () at pcpu.h:165\n165             __asm __volatile(\"movl %%fs:0,%0\" : \"=r\" (td));\n(kgdb) bt\n#0  doadump () at pcpu.h:165\n#1  0xc04e533d in boot (howto=260) at\n/usr/src/sys/kern/kern_shutdown.c:409\n#2  0xc04e5665 in panic (\n    fmt=0xc0679bd6 \"vm_thread_new: kstack allocation failed\")\n    at /usr/src/sys/kern/kern_shutdown.c:565\n#3  0xc05f26bb in vm_thread_new (td=0xd2221780, pages=2)\n    at /usr/src/sys/vm/vm_glue.c:347\n#4  0xc04ef7c7 in thread_init (mem=0xd2221780, size=372, flags=259)\n    at /usr/src/sys/kern/kern_thread.c:185\n#5  0xc05eb29e in slab_zalloc (zone=0xc0c511e0, wait=259)\n    at /usr/src/sys/vm/uma_core.c:861\n#6  0xc05ec890 in uma_zone_slab (zone=0xc0c511e0, flags=3)\n    at /usr/src/sys/vm/uma_core.c:2025\n#7  0xc05ecac0 in uma_zalloc_bucket (zone=0xc0c511e0, flags=3)\n    at /usr/src/sys/vm/uma_core.c:2134\n#8  0xc05ec722 in uma_zalloc_arg (zone=0xc0c511e0, udata=0x0, flags=2)\n    at /usr/src/sys/vm/uma_core.c:1942\n#9  0xc04efcb7 in thread_alloc () at uma.h:275\n#10 0xc04d3596 in thread_alloc_spare (td=0xd2252d80)\n    at /usr/src/sys/kern/kern_kse.c:1046\n#11 0xc04d40e6 in thread_userret (td=0xd2252d80, frame=0xffab5d38)\n    at /usr/src/sys/kern/kern_kse.c:1437\n#12 0xc05061da in userret (td=0xd2252d80, frame=0xffab5d38, oticks=0)\n    at /usr/src/sys/kern/subr_trap.c:120\n#13 0xc04cecfa in fork_return (td=0xd2252d80, frame=0xffab5d38)\n    at /usr/src/sys/kern/kern_fork.c:834\n#14 0xc04cec21 in fork_exit (callout=0xc04cece8 \u003cfork_return\u003e,\narg=0xd2252d80,\n    frame=0xffab5d38) at /usr/src/sys/kern/kern_fork.c:805\n#15 0xc062909c in fork_trampoline () at\n/usr/src/sys/i386/i386/exception.s:208\n(kgdb) f 3\n#3  0xc05f26bb in vm_thread_new (td=0xd2221780, pages=2)\n    at /usr/src/sys/vm/vm_glue.c:347\n347                     panic(\"vm_thread_new: kstack allocation\nfailed\");\n(kgdb) l\n342              * Get a kernel virtual address for this thread's\nkstack.\n343              */\n344             ks = kmem_alloc_nofault(kernel_map,\n345                (pages + KSTACK_GUARD_PAGES) * PAGE_SIZE);\n346             if (ks == 0)\n347                     panic(\"vm_thread_new: kstack allocation\nfailed\");\n348             if (KSTACK_GUARD_PAGES != 0) {\n349                     pmap_qremove(ks, KSTACK_GUARD_PAGES);\n350                     ks += KSTACK_GUARD_PAGES * PAGE_SIZE;\n351             }\n(kgdb) i loc\nksobj = 0xd1b25a50\nks = 0\nm = 0x0\nma = {0xc1abe450, 0xc26e8498, 0xd201ce20, 0xffab5b90, 0xc05eca91,\n0xc0c61d20,\n  0xd201ce20, 0x102, 0x80, 0x0, 0xc0c61db0, 0xc0c61d20, 0x0,\n0xd0d038c0,\n  0xc05ec539, 0xffab5bac, 0xffab5bac, 0xc04da4b3, 0x40, 0x2,\n0xffab5bd0,\n  0xc04da579, 0xc0699c00, 0x40, 0x2, 0xc0c6caa0, 0xd2221600, 0x0,\n0xc04f800a,\n  0xd2221754, 0x20, 0xd2221600}\ni = -769517696\n(kgdb)\n\n#dmesg\nCopyright (c) 1992-2006 The FreeBSD Project.\nCopyright (c) 1979, 1980, 1983, 1986, 1988, 1989, 1991, 1992, 1993, 1994\n        The Regents of the University of California. All rights reserved.\nFreeBSD 6.1-STABLE #5: Wed Feb 28 12:02:49 EET 2007\n    vovk at ic.km.ua:/usr/obj/usr/src/sys/stella\nacpi_alloc_wakeup_handler: can't alloc wake memory\nACPI APIC Table: \u003cIntelR AWRDACPI\u003e\nTimecounter \"i8254\" frequency 1193182 Hz quality 0\nCPU: Intel(R) Xeon(TM) CPU 2.80GHz (2793.01-MHz 686-class CPU)\n  Origin = \"GenuineIntel\"  Id = 0xf29  Stepping = 9 \nFeatures=0xbfebfbff\u003cFPU,VME,DE,PSE,TSC,MSR,PAE,MCE,CX8,APIC,SEP,MTRR,PGE,MCA,CM\nOV,PAT,PSE36,CLFLUSH,DTS,ACPI,MMX,FXSR,SSE,SSE2,SS,HTT,TM,PBE\u003e\n  Features2=0x4400\u003cCNTX-ID,\u003cb14\u003e\u003e\n  Logical CPUs per core: 2\nreal memory  = 2146304000 (2046 MB)\navail memory = 2096357376 (1999 MB)\nFreeBSD/SMP: Multiprocessor System Detected: 4 CPUs\n cpu0 (BSP): APIC ID:  0\n cpu1 (AP): APIC ID:  1\n cpu2 (AP): APIC ID:  6\n cpu3 (AP): APIC ID:  7\nioapic0: Changing APIC ID to 4\nioapic0 \u003cVersion 2.0\u003e irqs 0-23 on motherboard\nioapic1 \u003cVersion 2.0\u003e irqs 24-47 on motherboard\nacpi0: \u003cIntelR AWRDACPI\u003e on motherboard\nacpi0: Power Button (fixed)\nTimecounter \"ACPI-fast\" frequency 3579545 Hz quality 1000\nacpi_timer0: \u003c24-bit timer at 3.579545MHz\u003e port 0x408-0x40b on acpi0\ncpu0: \u003cACPI CPU\u003e on acpi0\ncpu1: \u003cACPI CPU\u003e on acpi0\ncpu2: \u003cACPI CPU\u003e on acpi0\ncpu3: \u003cACPI CPU\u003e on acpi0\nacpi_button0: \u003cPower Button\u003e on acpi0\npcib0: \u003cACPI Host-PCI bridge\u003e port 0xcf8-0xcff on acpi0\npci0: \u003cACPI PCI bus\u003e on pcib0\nagp0: \u003cIntel 82875P host to AGP bridge\u003e mem 0xe8000000-0xefffffff at device \n0.0 o\nn pci0\npcib1: \u003cPCI-PCI bridge\u003e at device 1.0 on pci0\npci1: \u003cPCI bus\u003e on pcib1\npci1: \u003cdisplay, VGA\u003e at device 0.0 (no driver attached)\npcib2: \u003cACPI PCI-PCI bridge\u003e at device 3.0 on pci0\npci2: \u003cACPI PCI bus\u003e on pcib2\nem0: \u003cIntel(R) PRO/1000 Network Connection Version - 3.2.18\u003e port \n0x9000-0x901f m\nem 0xf7020000-0xf703ffff,0xf7000000-0xf701ffff irq 18 at device 1.0 on pci2\nem0: Ethernet address: 00:11:2f:10:3e:14\npcib3: \u003cACPI PCI-PCI bridge\u003e at device 28.0 on pci0\npci3: \u003cACPI PCI bus\u003e on pcib3\naac0: \u003cAdaptec SCSI RAID 2200S\u003e mem 0xf0000000-0xf3ffffff irq 25 at device 3.0 \non\n pci3\naac0: New comm. interface enabled\naac0: Adaptec Raid Controller 2.0.0-1\naacp0: \u003cSCSI Passthrough Bus\u003e on aac0\naacp1: \u003cSCSI Passthrough Bus\u003e on aac0\npci0: \u003cserial bus, USB\u003e at device 29.0 (no driver attached)\npci0: \u003cserial bus, USB\u003e at device 29.1 (no driver attached)\npci0: \u003cbase peripheral\u003e at device 29.4 (no driver attached)\npci0: \u003cbase peripheral, interrupt controller\u003e at device 29.5 (no driver \nattached)\npci0: \u003cserial bus, USB\u003e at device 29.7 (no driver attached)\npcib4: \u003cACPI PCI-PCI bridge\u003e at device 30.0 on pci0\npci4: \u003cACPI PCI bus\u003e on pcib4\nisab0: \u003cPCI-ISA bridge\u003e at device 31.0 on pci0\nisa0: \u003cISA bus\u003e on isab0\natapci0: \u003cIntel 6300ESB UDMA100 controller\u003e port \n0x1f0-0x1f7,0x3f6,0x170-0x177,0x\n376,0xf000-0xf00f at device 31.1 on pci0\nata0: \u003cATA channel 0\u003e on atapci0\nata1: \u003cATA channel 1\u003e on atapci0\nichsmb0: \u003cIntel 6300ESB (ICH) SMBus controller\u003e port 0x500-0x51f irq 17 at \ndevice\n 31.3 on pci0\nichsmb0: [GIANT-LOCKED]\nsmbus0: \u003cSystem Management Bus\u003e on ichsmb0\nacpi_tz0: \u003cThermal Zone\u003e on acpi0\nfdc0: \u003cfloppy drive controller\u003e port 0x3f0-0x3f5,0x3f7 irq 6 drq 2 on acpi0\nfdc0: [FAST]\nfd0: \u003c1440-KB 3.5\" drive\u003e on fdc0 drive 0\nsio0: \u003c16550A-compatible COM port\u003e port 0x3f8-0x3ff irq 4 flags 0x10 on acpi0\nsio0: type 16550A\nsio1: \u003c16550A-compatible COM port\u003e port 0x2f8-0x2ff irq 3 on acpi0\nsio1: type 16550A\nppc0: \u003cStandard parallel printer port\u003e port 0x378-0x37f,0x778-0x77b irq 7 on \nacpi\n0\nppc0: Generic chipset (NIBBLE-only) in COMPATIBLE mode\nppbus0: \u003cParallel port bus\u003e on ppc0\nplip0: \u003cPLIP network interface\u003e on ppbus0\nlpt0: \u003cPrinter\u003e on ppbus0\nlpt0: Interrupt-driven port\nppi0: \u003cParallel I/O\u003e on ppbus0\npmtimer0 on isa0\norm0: \u003cISA Option ROMs\u003e at iomem 0xc0000-0xca7ff,0xcc000-0xd07ff on isa0\natkbdc0: \u003cKeyboard controller (i8042)\u003e at port 0x60,0x64 on isa0\natkbd0: \u003cAT Keyboard\u003e irq 1 on atkbdc0\nkbd0 at atkbd0\natkbd0: [GIANT-LOCKED]\npsm0: \u003cPS/2 Mouse\u003e irq 12 on atkbdc0\npsm0: [GIANT-LOCKED]\npsm0: model Generic PS/2 mouse, device ID 0\nsc0: \u003cSystem console\u003e at flags 0x100 on isa0\nsc0: VGA \u003c16 virtual consoles, flags=0x300\u003e\nvga0: \u003cGeneric ISA VGA\u003e at port 0x3c0-0x3df iomem 0xa0000-0xbffff on isa0\nTimecounters tick every 1.000 msec\nipfw2 (+ipv6) initialized, divert loadable, rule-based forwarding disabled, \ndefau\nlt to deny, logging disabled\naacd0: \u003cRAID 1 (Mirror)\u003e on aac0\naacd0: 69974MB (143307008 sectors)\npass0 at aacp0 bus 0 target 0 lun 0\npass0: \u003cSEAGATE ST373307LW 0007\u003e Fixed unknown SCSI-3 device\npass0: 3.300MB/s transfers\npass1 at aacp0 bus 0 target 1 lun 0\npass1: \u003cSEAGATE ST373207LW 0003\u003e Fixed unknown SCSI-3 device\npass1: 3.300MB/s transfers\nSMP: AP CPU #2 Launched!\nSMP: AP CPU #1 Launched!\nSMP: AP CPU #3 Launched!\nTrying to mount root from ufs:/dev/aacd0s1a\nWARNING: / was not properly dismounted\n\nPeriodically I update system up to 6.2-STABLE, in hope for correction of\nthe problem, however no changes are present and I returned to \n*default release=cvs tag=RELENG_6 date=2006.09.06.23.59.59\nFor the given date system works most stably.\n\nsoft running on this system\n\n[19] [root@ic]~#ls /usr/local/etc/rc.d/\napache.sh       mysql-server    snmpd           squid\ninnd            radiusd.sh      snmptrapd\n\n[20] [root@ic]~#cat /etc/libmap.conf\ncat: /etc/libmap.conf: No such file or directory\n\nHow-To-Repeat: I do not know than traps are caused, therefore I can not tell unequivocally."
}