{
 "id": 1133897,
 "bug_id": 237055,
 "attachment_id": 0,
 "creation_time": "2020-11-29T12:13:19Z",
 "creator": "tuexen@freebsd.org",
 "text": "(In reply to Philip Paeps from comment #91)\nI don't see this on the machine in my lab:\n\n---\u003c\u003cBOOT\u003e\u003e---\nKDB: debugger backends: ddb\nKDB: current backend: ddb\nCopyright (c) 1992-2020 The FreeBSD Project.\nCopyright (c) 1979, 1980, 1983, 1986, 1988, 1989, 1991, 1992, 1993, 1994\n\tThe Regents of the University of California. All rights reserved.\nFreeBSD is a registered trademark of The FreeBSD Foundation.\nFreeBSD 13.0-CURRENT #37 r368141: Sun Nov 29 12:45:12 CET 2020\n    root@bsd6.fh-muenster.de:/usr/obj/usr/home/tuexen/head/arm64.aarch64/sys/TCP-NODEBUG arm64\nFreeBSD clang version 11.0.0 (git@github.com:llvm/llvm-project.git llvmorg-11.0.0-0-g176249bd673)\nVT(efifb): resolution 800x600\nmodule firmware already present!\nreal memory  = 137168117760 (130813 MB)\navail memory = 133693915136 (127500 MB)\nStarting CPU 1 (1)\nStarting CPU 2 (100)\nStarting CPU 3 (101)\nStarting CPU 4 (200)\nStarting CPU 5 (201)\nStarting CPU 6 (300)\nStarting CPU 7 (301)\nStarting CPU 8 (400)\nStarting CPU 9 (401)\nStarting CPU 10 (500)\nStarting CPU 11 (501)\nStarting CPU 12 (600)\nStarting CPU 13 (601)\nStarting CPU 14 (700)\nStarting CPU 15 (701)\nStarting CPU 16 (800)\nStarting CPU 17 (801)\nStarting CPU 18 (900)\nStarting CPU 19 (901)\nStarting CPU 20 (a00)\nStarting CPU 21 (a01)\nStarting CPU 22 (b00)\nStarting CPU 23 (b01)\nStarting CPU 24 (c00)\nStarting CPU 25 (c01)\nStarting CPU 26 (d00)\nStarting CPU 27 (d01)\nStarting CPU 28 (e00)\nStarting CPU 29 (e01)\nStarting CPU 30 (f00)\nStarting CPU 31 (f01)\nFreeBSD/SMP: Multiprocessor System Detected: 32 CPUs\nrandom: unblocking device.\nrandom: entropy device external interface\nMAP 92000000 mode 2 pages 2304\nMAP fffc0000 mode 2 pages 64\nMAP 9ff32b0000 mode 2 pages 48\nMAP 9ff80f0000 mode 2 pages 16\nMAP 9ff8830000 mode 2 pages 1232\nMAP 9ffa540000 mode 2 pages 16\nMAP 9ffcac0000 mode 2 pages 80\nMAP 9ffcb10000 mode 2 pages 128\nMAP 9ffcb90000 mode 2 pages 16\nMAP 9ffcba0000 mode 2 pages 32\nMAP 9ffcbc0000 mode 2 pages 16\nMAP 9ffcbd0000 mode 2 pages 32\nMAP 9ffcbf0000 mode 2 pages 16\nMAP 9ffcc00000 mode 2 pages 32\nMAP 9ffcc20000 mode 2 pages 16\nMAP 9ffcc30000 mode 2 pages 48\nMAP 9ffcc60000 mode 2 pages 16\nMAP 9ffcc70000 mode 2 pages 16\nMAP 9ffcc80000 mode 2 pages 32\nMAP 9ffcca0000 mode 2 pages 16\nMAP 9ffccb0000 mode 2 pages 16\nMAP 9ffccc0000 mode 2 pages 16\nMAP 9ffccd0000 mode 2 pages 1232\nMAP 9ffd1a0000 mode 2 pages 48\nMAP 9ffd1d0000 mode 2 pages 4112\nMAP 9fffd80000 mode 2 pages 32\nMAP 9fffda0000 mode 2 pages 48\nMAP 10540000 mode 0 pages 16\nWARNING: Device \"kbd\" is Giant locked and may be deleted before FreeBSD 13.0.\nkbd0 at kbdmux0\nWARNING: Device \"openfirm\" is Giant locked and may be deleted before FreeBSD 13.0.\nacpi0: \u003cALASKA A M I \u003e\nacpi0: Power Button (fixed)\nacpi0: Sleep Button (fixed)\nacpi0: Could not update all GPEs: AE_NOT_CONFIGURED\npsci0: \u003cARM Power State Co-ordination Interface Driver\u003e on acpi0\ngic0: \u003cARM Generic Interrupt Controller v3.0\u003e iomem 0x78000000-0x7801ffff,0x78400000-0x787fffff on acpi0\nits0: \u003cARM GIC Interrupt Translation Service\u003e on gic0\ngeneric_timer0: \u003cARM Generic Timer\u003e irq 11,12,13 on acpi0\nTimecounter \"ARM MPCore Timecounter\" frequency 40000000 Hz quality 1000\nEvent timer \"ARM MPCore Eventtimer\" frequency 40000000 Hz quality 1000\nefirtc0: \u003cEFI Realtime Clock\u003e\nefirtc0: registered as a time-of-day clock, resolution 1.000000s\nahci0: \u003cAHCI SATA controller\u003e iomem 0x1c000000-0x1c000fff irq 3 on acpi0\nahci0: AHCI v1.31 with 2 6Gbps ports, Port Multiplier not supported with FBS\nahcich0: \u003cAHCI channel\u003e at channel 0 on ahci0\nahcich1: \u003cAHCI channel\u003e at channel 1 on ahci0\nahci1: \u003cAHCI SATA controller\u003e iomem 0x1c100000-0x1c100fff irq 4 on acpi0\nahci1: AHCI v1.31 with 2 6Gbps ports, Port Multiplier not supported with FBS\nahcich2: \u003cAHCI channel\u003e at channel 0 on ahci1\nahcich3: \u003cAHCI channel\u003e at channel 1 on ahci1\nxhci0: \u003cGeneric USB 3.0 controller\u003e iomem 0x13800000-0x138fffff irq 5 on acpi0\nxhci0: 64 bytes context size, 32-bit DMA\nusbus0 on xhci0\nxhci1: \u003cGeneric USB 3.0 controller\u003e iomem 0x13900000-0x139fffff irq 6 on acpi0\nxhci1: 64 bytes context size, 32-bit DMA\nusbus1 on xhci1\nacpi_button0: \u003cPower Button\u003e on acpi0\napei0: \u003cACPI Platform Error Interface\u003e on acpi0\npcib0: \u003cGeneric PCI host controller\u003e on acpi0\npci0: \u003cPCI bus\u003e on pcib0\npcib1: \u003cPCI-PCI bridge\u003e at device 0.0 on pci0\npci1: \u003cPCI bus\u003e on pcib1\npci1: \u003cnetwork, ethernet\u003e at device 0.0 (no driver attached)\npci1: \u003cnetwork, ethernet\u003e at device 0.1 (no driver attached)\npcib2: \u003cGeneric PCI host controller\u003e on acpi0\npci2: \u003cPCI bus\u003e on pcib2\npcib3: \u003cPCI-PCI bridge\u003e at device 0.0 on pci2\npci3: \u003cPCI bus\u003e on pcib3\npcib4: \u003cGeneric PCI host controller\u003e on acpi0\npci4: \u003cPCI bus\u003e on pcib4\npcib5: \u003cPCI-PCI bridge\u003e at device 0.0 on pci4\npci5: \u003cPCI bus\u003e on pcib5\nigb0: \u003cIntel(R) PRO/1000 PCI-Express Network Driver\u003e mem 0x30100000-0x301fffff,0x30200000-0x30203fff at device 0.0 on pci5\nigb0: Using 1024 TX descriptors and 1024 RX descriptors\nigb0: Using 4 RX queues 4 TX queues\nigb0: Using MSI-X interrupts with 5 vectors\nigb0: Ethernet address: 68:05:ca:92:c5:41\npcib6: \u003cGeneric PCI host controller\u003e on acpi0\npci6: \u003cPCI bus\u003e on pcib6\npcib7: \u003cPCI-PCI bridge\u003e at device 0.0 on pci6\npci7: \u003cPCI bus\u003e on pcib7\npcib8: \u003cGeneric PCI host controller\u003e on acpi0\npci8: \u003cPCI bus\u003e on pcib8\npcib9: \u003cPCI-PCI bridge\u003e at device 0.0 on pci8\npci9: \u003cPCI bus\u003e on pcib9\npcib10: \u003cGeneric PCI host controller\u003e on acpi0\npci10: \u003cPCI bus\u003e on pcib10\npcib11: \u003cPCI-PCI bridge\u003e at device 0.0 on pci10\npci11: \u003cPCI bus\u003e on pcib11\npcib12: \u003cGeneric PCI host controller\u003e on acpi0\npci12: \u003cPCI bus\u003e on pcib12\npcib13: \u003cPCI-PCI bridge\u003e at device 0.0 on pci12\npci13: \u003cPCI bus\u003e on pcib13\npcib14: \u003cGeneric PCI host controller\u003e on acpi0\npci14: \u003cPCI bus\u003e on pcib14\npcib15: \u003cPCI-PCI bridge\u003e at device 0.0 on pci14\npcib14: Failed to translate resource 10000000-10000fff type 4 for pcib15\npcib15: failed to allocate initial I/O port window: 0x10000000-0x10000fff\npci15: \u003cPCI bus\u003e on pcib15\npcib16: \u003cPCI-PCI bridge\u003e at device 0.0 on pci15\npcib14: Failed to translate resource 10000000-10000fff type 4 for pcib15\npcib16: failed to allocate initial I/O port window: 0x10000000-0x10000fff\npci16: \u003cPCI bus\u003e on pcib16\npcib14: Failed to translate resource 10000000-10000fff type 4 for pcib15\nvgapci0: \u003cVGA-compatible display\u003e port 0-0x7f mem 0x30000000-0x30ffffff,0x31040000-0x3105ffff at device 0.0 on pci16\ncpu0: \u003cACPI CPU\u003e on acpi0\nuart0: \u003cPrimeCell UART (PL011)\u003e iomem 0x12600000-0x12600fff irq 1 on acpi0\nuart0: console (115200,n,8,1)\nuart1: \u003cPrimeCell UART (PL011)\u003e iomem 0x12610000-0x12610fff irq 2 on acpi0\ncryptosoft0: \u003csoftware crypto\u003e\nTimecounters tick every 1.000 msec\nAttempting to load tcp_bbr\nusbus0: 5.0Gbps Super Speed USB v3.0\nusbus1: 5.0Gbps Super Speed USB v3.0\ntcp_bbr is now available\nipfw2 (+ipv6) initialized, divert loadable, nat loadable, default to accept, logging disabled\nTCP Hpts created 32 swi interrupt threads and bound 0 to cpus\nRelease APs...done\nCPU  0: APM eMAG 8180 r3p2 affinity:  0  0\n                   Cache Type = \u003c64 byte D-cacheline,64 byte I-cacheline,PIPT ICache,64 byte ERG,64 byte CWG\u003e\n Instruction Set Attributes 0 = \u003cCRC32,SHA2,SHA1,AES+PMULL\u003e\n Instruction Set Attributes 1 = \u003c\u003e\n         Processor Features 0 = \u003cGIC,AdvSIMD,FP,EL3,EL2,EL1 32,EL0 32\u003e\n         Processor Features 1 = \u003c\u003e\n      Memory Model Features 0 = \u003cTGran4,TGran64,TGran16,SNSMem,BigEnd,16bit ASID,4TB PA\u003e\n      Memory Model Features 1 = \u003c8bit VMID\u003e\n      Memory Model Features 2 = \u003c32bit CCIDX,48bit VA\u003e\n             Debug Features 0 = \u003c2 CTX BKPTs,4 Watchpoints,6 Breakpoints,PMUv3,Debugv8\u003e\n             Debug Features 1 = \u003c\u003e\n         Auxiliary Features 0 = \u003c\u003e\n         Auxiliary Features 1 = \u003c\u003e\nCPU  1: APM eMAG 8180 r3p2 affinity:  0  1\nCPU  2: APM eMAG 8180 r3p2 affinity:  1  0\nCPU  3: APM eMAG 8180 r3p2 affinity:  1  1\nCPU  4: APM eMAG 8180 r3p2 affinity:  2  0\nCPU  5: APM eMAG 8180 r3p2 affinity:  2  1\nCPU  6: APM eMAG 8180 r3p2 affinity:  3  0\nCPU  7: APM eMAG 8180 r3p2 affinity:  3  1\nCPU  8: APM eMAG 8180 r3p2 affinity:  4  0\nCPU  9: APM eMAG 8180 r3p2 affinity:  4  1\nCPU 10: APM eMAG 8180 r3p2 affinity:  5  0\nCPU 11: APM eMAG 8180 r3p2 affinity:  5  1\nCPU 12: APM eMAG 8180 r3p2 affinity:  6  0\nCPU 13: APM eMAG 8180 r3p2 affinity:  6  1\nCPU 14: APM eMAG 8180 r3p2 affinity:  7  0\nCPU 15: APM eMAG 8180 r3p2 affinity:  7  1\nCPU 16: APM eMAG 8180 r3p2 affinity:  8  0\nCPU 17: APM eMAG 8180 r3p2 affinity:  8  1\nCPU 18: APM eMAG 8180 r3p2 affinity:  9  0\nCPU 19: APM eMAG 8180 r3p2 affinity:  9  1\nCPU 20: APM eMAG 8180 r3p2 affinity: 10  0\nCPU 21: APM eMAG 8180 r3p2 affinity: 10  1\nCPU 22: APM eMAG 8180 r3p2 affinity: 11  0\nCPU 23: APM eMAG 8180 r3p2 affinity: 11  1\nCPU 24: APM eMAG 8180 r3p2 affinity: 12  0\nCPU 25: APM eMAG 8180 r3p2 affinity: 12  1\nCPU 26: APM eMAG 8180 r3p2 affinity: 13  0\nCPU 27: APM eMAG 8180 r3p2 affinity: 13  1\nCPU 28: APM eMAG 8180 r3p2 affinity: 14  0\nCPU 29: APM eMAG 8180 r3p2 affinity: 14  1\nCPU 30: APM eMAG 8180 r3p2 affinity: 15  0\nCPU 31: APM eMAG 8180 r3p2 affinity: 15  1\nTCP_ratelimit: Is now initialized\nTrying to mount root from ufs:/dev/ada0p3 [rw]...\nugen0.1: \u003cGeneric XHCI root HUB\u003e at usbus0\nugen1.1: \u003cGeneric XHCI root HUB\u003e at usbus1\nRoot mount waiting for:uhub0 CAM usbus0 usbus1 on usbus0\nuhub0: \u003cGeneric XHCI root HUB, class 9/0, rev 3.00/1.00, addr 1\u003e on usbus0\n\nuhub1 on usbus1\nuhub1: \u003cGeneric XHCI root HUB, class 9/0, rev 3.00/1.00, addr 1\u003e on usbus1\nada0 at ahcich0 bus 0 scbus0 target 0 lun 0\nada0: \u003cSamsung SSD 860 EVO 500GB RVT02B6Q\u003e ACS-4 ATA SATA 3.x device\nada0: Serial Number S3Z2NB0M352023L\nada0: 600.000MB/s transfers (SATA 3.x, UDMA6, PIO 512bytes)\nada0: Command Queueing enabled\nada0: 476940MB (976773168 512 byte sectors)\nuhub0: 1 port with 1 removable, self powered\nuhub1: 1 port with 1 removable, self powered\nugen1.2: \u003cvendor 0x04b4 product 0x6560\u003e at usbus1\nuhub2 on uhub1\nuhub2: \u003cvendor 0x04b4 product 0x6560, class 9/0, rev 2.00/90.15, addr 1\u003e on usbus1\nugen0.2: \u003cAmerican Megatrends Inc. Virtual Hub\u003e at usbus0\nuhub3 on uhub0\nuhub3: \u003c7-port Hub\u003e on usbus0\nRoot mount waiting for: usbus0 usbus1\nuhub2: 4 ports with 4 removable, self powered\nuhub3: 5 ports with 5 removable, self powered\nRoot mount waiting for: usbus0\nugen0.3: \u003cAmerican Megatrends Inc. Virtual Cdrom Device\u003e at usbus0\numass0 on uhub3\numass0: \u003cVirtual Cdrom\u003e on usbus0\ncd0 at umass-sim0 bus 0 scbus4 target 0 lun 0\ncd0: \u003cAMI Virtual CDROM0 1.00\u003e Removable CD-ROM SCSI device\ncd0: Serial Number AAAABBBBCCCC1\ncd0: 40.000MB/s transfers\ncd0: Attempt to query device size failed: NOT READY, Medium not present\ncd0: quirks=0x10\u003c10_BYTE_ONLY\u003e\nRoot mount waiting for: usbus0\nugen0.4: \u003cAmerican Megatrends Inc. Virtual HardDisk Device\u003e at usbus0\numass1 on uhub3\numass1: \u003cVirtual HardDisk\u003e on usbus0\nda0 at umass-sim1 bus 1 scbus5 target 0 lun 0\nda0: \u003cAMI Virtual HDisk0 1.00\u003e Removable Direct Access SCSI device\nda0: Serial Number AAAABBBBCCCC3\nda0: 40.000MB/s transfers\nda0: Attempt to query device size failed: NOT READY, Medium not present\nda0: quirks=0x2\u003cNO_6_BYTE\u003e\nugen0.5: \u003cAmerican Megatrends Inc. Virtual Keyboard and Mouse\u003e at usbus0\nukbd0 on uhub3\nukbd0: \u003cKeyboard Interface\u003e on usbus0\nkbd1 at ukbd0\nmountroot: waiting for device /dev/ada0p3...\nDual Console: Video Primary, Serial Secondary\nlo0: link state changed to UP\nums0 on uhub3\nums0: \u003cMouse Interface\u003e on usbus0\nums0: 3 buttons and [Z] coordinates ID=0\nigb0: link state changed to UP"
}