{
 "id": 728685,
 "bug_id": 181665,
 "attachment_id": 0,
 "creation_time": "2013-08-30T03:10:00Z",
 "creator": "jmorey@mmintl.com",
 "text": "The system will not going into the s3 state.  It just keep running normally after running \"acpiconf -s 3\".I've tried going through the steps listed in https://wiki.freebsd.org/SuspendResume.  The output it requests follows. Please let me know if there is anything more I can do or provide.\n\n\"sysctl hw.acpi.supported_sleep_state\"\n\nhw.acpi.supported_sleep_state: S3 S4 S5\n\n\"dmesg\"\n\nCopyright (c) 1992-2012 The FreeBSD Project.\nCopyright (c) 1979, 1980, 1983, 1986, 1988, 1989, 1991, 1992, 1993, 1994\n        The Regents of the University of California. All rights reserved.\nFreeBSD is a registered trademark of The FreeBSD Foundation.\nFreeBSD 9.1-RELEASE-p5 #0: Sat Jul 27 01:14:23 UTC 2013\n    root@amd64-builder.daemonology.net:/usr/obj/usr/src/sys/GENERIC amd64\nCPU: Intel(R) Core(TM) i3-3220 CPU @ 3.30GHz (3292.59-MHz K8-class CPU)\n  Origin = \"GenuineIntel\"  Id = 0x306a9  Family = 6  Model = 3a  Stepping = 9\n  Features=0xbfebfbff\u003cFPU,VME,DE,PSE,TSC,MSR,PAE,MCE,CX8,APIC,SEP,MTRR,PGE,MCA,CMOV,PAT,PSE36,CLFLUSH,DTS,ACPI,MMX,FXSR,SSE,SSE2,SS,HTT,TM,PBE\u003e\n  Features2=0x3d9ae3bf\u003cSSE3,PCLMULQDQ,DTES64,MON,DS_CPL,VMX,EST,TM2,SSSE3,CX16,xTPR,PDCM,PCID,SSE4.1,SSE4.2,POPCNT,TSCDLT,XSAVE,OSXSAVE,AVX,F16C\u003e\n  AMD Features=0x28100800\u003cSYSCALL,NX,RDTSCP,LM\u003e\n  AMD Features2=0x1\u003cLAHF\u003e\n  TSC: P-state invariant, performance statistics\nreal memory  = 17179869184 (16384 MB)\navail memory = 16429895680 (15668 MB)\nEvent timer \"LAPIC\" quality 600\nACPI APIC Table: \u003cINTEL  S1200KPR\u003e\nFreeBSD/SMP: Multiprocessor System Detected: 4 CPUs\nFreeBSD/SMP: 1 package(s) x 2 core(s) x 2 SMT threads\n cpu0 (BSP): APIC ID:  0\n cpu1 (AP): APIC ID:  1\n cpu2 (AP): APIC ID:  2\n cpu3 (AP): APIC ID:  3\nioapic0 \u003cVersion 2.0\u003e irqs 0-23 on motherboard\nkbd1 at kbdmux0\nctl: CAM Target Layer loaded\nacpi0: \u003cINTEL S1200KPR\u003e on motherboard\nacpi0: Power Button (fixed)\ncpu0: \u003cACPI CPU\u003e on acpi0\ncpu1: \u003cACPI CPU\u003e on acpi0\ncpu2: \u003cACPI CPU\u003e on acpi0\ncpu3: \u003cACPI CPU\u003e on acpi0\nattimer0: \u003cAT timer\u003e port 0x40-0x43 irq 0 on acpi0\nTimecounter \"i8254\" frequency 1193182 Hz quality 0\nEvent timer \"i8254\" frequency 1193182 Hz quality 100\natrtc0: \u003cAT realtime clock\u003e port 0x70-0x71 irq 8 on acpi0\nEvent timer \"RTC\" frequency 32768 Hz quality 0\nhpet0: \u003cHigh Precision Event Timer\u003e iomem 0xfed00000-0xfed003ff on acpi0\nTimecounter \"HPET\" frequency 14318180 Hz quality 950\nEvent timer \"HPET\" frequency 14318180 Hz quality 550\nEvent timer \"HPET1\" frequency 14318180 Hz quality 440\nEvent timer \"HPET2\" frequency 14318180 Hz quality 440\nEvent timer \"HPET3\" frequency 14318180 Hz quality 440\nEvent timer \"HPET4\" frequency 14318180 Hz quality 440\nTimecounter \"ACPI-fast\" frequency 3579545 Hz quality 900\nacpi_timer0: \u003c24-bit timer at 3.579545MHz\u003e port 0x408-0x40b on acpi0\npcib0: \u003cACPI Host-PCI bridge\u003e port 0xcf8-0xcff on acpi0\npci0: \u003cACPI PCI bus\u003e on pcib0\npcib1: \u003cACPI PCI-PCI bridge\u003e irq 16 at device 1.0 on pci0\npci1: \u003cACPI PCI bus\u003e on pcib1\nmps0: \u003cLSI SAS2008\u003e port 0xe000-0xe0ff mem 0xfe5c0000-0xfe5c3fff,0xfe580000-0xfe5bffff irq 16 at device 0.0 on pci1\nmps0: Firmware: 16.00.00.00, Driver: 14.00.00.01-fbsd\nmps0: IOCCapabilities: 1285c\u003cScsiTaskFull,DiagTrace,SnapBuf,EEDP,TransRetry,EventReplay,HostDisc\u003e\nvgapci0: \u003cVGA-compatible display\u003e port 0xf000-0xf03f mem 0xfe000000-0xfe3fffff,0xe0000000-0xefffffff irq 16 at device 2.0 on pci0\nagp0: \u003cIvyBridge desktop GT1 IG\u003e on vgapci0\nagp0: aperture size is 256M, detected 65532k stolen memory\npci0: \u003csimple comms\u003e at device 22.0 (no driver attached)\nem0: \u003cIntel(R) PRO/1000 Network Connection 7.3.2\u003e port 0xf080-0xf09f mem 0xfe600000-0xfe61ffff,0xfe624000-0xfe624fff irq 20 at device 25.0 on pci0\nem0: Using an MSI interrupt\nem0: Ethernet address: 70:54:d2:c4:9b:5e\nehci0: \u003cEHCI (generic) USB 2.0 controller\u003e mem 0xfe623000-0xfe6233ff irq 16 at device 26.0 on pci0\nusbus0: EHCI version 1.0\nusbus0 on ehci0\npcib2: \u003cACPI PCI-PCI bridge\u003e irq 17 at device 28.0 on pci0\npci2: \u003cACPI PCI bus\u003e on pcib2\npcib3: \u003cACPI PCI-PCI bridge\u003e irq 16 at device 28.1 on pci0\npci3: \u003cACPI PCI bus\u003e on pcib3\nem1: \u003cIntel(R) PRO/1000 Network Connection 7.3.2\u003e port 0xd000-0xd01f mem 0xfe400000-0xfe41ffff,0xfe420000-0xfe423fff irq 17 at device 0.0 on pci3\nem1: Using MSIX interrupts with 3 vectors\nem1: Ethernet address: 70:54:d2:c4:9b:5f\nehci1: \u003cEHCI (generic) USB 2.0 controller\u003e mem 0xfe622000-0xfe6223ff irq 23 at device 29.0 on pci0\nusbus1: EHCI version 1.0\nusbus1 on ehci1\npcib4: \u003cACPI PCI-PCI bridge\u003e at device 30.0 on pci0\npci4: \u003cACPI PCI bus\u003e on pcib4\nisab0: \u003cPCI-ISA bridge\u003e at device 31.0 on pci0\nisa0: \u003cISA bus\u003e on isab0\nahci0: \u003cIntel Cougar Point AHCI SATA controller\u003e port 0xf0d0-0xf0d7,0xf0c0-0xf0c3,0xf0b0-0xf0b7,0xf0a0-0xf0a3,0xf060-0xf07f mem 0xfe621000-0xfe6217ff irq 19 at device 31.2 on pci0\nahci0: AHCI v1.30 with 6 6Gbps ports, Port Multiplier not supported\nahcich0: \u003cAHCI channel\u003e at channel 0 on ahci0\nahcich1: \u003cAHCI channel\u003e at channel 1 on ahci0\nahcich2: \u003cAHCI channel\u003e at channel 2 on ahci0\nahcich3: \u003cAHCI channel\u003e at channel 3 on ahci0\npci0: \u003cserial bus, SMBus\u003e at device 31.3 (no driver attached)\nacpi_button0: \u003cPower Button\u003e on acpi0\nsc0: \u003cSystem console\u003e at flags 0x100 on isa0\nsc0: VGA \u003c16 virtual consoles, flags=0x300\u003e\nvga0: \u003cGeneric ISA VGA\u003e at port 0x3c0-0x3df iomem 0xa0000-0xbffff on isa0\natkbdc0: \u003cKeyboard controller (i8042)\u003e at port 0x60,0x64 on isa0\natkbd0: \u003cAT Keyboard\u003e irq 1 on atkbdc0\nkbd0 at atkbd0\natkbd0: [GIANT-LOCKED]\nppc0: cannot reserve I/O port range\ncoretemp0: \u003cCPU On-Die Thermal Sensors\u003e on cpu0\nest0: \u003cEnhanced SpeedStep Frequency Control\u003e on cpu0\ncoretemp1: \u003cCPU On-Die Thermal Sensors\u003e on cpu1\nest1: \u003cEnhanced SpeedStep Frequency Control\u003e on cpu1\ncoretemp2: \u003cCPU On-Die Thermal Sensors\u003e on cpu2\nest2: \u003cEnhanced SpeedStep Frequency Control\u003e on cpu2\ncoretemp3: \u003cCPU On-Die Thermal Sensors\u003e on cpu3\nest3: \u003cEnhanced SpeedStep Frequency Control\u003e on cpu3\nTimecounters tick every 1.000 msec\nusbus0: 480Mbps High Speed USB v2.0\nusbus1: 480Mbps High Speed USB v2.0\nugen0.1: \u003cIntel\u003e at usbus0\nuhub0: \u003cIntel EHCI root HUB, class 9/0, rev 2.00/1.00, addr 1\u003e on usbus0\nugen1.1: \u003cIntel\u003e at usbus1\nuhub1: \u003cIntel EHCI root HUB, class 9/0, rev 2.00/1.00, addr 1\u003e on usbus1\nuhub0: 2 ports with 2 removable, self powered\nuhub1: 2 ports with 2 removable, self powered\nugen0.2: \u003cvendor 0x8087\u003e at usbus0\nuhub2: \u003cvendor 0x8087 product 0x0024, class 9/0, rev 2.00/0.00, addr 2\u003e on usbus0\nugen1.2: \u003cvendor 0x8087\u003e at usbus1\nuhub3: \u003cvendor 0x8087 product 0x0024, class 9/0, rev 2.00/0.00, addr 2\u003e on usbus1\nuhub2: 6 ports with 6 removable, self powered\nada0 at ahcich3 bus 0 scbus4 target 0 lun 0\nada0: \u003cWDC WD1600BEVS-60RST0 04.01G04\u003e ATA-7 SATA 1.x device\nada0: 150.000MB/s transfers (SATA 1.x, UDMA5, PIO 8192bytes)\nada0: 152627MB (312581808 512 byte sectors: 16H 63S/T 16383C)\nada0: Previously was known as ad10\nSMP: AP CPU #1 Launched!\nda5 at mps0 bus 0 scbus0 target 15 lun 0\nSMP: AP CPU #2 Launched!\nda5: \u003cATA WDC WD30EFRX-68A 0A80\u003e Fixed Direct Access SCSI-6 device\nda5: 600.000MB/s transfers\nda5: Command Queueing enabled\nda5: 2861588MB (5860533168 512 byte sectors: 255H 63S/T 364801C)\nda3 at mps0 bus 0 scbus0 target 12 lun 0\nda3: \u003cATA WDC WD30EFRX-68A 0A80\u003e Fixed Direct Access SCSI-6 device\nSMP: AP CPU #3 Launched!\nda3: 600.000MB/s transfers\nda3: Command Queueing enabled\nda3: 2861588MB (5860533168 512 byte sectors: 255H 63S/T 364801C)\nda4 at mps0 bus 0 scbus0 target 13 lun 0\nda4: \u003cATA WDC WD30EFRX-68A 0A80\u003e Fixed Direct Access SCSI-6 device\nda4: 600.000MB/s transfers\nda4: Command Queueing enabled\nda4: 2861588MB (5860533168 512 byte sectors: 255H 63S/T 364801C)\nda2 at mps0 bus 0 scbus0 target 11 lun 0\nda2: \u003cATA WDC WD30EFRX-68A 0A80\u003e Fixed Direct Access SCSI-6 device\nda2: 600.000MB/s transfers\nda2: Command Queueing enabled\nda2: 2861588MB (5860533168 512 byte sectors: 255H 63S/T 364801C)\nda1 at mps0 bus 0 scbus0 target 10 lun 0\nda1: \u003cATA WDC WD30EFRX-68A 0A80\u003e Fixed Direct Access SCSI-6 device\nda1: 600.000MB/s transfers\nda1: Command Queueing enabled\nda1: 2861588MB (5860533168 512 byte sectors: 255H 63S/T 364801C)\nda0 at mps0 bus 0 scbus0 target 9 lun 0\nda0: \u003cATA WDC WD30EFRX-68A 0A80\u003e Fixed Direct Access SCSI-6 device\nda0: 600.000MB/s transfers\nda0: Command Queueing enabled\nda0: 2861588MB (5860533168 512 byte sectors: 255H 63S/T 364801C)\nTimecounter \"TSC-low\" frequency 12861663 Hz quality 1000\nuhub3: 8 ports with 8 removable, self powered\nugen0.3: \u003cLogitech\u003e at usbus0\nukbd0: \u003cLogitech USB Receiver, class 0/0, rev 2.00/12.01, addr 3\u003e on usbus0\nkbd2 at ukbd0\nums0: \u003cLogitech USB Receiver, class 0/0, rev 2.00/12.01, addr 3\u003e on usbus0\nums0: 16 buttons and [XYZT] coordinates ID=2\nuhid0: \u003cLogitech USB Receiver, class 0/0, rev 2.00/12.01, addr 3\u003e on usbus0\nTrying to mount root from ufs:/dev/ada0p2 [rw]...\nZFS filesystem version 5\nZFS storage pool version 28\nfuse4bsd: version 0.3.9-pre1, FUSE ABI 7.19\nacpi0: device_suspend failed\nahcich3: Timeout on slot 26 port 0\nahcich3: is 00000000 cs 0c000000 ss 00000000 rs 0c000000 tfd d0 serr 00000000 cmd 0004da17\n(ada0:ahcich3:0:0:0): READ_DMA. ACB: c8 00 9a b6 c5 4b 00 00 00 00 05 00\n(ada0:ahcich3:0:0:0): CAM status: Command timeout\n(ada0:ahcich3:0:0:0): Retrying command\nacpi0: device_suspend failed\nahcich3: Timeout on slot 22 port 0\nahcich3: is 00000000 cs 00c00000 ss 00000000 rs 00c00000 tfd d0 serr 00000000 cmd 0004d617\n(ada0:ahcich3:0:0:0): READ_DMA. ACB: c8 00 62 59 c6 4b 00 00 00 00 40 00\n(ada0:ahcich3:0:0:0): CAM status: Command timeout\n(ada0:ahcich3:0:0:0): Retrying command\n\n\"devinfo -rv\"\n\nnexus0\n  apic0\n  ram0\n      I/O memory addresses:\n          0x0-0x9d7ff\n          0x100000-0x1fffffff\n          0x20200000-0x3fffffff\n          0x40200000-0xda96cfff\n          0xdabd8000-0xdabd8fff\n          0xdae8e000-0xdaffffff\n          0x100000000-0x41f5fffff\n  acpi0\n      Interrupt request lines:\n          9\n      I/O ports:\n          0x10-0x1f\n          0x22-0x3f\n          0x44-0x5f\n          0x62-0x63\n          0x65-0x6f\n          0x72-0x7f\n          0x80\n          0x84-0x86\n          0x88\n          0x8c-0x8e\n          0x90-0x9f\n          0xa2-0xbf\n          0xe0-0xef\n          0x290-0x29f\n          0x400-0x453\n          0x454-0x457\n          0x458-0x47f\n          0x4d0-0x4d1\n          0x500-0x57f\n          0x1180-0x119f\n      I/O memory addresses:\n          0xf8000000-0xfbffffff\n          0xfec00000-0xfecfffff\n          0xfed08000-0xfed08fff\n          0xfed10000-0xfed19fff\n          0xfed1c000-0xfed1ffff\n          0xfed20000-0xfed3ffff\n          0xfed90000-0xfed93fff\n          0xfee00000-0xfee0ffff\n          0xff000000-0xffffffff\n    pcib0 pnpinfo _HID=PNP0A08 _UID=0 at handle=\\_SB_.PCI0\n        I/O ports:\n            0xcf8-0xcff\n      pci0\n        hostb0 pnpinfo vendor=0x8086 device=0x0150 subvendor=0x8086 subdevice=0x202d class=0x060000 at slot=0 function=0\n        pcib1 pnpinfo vendor=0x8086 device=0x0151 subvendor=0x8086 subdevice=0x202d class=0x060400 at slot=1 function=0 handle=\\_SB_.PCI0.P0P1\n            I/O ports:\n                0xe000-0xefff\n            I/O memory addresses:\n                0xfe500000-0xfe5fffff\n          pci1\n            mps0 pnpinfo vendor=0x1000 device=0x0072 subvendor=0x1000 subdevice=0x3020 class=0x010700 at slot=0 function=0\n                Interrupt request lines:\n                    264\n                pcib1 I/O port window:\n                    0xe000-0xe0ff\n                pcib1 memory window:\n                    0xfe580000-0xfe5bffff\n                    0xfe5c0000-0xfe5c3fff\n        vgapci0 pnpinfo vendor=0x8086 device=0x0152 subvendor=0x8086 subdevice=0x202d class=0x030000 at slot=2 function=0 handle=\\_SB_.PCI0.GFX0\n            I/O ports:\n                0xf000-0xf03f\n            I/O memory addresses:\n                0xe0000000-0xefffffff\n                0xfe000000-0xfe3fffff\n          agp0\n          drm0\n          drmn0\n        unknown pnpinfo vendor=0x8086 device=0x1c3a subvendor=0x8086 subdevice=0x202d class=0x078000 at slot=22 function=0\n            I/O memory addresses:\n                0xfe625000-0xfe62500f\n        em0 pnpinfo vendor=0x8086 device=0x1502 subvendor=0x8086 subdevice=0x202d class=0x020000 at slot=25 function=0 handle=\\_SB_.PCI0.GBE_\n            Interrupt request lines:\n                265\n            I/O ports:\n                0xf080-0xf09f\n            I/O memory addresses:\n                0xfe600000-0xfe61ffff\n                0xfe624000-0xfe624fff\n        ehci0 pnpinfo vendor=0x8086 device=0x1c2d subvendor=0x8086 subdevice=0x202d class=0x0c0320 at slot=26 function=0 handle=\\_SB_.PCI0.USBE\n            Interrupt request lines:\n                16\n            I/O memory addresses:\n                0xfe623000-0xfe6233ff\n          usbus0\n            uhub0\n              uhub2 pnpinfo vendor=0x8087 product=0x0024 devclass=0x09 devsubclass=0x00 sernum=\"\" release=0x0000 mode=host intclass=0x09 intsubclass=0x00 i at bus=1 hubaddr=1 port=0 devaddr=2 interface=0\n                ukbd0 pnpinfo vendor=0x046d product=0xc52b devclass=0x00 devsubclass=0x00 sernum=\"\" release=0x1201 mode=host intclass=0x03 intsubclass=0x01 i at bus=2 hubaddr=3 port=0 devaddr=3 interface=0\n                ums0 pnpinfo vendor=0x046d product=0xc52b devclass=0x00 devsubclass=0x00 sernum=\"\" release=0x1201 mode=host intclass=0x03 intsubclass=0x01 i at bus=2 hubaddr=3 port=0 devaddr=3 interface=1\n                uhid0 pnpinfo vendor=0x046d product=0xc52b devclass=0x00 devsubclass=0x00 sernum=\"\" release=0x1201 mode=host intclass=0x03 intsubclass=0x00 i at bus=2 hubaddr=3 port=0 devaddr=3 interface=2\n        pcib2 pnpinfo vendor=0x8086 device=0x1c10 subvendor=0x8086 subdevice=0x202d class=0x060400 at slot=28 function=0 handle=\\_SB_.PCI0.PEX0\n          pci2\n        pcib3 pnpinfo vendor=0x8086 device=0x1c12 subvendor=0x8086 subdevice=0x202d class=0x060400 at slot=28 function=1 handle=\\_SB_.PCI0.PEX1\n            I/O ports:\n                0xd000-0xdfff\n            I/O memory addresses:\n                0xfe400000-0xfe4fffff\n          pci3\n            em1 pnpinfo vendor=0x8086 device=0x10d3 subvendor=0x8086 subdevice=0x202d class=0x020000 at slot=0 function=0\n                Interrupt request lines:\n                    266\n                    267\n                    268\n                pcib3 I/O port window:\n                    0xd000-0xd01f\n                pcib3 memory window:\n                    0xfe400000-0xfe41ffff\n                    0xfe420000-0xfe423fff\n        ehci1 pnpinfo vendor=0x8086 device=0x1c26 subvendor=0x8086 subdevice=0x202d class=0x0c0320 at slot=29 function=0 handle=\\_SB_.PCI0.EUSB\n            Interrupt request lines:\n                23\n            I/O memory addresses:\n                0xfe622000-0xfe6223ff\n          usbus1\n            uhub1\n              uhub3 pnpinfo vendor=0x8087 product=0x0024 devclass=0x09 devsubclass=0x00 sernum=\"\" release=0x0000 mode=host intclass=0x09 intsubclass=0x00 i at bus=1 hubaddr=1 port=1 devaddr=2 interface=0\n        pcib4 pnpinfo vendor=0x8086 device=0x244e subvendor=0x8086 subdevice=0x202d class=0x060401 at slot=30 function=0 handle=\\_SB_.PCI0.BR20\n          pci4\n        isab0 pnpinfo vendor=0x8086 device=0x1c56 subvendor=0x8086 subdevice=0x202d class=0x060100 at slot=31 function=0 handle=\\_SB_.PCI0.SBRG\n          isa0\n            sc0\n            vga0\n                I/O ports:\n                    0x3c0-0x3df\n                I/O memory addresses:\n                    0xa0000-0xbffff\n            atkbdc0\n                I/O ports:\n                    0x60\n                    0x64\n              atkbd0\n                  Interrupt request lines:\n                      1\n              psm0\n            fdc0\n            ppc0\n            uart0\n            uart1\n            wbwd0\n        ahci0 pnpinfo vendor=0x8086 device=0x1c02 subvendor=0x8086 subdevice=0x202d class=0x010601 at slot=31 function=2 handle=\\_SB_.PCI0.SAT0\n            Interrupt request lines:\n                269\n            I/O ports:\n                0xf060-0xf07f\n                0xf0a0-0xf0a3\n                0xf0b0-0xf0b7\n                0xf0c0-0xf0c3\n                0xf0d0-0xf0d7\n            I/O memory addresses:\n                0xfe621000-0xfe6217ff\n          ahcich0 at channel=0\n              I/O memory addresses:\n                  0xfe621100-0xfe62117f\n          ahcich1 at channel=1\n              I/O memory addresses:\n                  0xfe621180-0xfe6211ff\n          ahcich2 at channel=2\n              I/O memory addresses:\n                  0xfe621200-0xfe62127f\n          ahcich3 at channel=3\n              I/O memory addresses:\n                  0xfe621280-0xfe6212ff\n          ahcich4 at channel=4\n          ahcich5 at channel=5\n        unknown pnpinfo vendor=0x8086 device=0x1c22 subvendor=0x8086 subdevice=0x202d class=0x0c0500 at slot=31 function=3 handle=\\_SB_.PCI0.SMB_\n            I/O ports:\n                0xf040-0xf05f\n            I/O memory addresses:\n                0xfe620000-0xfe6200ff\n    acpi_sysresource0 pnpinfo _HID=PNP0C01 _UID=10 at handle=\\_SB_.PCI0.MCH_\n    acpi_sysresource1 pnpinfo _HID=PNP0C02 _UID=46 at handle=\\_SB_.PCI0.SBRG.SIO1\n    unknown pnpinfo _HID=PNP0303 _UID=0 at handle=\\_SB_.PCI0.SBRG.PS2K\n    unknown pnpinfo _HID=PNP0F03 _UID=0 at handle=\\_SB_.PCI0.SBRG.PS2M\n    unknown pnpinfo _HID=PNP0700 _UID=0 at handle=\\_SB_.PCI0.SBRG.FDC_\n    unknown pnpinfo _HID=PNP0501 _UID=1 at handle=\\_SB_.PCI0.SBRG.UAR1\n    unknown pnpinfo _HID=PNP0401 _UID=0 at handle=\\_SB_.PCI0.SBRG.LPTE\n    unknown pnpinfo _HID=NTN0530 _UID=0 at handle=\\_SB_.PCI0.SBRG.CIR_\n    unknown pnpinfo _HID=PNP0000 _UID=0 at handle=\\_SB_.PCI0.SBRG.PIC_\n        I/O ports:\n            0x20-0x21\n            0xa0-0xa1\n    atdma0 pnpinfo _HID=PNP0200 _UID=0 at handle=\\_SB_.PCI0.SBRG.DMAD\n        DMA request lines:\n            4\n        I/O ports:\n            0x0-0xf\n            0x81-0x83\n            0x87\n            0x89-0x8b\n            0x8f\n            0xc0-0xdf\n    attimer0 pnpinfo _HID=PNP0100 _UID=0 at handle=\\_SB_.PCI0.SBRG.TMR_\n        Interrupt request lines:\n            0\n        I/O ports:\n            0x40-0x43\n    atrtc0 pnpinfo _HID=PNP0B00 _UID=0 at handle=\\_SB_.PCI0.SBRG.RTC0\n        Interrupt request lines:\n            8\n        I/O ports:\n            0x70-0x71\n    unknown pnpinfo _HID=PNP0800 _UID=0 at handle=\\_SB_.PCI0.SBRG.SPKR\n        I/O ports:\n            0x61\n    acpi_sysresource2 pnpinfo _HID=PNP0C02 _UID=16 at handle=\\_SB_.PCI0.SBRG.RMSC\n    fpupnp0 pnpinfo _HID=PNP0C04 _UID=0 at handle=\\_SB_.PCI0.SBRG.COPR\n        I/O ports:\n            0xf0-0xff\n    acpi_sysresource3 pnpinfo _HID=PNP0C01 _UID=455 at handle=\\_SB_.PCI0.PCH_\n    acpi_sysresource4 pnpinfo _HID=INT3F0D _UID=0 at handle=\\_SB_.PCI0.CWDT\n    hpet0 pnpinfo _HID=PNP0103 _UID=0 at handle=\\_SB_.PCI0.HPET\n        Interrupt request lines:\n            256\n            257\n            258\n            259\n            260\n            261\n            262\n            263\n        I/O memory addresses:\n            0xfed00000-0xfed003ff\n    unknown pnpinfo _HID=PNP0C0E _UID=0 at handle=\\_SB_.SLPB\n    acpi_button0 pnpinfo _HID=PNP0C0C _UID=170 at handle=\\_SB_.PWRB\n    pci_link0 pnpinfo _HID=PNP0C0F _UID=1 at handle=\\_SB_.LNKA\n    pci_link1 pnpinfo _HID=PNP0C0F _UID=2 at handle=\\_SB_.LNKB\n    pci_link2 pnpinfo _HID=PNP0C0F _UID=3 at handle=\\_SB_.LNKC\n    pci_link3 pnpinfo _HID=PNP0C0F _UID=4 at handle=\\_SB_.LNKD\n    pci_link4 pnpinfo _HID=PNP0C0F _UID=5 at handle=\\_SB_.LNKE\n    pci_link5 pnpinfo _HID=PNP0C0F _UID=6 at handle=\\_SB_.LNKF\n    pci_link6 pnpinfo _HID=PNP0C0F _UID=7 at handle=\\_SB_.LNKG\n    pci_link7 pnpinfo _HID=PNP0C0F _UID=8 at handle=\\_SB_.LNKH\n    acpi_sysresource5 pnpinfo _HID=PNP0C01 _UID=1 at handle=\\_SB_.RMEM\n    cpu0 pnpinfo _HID=none _UID=0 at handle=\\_SB_.P000\n        ACPI I/O ports:\n            0x414\n            0x415\n      acpi_throttle0\n      acpi_perf0\n      est0\n      p4tcc0\n      coretemp0\n      cpufreq0\n    cpu1 pnpinfo _HID=none _UID=0 at handle=\\_SB_.P001\n        ACPI I/O ports:\n            0x414\n            0x415\n      acpi_throttle1\n      acpi_perf1\n      est1\n      p4tcc1\n      coretemp1\n      cpufreq1\n    cpu2 pnpinfo _HID=none _UID=0 at handle=\\_SB_.P002\n        ACPI I/O ports:\n            0x414\n            0x415\n      acpi_throttle2\n      acpi_perf2\n      est2\n      p4tcc2\n      coretemp2\n      cpufreq2\n    cpu3 pnpinfo _HID=none _UID=0 at handle=\\_SB_.P003\n        ACPI I/O ports:\n            0x414\n            0x415\n      acpi_throttle3\n      acpi_perf3\n      est3\n      p4tcc3\n      coretemp3\n      cpufreq3\n    acpi_sysresource6 pnpinfo _HID=PNP0C02 _UID=3601 at handle=\\OMSC\n    acpi_timer0 pnpinfo unknown at unknown\n        ACPI I/O ports:\n            0x408-0x40b\n\n\"pciconf -clv\"\n\nhostb0@pci0:0:0:0:      class=0x060000 card=0x202d8086 chip=0x01508086 rev=0x09 hdr=0x00\n    vendor     = 'Intel Corporation'\n    device     = 'Ivy Bridge DRAM Controller'\n    class      = bridge\n    subclass   = HOST-PCI\n    cap 09[e0] = vendor (length 12) Intel cap 0 version 1\npcib1@pci0:0:1:0:       class=0x060400 card=0x202d8086 chip=0x01518086 rev=0x09 hdr=0x01\n    vendor     = 'Intel Corporation'\n    device     = 'Ivy Bridge PCI Express Root Port'\n    class      = bridge\n    subclass   = PCI-PCI\n    cap 0d[88] = PCI Bridge card=0x202d8086\n    cap 01[80] = powerspec 3  supports D0 D3  current D0\n    cap 05[90] = MSI supports 1 message\n    cap 10[a0] = PCI-Express 2 root port max data 256(256) link x8(x16)\necap 0002[100] = VC 1 max VC0\necap 0005[140] = unknown 1\nvgapci0@pci0:0:2:0:     class=0x030000 card=0x202d8086 chip=0x01528086 rev=0x09 hdr=0x00\n    vendor     = 'Intel Corporation'\n    device     = 'Ivy Bridge Graphics Controller'\n    class      = display\n    subclass   = VGA\n    cap 05[90] = MSI supports 1 message\n    cap 01[d0] = powerspec 2  supports D0 D3  current D0\n    cap 13[a4] = PCI Advanced Features: FLR TP\nnone0@pci0:0:22:0:      class=0x078000 card=0x202d8086 chip=0x1c3a8086 rev=0x04 hdr=0x00\n    vendor     = 'Intel Corporation'\n    device     = '6 Series/C200 Series Chipset Family MEI Controller'\n    class      = simple comms\n    cap 01[50] = powerspec 3  supports D0 D3  current D0\n    cap 05[8c] = MSI supports 1 message, 64 bit\nem0@pci0:0:25:0:        class=0x020000 card=0x202d8086 chip=0x15028086 rev=0x05 hdr=0x00\n    vendor     = 'Intel Corporation'\n    device     = '82579LM Gigabit Network Connection'\n    class      = network\n    subclass   = ethernet\n    cap 01[c8] = powerspec 2  supports D0 D3  current D0\n    cap 05[d0] = MSI supports 1 message, 64 bit enabled with 1 message\n    cap 13[e0] = PCI Advanced Features: FLR TP\nehci0@pci0:0:26:0:      class=0x0c0320 card=0x202d8086 chip=0x1c2d8086 rev=0x05 hdr=0x00\n    vendor     = 'Intel Corporation'\n    device     = '6 Series/C200 Series Chipset Family USB Enhanced Host Controller'\n    class      = serial bus\n    subclass   = USB\n    cap 01[50] = powerspec 2  supports D0 D3  current D0\n    cap 0a[58] = EHCI Debug Port at offset 0xa0 in map 0x14\n    cap 13[98] = PCI Advanced Features: FLR TP\npcib2@pci0:0:28:0:      class=0x060400 card=0x202d8086 chip=0x1c108086 rev=0xb5 hdr=0x01\n    vendor     = 'Intel Corporation'\n    device     = '6 Series/C200 Series Chipset Family PCI Express Root Port 1'\n    class      = bridge\n    subclass   = PCI-PCI\n    cap 10[40] = PCI-Express 2 root port max data 128(128) link x0(x1)\n    cap 05[80] = MSI supports 1 message\n    cap 0d[90] = PCI Bridge card=0x202d8086\n    cap 01[a0] = powerspec 2  supports D0 D3  current D0\npcib3@pci0:0:28:1:      class=0x060400 card=0x202d8086 chip=0x1c128086 rev=0xb5 hdr=0x01\n    vendor     = 'Intel Corporation'\n    device     = '6 Series/C200 Series Chipset Family PCI Express Root Port 2'\n    class      = bridge\n    subclass   = PCI-PCI\n    cap 10[40] = PCI-Express 2 root port max data 128(128) link x1(x1)\n    cap 05[80] = MSI supports 1 message\n    cap 0d[90] = PCI Bridge card=0x202d8086\n    cap 01[a0] = powerspec 2  supports D0 D3  current D0\nehci1@pci0:0:29:0:      class=0x0c0320 card=0x202d8086 chip=0x1c268086 rev=0x05 hdr=0x00\n    vendor     = 'Intel Corporation'\n    device     = '6 Series/C200 Series Chipset Family USB Enhanced Host Controller'\n    class      = serial bus\n    subclass   = USB\n    cap 01[50] = powerspec 2  supports D0 D3  current D0\n    cap 0a[58] = EHCI Debug Port at offset 0xa0 in map 0x14\n    cap 13[98] = PCI Advanced Features: FLR TP\npcib4@pci0:0:30:0:      class=0x060401 card=0x202d8086 chip=0x244e8086 rev=0xa5 hdr=0x01\n    vendor     = 'Intel Corporation'\n    device     = '82801 PCI Bridge'\n    class      = bridge\n    subclass   = PCI-PCI\n    cap 0d[50] = PCI Bridge card=0x202d8086\nisab0@pci0:0:31:0:      class=0x060100 card=0x202d8086 chip=0x1c568086 rev=0x05 hdr=0x00\n    vendor     = 'Intel Corporation'\n    device     = 'C206 Chipset Family LPC Controller'\n    class      = bridge\n    subclass   = PCI-ISA\n    cap 09[e0] = vendor (length 12) Intel cap 1 version 0\n                 features: AMT, 4 PCI-e x1 slots\nahci0@pci0:0:31:2:      class=0x010601 card=0x202d8086 chip=0x1c028086 rev=0x05 hdr=0x00\n    vendor     = 'Intel Corporation'\n    device     = '6 Series/C200 Series Chipset Family 6 port SATA AHCI Controller'\n    class      = mass storage\n    subclass   = SATA\n    cap 05[80] = MSI supports 1 message enabled with 1 message\n    cap 01[70] = powerspec 3  supports D0 D3  current D0\n    cap 12[a8] = SATA Index-Data Pair\n    cap 13[b0] = PCI Advanced Features: FLR TP\nnone1@pci0:0:31:3:      class=0x0c0500 card=0x202d8086 chip=0x1c228086 rev=0x05 hdr=0x00\n    vendor     = 'Intel Corporation'\n    device     = '6 Series/C200 Series Chipset Family SMBus Controller'\n    class      = serial bus\n    subclass   = SMBus\nmps0@pci0:1:0:0:        class=0x010700 card=0x30201000 chip=0x00721000 rev=0x02 hdr=0x00\n    vendor     = 'LSI Logic / Symbios Logic'\n    device     = 'SAS2008 PCI-Express Fusion-MPT SAS-2 [Falcon]'\n    class      = mass storage\n    subclass   = SAS\n    cap 01[50] = powerspec 3  supports D0 D1 D2 D3  current D0\n    cap 10[68] = PCI-Express 2 endpoint max data 256(4096) link x8(x8)\n    cap 03[d0] = VPD\n    cap 05[a8] = MSI supports 1 message, 64 bit\n    cap 11[c0] = MSI-X supports 15 messages in map 0x14 enabled\necap 0001[100] = AER 1 0 fatal 0 non-fatal 0 corrected\necap 0004[138] = unknown 1\necap 0010[150] = unknown 1\necap 000e[190] = unknown 1\nem1@pci0:3:0:0: class=0x020000 card=0x202d8086 chip=0x10d38086 rev=0x00 hdr=0x00\n    vendor     = 'Intel Corporation'\n    device     = '82574L Gigabit Network Connection'\n    class      = network\n    subclass   = ethernet\n    cap 01[c8] = powerspec 2  supports D0 D3  current D0\n    cap 05[d0] = MSI supports 1 message, 64 bit\n    cap 10[e0] = PCI-Express 1 endpoint max data 128(256) link x1(x1)\n    cap 11[a0] = MSI-X supports 5 messages in map 0x1c enabled\necap 0001[100] = AER 1 0 fatal 0 non-fatal 1 corrected\necap 0003[140] = Serial 1 7054d2ffffc49b5f\n\nHow-To-Repeat: \"acpiconf -s 3\" never has any effect."
}