{
 "id": 825793,
 "bug_id": 200497,
 "attachment_id": 157229,
 "creation_time": "2015-05-28T18:13:47Z",
 "creator": "trust_no_1@libero.it",
 "text": "Created attachment 157229\noutput of 'make install clean'\n\nOn my system (FreeBSD 10.1) math/scilab does not build.\nWhat I have done is:\n\n1) portsnap fetch update\n2) portmaster -a\n3) cd /usr/ports/math/scilab\n4) make fetch-recursive\n5) make install clean\n\nThe build starts and all seems to go well, until it stops as reported later.\n\nP.S. I tried to also run 'make MAKE_JOBS_UNSAFE=yes' but the error still persist.\nThank you.\n\n\n===\u003e Compilation failed unexpectedly.\nTry to set MAKE_JOBS_UNSAFE=yes and rebuild before reporting the failure to\nthe maintainer.\n*** Error code 1\n\nStop.\nmake[1]: stopped in /usr/ports/math/scilab\n*** Error code 1\n\nStop.\nmake: stopped in /usr/ports/math/scilab\n\n\n========================= DMESG ======================================\n\nCopyright (c) 1992-2015 The FreeBSD Project.\nCopyright (c) 1979, 1980, 1983, 1986, 1988, 1989, 1991, 1992, 1993, 1994\n\tThe Regents of the University of California. All rights reserved.\nFreeBSD is a registered trademark of The FreeBSD Foundation.\nFreeBSD 10.1-STABLE #20 r283293: Sat May 23 00:50:06 CEST 2015\n    root@dukefleed.2mh.it:/usr/obj/usr/src/sys/DUKEFLEED amd64\nFreeBSD clang version 3.4.1 (tags/RELEASE_34/dot1-final 208032) 20140512\nCPU: Intel(R) Xeon(TM) CPU 3.60GHz (3591.31-MHz K8-class CPU)\n  Origin=\"GenuineIntel\"  Id=0xf41  Family=0xf  Model=0x4  Stepping=1\n  Features=0xbfebfbff\u003cFPU,VME,DE,PSE,TSC,MSR,PAE,MCE,CX8,APIC,SEP,MTRR,PGE,MCA,CMOV,PAT,PSE36,CLFLUSH,DTS,ACPI,MMX,FXSR,SSE,SSE2,SS,HTT,TM,PBE\u003e\n  Features2=0x659d\u003cSSE3,DTES64,MON,DS_CPL,EST,TM2,CNXT-ID,CX16,xTPR\u003e\n  AMD Features=0x20100800\u003cSYSCALL,NX,LM\u003e\n  TSC: P-state invariant\nreal memory  = 8589934592 (8192 MB)\navail memory = 8184320000 (7805 MB)\nEvent timer \"LAPIC\" quality 400\nACPI APIC Table: \u003cDELL   WS 670 \u003e\nFreeBSD/SMP: Multiprocessor System Detected: 4 CPUs\nFreeBSD/SMP: 2 package(s) x 1 core(s) x 2 HTT threads\n cpu0 (BSP): APIC ID:  0\n cpu1 (AP/HT): APIC ID:  1\n cpu2 (AP): APIC ID:  6\n cpu3 (AP/HT): APIC ID:  7\nioapic0: Changing APIC ID to 8\nioapic1: Changing APIC ID to 9\nioapic2: Changing APIC ID to 10\nioapic0 \u003cVersion 2.0\u003e irqs 0-23 on motherboard\nioapic1 \u003cVersion 2.0\u003e irqs 24-47 on motherboard\nioapic2 \u003cVersion 2.0\u003e irqs 48-71 on motherboard\nlapic0: Forcing LINT1 to edge trigger\nrandom: \u003cSoftware, Yarrow\u003e initialized\nkbd1 at kbdmux0\nsplash_bmp: unsupported BMP format (size=124)\nsplash_bmp: unsupported BMP format (size=124)\nsplash_bmp: unsupported BMP format (size=124)\nsplash_bmp: unsupported BMP format (size=124)\nsplash_bmp: unsupported BMP format (size=124)\nsplash_bmp: No appropriate video mode found\nmodule_register_init: MOD_LOAD (splash_bmp, 0xffffffff810ef000, 0) error 19\ncryptosoft0: \u003csoftware crypto\u003e on motherboard\nacpi0: \u003cDELL WS 670 \u003e on motherboard\nacpi0: Power Button (fixed)\ncpu0: \u003cACPI CPU\u003e on acpi0\ncpu1: \u003cACPI CPU\u003e on acpi0\ncpu2: \u003cACPI CPU\u003e on acpi0\ncpu3: \u003cACPI CPU\u003e on acpi0\natrtc0: \u003cAT realtime clock\u003e port 0x70-0x7f irq 8 on acpi0\nEvent timer \"RTC\" frequency 32768 Hz quality 0\nattimer0: \u003cAT timer\u003e port 0x40-0x5f irq 0 on acpi0\nTimecounter \"i8254\" frequency 1193182 Hz quality 0\nEvent timer \"i8254\" frequency 1193182 Hz quality 100\nTimecounter \"ACPI-fast\" frequency 3579545 Hz quality 900\nacpi_timer0: \u003c24-bit timer at 3.579545MHz\u003e port 0x808-0x80b on acpi0\nhpet0: \u003cHigh Precision Event Timer\u003e iomem 0xfed00000-0xfed003ff on acpi0\nTimecounter \"HPET\" frequency 14318180 Hz quality 950\nEvent timer \"HPET\" frequency 14318180 Hz quality 450\nEvent timer \"HPET1\" frequency 14318180 Hz quality 440\nEvent timer \"HPET2\" frequency 14318180 Hz quality 440\nacpi_button0: \u003cPower Button\u003e on acpi0\npcib0: \u003cACPI Host-PCI bridge\u003e port 0xcf8-0xcff on acpi0\npci0: \u003cACPI PCI bus\u003e on pcib0\npci0: \u003cunknown\u003e at device 0.1 (no driver attached)\npcib1: \u003cACPI PCI-PCI bridge\u003e irq 16 at device 2.0 on pci0\npci1: \u003cACPI PCI bus\u003e on pcib1\npcib2: \u003cACPI PCI-PCI bridge\u003e at device 0.0 on pci1\npci2: \u003cACPI PCI bus\u003e on pcib2\nbge0: \u003cBroadcom Gigabit Ethernet Controller, ASIC rev. 0x007102\u003e mem 0xdfdf0000-0xdfdfffff irq 26 at device 12.0 on pci2\nbge0: CHIP ID 0x00007102; ASIC REV 0x07; CHIP REV 0x71; PCI-X 66 MHz\nmiibus0: \u003cMII bus\u003e on bge0\nbrgphy0: \u003cBCM5401 1000BASE-T media interface\u003e PHY 1 on miibus0\nbrgphy0:  10baseT, 10baseT-FDX, 100baseTX, 100baseTX-FDX, 1000baseT, 1000baseT-master, 1000baseT-FDX, 1000baseT-FDX-master, auto, auto-flow\nbge0: Ethernet address: 00:04:76:aa:a6:05\nahd0: \u003cAdaptec AIC7901 Ultra320 SCSI adapter\u003e port 0xd800-0xd8ff,0xdc00-0xdcff mem 0xdfdee000-0xdfdeffff irq 24 at device 14.0 on pci2\naic7901: Ultra320 Wide Channel A, SCSI Id=7, PCI-X 50-66MHz, 512 SCBs\npcib3: \u003cACPI PCI-PCI bridge\u003e at device 0.2 on pci1\npci3: \u003cACPI PCI bus\u003e on pcib3\nubsec0 mem 0xdfbd0000-0xdfbdffff irq 53 at device 12.0 on pci3\nubsec0: Broadcom 5823\naac0: \u003cDell CERC SATA RAID 2\u003e mem 0xb0000000-0xb3ffffff irq 49 at device 13.0 on pci3\naac0: CERC SATA1.5/6ch, aac driver 2.1.9-1\nem0: \u003cIntel(R) PRO/1000 Legacy Network Connection 1.0.6\u003e port 0xccc0-0xccff mem 0xdfbe0000-0xdfbfffff irq 48 at device 14.0 on pci3\nem0: Ethernet address: 00:13:72:75:12:9c\npcib4: \u003cACPI PCI-PCI bridge\u003e irq 16 at device 3.0 on pci0\npci4: \u003cACPI PCI bus\u003e on pcib4\npcib5: \u003cACPI PCI-PCI bridge\u003e irq 16 at device 4.0 on pci0\npci5: \u003cACPI PCI bus\u003e on pcib5\nvgapci0: \u003cVGA-compatible display\u003e mem 0xdd000000-0xddffffff,0xc0000000-0xcfffffff,0xde000000-0xdeffffff irq 16 at device 0.0 on pci5\nnvidia0: \u003cQuadro FX 3400\u003e on vgapci0\nvgapci0: child nvidia0 requested pci_enable_io\nvgapci0: child nvidia0 requested pci_enable_io\nvgapci0: Boot video device\nuhci0: \u003cIntel 82801EB (ICH5) USB controller USB-A\u003e port 0xff80-0xff9f irq 16 at device 29.0 on pci0\nusbus0 on uhci0\nuhci1: \u003cIntel 82801EB (ICH5) USB controller USB-B\u003e port 0xff60-0xff7f irq 19 at device 29.1 on pci0\nusbus1 on uhci1\nuhci2: \u003cIntel 82801EB (ICH5) USB controller USB-C\u003e port 0xff40-0xff5f irq 18 at device 29.2 on pci0\nusbus2 on uhci2\nuhci3: \u003cIntel 82801EB (ICH5) USB controller USB-D\u003e port 0xff20-0xff3f irq 16 at device 29.3 on pci0\nusbus3 on uhci3\nehci0: \u003cIntel 82801EB/R (ICH5) USB 2.0 controller\u003e mem 0xffa80800-0xffa80bff irq 23 at device 29.7 on pci0\nusbus4: EHCI version 1.0\nusbus4 on ehci0\npcib6: \u003cACPI PCI-PCI bridge\u003e at device 30.0 on pci0\npci6: \u003cACPI PCI bus\u003e on pcib6\npci6: \u003cserial bus, FireWire\u003e at device 12.0 (no driver attached)\nisab0: \u003cPCI-ISA bridge\u003e at device 31.0 on pci0\nisa0: \u003cISA bus\u003e on isab0\natapci0: \u003cIntel ICH5 UDMA100 controller\u003e port 0x1f0-0x1f7,0x3f6,0x170-0x177,0x376,0xffa0-0xffaf mem 0xdffffc00-0xdfffffff irq 18 at device 31.1 on pci0\nata0: \u003cATA channel\u003e at channel 0 on atapci0\nata1: \u003cATA channel\u003e at channel 1 on atapci0\natapci1: \u003cIntel ICH5 SATA150 controller\u003e port 0xfe00-0xfe07,0xfe10-0xfe13,0xfe20-0xfe27,0xfe30-0xfe33,0xfea0-0xfeaf irq 18 at device 31.2 on pci0\nata2: \u003cATA channel\u003e at channel 0 on atapci1\nata3: \u003cATA channel\u003e at channel 1 on atapci1\npcm0: \u003cIntel ICH5 (82801EB)\u003e port 0xec00-0xecff,0xe8c0-0xe8ff mem 0xdffffa00-0xdffffbff,0xdffff900-0xdffff9ff irq 17 at device 31.5 on pci0\npcm0: \u003cAnalog Devices AD1981B AC97 Codec\u003e\nfdc0: \u003cfloppy drive controller\u003e port 0x3f0-0x3f5,0x3f7 irq 6 drq 2 on acpi0\nfd0: \u003c1440-KB 3.5\" drive\u003e on fdc0 drive 0\nppc0: \u003cParallel port\u003e port 0x378-0x37f,0x778-0x77f irq 7 on acpi0\nppc0: SMC-like chipset (ECP/EPP/PS2/NIBBLE) in COMPATIBLE mode\nppc0: FIFO with 16/16/8 bytes threshold\nppbus0: \u003cParallel port bus\u003e on ppc0\nlpt0: \u003cPrinter\u003e on ppbus0\nlpt0: Interrupt-driven port\nppi0: \u003cParallel I/O\u003e on ppbus0\nuart0: \u003c16550 or compatible\u003e port 0x3f8-0x3ff irq 4 flags 0x10 on acpi0\nuart1: \u003c16550 or compatible\u003e port 0x2f8-0x2ff irq 3 on acpi0\norm0: \u003cISA Option ROMs\u003e at iomem 0xc0000-0xce7ff,0xce800-0xd27ff,0xd2800-0xd3fff on isa0\nsc0: \u003cSystem console\u003e at flags 0x100 on isa0\nsc0: VGA \u003c16 virtual consoles, flags=0x300\u003e\nvga0: \u003cGeneric ISA VGA\u003e at port 0x3c0-0x3df iomem 0xa0000-0xbffff on isa0\natkbdc0: \u003cKeyboard controller (i8042)\u003e at port 0x60,0x64 on isa0\natkbd0: \u003cAT Keyboard\u003e irq 1 on atkbdc0\nkbd0 at atkbd0\natkbd0: [GIANT-LOCKED]\nacpi_perf0: \u003cACPI CPU Frequency Control\u003e on cpu0\nest1: \u003cEnhanced SpeedStep Frequency Control\u003e on cpu1\nest: CPU supports Enhanced Speedstep, but is not recognized.\nest: cpu_vendor GenuineIntel, msr 122700001227\ndevice_attach: est1 attach returned 6\nest2: \u003cEnhanced SpeedStep Frequency Control\u003e on cpu2\nest: CPU supports Enhanced Speedstep, but is not recognized.\nest: cpu_vendor GenuineIntel, msr 122700001227\ndevice_attach: est2 attach returned 6\nest3: \u003cEnhanced SpeedStep Frequency Control\u003e on cpu3\nest: CPU supports Enhanced Speedstep, but is not recognized.\nest: cpu_vendor GenuineIntel, msr 122700001227\ndevice_attach: est3 attach returned 6\nrandom: unblocking device.\nusbus0: 12Mbps Full Speed USB v1.0\nTimecounters tick every 1.000 msec\naacd0 on aac0\naacd0: 953813MB (1953410816 sectors)\nusbus1: 12Mbps Full Speed USB v1.0\nusbus2: 12Mbps Full Speed USB v1.0\nusbus3: 12Mbps Full Speed USB v1.0\nusbus4: 480Mbps High Speed USB v2.0\nugen1.1: \u003cIntel\u003e at usbus1\nuhub0: \u003cIntel UHCI root HUB, class 9/0, rev 1.00/1.00, addr 1\u003e on usbus1\nugen0.1: \u003cIntel\u003e at usbus0\nuhub1: \u003cIntel UHCI root HUB, class 9/0, rev 1.00/1.00, addr 1\u003e on usbus0\nugen3.1: \u003cIntel\u003e at usbus3\nuhub2: \u003cIntel UHCI root HUB, class 9/0, rev 1.00/1.00, addr 1\u003e on usbus3\nugen2.1: \u003cIntel\u003e at usbus2\nuhub3: \u003cIntel UHCI root HUB, class 9/0, rev 1.00/1.00, addr 1\u003e on usbus2\nugen4.1: \u003cIntel\u003e at usbus4\nuhub4: \u003cIntel EHCI root HUB, class 9/0, rev 2.00/1.00, addr 1\u003e on usbus4\nata0: DMA limited to UDMA33, controller found non-ATA66 cable\nuhub0: 2 ports with 2 removable, self powered\nuhub1: 2 ports with 2 removable, self powered\nuhub3: 2 ports with 2 removable, self powered\nuhub2: 2 ports with 2 removable, self powered\nuhub4: 8 ports with 8 removable, self powered\nugen4.2: \u003cKingston\u003e at usbus4\numass0: \u003cKingston DataTraveler 3.0, class 0/0, rev 2.10/1.00, addr 2\u003e on usbus4\numass0:  SCSI over Bulk-Only; quirks = 0xc000\numass0:5:0:-1: Attached to scbus5\nugen0.2: \u003cMicrosoft\u003e at usbus0\nukbd0: \u003cMicrosoft Microsoft Nano Transceiver v1.0, class 0/0, rev 2.00/7.04, addr 2\u003e on usbus0\nkbd2 at ukbd0\nugen3.2: \u003cLogitech\u003e at usbus3\nukbd1: \u003cLogitech USB Receiver, class 0/0, rev 1.10/19.04, addr 2\u003e on usbus3\nkbd3 at ukbd1\nda0 at umass-sim0 bus 0 scbus5 target 0 lun 0\nda0: \u003cKingston DataTraveler 3.0 PMAP\u003e Removable Direct Access SPC-4 SCSI device\nda0: Serial Number 60A44C42568CEF31F9895D74\nda0: 40.000MB/s transfers\nda0: 14891MB (30497664 512 byte sectors: 255H 63S/T 1898C)\nda0: quirks=0x2\u003cNO_6_BYTE\u003e\nsa0 at ahd0 bus 0 scbus0 target 1 lun 0\nsa0: \u003cHP C5683A C305\u003e Removable Sequential Access SCSI-3 device\nsa0: Serial Number 0001711088\nsa0: 40.000MB/s transfers (20.000MHz, offset 32, 16bit)\nsa0: quirks=0xc\u003cVARIABLE,2FM\u003e\ncd0 at ata0 bus 0 scbus1 target 0 lun 0\ncd0: \u003cPHILIPS SPD6004P HP02\u003e Removable CD-ROM SCSI device\ncd0: 33.300MB/s transfers (UDMA2, ATAPI 12bytes, PIO 65534bytes)\ncd0: Attempt to query device size failed: NOT READY, Medium not present - tray closed\nlapic1: Forcing LINT1 to edge trigger\nSMP: AP CPU #1 Launched!\nlapic6: Forcing LINT1 to edge trigger\nSMP: AP CPU #2 Launched!\nlapic7: Forcing LINT1 to edge trigger\nSMP: AP CPU #3 Launched!\nTimecounter \"TSC-low\" frequency 1795653283 Hz quality 1000\nTrying to mount root from ufs:/dev/label/root-fs [rw,userquota]...\nums0: \u003cMicrosoft Microsoft Nano Transceiver v1.0, class 0/0, rev 2.00/7.04, addr 2\u003e on usbus0\nums0: 5 buttons and [XYZT] coordinates ID=26\nums0: 0 buttons and [T] coordinates ID=0\nums1: \u003cLogitech USB Receiver, class 0/0, rev 1.10/19.04, addr 2\u003e on usbus3\nuhid0: \u003cMicrosoft Microsoft Nano Transceiver v1.0, class 0/0, rev 2.00/7.04, addr 2\u003e on usbus0\nums1: 16 buttons and [XYZ] coordinates ID=1"
}