{
 "id": 552750,
 "bug_id": 145621,
 "attachment_id": 0,
 "creation_time": "2010-04-11T10:40:39Z",
 "creator": "roar.pettersen@uib.no",
 "text": "edprp            pts/1    10.0.0.1         Sun Apr 11 09:04 - crash  (00:16)\nedprp            pts/0    10.0.0.1         Sun Apr 11 08:57 - crash  (00:22)\nreboot           ~                         Sun Apr 11 08:29\nedprp            pts/1    10.0.0.1         Sun Apr 11 07:31 - crash  (00:58)\nedprp            pts/0    10.0.0.1         Sun Apr 11 07:30 - crash  (00:58)\nreboot           ~                         Sun Apr 11 00:59\nedprp            pts/1    10.0.0.1         Sun Apr 11 00:13 - crash  (00:45)\nedprp            pts/0    10.0.0.1         Sun Apr 11 00:13 - crash  (00:46)\nedprp            pts/1    10.0.0.1         Sat Apr 10 22:55 - crash  (00:07)\nedprp            pts/0    10.0.0.1         Sat Apr 10 22:49 - crash  (00:13)\nreboot           ~                         Sat Apr 10 22:49\nedprp            pts/1    10.0.0.1         Sat Apr 10 22:37 - crash  (00:12)\nedprp            pts/0    10.0.0.1         Sat Apr 10 22:35 - crash  (00:13)\nreboot           ~                         Sat Apr 10 22:34\nedprp            pts/1    10.0.0.1         Sat Apr 10 21:51 - crash  (00:43)\nedprp            pts/0    10.0.0.1         Sat Apr 10 21:48 - crash  (00:46)\nreboot           ~                         Sat Apr 10 21:04\nreboot           ~                         Sat Apr 10 20:45\nreboot           ~                         Sat Apr 10 20:25\n\n\n\nCopyright (c) 1992-2010 The FreeBSD Project.\nCopyright (c) 1979, 1980, 1983, 1986, 1988, 1989, 1991, 1992, 1993, 1994\n         The Regents of the University of California. All rights reserved.\nFreeBSD is a registered trademark of The FreeBSD Foundation.\nFreeBSD 8.0-STABLE #0: Sun Apr 11 03:20:07 CEST 2010\n     root@hib-vpn-gw.hib.no:/usr/obj/usr/src/sys/HIB-VPN-GW i386\nTimecounter \"i8254\" frequency 1193182 Hz quality 0\nCPU: Intel(R) Xeon(TM) CPU 2.40GHz (2389.60-MHz 686-class CPU)\n   Origin = \"GenuineIntel\"  Id = 0xf27  Family = f  Model = 2  Stepping = 7\n\nFeatures=0xbfebfbff\u003cFPU,VME,DE,PSE,TSC,MSR,PAE,MCE,CX8,APIC,SEP,MTRR,PGE,MCA,CMOV,PAT,PSE36,CLFLUSH,DTS,ACPI,MMX,FXSR,SSE,SSE2,SS,HTT,TM,PBE\u003e\n   Features2=0x4400\u003cCNXT-ID,xTPR\u003e\nreal memory  = 1073741824 (1024 MB)\navail memory = 1040519168 (992 MB)\nACPI APIC Table: \u003cDELL   PE2650  \u003e\nFreeBSD/SMP: Multiprocessor System Detected: 4 CPUs\nFreeBSD/SMP: 2 package(s) x 1 core(s) x 2 HTT threads\n  cpu0 (BSP): APIC ID:  0\n  cpu1 (AP/HT): APIC ID:  1\n  cpu2 (AP): APIC ID:  6\n  cpu3 (AP/HT): APIC ID:  7\nioapic0: Changing APIC ID to 8\nioapic1: Changing APIC ID to 9\nioapic2: Changing APIC ID to 10\nMADT: Forcing active-low polarity and level trigger for SCI\nioapic0 \u003cVersion 1.1\u003e irqs 0-15 on motherboard\nioapic1 \u003cVersion 1.1\u003e irqs 16-31 on motherboard\nioapic2 \u003cVersion 1.1\u003e irqs 32-47 on motherboard\nkbd1 at kbdmux0\nacpi0: \u003cDELL PE2650\u003e on motherboard\nacpi0: [ITHREAD]\nacpi0: Power Button (fixed)\nTimecounter \"ACPI-safe\" frequency 3579545 Hz quality 850\nacpi_timer0: \u003c32-bit timer at 3.579545MHz\u003e port 0x808-0x80b on acpi0\ncpu0: \u003cACPI CPU\u003e on acpi0\ncpu1: \u003cACPI CPU\u003e on acpi0\ncpu2: \u003cACPI CPU\u003e on acpi0\ncpu3: \u003cACPI CPU\u003e on acpi0\npcib0: \u003cACPI Host-PCI bridge\u003e port 0xcf8-0xcff on acpi0\npci0: \u003cACPI PCI bus\u003e on pcib0\npci0: \u003cunknown\u003e at device 4.0 (no driver attached)\nuart2: \u003cNon-standard ns8250 class UART with FIFOs\u003e port 0xec80-0xecbf mem \n0xfe102000-0xfe102fff,0xfeb00000-0xfeb7ffff irq 23 at device 4.1 on pci0\nuart2: [FILTER]\npci0: \u003cunknown\u003e at device 4.2 (no driver attached)\nvgapci0: \u003cVGA-compatible display\u003e port 0xe800-0xe8ff mem \n0xfd000000-0xfdffffff,0xfe101000-0xfe101fff at device 14.0 on pci0\natapci0: \u003cServerWorks CSB5 UDMA100 controller\u003e port \n0x1f0-0x1f7,0x3f6,0x170-0x177,0x376,0x8b0-0x8bf at device 15.1 on pci0\nata0: \u003cATA channel 0\u003e on atapci0\nata0: [ITHREAD]\nata1: \u003cATA channel 1\u003e on atapci0\nata1: [ITHREAD]\nohci0: \u003cOHCI (generic) USB controller\u003e mem 0xfe100000-0xfe100fff irq 5 at \ndevice 15.2 on pci0\nohci0: [ITHREAD]\nusbus0: \u003cOHCI (generic) USB controller\u003e on ohci0\nisab0: \u003cPCI-ISA bridge\u003e at device 15.3 on pci0\nisa0: \u003cISA bus\u003e on isab0\npcib1: \u003cACPI Host-PCI bridge\u003e on acpi0\npci4: \u003cACPI PCI bus\u003e on pcib1\npcib2: \u003cACPI PCI-PCI bridge\u003e at device 8.0 on pci4\npci5: \u003cACPI PCI bus\u003e on pcib2\naac0: \u003cDell PERC 3/Di\u003e mem 0xf0000000-0xf7ffffff irq 30 at device 8.1 on \npci4\naac0: [FILTER]\naac0: Adaptec RAID controller, aac driver 2.1.9-1\npcib3: \u003cACPI Host-PCI bridge\u003e on acpi0\npci3: \u003cACPI PCI bus\u003e on pcib3\nbge0: \u003cBroadcom NetXtreme Gigabit Ethernet Controller, ASIC rev. 0x000105\u003e \nmem 0xfcf10000-0xfcf1ffff irq 28 at device 6.0 on pci3\nmiibus0: \u003cMII bus\u003e on bge0\nbrgphy0: \u003cBCM5701 10/100/1000baseTX PHY\u003e PHY 1 on miibus0\nbrgphy0:  10baseT, 10baseT-FDX, 100baseTX, 100baseTX-FDX, 1000baseT, \n1000baseT-FDX, auto\nbge0: Ethernet address: 00:06:5b:f1:c6:51\nbge0: [ITHREAD]\nbge1: \u003cBroadcom NetXtreme Gigabit Ethernet Controller, ASIC rev. 0x000105\u003e \nmem 0xfcf00000-0xfcf0ffff irq 29 at device 8.0 on pci3\nmiibus1: \u003cMII bus\u003e on bge1\nbrgphy1: \u003cBCM5701 10/100/1000baseTX PHY\u003e PHY 1 on miibus1\nbrgphy1:  10baseT, 10baseT-FDX, 100baseTX, 100baseTX-FDX, 1000baseT, \n1000baseT-FDX, auto\nbge1: Ethernet address: 00:06:5b:f1:c6:52\nbge1: [ITHREAD]\npcib4: \u003cACPI Host-PCI bridge\u003e on acpi0\npci2: \u003cACPI PCI bus\u003e on pcib4\npcib5: \u003cACPI Host-PCI bridge\u003e on acpi0\npci1: \u003cACPI PCI bus\u003e on pcib5\nfdc0: \u003cfloppy drive controller\u003e port 0x3f0-0x3f5,0x3f7 irq 6 drq 2 on \nacpi0\nfdc0: [FILTER]\nfd0: \u003c1440-KB 3.5\" drive\u003e on fdc0 drive 0\natkbdc0: \u003cKeyboard controller (i8042)\u003e port 0x60,0x64 irq 1 on acpi0\natkbd0: \u003cAT Keyboard\u003e irq 1 on atkbdc0\nkbd0 at atkbd0\natkbd0: [GIANT-LOCKED]\natkbd0: [ITHREAD]\npsm0: \u003cPS/2 Mouse\u003e irq 12 on atkbdc0\npsm0: [GIANT-LOCKED]\npsm0: [ITHREAD]\npsm0: model IntelliMouse Explorer, device ID 4\nuart0: \u003c16550 or compatible\u003e port 0x3f8-0x3ff irq 4 flags 0x10 on acpi0\nuart0: [FILTER]\nuart1: \u003c16550 or compatible\u003e port 0x2f8-0x2ff irq 3 on acpi0\nuart1: [FILTER]\natrtc0: \u003cAT realtime clock\u003e port 0x70-0x7f irq 8 on acpi0\npmtimer0 on isa0\norm0: \u003cISA Option ROMs\u003e at iomem \n0xc0000-0xc7fff,0xc8000-0xcbfff,0xec000-0xeffff pnpid ORM0000 on isa0\nsc0: \u003cSystem console\u003e at flags 0x100 on isa0\nsc0: VGA \u003c16 virtual consoles, flags=0x300\u003e\nvga0: \u003cGeneric ISA VGA\u003e at port 0x3c0-0x3df iomem 0xa0000-0xbffff on isa0\nppc0: parallel port not found.\np4tcc0: \u003cCPU Frequency Thermal Control\u003e on cpu0\np4tcc1: \u003cCPU Frequency Thermal Control\u003e on cpu1\np4tcc2: \u003cCPU Frequency Thermal Control\u003e on cpu2\np4tcc3: \u003cCPU Frequency Thermal Control\u003e on cpu3\nTimecounters tick every 1.953 msec\nusbus0: 12Mbps Full Speed USB v1.0\nacd0: CDROM \u003cTEAC CD-ROM CD-224E/K.9A\u003e at ata0-master UDMA33\naacd0: \u003cRAID 1 (Mirror)\u003e on aac0\naacd0: 34712MB (71091456 sectors)\nSMP: AP CPU #3 Launched!\nSMP: AP CPU #1 Launched!\nSMP: AP CPU #2 Launched!\nugen0.1: \u003c(0x1166)\u003e at usbus0\nuhub0: \u003c(0x1166) OHCI root HUB, class 9/0, rev 1.00/1.00, addr 1\u003e on \nusbus0\nuhub0: 4 ports with 4 removable, self powered\nTrying to mount root from ufs:/dev/aacd0s1a\nWARNING: / was not properly dismounted\nSetting hostuuid: 44454c4c-3000-1034-8044-b8c04f52304a.\nSetting hostid: 0xce7a2875.\nEntropy harvesting:\n  interrupts\n  ethernet\n  point_to_point\n  kickstart\n.\nStarting file system checks:\n/dev/aacd0s1a: 11872 files, 300053 used, 2744994 free (882 frags, 343014 \nblocks, 0.0% fragmentation)\n/dev/aacd0s1f: 100 files, 70473 used, 4952704 free (56 frags, 619081 \nblocks, 0.0% fragmentation)\n/dev/aacd0s1d: 296534 files, 1757907 used, 2303156 free (79628 frags, \n277941 blocks, 2.0% fragmentation)\n/dev/aacd0s1e: UNREF FILE I=188431  OWNER=root MODE=140666\n/dev/aacd0s1e: SIZE=0 MTIME=Apr 11 09:20 2010  (CLEARED)\n/dev/aacd0s1e: FREE BLK COUNT(S) WRONG IN SUPERBLK (SALVAGED)\n/dev/aacd0s1e: SUMMARY INFORMATION BAD (SALVAGED)\n/dev/aacd0s1e: BLK(S) MISSING IN BIT MAPS (SALVAGED)\n/dev/aacd0s1e: 1291 files, 290418 used, 3770645 free (733 frags, 471239 \nblocks, 0.0% fragmentation)\nMounting local file systems:\n.\nSetting hostname: hib-vpn-gw.hib.no\n.\nStarting Network: bge0 bge1 lo0.\nbge0: flags=8843\u003cUP,BROADCAST,RUNNING,SIMPLEX,MULTICAST\u003e metric 0 mtu 1500\n\noptions=8009b\u003cRXCSUM,TXCSUM,VLAN_MTU,VLAN_HWTAGGING,VLAN_HWCSUM,LINKSTATE\u003e\n         ether 00:06:5b:f1:c6:51\n         inet 158.37.73.2 netmask 0xffffff00 broadcast 158.37.73.255\n         media: Ethernet autoselect (none)\n         status: no carrier\nbge1: flags=8843\u003cUP,BROADCAST,RUNNING,SIMPLEX,MULTICAST\u003e metric 0 mtu 1500\n\noptions=8009b\u003cRXCSUM,TXCSUM,VLAN_MTU,VLAN_HWTAGGING,VLAN_HWCSUM,LINKSTATE\u003e\n         ether 00:06:5b:f1:c6:52\n         inet 10.192.1.1 netmask 0xffffff00 broadcast 10.192.1.255\n         media: Ethernet autoselect (none)\n         status: no carrier\nlo0: flags=8049\u003cUP,LOOPBACK,RUNNING,MULTICAST\u003e metric 0 mtu 16384\n         options=3\u003cRXCSUM,TXCSUM\u003e\n         inet 127.0.0.1 netmask 0xff000000\nEnabling pf\npf enabled\n.\nadd net default: gateway 158.37.73.1\nAdditional routing options:\n  IP gateway=YES\n.\nStarting devd.\nELF ldconfig path: /lib /usr/lib /usr/lib/compat /usr/local/lib \n/usr/local/lib/compat/pkg /usr/local/lib/compat/pkg\na.out ldconfig path: /usr/lib/aout /usr/lib/compat/aout\nCreating and/or trimming log files\n.\nStarting syslogd.\nNo core dumps found.\nStarting named.\nSetting date via ntp.\n11 Apr 11:28:10\nntpdate[851]: sendto(158.37.73.1): Unknown error: 0\nbge0: link state changed to UP\nbge1: link state changed to UP\n11 Apr 11:28:12\nntpdate[851]: sendto(158.37.73.1): Host is down\n11 Apr 11:28:13\nntpdate[851]: sendto(158.37.73.1): Host is down\n11 Apr 11:28:14\nntpdate[851]: no server suitable for synchronization found\nNFS access cache time=60\nClearing /tmp (X related).\nStarting mpd5.\nStarting snmpd.\nStarting radiusd.\nSun Apr 11 11:28:15 2010 : Info: Starting - reading configuration files \n...\nStarting dhcpd.\nStarting local daemons:\nadd net 10.160.0.0: gateway 10.192.1.254\nadd net 10.0.0.0: gateway 10.192.1.254\nadd net 172.16.0.0: gateway 10.192.1.254\nadd net 10.192.0.0: gateway 10.192.1.253\n.\nUpdating motd:\n.\nStarting ntpd.\nStarting exim.\nConfiguring syscons:\n  keymap\n  keyrate\n  font8x16\n  font8x14\n  font8x8\n  blanktime\n  screensaver\n.\nStarting sshd.\nStarting cron.\n\n--\nMed vennlig hilsen / Regards;\n\n   Roar Pettersen\n   Universitetet i Bergen -  The University of Bergen\n   Nygardsgt. 5  -  N-5020 BERGEN  - Norway\n   Tlf: +47 55 58 40 55  fax: +47 55 58 40 70\n   roar.pettersen@it.uib.no - IT-Avd, UiB - http://www.uib.no"
}