{
 "id": 394834,
 "bug_id": 113130,
 "attachment_id": 0,
 "creation_time": "2007-07-23T04:36:17Z",
 "creator": "linimon@lonesome.com",
 "text": "----- Forwarded message from cbc \u003ccbc@labmaster.com\u003e -----\n\nI rebooted the system with freebsd on the pata and the sata drive attached.\nAttached is the file /var/run/dmesg.boot\n\nCopyright (c) 1992-2007 The FreeBSD Project.\nCopyright (c) 1979, 1980, 1983, 1986, 1988, 1989, 1991, 1992, 1993, 1994\n\tThe Regents of the University of California. All rights reserved.\nFreeBSD is a registered trademark of The FreeBSD Foundation.\nFreeBSD 6.2-RELEASE #0: Fri Jan 12 08:32:24 UTC 2007\n    root@portnoy.cse.buffalo.edu:/usr/obj/usr/src/sys/GENERIC\nTimecounter \"i8254\" frequency 1193182 Hz quality 0\nCPU: AMD Athlon(tm) 64 Processor 3000+ (1808.70-MHz K8-class CPU)\n  Origin = \"AuthenticAMD\"  Id = 0x20ff0  Stepping = 0\n  Features=0x78bfbff\u003cFPU,VME,DE,PSE,TSC,MSR,PAE,MCE,CX8,APIC,SEP,MTRR,PGE,MCA,CMOV,PAT,PSE36,CLFLUSH,MMX,FXSR,SSE,SSE2\u003e\n  Features2=0x1\u003cSSE3\u003e\n  AMD Features=0xe2500800\u003cSYSCALL,NX,MMX+,FFXSR,LM,3DNow+,3DNow\u003e\n  AMD Features2=0x1\u003cLAHF\u003e\nreal memory  = 2079260672 (1982 MB)\navail memory = 1996349440 (1903 MB)\nACPI APIC Table: \u003cXPC    AWRDACPI\u003e\nioapic0 \u003cVersion 1.1\u003e irqs 0-23 on motherboard\nkbd1 at kbdmux0\nath_hal: 0.9.17.2 (AR5210, AR5211, AR5212, RF5111, RF5112, RF2413, RF5413)\nacpi0: \u003cXPC AWRDACPI\u003e on motherboard\n    ACPI-0438: *** Error: Looking up [\\\\_SB_.PCI0.LNKC] in namespace, AE_NOT_FOUND\nSearchNode 0xffffff0000bf9500 StartNode 0xffffff0000bf9500 ReturnNode 0\n    ACPI-0438: *** Error: Looking up [\\\\_SB_.PCI0.LNKB] in namespace, AE_NOT_FOUND\nSearchNode 0xffffff0000be1440 StartNode 0xffffff0000be1440 ReturnNode 0\nacpi0: Power Button (fixed)\nTimecounter \"ACPI-safe\" frequency 3579545 Hz quality 1000\nacpi_timer0: \u003c24-bit timer at 3.579545MHz\u003e port 0x4008-0x400b on acpi0\ncpu0: \u003cACPI CPU\u003e on acpi0\nacpi_button0: \u003cPower Button\u003e on acpi0\npcib0: \u003cACPI Host-PCI bridge\u003e port 0xcf8-0xcff,0x5000-0x501f,0x4000-0x407f,0x4d6 on acpi0\npci0: \u003cACPI PCI bus\u003e on pcib0\npcib1: \u003cACPI PCI-PCI bridge\u003e at device 1.0 on pci0\npci1: \u003cACPI PCI bus\u003e on pcib1\npci1: \u003cdisplay, VGA\u003e at device 5.0 (no driver attached)\npcib2: \u003cACPI PCI-PCI bridge\u003e at device 6.0 on pci0\npci2: \u003cACPI PCI bus\u003e on pcib2\nbge0: \u003cBroadcom BCM5750 A1, ASIC rev. 0x4001\u003e mem 0xdfef0000-0xdfefffff irq 18 at device 0.0 on pci2\nmiibus0: \u003cMII bus\u003e on bge0\nbrgphy0: \u003cBCM5750 10/100/1000baseTX PHY\u003e on miibus0\nbrgphy0:  10baseT, 10baseT-FDX, 100baseTX, 100baseTX-FDX, 1000baseTX, 1000baseTX-FDX, auto\nbge0: Ethernet address: 00:30:1b:b8:a3:0f\npcib3: \u003cACPI PCI-PCI bridge\u003e at device 25.0 on pci0\npci3: \u003cACPI PCI bus\u003e on pcib3\nfwohci0: \u003cVIA Fire II (VT6306)\u003e port 0xcf00-0xcf7f mem 0xdfcff000-0xdfcff7ff irq 17 at device 21.0 on pci3\nfwohci0: OHCI version 1.0 (ROM=1)\nfwohci0: No. of Isochronous channels is 4.\nfwohci0: EUI64 00:30:1b:b8:00:00:a3:73\nfwohci0: Phy 1394a available S400, 2 ports.\nfwohci0: Link S400, max_rec 2048 bytes.\nfirewire0: \u003cIEEE1394(FireWire) bus\u003e on fwohci0\nfwe0: \u003cEthernet over FireWire\u003e on firewire0\nif_fwe0: Fake Ethernet address: 02:30:1b:00:a3:73\nfwe0: Ethernet address: 02:30:1b:00:a3:73\nfwe0: if_start running deferred for Giant\nsbp0: \u003cSBP-2/SCSI over FireWire\u003e on firewire0\nfwohci0: Initiate bus reset\nfwohci0: node_id=0xc800ffc0, gen=1, CYCLEMASTER mode\nfirewire0: 1 nodes, maxhop \u003c= 0, cable IRM = 0 (me)\nfirewire0: bus manager 0 (me)\nem0: \u003cIntel(R) PRO/1000 Network Connection Version - 6.2.9\u003e port 0xce00-0xce3f mem 0xdfcc0000-0xdfcdffff irq 18 at device 22.0 on pci3\nem0: Ethernet address: 00:07:e9:1f:a2:da\nem1: \u003cIntel(R) PRO/1000 Network Connection Version - 6.2.9\u003e port 0xcd00-0xcd3f mem 0xdfca0000-0xdfcbffff irq 19 at device 22.1 on pci3\nem1: Ethernet address: 00:07:e9:1f:a2:db\nohci0: \u003cAcerLabs M5237 (Aladdin-V) USB controller\u003e mem 0xdffff000-0xdfffffff irq 18 at device 28.0 on pci0\nohci0: [GIANT-LOCKED]\nusb0: OHCI version 1.0, legacy support\nusb0: SMM does not respond, resetting\nusb0: \u003cAcerLabs M5237 (Aladdin-V) USB controller\u003e on ohci0\nusb0: USB revision 1.0\nuhub0: AcerLabs OHCI root hub, class 9/0, rev 1.00/1.00, addr 1\nuhub0: 3 ports with 3 removable, self powered\nohci1: \u003cAcerLabs M5237 (Aladdin-V) USB controller\u003e mem 0xdfffe000-0xdfffefff irq 18 at device 28.1 on pci0\nohci1: [GIANT-LOCKED]\nusb1: OHCI version 1.0, legacy support\nusb1: SMM does not respond, resetting\nusb1: \u003cAcerLabs M5237 (Aladdin-V) USB controller\u003e on ohci1\nusb1: USB revision 1.0\nuhub1: AcerLabs OHCI root hub, class 9/0, rev 1.00/1.00, addr 1\nuhub1: 3 ports with 3 removable, self powered\nohci2: \u003cAcerLabs M5237 (Aladdin-V) USB controller\u003e mem 0xdfffd000-0xdfffdfff irq 18 at device 28.2 on pci0\nohci2: [GIANT-LOCKED]\nusb2: OHCI version 1.0, legacy support\nusb2: SMM does not respond, resetting\nusb2: \u003cAcerLabs M5237 (Aladdin-V) USB controller\u003e on ohci2\nusb2: USB revision 1.0\nuhub2: AcerLabs OHCI root hub, class 9/0, rev 1.00/1.00, addr 1\nuhub2: 3 ports with 3 removable, self powered\nehci0: \u003cALi M5239 USB 2.0 controller\u003e mem 0xdfffc000-0xdfffc0ff irq 23 at device 28.3 on pci0\nehci0: [GIANT-LOCKED]\nusb3: EHCI version 1.0\nusb3: companion controllers, 3 ports each: usb0 usb1 usb2\nusb3: \u003cALi M5239 USB 2.0 controller\u003e on ehci0\nusb3: USB revision 2.0\nuhub3: AcerLabs EHCI root hub, class 9/0, rev 2.00/1.00, addr 1\nuhub3: 8 ports with 8 removable, self powered\npci0: \u003cmultimedia\u003e at device 29.0 (no driver attached)\nisab0: \u003cPCI-ISA bridge\u003e at device 30.0 on pci0\nisa0: \u003cISA bus\u003e on isab0\npci0: \u003cbridge\u003e at device 30.1 (no driver attached)\natapci0: \u003cAcerLabs M5229 UDMA133 controller\u003e port 0x1f0-0x1f7,0x3f6,0x170-0x177,0x376,0x8880-0x888f at device 31.0 on pci0\nata0: \u003cATA channel 0\u003e on atapci0\nata1: \u003cATA channel 1\u003e on atapci0\natapci1: \u003cAcerLabs M5287 SATA150 controller\u003e port 0xfd00-0xfd0f,0xfc00-0xfc07,0xfb00-0xfb0f,0xfa00-0xfa07,0xf900-0xf91f mem 0xdfffb000-0xdfffb3ff irq 19 at device 31.1 on pci0\natapci1: AHCI controller reset failure\ndevice_attach: atapci1 attach returned 6\nacpi_tz0: \u003cThermal Zone\u003e on acpi0\natkbdc0: \u003cKeyboard controller (i8042)\u003e port 0x60,0x64 irq 1 on acpi0\natkbd0: \u003cAT Keyboard\u003e irq 1 on atkbdc0\nkbd0 at atkbd0\natkbd0: [GIANT-LOCKED]\npsm0: \u003cPS/2 Mouse\u003e irq 12 on atkbdc0\npsm0: [GIANT-LOCKED]\npsm0: model MouseMan+, device ID 0\norm0: \u003cISA Option ROMs\u003e at iomem 0xc0000-0xcefff,0xd0000-0xd3fff on isa0\nppc0: cannot reserve I/O port range\nsc0: \u003cSystem console\u003e at flags 0x100 on isa0\nsc0: VGA \u003c16 virtual consoles, flags=0x300\u003e\nsio0: configured irq 4 not in bitmap of probed irqs 0\nsio0: port may not be enabled\nsio0 at port 0x3f8-0x3ff irq 4 flags 0x10 on isa0\nsio0: type 8250 or not responding\nsio1: configured irq 3 not in bitmap of probed irqs 0\nsio1: port may not be enabled\nvga0: \u003cGeneric ISA VGA\u003e at port 0x3c0-0x3df iomem 0xa0000-0xbffff on isa0\nTimecounter \"TSC\" frequency 1808701054 Hz quality 800\nTimecounters tick every 1.000 msec\nad0: 76319MB \u003cWDC WD800JB-00ETA0 77.07W77\u003e at ata0-master UDMA100\nacd0: DVDR \u003cNEC DVD RW ND-3540A/1.01\u003e at ata0-slave UDMA33\nTrying to mount root from ufs:/dev/ad0s1a\n\n\n----- End forwarded message -----"
}