{
 "id": 394833,
 "bug_id": 113130,
 "attachment_id": 0,
 "creation_time": "2007-06-28T02:20:42Z",
 "creator": "linimon@lonesome.com",
 "text": "[This is from 6.2.]\n\n----- Forwarded message from cbc \u003ccbc@labmaster.com\u003e -----\n\nJun 27 20:23:39 ns2 newsyslog[696]: logfile first created\nJun 27 20:23:39 ns2 syslogd: kernel boot file is /boot/kernel/kernel\nJun 27 20:23:39 ns2 kernel: Copyright (c) 1992-2007 The FreeBSD Project.\nJun 27 20:23:39 ns2 kernel: Copyright (c) 1979, 1980, 1983, 1986, 1988, 1989, 1991, 1992, 1993, 1994\nJun 27 20:23:39 ns2 kernel: The Regents of the University of California. All rights reserved.\nJun 27 20:23:39 ns2 kernel: FreeBSD is a registered trademark of The FreeBSD Foundation.\nJun 27 20:23:39 ns2 kernel: FreeBSD 6.2-RELEASE #0: Fri Jan 12 08:32:24 UTC 2007\nJun 27 20:23:39 ns2 kernel: root@portnoy.cse.buffalo.edu:/usr/obj/usr/src/sys/GENERIC\nJun 27 20:23:39 ns2 kernel: Timecounter \"i8254\" frequency 1193182 Hz quality 0\nJun 27 20:23:39 ns2 kernel: CPU: AMD Athlon(tm) 64 Processor 3000+ (1808.71-MHz K8-class CPU)\nJun 27 20:23:39 ns2 kernel: Origin = \"AuthenticAMD\"  Id = 0x20ff0  Stepping = 0\nJun 27 20:23:39 ns2 kernel: Features=0x78bfbff\u003cFPU,VME,DE,PSE,TSC,MSR,PAE,MCE,CX8,APIC,SEP,MTRR,PGE,MCA,CMOV,PAT,PSE36,CLFLUSH,MMX,FXSR,SSE,SSE2\u003e\nJun 27 20:23:39 ns2 kernel: Features2=0x1\u003cSSE3\u003e\nJun 27 20:23:39 ns2 kernel: AMD Features=0xe2500800\u003cSYSCALL,NX,MMX+,FFXSR,LM,3DNow+,3DNow\u003e\nJun 27 20:23:39 ns2 kernel: AMD Features2=0x1\u003cLAHF\u003e\nJun 27 20:23:39 ns2 kernel: real memory  = 2079260672 (1982 MB)\nJun 27 20:23:39 ns2 kernel: avail memory = 1996349440 (1903 MB)\nJun 27 20:23:39 ns2 kernel: ACPI APIC Table: \u003cXPC    AWRDACPI\u003e\nJun 27 20:23:39 ns2 kernel: ioapic0 \u003cVersion 1.1\u003e irqs 0-23 on motherboard\nJun 27 20:23:39 ns2 kernel: kbd1 at kbdmux0\nJun 27 20:23:39 ns2 kernel: ath_hal: 0.9.17.2 (AR5210, AR5211, AR5212, RF5111, RF5112, RF2413, RF5413)\nJun 27 20:23:39 ns2 kernel: acpi0: \u003cXPC AWRDACPI\u003e on motherboard\nJun 27 20:23:39 ns2 kernel: ACPI-0438: *** Error: Looking up [\\_SB_.PCI0.LNKC] in namespace, AE_NOT_FOUND\nJun 27 20:23:39 ns2 kernel: SearchNode 0xffffff0000bf9500 StartNode 0xffffff0000bf9500 ReturnNode 0\nJun 27 20:23:39 ns2 kernel: ACPI-0438: *** Error: Looking up [\\_SB_.PCI0.LNKB] in namespace, AE_NOT_FOUND\nJun 27 20:23:39 ns2 kernel: SearchNode 0xffffff0000be1440 StartNode 0xffffff0000be1440 ReturnNode 0\nJun 27 20:23:39 ns2 kernel: acpi0: Power Button (fixed)\nJun 27 20:23:39 ns2 kernel: Timecounter \"ACPI-safe\" frequency 3579545 Hz quality 1000\nJun 27 20:23:39 ns2 kernel: acpi_timer0: \u003c24-bit timer at 3.579545MHz\u003e port 0x4008-0x400b on acpi0\nJun 27 20:23:39 ns2 kernel: cpu0: \u003cACPI CPU\u003e on acpi0\nJun 27 20:23:39 ns2 kernel: acpi_button0: \u003cPower Button\u003e on acpi0\nJun 27 20:23:39 ns2 kernel: pcib0: \u003cACPI Host-PCI bridge\u003e port 0xcf8-0xcff,0x5000-0x501f,0x4000-0x407f,0x4d6 on acpi0\nJun 27 20:23:39 ns2 kernel: pci0: \u003cACPI PCI bus\u003e on pcib0\nJun 27 20:23:39 ns2 kernel: pcib1: \u003cACPI PCI-PCI bridge\u003e at device 1.0 on pci0\nJun 27 20:23:39 ns2 kernel: pci1: \u003cACPI PCI bus\u003e on pcib1\nJun 27 20:23:39 ns2 kernel: pci1: \u003cdisplay, VGA\u003e at device 5.0 (no driver attached)\nJun 27 20:23:39 ns2 kernel: pcib2: \u003cACPI PCI-PCI bridge\u003e at device 6.0 on pci0\nJun 27 20:23:39 ns2 kernel: pci2: \u003cACPI PCI bus\u003e on pcib2\nJun 27 20:23:39 ns2 kernel: bge0: \u003cBroadcom BCM5750 A1, ASIC rev. 0x4001\u003e mem 0xdfef0000-0xdfefffff irq 18 at device 0.0 on pci2\nJun 27 20:23:39 ns2 kernel: miibus0: \u003cMII bus\u003e on bge0\nJun 27 20:23:39 ns2 kernel: brgphy0: \u003cBCM5750 10/100/1000baseTX PHY\u003e on miibus0\nJun 27 20:23:39 ns2 kernel: brgphy0:  10baseT, 10baseT-FDX, 100baseTX, 100baseTX-FDX, 1000baseTX, 1000baseTX-FDX, auto\nJun 27 20:23:39 ns2 kernel: bge0: Ethernet address: 00:30:1b:b8:a3:0f\nJun 27 20:23:39 ns2 kernel: pcib3: \u003cACPI PCI-PCI bridge\u003e at device 25.0 on pci0\nJun 27 20:23:39 ns2 kernel: pci3: \u003cACPI PCI bus\u003e on pcib3\nJun 27 20:23:39 ns2 kernel: fwohci0: \u003cVIA Fire II (VT6306)\u003e port 0xcf00-0xcf7f mem 0xdfcff000-0xdfcff7ff irq 17 at device 21.0 on pci3\nJun 27 20:23:39 ns2 kernel: fwohci0: OHCI version 1.0 (ROM=1)\nJun 27 20:23:39 ns2 kernel: fwohci0: No. of Isochronous channels is 4.\nJun 27 20:23:39 ns2 kernel: fwohci0: EUI64 00:30:1b:b8:00:00:a3:73\nJun 27 20:23:39 ns2 kernel: fwohci0: Phy 1394a available S400, 2 ports.\nJun 27 20:23:39 ns2 kernel: fwohci0: Link S400, max_rec 2048 bytes.\nJun 27 20:23:39 ns2 kernel: firewire0: \u003cIEEE1394(FireWire) bus\u003e on fwohci0\nJun 27 20:23:39 ns2 kernel: fwe0: \u003cEthernet over FireWire\u003e on firewire0\nJun 27 20:23:39 ns2 kernel: if_fwe0: Fake Ethernet address: 02:30:1b:00:a3:73\nJun 27 20:23:39 ns2 kernel: fwe0: Ethernet address: 02:30:1b:00:a3:73\nJun 27 20:23:39 ns2 kernel: fwe0: if_start running deferred for Giant\nJun 27 20:23:39 ns2 kernel: sbp0: \u003cSBP-2/SCSI over FireWire\u003e on firewire0\nJun 27 20:23:39 ns2 kernel: fwohci0: Initiate bus reset\nJun 27 20:23:39 ns2 kernel: fwohci0: node_id=0xc800ffc0, gen=1, CYCLEMASTER mode\nJun 27 20:23:39 ns2 kernel: firewire0: 1 nodes, maxhop \u003c= 0, cable IRM = 0 (me)\nJun 27 20:23:39 ns2 kernel: firewire0: bus manager 0 (me)\nJun 27 20:23:39 ns2 kernel: em0: \u003cIntel(R) PRO/1000 Network Connection Version - 6.2.9\u003e port 0xce00-0xce3f mem 0xdfcc0000-0xdfcdffff irq 18 at device 22.0 on pci3\nJun 27 20:23:39 ns2 kernel: em0: Ethernet address: 00:07:e9:1f:a2:da\nJun 27 20:23:39 ns2 kernel: em1: \u003cIntel(R) PRO/1000 Network Connection Version - 6.2.9\u003e port 0xcd00-0xcd3f mem 0xdfca0000-0xdfcbffff irq 19 at device 22.1 on pci3\nJun 27 20:23:39 ns2 kernel: em1: Ethernet address: 00:07:e9:1f:a2:db\nJun 27 20:23:39 ns2 kernel: ohci0: \u003cAcerLabs M5237 (Aladdin-V) USB controller\u003e mem 0xdffff000-0xdfffffff irq 18 at device 28.0 on pci0\nJun 27 20:23:39 ns2 kernel: ohci0: [GIANT-LOCKED]\nJun 27 20:23:39 ns2 kernel: usb0: OHCI version 1.0, legacy support\nJun 27 20:23:39 ns2 kernel: usb0: SMM does not respond, resetting\nJun 27 20:23:39 ns2 kernel: usb0: \u003cAcerLabs M5237 (Aladdin-V) USB controller\u003e on ohci0\nJun 27 20:23:39 ns2 kernel: usb0: USB revision 1.0\nJun 27 20:23:39 ns2 kernel: uhub0: AcerLabs OHCI root hub, class 9/0, rev 1.00/1.00, addr 1\nJun 27 20:23:39 ns2 kernel: uhub0: 3 ports with 3 removable, self powered\nJun 27 20:23:39 ns2 kernel: ohci1: \u003cAcerLabs M5237 (Aladdin-V) USB controller\u003e mem 0xdfffe000-0xdfffefff irq 18 at device 28.1 on pci0\nJun 27 20:23:39 ns2 kernel: ohci1: [GIANT-LOCKED]\nJun 27 20:23:39 ns2 kernel: usb1: OHCI version 1.0, legacy support\nJun 27 20:23:39 ns2 kernel: usb1: SMM does not respond, resetting\nJun 27 20:23:39 ns2 kernel: usb1: \u003cAcerLabs M5237 (Aladdin-V) USB controller\u003e on ohci1\nJun 27 20:23:39 ns2 kernel: usb1: USB revision 1.0\nJun 27 20:23:39 ns2 kernel: uhub1: AcerLabs OHCI root hub, class 9/0, rev 1.00/1.00, addr 1\nJun 27 20:23:39 ns2 kernel: uhub1: 3 ports with 3 removable, self powered\nJun 27 20:23:39 ns2 kernel: ohci2: \u003cAcerLabs M5237 (Aladdin-V) USB controller\u003e mem 0xdfffd000-0xdfffdfff irq 18 at device 28.2 on pci0\nJun 27 20:23:39 ns2 kernel: ohci2: [GIANT-LOCKED]\nJun 27 20:23:39 ns2 kernel: usb2: OHCI version 1.0, legacy support\nJun 27 20:23:39 ns2 kernel: usb2: SMM does not respond, resetting\nJun 27 20:23:39 ns2 kernel: usb2: \u003cAcerLabs M5237 (Aladdin-V) USB controller\u003e on ohci2\nJun 27 20:23:39 ns2 kernel: usb2: USB revision 1.0\nJun 27 20:23:39 ns2 kernel: uhub2: AcerLabs OHCI root hub, class 9/0, rev 1.00/1.00, addr 1\nJun 27 20:23:39 ns2 kernel: uhub2: 3 ports with 3 removable, self powered\nJun 27 20:23:39 ns2 kernel: ehci0: \u003cALi M5239 USB 2.0 controller\u003e mem 0xdfffc000-0xdfffc0ff irq 23 at device 28.3 on pci0\nJun 27 20:23:39 ns2 kernel: ehci0: [GIANT-LOCKED]\nJun 27 20:23:39 ns2 kernel: usb3: EHCI version 1.0\nJun 27 20:23:39 ns2 kernel: usb3: companion controllers, 3 ports each: usb0 usb1 usb2\nJun 27 20:23:39 ns2 kernel: usb3: \u003cALi M5239 USB 2.0 controller\u003e on ehci0\nJun 27 20:23:39 ns2 kernel: usb3: USB revision 2.0\nJun 27 20:23:39 ns2 kernel: uhub3: AcerLabs EHCI root hub, class 9/0, rev 2.00/1.00, addr 1\nJun 27 20:23:39 ns2 kernel: uhub3: 8 ports with 8 removable, self powered\nJun 27 20:23:39 ns2 kernel: pci0: \u003cmultimedia\u003e at device 29.0 (no driver attached)\nJun 27 20:23:39 ns2 kernel: isab0: \u003cPCI-ISA bridge\u003e at device 30.0 on pci0\nJun 27 20:23:39 ns2 kernel: isa0: \u003cISA bus\u003e on isab0\nJun 27 20:23:39 ns2 kernel: pci0: \u003cbridge\u003e at device 30.1 (no driver attached)\nJun 27 20:23:39 ns2 kernel: atapci0: \u003cAcerLabs M5229 UDMA133 controller\u003e port 0x1f0-0x1f7,0x3f6,0x170-0x177,0x376,0x8880-0x888f at device 31.0 on pci0\nJun 27 20:23:39 ns2 kernel: ata0: \u003cATA channel 0\u003e on atapci0\nJun 27 20:23:39 ns2 kernel: ata1: \u003cATA channel 1\u003e on atapci0\nJun 27 20:23:39 ns2 kernel: atapci1: \u003cAcerLabs M5287 SATA150 controller\u003e port 0xfd00-0xfd0f,0xfc00-0xfc07,0xfb00-0xfb0f,0xfa00-0xfa07,0xf900-0xf91f mem 0xdfffb000-0xdfffb3ff irq 19 at device 31.1 on pci0\nJun 27 20:23:39 ns2 kernel: atapci1: AHCI controller reset failure\nJun 27 20:23:39 ns2 kernel: device_attach: atapci1 attach returned 6\nJun 27 20:23:39 ns2 kernel: acpi_tz0: \u003cThermal Zone\u003e on acpi0\nJun 27 20:23:39 ns2 kernel: atkbdc0: \u003cKeyboard controller (i8042)\u003e port 0x60,0x64 irq 1 on acpi0\nJun 27 20:23:39 ns2 kernel: atkbd0: \u003cAT Keyboard\u003e irq 1 on atkbdc0\nJun 27 20:23:39 ns2 kernel: kbd0 at atkbd0\nJun 27 20:23:39 ns2 kernel: atkbd0: [GIANT-LOCKED]\nJun 27 20:23:39 ns2 kernel: psm0: \u003cPS/2 Mouse\u003e irq 12 on atkbdc0\nJun 27 20:23:39 ns2 kernel: psm0: [GIANT-LOCKED]\nJun 27 20:23:39 ns2 kernel: psm0: model MouseMan+, device ID 0\nJun 27 20:23:39 ns2 kernel: orm0: \u003cISA Option ROMs\u003e at iomem 0xc0000-0xcefff,0xd0000-0xd3fff on isa0\nJun 27 20:23:39 ns2 kernel: ppc0: cannot reserve I/O port range\nJun 27 20:23:39 ns2 kernel: sc0: \u003cSystem console\u003e at flags 0x100 on isa0\nJun 27 20:23:39 ns2 kernel: sc0: VGA \u003c16 virtual consoles, flags=0x300\u003e\nJun 27 20:23:39 ns2 kernel: sio0: configured irq 4 not in bitmap of probed irqs 0\nJun 27 20:23:39 ns2 kernel: sio0: port may not be enabled\nJun 27 20:23:39 ns2 kernel: sio0 at port 0x3f8-0x3ff irq 4 flags 0x10 on isa0\nJun 27 20:23:39 ns2 kernel: sio0: type 8250 or not responding\nJun 27 20:23:39 ns2 kernel: sio1: configured irq 3 not in bitmap of probed irqs 0\nJun 27 20:23:39 ns2 kernel: sio1: port may not be enabled\nJun 27 20:23:39 ns2 kernel: vga0: \u003cGeneric ISA VGA\u003e at port 0x3c0-0x3df iomem 0xa0000-0xbffff on isa0\nJun 27 20:23:39 ns2 kernel: Timecounter \"TSC\" frequency 1808713762 Hz quality 800\nJun 27 20:23:39 ns2 kernel: Timecounters tick every 1.000 msec\nJun 27 20:23:39 ns2 kernel: ad0: 76319MB \u003cWDC WD800JB-00ETA0 77.07W77\u003e at ata0-master UDMA100\nJun 27 20:23:39 ns2 kernel: acd0: DVDR \u003cNEC DVD RW ND-3540A/1.01\u003e at ata0-slave UDMA33\nJun 27 20:23:39 ns2 kernel: Trying to mount root from ufs:/dev/ad0s1a\nJun 27 20:24:15 ns2 login: ROOT LOGIN (root) ON ttyv0\nJun 27 20:26:29 ns2 login: ROOT LOGIN (root) ON ttyv1\nJun 27 22:48:02 ns2 kernel: umass0: vendor 0x0457 USB Mass Storage Device, rev 2.00/1.00, addr 2\nJun 27 22:48:02 ns2 kernel: da0 at umass-sim0 bus 0 target 0 lun 0\nJun 27 22:48:02 ns2 kernel: da0: \u003cCENTON PDU01_512 5AG2.0 0.00\u003e Removable Direct Access SCSI-2 device \nJun 27 22:48:02 ns2 kernel: da0: 40.000MB/s transfers\nJun 27 22:48:02 ns2 kernel: da0: 480MB (983808 512 byte sectors: 64H 32S/T 480C)\n\n\n----- End forwarded message -----"
}