{
 "id": 1259442,
 "bug_id": 271403,
 "attachment_id": 0,
 "creation_time": "2023-05-14T00:40:07Z",
 "creator": "dclarke@blastwave.org",
 "text": "SUMMARY : I have recently seen an install of FreeBSD fail quite badly.\n          I can not see a valid reason nor clue to why.\n\n\nDear FreeBSD folks :\n\n    I was very careful to boot an IBM Lenovo M30A7 unit with the FreeBSD\ndvd1 iso image for 13.2 RELEASE. I instantly stopped the UEFI boot and\nselected to set :\n\n    set comconsole_speed=\"9600\"\n    set console=\"comconsole\"\n\nThen via the serial port I simple type \"boot\".\n\nFollowing the basic prompts I decide to manually config the boot device\nas a UEFI with ZFS storage idea. This means I drop to a shell command\nprompt to utter the following : \n\n\n# camcontrol devlist\n\u003cST8000NM002A-2KE102 NN02\u003e         at scbus0 target 0 lun 0 (ada0,pass0)\n\u003cST16000NM000J-2TW103 SN02\u003e        at scbus1 target 0 lun 0 (ada1,pass1)\n\u003cST8000NM002A-2KE102 NN03\u003e         at scbus2 target 0 lun 0 (ada2,pass2)\n\u003cAHCI SGPIO Enclosure 2.00 0001\u003e   at scbus3 target 0 lun 0 (ses0,pass3)\n\u003cSamsung SSD 870 QVO 1TB SVQ01B6Q\u003e  at scbus6 target 0 lun 0 (ada3,pass4)\n\u003cST8000NM002A-2KE102 NN02\u003e         at scbus7 target 0 lun 0 (ada4,pass5)\n\u003cAHCI SGPIO Enclosure 2.00 0001\u003e   at scbus9 target 0 lun 0 (ses1,pass6)\n\u003cKingston DataTraveler 3.0 PMAP\u003e   at scbus10 target 0 lun 0 (pass7,da0)\n# \n\nThere we see some Seagate disks of the 8T flavour as well as some single\nSeagate 16T unit. There is also a single Samsung QVO SSD unit available.\n\nI wish to install to the Samsung unit and then deal with redundency at\nsome later time. Thus I begin the process of cleaning up the partition\ndata therein and lay down a new GPT partition : \n\n\n# gpart destroy -F /dev/ada3\nada3 destroyed\n\n# zpool labelclear -f /dev/ada3\nZFS filesystem version: 5\nZFS storage pool version: features support (5000)\nfailed to clear label for /dev/ada3\n\nWell that SSD never had a ZFS filesystem nor pool. This is fine.\n\n# gpart create -s GPT /dev/ada3\nada3 created\n# gpart add -t efi -s 256M /dev/ada3\nada3p1 added\n# gpart add -t freebsd-boot -s 512K /dev/ada3\nada3p2 added\n# gpart add -t freebsd-swap -s 4G /dev/ada3\nada3p3 added\n# gpart add -t freebsd-zfs /dev/ada3\nada3p4 added\n# gpart bootcode -b /boot/pmbr -p /boot/gptzfsboot -i 2 /dev/ada3\npartcode written to ada3p2\nbootcode written to ada3\n\nAgain just to be sure ... nuke out a ZFS label that never existed :\n\n# zpool labelclear -f /dev/ada3p4\nfailed to clear label for /dev/ada3p4\n# \n\nFine.\n\nWe have a device to install to.\n\nCreate a ZFS ZPool chunk on that device : \n\n# zpool create -o altroot=/mnt -O compress=zstd -O checksum=sha512 -O atime=on -O xattr=on -o autoexpand=on -o autoreplace=on -o failmode=continue -o listsnaps=off -O dedup=off -O copies=1 -m none z0 /dev/ada3p4\n# \n\nNow we lay down the basic fs goodness for FreeBSD : \n\n# zfs create -o mountpoint=none -o checksum=sha512 -o compression=zstd -o atime=on -o exec=on -o setuid=on -o xattr=on -o copies=1 -o dedup=off -o sync=standard z0/ROOT\n# \n# zfs create -o mountpoint=/ -o checksum=sha512 -o compression=zstd -o atime=on -o exec=on -o setuid=on -o xattr=on -o copies=1 -o dedup=off -o sync=standard z0/ROOT/default\n# \n# zfs create -o mountpoint=/tmp -o checksum=sha512 -o compression=zstd -o atime=on -o exec=on -o setuid=off -o xattr=on -o copies=1 -o dedup=off -o sync=standard z0/tmp\n# \n# zfs create -o mountpoint=/usr -o canmount=off -o checksum=sha512 -o compression=zstd -o atime=on -o exec=on -o setuid=on -o xattr=on -o copies=1 -o dedup=off -o sync=standard z0/usr\n# \n# zfs create -o mountpoint=/usr/home -o canmount=on -o checksum=sha512 -o compression=zstd -o atime=on -o exec=on -o setuid=on -o xattr=on -o copies=1 -o dedup=off -o sync=standard z0/usr/home\n# \n# zfs create -o mountpoint=/usr/ports -o canmount=on -o checksum=sha512 -o compression=zstd -o atime=on -o exec=on -o setuid=on -o xattr=on -o copies=1 -o dedup=off -o sync=standard z0/usr/ports\n# \n# zfs create -o mountpoint=/usr/src -o canmount=on -o checksum=sha512 -o compression=zstd -o atime=on -o exec=on -o setuid=on -o xattr=on -o copies=1 -o dedup=off -o sync=standard z0/usr/src\n# \n# zfs create -o mountpoint=/var -o canmount=off -o checksum=sha512 -o compression=zstd -o atime=on -o exec=on -o setuid=on -o xattr=on -o copies=1 -o dedup=off -o sync=standard z0/var\n# \n# zfs create -o mountpoint=/var/audit -o canmount=on -o checksum=sha512 -o compression=zstd -o atime=on -o exec=off -o setuid=off -o xattr=on -o copies=1 -o dedup=off -o sync=standard z0/var/audit\n# \n# zfs create -o mountpoint=/var/crash -o canmount=on -o checksum=sha512 -o compression=zstd -o atime=on -o exec=off -o setuid=off -o xattr=on -o copies=1 -o dedup=off -o sync=standard z0/var/crash\n# \n# zfs create -o mountpoint=/var/log -o canmount=on -o checksum=sha512 -o compression=zstd -o atime=on -o exec=off -o setuid=off -o xattr=on -o copies=1 -o dedup=off -o sync=standard z0/var/log\n# \n# \n# zfs create -o mountpoint=/var/mail -o canmount=on -o checksum=sha512 -o compression=zstd -o atime=on -o exec=on -o setuid=on -o xattr=on -o copies=1 -o dedup=off -o sync=standard z0/var/mail\n# \n\nTake a look at the damage : \n\n# \n# zfs list -o name,mounted,mountpoint\nNAME             MOUNTED  MOUNTPOINT\nz0               no       none\nz0/ROOT          no       none\nz0/ROOT/default  yes      /mnt\nz0/tmp           yes      /mnt/tmp\nz0/usr           no       /mnt/usr\nz0/usr/home      yes      /mnt/usr/home\nz0/usr/ports     yes      /mnt/usr/ports\nz0/usr/src       yes      /mnt/usr/src\nz0/var           no       /mnt/var\nz0/var/audit     yes      /mnt/var/audit\nz0/var/crash     yes      /mnt/var/crash\nz0/var/log       yes      /mnt/var/log\nz0/var/mail      yes      /mnt/var/mail\n# \n\nLooks fine yes?  YES. This is goodness.\n\n\n# zfs create -o mountpoint=/var/tmp -o canmount=on -o checksum=sha512 -o compression=zstd -o atime=on -o exec=on -o setuid=off -o xattr=on -o copies=1 -o dedup=off -o sync=standard z0/var/tmp\n# \n\nSo here comes the thing that may be the wreckage : \n\n\n# zfs create -o mountpoint=/var/db -o canmount=on -o checksum=sha512 \\\n\u003e -o compression=zstd -o atime=on -o exec=on -o setuid=off \\\n\u003e -o xattr=on -o copies=1 -o dedup=off -o sync=standard z0/var/db\n# \n\n\nNote that as /var/db which perhaps is a tmpfs? Or some other animal.\n\nRegardless I continue : \n\n# zpool set bootfs=z0/ROOT/default z0\n# \n# zfs set canmount=noauto z0/ROOT/default\n# \n# zfs set mountpoint=/z0 z0\n#\n\nI like to have a /opt area also and these are harmless.\n \n# zfs create -o mountpoint=/opt -o canmount=on -o checksum=sha512 -o compression=zstd -o atime=on -o exec=on -o setuid=on -o xattr=on -o copies=1 -o dedup=off -o sync=standard z0/opt\n# \n# zfs create -o mountpoint=/var/opt -o canmount=on -o checksum=sha512 -o compression=zstd -o atime=on -o exec=on -o setuid=on -o xattr=on -o copies=1 -o dedup=off -o sync=standard z0/var/opt\n# \n# zfs list -o name,devices,exec,setuid,canmount,mounted,mountpoint -t all\nNAME             DEVICES  EXEC  SETUID  CANMOUNT  MOUNTED  MOUNTPOINT\nz0               on       on    on      on        yes      /mnt/z0\nz0/ROOT          on       on    on      on        no       none\nz0/ROOT/default  on       on    on      noauto    yes      /mnt\nz0/opt           on       on    on      on        yes      /mnt/opt\nz0/tmp           on       on    off     on        yes      /mnt/tmp\nz0/usr           on       on    on      off       no       /mnt/usr\nz0/usr/home      on       on    on      on        yes      /mnt/usr/home\nz0/usr/ports     on       on    on      on        yes      /mnt/usr/ports\nz0/usr/src       on       on    on      on        yes      /mnt/usr/src\nz0/var           on       on    on      off       no       /mnt/var\nz0/var/audit     on       off   off     on        yes      /mnt/var/audit\nz0/var/crash     on       off   off     on        yes      /mnt/var/crash\nz0/var/db        on       on    off     on        yes      /mnt/var/db\nz0/var/log       on       off   off     on        yes      /mnt/var/log\nz0/var/mail      on       on    on      on        yes      /mnt/var/mail\nz0/var/opt       on       on    on      on        yes      /mnt/var/opt\nz0/var/tmp       on       on    off     on        yes      /mnt/var/tmp\n# \n#\n\nLooks fine.\n\nNow the Microsoft UEFI disaster travesty : \n\n# newfs_msdos /dev/ada3p1\n/dev/ada3p1: 523984 sectors in 32749 FAT16 clusters (8192 bytes/cluster)\nBytesPerSec=512 SecPerClust=16 ResSectors=1 FATs=2 RootDirEnts=512 Media=0xf0 FATsecs=128 SecPerTrack=63 Heads=16 HiddenSecs=0 HugeSectors=524288\n# \n# mkdir /tmp/target_efi\n# \n# mount_msdosfs /dev/ada3p1 /tmp/target_efi\n# mkdir /tmp/target_efi/EFI\n# mkdir /tmp/target_efi/EFI/BOOT\n# \n# ls -l /boot/loader.efi\n-r-xr-xr-x  2 root  wheel  909824 Apr  7 05:08 /boot/loader.efi\n# \n# file /boot/loader.efi\n/boot/loader.efi: PE32+ executable (EFI application) x86-64, for MS Windows\n# \n# cp /boot/loader.efi /tmp/target_efi/EFI/BOOT/BOOTX64.EFI\n# \n# umount /dev/ada3p1\n# \n \nDisgusting but that should \"just work\".\n\nExit here to the installer on serial console and follow a few prompts.\n\nAt first boot it all looks fine : \n\n\nOK set verbose_loading=\"YES\"\nOK boot\nLoading kernel...\n/boot/kernel/kernel text=0x18aa98 text=0xdfd150 text=0x675154 data=0x140 data=0x1c38e8+0x43b718 0x8+0x18fe70+0x8+0x1ae449-\nLoading configured modules...\n/boot/entropy size=0x1000\n/boot/kernel/cryptodev.ko size 0xa4a0 at 0x2140000\ncan't find '/etc/hostid'\n/boot/kernel/zfs.ko size 0x59dfa8 at 0x214b000\nstaging 0x6c200000 (not copying) tramp 0x6c089000 PT4 0x6c080000\nStart @ 0xffffffff8038b000 ...\nEFI framebuffer information:\naddr, size     0xf9000000, 0x1d4c00\ndimensions     800 x 600\nstride         800\nmasks          0x00ff0000, 0x0000ff00, 0x000000ff, 0xff000000\n---\u003c\u003cBOOT\u003e\u003e---\nCopyright (c) 1992-2021 The FreeBSD Project.\nCopyright (c) 1979, 1980, 1983, 1986, 1988, 1989, 1991, 1992, 1993, 1994\n        The Regents of the University of California. All rights reserved.\nFreeBSD is a registered trademark of The FreeBSD Foundation.\nFreeBSD 13.2-RELEASE releng/13.2-n254617-525ecfdad597 GENERIC amd64\nFreeBSD clang version 14.0.5 (https://github.com/llvm/llvm-project.git llvmorg-14.0.5-0-gc12386ae247c)\nVT(efifb): resolution 800x600\nCPU: Intel(R) Xeon(R) CPU E5-1650 v3 @ 3.50GHz (3492.13-MHz K8-class CPU)\n  Origin=\"GenuineIntel\"  Id=0x306f2  Family=0x6  Model=0x3f  Stepping=2\n  Features=0xbfebfbff\u003cFPU,VME,DE,PSE,TSC,MSR,PAE,MCE,CX8,APIC,SEP,MTRR,PGE,MCA,CMOV,PAT,PSE36,CLFLUSH,DTS,ACPI,MMX,FXSR,SSE,SSE2,SS,HTT,TM,PBE\u003e\n  Features2=0x7ffefbff\u003cSSE3,PCLMULQDQ,DTES64,MON,DS_CPL,VMX,SMX,EST,TM2,SSSE3,SDBG,FMA,CX16,xTPR,PDCM,PCID,DCA,SSE4.1,SSE4.2,x2APIC,MOVBE,POPCNT,TSCDLT,AESNI,XSAVE,OSXSAVE,AVX,F16C,RDRAND\u003e\n  AMD Features=0x2c100800\u003cSYSCALL,NX,Page1GB,RDTSCP,LM\u003e\n  AMD Features2=0x21\u003cLAHF,ABM\u003e\n  Structured Extended Features=0x37ab\u003cFSGSBASE,TSCADJ,BMI1,AVX2,SMEP,BMI2,ERMS,INVPCID,PQM,NFPUSG\u003e\n  Structured Extended Features3=0x9c000400\u003cMD_CLEAR,IBPB,STIBP,L1DFL,SSBD\u003e\n  XSAVE Features=0x1\u003cXSAVEOPT\u003e\n  VT-x: PAT,HLT,MTF,PAUSE,EPT,UG,VPID,VID,PostIntr\n  TSC: P-state invariant, performance statistics\nreal memory  = 51539607552 (49152 MB)\navail memory = 49962668032 (47648 MB)\nEvent timer \"LAPIC\" quality 600\nACPI APIC Table: \u003cLENOVO TC-A4   \u003e\nFreeBSD/SMP: Multiprocessor System Detected: 12 CPUs\nFreeBSD/SMP: 1 package(s) x 6 core(s) x 2 hardware threads\nrandom: registering fast source Intel Secure Key RNG\nrandom: fast provider: \"Intel Secure Key RNG\"\nrandom: unblocking device.\nioapic0 \u003cVersion 2.0\u003e irqs 0-23\nioapic1 \u003cVersion 2.0\u003e irqs 24-47\nLaunching APs: 1 6 2 5 4 8 9 7 3 10 11\nrandom: entropy device external interface\nkbd1 at kbdmux0\nefirtc0: \u003cEFI Realtime Clock\u003e\nefirtc0: registered as a time-of-day clock, resolution 1.000000s\nsmbios0: \u003cSystem Management BIOS\u003e at iomem 0x7c4a7a98-0x7c4a7ab6\nsmbios0: Version: 2.8, BCD Revision: 2.7\naesni0: \u003cAES-CBC,AES-CCM,AES-GCM,AES-ICM,AES-XTS\u003e\nacpi0: \u003cLENOVO TC-A4\u003e\nacpi0: Power Button (fixed)\ncpu0: \u003cACPI CPU\u003e on acpi0\natrtc0: \u003cAT realtime clock\u003e port 0x70-0x71,0x74-0x77 irq 8 on acpi0\natrtc0: registered as a time-of-day clock, resolution 1.000000s\nEvent timer \"RTC\" frequency 32768 Hz quality 0\nattimer0: \u003cAT timer\u003e port 0x40-0x43,0x50-0x53 irq 0 on acpi0\nTimecounter \"i8254\" frequency 1193182 Hz quality 0\nEvent timer \"i8254\" frequency 1193182 Hz quality 100\nhpet0: \u003cHigh Precision Event Timer\u003e iomem 0xfed00000-0xfed003ff on acpi0\nTimecounter \"HPET\" frequency 14318180 Hz quality 950\nEvent timer \"HPET\" frequency 14318180 Hz quality 350\nEvent timer \"HPET1\" frequency 14318180 Hz quality 340\nEvent timer \"HPET2\" frequency 14318180 Hz quality 340\nEvent timer \"HPET3\" frequency 14318180 Hz quality 340\nEvent timer \"HPET4\" frequency 14318180 Hz quality 340\nEvent timer \"HPET5\" frequency 14318180 Hz quality 340\nEvent timer \"HPET6\" frequency 14318180 Hz quality 340\nEvent timer \"HPET7\" frequency 14318180 Hz quality 340\nTimecounter \"ACPI-fast\" frequency 3579545 Hz quality 900\nacpi_timer0: \u003c24-bit timer at 3.579545MHz\u003e port 0x408-0x40b on acpi0\npcib0: \u003cACPI Host-PCI bridge\u003e on acpi0\npci0: \u003cACPI PCI bus\u003e on pcib0\npci0: \u003cdasp, performance counters\u003e at device 11.1 (no driver attached)\npci0: \u003cdasp, performance counters\u003e at device 11.2 (no driver attached)\npci0: \u003cdasp, performance counters\u003e at device 16.1 (no driver attached)\npci0: \u003cdasp, performance counters\u003e at device 16.6 (no driver attached)\npci0: \u003cdasp, performance counters\u003e at device 18.1 (no driver attached)\nacpi_syscontainer0: \u003cSystem Container\u003e on acpi0\nacpi_syscontainer1: \u003cSystem Container\u003e on acpi0\nacpi_syscontainer2: \u003cSystem Container\u003e on acpi0\nacpi_syscontainer3: \u003cSystem Container\u003e on acpi0\napei0: \u003cACPI Platform Error Interface\u003e on acpi0\npcib1: \u003cACPI Host-PCI bridge\u003e port 0xcf8-0xcff numa-domain 0 on acpi0\npci1: \u003cACPI PCI bus\u003e numa-domain 0 on pcib1\npcib2: \u003cACPI PCI-PCI bridge\u003e irq 26 at device 1.0 numa-domain 0 on pci1\npci2: \u003cACPI PCI bus\u003e numa-domain 0 on pcib2\npcib3: \u003cACPI PCI-PCI bridge\u003e irq 26 at device 1.1 numa-domain 0 on pci1\npci3: \u003cACPI PCI bus\u003e numa-domain 0 on pcib3\npcib4: \u003cACPI PCI-PCI bridge\u003e irq 32 at device 2.0 numa-domain 0 on pci1\npci4: \u003cACPI PCI bus\u003e numa-domain 0 on pcib4\nvgapci0: \u003cVGA-compatible display\u003e port 0xe000-0xe07f mem 0xfa000000-0xfaffffff,0xf0000000-0xf7ffffff,0xf8000000-0xf9ffffff irq 32 at device 0.0 numa-domain 0 on pci4\nvgapci0: Boot video device\nhdac0: \u003cNVIDIA (0x0e0f) HDA Controller\u003e mem 0xfb080000-0xfb083fff irq 36 at device 0.1 numa-domain 0 on pci4\npcib5: \u003cACPI PCI-PCI bridge\u003e irq 40 at device 3.0 numa-domain 0 on pci1\npci5: \u003cACPI PCI bus\u003e numa-domain 0 on pcib5\nix0: \u003cIntel(R) X520 82599ES (SFI/SFP+)\u003e port 0xd020-0xd03f mem 0xfb200000-0xfb2fffff,0xfb404000-0xfb407fff irq 44 at device 0.0 numa-domain 0 on pci5\nix0: Using 2048 TX descriptors and 2048 RX descriptors\nix0: Using 6 RX queues 6 TX queues\nix0: Using MSI-X interrupts with 7 vectors\nix0: allocated for 6 queues\nix0: allocated for 6 rx queues\nix0: Ethernet address: 8c:dc:d4:ae:1d:3c\nix0: PCI Express Bus: Speed 5.0GT/s Width x8\nix0: Option ROM V1-b1099-p0 eTrack 0x80000811 PHY FW V65535\nix0: netmap queues/slots: TX 6/2048, RX 6/2048\nix1: \u003cIntel(R) X520 82599ES (SFI/SFP+)\u003e port 0xd000-0xd01f mem 0xfb100000-0xfb1fffff,0xfb400000-0xfb403fff irq 40 at device 0.1 numa-domain 0 on pci5\nix1: Using 2048 TX descriptors and 2048 RX descriptors\nix1: Using 6 RX queues 6 TX queues\nix1: Using MSI-X interrupts with 7 vectors\nix1: allocated for 6 queues\nix1: allocated for 6 rx queues\nix1: Ethernet address: 8c:dc:d4:ae:1d:3d\nix1: PCI Express Bus: Speed 5.0GT/s Width x8\nix1: Option ROM V1-b1099-p0 eTrack 0x80000811 PHY FW V65535\nix1: netmap queues/slots: TX 6/2048, RX 6/2048\npci1: \u003cunknown\u003e at device 17.0 (no driver attached)\nahci0: \u003cIntel Wellsburg AHCI SATA controller\u003e port 0xf130-0xf137,0xf120-0xf123,0xf110-0xf117,0xf100-0xf103,0xf040-0xf05f mem 0xfb538000-0xfb5387ff irq 16 at device 17.4 numa-domain 0 on pci1\nahci0: AHCI v1.30 with 4 6Gbps ports, Port Multiplier not supported\nahcich0: \u003cAHCI channel\u003e at channel 0 on ahci0\nahcich1: \u003cAHCI channel\u003e at channel 1 on ahci0\nahcich3: \u003cAHCI channel\u003e at channel 3 on ahci0\nahciem0: \u003cAHCI enclosure management bridge\u003e on ahci0\nxhci0: \u003cIntel Wellsburg USB 3.0 controller\u003e mem 0xfb520000-0xfb52ffff irq 19 at device 20.0 numa-domain 0 on pci1\nxhci0: 32 bytes context size, 64-bit DMA\nusbus0 numa-domain 0 on xhci0\nusbus0: 5.0Gbps Super Speed USB v3.0\npci1: \u003csimple comms\u003e at device 22.0 (no driver attached)\natapci0: \u003cIntel ATA controller\u003e port 0xf0f0-0xf0f7,0xf0e0-0xf0e3,0xf0d0-0xf0d7,0xf0c0-0xf0c3,0xf0b0-0xf0bf irq 16 at device 22.2 numa-domain 0 on pci1\nata2: \u003cATA channel\u003e at channel 0 on atapci0\nata3: \u003cATA channel\u003e at channel 1 on atapci0\nuart2: \u003cIntel Corporation C610/X99 series chipset KT Controller\u003e port 0xf0a0-0xf0a7 mem 0xfb536000-0xfb536fff irq 17 at device 22.3 numa-domain 0 on pci1\nuart2: Using 1 MSI message\nem0: \u003cIntel(R) I218-LM (2)\u003e port 0xf020-0xf03f mem 0xfb500000-0xfb51ffff,0xfb535000-0xfb535fff irq 20 at device 25.0 numa-domain 0 on pci1\nem0: EEPROM V0.1-4\nem0: Using 1024 TX descriptors and 1024 RX descriptors\nem0: Using an MSI interrupt\nem0: Ethernet address: 6c:0b:84:a9:0f:9c\nem0: netmap queues/slots: TX 1/1024, RX 1/1024\nehci0: \u003cIntel Wellsburg USB 2.0 controller\u003e mem 0xfb534000-0xfb5343ff irq 18 at device 26.0 numa-domain 0 on pci1\nusbus1: EHCI version 1.0\nusbus1 numa-domain 0 on ehci0\nusbus1: 480Mbps High Speed USB v2.0\npcib6: \u003cACPI PCI-PCI bridge\u003e irq 16 at device 28.0 numa-domain 0 on pci1\npci6: \u003cACPI PCI bus\u003e numa-domain 0 on pcib6\npcib7: \u003cACPI PCI-PCI bridge\u003e irq 17 at device 28.1 numa-domain 0 on pci1\npci7: \u003cACPI PCI bus\u003e numa-domain 0 on pcib7\npcib8: \u003cACPI PCI-PCI bridge\u003e irq 17 at device 0.0 numa-domain 0 on pci7\npci8: \u003cACPI PCI bus\u003e numa-domain 0 on pcib8\nehci1: \u003cIntel Wellsburg USB 2.0 controller\u003e mem 0xfb533000-0xfb5333ff irq 18 at device 29.0 numa-domain 0 on pci1\nusbus2: EHCI version 1.0\nusbus2 numa-domain 0 on ehci1\nusbus2: 480Mbps High Speed USB v2.0\nisab0: \u003cPCI-ISA bridge\u003e at device 31.0 numa-domain 0 on pci1\nisa0: \u003cISA bus\u003e numa-domain 0 on isab0\nahci1: \u003cIntel Wellsburg AHCI SATA controller\u003e port 0xf090-0xf097,0xf080-0xf083,0xf070-0xf077,0xf060-0xf063,0xf000-0xf01f mem 0xfb532000-0xfb5327ff irq 16 at device 31.2 numa-domain 0 on pci1\nahci1: AHCI v1.30 with 4 6Gbps ports, Port Multiplier not supported\nahcich4: \u003cAHCI channel\u003e at channel 0 on ahci1\nahcich5: \u003cAHCI channel\u003e at channel 1 on ahci1\nahcich6: \u003cAHCI channel\u003e at channel 2 on ahci1\nahciem1: \u003cAHCI enclosure management bridge\u003e on ahci1\nacpi_button0: \u003cPower Button\u003e on acpi0\nuart0: console (9600,n,8,1)\u003e port 0x3f8-0x3ff irq 4 flags 0x10 on acpi0\natkbdc0: \u003cKeyboard controller (i8042)\u003e port 0x60,0x64 irq 1 on acpi0\natkbd0: \u003cAT Keyboard\u003e irq 1 on atkbdc0\nkbd0 at atkbd0\natkbd0: [GIANT-LOCKED]\nest0: \u003cEnhanced SpeedStep Frequency Control\u003e on cpu0\nTimecounter \"TSC-low\" frequency 1745956841 Hz quality 1000\nTimecounters tick every 1.000 msec\nZFS filesystem version: 5\nZFS storage pool version: features support (5000)\nhdacc0: \u003cNVIDIA (0x0051) HDA CODEC\u003e at cad 0 on hdac0\nhdaa0: \u003cNVIDIA (0x0051) Audio Function Group\u003e at nid 1 on hdacc0\npcm0: \u003cNVIDIA (0x0051) (HDMI/DP 8ch)\u003e at nid 4 on hdaa0\npcm1: \u003cNVIDIA (0x0051) (HDMI/DP 8ch)\u003e at nid 5 on hdaa0\nTrying to mount root from zfs:z0/ROOT/default []...\nugen1.1: \u003cIntel EHCI root HUB\u003e at usbus1\nugen2.1: \u003cIntel EHCI root HUB\u003e at usbus2\nugen0.1: \u003cIntel XHCI root HUB\u003e at usbus0\nuhub0 numa-domain 0 on usbus1\nuhub0: \u003cIntel EHCI root HUB, class 9/0, rev 2.00/1.00, addr 1\u003e on usbus1\nuhub1 numa-domain 0 on usbus2\nuhub1: \u003cIntel EHCI root HUB, class 9/0, rev 2.00/1.00, addr 1\u003e on usbus2\nuhub2 numa-domain 0 on usbus0\nuhub2: \u003cIntel XHCI root HUB, class 9/0, rev 3.00/1.00, addr 1\u003e on usbus0\nRoot mount waiting for: CAM usbus0 usbus1 usbus2\nuhub0: 2 ports with 2 removable, self powered\nuhub1: 2 ports with 2 removable, self powered\nuhub2: 21 ports with 21 removable, self powered\nugen1.2: \u003cvendor 0x8087 product 0x800a\u003e at usbus1\nuhub3 numa-domain 0 on uhub0\nuhub3: \u003cvendor 0x8087 product 0x800a, class 9/0, rev 2.00/0.05, addr 2\u003e on usbus1\nRoot mount waiting for: CAM usbus0 usbus1 usbus2\nses0 at ahciem0 bus 0 scbus3 target 0 lun 0\nses0: \u003cAHCI SGPIO Enclosure 2.00 0001\u003e SEMB S-E-S 2.00 device\nses0: SEMB SES Device\nses1 at ahciem1 bus 0 scbus9 target 0 lun 0\nses1: \u003cAHCI SGPIO Enclosure 2.00 0001\u003e SEMB S-E-S 2.00 device\nses1: SEMB SES Device\nses0: (none) in 'Slot 00', SATA Slot: scbus0 target 0\nses1: (none) in 'Slot 00', SATA Slot: scbus6 target 0\nugen2.2: \u003cvendor 0x8087 product 0x8002\u003e at usbus2\nses0: (none) in 'Slot 01', SATA Slot: scbus1 target 0\nses1: (none) in 'Slot 01', SATA Slot: scbus7 target 0\nuhub4ses0: (none) in 'Slot 03', SATA Slot: scbus2 target 0\n numa-domain 0ada0 at ahcich0 bus 0 scbus0 target 0 lun 0\nada0: \u003cST8000NM002A-2KE102 NN02\u003e ACS-4 ATA SATA 3.x device\nada0: Serial Number WSD0N69R\nada0: 600.000MB/s transfers (SATA 3.x, UDMA6, PIO 8192bytes)\nada0: Command Queueing enabled\nada0: 7630885MB (1953506646 4096 byte sectors)\n on uhub1\nada1 at ahcich1 bus 0 scbus1 target 0 lun 0\nada1: \u003cST16000NM000J-2TW103 SN02\u003e ACS-4 ATA SATA 3.x device\nada1: Serial Number ZR56SFN7\nada1: 600.000MB/s transfers (SATA 3.x, UDMA6, PIO 8192bytes)\nada1: Command Queueing enabled\nada1: 15259648MB (31251759104 512 byte sectors)\nuhub4: \u003cvendor 0x8087 product 0x8002, class 9/0, rev 2.00/0.05, addr 2\u003e on usbus2\nada2 at ahcich3 bus 0 scbus2 target 0 lun 0\nada2: \u003cST8000NM002A-2KE102 NN03\u003e ACS-4 ATA SATA 3.x device\nada2: Serial Number WSD3442G\nada2: 600.000MB/s transfers (SATA 3.x, UDMA6, PIO 8192bytes)\nada2: Command Queueing enabled\nada2: 7630885MB (1953506646 4096 byte sectors)\nRoot mount waiting for: CAM usbus0 usbus1 usbus2ugen0.2: \u003cVIA Labs, Inc. USB Hub\u003e at usbus0\n ada\nuhub5 numa-domain 0 on uhub2\nuhub5: \u003cVIA Labs, Inc. USB Hub, class 9/0, rev 2.10/53.80, addr 1\u003e on usbus0\nada3 at ahcich4 bus 0 scbus6 target 0 lun 0\nada3: \u003cSamsung SSD 870 QVO 1TB SVQ01B6Q\u003e ACS-4 ATA SATA 3.x device\nada3: Serial Number S5VSNG0NA27505M\nada3: 600.000MB/s transfers (SATA 3.x, UDMA6, PIO 512bytes)\nada3: Command Queueing enabled\nada3: 953869MB (1953525168 512 byte sectors)\nuhub3: 6 ports with 6 removable, self powered\nada4 at ahcich5 bus 0 scbus7 target 0 lun 0\nada4: \u003cST8000NM002A-2KE102 NN02\u003e ACS-4 ATA SATA 3.x device\nada4: Serial Number WSD0NAK6\nada4: 600.000MB/s transfers (SATA 3.x, UDMA6, PIO 8192bytes)\nada4: Command Queueing enabled\nada4: 7630885MB (1953506646 4096 byte sectors)\nuhub4: 8 ports with 8 removable, self powered\nuhub5: 4 ports with 4 removable, self powered\nRoot mount waiting for: usbus0\nugen0.3: \u003cGeneric USB2.0-CRW\u003e at usbus0\nugen0.4: \u003cVIA Labs, Inc. USB Hub\u003e at usbus0\nuhub6 numa-domain 0 on uhub2\nuhub6: \u003cVIA Labs, Inc. USB Hub, class 9/0, rev 3.00/53.85, addr 3\u003e on usbus0\nRoot mount waiting for: usbus0\nRoot mount waiting for: usbus0\nuhub6: 4 ports with 4 removable, self powered\nNo suitable dump device was found.\nSetting hostuuid: 2cf31f49-9068-e611-a367-6c0b84a90f9c.\nSetting hostid: 0xdb4c6c9e.\nStarting file system checks:\nMounting local filesystems:.\nELF ldconfacpi_wmi0: \u003cACPI-WMI mapping\u003e on acpi0\nacpi_wmi0: cannot find EC device\nacpi_wmi0: Embedded MOF found\nACPI: \\WMI1.WQCA: 1 arguments were passed to a non-method ACPI object (Buffer) (20201113/nsarguments-361)\nacpi_wmi1: \u003cACPI-WMI mapping\u003e on acpi0\nacpi_wmi1: cannot find EC device\nacpi_wmi2: \u003cACPI-WMI mapping\u003e on acpi0\nacpi_wmi2: cannot find EC device\nacpi_wmi3: \u003cACPI-WMI mapping\u003e port 0xa10-0xa1f on acpi0\nacpi_wmi3: cannot find EC device\nichsmb0: \u003cIntel Wellsburg SMBus controller\u003e port 0x580-0x59f mem 0xfb531000-0xfb5310ff irq 18 at device 31.3 numa-domain 0 on pci1\nsmbus0: \u003cSystem Management Bus\u003e numa-domain 0 on ichsmb0\nig path: /lib /usr/lib /usr/lib/lo0: link state changed to UP\ncompat\n32-bit compatibility ldconfig path: /usr/lib32\nSetting hostname: pluto.\nSetting up harvesting: PURE_RDRAND,[UMA],[FS_ATIME],SWI,INTERRUPT,NET_NG,[NET_ETHER],NET_TUN,MOUSE,KEYBOARD,ATTACH,CACHED\nFeeding entropy: .\nAutoloading module: acpi_wmi\nAutoloading module: ichsmb\nStarting Network: lo0 ix0 ix1 em0.\nlo0: flags=8049\u003cUP,LOOPBACK,RUNNING,MULTICAST\u003e metric 0 mtu 16384\n        options=680003\u003cRXCSUM,TXCSUM,LINKSTATE,RXCSUM_IPV6,TXCSUM_IPV6\u003e\n        inet6 ::1 prefixlen 128\n        inet6 fe80::1%lo0 prefixlen 64 scopeid 0x4\n        inet 127.0.0.1 netmask 0xff000000\n        groups: lo\n        nd6 options=21\u003cPERFORMNUD,AUTO_LINKLOCAL\u003e\nix0: flags=8822\u003cBROADCAST,SIMPLEX,MULTICAST\u003e metric 0 mtu 1500\n        options=4e53fbb\u003cRXCSUM,TXCSUM,VLAN_MTU,VLAN_HWTAGGING,JUMBO_MTU,VLAN_HWCSUM,TSO4,TSO6,LRO,WOL_UCAST,WOL_MCAST,WOL_MAGIC,VLAN_HWFILTER,VLAN_HWTSO,RXCSUM_IPV6,TXCSUM_IPV6,NOMAP\u003e\n        ether 8c:dc:d4:ae:1d:3c\n        media: Ethernet autoseem0: link state changed to UP\nlect\n        status: no carrier\n        nd6 options=29\u003cPERFORMNUD,IFDISABLED,AUTO_LINKLOCAL\u003e\nix1: flags=8822\u003cBROADCAST,SIMPLEX,MULTICAST\u003e metric 0 mtu 1500\n        options=4e53fbb\u003cRXCSUM,TXCSUM,VLAN_MTU,VLAN_HWTAGGING,JUMBO_MTU,VLAN_HWCSUM,TSO4,TSO6,LRO,WOL_UCAST,WOL_MCAST,WOL_MAGIC,VLAN_HWFILTER,VLAN_HWTSO,RXCSUM_IPV6,TXCSUM_IPV6,NOMAP\u003e\n        ether 8c:dc:d4:ae:1d:3d\n        media: Ethernet autoselect\n        status: no carrier\n        nd6 options=29\u003cPERFORMNUD,IFDISABLED,AUTO_LINKLOCAL\u003e\nem0: flags=8863\u003cUP,BROADCAST,RUNNING,SIMPLEX,MULTICAST\u003e metric 0 mtu 1500\n        options=481049b\u003cRXCSUM,TXCSUM,VLAN_MTU,VLAN_HWTAGGING,VLAN_HWCSUM,LRO,VLAN_HWFILTER,NOMAP\u003e\n        ether 6c:0b:84:a9:0f:9c\n        inet 172.16.35.42 netmask 0xffffffc0 broadcast 172.16.35.63\n        media: Ethernet autoselect\n        status: no carrier\n        nd6 options=29\u003cPERFORMNUD,IFDISABLED,AUTO_LINKLOCAL\u003e\nStarting devd.\nStarting Network: ix0.\nix0: flags=8822\u003cBROADCAST,SIMPLEX,MULTICAST\u003e metric 0 mtu 1500\n        options=4e53fbb\u003cRXCSUM,TXCSUM,VLAN_MTU,VLAN_HWTAGGING,JUMBO_MTU,VLAN_HWCSUM,TSO4,TSO6,LRO,WOL_UCAST,WOL_MCAST,WOL_MAGIC,VLAN_HWFILTER,VLAN_HWTSO,RXCSUM_IPV6,TXCSUM_IPV6,NOMAP\u003e\n        ether 8c:dc:d4:ae:1d:3c\n        media: Ethernet autoselect\n        status: no carrier\n        nd6 options=29\u003cPERFORMNUD,IFDISABLED,AUTO_LINKLOCAL\u003e\nStarting Network: ix1.\nix1: flags=8822\u003cBROADCAST,SIMPLEX,MULTICAST\u003e metric 0 mtu 1500\n        options=4e53fbb\u003cRXCSUM,TXCSUM,VLAN_MTU,VLAN_HWTAGGING,JUMBO_MTU,VLAN_HWCSUM,TSO4,TSO6,LRO,WOL_UCAST,WOL_MCAST,WOL_MAGIC,VLAN_HWFILTER,VLAN_HWTSO,RXCSUM_IPV6,TXCSUM_IPV6,NOMAP\u003e\n        ether 8c:dc:d4:ae:1d:3d\n        media: Ethernet autoselect\n        status: no carrier\n        nd6 options=29\u003cPERFORMNUD,IFDISABLED,AUTO_LINKLOCAL\u003e\nadd host 127.0.0.1: gateway lo0 fib 0: route already in table\nadd net default: gateway 172.16.35.1\nadd host ::1: gateway lo0 fib 0: route already in table\nadd net fe80::: gateway ::1\nadd net ff02::: gateway ::1\nadd net ::ffff:0.0.0.0: gateway ::1\nadd net ::0.0.0.0: gateway ::1\nUpdating /var/run/os-release done.\nUpdating motd:.\nClearing /tmp.\nCreating and/or trimming log files.\nStarting syslogd.\nSetting date via ntp.\n13 May 22:54:56 ntpdate[2172]: sSecurity policy loaded: MAC/ntpd (mac_ntpd)\ntep time server 206.108.0.132 offset -0.943560 sec\nstat: /var/db/ntp: No such file or directory\nStarting ntpd.\nMay 13 22:54:56 pluto ntpd[2212]: pid file /var/db/ntp/ntpd.pid: No such file or directory\nMounting late filesystems:.\nConfiguring vt: blanktime.\nGenerating RSA host key.\n3072 SHA256:OesZVyPR19Il4LUKVRDF3mTLeHamqDPCVopCLuDxOqI root@pluto (RSA)\nGenerating ECDSA host key.\n256 SHA256:lfz1ign7O8DmnaTVhpl15ZHNklao51tBoklwowtCVUM root@pluto (ECDSA)\nGenerating ED25519 host key.\n256 SHA256:QBasgUF0f+R0pTMOrm+nYzVarQDfabhbYrhV7R+KbnM root@pluto (ED25519)\nPerforming sanity check on sshd configuration.\nStarting sshd.\nStarting sendmail_submit.\nStarting sendmail_msp_queue.\nStarting cron.\n\nFreeBSD/amd64 (pluto) (ttyu0)\n\nlogin: root\nPassword:\nMay 13 22:55:18 pluto login[2336]: ROOT LOGIN (root) ON ttyu0\nFreeBSD 13.2-RELEASE releng/13.2-n254617-525ecfdad597 GENERIC\n\nWelcome to FreeBSD!\n\nRelease Notes, Errata: https://www.FreeBSD.org/releases/\nSecurity Advisories:   https://www.FreeBSD.org/security/\nFreeBSD Handbook:      https://www.FreeBSD.org/handbook/\nFreeBSD FAQ:           https://www.FreeBSD.org/faq/\nQuestions List:        https://www.FreeBSD.org/lists/questions/\nFreeBSD Forums:        https://forums.FreeBSD.org/\n\nDocuments installed with the system are in the /usr/local/share/doc/freebsd/\ndirectory, or can be installed later with:  pkg install en-freebsd-doc\nFor other languages, replace \"en\" with a language code like de or fr.\n\nShow the version of FreeBSD installed:  freebsd-version ; uname -a\nPlease include that output and any error messages when posting questions.\nIntroduction to manual pages:  man man\nFreeBSD directory layout:      man hier\n\nTo change this login announcement, see motd(5).\nYou have mail.\nroot@pluto:~ # \nroot@pluto:~ # uname -apKU\nFreeBSD pluto 13.2-RELEASE FreeBSD 13.2-RELEASE releng/13.2-n254617-525ecfdad597 GENERIC amd64 amd64 1302001 1302001\nroot@pluto:~ # ifconfig -a \nix0: flags=8822\u003cBROADCAST,SIMPLEX,MULTICAST\u003e metric 0 mtu 1500\n        options=4e53fbb\u003cRXCSUM,TXCSUM,VLAN_MTU,VLAN_HWTAGGING,JUMBO_MTU,VLAN_HWCSUM,TSO4,TSO6,LRO,WOL_UCAST,WOL_MCAST,WOL_MAGIC,VLAN_HWFILTER,VLAN_HWTSO,RXCSUM_IPV6,TXCSUM_IPV6,NOMAP\u003e\n        ether 8c:dc:d4:ae:1d:3c\n        media: Ethernet autoselect\n        status: no carrier\n        nd6 options=29\u003cPERFORMNUD,IFDISABLED,AUTO_LINKLOCAL\u003e\nix1: flags=8822\u003cBROADCAST,SIMPLEX,MULTICAST\u003e metric 0 mtu 1500\n        options=4e53fbb\u003cRXCSUM,TXCSUM,VLAN_MTU,VLAN_HWTAGGING,JUMBO_MTU,VLAN_HWCSUM,TSO4,TSO6,LRO,WOL_UCAST,WOL_MCAST,WOL_MAGIC,VLAN_HWFILTER,VLAN_HWTSO,RXCSUM_IPV6,TXCSUM_IPV6,NOMAP\u003e\n        ether 8c:dc:d4:ae:1d:3d\n        media: Ethernet autoselect\n        status: no carrier\n        nd6 options=29\u003cPERFORMNUD,IFDISABLED,AUTO_LINKLOCAL\u003e\nem0: flags=8863\u003cUP,BROADCAST,RUNNING,SIMPLEX,MULTICAST\u003e metric 0 mtu 1500\n        options=481049b\u003cRXCSUM,TXCSUM,VLAN_MTU,VLAN_HWTAGGING,VLAN_HWCSUM,LRO,VLAN_HWFILTER,NOMAP\u003e\n        ether 6c:0b:84:a9:0f:9c\n        inet 172.16.35.42 netmask 0xffffffc0 broadcast 172.16.35.63\n        media: Ethernet autoselect (1000baseT \u003cfull-duplex\u003e)\n        status: active\n        nd6 options=29\u003cPERFORMNUD,IFDISABLED,AUTO_LINKLOCAL\u003e\nlo0: flags=8049\u003cUP,LOOPBACK,RUNNING,MULTICAST\u003e metric 0 mtu 16384\n        options=680003\u003cRXCSUM,TXCSUM,LINKSTATE,RXCSUM_IPV6,TXCSUM_IPV6\u003e\n        inet6 ::1 prefixlen 128\n        inet6 fe80::1%lo0 prefixlen 64 scopeid 0x4\n        inet 127.0.0.1 netmask 0xff000000\n        groups: lo\n        nd6 options=21\u003cPERFORMNUD,AUTO_LINKLOCAL\u003e\nroot@pluto:~ # \nroot@pluto:~ # zfs list \nNAME              USED  AVAIL     REFER  MOUNTPOINT\nz0                648M   891G       24K  /z0\nz0/ROOT           647M   891G       24K  none\nz0/ROOT/default   647M   891G      647M  /\nz0/opt             24K   891G       24K  /opt\nz0/tmp             24K   891G       24K  /tmp\nz0/usr            104K   891G       24K  /usr\nz0/usr/home      31.5K   891G     31.5K  /usr/home\nz0/usr/ports       24K   891G       24K  /usr/ports\nz0/usr/src         24K   891G       24K  /usr/src\nz0/var           1.02M   891G       24K  /var\nz0/var/audit       24K   891G       24K  /var/audit\nz0/var/crash       24K   891G       24K  /var/crash\nz0/var/db         870K   891G      870K  /var/db\nz0/var/log       30.5K   891G     30.5K  /var/log\nz0/var/mail        24K   891G       24K  /var/mail\nz0/var/opt         24K   891G       24K  /var/opt\nz0/var/tmp         24K   891G       24K  /var/tmp\nroot@pluto:~ #\n\nThis looks fine to me.\n\nHowever : \n\n\nroot@pluto:~ # \nYou have new mail.\nroot@pluto:~ # mail\nMail version 8.1 6/6/93.  Type ? for help.\n\"/var/mail/root\": 2 messages 2 new\n\u003eN  1 operator@pluto        Sat May 13 22:55  24/1035  \"Cron \u003coperator@pluto\u003e\"\n N  2 operator@pluto        Sat May 13 23:00  24/1035  \"Cron \u003coperator@pluto\u003e\"\n\u0026 1\nMessage 1:\nFrom operator@pluto Sat May 13 22:55:00 2023\nDate: Sat, 13 May 2023 22:55:00 GMT\nFrom: Cron Daemon \u003coperator@pluto\u003e\nTo: operator@pluto\nSubject: Cron \u003coperator@pluto\u003e /usr/libexec/save-entropy\nX-Cron-Env: \u003cSHELL=/bin/sh\u003e\nX-Cron-Env: \u003cPATH=/sbin:/bin:/usr/sbin:/usr/bin:/usr/local/sbin:/usr/local/bin\u003e\nX-Cron-Env: \u003cLOGNAME=operator\u003e\nX-Cron-Env: \u003cUSER=operator\u003e\n\ninstall: mkdir /var/db/entropy: Permission denied\n/usr/libexec/save-entropy 2347 - - The entropy directory /var/db/entropy does not exist, and cannot be created. Therefore no entropy can be saved.\n\n\u0026 q\nSaved 1 message in mbox\nHeld 1 message in /var/mail/root\nroot@pluto:~ # ls -lad  /var/db/entropy\nls: /var/db/entropy: No such file or directory\nroot@pluto:~ #  ls -la  /var/db\ntotal 7\ndrwxr-xr-x   2 root  wheel      3 May 13 22:54 .\ndrwxr-xr-x  25 root  wheel     25 May 13 22:54 ..\n-rw-r--r--   1 root  wheel  10666 Apr  7 04:27 ntpd.leap-seconds.list\nroot@pluto:~ #\n\nThere is no /var/db fs !\n\nWORSE ... none of the ZFS filesytems mounted !\n\nroot@pluto:~ # zfs list -o name,checksum,compression,compressratio,exec,setuid,mounted,mountpoint\nNAME             CHECKSUM   COMPRESS        RATIO  EXEC  SETUID  MOUNTED  MOUNTPOINT\nz0               sha512     zstd            3.18x  on    on      no       /z0\nz0/ROOT          sha512     zstd            3.18x  on    on      no       none\nz0/ROOT/default  sha512     zstd            3.18x  on    on      yes      /\nz0/opt           sha512     zstd            1.00x  on    on      no       /opt\nz0/tmp           sha512     zstd            1.00x  on    off     no       /tmp\nz0/usr           sha512     zstd            1.00x  on    on      no       /usr\nz0/usr/home      sha512     zstd            1.02x  on    on      no       /usr/home\nz0/usr/ports     sha512     zstd            1.00x  on    on      no       /usr/ports\nz0/usr/src       sha512     zstd            1.00x  on    on      no       /usr/src\nz0/var           sha512     zstd            5.12x  on    on      no       /var\nz0/var/audit     sha512     zstd            1.00x  off   off     no       /var/audit\nz0/var/crash     sha512     zstd            1.04x  off   off     no       /var/crash\nz0/var/db        sha512     zstd            5.51x  on    off     no       /var/db\nz0/var/log       sha512     zstd            4.30x  off   off     no       /var/log\nz0/var/mail      sha512     zstd            1.00x  on    on      no       /var/mail\nz0/var/opt       sha512     zstd            1.00x  on    on      no       /var/opt\nz0/var/tmp       sha512     zstd            1.00x  on    off     no       /var/tmp\nroot@pluto:~ # \nroot@pluto:~ # exit\nlogout\n\nPerhaps /var/db should never be created as a separate fs? \n\nTo be fair I have no idea what this machine looks to be a mess after an\ninitial install. Others have been looking at this also and we are as a\ncollective ... perplexed.  \n\nEnd result is that I can not trust this machine to work. It issues a \npile of emails about broken filesystems right now. Mostly just the stuff\nin /var/db which seems to be magical. I may be wrong. \n\n-- \nDennis Clarke\nRISC-V/SPARC/PPC/ARM/CISC\nsuspenders and a beard installed"
}