{
 "id": 533635,
 "bug_id": 141658,
 "attachment_id": 0,
 "creation_time": "2009-12-15T23:06:05Z",
 "creator": "olivier.certner@free.fr",
 "text": "Seems that I didn't get how attachments are supposed to work in a PR... \nAnyway, here is the dmesg with the 8.0-RELEASE i386 kernel:\n\nCopyright (c) 1992-2009 The FreeBSD Project.\nCopyright (c) 1979, 1980, 1983, 1986, 1988, 1989, 1991, 1992, 1993, 1994\n\tThe Regents of the University of California. All rights reserved.\nFreeBSD is a registered trademark of The FreeBSD Foundation.\nFreeBSD 8.0-RELEASE #0: Sat Nov 21 15:48:17 UTC 2009\n    root@almeida.cse.buffalo.edu:/usr/obj/usr/src/sys/GENERIC\nPreloaded elf kernel \"/boot/kernel/kernel\" at 0xc13a7000.\nPreloaded mfs_root \"/boot/mfsroot\" at 0xc13a71d8.\nTimecounter \"i8254\" frequency 1193182 Hz quality 0\nCalibrating TSC clock ... TSC clock: 2394011472 Hz\nCPU: Intel(R) Core(TM)2 Duo CPU     T8300  @ 2.40GHz (2394.01-MHz 686-class \nCPU)\n  Origin = \"GenuineIntel\"  Id = 0x10676  Stepping = 6\n  \nFeatures=0xbfebfbff\u003cFPU,VME,DE,PSE,TSC,MSR,PAE,MCE,CX8,APIC,SEP,MTRR,PGE,MCA,CMOV,PAT,PSE36,CLFLUSH,DTS,ACPI,MMX,FXSR,SSE,SSE2,SS,HTT,TM,PBE\u003e\n  \nFeatures2=0x8e3bd\u003cSSE3,DTES64,MON,DS_CPL,VMX,EST,TM2,SSSE3,CX16,xTPR,PDCM,SSE4.1\u003e\n  AMD Features=0x20100000\u003cNX,LM\u003e\n  AMD Features2=0x1\u003cLAHF\u003e\n  TSC: P-state invariant\n\nInstruction TLB: 4 KB Pages, 4-way set associative, 128 entries\n1st-level instruction cache: 32 KB, 8-way set associative, 64 byte line size\n1st-level data cache: 32 KB, 8-way set associative, 64 byte line size\nL2 cache: 3072 kbytes, 8-way associative, 64 bytes/line\nreal memory  = 4294967296 (4096 MB)\nPhysical memory chunk(s):\n0x0000000000001000 - 0x000000000009dfff, 643072 bytes (157 pages)\n0x0000000000100000 - 0x00000000003fffff, 3145728 bytes (768 pages)\n0x0000000001426000 - 0x00000000dbefbfff, 3668795392 bytes (895702 pages)\navail memory = 3667451904 (3497 MB)\nTable 'FACP' at 0xdfe5d09c\nTable 'HPET' at 0xdfe5d300\nTable 'APIC' at 0xdfe5d400\nMADT: Found table at 0xdfe5d400\nAPIC: Using the MADT enumerator.\nMADT: Found CPU APIC ID 0 ACPI ID 0: enabled\nSMP: Added CPU 0 (AP)\nMADT: Found CPU APIC ID 1 ACPI ID 1: enabled\nSMP: Added CPU 1 (AP)\nACPI APIC Table: \u003cDELL   M08    \u003e\nINTR: Adding local APIC 1 as a target\nFreeBSD/SMP: Multiprocessor System Detected: 2 CPUs\nFreeBSD/SMP: 1 package(s) x 2 core(s)\n cpu0 (BSP): APIC ID:  0\n cpu1 (AP): APIC ID:  1\nAPIC: CPU 0 has ACPI ID 0\nAPIC: CPU 1 has ACPI ID 1\nbios32: Found BIOS32 Service Directory header at 0xc00ffa00\nbios32: Entry = 0xffa10 (c00ffa10)  Rev = 0  Len = 1\npcibios: PCI BIOS entry at 0xf0000+0xa8b6\npnpbios: Found PnP BIOS data at 0xc00fe2d0\npnpbios: Entry = f0000:e2f4  Rev = 1.0\npnpbios: Event flag at 4b4\nOther BIOS signatures found:\nULE: setup cpu 0\nULE: setup cpu 1\nACPI: RSDP 0xfbb10 00024 (v2 DELL  )\nACPI: XSDT 0xdfe5d200 0005C (v1 DELL    M08     27D80A1E ASL  00000061)\nACPI: FACP 0xdfe5d09c 000F4 (v4 DELL    M08     27D80A1E ASL  00000061)\nACPI: DSDT 0xdfe5d800 0614C (v2 INT430 SYSFexxx 00001001 INTL 20050624)\nACPI: FACS 0xdfe6c000 00040\nACPI: HPET 0xdfe5d300 00038 (v1 DELL    M08     00000001 ASL  00000061)\nACPI: APIC 0xdfe5d400 00068 (v1 DELL    M08     27D80A1E ASL  00000047)\nACPI: ASF! 0xdfe5d000 0007E (v32 DELL    M08     27D80A1E ASL  00000061)\nACPI: MCFG 0xdfe5d3c0 0003E (v16 DELL    M08     27D80A1E ASL  00000061)\nACPI: TCPA 0xdfe5d700 00032 (v1                 00000000 ASL  00000000)\nACPI: SSDT 0xdfe5b97a 004CC (v1  PmRef    CpuPm 00003000 INTL 20050624)\nMADT: Found IO APIC ID 2, Interrupt 0 at 0xfec00000\nioapic0: Changing APIC ID to 2\nioapic0: Routing external 8259A's -\u003e intpin 0\nMADT: Interrupt override: source 0, irq 2\nioapic0: Routing IRQ 0 -\u003e intpin 2\nMADT: Interrupt override: source 9, irq 9\nioapic0: intpin 9 trigger: level\nlapic0: Routing NMI -\u003e LINT1\nlapic0: LINT1 trigger: edge\nlapic0: LINT1 polarity: high\nlapic1: Routing NMI -\u003e LINT1\nlapic1: LINT1 trigger: edge\nlapic1: LINT1 polarity: high\nioapic0 \u003cVersion 2.0\u003e irqs 0-23 on motherboard\ncpu0 BSP:\n     ID: 0x00000000   VER: 0x00050014 LDR: 0x00000000 DFR: 0xffffffff\n  lint0: 0x00010700 lint1: 0x00000400 TPR: 0x00000000 SVR: 0x000001ff\n  timer: 0x000100ef therm: 0x00010000 err: 0x00010000 pcm: 0x00010400\nwlan: \u003c802.11 Link Layer\u003e\nkbd: new array size 4\nkbd1 at kbdmux0\nmem: \u003cmemory\u003e\nPentium Pro MTRR support enabled\nnull: \u003cnull device, zero device\u003e\nrandom: \u003centropy source, Software, Yarrow\u003e\nnfslock: pseudo-device\nio: \u003cI/O\u003e\nhptrr: RocketRAID 17xx/2xxx SATA controller driver v1.2\nnpx0: INT 16 interface\nacpi0: \u003cDELL M08    \u003e on motherboard\nPCIe: Memory Mapped configuration base @ 0xf8000000\npcibios: BIOS version 2.10\nioapic0: routing intpin 9 (ISA IRQ 9) to lapic 0 vector 48\nacpi0: [MPSAFE]\nacpi0: [ITHREAD]\nacpi_bus_number: root bus has no _BBN, assuming 0\nAcpiOsDerivePciId: \\\\_SB_.PCI0.VID_.IGDP -\u003e bus 0 dev 2 func 0\nacpi_bus_number: root bus has no _BBN, assuming 0\nAcpiOsDerivePciId: \\\\_SB_.PCI0.MCHP -\u003e bus 0 dev 0 func 0\nACPI: SSDT 0xdfe6c080 00043 (v1  LMPWR  DELLLOM 00001001 INTL 20050624)\nacpi0: wakeup code va 0xc7079000 pa 0x1000\nacpi_bus_number: root bus has no _BBN, assuming 0\nAcpiOsDerivePciId: \\\\_SB_.PCI0.ISAB.PIR1 -\u003e bus 0 dev 31 func 0\nacpi_bus_number: root bus has no _BBN, assuming 0\nAcpiOsDerivePciId: \\\\_SB_.PCI0.ISAB.PIR2 -\u003e bus 0 dev 31 func 0\nacpi_hpet0: \u003cHigh Precision Event Timer\u003e iomem 0xfed00000-0xfed003ff on acpi0\nacpi_hpet0: vend: 0x8086 rev: 0x1 num: 2 hz: 14318180 opts: legacy_route \n64-bit\nTimecounter \"HPET\" frequency 14318180 Hz quality 900\nacpi0: reservation of 0, 9f000 (3) failed\nacpi0: reservation of 100000, dfd5a800 (3) failed\nACPI timer: 1/1 1/1 1/1 1/1 1/1 1/1 1/1 1/1 1/1 1/1 -\u003e 10\nTimecounter \"ACPI-fast\" frequency 3579545 Hz quality 1000\nacpi_timer0: \u003c24-bit timer at 3.579545MHz\u003e port 0x1008-0x100b on acpi0\npci_link0:        Index  IRQ  Rtd  Ref  IRQs\n  Initial Probe       0    5   N     0  9 10 11\n  Validation          0  255   N     0  9 10 11\n  After Disable       0  255   N     0  9 10 11\npci_link1:        Index  IRQ  Rtd  Ref  IRQs\n  Initial Probe       0    3   N     0  5 7\n  Validation          0  255   N     0  5 7\n  After Disable       0  255   N     0  5 7\npci_link2:        Index  IRQ  Rtd  Ref  IRQs\n  Initial Probe       0   10   N     0  9 10 11\n  Validation          0   10   N     0  9 10 11\n  After Disable       0  255   N     0  9 10 11\npci_link3:        Index  IRQ  Rtd  Ref  IRQs\n  Initial Probe       0    9   N     0  5 7 9 10 11\n  Validation          0    9   N     0  5 7 9 10 11\n  After Disable       0  255   N     0  5 7 9 10 11\npci_link4:        Index  IRQ  Rtd  Ref  IRQs\n  Initial Probe       0   11   N     0  3 4 5 6 7 9 10 11 12 14 15\n  Validation          0   11   N     0  3 4 5 6 7 9 10 11 12 14 15\n  After Disable       0  255   N     0  3 4 5 6 7 9 10 11 12 14 15\npci_link5:        Index  IRQ  Rtd  Ref  IRQs\n  Initial Probe       0   10   N     0  3 4 5 6 7 9 10 11 12 14 15\n  Validation          0   10   N     0  3 4 5 6 7 9 10 11 12 14 15\n  After Disable       0  255   N     0  3 4 5 6 7 9 10 11 12 14 15\npci_link6:        Index  IRQ  Rtd  Ref  IRQs\n  Initial Probe       0    9   N     0  3 4 5 6 7 9 10 11 12 14 15\n  Validation          0    9   N     0  3 4 5 6 7 9 10 11 12 14 15\n  After Disable       0  255   N     0  3 4 5 6 7 9 10 11 12 14 15\npci_link7:        Index  IRQ  Rtd  Ref  IRQs\n  Initial Probe       0  255   N     0  3 4 5 6 7 9 10 11 12 14 15\n  Validation          0  255   N     0  3 4 5 6 7 9 10 11 12 14 15\n  After Disable       0  255   N     0  3 4 5 6 7 9 10 11 12 14 15\npcib0: \u003cACPI Host-PCI bridge\u003e port 0xcf8-0xcff on acpi0\npci0: \u003cACPI PCI bus\u003e on pcib0\npci0: domain=0, physical bus=0\nfound-\u003e\tvendor=0x8086, dev=0x2a00, revid=0x0c\n\tdomain=0, bus=0, slot=0, func=0\n\tclass=06-00-00, hdrtype=0x00, mfdev=0\n\tcmdreg=0x0006, statreg=0x2090, cachelnsz=0 (dwords)\n\tlattimer=0x00 (0 ns), mingnt=0x00 (0 ns), maxlat=0x00 (0 ns)\nfound-\u003e\tvendor=0x8086, dev=0x2a01, revid=0x0c\n\tdomain=0, bus=0, slot=1, func=0\n\tclass=06-04-00, hdrtype=0x01, mfdev=0\n\tcmdreg=0x0107, statreg=0x0010, cachelnsz=16 (dwords)\n\tlattimer=0x00 (0 ns), mingnt=0x1a (6500 ns), maxlat=0x00 (0 ns)\n\tintpin=a, irq=255\n\tpowerspec 3  supports D0 D3  current D0\n\tMSI supports 1 message\nfound-\u003e\tvendor=0x8086, dev=0x2834, revid=0x02\n\tdomain=0, bus=0, slot=26, func=0\n\tclass=0c-03-00, hdrtype=0x00, mfdev=1\n\tcmdreg=0x0005, statreg=0x0280, cachelnsz=0 (dwords)\n\tlattimer=0x00 (0 ns), mingnt=0x00 (0 ns), maxlat=0x00 (0 ns)\n\tintpin=a, irq=11\n\tmap[20]: type I/O Port, range 32, base 0x6f20, size  5, enabled\npcib0: matched entry for 0.26.INTA\npcib0: slot 26 INTA hardwired to IRQ 20\nfound-\u003e\tvendor=0x8086, dev=0x2835, revid=0x02\n\tdomain=0, bus=0, slot=26, func=1\n\tclass=0c-03-00, hdrtype=0x00, mfdev=0\n\tcmdreg=0x0005, statreg=0x0280, cachelnsz=0 (dwords)\n\tlattimer=0x00 (0 ns), mingnt=0x00 (0 ns), maxlat=0x00 (0 ns)\n\tintpin=b, irq=10\n\tmap[20]: type I/O Port, range 32, base 0x6f00, size  5, enabled\npcib0: matched entry for 0.26.INTB\npcib0: slot 26 INTB hardwired to IRQ 21\nfound-\u003e\tvendor=0x8086, dev=0x283a, revid=0x02\n\tdomain=0, bus=0, slot=26, func=7\n\tclass=0c-03-20, hdrtype=0x00, mfdev=0\n\tcmdreg=0x0106, statreg=0x0290, cachelnsz=0 (dwords)\n\tlattimer=0x00 (0 ns), mingnt=0x00 (0 ns), maxlat=0x00 (0 ns)\n\tintpin=c, irq=9\n\tpowerspec 2  supports D0 D3  current D0\n\tmap[10]: type Memory, range 32, base 0xfed1c400, size 10, enabled\npcib0: matched entry for 0.26.INTC\npcib0: slot 26 INTC hardwired to IRQ 22\nfound-\u003e\tvendor=0x8086, dev=0x284b, revid=0x02\n\tdomain=0, bus=0, slot=27, func=0\n\tclass=04-03-00, hdrtype=0x00, mfdev=0\n\tcmdreg=0x0106, statreg=0x0010, cachelnsz=16 (dwords)\n\tlattimer=0x00 (0 ns), mingnt=0x00 (0 ns), maxlat=0x00 (0 ns)\n\tintpin=a, irq=10\n\tpowerspec 2  supports D0 D3  current D0\n\tMSI supports 1 message, 64 bit\n\tmap[10]: type Memory, range 64, base 0xf6ffc000, size 14, enabled\npcib0: matched entry for 0.27.INTA\npcib0: slot 27 INTA hardwired to IRQ 21\nfound-\u003e\tvendor=0x8086, dev=0x283f, revid=0x02\n\tdomain=0, bus=0, slot=28, func=0\n\tclass=06-04-00, hdrtype=0x01, mfdev=1\n\tcmdreg=0x0107, statreg=0x0010, cachelnsz=16 (dwords)\n\tlattimer=0x00 (0 ns), mingnt=0x02 (500 ns), maxlat=0x00 (0 ns)\n\tintpin=a, irq=255\n\tpowerspec 2  supports D0 D3  current D0\n\tMSI supports 1 message\nfound-\u003e\tvendor=0x8086, dev=0x2841, revid=0x02\n\tdomain=0, bus=0, slot=28, func=1\n\tclass=06-04-00, hdrtype=0x01, mfdev=1\n\tcmdreg=0x0107, statreg=0x0010, cachelnsz=16 (dwords)\n\tlattimer=0x00 (0 ns), mingnt=0x02 (500 ns), maxlat=0x00 (0 ns)\n\tintpin=b, irq=255\n\tpowerspec 2  supports D0 D3  current D0\n\tMSI supports 1 message\nfound-\u003e\tvendor=0x8086, dev=0x2849, revid=0x02\n\tdomain=0, bus=0, slot=28, func=5\n\tclass=06-04-00, hdrtype=0x01, mfdev=1\n\tcmdreg=0x0007, statreg=0x0010, cachelnsz=16 (dwords)\n\tlattimer=0x00 (0 ns), mingnt=0x02 (500 ns), maxlat=0x00 (0 ns)\n\tintpin=b, irq=255\n\tpowerspec 2  supports D0 D3  current D0\n\tMSI supports 1 message\nfound-\u003e\tvendor=0x8086, dev=0x2830, revid=0x02\n\tdomain=0, bus=0, slot=29, func=0\n\tclass=0c-03-00, hdrtype=0x00, mfdev=1\n\tcmdreg=0x0005, statreg=0x0280, cachelnsz=0 (dwords)\n\tlattimer=0x00 (0 ns), mingnt=0x00 (0 ns), maxlat=0x00 (0 ns)\n\tintpin=a, irq=11\n\tmap[20]: type I/O Port, range 32, base 0x6f80, size  5, enabled\npcib0: matched entry for 0.29.INTA\npcib0: slot 29 INTA hardwired to IRQ 20\nfound-\u003e\tvendor=0x8086, dev=0x2831, revid=0x02\n\tdomain=0, bus=0, slot=29, func=1\n\tclass=0c-03-00, hdrtype=0x00, mfdev=0\n\tcmdreg=0x0005, statreg=0x0280, cachelnsz=0 (dwords)\n\tlattimer=0x00 (0 ns), mingnt=0x00 (0 ns), maxlat=0x00 (0 ns)\n\tintpin=b, irq=10\n\tmap[20]: type I/O Port, range 32, base 0x6f60, size  5, enabled\npcib0: matched entry for 0.29.INTB\npcib0: slot 29 INTB hardwired to IRQ 21\nfound-\u003e\tvendor=0x8086, dev=0x2832, revid=0x02\n\tdomain=0, bus=0, slot=29, func=2\n\tclass=0c-03-00, hdrtype=0x00, mfdev=0\n\tcmdreg=0x0005, statreg=0x0280, cachelnsz=0 (dwords)\n\tlattimer=0x00 (0 ns), mingnt=0x00 (0 ns), maxlat=0x00 (0 ns)\n\tintpin=c, irq=9\n\tmap[20]: type I/O Port, range 32, base 0x6f40, size  5, enabled\npcib0: matched entry for 0.29.INTC\npcib0: slot 29 INTC hardwired to IRQ 22\nfound-\u003e\tvendor=0x8086, dev=0x2836, revid=0x02\n\tdomain=0, bus=0, slot=29, func=7\n\tclass=0c-03-20, hdrtype=0x00, mfdev=0\n\tcmdreg=0x0106, statreg=0x0290, cachelnsz=0 (dwords)\n\tlattimer=0x00 (0 ns), mingnt=0x00 (0 ns), maxlat=0x00 (0 ns)\n\tintpin=a, irq=11\n\tpowerspec 2  supports D0 D3  current D0\n\tmap[10]: type Memory, range 32, base 0xfed1c000, size 10, enabled\npcib0: matched entry for 0.29.INTA\npcib0: slot 29 INTA hardwired to IRQ 20\nfound-\u003e\tvendor=0x8086, dev=0x2448, revid=0xf2\n\tdomain=0, bus=0, slot=30, func=0\n\tclass=06-04-01, hdrtype=0x01, mfdev=0\n\tcmdreg=0x0007, statreg=0x0010, cachelnsz=0 (dwords)\n\tlattimer=0x00 (0 ns), mingnt=0x02 (500 ns), maxlat=0x00 (0 ns)\nfound-\u003e\tvendor=0x8086, dev=0x2815, revid=0x02\n\tdomain=0, bus=0, slot=31, func=0\n\tclass=06-01-00, hdrtype=0x00, mfdev=1\n\tcmdreg=0x0107, statreg=0x0210, cachelnsz=0 (dwords)\n\tlattimer=0x00 (0 ns), mingnt=0x00 (0 ns), maxlat=0x00 (0 ns)\nfound-\u003e\tvendor=0x8086, dev=0x2850, revid=0x02\n\tdomain=0, bus=0, slot=31, func=1\n\tclass=01-01-8a, hdrtype=0x00, mfdev=0\n\tcmdreg=0x0005, statreg=0x0288, cachelnsz=0 (dwords)\n\tlattimer=0x00 (0 ns), mingnt=0x00 (0 ns), maxlat=0x00 (0 ns)\n\tintpin=a, irq=5\n\tmap[20]: type I/O Port, range 32, base 0x6fa0, size  4, enabled\npcib0: matched entry for 0.31.INTA\npcib0: slot 31 INTA hardwired to IRQ 16\nfound-\u003e\tvendor=0x8086, dev=0x2828, revid=0x02\n\tdomain=0, bus=0, slot=31, func=2\n\tclass=01-01-8f, hdrtype=0x00, mfdev=0\n\tcmdreg=0x0007, statreg=0x02b0, cachelnsz=0 (dwords)\n\tlattimer=0x00 (0 ns), mingnt=0x00 (0 ns), maxlat=0x00 (0 ns)\n\tintpin=c, irq=10\n\tpowerspec 3  supports D0 D3  current D0\n\tmap[10]: type I/O Port, range 32, base 0x6eb0, size  3, enabled\n\tmap[14]: type I/O Port, range 32, base 0x6eb8, size  2, enabled\n\tmap[18]: type I/O Port, range 32, base 0x6ec0, size  3, enabled\n\tmap[1c]: type I/O Port, range 32, base 0x6ec8, size  2, enabled\n\tmap[20]: type I/O Port, range 32, base 0x6ee0, size  4, enabled\n\tmap[24]: type I/O Port, range 32, base 0xeff0, size  4, enabled\npcib0: matched entry for 0.31.INTC\npcib0: slot 31 INTC hardwired to IRQ 18\nfound-\u003e\tvendor=0x8086, dev=0x283e, revid=0x02\n\tdomain=0, bus=0, slot=31, func=3\n\tclass=0c-05-00, hdrtype=0x00, mfdev=0\n\tcmdreg=0x0103, statreg=0x0280, cachelnsz=0 (dwords)\n\tlattimer=0x00 (0 ns), mingnt=0x00 (0 ns), maxlat=0x00 (0 ns)\n\tintpin=b, irq=3\n\tmap[10]: type Memory, range 32, base 0xf6ffbf00, size  8, enabled\n\tmap[20]: type I/O Port, range 32, base 0x10c0, size  5, enabled\npcib0: matched entry for 0.31.INTB\npcib0: slot 31 INTB hardwired to IRQ 17\npcib1: \u003cACPI PCI-PCI bridge\u003e at device 1.0 on pci0\npcib1:   domain            0\npcib1:   secondary bus     1\npcib1:   subordinate bus   1\npcib1:   I/O decode        0xd000-0xdfff\npcib1:   memory decode     0xf2000000-0xf6efffff\npcib1:   prefetched decode 0xe0000000-0xefffffff\npci1: \u003cACPI PCI bus\u003e on pcib1\npci1: domain=0, physical bus=1\nfound-\u003e\tvendor=0x10de, dev=0x042b, revid=0xa1\n\tdomain=0, bus=1, slot=0, func=0\n\tclass=03-00-00, hdrtype=0x00, mfdev=0\n\tcmdreg=0x0007, statreg=0x0010, cachelnsz=16 (dwords)\n\tlattimer=0x00 (0 ns), mingnt=0x00 (0 ns), maxlat=0x00 (0 ns)\n\tintpin=a, irq=5\n\tpowerspec 2  supports D0 D3  current D0\n\tMSI supports 1 message, 64 bit\n\tmap[10]: type Memory, range 32, base 0xf5000000, size 24, enabled\npcib1: requested memory range 0xf5000000-0xf5ffffff: good\n\tmap[14]: type Prefetchable Memory, range 64, base 0xe0000000, size 28, \nenabled\npcib1: requested memory range 0xe0000000-0xefffffff: good\n\tmap[1c]: type Memory, range 64, base 0xf2000000, size 25, enabled\npcib1: requested memory range 0xf2000000-0xf3ffffff: good\n\tmap[24]: type I/O Port, range 32, base 0xdf00, size  7, enabled\npcib1: requested I/O range 0xdf00-0xdf7f: in range\npcib1: matched entry for 1.0.INTA\npcib1: slot 0 INTA hardwired to IRQ 16\nvgapci0: \u003cVGA-compatible display\u003e port 0xdf00-0xdf7f mem \n0xf5000000-0xf5ffffff,0xf2000000-0xf3ffffff irq 16 at device 0.0 on pci1\nuhci0: \u003cIntel 82801H (ICH8) USB controller USB-D\u003e port 0x6f20-0x6f3f irq 20 at \ndevice 26.0 on pci0\nuhci0: Reserved 0x20 bytes for rid 0x20 type 4 at 0x6f20\nioapic0: routing intpin 20 (PCI IRQ 20) to lapic 0 vector 49\nuhci0: [MPSAFE]\nuhci0: [ITHREAD]\nuhci0: LegSup = 0x0f00\nusbus0: \u003cIntel 82801H (ICH8) USB controller USB-D\u003e on uhci0\nuhci1: \u003cIntel 82801H (ICH8) USB controller USB-E\u003e port 0x6f00-0x6f1f irq 21 at \ndevice 26.1 on pci0\nuhci1: Reserved 0x20 bytes for rid 0x20 type 4 at 0x6f00\nioapic0: routing intpin 21 (PCI IRQ 21) to lapic 0 vector 50\nuhci1: [MPSAFE]\nuhci1: [ITHREAD]\nuhci1: LegSup = 0x0f00\nusbus1: \u003cIntel 82801H (ICH8) USB controller USB-E\u003e on uhci1\nehci0: \u003cIntel 82801H (ICH8) USB 2.0 controller USB2-B\u003e mem \n0xfed1c400-0xfed1c7ff irq 22 at device 26.7 on pci0\nehci0: Reserved 0x400 bytes for rid 0x10 type 3 at 0xfed1c400\nioapic0: routing intpin 22 (PCI IRQ 22) to lapic 0 vector 51\nehci0: [MPSAFE]\nehci0: [ITHREAD]\nusbus2: EHCI version 1.0\nusbus2: \u003cIntel 82801H (ICH8) USB 2.0 controller USB2-B\u003e on ehci0\npci0: \u003cmultimedia, HDA\u003e at device 27.0 (no driver attached)\npcib2: \u003cACPI PCI-PCI bridge\u003e at device 28.0 on pci0\npcib2:   domain            0\npcib2:   secondary bus     11\npcib2:   subordinate bus   11\npcib2:   I/O decode        0xf000-0xfff\npcib2:   no prefetched decode\npci11: \u003cACPI PCI bus\u003e on pcib2\npci11: domain=0, physical bus=11\npcib3: \u003cACPI PCI-PCI bridge\u003e at device 28.1 on pci0\npcib3:   domain            0\npcib3:   secondary bus     12\npcib3:   subordinate bus   12\npcib3:   I/O decode        0xf000-0xfff\npcib3:   memory decode     0xf1f00000-0xf1ffffff\npcib3:   no prefetched decode\npci12: \u003cACPI PCI bus\u003e on pcib3\npci12: domain=0, physical bus=12\nfound-\u003e\tvendor=0x8086, dev=0x4229, revid=0x61\n\tdomain=0, bus=12, slot=0, func=0\n\tclass=02-80-00, hdrtype=0x00, mfdev=0\n\tcmdreg=0x0106, statreg=0x0010, cachelnsz=16 (dwords)\n\tlattimer=0x00 (0 ns), mingnt=0x00 (0 ns), maxlat=0x00 (0 ns)\n\tintpin=a, irq=3\n\tpowerspec 3  supports D0 D3  current D0\n\tMSI supports 1 message, 64 bit\n\tmap[10]: type Memory, range 64, base 0xf1ffe000, size 13, enabled\npcib3: requested memory range 0xf1ffe000-0xf1ffffff: good\npcib3: matched entry for 12.0.INTA\npcib3: slot 0 INTA hardwired to IRQ 17\npci12: \u003cnetwork\u003e at device 0.0 (no driver attached)\npcib4: \u003cACPI PCI-PCI bridge\u003e at device 28.5 on pci0\npcib4:   domain            0\npcib4:   secondary bus     9\npcib4:   subordinate bus   9\npcib4:   I/O decode        0xf000-0xfff\npcib4:   memory decode     0xf1e00000-0xf1efffff\npcib4:   no prefetched decode\npci9: \u003cACPI PCI bus\u003e on pcib4\npci9: domain=0, physical bus=9\nfound-\u003e\tvendor=0x14e4, dev=0x1673, revid=0x02\n\tdomain=0, bus=9, slot=0, func=0\n\tclass=02-00-00, hdrtype=0x00, mfdev=0\n\tcmdreg=0x0106, statreg=0x0010, cachelnsz=16 (dwords)\n\tlattimer=0x00 (0 ns), mingnt=0x00 (0 ns), maxlat=0x00 (0 ns)\n\tintpin=a, irq=3\n\tpowerspec 3  supports D0 D3  current D0\n\tMSI supports 1 message, 64 bit\n\tmap[10]: type Memory, range 64, base 0xf1ef0000, size 16, enabled\npcib4: requested memory range 0xf1ef0000-0xf1efffff: good\npcib4: matched entry for 9.0.INTA\npcib4: slot 0 INTA hardwired to IRQ 17\nbge0: \u003cBroadcom NetXtreme Gigabit Ethernet Controller, ASIC rev. 0xa002\u003e mem \n0xf1ef0000-0xf1efffff irq 17 at device 0.0 on pci9\nbge0: Reserved 0x10000 bytes for rid 0x10 type 3 at 0xf1ef0000\nbge0: adjust device control 0x2000 -\u003e 0x5000\nbge0: attempting to allocate 1 MSI vectors (1 supported)\nmsi: routing MSI IRQ 256 to local APIC 0 vector 52\nbge0: using IRQ 256 for MSI\nbge0: CHIP ID 0xa0020000; ASIC REV 0x0a; CHIP REV 0xa0; PCI-E\nbge0: Disabling fastboot\nbge0: Disabling fastboot\nmiibus0: \u003cMII bus\u003e on bge0\nbrgphy0: \u003cBCM5755 10/100/1000baseTX PHY\u003e PHY 1 on miibus0\nbrgphy0: OUI 0x0050ef, model 0x000c, rev. 0\nbrgphy0:  10baseT, 10baseT-FDX, 100baseTX, 100baseTX-FDX, 1000baseT, \n1000baseT-FDX, auto\nbge0: bpf attached\nbge0: Ethernet address: 00:21:70:bd:9c:b2\nbge0: [MPSAFE]\nbge0: [ITHREAD]\nuhci2: \u003cIntel 82801H (ICH8) USB controller USB-A\u003e port 0x6f80-0x6f9f irq 20 at \ndevice 29.0 on pci0\nuhci2: Reserved 0x20 bytes for rid 0x20 type 4 at 0x6f80\nuhci2: [MPSAFE]\nuhci2: [ITHREAD]\nuhci2: LegSup = 0x0f00\nusbus3: \u003cIntel 82801H (ICH8) USB controller USB-A\u003e on uhci2\nuhci3: \u003cIntel 82801H (ICH8) USB controller USB-B\u003e port 0x6f60-0x6f7f irq 21 at \ndevice 29.1 on pci0\nuhci3: Reserved 0x20 bytes for rid 0x20 type 4 at 0x6f60\nuhci3: [MPSAFE]\nuhci3: [ITHREAD]\nuhci3: LegSup = 0x0f00\nusbus4: \u003cIntel 82801H (ICH8) USB controller USB-B\u003e on uhci3\nuhci4: \u003cIntel 82801H (ICH8) USB controller USB-C\u003e port 0x6f40-0x6f5f irq 22 at \ndevice 29.2 on pci0\nuhci4: Reserved 0x20 bytes for rid 0x20 type 4 at 0x6f40\nuhci4: [MPSAFE]\nuhci4: [ITHREAD]\nuhci4: LegSup = 0x0f00\nusbus5: \u003cIntel 82801H (ICH8) USB controller USB-C\u003e on uhci4\nehci1: \u003cIntel 82801H (ICH8) USB 2.0 controller USB2-A\u003e mem \n0xfed1c000-0xfed1c3ff irq 20 at device 29.7 on pci0\nehci1: Reserved 0x400 bytes for rid 0x10 type 3 at 0xfed1c000\nehci1: [MPSAFE]\nehci1: [ITHREAD]\nusbus6: EHCI version 1.0\nusbus6: \u003cIntel 82801H (ICH8) USB 2.0 controller USB2-A\u003e on ehci1\npcib5: \u003cACPI PCI-PCI bridge\u003e at device 30.0 on pci0\npcib5:   domain            0\npcib5:   secondary bus     3\npcib5:   subordinate bus   4\npcib5:   I/O decode        0xf000-0xfff\npcib5:   memory decode     0xf1d00000-0xf1dfffff\npcib5:   no prefetched decode\npcib5:   Subtractively decoded bridge.\npci3: \u003cACPI PCI bus\u003e on pcib5\npci3: domain=0, physical bus=3\nfound-\u003e\tvendor=0x1217, dev=0x7135, revid=0x21\n\tdomain=0, bus=3, slot=1, func=0\n\tclass=06-07-00, hdrtype=0x02, mfdev=1\n\tcmdreg=0x0000, statreg=0x0410, cachelnsz=0 (dwords)\n\tlattimer=0x40 (1920 ns), mingnt=0x40 (16000 ns), maxlat=0x00 (0 ns)\n\tintpin=a, irq=255\n\tpowerspec 2  supports D0 D1 D2 D3  current D0\n\tmap[10]: type Memory, range 32, base 0, size 12, memory disabled\nfound-\u003e\tvendor=0x1217, dev=0x00f7, revid=0x02\n\tdomain=0, bus=3, slot=1, func=4\n\tclass=0c-00-10, hdrtype=0x00, mfdev=0\n\tcmdreg=0x0117, statreg=0x0210, cachelnsz=16 (dwords)\n\tlattimer=0x40 (1920 ns), mingnt=0x00 (0 ns), maxlat=0x00 (0 ns)\n\tintpin=a, irq=9\n\tpowerspec 2  supports D0 D1 D2 D3  current D0\n\tmap[10]: type Memory, range 32, base 0xf1dff000, size 12, enabled\npcib5: requested memory range 0xf1dff000-0xf1dfffff: good\n\tmap[14]: type Memory, range 32, base 0xf1dfe800, size 11, enabled\npcib5: requested memory range 0xf1dfe800-0xf1dfefff: good\npcib5: matched entry for 3.1.INTA\npcib5: slot 1 INTA hardwired to IRQ 19\ncbb0: \u003cPCI-CardBus Bridge\u003e at device 1.0 on pci3\npcib5: cbb0 requested memory range 0x0-0xffffffff: good\ncbb0: Lazy allocation of 0x1000 bytes rid 0x10 type 3 at 0xe0700000\ncbb0: Reserved 0x1000 bytes for rid 0x10 type 3 at 0xe0700000\ncardbus0: \u003cCardBus bus\u003e on cbb0\npccard0: \u003c16-bit PCCard bus\u003e on cbb0\npcib5: matched entry for 3.1.INTA\npcib5: slot 1 INTA hardwired to IRQ 19\nioapic0: routing intpin 19 (PCI IRQ 19) to lapic 0 vector 53\ncbb0: [MPSAFE]\ncbb0: [FILTER]\ncbb0: Bad Vcc requested\ncbb0: PCI Configuration space:\n  0x00: 0x71351217 0x04100007 0x06070021 0x00824000 \n  0x10: 0xe0700000 0x020000a0 0x20040403 0xfffff000 \n  0x20: 0x00000000 0xfffff000 0x00000000 0x0000fffd \n  0x30: 0x00000001 0x0000fffd 0x00000001 0x04c00113 \n  0x40: 0x01f91028 0x00000001 0x00000000 0x00000000 \n  0x50: 0x00000000 0x00000000 0x00000000 0x00000000 \n  0x60: 0x00000000 0x00000000 0x00000000 0x00000000 \n  0x70: 0x00000000 0x00000000 0x00000000 0x00000000 \n  0x80: 0x00000000 0x00000000 0x00000000 0x00000000 \n  0x90: 0x00052405 0x00000000 0x00000000 0x00000000 \n  0xa0: 0xfe020001 0x00c04000 0x00000015 0x0000000a \n  0xb0: 0x00000000 0x00000000 0x00000000 0x00000000 \n  0xc0: 0x00000000 0x00000000 0x00000000 0x00000000 \n  0xd0: 0x09004100 0x80e203ea 0x00000000 0x10400118 \n  0xe0: 0x00820000 0x00000000 0x83000004 0x00000000 \n  0xf0: 0x00000000 0x00000000 0x00000000 0x00000000 \nfwohci0: vendor=1217, dev=f7\nfwohci0: vendor=1217, dev=f7\nfwohci0: \u003c1394 Open Host Controller Interface\u003e mem \n0xf1dff000-0xf1dfffff,0xf1dfe800-0xf1dfefff irq 19 at device 1.4 on pci3\nfwohci0: Reserved 0x1000 bytes for rid 0x10 type 3 at 0xf1dff000\nfwohci0: [MPSAFE]\nfwohci0: [ITHREAD]\nfwohci0: OHCI version 1.10 (ROM=0)\nfwohci0: No. of Isochronous channels is 8.\nfwohci0: EUI64 48:4f:c0:00:3a:12:10:90\nfwohci0: Phy 1394a available S400, 1 ports.\nfwohci0: Link S400, max_rec 2048 bytes.\nfirewire0: \u003cIEEE1394(FireWire) bus\u003e on fwohci0\ndcons_crom0: \u003cdcons configuration ROM\u003e on firewire0\ndcons_crom0: bus_addr 0x1700000\nfwe0: \u003cEthernet over FireWire\u003e on firewire0\nif_fwe0: Fake Ethernet address: 4a:4f:c0:12:10:90\nfwe0: bpf attached\nfwe0: Ethernet address: 4a:4f:c0:12:10:90\nfwip0: \u003cIP over FireWire\u003e on firewire0\nfwip0: bpf attached\nfwip0: Firewire address: 48:4f:c0:00:3a:12:10:90 @ 0xfffe00000000, S400, \nmaxrec 2048\nfwohci0: Initiate bus reset\nfwohci0: fwohci_intr_core: BUS reset\nfwohci0: fwohci_intr_core: node_id=0x00000000, SelfID Count=1, CYCLEMASTER \nmode\nisab0: \u003cPCI-ISA bridge\u003e at device 31.0 on pci0\nisa0: \u003cISA bus\u003e on isab0\natapci0: \u003cIntel ICH8M UDMA100 controller\u003e port \n0x1f0-0x1f7,0x3f6,0x170-0x177,0x376,0x6fa0-0x6faf irq 16 at device 31.1 on \npci0\natapci0: Reserved 0x10 bytes for rid 0x20 type 4 at 0x6fa0\nata0: \u003cATA channel 0\u003e on atapci0\natapci0: Reserved 0x8 bytes for rid 0x10 type 4 at 0x1f0\natapci0: Reserved 0x1 bytes for rid 0x14 type 4 at 0x3f6\nata0: reset tp1 mask=03 ostat0=50 ostat1=00\nata0: stat0=0x00 err=0x01 lsb=0x14 msb=0xeb\nata0: stat1=0x00 err=0x00 lsb=0x00 msb=0x00\nata0: reset tp2 stat0=00 stat1=00 devices=0x10000\nioapic0: routing intpin 14 (ISA IRQ 14) to lapic 0 vector 54\nata0: [MPSAFE]\nata0: [ITHREAD]\natapci1: \u003cIntel ICH8M SATA300 controller\u003e port \n0x6eb0-0x6eb7,0x6eb8-0x6ebb,0x6ec0-0x6ec7,0x6ec8-0x6ecb,0x6ee0-0x6eef,0xeff0-0xefff \nirq 18 at device 31.2 on pci0\natapci1: Reserved 0x10 bytes for rid 0x20 type 4 at 0x6ee0\nioapic0: routing intpin 18 (PCI IRQ 18) to lapic 0 vector 55\natapci1: [MPSAFE]\natapci1: [ITHREAD]\natapci1: Reserved 0x10 bytes for rid 0x24 type 4 at 0xeff0\nata2: \u003cATA channel 0\u003e on atapci1\natapci1: Reserved 0x8 bytes for rid 0x10 type 4 at 0x6eb0\natapci1: Reserved 0x4 bytes for rid 0x14 type 4 at 0x6eb8\nata2: reset tp1 mask=03 ostat0=50 ostat1=00\nata2: stat0=0x50 err=0x01 lsb=0x00 msb=0x00\nata2: stat1=0x00 err=0x01 lsb=0x00 msb=0x00\nata2: reset tp2 stat0=50 stat1=00 devices=0x1\nata2: [MPSAFE]\nata2: [ITHREAD]\nata3: \u003cATA channel 1\u003e on atapci1\natapci1: Reserved 0x8 bytes for rid 0x18 type 4 at 0x6ec0\natapci1: Reserved 0x4 bytes for rid 0x1c type 4 at 0x6ec8\nata3: reset tp1 mask=00 ostat0=ff ostat1=ff\nata3: [MPSAFE]\nata3: [ITHREAD]\npci0: \u003cserial bus, SMBus\u003e at device 31.3 (no driver attached)\nacpi_lid0: \u003cControl Method Lid Switch\u003e on acpi0\nacpi_button0: \u003cPower Button\u003e on acpi0\nacpi_button1: \u003cSleep Button\u003e on acpi0\nacpi_acad0: \u003cAC Adapter\u003e on acpi0\nbattery0: \u003cACPI Control Method Battery\u003e on acpi0\nbattery1: \u003cACPI Control Method Battery\u003e on acpi0\nacpi_tz0: \u003cThermal Zone\u003e on acpi0\npsmcpnp0: \u003cPS/2 mouse port\u003e irq 12 on acpi0\natkbdc0: \u003cKeyboard controller (i8042)\u003e port 0x60,0x64,0x62,0x66 irq 1 on acpi0\natkbd0: \u003cAT Keyboard\u003e irq 1 on atkbdc0\natkbd: the current kbd controller command byte 0065\natkbd: keyboard ID 0x41ab (2)\nkbd0 at atkbd0\nkbd0: atkbd0, AT 101/102 (2), config:0x0, flags:0x3d0000\nioapic0: routing intpin 1 (ISA IRQ 1) to lapic 0 vector 56\natkbd0: [GIANT-LOCKED]\natkbd0: [ITHREAD]\npsm0: current command byte:0065\npsm0: \u003cPS/2 Mouse\u003e irq 12 on atkbdc0\nioapic0: routing intpin 12 (ISA IRQ 12) to lapic 0 vector 57\npsm0: [GIANT-LOCKED]\npsm0: [ITHREAD]\npsm0: model GlidePoint, device ID 0-00, 2 buttons\npsm0: config:00000000, flags:00000008, packet size:3\npsm0: syncmask:c0, syncbits:00\natrtc0: \u003cAT realtime clock\u003e port 0x70-0x71,0x72-0x77 irq 8 on acpi0\natrtc0: registered as a time-of-day clock (resolution 1000000us)\nuart0: \u003c16550 or compatible\u003e port 0x3f8-0x3ff irq 4 flags 0x10 on acpi0\nioapic0: routing intpin 4 (ISA IRQ 4) to lapic 0 vector 58\nuart0: [FILTER]\nuart0: fast interrupt\ncpu0: \u003cACPI CPU\u003e on acpi0\nACPI: SSDT 0xdfe5c4b0 002C8 (v1  PmRef  Cpu0Ist 00003000 INTL 20050624)\nACPI: SSDT 0xdfe5be46 005E5 (v1  PmRef  Cpu0Cst 00003001 INTL 20050624)\nest0: \u003cEnhanced SpeedStep Frequency Control\u003e on cpu0\nest0: Invalid id16 (set, cur) = (3368, 3106)\nest0: Invalid freq 2401, ignored.\nest0: Invalid id16 (set, cur) = (34831, 1559)\nest0: Invalid freq 800, ignored.\np4tcc0: \u003cCPU Frequency Thermal Control\u003e on cpu0\ncpu1: \u003cACPI CPU\u003e on acpi0\nACPI: SSDT 0xdfe5c778 000C4 (v1  PmRef  Cpu1Ist 00003000 INTL 20050624)\nACPI: SSDT 0xdfe5c42b 00085 (v1  PmRef  Cpu1Cst 00003000 INTL 20050624)\nest1: \u003cEnhanced SpeedStep Frequency Control\u003e on cpu1\nest1: Invalid id16 (set, cur) = (3368, 3106)\nest1: Invalid freq 2401, ignored.\nest1: Invalid id16 (set, cur) = (34831, 1559)\nest1: Invalid freq 800, ignored.\np4tcc1: \u003cCPU Frequency Thermal Control\u003e on cpu1\nunknown: status reg test failed ff\nunknown: status reg test failed ff\nunknown: status reg test failed ff\nunknown: status reg test failed ff\nunknown: status reg test failed ff\nunknown: status reg test failed ff\nahc_isa_probe 0: ioport 0xc00 alloc failed\npnp_identify: Trying Read_Port at 203\npnp_identify: Trying Read_Port at 243\npnp_identify: Trying Read_Port at 283\npnp_identify: Trying Read_Port at 2c3\npnp_identify: Trying Read_Port at 303\npnp_identify: Trying Read_Port at 343\npnp_identify: Trying Read_Port at 383\npnp_identify: Trying Read_Port at 3c3\nPNP Identify complete\nex_isa_identify()\nisa_probe_children: disabling PnP devices\npmtimer0 on isa0\nata: ata0 already exists; skipping it\natkbdc: atkbdc0 already exists; skipping it\natrtc: atrtc0 already exists; skipping it\nsc: sc0 already exists; skipping it\nuart: uart0 already exists; skipping it\nisa_probe_children: probing non-PnP devices\norm0: \u003cISA Option ROMs\u003e at iomem 0xc0000-0xccfff,0xcd000-0xcffff pnpid ORM0000 \non isa0\nsc0: \u003cSystem console\u003e at flags 0x100 on isa0\nsc0: VGA \u003c16 virtual consoles, flags=0x300\u003e\nsc0: fb0, kbd1, terminal emulator: scteken (teken terminal)\nvga0: \u003cGeneric ISA VGA\u003e at port 0x3c0-0x3df iomem 0xa0000-0xbffff on isa0\nata1 failed to probe at port 0x170 irq 15 on isa0\nfdc0 failed to probe at port 0x3f0-0x3f5,0x3f7 irq 6 drq 2 on isa0\nppc0: parallel port not found.\nppc0: \u003cParallel port\u003e failed to probe at irq 7 on isa0\nuart1: \u003cns8250\u003e failed to probe at port 0x2f8-0x2ff irq 3 on isa0\nisa_probe_children: probing PnP devices\nDevice configuration finished.\nReducing kern.maxvnodes 230320 -\u003e 100000\nprocfs registered\nlapic: Divisor 2, Frequency 99750482 hz\nTimecounter \"TSC\" frequency 2394011472 Hz quality -100\nTimecounters tick every 1.000 msec\nlo0: bpf attached\nhptrr: no controller detected.\nata0: Identifying devices: 00010000firewire0: 1 nodes, maxhop \u003c= 0 cable IRM \nirm(0)  (me) \nfirewire0: bus manager 0 \n\nata0: New devices: 00010000\nmd0: Preloaded image \u003c/boot/mfsroot\u003e 4423680 bytes at 0xc0f6dfe0\nusbus0: 12Mbps Full Speed USB v1.0\nusbus1: 12Mbps Full Speed USB v1.0\nusbus2: 480Mbps High Speed USB v2.0\nusbus3: 12Mbps Full Speed USB v1.0\nusbus4: 12Mbps Full Speed USB v1.0\nusbus5: 12Mbps Full Speed USB v1.0\nusbus6: 480Mbps High Speed USB v2.0\nacpi_acad0: acline initialization start\nacpi_acad0: On Line\nacpi_acad0: acline initialization done, tried 1 times\nbattery0: battery initialization start\nugen0.1: \u003cIntel\u003e at usbus0\nuhub0: \u003cIntel UHCI root HUB, class 9/0, rev 1.00/1.00, addr 1\u003e on usbus0\nugen1.1: \u003cIntel\u003e at usbus1\nuhub1: \u003cIntel UHCI root HUB, class 9/0, rev 1.00/1.00, addr 1\u003e on usbus1\nugen2.1: \u003cIntel\u003e at usbus2\nuhub2: \u003cIntel EHCI root HUB, class 9/0, rev 2.00/1.00, addr 1\u003e on usbus2\nugen3.1: \u003cIntel\u003e at usbus3\nuhub3: \u003cIntel UHCI root HUB, class 9/0, rev 1.00/1.00, addr 1\u003e on usbus3\nugen4.1: \u003cIntel\u003e at usbus4\nuhub4: \u003cIntel UHCI root HUB, class 9/0, rev 1.00/1.00, addr 1\u003e on usbus4\nugen5.1: \u003cIntel\u003e at usbus5\nuhub5: \u003cIntel UHCI root HUB, class 9/0, rev 1.00/1.00, addr 1\u003e on usbus5\nugen6.1: \u003cIntel\u003e at usbus6\nuhub6: \u003cIntel EHCI root HUB, class 9/0, rev 2.00/1.00, addr 1\u003e on usbus6\nbattery0: battery initialization done, tried 1 times\nbattery1: battery initialization start\nata0-master: pio=PIO4 wdma=WDMA2 udma=UDMA33 cable=40 wire\nacd0: setting PIO4 on ICH8M chip\nacd0: setting UDMA33 on ICH8M chip\nacd0: \u003cHL-DT-ST DVD+/-RW GSA-T21N/A1R1\u003e DVDR drive at ata0 as master\nacd0: read 4134KB/s (4134KB/s) write 1722KB/s (1722KB/s), 2048KB buffer, \nUDMA33\nacd0: Reads: CDR, CDRW, CDDA stream, DVDROM, DVDR, DVDRAM, packet\nacd0: Writes: CDR, CDRW, DVDR, DVDRAM, test write, burnproof\nacd0: Audio: play, 256 volume levels\nacd0: Mechanism: ejectable tray, unlocked\nacd0: Medium: CD-RW 120mm data disc\nata2: Identifying devices: 00000001\nata2: New devices: 00000001\nata2-master: pio=PIO4 wdma=WDMA2 udma=UDMA100 cable=40 wire\nad4: 152627MB \u003cFUJITSU MHZ2160BJ FFS G2 0085001C\u003e at ata2-master SATA300\nad4: 312581808 sectors [310101C/16H/63S] 16 sectors/interrupt 1 depth queue\nuhub0: 2 ports with 2 removable, self powered\nuhub1: 2 ports with 2 removable, self powered\nuhub3: 2 ports with 2 removable, self powered\nuhub4: 2 ports with 2 removable, self powered\nuhub5: 2 ports with 2 removable, self powered\nad4: Intel check1 failed\nad4: Adaptec check1 failed\nad4: LSI (v3) check1 failed\nad4: LSI (v2) check1 failed\nad4: FreeBSD check1 failed\nata3: Identifying devices: 00000000\nata3: New devices: 00000000\nATA PseudoRAID loaded\nSMP: AP CPU #1 Launched!\ncpu1 AP:\n     ID: 0x01000000   VER: 0x00050014 LDR: 0x00000000 DFR: 0xffffffff\n  lint0: 0x00010700 lint1: 0x00000400 TPR: 0x00000000 SVR: 0x000001ff\n  timer: 0x000200ef therm: 0x00010000 err: 0x00010000 pcm: 0x00010400\nioapic0: routing intpin 4 (ISA IRQ 4) to lapic 1 vector 48\nioapic0: routing intpin 12 (ISA IRQ 12) to lapic 1 vector 49\nioapic0: routing intpin 18 (PCI IRQ 18) to lapic 1 vector 50\nioapic0: routing intpin 20 (PCI IRQ 20) to lapic 1 vector 51\nioapic0: routing intpin 22 (PCI IRQ 22) to lapic 1 vector 52\nuhub2: 4 ports with 4 removable, self powered\nuhub6: 6 ports with 6 removable, self powered\nGEOM: new disk ad4\nugen5.2: \u003cvendor 0x0b97\u003e at usbus5\nuhub7: \u003cvendor 0x0b97 product 0x7761, class 9/0, rev 1.10/1.10, addr 2\u003e on \nusbus5\nTrying to mount root from ufs:/dev/md0\nct_to_ts([2009-12-09 13:24:46]) = 1260365086.000000000\nstart_init: trying /sbin/init\nstart_init: trying /sbin/oinit\nstart_init: trying /sbin/init.bak\nstart_init: trying /rescue/init\nstart_init: trying /stand/sysinstall\nuhub7: 4 ports with 3 removable, self powered\nugen5.3: \u003cO2\u003e at usbus5\nbattery1: battery initialization failed, giving up"
}