{
 "id": 378196,
 "bug_id": 109470,
 "attachment_id": 0,
 "creation_time": "2007-06-13T23:36:38Z",
 "creator": "caf@omen.com",
 "text": "agp0@pci0:0:0:\tclass=0x060000 card=0x00000000 chip=0x71908086 rev=0x03\nhdr=0x00\n    vendor   = 'Intel Corporation'\n    device   = '82443BX/ZX 440BX/ZX CPU to PCI Bridge (AGP Implemented)'\n    class    = bridge\n    subclass = HOST-PCI\npcib1@pci0:1:0:\tclass=0x060400 card=0x00000000 chip=0x71918086 rev=0x03\nhdr=0x01\n    vendor   = 'Intel Corporation'\n    device   = '82443BX/ZX 440BX/ZX AGPset PCI-to-PCI bridge'\n    class    = bridge\n    subclass = PCI-PCI\nisab0@pci0:7:0:\tclass=0x068000 card=0x00000000 chip=0x71108086 rev=0x02\nhdr=0x00\n    vendor   = 'Intel Corporation'\n    device   = '82371AB/EB/MB PIIX4/4E/4M ISA Bridge'\n    class    = bridge\natapci0@pci0:7:1:\tclass=0x010180 card=0x00000000 chip=0x71118086\nrev=0x01 hdr=0x00\n    vendor   = 'Intel Corporation'\n    device   = '82371AB/EB/MB PIIX4/4E/4M IDE Controller'\n    class    = mass storage\n    subclass = ATA\nuhci0@pci0:7:2:\tclass=0x0c0300 card=0x00000000 chip=0x71128086 rev=0x01\nhdr=0x00\n    vendor   = 'Intel Corporation'\n    device   = '82371AB/EB/MB PIIX4/4E/4M USB Interface'\n    class    = serial bus\n    subclass = USB\nnone0@pci0:7:3:\tclass=0x068000 card=0x00000000 chip=0x71138086 rev=0x03\nhdr=0x00\n    vendor   = 'Intel Corporation'\n    device   = '82371AB/EB/MB PIIX4/4E/4M Power Management Controller'\n    class    = bridge\ncbb0@pci0:10:0:\tclass=0x060700 card=0x12251028 chip=0xac1e104c rev=0x00\nhdr=0x02\n    vendor   = 'Texas Instruments (TI)'\n    device   = 'PCI1211 PC Card CardBus Controller'\n    class    = bridge\n    subclass = PCI-CardBus\nxl0@pci0:13:0:\tclass=0x020000 card=0x00a51028 chip=0x920010b7 rev=0x78\nhdr=0x00\n    vendor   = '3COM Corp, Networking Division'\n    device   = '3C905C-TX Fast EtherLink for PC Management NIC'\n    class    = network\n    subclass = ethernet\nnone1@pci0:16:0:\tclass=0x078000 card=0x25001668 chip=0x044811c1 rev=0x01\nhdr=0x00\n    vendor   = 'Lucent/Agere Systems (Was: AT\u0026T MicroElectronics)'\n    device   = 'LT Winmodem 56k SV2P'\n    class    = simple comms\nnone2@pci1:0:0:\tclass=0x030000 card=0x00051028 chip=0x000510c8 rev=0x20\nhdr=0x00\n    vendor   = 'Neomagic Corporation'\n    device   = 'NM2200 MagicMedia 256AV'\n    class    = display\n    subclass = VGA\nnone3@pci1:0:1:\tclass=0x040100 card=0x00801028 chip=0x800510c8 rev=0x20\nhdr=0x00\n    vendor   = 'Neomagic Corporation'\n    device   = 'NM2200 MagicMedia 256AV Audio Device'\n    class    = multimedia\n    subclass = audio\nJun 13 14:22:20 dell kernel: Copyright (c) 1992-2007 The FreeBSD\nProject.\nJun 13 14:22:20 dell kernel: Copyright (c) 1979, 1980, 1983, 1986, 1988,\n1989, 1991, 1992, 1993, 1994\nJun 13 14:22:20 dell kernel: The Regents of the University of\nCalifornia. All rights reserved.\nJun 13 14:22:20 dell kernel: FreeBSD is a registered trademark of The\nFreeBSD Foundation.\nJun 13 14:22:20 dell kernel: FreeBSD 6.2-RELEASE #4: Wed Feb 14 07:54:14\nPST 2007\nJun 13 14:22:20 dell kernel:\nroot@dell.omen.com:/usr/obj/usr/src/sys/DELL\nJun 13 14:22:20 dell kernel: Timecounter \"i8254\" frequency 1193182 Hz\nquality 0\nJun 13 14:22:20 dell kernel: CPU: Intel Pentium III (497.84-MHz\n686-class CPU)\nJun 13 14:22:20 dell kernel: Origin = \"GenuineIntel\"  Id = 0x686\nStepping = 6\nJun 13 14:22:20 dell kernel:\nFeatures=0x387f9ff\u003cFPU,VME,DE,PSE,TSC,MSR,PAE,MCE,CX8,SEP,MTRR,PGE,MCA,CMOV,PAT,PSE36,PN,MMX,FXSR,SSE\u003e\nJun 13 14:22:20 dell kernel: real memory  = 134152192 (127 MB)\nJun 13 14:22:20 dell kernel: avail memory = 121696256 (116 MB)\nJun 13 14:22:20 dell kernel: kbd1 at kbdmux0\nJun 13 14:22:20 dell kernel: ath_hal: 0.9.17.2 (AR5210, AR5211, AR5212,\nRF5111, RF5112, RF2413, RF5413)\nJun 13 14:22:20 dell kernel: acpi0: \u003cPTLTD   RSDT\u003e on motherboard\nJun 13 14:22:20 dell kernel: acpi0: Power Button (fixed)\nJun 13 14:22:20 dell kernel: Timecounter \"ACPI-safe\" frequency 3579545\nHz quality 1000\nJun 13 14:22:20 dell kernel: acpi_timer0: \u003c24-bit timer at 3.579545MHz\u003e\nport 0x8008-0x800b on acpi0\nJun 13 14:22:20 dell kernel: acpi_ec0: \u003cEmbedded Controller: GPE 0\u003e port\n0x62,0x66 on acpi0\nJun 13 14:22:20 dell kernel: cpu0: \u003cACPI CPU\u003e on acpi0\nJun 13 14:22:20 dell kernel: acpi_throttle0: \u003cACPI CPU Throttling\u003e on\ncpu0\nJun 13 14:22:20 dell kernel: pcib0: \u003cACPI Host-PCI bridge\u003e port\n0xcf8-0xcff on acpi0\nJun 13 14:22:20 dell kernel: pci0: \u003cACPI PCI bus\u003e on pcib0\nJun 13 14:22:20 dell kernel: agp0: \u003cIntel 82443BX (440 BX) host to PCI\nbridge\u003e mem 0xf8000000-0xfbffffff at device 0.0 on pci0\nJun 13 14:22:20 dell kernel: pcib1: \u003cACPI PCI-PCI bridge\u003e at device 1.0\non pci0\nJun 13 14:22:20 dell kernel: pci1: \u003cACPI PCI bus\u003e on pcib1\nJun 13 14:22:20 dell kernel: pci1: \u003cdisplay, VGA\u003e at device 0.0 (no\ndriver attached)\nJun 13 14:22:20 dell kernel: pci1: \u003cmultimedia, audio\u003e at device 0.1 (no\ndriver attached)\nJun 13 14:22:20 dell kernel: isab0: \u003cPCI-ISA bridge\u003e at device 7.0 on\npci0\nJun 13 14:22:20 dell kernel: isa0: \u003cISA bus\u003e on isab0\nJun 13 14:22:20 dell kernel: atapci0: \u003cIntel PIIX4 UDMA33 controller\u003e\nport 0x1f0-0x1f7,0x3f6,0x170-0x177,0x376,0xfcd0-0xfcdf at device 7.1 on\npci0\nJun 13 14:22:20 dell kernel: ata0: \u003cATA channel 0\u003e on atapci0\nJun 13 14:22:20 dell kernel: ata1: \u003cATA channel 1\u003e on atapci0\nJun 13 14:22:20 dell kernel: uhci0: \u003cIntel 82371AB/EB (PIIX4) USB\ncontroller\u003e port 0xfce0-0xfcff irq 10 at device 7.2 on pci0\nJun 13 14:22:20 dell kernel: uhci0: [GIANT-LOCKED]\nJun 13 14:22:20 dell kernel: usb0: \u003cIntel 82371AB/EB (PIIX4) USB\ncontroller\u003e on uhci0\nJun 13 14:22:20 dell kernel: usb0: USB revision 1.0\nJun 13 14:22:20 dell kernel: uhub0: Intel UHCI root hub, class 9/0, rev\n1.00/1.00, addr 1\nJun 13 14:22:20 dell kernel: uhub0: 2 ports with 2 removable, self\npowered\nJun 13 14:22:20 dell kernel: pci0: \u003cbridge\u003e at device 7.3 (no driver\nattached)\nJun 13 14:22:20 dell kernel: cbb0: \u003cTI1211 PCI-CardBus Bridge\u003e irq 9 at\ndevice 10.0 on pci0\nJun 13 14:22:20 dell kernel: cardbus0: \u003cCardBus bus\u003e on cbb0\nJun 13 14:22:20 dell kernel: pccard0: \u003c16-bit PCCard bus\u003e on cbb0\nJun 13 14:22:20 dell kernel: xl0: \u003c3Com 3c905C-TX Fast Etherlink XL\u003e\nport 0xfc00-0xfc7f mem 0xfedfec00-0xfedfec7f irq 9 at device 13.0 on\npci0\nJun 13 14:22:20 dell kernel: miibus0: \u003cMII bus\u003e on xl0\nJun 13 14:22:20 dell kernel: xlphy0: \u003c3c905C 10/100 internal PHY\u003e on\nmiibus0\nJun 13 14:22:20 dell kernel: xlphy0:  10baseT, 10baseT-FDX, 100baseTX,\n100baseTX-FDX, auto\nJun 13 14:22:20 dell kernel: xl0: Ethernet address: 00:b0:d0:bf:39:b4\nJun 13 14:22:20 dell kernel: pci0: \u003csimple comms\u003e at device 16.0 (no\ndriver attached)\nJun 13 14:22:20 dell kernel: acpi_acad0: \u003cAC Adapter\u003e on acpi0\nJun 13 14:22:20 dell kernel: battery0: \u003cACPI Control Method Battery\u003e on\nacpi0\nJun 13 14:22:20 dell kernel: acpi_lid0: \u003cControl Method Lid Switch\u003e on\nacpi0\nJun 13 14:22:20 dell kernel: acpi_button0: \u003cSleep Button\u003e on acpi0\nJun 13 14:22:20 dell kernel: acpi_tz0: \u003cThermal Zone\u003e on acpi0\nJun 13 14:22:20 dell kernel: ppc0: \u003cECP parallel printer port\u003e port\n0x378-0x37f,0x778-0x77f irq 7 on acpi0\nJun 13 14:22:20 dell kernel: ppc0: Generic chipset (ECP/PS2/NIBBLE) in\nCOMPATIBLE mode\nJun 13 14:22:20 dell kernel: ppc0: FIFO with 16/16/8 bytes threshold\nJun 13 14:22:20 dell kernel: ppbus0: \u003cParallel port bus\u003e on ppc0\nJun 13 14:22:20 dell kernel: lpt0: \u003cPrinter\u003e on ppbus0\nJun 13 14:22:20 dell kernel: lpt0: Interrupt-driven port\nJun 13 14:22:20 dell kernel: ppi0: \u003cParallel I/O\u003e on ppbus0\nJun 13 14:22:20 dell kernel: sio0: \u003c16550A-compatible COM port\u003e port\n0x3f8-0x3ff irq 4 flags 0x10 on acpi0\nJun 13 14:22:20 dell kernel: sio0: type 16550A\nJun 13 14:22:20 dell kernel: fdc0: \u003cfloppy drive controller (FDE)\u003e port\n0x3f0-0x3f5,0x3f7 irq 6 drq 2 on acpi0\nJun 13 14:22:20 dell kernel: fdc0: [FAST]\nJun 13 14:22:20 dell kernel: atkbdc0: \u003cKeyboard controller (i8042)\u003e port\n0x60,0x64 irq 1 on acpi0\nJun 13 14:22:20 dell kernel: atkbd0: \u003cAT Keyboard\u003e irq 1 on atkbdc0\nJun 13 14:22:20 dell kernel: kbd0 at atkbd0\nJun 13 14:22:20 dell kernel: atkbd0: [GIANT-LOCKED]\nJun 13 14:22:20 dell kernel: psm0: \u003cPS/2 Mouse\u003e irq 12 on atkbdc0\nJun 13 14:22:20 dell kernel: psm0: [GIANT-LOCKED]\nJun 13 14:22:20 dell kernel: psm0: model Generic PS/2 mouse, device ID 0\nJun 13 14:22:20 dell kernel: pmtimer0 on isa0\nJun 13 14:22:20 dell kernel: orm0: \u003cISA Option ROMs\u003e at iomem\n0xc0000-0xcbfff,0xcc000-0xcc7ff,0xdc000-0xdffff on isa0\nJun 13 14:22:20 dell kernel: sc0: \u003cSystem console\u003e at flags 0x100 on\nisa0\nJun 13 14:22:20 dell kernel: sc0: VGA \u003c16 virtual consoles, flags=0x300\u003e\nJun 13 14:22:20 dell kernel: sio1: configured irq 3 not in bitmap of\nprobed irqs 0\nJun 13 14:22:20 dell kernel: sio1: port may not be enabled\nJun 13 14:22:20 dell kernel: vga0: \u003cGeneric ISA VGA\u003e at port 0x3c0-0x3df\niomem 0xa0000-0xbffff on isa0\nJun 13 14:22:20 dell kernel: Timecounter \"TSC\" frequency 497838145 Hz\nquality 800\nJun 13 14:22:20 dell kernel: Timecounters tick every 1.000 msec\nJun 13 14:22:20 dell kernel: wi0: \u003cLucent Technologies WaveLAN/IEEE\u003e at\nport 0x100-0x13f irq 9 function 0 config 1 on pccard0\nJun 13 14:22:20 dell kernel: wi0: using Lucent Technologies,\nWaveLAN/IEEE\nJun 13 14:22:20 dell kernel: wi0: Lucent Firmware: Station (8.72.1)\nJun 13 14:22:20 dell kernel: wi0: Ethernet address: 00:02:2d:c3:c1:e6\nJun 13 14:22:20 dell kernel: ad0: 11513MB \u003cFUJITSU MHK2120AT D834\u003e at\nata0-master UDMA33\nJun 13 14:22:20 dell kernel: Trying to mount root from ufs:/dev/ad0s1a\nJun 13 14:22:20 dell kernel: WARNING: / was not properly dismounted\nJun 13 14:22:20 dell kernel: WARNING: /tmp was not properly dismounted\nJun 13 14:22:20 dell kernel: WARNING: /usr was not properly dismounted\nJun 13 14:22:20 dell kernel: WARNING: /var was not properly dismounted\nJun 13 14:22:59 dell login: ROOT LOGIN (root) ON ttyv0\nJun 13 14:23:42 dell dhclient: New IP Address (wi0): 192.168.1.100\nJun 13 14:23:42 dell dhclient: New Subnet Mask (wi0): 255.255.255.0\nJun 13 14:23:42 dell dhclient: New Broadcast Address (wi0):\n192.168.1.255\nJun 13 14:23:42 dell dhclient: New Routers (wi0): 192.168.1.1\nJun 13 14:23:57 dell fsck: /dev/ad0s1e: 17 files, 812 used, 253003 free\n(51 frags, 31619 blocks, 0.0% fragmentation)"
}