{
 "id": 908412,
 "bug_id": 214705,
 "attachment_id": 0,
 "creation_time": "2016-11-21T15:42:13Z",
 "creator": "freebsd@kumba.dev",
 "text": "Hi,\n\nFirst FreeBSD bug, so let me know if I miss any details.\n\nI tripped up a kernel panic in FreeBSD-11.0-RELEASE trying to test playing back a standard DVD on a laptop (HP 2000-2b19wm).  I suspect the core issue is one of two (maybe three) things:\n\n1. Trying to use VLC to access /dev/cd0 as an unpriv user w/o fixing device permissions or adding to 'operator' group\n\n2. Trying to use VLC to access /dev/cd0 as a raw device while it was mounted onto /media\n\n3. DVD is encrypted and this appears to handled as-if it was damaged.  This seems similar to Bug #208275, which affected 11.0's pre-release earlier this year.\n\nI finally got it to play, after fixing the perms for /dev/cd0 so my unpriv user could access it, and also unmounted the /media mountpoint.  Plays great thus far.\n\nUsing the binary packages for all of this, nothing from ports and nothing rolled by hand, so I am skipping the inclusion of make.conf.\n\nHere's the crash detail, including errors from the bottom of dmesg:\n\n(cd0:ahcich1:0:0:0): Retrying command (per sense data)\n(cd0:ahcich1:0:0:0): READ(10). CDB: 28 00 00 00 01 a6 00 00 04 00\n(cd0:ahcich1:0:0:0): CAM status: SCSI Status Error\n(cd0:ahcich1:0:0:0): SCSI status: Check Condition\n(cd0:ahcich1:0:0:0): SCSI sense: ILLEGAL REQUEST asc:6f,3 (Read of scrambled sector without authentication)\n(cd0:ahcich1:0:0:0): Retrying command (per sense data)\n(cd0:ahcich1:0:0:0): READ(10). CDB: 28 00 00 00 01 a6 00 00 04 00\n(cd0:ahcich1:0:0:0): CAM status: SCSI Status Error\n(cd0:ahcich1:0:0:0): SCSI status: Check Condition\n(cd0:ahcich1:0:0:0): SCSI sense: ILLEGAL REQUEST asc:6f,3 (Read of scrambled sector without authentication)\n(cd0:ahcich1:0:0:0): Error 5, Retries exhausted\n(cd0:ahcich1:0:0:0): cddone: got error 0x5 back\ng_vfs_done():cd0[READ(offset=864256, length=8192)]error = 5\n\n\nFatal trap 12: page fault while in kernel mode\ncpuid = 0; apic id = 01\nfault virtual address   = 0x30\nfault code              = supervisor read data, page not present\ninstruction pointer     = 0x20:0xffffffff82bc6fb3\nstack pointer           = 0x28:0xfffffe0220881830\nframe pointer           = 0x28:0xfffffe02208818b0\ncode segment            = base 0x0, limit 0xfffff, type 0x1b\n                        = DPL 0, pres 1, long 1, def32 0, gran 1\nprocessor eflags        = interrupt enabled, resume, IOPL = 0\ncurrent process         = 994 (vlc)\ntrap number             = 12\npanic: page fault\ncpuid = 1\nKDB: stack backtrace:\n#0 0xffffffff80b24077 at kdb_backtrace+0x67\n#1 0xffffffff80ad93e2 at vpanic+0x182\n#2 0xffffffff80ad9253 at panic+0x43\n#3 0xffffffff80fa0d51 at trap_fatal+0x351\n#4 0xffffffff80fa0f43 at trap_pfault+0x1e3\n#5 0xffffffff80fa04ec at trap+0x26c\n#6 0xffffffff80f84141 at calltrap+0x8\n#7 0xffffffff8110b469 at VOP_READ_APV+0x89\n#8 0xffffffff80bc0977 at vn_read+0x157\n#9 0xffffffff80bbc18d at vn_io_fault+0x10d\n#10 0xffffffff80b40df8 at dofileread+0x98\n#11 0xffffffff80b40ac8 at kern_readv+0x68\n#12 0xffffffff80b40a54 at sys_read+0x84\n#13 0xffffffff80fa16ae at amd64_syscall+0x4ce\n#14 0xffffffff80f8442b at Xfast_syscall+0xfb\n\n---\n\ndmesg:\nCopyright (c) 1979, 1980, 1983, 1986, 1988, 1989, 1991, 1992, 1993, 1994\n        The Regents of the University of California. All rights reserved.\nFreeBSD is a registered trademark of The FreeBSD Foundation.\nFreeBSD 11.0-RELEASE-p2 #0: Mon Oct 24 06:55:27 UTC 2016\n    root@amd64-builder.daemonology.net:/usr/obj/usr/src/sys/GENERIC amd64\nFreeBSD clang version 3.8.0 (tags/RELEASE_380/final 262564) (based on LLVM 3.8.0)\nVT(efifb): resolution 1366x768\nCPU: AMD E-300 APU with Radeon(tm) HD Graphics (1297.67-MHz K8-class CPU)\n  Origin=\"AuthenticAMD\"  Id=0x500f20  Family=0x14  Model=0x2  Stepping=0\n  Features=0x178bfbff\u003cFPU,VME,DE,PSE,TSC,MSR,PAE,MCE,CX8,APIC,SEP,MTRR,PGE,MCA,CMOV,PAT,PSE36,CLFLUSH,MMX,FXSR,SSE,SSE2,HTT\u003e\n  Features2=0x802209\u003cSSE3,MON,SSSE3,CX16,POPCNT\u003e\n  AMD Features=0x2e500800\u003cSYSCALL,NX,MMX+,FFXSR,Page1GB,RDTSCP,LM\u003e\n  AMD Features2=0x35ff\u003cLAHF,CMP,SVM,ExtAPIC,CR8,ABM,SSE4A,MAS,Prefetch,IBS,SKINIT,WDT\u003e\n  SVM: NP,NRIP,NAsids=8\n  TSC: P-state invariant, performance statistics\nreal memory  = 8589934592 (8192 MB)\navail memory = 7842193408 (7478 MB)\nEvent timer \"LAPIC\" quality 400\nACPI APIC Table: \u003cHPQOEM 188B    \u003e\nFreeBSD/SMP: Multiprocessor System Detected: 2 CPUs\nFreeBSD/SMP: 1 package(s) x 2 core(s)\nrandom: unblocking device.\nioapic0: Changing APIC ID to 4\nioapic0 \u003cVersion 2.1\u003e irqs 0-23 on motherboard\nrandom: entropy device external interface\nkbd1 at kbdmux0\nnetmap: loaded module\nmodule_register_init: MOD_LOAD (vesa, 0xffffffff8101c970, 0) error 19\ncryptosoft0: \u003csoftware crypto\u003e on motherboard\nacpi0: \u003cHPQOEM SLIC-MPC\u003e on motherboard\nacpi0: Power Button (fixed)\ncpu0: \u003cACPI CPU\u003e on acpi0\ncpu1: \u003cACPI CPU\u003e on acpi0\nhpet0: \u003cHigh Precision Event Timer\u003e iomem 0xfed00000-0xfed003ff irq 0,8 on acpi0\nTimecounter \"HPET\" frequency 14318180 Hz quality 950\natrtc0: \u003cAT realtime clock\u003e port 0x70-0x71 on acpi0\nEvent timer \"RTC\" frequency 32768 Hz quality 0\nattimer0: \u003cAT timer\u003e port 0x40-0x43 on acpi0\nTimecounter \"i8254\" frequency 1193182 Hz quality 0\nEvent timer \"i8254\" frequency 1193182 Hz quality 100\nTimecounter \"ACPI-fast\" frequency 3579545 Hz quality 900\nacpi_timer0: \u003c32-bit timer at 3.579545MHz\u003e port 0x408-0x40b on acpi0\nacpi_ec0: \u003cEmbedded Controller: GPE 0x3\u003e port 0x62,0x66 on acpi0\nacpi_button0: \u003cPower Button\u003e on acpi0\npcib0: \u003cACPI Host-PCI bridge\u003e port 0xcf8-0xcff on acpi0\npcib0: _OSC returned error 0x10\npci0: \u003cACPI PCI bus\u003e on pcib0\nvgapci0: \u003cVGA-compatible display\u003e port 0x3000-0x30ff mem 0xe0000000-0xefffffff,0xf0400000-0xf043ffff irq 18 at device 1.0 on pci0\nvgapci0: Boot video device\nhdac0: \u003cATI (0x1314) HDA Controller\u003e mem 0xf0444000-0xf0447fff irq 19 at device 1.1 on pci0\npcib1: \u003cACPI PCI-PCI bridge\u003e irq 19 at device 7.0 on pci0\npcib1: [GIANT-LOCKED]\nahci0: \u003cAMD Hudson-2 AHCI SATA controller\u003e port 0x3118-0x311f,0x3124-0x3127,0x3110-0x3117,0x3120-0x3123,0x3100-0x310f mem 0xf044c000-0xf044c7ff irq 19 at device 17.0 on pci0\nahci0: AHCI v1.30 with 2 6Gbps ports, Port Multiplier supported\nahcich0: \u003cAHCI channel\u003e at channel 0 on ahci0\nahcich1: \u003cAHCI channel\u003e at channel 1 on ahci0\nohci0: \u003cAMD FCH USB Controller\u003e mem 0xf044b000-0xf044bfff irq 18 at device 18.0 on pci0\nusbus0 on ohci0\nehci0: \u003cAMD FCH USB 2.0 controller\u003e mem 0xf044a000-0xf044a0ff irq 17 at device 18.2 on pci0\nusbus1: EHCI version 1.0\nusbus1 on ehci0\nohci1: \u003cAMD FCH USB Controller\u003e mem 0xf0449000-0xf0449fff irq 18 at device 19.0 on pci0\nusbus2 on ohci1\nehci1: \u003cAMD FCH USB 2.0 controller\u003e mem 0xf0448000-0xf04480ff irq 17 at device 19.2 on pci0\nusbus3: EHCI version 1.0\nusbus3 on ehci1\nhdac1: \u003cAMD Hudson-2 HDA Controller\u003e mem 0xf0440000-0xf0443fff irq 16 at device 20.2 on pci0\nisab0: \u003cPCI-ISA bridge\u003e at device 20.3 on pci0\nisa0: \u003cISA bus\u003e on isab0\npcib2: \u003cACPI PCI-PCI bridge\u003e at device 20.4 on pci0\npci1: \u003cACPI PCI bus\u003e on pcib2\npcib3: \u003cACPI PCI-PCI bridge\u003e at device 21.0 on pci0\npci2: \u003cACPI PCI bus\u003e on pcib3\nre0: \u003cRealTek 810xE PCIe 10/100baseTX\u003e port 0x2000-0x20ff mem 0xf0004000-0xf0004fff,0xf0000000-0xf0003fff irq 16 at device 0.0 on pci2\nre0: Using 1 MSI-X message\nre0: ASPM disabled\nre0: Chip rev. 0x40800000\nre0: MAC rev. 0x00400000\nmiibus0: \u003cMII bus\u003e on re0\nrlphy0: \u003cRTL8201E 10/100 media interface\u003e PHY 1 on miibus0\nrlphy0:  10baseT, 10baseT-FDX, 100baseTX, 100baseTX-FDX, auto, auto-flow\nre0: Using defaults for TSO: 65518/35/2048\nre0: Ethernet address: d8:9d:67:7f:ca:7e\nre0: netmap queues/slots: TX 1/256, RX 1/256\npcib4: \u003cACPI PCI-PCI bridge\u003e at device 21.1 on pci0\npci3: \u003cACPI PCI bus\u003e on pcib4\nath0: \u003cAtheros AR9485\u003e mem 0xf0200000-0xf027ffff irq 17 at device 0.0 on pci3\nar9300_attach: calling ar9300_hw_attach\nar9300_hw_attach: calling ar9300_eeprom_attach\nar9300_flash_map: unimplemented for now\nRestoring Cal data from DRAM\nRestoring Cal data from EEPROM\nRestoring Cal data from Flash\nRestoring Cal data from Flash\nRestoring Cal data from OTP\nar9300_hw_attach: ar9300_eeprom_attach returned 0\nath0: [HT] enabling HT modes\nath0: [HT] enabling short-GI in 20MHz mode\nath0: [HT] 1 stream STBC receive enabled\nath0: [HT] 1 RX streams; 1 TX streams\nath0: AR9485 mac 576.1 RF5110 phy 0.0\nath0: 2GHz radio: 0x0000; 5GHz radio: 0x0000\npcib5: \u003cACPI PCI-PCI bridge\u003e at device 21.2 on pci0\npci4: \u003cACPI PCI bus\u003e on pcib5\npci4: \u003cunknown\u003e at device 0.0 (no driver attached)\namdtemp0: \u003cAMD CPU On-Die Thermal Sensors\u003e on hostb4\nacpi_acad0: \u003cAC Adapter\u003e on acpi0\nbattery0: \u003cACPI Control Method Battery\u003e on acpi0\nacpi_lid0: \u003cControl Method Lid Switch\u003e on acpi0\nacpi_tz0: \u003cThermal Zone\u003e on acpi0\natkbdc0: \u003cKeyboard controller (i8042)\u003e port 0x60,0x64 irq 1 on acpi0\natkbd0: \u003cAT Keyboard\u003e irq 1 on atkbdc0\nkbd0 at atkbd0\natkbd0: [GIANT-LOCKED]\npsm0: \u003cPS/2 Mouse\u003e irq 12 on atkbdc0\npsm0: [GIANT-LOCKED]\npsm0: model Synaptics Touchpad, device ID 3\nppc0: cannot reserve I/O port range\nhwpstate0: \u003cCool`n'Quiet 2.0\u003e on cpu0\nZFS filesystem version: 5\nZFS storage pool version: features support (5000)\nTimecounters tick every 1.000 msec\nnvme cam probe device init\nhdacc0: \u003cATI R6xx HDA CODEC\u003e at cad 0 on hdac0\nhdaa0: \u003cATI R6xx Audio Function Group\u003e at nid 1 on hdacc0\npcm0: \u003cATI R6xx (HDMI)\u003e at nid 3 on hdaa0\nhdacc1: \u003cRealtek ALC269 HDA CODEC\u003e at cad 0 on hdac1\nhdaa1: \u003cRealtek ALC269 Audio Function Group\u003e at nid 1 on hdacc1\npcm1: \u003cRealtek ALC269 (Analog 2.0+HP/2.0)\u003e at nid 20,21 and 24 on hdaa1\npcm2: \u003cRealtek ALC269 (Onboard Analog Mic)\u003e at nid 18 on hdaa1\nusbus0: 12Mbps Full Speed USB v1.0\nusbus1: 480Mbps High Speed USB v2.0\nugen0.1: \u003cAMD\u003e at usbus0\nuhub0: \u003cAMD OHCI root HUB, class 9/0, rev 1.00/1.00, addr 1\u003e on usbus0\nugen1.1: \u003cAMD\u003e at usbus1\nuhub1: \u003cAMD EHCI root HUB, class 9/0, rev 2.00/1.00, addr 1\u003e on usbus1\nusbus2: 12Mbps Full Speed USB v1.0\nusbus3: 480Mbps High Speed USB v2.0\nugen2.1: \u003cAMD\u003e at usbus2\nuhub2: \u003cAMD OHCI root HUB, class 9/0, rev 1.00/1.00, addr 1\u003e on usbus2\nugen3.1: \u003cAMD\u003e at usbus3\nuhub3: \u003cAMD EHCI root HUB, class 9/0, rev 2.00/1.00, addr 1\u003e on usbus3\nuhub0: 5 ports with 5 removable, self powered\nada0 at ahcich0 bus 0 scbus0 target 0 lun 0\nada0: \u003cST500LM030-1RK17D SDM1\u003e ACS-3 ATA SATA 3.x device\nada0: Serial Number WES1J9DD\nuhub2: 5 ports with 5 removable, self powered\nada0: 600.000MB/s transfers (SATA 3.x, UDMA6, PIO 8192bytes)\nada0: Command Queueing enabled\nada0: 476940MB (976773168 512 byte sectors)\ncd0 at ahcich1 bus 0 scbus1 target 0 lun 0\ncd0: \u003chp CDDVDW SN-208DB HH01\u003e Removable CD-ROM SCSI device\ncd0: Serial Number R8Y66GLD1005Z2\ncd0: 150.000MB/s transfers (SATA 1.x, UDMA5, ATAPI 12bytes, PIO 8192bytes)\ncd0: Attempt to query device size failed: NOT READY, Medium not present - tray open\nSMP: AP CPU #1 Launched!\nTimecounter \"TSC\" frequency 1297666607 Hz quality 800\nTrying to mount root from zfs:core/env/fbsd-20161120 []...\nRoot mount waiting for: usbus3 usbus1\nRoot mount waiting for: usbus3 usbus1\nuhub1: 5 ports with 5 removable, self powered\nuhub3: 5 ports with 5 removable, self powered\nRoot mount waiting for: usbus3 usbus1\nugen3.2: \u003cChicony Electronics Co.,Ltd.\u003e at usbus3\nugen0.2: \u003cvendor 0x04f3\u003e at usbus0\nugen0.3: \u003cFTDI\u003e at usbus0"
}