{
 "id": 561381,
 "bug_id": 147340,
 "attachment_id": 0,
 "creation_time": "2010-06-18T18:10:57Z",
 "creator": "lynx.ripe@gmail.com",
 "text": "2010/6/2 Dmitry Pryanishnikov \u003clynx.ripe@gmail.com\u003e:\n\u003e\n\u003e I'm sorry, send-pr interface has 'automagically' uudecoded my text and\n\u003e prepended '\\n' to it. So in order to extract files one can use the following\n\u003e command:\n\nWell, I've decided just to include information inline.\n\n1) dmesg-0809131650 - 'dmesg -v' (kernel from sources csupped with\ntag=. date=2008.09.13.16.50.00, just before the commit)\n\n\nCopyright (c) 1992-2008 The FreeBSD Project.\nCopyright (c) 1979, 1980, 1983, 1986, 1988, 1989, 1991, 1992, 1993, 1994\n\tThe Regents of the University of California. All rights reserved.\nFreeBSD is a registered trademark of The FreeBSD Foundation.\nFreeBSD 8.0-CURRENT #1: Tue Jun  1 01:48:04 EEST 2010\n    dmitry@lynx.homenet:/databig/obj/databig/ftp/HEAD/src/sys/lynx\nWARNING: WITNESS option enabled, expect reduced performance.\nPreloaded elf kernel \"/boot/kernel.old/kernel\" at 0xc0b50000.\nPreloaded elf module \"/boot/kernel.old/if_tap.ko\" at 0xc0b50198.\nPreloaded elf module \"/boot/kernel.old/if_tun.ko\" at 0xc0b50248.\nPreloaded elf module \"/boot/kernel.old/miibus.ko\" at 0xc0b502f8.\nPreloaded elf module \"/boot/kernel.old/if_rl.ko\" at 0xc0b503a8.\nPreloaded elf module \"/boot/kernel.old/snd_hda.ko\" at 0xc0b50458.\nPreloaded elf module \"/boot/kernel.old/sound.ko\" at 0xc0b50508.\nPreloaded elf module \"/boot/kernel.old/usb.ko\" at 0xc0b505b8.\nPreloaded elf module \"/boot/kernel.old/ugen.ko\" at 0xc0b50664.\nPreloaded elf module \"/boot/kernel.old/uhid.ko\" at 0xc0b50714.\nPreloaded elf module \"/boot/kernel.old/ukbd.ko\" at 0xc0b507c4.\nPreloaded elf module \"/boot/kernel.old/ums.ko\" at 0xc0b50874.\nPreloaded elf module \"/boot/kernel.old/umass.ko\" at 0xc0b50920.\nPreloaded elf module \"/boot/kernel.old/umodem.ko\" at 0xc0b509d0.\nPreloaded elf module \"/boot/kernel.old/ucom.ko\" at 0xc0b50a80.\nPreloaded elf module \"/boot/kernel.old/agp.ko\" at 0xc0b50b30.\nPreloaded elf module \"/boot/kernel.old/accf_data.ko\" at 0xc0b50bdc.\nPreloaded elf module \"/boot/kernel.old/accf_dns.ko\" at 0xc0b50c90.\nPreloaded elf module \"/boot/kernel.old/accf_http.ko\" at 0xc0b50d44.\nPreloaded elf module \"/boot/kernel.old/random.ko\" at 0xc0b50df8.\nPreloaded elf module \"/boot/kernel.old/ipdivert.ko\" at 0xc0b50ea8.\nPreloaded elf module \"/boot/kernel.old/uplcom.ko\" at 0xc0b50f5c.\nPreloaded elf module \"/boot/kernel.old/uftdi.ko\" at 0xc0b5100c.\nPreloaded elf module \"/boot/kernel.old/uark.ko\" at 0xc0b510bc.\nPreloaded elf module \"/boot/kernel.old/cpufreq.ko\" at 0xc0b5116c.\nPreloaded elf module \"/boot/kernel.old/ichwd.ko\" at 0xc0b5121c.\nPreloaded elf module \"/boot/kernel.old/atapicam.ko\" at 0xc0b512cc.\nPreloaded elf module \"/boot/kernel.old/drm.ko\" at 0xc0b51380.\nPreloaded elf module \"/boot/kernel.old/i915.ko\" at 0xc0b5142c.\nPreloaded elf module \"/boot/kernel.old/acpi.ko\" at 0xc0b514dc.\nTimecounter \"i8254\" frequency 1193182 Hz quality 0\nCalibrating TSC clock ... TSC clock: 1862015820 Hz\nCPU: Intel(R) Pentium(R) M processor 1.86GHz (1862.02-MHz 686-class CPU)\n  Origin = \"GenuineIntel\"  Id = 0x6d8  Stepping = 8\n  Features=0xafe9fbff\u003cFPU,VME,DE,PSE,TSC,MSR,PAE,MCE,CX8,APIC,SEP,MTRR,PGE,MCA,CMOV,PAT,CLFLUSH,DTS,ACPI,MMX,FXSR,SSE,SSE2,SS,TM,PBE\u003e\n  Features2=0x180\u003cEST,TM2\u003e\n\nInstruction TLB: 4 KB Pages, 4-way set associative, 128 entries\nData TLB: 4 KB Pages, 4-way set associative, 128 entries\nInstruction TLB: 4 MB pages, fully associative, 2 entries\n2nd-level cache: 2-MB, 8-way set associative, 64-byte line size\n1st-level instruction cache: 32 KB, 8-way set associative, 64 byte line size\nData TLB: 4 MB Pages, 4-way set associative, 8 entries\n1st-level data cache: 32 KB, 8-way set associative, 64 byte line size\nL2 cache: 2048 kbytes, 8-way associative, 64 bytes/line\nreal memory  = 259784704 (247 MB)\nPhysical memory chunk(s):\n0x0000000000001000 - 0x000000000009efff, 647168 bytes (158 pages)\n0x0000000000100000 - 0x00000000003fffff, 3145728 bytes (768 pages)\n0x0000000000c25000 - 0x000000000f34ffff, 242397184 bytes (59179 pages)\navail memory = 241328128 (230 MB)\nTable 'FACP' at 0xf7c0200\nTable 'APIC' at 0xf7c0390\nMADT: Found table at 0xf7c0390\nMP Configuration Table version 1.4 found at 0xc00fb680\nAPIC: Using the MADT enumerator.\nMADT: Found CPU APIC ID 0 ACPI ID 1: enabled\nSMP: Added CPU 0 (AP)\nACPI APIC Table: \u003cA M I  OEMAPIC \u003e\nbios32: Found BIOS32 Service Directory header at 0xc00f0000\nbios32: Entry = 0xf0010 (c00f0010)  Rev = 0  Len = 1\npcibios: PCI BIOS entry at 0xf0000+0x31\npnpbios: Found PnP BIOS data at 0xc00f4980\npnpbios: Entry = f0000:55aa  Rev = 1.0\nOther BIOS signatures found:\nAPIC: CPU 0 has ACPI ID 1\nULE: setup cpu 0\nACPI: RSDP @ 0x0xf6a50/0x0014 (v  0 ACPIAM)\nACPI: RSDT @ 0x0xf7c0000/0x0038 (v  1 A M I  OEMRSDT  0x10000414 MSFT\n0x00000097)\nACPI: FACP @ 0x0xf7c0200/0x0084 (v  2 A M I  OEMFACP  0x10000414 MSFT\n0x00000097)\nACPI: DSDT @ 0x0xf7c0430/0x7C9B (v  1  0AAAA 0AAAA000 0x00000000 INTL\n0x02002026)\nACPI: FACS @ 0x0xf7cf000/0x0040\nACPI: APIC @ 0x0xf7c0390/0x0054 (v  1 A M I  OEMAPIC  0x10000414 MSFT\n0x00000097)\nACPI: MCFG @ 0x0xf7c03f0/0x003C (v  1 A M I  OEMMCFG  0x10000414 MSFT\n0x00000097)\nACPI: OEMB @ 0x0xf7cf040/0x0040 (v  1 A M I  AMI_OEM  0x10000414 MSFT\n0x00000097)\nACPI: SSDT @ 0x0xf7c80d0/0x0335 (v  1    AMI   CPU1PM 0x00000001 INTL\n0x02002026)\nMADT: Found IO APIC ID 1, Interrupt 0 at 0xfec00000\nioapic0: Routing external 8259A's -\u003e intpin 0\nMADT: Interrupt override: source 0, irq 2\nioapic0: Routing IRQ 0 -\u003e intpin 2\nMADT: Interrupt override: source 9, irq 9\nioapic0: intpin 9 trigger: level\nioapic0 \u003cVersion 2.0\u003e irqs 0-23 on motherboard\ncpu0 BSP:\n     ID: 0x00000000   VER: 0x00050014 LDR: 0x00000000 DFR: 0xffffffff\n  lint0: 0x00010700 lint1: 0x00000400 TPR: 0x00000000 SVR: 0x000001ff\n  timer: 0x000100ef therm: 0x00010000 err: 0x0001000f pcm: 0x00010000\nsnd_unit_init() u=0x00ff8000 [512] d=0x00007c00 [32] c=0x000003ff [1024]\nfeeder_register: snd_unit=-1 snd_maxautovchans=4 latency=5\nfeeder_buffersize=16384 feeder_rate_min=1 feeder_rate_max=2016000\nfeeder_rate_round=25\nio: \u003cI/O\u003e\nmem: \u003cmemory\u003e\nPentium Pro MTRR support enabled\nnull: \u003cnull device, zero device\u003e\nrandom: \u003centropy source, Software, Yarrow\u003e\nichwd module loaded\ncrypto: \u003ccrypto core\u003e\nnpx0: INT 16 interface\ncryptosoft0: \u003csoftware crypto\u003e on motherboard\ncrypto: assign cryptosoft0 driver id 0, flags 100663296\ncrypto: cryptosoft0 registers alg 1 flags 0 maxoplen 0\ncrypto: cryptosoft0 registers alg 2 flags 0 maxoplen 0\ncrypto: cryptosoft0 registers alg 3 flags 0 maxoplen 0\ncrypto: cryptosoft0 registers alg 4 flags 0 maxoplen 0\ncrypto: cryptosoft0 registers alg 5 flags 0 maxoplen 0\ncrypto: cryptosoft0 registers alg 16 flags 0 maxoplen 0\ncrypto: cryptosoft0 registers alg 6 flags 0 maxoplen 0\ncrypto: cryptosoft0 registers alg 7 flags 0 maxoplen 0\ncrypto: cryptosoft0 registers alg 18 flags 0 maxoplen 0\ncrypto: cryptosoft0 registers alg 19 flags 0 maxoplen 0\ncrypto: cryptosoft0 registers alg 20 flags 0 maxoplen 0\ncrypto: cryptosoft0 registers alg 8 flags 0 maxoplen 0\ncrypto: cryptosoft0 registers alg 15 flags 0 maxoplen 0\ncrypto: cryptosoft0 registers alg 9 flags 0 maxoplen 0\ncrypto: cryptosoft0 registers alg 10 flags 0 maxoplen 0\ncrypto: cryptosoft0 registers alg 13 flags 0 maxoplen 0\ncrypto: cryptosoft0 registers alg 14 flags 0 maxoplen 0\ncrypto: cryptosoft0 registers alg 11 flags 0 maxoplen 0\ncrypto: cryptosoft0 registers alg 21 flags 0 maxoplen 0\ncrypto: cryptosoft0 registers alg 17 flags 0 maxoplen 0\nacpi0: \u003cA M I OEMRSDT\u003e on motherboard\nPCIe: Memory Mapped configuration base @ 0xe0000000\npcibios: BIOS version 2.10\nioapic0: routing intpin 9 (ISA IRQ 9) to vector 48\nacpi0: [MPSAFE]\nacpi0: [ITHREAD]\nAcpiOsDerivePciId: \\\\_SB_.PCI0.P0P1.CBS0.CBSP -\u003e bus 1 dev 3 func 0\nacpi0: Power Button (fixed)\nacpi0: wakeup code va 0xc1c2b000 pa 0x1000\nAcpiOsDerivePciId: \\\\_SB_.PCI0.SBRG.FHR0 -\u003e bus 0 dev 31 func 0\nAcpiOsDerivePciId: \\\\_SB_.PCI0.SBRG.PIX0 -\u003e bus 0 dev 31 func 0\nacpi0: reservation of 0, a0000 (3) failed\nacpi0: reservation of 100000, f700000 (3) failed\nACPI timer: 1/2 1/2 1/2 1/2 1/2 1/2 1/2 1/1 1/2 1/2 -\u003e 10\nTimecounter \"ACPI-fast\" frequency 3579545 Hz quality 1000\nacpi_timer0: \u003c24-bit timer at 3.579545MHz\u003e port 0x808-0x80b on acpi0\nacpi_ec0: \u003cEmbedded Controller: GPE 0x1c\u003e port 0x62,0x66 on acpi0\npci_link0:        Index  IRQ  Rtd  Ref  IRQs\n  Initial Probe       0   11   N     0  3 4 5 6 7 11 12\n  Validation          0   11   N     0  3 4 5 6 7 11 12\n  After Disable       0  255   N     0  3 4 5 6 7 11 12\npci_link1:        Index  IRQ  Rtd  Ref  IRQs\n  Initial Probe       0   11   N     0  3 4 5 6 7 12\n  Validation          0  255   N     0  3 4 5 6 7 12\n  After Disable       0  255   N     0  3 4 5 6 7 12\npci_link2:        Index  IRQ  Rtd  Ref  IRQs\n  Initial Probe       0    3   N     0  3 4 5 6 7 12\n  Validation          0    3   N     0  3 4 5 6 7 12\n  After Disable       0  255   N     0  3 4 5 6 7 12\npci_link3:        Index  IRQ  Rtd  Ref  IRQs\n  Initial Probe       0    7   N     0  3 4 5 6 7 12\n  Validation          0    7   N     0  3 4 5 6 7 12\n  After Disable       0  255   N     0  3 4 5 6 7 12\npci_link4:        Index  IRQ  Rtd  Ref  IRQs\n  Initial Probe       0    4   N     0  3 4 5 6 7 12\n  Validation          0    4   N     0  3 4 5 6 7 12\n  After Disable       0  255   N     0  3 4 5 6 7 12\npci_link5:        Index  IRQ  Rtd  Ref  IRQs\n  Initial Probe       0  255   N     0  3 4 5 6 7 12\n  Validation          0  255   N     0  3 4 5 6 7 12\n  After Disable       0  255   N     0  3 4 5 6 7 12\npci_link6:        Index  IRQ  Rtd  Ref  IRQs\n  Initial Probe       0    6   N     0  3 4 5 6 7 12\n  Validation          0    6   N     0  3 4 5 6 7 12\n  After Disable       0  255   N     0  3 4 5 6 7 12\npci_link7:        Index  IRQ  Rtd  Ref  IRQs\n  Initial Probe       0    5   N     0  3 4 5 6 7 12\n  Validation          0    5   N     0  3 4 5 6 7 12\n  After Disable       0  255   N     0  3 4 5 6 7 12\npcib0: \u003cACPI Host-PCI bridge\u003e port 0xcf8-0xcff on acpi0\npci0: \u003cACPI PCI bus\u003e on pcib0\npci0: domain=0, physical bus=0\nfound-\u003e\tvendor=0x8086, dev=0x2590, revid=0x03\n\tdomain=0, bus=0, slot=0, func=0\n\tclass=06-00-00, hdrtype=0x00, mfdev=0\n\tcmdreg=0x0006, statreg=0x2090, cachelnsz=0 (dwords)\n\tlattimer=0x00 (0 ns), mingnt=0x00 (0 ns), maxlat=0x00 (0 ns)\nfound-\u003e\tvendor=0x8086, dev=0x2592, revid=0x03\n\tdomain=0, bus=0, slot=2, func=0\n\tclass=03-00-00, hdrtype=0x00, mfdev=1\n\tcmdreg=0x0007, statreg=0x0090, cachelnsz=0 (dwords)\n\tlattimer=0x00 (0 ns), mingnt=0x00 (0 ns), maxlat=0x00 (0 ns)\n\tintpin=a, irq=11\n\tpowerspec 2  supports D0 D3  current D0\n\tmap[10]: type Memory, range 32, base 0xfeb80000, size 19, enabled\n\tmap[14]: type I/O Port, range 32, base 0xec00, size  3, enabled\n\tmap[18]: type Prefetchable Memory, range 32, base 0xd0000000, size 28, enabled\n\tmap[1c]: type Memory, range 32, base 0xfeb40000, size 18, enabled\npcib0: matched entry for 0.2.INTA\npcib0: slot 2 INTA hardwired to IRQ 16\nfound-\u003e\tvendor=0x8086, dev=0x2792, revid=0x03\n\tdomain=0, bus=0, slot=2, func=1\n\tclass=03-80-00, hdrtype=0x00, mfdev=1\n\tcmdreg=0x0007, statreg=0x0090, cachelnsz=0 (dwords)\n\tlattimer=0x00 (0 ns), mingnt=0x00 (0 ns), maxlat=0x00 (0 ns)\n\tpowerspec 2  supports D0 D3  current D0\n\tmap[10]: type Memory, range 32, base 0xfea80000, size 19, enabled\nfound-\u003e\tvendor=0x8086, dev=0x2668, revid=0x04\n\tdomain=0, bus=0, slot=27, func=0\n\tclass=04-03-00, hdrtype=0x00, mfdev=0\n\tcmdreg=0x0006, statreg=0x0010, cachelnsz=8 (dwords)\n\tlattimer=0x00 (0 ns), mingnt=0x00 (0 ns), maxlat=0x00 (0 ns)\n\tintpin=a, irq=11\n\tpowerspec 2  supports D0 D3  current D0\n\tMSI supports 1 message, 64 bit\n\tmap[10]: type Memory, range 64, base 0xfeb38000, size 14, enabled\npcib0: matched entry for 0.27.INTA\npcib0: slot 27 INTA hardwired to IRQ 16\nfound-\u003e\tvendor=0x8086, dev=0x2658, revid=0x04\n\tdomain=0, bus=0, slot=29, func=0\n\tclass=0c-03-00, hdrtype=0x00, mfdev=1\n\tcmdreg=0x0005, statreg=0x0280, cachelnsz=0 (dwords)\n\tlattimer=0x00 (0 ns), mingnt=0x00 (0 ns), maxlat=0x00 (0 ns)\n\tintpin=a, irq=5\n\tmap[20]: type I/O Port, range 32, base 0xe400, size  5, enabled\npcib0: matched entry for 0.29.INTA\npcib0: slot 29 INTA hardwired to IRQ 23\nfound-\u003e\tvendor=0x8086, dev=0x2659, revid=0x04\n\tdomain=0, bus=0, slot=29, func=1\n\tclass=0c-03-00, hdrtype=0x00, mfdev=0\n\tcmdreg=0x0005, statreg=0x0280, cachelnsz=0 (dwords)\n\tlattimer=0x00 (0 ns), mingnt=0x00 (0 ns), maxlat=0x00 (0 ns)\n\tintpin=b, irq=7\n\tmap[20]: type I/O Port, range 32, base 0xe480, size  5, enabled\npcib0: matched entry for 0.29.INTB\npcib0: slot 29 INTB hardwired to IRQ 19\nfound-\u003e\tvendor=0x8086, dev=0x265a, revid=0x04\n\tdomain=0, bus=0, slot=29, func=2\n\tclass=0c-03-00, hdrtype=0x00, mfdev=0\n\tcmdreg=0x0005, statreg=0x0280, cachelnsz=0 (dwords)\n\tlattimer=0x00 (0 ns), mingnt=0x00 (0 ns), maxlat=0x00 (0 ns)\n\tintpin=c, irq=3\n\tmap[20]: type I/O Port, range 32, base 0xe800, size  5, enabled\npcib0: matched entry for 0.29.INTC\npcib0: slot 29 INTC hardwired to IRQ 18\nfound-\u003e\tvendor=0x8086, dev=0x265b, revid=0x04\n\tdomain=0, bus=0, slot=29, func=3\n\tclass=0c-03-00, hdrtype=0x00, mfdev=0\n\tcmdreg=0x0005, statreg=0x0280, cachelnsz=0 (dwords)\n\tlattimer=0x00 (0 ns), mingnt=0x00 (0 ns), maxlat=0x00 (0 ns)\n\tintpin=d, irq=11\n\tmap[20]: type I/O Port, range 32, base 0xe880, size  5, enabled\npcib0: matched entry for 0.29.INTD\npcib0: slot 29 INTD hardwired to IRQ 16\nfound-\u003e\tvendor=0x8086, dev=0x265c, revid=0x04\n\tdomain=0, bus=0, slot=29, func=7\n\tclass=0c-03-20, hdrtype=0x00, mfdev=0\n\tcmdreg=0x0006, statreg=0x0290, cachelnsz=0 (dwords)\n\tlattimer=0x00 (0 ns), mingnt=0x00 (0 ns), maxlat=0x00 (0 ns)\n\tintpin=a, irq=5\n\tpowerspec 2  supports D0 D3  current D0\n\tmap[10]: type Memory, range 32, base 0xfeb3fc00, size 10, enabled\npcib0: matched entry for 0.29.INTA\npcib0: slot 29 INTA hardwired to IRQ 23\nfound-\u003e\tvendor=0x8086, dev=0x2448, revid=0xd4\n\tdomain=0, bus=0, slot=30, func=0\n\tclass=06-04-01, hdrtype=0x01, mfdev=0\n\tcmdreg=0x0107, statreg=0x0010, cachelnsz=0 (dwords)\n\tlattimer=0x00 (0 ns), mingnt=0x06 (1500 ns), maxlat=0x00 (0 ns)\nfound-\u003e\tvendor=0x8086, dev=0x2641, revid=0x04\n\tdomain=0, bus=0, slot=31, func=0\n\tclass=06-01-00, hdrtype=0x00, mfdev=1\n\tcmdreg=0x0007, statreg=0x0200, cachelnsz=0 (dwords)\n\tlattimer=0x00 (0 ns), mingnt=0x00 (0 ns), maxlat=0x00 (0 ns)\nfound-\u003e\tvendor=0x8086, dev=0x266f, revid=0x04\n\tdomain=0, bus=0, slot=31, func=1\n\tclass=01-01-8a, hdrtype=0x00, mfdev=0\n\tcmdreg=0x0005, statreg=0x0280, cachelnsz=0 (dwords)\n\tlattimer=0x00 (0 ns), mingnt=0x00 (0 ns), maxlat=0x00 (0 ns)\n\tintpin=a, irq=255\n\tmap[20]: type I/O Port, range 32, base 0xffa0, size  4, enabled\nvgapci0: \u003cVGA-compatible display\u003e port 0xec00-0xec07 mem\n0xfeb80000-0xfebfffff,0xd0000000-0xdfffffff,0xfeb40000-0xfeb7ffff irq\n16 at device 2.0 on pci0\nagp0: \u003cIntel 82915GM (915GM GMCH) SVGA controller\u003e on vgapci0\nvgapci0: Reserved 0x10000000 bytes for rid 0x18 type 3 at 0xd0000000\nvgapci0: Reserved 0x80000 bytes for rid 0x10 type 3 at 0xfeb80000\nvgapci0: Reserved 0x40000 bytes for rid 0x1c type 3 at 0xfeb40000\nagp0: detected 7932k stolen memory\nagp0: aperture size is 256M\ndrm0: \u003cIntel i915GM\u003e on vgapci0\nvgapci0: Reserved 0x80000 bytes for rid 0x10 type 3 at 0xfeb80000\nvgapci0: child drm0 requested pci_enable_busmaster\ninfo: [drm] AGP at 0xd0000000 256MB\ninfo: [drm] Initialized i915 1.6.0 20080312\nvgapci1: \u003cVGA-compatible display\u003e mem 0xfea80000-0xfeafffff at device\n2.1 on pci0\npcm0: \u003cIntel 82801F High Definition Audio Controller\u003e mem\n0xfeb38000-0xfeb3bfff irq 16 at device 27.0 on pci0\npcm0: TCSEL: 0x07 -\u003e 0x00\npcm0: DMA Coherency: Uncacheable / vendor=0x8086\npcm0: Reserved 0x4000 bytes for rid 0x10 type 3 at 0xfeb38000\nioapic0: routing intpin 16 (PCI IRQ 16) to vector 49\npcm0: [MPSAFE]\npcm0: [ITHREAD]\npcm0: hdac_dma_alloc: size=1024 -\u003e roundsz=1024\npcm0: hdac_dma_alloc: size=2048 -\u003e roundsz=2048\nuhci0: \u003cIntel 82801FB/FR/FW/FRW (ICH6) USB controller USB-A\u003e port\n0xe400-0xe41f irq 23 at device 29.0 on pci0\nuhci0: Reserved 0x20 bytes for rid 0x20 type 4 at 0xe400\nioapic0: routing intpin 23 (PCI IRQ 23) to vector 50\nuhci0: [GIANT-LOCKED]\nuhci0: [ITHREAD]\nusb0: \u003cIntel 82801FB/FR/FW/FRW (ICH6) USB controller USB-A\u003e on uhci0\nusb0: USB revision 1.0\nuhub0: \u003cIntel UHCI root hub, class 9/0, rev 1.00/1.00, addr 1\u003e on usb0\nuhub0: 2 ports with 2 removable, self powered\nuhci1: \u003cIntel 82801FB/FR/FW/FRW (ICH6) USB controller USB-B\u003e port\n0xe480-0xe49f irq 19 at device 29.1 on pci0\nuhci1: Reserved 0x20 bytes for rid 0x20 type 4 at 0xe480\nioapic0: routing intpin 19 (PCI IRQ 19) to vector 51\nuhci1: [GIANT-LOCKED]\nuhci1: [ITHREAD]\nusb1: \u003cIntel 82801FB/FR/FW/FRW (ICH6) USB controller USB-B\u003e on uhci1\nusb1: USB revision 1.0\nuhub1: \u003cIntel UHCI root hub, class 9/0, rev 1.00/1.00, addr 1\u003e on usb1\nuhub1: 2 ports with 2 removable, self powered\nuhci2: \u003cIntel 82801FB/FR/FW/FRW (ICH6) USB controller USB-C\u003e port\n0xe800-0xe81f irq 18 at device 29.2 on pci0\nuhci2: Reserved 0x20 bytes for rid 0x20 type 4 at 0xe800\nioapic0: routing intpin 18 (PCI IRQ 18) to vector 52\nuhci2: [GIANT-LOCKED]\nuhci2: [ITHREAD]\nusb2: \u003cIntel 82801FB/FR/FW/FRW (ICH6) USB controller USB-C\u003e on uhci2\nusb2: USB revision 1.0\nuhub2: \u003cIntel UHCI root hub, class 9/0, rev 1.00/1.00, addr 1\u003e on usb2\nuhub2: 2 ports with 2 removable, self powered\nuhci3: \u003cIntel 82801FB/FR/FW/FRW (ICH6) USB controller USB-D\u003e port\n0xe880-0xe89f irq 16 at device 29.3 on pci0\nuhci3: Reserved 0x20 bytes for rid 0x20 type 4 at 0xe880\nuhci3: [GIANT-LOCKED]\nuhci3: [ITHREAD]\nusb3: \u003cIntel 82801FB/FR/FW/FRW (ICH6) USB controller USB-D\u003e on uhci3\nusb3: USB revision 1.0\nuhub3: \u003cIntel UHCI root hub, class 9/0, rev 1.00/1.00, addr 1\u003e on usb3\nuhub3: 2 ports with 2 removable, self powered\nehci0: \u003cIntel 82801FB (ICH6) USB 2.0 controller\u003e mem\n0xfeb3fc00-0xfeb3ffff irq 23 at device 29.7 on pci0\nehci0: Reserved 0x400 bytes for rid 0x10 type 3 at 0xfeb3fc00\nehci0: [GIANT-LOCKED]\nehci0: [ITHREAD]\nusb4: EHCI version 1.0\nusb4: companion controllers, 2 ports each: usb0 usb1 usb2 usb3\nusb4: \u003cIntel 82801FB (ICH6) USB 2.0 controller\u003e on ehci0\nusb4: USB revision 2.0\nuhub4: \u003cIntel EHCI root hub, class 9/0, rev 2.00/1.00, addr 1\u003e on usb4\nuhub4: 8 ports with 8 removable, self powered\npcib1: \u003cACPI PCI-PCI bridge\u003e at device 30.0 on pci0\npcib1:   domain            0\npcib1:   secondary bus     1\npcib1:   subordinate bus   2\npcib1:   I/O decode        0xd000-0xdfff\npcib1:   memory decode     0xfe800000-0xfe8fffff\npcib1:   no prefetched decode\npcib1:   Subtractively decoded bridge.\npci1: \u003cACPI PCI bus\u003e on pcib1\npci1: domain=0, physical bus=1\nfound-\u003e\tvendor=0x1180, dev=0x0476, revid=0xb3\n\tdomain=0, bus=1, slot=3, func=0\n\tclass=06-07-00, hdrtype=0x02, mfdev=1\n\tcmdreg=0x0107, statreg=0x0210, cachelnsz=0 (dwords)\n\tlattimer=0x20 (960 ns), mingnt=0x80 (32000 ns), maxlat=0x00 (0 ns)\n\tintpin=a, irq=255\n\tpowerspec 2  supports D0 D1 D2 D3  current D0\n\tmap[10]: type Memory, range 32, base 0, size 12, enabled\nfound-\u003e\tvendor=0x1180, dev=0x0552, revid=0x08\n\tdomain=0, bus=1, slot=3, func=1\n\tclass=0c-00-10, hdrtype=0x00, mfdev=1\n\tcmdreg=0x0006, statreg=0x0210, cachelnsz=0 (dwords)\n\tlattimer=0x40 (1920 ns), mingnt=0x02 (500 ns), maxlat=0x04 (1000 ns)\n\tintpin=b, irq=6\n\tpowerspec 2  supports D0 D3  current D0\n\tmap[10]: type Memory, range 32, base 0xfe8fd800, size 11, enabled\npcib1: requested memory range 0xfe8fd800-0xfe8fdfff: good\npcib1: matched entry for 1.3.INTB\npcib1: slot 3 INTB hardwired to IRQ 22\nfound-\u003e\tvendor=0x1180, dev=0x0822, revid=0x17\n\tdomain=0, bus=1, slot=3, func=2\n\tclass=08-05-00, hdrtype=0x00, mfdev=1\n\tcmdreg=0x0006, statreg=0x0210, cachelnsz=0 (dwords)\n\tlattimer=0x40 (1920 ns), mingnt=0x00 (0 ns), maxlat=0x00 (0 ns)\n\tintpin=c, irq=4\n\tpowerspec 2  supports D0 D1 D2 D3  current D0\n\tmap[10]: type Memory, range 32, base 0xfe8fe400, size  8, enabled\npcib1: requested memory range 0xfe8fe400-0xfe8fe4ff: good\npcib1: matched entry for 1.3.INTC\npcib1: slot 3 INTC hardwired to IRQ 20\nfound-\u003e\tvendor=0x1180, dev=0x0592, revid=0x08\n\tdomain=0, bus=1, slot=3, func=3\n\tclass=08-80-00, hdrtype=0x00, mfdev=1\n\tcmdreg=0x0002, statreg=0x0210, cachelnsz=0 (dwords)\n\tlattimer=0x00 (0 ns), mingnt=0x00 (0 ns), maxlat=0x00 (0 ns)\n\tintpin=c, irq=4\n\tpowerspec 2  supports D0 D1 D2 D3  current D0\n\tmap[10]: type Memory, range 32, base 0xfe8fe800, size  8, enabled\npcib1: requested memory range 0xfe8fe800-0xfe8fe8ff: good\npcib1: matched entry for 1.3.INTC\npcib1: slot 3 INTC hardwired to IRQ 20\nfound-\u003e\tvendor=0x10ec, dev=0x8139, revid=0x10\n\tdomain=0, bus=1, slot=4, func=0\n\tclass=02-00-00, hdrtype=0x00, mfdev=0\n\tcmdreg=0x0007, statreg=0x0290, cachelnsz=0 (dwords)\n\tlattimer=0x40 (1920 ns), mingnt=0x20 (8000 ns), maxlat=0x40 (16000 ns)\n\tintpin=a, irq=4\n\tpowerspec 2  supports D0 D1 D2 D3  current D0\n\tmap[10]: type I/O Port, range 32, base 0xd800, size  8, enabled\npcib1: requested I/O range 0xd800-0xd8ff: in range\n\tmap[14]: type Memory, range 32, base 0xfe8fec00, size  8, enabled\npcib1: requested memory range 0xfe8fec00-0xfe8fecff: good\npcib1: matched entry for 1.4.INTA\npcib1: slot 4 INTA hardwired to IRQ 20\nfound-\u003e\tvendor=0x8086, dev=0x4220, revid=0x05\n\tdomain=0, bus=1, slot=5, func=0\n\tclass=02-80-00, hdrtype=0x00, mfdev=0\n\tcmdreg=0x0016, statreg=0x0290, cachelnsz=8 (dwords)\n\tlattimer=0x40 (1920 ns), mingnt=0x03 (750 ns), maxlat=0x18 (6000 ns)\n\tintpin=a, irq=3\n\tpowerspec 2  supports D0 D3  current D0\n\tmap[10]: type Memory, range 32, base 0xfe8ff000, size 12, enabled\npcib1: requested memory range 0xfe8ff000-0xfe8fffff: good\npcib1: matched entry for 1.5.INTA\npcib1: slot 5 INTA hardwired to IRQ 18\npci1: \u003cbridge, PCI-CardBus\u003e at device 3.0 (no driver attached)\npci1: \u003cserial bus, FireWire\u003e at device 3.1 (no driver attached)\npci1: \u003cbase peripheral\u003e at device 3.2 (no driver attached)\npci1: \u003cbase peripheral\u003e at device 3.3 (no driver attached)\nrl0: \u003cRealTek 8139 10/100BaseTX\u003e port 0xd800-0xd8ff mem\n0xfe8fec00-0xfe8fecff irq 20 at device 4.0 on pci1\nrl0: Reserved 0x100 bytes for rid 0x10 type 4 at 0xd800\nmiibus0: \u003cMII bus\u003e on rl0\nrlphy0: \u003cRealTek internal media interface\u003e PHY 0 on miibus0\nrlphy0:  10baseT, 10baseT-FDX, 100baseTX, 100baseTX-FDX, auto\nrl0: bpf attached\nrl0: Ethernet address: 00:11:d8:89:f6:7c\nioapic0: routing intpin 20 (PCI IRQ 20) to vector 53\nrl0: [MPSAFE]\nrl0: [ITHREAD]\npci1: \u003cnetwork\u003e at device 5.0 (no driver attached)\nisab0: \u003cPCI-ISA bridge\u003e at device 31.0 on pci0\nisa0: \u003cISA bus\u003e on isab0\natapci0: \u003cIntel ICH6 UDMA100 controller\u003e port\n0x1f0-0x1f7,0x3f6,0x170-0x177,0x376,0xffa0-0xffaf at device 31.1 on\npci0\natapci0: Reserved 0x10 bytes for rid 0x20 type 4 at 0xffa0\nata0: \u003cATA channel 0\u003e on atapci0\natapci0: Reserved 0x8 bytes for rid 0x10 type 4 at 0x1f0\natapci0: Reserved 0x1 bytes for rid 0x14 type 4 at 0x3f6\nata0: reset tp1 mask=03 ostat0=50 ostat1=00\nata0: stat0=0x50 err=0x01 lsb=0x00 msb=0x00\nata0: stat1=0x00 err=0x01 lsb=0x14 msb=0xeb\nata0: reset tp2 stat0=50 stat1=00 devices=0x20001\nioapic0: routing intpin 14 (ISA IRQ 14) to vector 54\nata0: [MPSAFE]\nata0: [ITHREAD]\nata1: \u003cATA channel 1\u003e on atapci0\natapci0: Reserved 0x8 bytes for rid 0x18 type 4 at 0x170\natapci0: Reserved 0x1 bytes for rid 0x1c type 4 at 0x376\nata1: reset tp1 mask=03 ostat0=7f ostat1=7f\nata1: stat0=0x7f err=0x7f lsb=0x7f msb=0x7f\nata1: stat0=0x7f err=0x7f lsb=0x7f msb=0x7f\nata1: stat0=0x7f err=0x7f lsb=0x7f msb=0x7f\nata1: stat0=0x7f err=0x7f lsb=0x7f msb=0x7f\nata1: stat0=0x7f err=0x7f lsb=0x7f msb=0x7f\nata1: stat0=0x7f err=0x7f lsb=0x7f msb=0x7f\nata1: stat0=0x7f err=0x7f lsb=0x7f msb=0x7f\nata1: stat0=0x7f err=0x7f lsb=0x7f msb=0x7f\nata1: stat0=0x7f err=0x7f lsb=0x7f msb=0x7f\nata1: stat0=0x7f err=0x7f lsb=0x7f msb=0x7f\nata1: stat0=0x7f err=0x7f lsb=0x7f msb=0x7f\nata1: stat0=0x7f err=0x7f lsb=0x7f msb=0x7f\nata1: stat1=0x7f err=0x7f lsb=0x7f msb=0x7f\nata1: reset tp2 stat0=ff stat1=ff devices=0x0\nioapic0: routing intpin 15 (ISA IRQ 15) to vector 55\nata1: [MPSAFE]\nata1: [ITHREAD]\nacpi_button0: \u003cSleep Button\u003e on acpi0\nacpi_lid0: \u003cControl Method Lid Switch\u003e on acpi0\nacpi_tz0: \u003cThermal Zone\u003e on acpi0\nacpi_acad0: \u003cAC Adapter\u003e on acpi0\nbattery0: \u003cACPI Control Method Battery\u003e on acpi0\natrtc0: \u003cAT realtime clock\u003e port 0x70-0x71 irq 8 on acpi0\natrtc0: registered as a time-of-day clock (resolution 1000000us)\natkbdc0: \u003cKeyboard controller (i8042)\u003e port 0x60,0x64 irq 1 on acpi0\natkbd0: \u003cAT Keyboard\u003e irq 1 on atkbdc0\natkbd: the current kbd controller command byte 0065\natkbd: keyboard ID 0x41ab (2)\nkbd0 at atkbd0\nkbd0: atkbd0, AT 101/102 (2), config:0x0, flags:0x3d0000\nioapic0: routing intpin 1 (ISA IRQ 1) to vector 56\natkbd0: [GIANT-LOCKED]\natkbd0: [ITHREAD]\npsm0: unable to allocate IRQ\npsmcpnp0: \u003cPS/2 mouse port\u003e irq 12 on acpi0\npsm0: current command byte:0065\npsm0: \u003cPS/2 Mouse\u003e irq 12 on atkbdc0\nioapic0: routing intpin 12 (ISA IRQ 12) to vector 57\npsm0: [GIANT-LOCKED]\npsm0: [ITHREAD]\npsm0: model Generic PS/2 mouse, device ID 0-00, 2 buttons\npsm0: config:00000000, flags:00000008, packet size:3\npsm0: syncmask:c0, syncbits:00\ncpu0: \u003cACPI CPU\u003e on acpi0\nest0: \u003cEnhanced SpeedStep Frequency Control\u003e on cpu0\np4tcc0: \u003cCPU Frequency Thermal Control\u003e on cpu0\nata: ata0 already exists; skipping it\nata: ata1 already exists; skipping it\natkbdc: atkbdc0 already exists; skipping it\natrtc: atrtc0 already exists; skipping it\npnp_identify: Trying Read_Port at 203\npnp_identify: Trying Read_Port at 243\npnp_identify: Trying Read_Port at 283\npnp_identify: Trying Read_Port at 2c3\npnp_identify: Trying Read_Port at 303\npnp_identify: Trying Read_Port at 343\npnp_identify: Trying Read_Port at 383\npnp_identify: Trying Read_Port at 3c3\nPNP Identify complete\nisab0: found ICH6 or equivalent chipset: Intel ICH6M watchdog timer\nsc: sc0 already exists; skipping it\nisa_probe_children: disabling PnP devices\nisa_probe_children: probing non-PnP devices\nichwd0: \u003cIntel ICH6M watchdog timer\u003e on isa0\nisab0: found ICH6 or equivalent chipset: Intel ICH6M watchdog timer\nichwd0: Intel ICH6M watchdog timer (ICH6 or equivalent)\nichwd0: timer disabled\nfdc0 failed to probe at port 0x3f0 irq 6 drq 2 on isa0\nppc0 failed to probe at irq 7 on isa0\nsc0: \u003cSystem console\u003e at flags 0x100 on isa0\nsc0: VGA \u003c16 virtual consoles, flags=0x300\u003e\nsc0: fb0, kbd0, terminal emulator: sc (syscons terminal)\nuart0 failed to probe at port 0x3f8 irq 4 on isa0\nuart1 failed to probe at port 0x2f8 irq 3 on isa0\nvga0: \u003cGeneric ISA VGA\u003e at port 0x3c0-0x3df iomem 0xa0000-0xbffff on isa0\nisa_probe_children: probing PnP devices\nDevice configuration finished.\nlapic: Divisor 2, Frequency 66500569 hz\nTimecounter \"TSC\" frequency 1862015820 Hz quality 800\nTimecounters tick every 1.000 msec\nIPsec: Initialized Security Association Processing.\nipfw2 (+ipv6) initialized, divert loadable, nat enabled, rule-based\nforwarding enabled, default to deny, logging limited to 100\npackets/entry by default\nenc0: bpf attached\nDUMMYNET with IPv6 initialized (040826)\nlo0: bpf attached\nata0: identify ch-\u003edevices=00020001\nacpi_tz0: _AC0: temperature 85.0 \u003e= setpoint 45.0\nacpi_tz0: switched from NONE to _AC0: 85.0C\nata0-master: pio=PIO4 wdma=WDMA2 udma=UDMA100 cable=40 wire\nacpi_acad0: acline initialization start\nacpi_acad0: On Lineata0-slave: pio=PIO4 wdma=WDMA2 udma=UDMA33 cable=40 wire\n\nacpi_acad0: acline initialization done, tried 1 timesad0: setting PIO4\non ICH6 chip\n\nbattery0: battery initialization startad0: setting UDMA100 on ICH6 chip\n\nad0: 57231MB \u003cIC25N060ATMR04 0 MO3OAD4A\u003e at ata0-master UDMA100\nad0: 117210240 sectors [116280C/16H/63S] 16 sectors/interrupt 1 depth queue\nata1: identify ch-\u003edevices=00000000\npcm0: HDA_DEBUG: HDA Config: on=0x00000000 off=0x00000000\npcm0: HDA_DEBUG: Starting CORB Engine...\npcm0: HDA_DEBUG: Starting RIRB Engine...\npcm0: HDA_DEBUG: Enabling controller interrupt...\npcm0: HDA_DEBUG: Scanning HDA codecs [start index=0] ...\npcm0: HDA_DEBUG: Probing codec: 0\npcm0: HDA_DEBUG: \tstartnode=1 endnode=2\npcm0: HDA_DEBUG: \tFound AFG nid=1 [startnode=1 endnode=2]\npcm0: HDA_DEBUG: Parsing AFG nid=1 cad=0\npcm0:        Vendor: 0x000010ec\npcm0:        Device: 0x00000880\npcm0:      Revision: 0x00000005\npcm0:      Stepping: 0x00000000\npcm0: PCI Subvendor: 0x19931043\npcm0:         Nodes: start=2 endnode=34 total=32\npcm0:     CORB size: 256\npcm0:     RIRB size: 256\npcm0:       Streams: ISS=4 OSS=4 BSS=0\npcm0:          GPIO: 0x40000002\npcm0:                NumGPIO=2 NumGPO=0 NumGPI=0 GPIWake=0 GPIUnsol=1\npcm0: HDA_DEBUG: hdac_widget_connection_parse: nid=7 entries=7 found=7\npcm0: HDA_DEBUG: hdac_widget_connection_parse: nid=8 entries=7 found=7\npcm0: HDA_DEBUG: hdac_widget_connection_parse: nid=9 entries=10 found=10\npcm0: HDA_DEBUG: hdac_widget_connection_parse: nid=10 entries=1 found=1\npcm0: HDA_DEBUG: hdac_widget_connection_parse: nid=11 entries=8 found=8\npcm0: HDA_DEBUG: hdac_widget_connection_parse: nid=12 entries=2 found=2\npcm0: HDA_DEBUG: hdac_widget_connection_parse: nid=13 entries=2 found=2\npcm0: HDA_DEBUG: hdac_widget_connection_parse: nid=14 entries=2 found=2\npcm0: HDA_DEBUG: hdac_widget_connection_parse: nid=15 entries=2 found=2\npcm0: HDA_DEBUG: hdac_widget_connection_parse: nid=16 entries=4 found=4\npcm0: HDA_DEBUG: hdac_widget_connection_parse: nid=17 entries=4 found=4\npcm0: HDA_DEBUG: hdac_widget_connection_parse: nid=18 entries=4 found=4\npcm0: HDA_DEBUG: hdac_widget_connection_parse: nid=19 entries=4 found=4\npcm0: HDA_DEBUG: hdac_widget_connection_parse: nid=20 entries=1 found=1\npcm0: HDA_DEBUG: hdac_widget_connection_parse: nid=21 entries=1 found=1\npcm0: HDA_DEBUG: hdac_widget_connection_parse: nid=22 entries=1 found=1\npcm0: HDA_DEBUG: hdac_widget_connection_parse: nid=23 entries=1 found=1\npcm0: HDA_DEBUG: hdac_widget_connection_parse: nid=24 entries=1 found=1\npcm0: HDA_DEBUG: Pin config nid=24 0x00000000 -\u003e 0x00a00000\npcm0: HDA_DEBUG: hdac_widget_connection_parse: nid=25 entries=1 found=1\npcm0: HDA_DEBUG: Pin config nid=25 0x00000000 -\u003e 0x00a00000\npcm0: HDA_DEBUG: hdac_widget_connection_parse: nid=26 entries=1 found=1\npcm0: HDA_DEBUG: Pin config nid=26 0x00000000 -\u003e 0x00800000\npcm0: HDA_DEBUG: hdac_widget_connection_parse: nid=27 entries=1 found=1\npcm0: HDA_DEBUG: Pin config nid=27 0x00000000 -\u003e 0x00800000\npcm0: HDA_DEBUG: Pin config nid=28 0x00000000 -\u003e 0x00300000\npcm0: HDA_DEBUG: hdac_widget_connection_parse: nid=30 entries=1 found=1\npcm0: HDA_DEBUG: Parsing Ctls...\npcm0: HDA_DEBUG: Parsing vendor patch...\npcm0: HDA_DEBUG: Building AFG tree...\npcm0: HDA_DEBUG: HWiP: HDA Widget Parser - Revision 1\npcm0: HDA_DEBUG: HWiP: Found 4 DAC path using HDA_PARSE_MIXER strategy.\npcm0: HDA_DEBUG: AFG commit...\npcm0: GPIO init: data=0x00000000 mask=0x00000000 dir=0x00000000\npcm0: GPIO commit: data=0x00000001 mask=0x00000001 dir=0x00000001\npcm0: HDA_DEBUG: Ctls commit...\npcm0: [ 1] Ctl nid=7 DISABLED\npcm0: [ 2] Ctl nid=8 DISABLED\npcm0: [10] Ctl nid=11 childnid=20 Bind to NONE\npcm0: [11] Ctl nid=11 childnid=21 Bind to NONE\npcm0: [12] Ctl nid=12 Bind to NONE\npcm0: [14] Ctl nid=12 childnid=11 Bind to NONE\npcm0: [15] Ctl nid=13 Bind to NONE\npcm0: [17] Ctl nid=13 childnid=11 Bind to NONE\npcm0: [18] Ctl nid=14 Bind to NONE\npcm0: [20] Ctl nid=14 childnid=11 Bind to NONE\npcm0: [21] Ctl nid=15 Bind to NONE\npcm0: [23] Ctl nid=15 childnid=11 Bind to NONE\npcm0: [24] Ctl nid=20 Bind to NONE\npcm0: [25] Ctl nid=21 Bind to NONE\npcm0: [26] Ctl nid=22 Bind to NONE\npcm0: [27] Ctl nid=23 Bind to NONE\npcm0: [28] Ctl nid=24 Bind to NONE\npcm0: [29] Ctl nid=25 Bind to NONE\npcm0: [30] Ctl nid=26 Bind to NONE\npcm0: [31] Ctl nid=27 Bind to NONE\npcm0: HDA_DEBUG: PCMDIR_PLAY setup...\npcm0: HDA_DEBUG: PCMDIR_REC setup...\npcm0: HDA_DEBUG: OSS mixer initialization...\npcm0: HDA_DEBUG: Enabling Soft PCM volume\npcm0: Mixer \"vol\": child=0x00000010\npcm0: Mixer \"pcm\": parent=\"vol\"\npcm0: Mixer \"speaker\":\npcm0: Mixer \"line\":\npcm0: Mixer \"mic\":\npcm0: Mixer \"cd\":\npcm0: Mixer \"rec\":\npcm0: Soft PCM mixer ENABLED\npcm0: HDA_DEBUG: Registering PCM channels...\npcm0: clone manager: deadline=750ms flags=0x8000001e\npcm0: hdac_dma_alloc: size=4096 -\u003e roundsz=4096\npcm0: sndbuf_setmap f03c000, 4000; 0xcc272000 -\u003e f03c000\npcm0: hdac_dma_alloc: size=4096 -\u003e roundsz=4096\npcm0: sndbuf_setmap f060000, 4000; 0xcc276000 -\u003e f060000\npcm0: \u003cHDA Codec: Realtek ALC880\u003e\npcm0: \u003cHDA Codec ID: 0x10ec0880\u003e\npcm0: \u003cHDA Driver Revision: 20080420_0052\u003e\npcm0:\npcm0: HDA config/quirks: gpio0 forcestereo ivref50 ivref80 ivref100 ivref\npcm0:\npcm0: +-------------------+\npcm0: | DUMPING HDA NODES |\npcm0: +-------------------+\npcm0:\npcm0: Default Parameter\npcm0: -----------------\npcm0:      Stream cap: 0x00000001\npcm0:          Format: PCM\npcm0:         PCM cap: 0x000e0560\npcm0:        PCM size: 16 20 24\npcm0:        PCM rate: 44 48 96 192\npcm0:          IN amp: 0x00000000\npcm0:         OUT amp: 0x00000000\npcm0:\npcm0:             nid: 2 [ANALOG]\npcm0:            name: audio output\npcm0:      widget_cap: 0x00000411\npcm0:     Parse flags: 0x00000001\npcm0:       Ctl flags: 0x00000011\npcm0:      Stream cap: 0x00000001\npcm0:          Format: PCM\npcm0:         PCM cap: 0x000e0560\npcm0:        PCM size: 16 20 24\npcm0:        PCM rate: 44 48 96 192\npcm0:     connections: 0\npcm0:\npcm0:             nid: 3 [ANALOG]\npcm0:            name: audio output\npcm0:      widget_cap: 0x00000411\npcm0:     Parse flags: 0x00000001\npcm0:       Ctl flags: 0x00000011\npcm0:      Stream cap: 0x00000001\npcm0:          Format: PCM\npcm0:         PCM cap: 0x000e0560\npcm0:        PCM size: 16 20 24\npcm0:        PCM rate: 44 48 96 192\npcm0:     connections: 0\npcm0:\npcm0:             nid: 4 [ANALOG]\npcm0:            name: audio output\npcm0:      widget_cap: 0x00000411\npcm0:     Parse flags: 0x00000001\npcm0:       Ctl flags: 0x00000011\npcm0:      Stream cap: 0x00000001\npcm0:          Format: PCM\npcm0:         PCM cap: 0x000e0160\npcm0:        PCM size: 16 20 24\npcm0:        PCM rate: 44 48 96\npcm0:     connections: 0\npcm0:\npcm0:             nid: 5 [ANALOG]\npcm0:            name: audio output\npcm0:      widget_cap: 0x00000411\npcm0:     Parse flags: 0x00000001\npcm0:       Ctl flags: 0x00000011\npcm0:      Stream cap: 0x00000001\npcm0:          Format: PCM\npcm0:         PCM cap: 0x000e0160\npcm0:        PCM size: 16 20 24\npcm0:        PCM rate: 44 48 96\npcm0:     connections: 0\npcm0:\npcm0:             nid: 6 [DIGITAL] [DISABLED]\npcm0:            name: audio output\npcm0:      widget_cap: 0x00000211\npcm0:     Parse flags: 0x00000000\npcm0:       Ctl flags: 0x00000000\npcm0:      Stream cap: 0x00000001\npcm0:          Format: PCM\npcm0:         PCM cap: 0x001e0160\npcm0:        PCM size: 16 20 24 32\npcm0:        PCM rate: 44 48 96\npcm0:     connections: 0\npcm0:\npcm0:             nid: 7 [ANALOG] [DISABLED]\npcm0:            name: audio input\npcm0:      widget_cap: 0x0010051b\npcm0:     Parse flags: 0x00000000\npcm0:       Ctl flags: 0x00000000\npcm0:      Stream cap: 0x00000001\npcm0:          Format: PCM\npcm0:         PCM cap: 0x00060160\npcm0:        PCM size: 16 20\npcm0:        PCM rate: 44 48 96\npcm0:       Input amp: 0x80032300\npcm0:                  mute=1 step=35 size=3 offset=0\npcm0:     connections: 7\npcm0:           |\npcm0:           + \u003c- nid=24 [pin: Mic in (jack)]\npcm0:           |\npcm0:           + \u003c- nid=25 [pin: Mic in (jack)]\npcm0:           |\npcm0:           + \u003c- nid=26 [pin: line in (jack)]\npcm0:           |\npcm0:           + \u003c- nid=27 [pin: line in (jack)]\npcm0:           |\npcm0:           + \u003c- nid=28 [pin: CD (jack)]\npcm0:           |\npcm0:           + \u003c- nid=20 [pin: line out (jack)]\npcm0:           |\npcm0:           + \u003c- nid=21 [pin: line out (jack)]\npcm0:\npcm0:             nid: 8 [ANALOG] [DISABLED]\npcm0:            name: audio input\npcm0:      widget_cap: 0x0010051b\npcm0:     Parse flags: 0x00000000\npcm0:       Ctl flags: 0x00000000\npcm0:      Stream cap: 0x00000001\npcm0:          Format: PCM\npcm0:         PCM cap: 0x00060160\npcm0:        PCM size: 16 20\npcm0:        PCM rate: 44 48 96\npcm0:       Input amp: 0x80032300\npcm0:                  mute=1 step=35 size=3 offset=0\npcm0:     connections: 7\npcm0:           |\npcm0:           + \u003c- nid=24 [pin: Mic in (jack)]\npcm0:           |\npcm0:           + \u003c- nid=25 [pin: Mic in (jack)]\npcm0:           |\npcm0:           + \u003c- nid=26 [pin: line in (jack)]\npcm0:           |\npcm0:           + \u003c- nid=27 [pin: line in (jack)]\npcm0:           |\npcm0:           + \u003c- nid=28 [pin: CD (jack)]\npcm0:           |\npcm0:           + \u003c- nid=20 [pin: line out (jack)]\npcm0:           |\npcm0:           + \u003c- nid=21 [pin: line out (jack)]\npcm0:\npcm0:             nid: 9 [ANALOG]\npcm0:            name: audio input\npcm0:      widget_cap: 0x0010051b\npcm0:     Parse flags: 0x00000006\npcm0:       Ctl flags: 0x00000800\npcm0:      Stream cap: 0x00000001\npcm0:          Format: PCM\npcm0:         PCM cap: 0x00060160\npcm0:        PCM size: 16 20\npcm0:        PCM rate: 44 48 96\npcm0:       Input amp: 0x80032300\npcm0:                  mute=1 step=35 size=3 offset=0\npcm0:     connections: 10\npcm0:           |\npcm0:           + \u003c- nid=24 [pin: Mic in (jack)] (selected)\npcm0:           |\npcm0:           + \u003c- nid=25 [pin: Mic in (jack)]\npcm0:           |\npcm0:           + \u003c- nid=26 [pin: line in (jack)]\npcm0:           |\npcm0:           + \u003c- nid=27 [pin: line in (jack)]\npcm0:           |\npcm0:           + \u003c- nid=28 [pin: CD (jack)]\npcm0:           |\npcm0:           + \u003c- nid=11 [audio mixer]\npcm0:           |\npcm0:           + \u003c- nid=20 [pin: line out (jack)]\npcm0:           |\npcm0:           + \u003c- nid=21 [pin: line out (jack)]\npcm0:           |\npcm0:           + \u003c- nid=22 [pin: line out (jack)]\npcm0:           |\npcm0:           + \u003c- nid=23 [pin: line out (jack)]\npcm0:\npcm0:             nid: 10 [DIGITAL] [DISABLED]\npcm0:            name: audio input\npcm0:      widget_cap: 0x00100391\npcm0:     Parse flags: 0x00000000\npcm0:       Ctl flags: 0x00000000\npcm0:      Stream cap: 0x00000001\npcm0:          Format: PCM\npcm0:         PCM cap: 0x001e0160\npcm0:        PCM size: 16 20 24 32\npcm0:        PCM rate: 44 48 96\npcm0:     connections: 1\npcm0:           |\npcm0:           + \u003c- nid=31 [pin: line out (jack)] [DISABLED]\npcm0:\npcm0:             nid: 11 [ANALOG]\npcm0:            name: audio mixer\npcm0:      widget_cap: 0x0020010b\npcm0:     Parse flags: 0x00000002\npcm0:       Ctl flags: 0x000001e1\npcm0:       Input amp: 0x80034123\npcm0:                  mute=1 step=65 size=3 offset=35\npcm0:     connections: 8\npcm0:           |\npcm0:           + \u003c- nid=24 [pin: Mic in (jack)]\npcm0:           |\npcm0:           + \u003c- nid=25 [pin: Mic in (jack)]\npcm0:           |\npcm0:           + \u003c- nid=26 [pin: line in (jack)]\npcm0:           |\npcm0:           + \u003c- nid=27 [pin: line in (jack)]\npcm0:           |\npcm0:           + \u003c- nid=28 [pin: CD (jack)]\npcm0:           |\npcm0:           + \u003c- nid=29 [beep widget]\npcm0:           |\npcm0:           + \u003c- nid=20 [pin: line out (jack)]\npcm0:           |\npcm0:           + \u003c- nid=21 [pin: line out (jack)]\npcm0:\npcm0:             nid: 12 [ANALOG]\npcm0:            name: audio mixer\npcm0:      widget_cap: 0x0020010f\npcm0:     Parse flags: 0x00000001\npcm0:       Ctl flags: 0x000001f1\npcm0:      Output amp: 0x00034040\npcm0:                  mute=0 step=64 size=3 offset=64\npcm0:       Input amp: 0x80000000\npcm0:                  mute=1 step=0 size=0 offset=0\npcm0:     connections: 2\npcm0:           |\npcm0:           + \u003c- nid=2 [audio output]\npcm0:           |\npcm0:           + \u003c- nid=11 [audio mixer]\npcm0:\npcm0:             nid: 13 [ANALOG]\npcm0:            name: audio mixer\npcm0:      widget_cap: 0x0020010f\npcm0:     Parse flags: 0x00000001\npcm0:       Ctl flags: 0x00000011\npcm0:      Output amp: 0x00034040\npcm0:                  mute=0 step=64 size=3 offset=64\npcm0:       Input amp: 0x80000000\npcm0:                  mute=1 step=0 size=0 offset=0\npcm0:     connections: 2\npcm0:           |\npcm0:           + \u003c- nid=3 [audio output]\npcm0:           |\npcm0:           + \u003c- nid=11 [audio mixer]\npcm0:\npcm0:             nid: 14 [ANALOG]\npcm0:            name: audio mixer\npcm0:      widget_cap: 0x0020010f\npcm0:     Parse flags: 0x00000001\npcm0:       Ctl flags: 0x00000011\npcm0:      Output amp: 0x00034040\npcm0:                  mute=0 step=64 size=3 offset=64\npcm0:       Input amp: 0x80000000\npcm0:                  mute=1 step=0 size=0 offset=0\npcm0:     connections: 2\npcm0:           |\npcm0:           + \u003c- nid=4 [audio output]\npcm0:           |\npcm0:           + \u003c- nid=11 [audio mixer]\npcm0:\npcm0:             nid: 15 [ANALOG]\npcm0:            name: audio mixer\npcm0:      widget_cap: 0x0020010f\npcm0:     Parse flags: 0x00000001\npcm0:       Ctl flags: 0x00000011\npcm0:      Output amp: 0x00034040\npcm0:                  mute=0 step=64 size=3 offset=64\npcm0:       Input amp: 0x80000000\npcm0:                  mute=1 step=0 size=0 offset=0\npcm0:     connections: 2\npcm0:           |\npcm0:           + \u003c- nid=5 [audio output]\npcm0:           |\npcm0:           + \u003c- nid=11 [audio mixer]\npcm0:\npcm0:             nid: 16 [ANALOG]\npcm0:            name: audio selector\npcm0:      widget_cap: 0x00300101\npcm0:     Parse flags: 0x00000000\npcm0:       Ctl flags: 0x00000000\npcm0:     connections: 4\npcm0:           |\npcm0:           + \u003c- nid=12 [audio mixer] (selected)\npcm0:           |\npcm0:           + \u003c- nid=13 [audio mixer]\npcm0:           |\npcm0:           + \u003c- nid=14 [audio mixer]\npcm0:           |\npcm0:           + \u003c- nid=15 [audio mixer]\npcm0:\npcm0:             nid: 17 [ANALOG]\npcm0:            name: audio selector\npcm0:      widget_cap: 0x00300101\npcm0:     Parse flags: 0x00000000\npcm0:       Ctl flags: 0x00000000\npcm0:     connections: 4\npcm0:           |\npcm0:           + \u003c- nid=12 [audio mixer] (selected)\npcm0:           |\npcm0:           + \u003c- nid=13 [audio mixer]\npcm0:           |\npcm0:           + \u003c- nid=14 [audio mixer]\npcm0:           |\npcm0:           + \u003c- nid=15 [audio mixer]\npcm0:\npcm0:             nid: 18 [ANALOG]\npcm0:            name: audio selector\npcm0:      widget_cap: 0x00300101\npcm0:     Parse flags: 0x00000000\npcm0:       Ctl flags: 0x00000000\npcm0:     connections: 4\npcm0:           |\npcm0:           + \u003c- nid=12 [audio mixer] (selected)\npcm0:           |\npcm0:           + \u003c- nid=13 [audio mixer]\npcm0:           |\npcm0:           + \u003c- nid=14 [audio mixer]\npcm0:           |\npcm0:           + \u003c- nid=15 [audio mixer]\npcm0:\npcm0:             nid: 19 [ANALOG]\npcm0:            name: audio selector\npcm0:      widget_cap: 0x00300101\npcm0:     Parse flags: 0x00000000\npcm0:       Ctl flags: 0x00000000\npcm0:     connections: 4\npcm0:           |\npcm0:           + \u003c- nid=12 [audio mixer] (selected)\npcm0:           |\npcm0:           + \u003c- nid=13 [audio mixer]\npcm0:           |\npcm0:           + \u003c- nid=14 [audio mixer]\npcm0:           |\npcm0:           + \u003c- nid=15 [audio mixer]\npcm0:\npcm0:             nid: 20 [ANALOG]\npcm0:            name: pin: line out (jack)\npcm0:      widget_cap: 0x0040018d\npcm0:     Parse flags: 0x00000001\npcm0:       Ctl flags: 0x00000000\npcm0:         Pin cap: 0x0000003f\npcm0:                  ISC TRQD HP OUT IN : UNSOL\npcm0:      Pin config: 0x00000000\npcm0:     Pin control: 0x00000040 OUT\npcm0:      Output amp: 0x80000000\npcm0:                  mute=1 step=0 size=0 offset=0\npcm0:     connections: 1\npcm0:           |\npcm0:           + \u003c- nid=12 [audio mixer]\npcm0:\npcm0:             nid: 21 [ANALOG]\npcm0:            name: pin: line out (jack)\npcm0:      widget_cap: 0x0040018d\npcm0:     Parse flags: 0x00000001\npcm0:       Ctl flags: 0x00000000\npcm0:         Pin cap: 0x0000003f\npcm0:                  ISC TRQD HP OUT IN : UNSOL\npcm0:      Pin config: 0x00000000\npcm0:     Pin control: 0x00000040 OUT\npcm0:      Output amp: 0x80000000\npcm0:                  mute=1 step=0 size=0 offset=0\npcm0:     connections: 1\npcm0:           |\npcm0:           + \u003c- nid=13 [audio mixer]\npcm0:\npcm0:             nid: 22 [ANALOG]\npcm0:            name: pin: line out (jack)\npcm0:      widget_cap: 0x0040018d\npcm0:     Parse flags: 0x00000001\npcm0:       Ctl flags: 0x00000000\npcm0:         Pin cap: 0x0000003f\npcm0:                  ISC TRQD HP OUT IN : UNSOL\npcm0:      Pin config: 0x00000000\npcm0:     Pin control: 0x00000040 OUT\npcm0:      Output amp: 0x80000000\npcm0:                  mute=1 step=0 size=0 offset=0\npcm0:     connections: 1\npcm0:           |\npcm0:           + \u003c- nid=14 [audio mixer]\npcm0:\npcm0:             nid: 23 [ANALOG]\npcm0:            name: pin: line out (jack)\npcm0:      widget_cap: 0x0040018d\npcm0:     Parse flags: 0x00000001\npcm0:       Ctl flags: 0x00000000\npcm0:         Pin cap: 0x0000003f\npcm0:                  ISC TRQD HP OUT IN : UNSOL\npcm0:      Pin config: 0x00000000\npcm0:     Pin control: 0x00000040 OUT\npcm0:      Output amp: 0x80000000\npcm0:                  mute=1 step=0 size=0 offset=0\npcm0:     connections: 1\npcm0:           |\npcm0:           + \u003c- nid=15 [audio mixer]\npcm0:\npcm0:             nid: 24 [ANALOG]\npcm0:            name: pin: Mic in (jack)\npcm0:      widget_cap: 0x0040018d\npcm0:     Parse flags: 0x00000002\npcm0:       Ctl flags: 0x00000081\npcm0:         Pin cap: 0x0000133f\npcm0:                  ISC TRQD HP OUT IN VREF[ 50 80 HIZ ] : UNSOL\npcm0:      Pin config: 0x00a00000\npcm0:     Pin control: 0x00000024 IN\npcm0:      Output amp: 0x80000000\npcm0:                  mute=1 step=0 size=0 offset=0\npcm0:     connections: 1\npcm0:           |\npcm0:           + \u003c- nid=16 [audio selector]\npcm0:\npcm0:             nid: 25 [ANALOG]\npcm0:            name: pin: Mic in (jack)\npcm0:      widget_cap: 0x0040018d\npcm0:     Parse flags: 0x00000002\npcm0:       Ctl flags: 0x00000081\npcm0:         Pin cap: 0x0000133f\npcm0:                  ISC TRQD HP OUT IN VREF[ 50 80 HIZ ] : UNSOL\npcm0:      Pin config: 0x00a00000\npcm0:     Pin control: 0x00000024 IN\npcm0:      Output amp: 0x80000000\npcm0:                  mute=1 step=0 size=0 offset=0\npcm0:     connections: 1\npcm0:           |\npcm0:           + \u003c- nid=17 [audio selector]\npcm0:\npcm0:             nid: 26 [ANALOG]\npcm0:            name: pin: line in (jack)\npcm0:      widget_cap: 0x0040018d\npcm0:     Parse flags: 0x00000002\npcm0:       Ctl flags: 0x00000041\npcm0:         Pin cap: 0x0000133f\npcm0:                  ISC TRQD HP OUT IN VREF[ 50 80 HIZ ] : UNSOL\npcm0:      Pin config: 0x00800000\npcm0:     Pin control: 0x00000024 IN\npcm0:      Output amp: 0x80000000\npcm0:                  mute=1 step=0 size=0 offset=0\npcm0:     connections: 1\npcm0:           |\npcm0:           + \u003c- nid=18 [audio selector]\npcm0:\npcm0:             nid: 27 [ANALOG]\npcm0:            name: pin: line in (jack)\npcm0:      widget_cap: 0x0040018d\npcm0:     Parse flags: 0x00000002\npcm0:       Ctl flags: 0x00000041\npcm0:         Pin cap: 0x0000133f\npcm0:                  ISC TRQD HP OUT IN VREF[ 50 80 HIZ ] : UNSOL\npcm0:      Pin config: 0x00800000\npcm0:     Pin control: 0x00000024 IN\npcm0:      Output amp: 0x80000000\npcm0:                  mute=1 step=0 size=0 offset=0\npcm0:     connections: 1\npcm0:           |\npcm0:           + \u003c- nid=19 [audio selector]\npcm0:\npcm0:             nid: 28 [ANALOG]\npcm0:            name: pin: CD (jack)\npcm0:      widget_cap: 0x00400001\npcm0:     Parse flags: 0x00000002\npcm0:       Ctl flags: 0x00000101\npcm0:         Pin cap: 0x00000020\npcm0:                  IN\npcm0:      Pin config: 0x00300000\npcm0:     Pin control: 0x00000020 IN\npcm0:     connections: 0\npcm0:\npcm0:             nid: 29 [ANALOG]\npcm0:            name: beep widget\npcm0:      widget_cap: 0x00700000\npcm0:     Parse flags: 0x00000000\npcm0:       Ctl flags: 0x00000021\npcm0:     connections: 0\npcm0:\npcm0:             nid: 30 [DIGITAL] [DISABLED]\npcm0:            name: pin: line out (jack)\npcm0:      widget_cap: 0x00400300\npcm0:     Parse flags: 0x00000000\npcm0:       Ctl flags: 0x00000000\npcm0:         Pin cap: 0x00000010\npcm0:                  OUT\npcm0:      Pin config: 0x00000000\npcm0:     Pin control: 0x00000040 OUT\npcm0:     connections: 1\npcm0:           |\npcm0:           + \u003c- nid=6 [audio output] [DISABLED]\npcm0:\npcm0:             nid: 31 [DIGITAL] [DISABLED]\npcm0:            name: pin: line out (jack)\npcm0:      widget_cap: 0x00400200\npcm0:     Parse flags: 0x00000000\npcm0:       Ctl flags: 0x00000000\npcm0:         Pin cap: 0x00000020\npcm0:                  IN\npcm0:      Pin config: 0x00000000\npcm0:     Pin control: 0x00000020 IN\npcm0:     connections: 0\npcm0:\npcm0:             nid: 32 [ANALOG]\npcm0:            name: vendor widget\npcm0:      widget_cap: 0x00f00040\npcm0:     Parse flags: 0x00000000\npcm0:       Ctl flags: 0x00000000\npcm0:     connections: 0\npcm0:\npcm0:             nid: 33 [ANALOG]\npcm0:            name: volume widget\npcm0:      widget_cap: 0x00600080\npcm0:     Parse flags: 0x00000000\npcm0:       Ctl flags: 0x00000000\npcm0:     connections: 0\npcm0:\npcm0: +------------------------+\npcm0: | DUMPING HDA AMPLIFIERS |\npcm0: +------------------------+\npcm0:\npcm0:   1: nid=7 dir=0x2 index=0 ossmask=0x00000000 ossdev=0 [DISABLED]\npcm0:   2: nid=8 dir=0x2 index=0 ossmask=0x00000000 ossdev=0 [DISABLED]\npcm0:   3: nid=9 dir=0x2 index=0 ossmask=0x00000800 ossdev=0\npcm0:   4: nid=11 cnid=24 dir=0x2 index=0 ossmask=0x00000081 ossdev=7\npcm0:   5: nid=11 cnid=25 dir=0x2 index=1 ossmask=0x00000081 ossdev=7\npcm0:   6: nid=11 cnid=26 dir=0x2 index=2 ossmask=0x00000041 ossdev=6\npcm0:   7: nid=11 cnid=27 dir=0x2 index=3 ossmask=0x00000041 ossdev=6\npcm0:   8: nid=11 cnid=28 dir=0x2 index=4 ossmask=0x00000101 ossdev=8\npcm0:   9: nid=11 cnid=29 dir=0x2 index=5 ossmask=0x00000021 ossdev=5\npcm0:  10: nid=11 cnid=20 dir=0x2 index=6 ossmask=0x00000000 ossdev=0\npcm0:  11: nid=11 cnid=21 dir=0x2 index=7 ossmask=0x00000000 ossdev=0\npcm0:  12: nid=12 dir=0x1 index=0 ossmask=0x00000000 ossdev=0\npcm0:  13: nid=12 cnid=2 dir=0x2 index=0 ossmask=0x00000011 ossdev=4\npcm0:  14: nid=12 cnid=11 dir=0x2 index=1 ossmask=0x00000000 ossdev=0\npcm0:  15: nid=13 dir=0x1 index=0 ossmask=0x00000000 ossdev=0\npcm0:  16: nid=13 cnid=3 dir=0x2 index=0 ossmask=0x00000011 ossdev=4\npcm0:  17: nid=13 cnid=11 dir=0x2 index=1 ossmask=0x00000000 ossdev=0\npcm0:  18: nid=14 dir=0x1 index=0 ossmask=0x00000000 ossdev=0\npcm0:  19: nid=14 cnid=4 dir=0x2 index=0 ossmask=0x00000011 ossdev=4\npcm0:  20: nid=14 cnid=11 dir=0x2 index=1 ossmask=0x00000000 ossdev=0\npcm0:  21: nid=15 dir=0x1 index=0 ossmask=0x00000000 ossdev=0\npcm0:  22: nid=15 cnid=5 dir=0x2 index=0 ossmask=0x00000011 ossdev=4\npcm0:  23: nid=15 cnid=11 dir=0x2 index=1 ossmask=0x00000000 ossdev=0\npcm0:  24: nid=20 dir=0x1 index=0 ossmask=0x00000000 ossdev=0\npcm0:  25: nid=21 dir=0x1 index=0 ossmask=0x00000000 ossdev=0\npcm0:  26: nid=22 dir=0x1 index=0 ossmask=0x00000000 ossdev=0\npcm0:  27: nid=23 dir=0x1 index=0 ossmask=0x00000000 ossdev=0\npcm0:  28: nid=24 dir=0x1 index=0 ossmask=0x00000000 ossdev=0\npcm0:  29: nid=25 dir=0x1 index=0 ossmask=0x00000000 ossdev=0\npcm0:  30: nid=26 dir=0x1 index=0 ossmask=0x00000000 ossdev=0\npcm0:  31: nid=27 dir=0x1 index=0 ossmask=0x00000000 ossdev=0\npcm0:\npcm0: +-----------------------------------+\npcm0: | DUMPING HDA AUDIO/VOLUME CONTROLS |\npcm0: +-----------------------------------+\npcm0:\npcm0: Master Volume (OSS: vol)\npcm0:    |\npcm0:    +-  nid: 11 index:  0 (nid: 24) mute: 1 step:  65 size:   3\noff:  35 dir=0x2 ossmask=0x00000081\npcm0:    |\npcm0:    +-  nid: 11 index:  1 (nid: 25) mute: 1 step:  65 size:   3\noff:  35 dir=0x2 ossmask=0x00000081\npcm0:    |\npcm0:    +-  nid: 11 index:  2 (nid: 26) mute: 1 step:  65 size:   3\noff:  35 dir=0x2 ossmask=0x00000041\npcm0:    |\npcm0:    +-  nid: 11 index:  3 (nid: 27) mute: 1 step:  65 size:   3\noff:  35 dir=0x2 ossmask=0x00000041\npcm0:    |\npcm0:    +-  nid: 11 index:  4 (nid: 28) mute: 1 step:  65 size:   3\noff:  35 dir=0x2 ossmask=0x00000101\npcm0:    |\npcm0:    +-  nid: 11 index:  5 (nid: 29) mute: 1 step:  65 size:   3\noff:  35 dir=0x2 ossmask=0x00000021\npcm0:    |\npcm0:    +-  nid: 12 index:  0 (nid:  2) mute: 1 step:   0 size:   0\noff:   0 dir=0x2 ossmask=0x00000011\npcm0:    |\npcm0:    +-  nid: 13 index:  0 (nid:  3) mute: 1 step:   0 size:   0\noff:   0 dir=0x2 ossmask=0x00000011\npcm0:    |\npcm0:    +-  nid: 14 index:  0 (nid:  4) mute: 1 step:   0 size:   0\noff:   0 dir=0x2 ossmask=0x00000011\npcm0:    |\npcm0:    +-  nid: 15 index:  0 (nid:  5) mute: 1 step:   0 size:   0\noff:   0 dir=0x2 ossmask=0x00000011\npcm0:\npcm0: PCM Volume (OSS: pcm)\npcm0:    |\npcm0:    +-  nid: 12 index:  0 (nid:  2) mute: 1 step:   0 size:   0\noff:   0 dir=0x2 ossmask=0x00000011\npcm0:    |\npcm0:    +-  nid: 13 index:  0 (nid:  3) mute: 1 step:   0 size:   0\noff:   0 dir=0x2 ossmask=0x00000011\npcm0:    |\npcm0:    +-  nid: 14 index:  0 (nid:  4) mute: 1 step:   0 size:   0\noff:   0 dir=0x2 ossmask=0x00000011\npcm0:    |\npcm0:    +-  nid: 15 index:  0 (nid:  5) mute: 1 step:   0 size:   0\noff:   0 dir=0x2 ossmask=0x00000011\npcm0:\npcm0: CD Volume (OSS: cd)\npcm0:    |\npcm0:    +-  nid: 11 index:  4 (nid: 28) mute: 1 step:  65 size:   3\noff:  35 dir=0x2 ossmask=0x00000101\npcm0:\npcm0: Microphone Volume (OSS: mic)\npcm0:    |\npcm0:    +-  nid: 11 index:  0 (nid: 24) mute: 1 step:  65 size:   3\noff:  35 dir=0x2 ossmask=0x00000081\npcm0:    |\npcm0:    +-  nid: 11 index:  1 (nid: 25) mute: 1 step:  65 size:   3\noff:  35 dir=0x2 ossmask=0x00000081\npcm0:\npcm0: Line-in Volume (OSS: line)\npcm0:    |\npcm0:    +-  nid: 11 index:  2 (nid: 26) mute: 1 step:  65 size:   3\noff:  35 dir=0x2 ossmask=0x00000041\npcm0:    |\npcm0:    +-  nid: 11 index:  3 (nid: 27) mute: 1 step:  65 size:   3\noff:  35 dir=0x2 ossmask=0x00000041\npcm0:\npcm0: Recording Level (OSS: rec)\npcm0:    |\npcm0:    +-  nid:  9 index:  0           mute: 1 step:  35 size:   3\noff:   0 dir=0x2 ossmask=0x00000800\npcm0:\npcm0: Speaker/Beep (OSS: speaker)\npcm0:    |\npcm0:    +-  nid: 11 index:  5 (nid: 29) mute: 1 step:  65 size:   3\noff:  35 dir=0x2 ossmask=0x00000021\npcm0:\npcm0: Playback path:\npcm0:\npcm0:     nid=20 [pin: line out (jack)]\npcm0:       ^\npcm0:       |\npcm0:       +-----\u003c------+\npcm0:                    ^\npcm0:                    |\npcm0:                  nid=12 [audio mixer]\npcm0:                    ^\npcm0:                    |\npcm0:                  nid=2 [audio output]\npcm0:\npcm0:     nid=21 [pin: line out (jack)]\npcm0:       ^\npcm0:       |\npcm0:       +-----\u003c------+\npcm0:                    ^\npcm0:                    |\npcm0:                  nid=13 [audio mixer]\npcm0:                    ^\npcm0:                    |\npcm0:                  nid=3 [audio output]\npcm0:\npcm0:     nid=22 [pin: line out (jack)]\npcm0:       ^\npcm0:       |\npcm0:       +-----\u003c------+\npcm0:                    ^\npcm0:                    |\npcm0:                  nid=14 [audio mixer]\npcm0:                    ^\npcm0:                    |\npcm0:                  nid=4 [audio output]\npcm0:\npcm0:     nid=23 [pin: line out (jack)]\npcm0:       ^\npcm0:       |\npcm0:       +-----\u003c------+\npcm0:                    ^\npcm0:                    |\npcm0:                  nid=15 [audio mixer]\npcm0:                    ^\npcm0:                    |\npcm0:                  nid=5 [audio output]\npcm0:\npcm0: Recording sources:\npcm0:\npcm0:     nid=9 [audio input]\npcm0:       |\npcm0:       + \u003c- nid=24 [pin: Mic in (jack)] [recsrc: vol, mic]\npcm0:       |\npcm0:       + \u003c- nid=25 [pin: Mic in (jack)] [recsrc: vol, mic]\npcm0:       |\npcm0:       + \u003c- nid=26 [pin: line in (jack)] [recsrc: vol, line]\npcm0:       |\npcm0:       + \u003c- nid=27 [pin: line in (jack)] [recsrc: vol, line]\npcm0:       |\npcm0:       + \u003c- nid=28 [pin: CD (jack)] [recsrc: vol, cd]\npcm0:       |\npcm0:       + \u003c- nid=11 [audio mixer] [recsrc: vol, speaker, line, mic, cd]\npcm0:       |\npcm0:       + \u003c- nid=20 [pin: line out (jack)]\npcm0:       |\npcm0:       + \u003c- nid=21 [pin: line out (jack)]\npcm0:       |\npcm0:       + \u003c- nid=22 [pin: line out (jack)]\npcm0:       |\npcm0:       + \u003c- nid=23 [pin: line out (jack)]\npcm0:\npcm0: +--------------------------------------+\npcm0: | DUMPING PCM Playback/Record Channels |\npcm0: +--------------------------------------+\npcm0:\npcm0:    PCM Playback: 1\npcm0:      Stream cap: 0x00000001\npcm0:          Format: PCM\npcm0:         PCM cap: 0x000e0160\npcm0:        PCM size: 16 20 24\npcm0:        PCM rate: 44 48 96\npcm0:             DAC: 2 3 4 5\npcm0:\npcm0:      PCM Record: 1\npcm0:      Stream cap: 0x00000001\npcm0:          Format: PCM\npcm0:         PCM cap: 0x00060160\npcm0:        PCM size: 16 20\npcm0:        PCM rate: 44 48 96\npcm0:             ADC: 9\nGEOM: new disk ad0\nWARNING: WITNESS option enabled, expect reduced performance.\nbattery0: battery initialization done, tried 1 times\nTrying to mount root from ufs:/dev/ad0s3a\nct_to_ts([2010-06-01 02:37:57]) = 1275359877.000000000\nstart_init: trying /sbin/init\nunknown: FAILURE - INQUIRY ILLEGAL REQUEST asc=0x24 ascq=0x00 sks=0x40 0x00 0x01\n(probe0:ata0:0:1:0): error 22\n(probe0:ata0:0:1:0): Unretryable Error\npass0 at ata0 bus 0 target 1 lun 0\npass0: \u003cMATSHITA UJDA765 DVD/CDRW 1.00\u003e Removable CD-ROM SCSI-0 device\npass0: 3.300MB/s transfers\nGEOM: new disk cd0\n(cd0:ata0:0:1:0): error 6\n(cd0:ata0:0:1:0): Unretryable Error\ncd0 at ata0 bus 0 target 1 lun 0\ncd0: \u003cMATSHITA UJDA765 DVD/CDRW 1.00\u003e Removable CD-ROM SCSI-0 device\ncd0: 3.300MB/s transfers\ncd0: Attempt to query device size failed: NOT READY, Medium not\npresent - tray closed\n(cd0:ata0:0:1:0): error 6\n(cd0:ata0:0:1:0): Unretryable Error\n(cd0:ata0:0:1:0): error 6\n(cd0:ata0:0:1:0): Unretryable Error\n(cd0:ata0:0:1:0): error 6\n(cd0:ata0:0:1:0): Unretryable Error\nprocfs registered\nLinux ELF exec handler installed\nlinprocfs registered\ntun1: bpf attached\nipfw: size mismatch (have 68 want 64)\nipfw: size mismatch (have 44 want 40)\nipfw: size mismatch (have 68 want 64)\nipfw: size mismatch (have 56 want 52)\nipfw: size mismatch (have 56 want 52)\nipfw: size mismatch (have 44 want 40)\n\n2) sndstat-0809131650.txt - 'cat /dev/sndstat' result for this kernel\n\nFreeBSD Audio Driver (newpcm: 32bit 2007061600/i386)\nInstalled devices:\npcm0: \u003cIntel 82801F High Definition Audio Controller\u003e at memory\n0xfeb38000 irq 16 kld snd_hda [20080420_0052] [MPSAFE] (1p:1v/1r:1v\nchannels duplex default)\n\t[pcm0:play:dsp0.p0]: spd 48000, fmt 0x10000010, flags 0x00101000, 0x00000020\n\tinterrupts 0, underruns 0, feed 0, ready 0 [b:4096/2048/2|bs:4096/2048/2]\n\t{userland} -\u003e feeder_vchan(0x10000010) -\u003e feeder_volume(0x10000010)\n-\u003e {hardware}\n\tpcm0:play:dsp0.p0[pcm0:virtual:dsp0.vp0]: spd 0, fmt\n0x00000000/0x00000008, flags 0x10000000, 0x00000000\n\tinterrupts 0, underruns 0, feed 0, ready 0 [b:0/0/0|bs:0/0/0]\n\t{userland} -\u003e feeder_root(0x00000000) -\u003e {hardware}\n\t[pcm0:record:dsp0.r0]: spd 48000, fmt 0x10000010, flags 0x00101000, 0x00000000\n\tinterrupts 0, overruns 0, feed 0, hfree 4096, sfree 4096\n[b:4096/2048/2|bs:4096/2048/2]\n\t{hardware} -\u003e feeder_root(0x10000010) -\u003e feeder_vchan(0x10000010) -\u003e {userland}\n\tpcm0:record:dsp0.r0[pcm0:virtual:dsp0.vr0]: spd 0, fmt\n0x00000000/0x00000008, flags 0x10000000, 0x00000000\n\tinterrupts 0, overruns 0, feed 0, hfree 0, sfree 0 [b:0/0/0|bs:0/0/0]\n\t{hardware} -\u003e feeder_root(0x00000000) -\u003e {userland}\n\n\n3) dmesg-0809131700 - 'dmesg -v' (kernel from sources csupped with\ntag=. date=2008.09.13.17.00.00, just after the commit)\n\n\nCopyright (c) 1992-2008 The FreeBSD Project.\nCopyright (c) 1979, 1980, 1983, 1986, 1988, 1989, 1991, 1992, 1993, 1994\n\tThe Regents of the University of California. All rights reserved.\nFreeBSD is a registered trademark of The FreeBSD Foundation.\nFreeBSD 8.0-CURRENT #2: Tue Jun  1 02:20:56 EEST 2010\n    dmitry@lynx.homenet:/databig/obj/databig/ftp/HEAD/src/sys/lynx\nWARNING: WITNESS option enabled, expect reduced performance.\nPreloaded elf kernel \"/boot/kernel/kernel\" at 0xc0b55000.\nPreloaded elf module \"/boot/kernel/if_tap.ko\" at 0xc0b55194.\nPreloaded elf module \"/boot/kernel/if_tun.ko\" at 0xc0b55240.\nPreloaded elf module \"/boot/kernel/miibus.ko\" at 0xc0b552ec.\nPreloaded elf module \"/boot/kernel/if_rl.ko\" at 0xc0b55398.\nPreloaded elf module \"/boot/kernel/snd_hda.ko\" at 0xc0b55444.\nPreloaded elf module \"/boot/kernel/sound.ko\" at 0xc0b554f0.\nPreloaded elf module \"/boot/kernel/usb.ko\" at 0xc0b5559c.\nPreloaded elf module \"/boot/kernel/ugen.ko\" at 0xc0b55644.\nPreloaded elf module \"/boot/kernel/uhid.ko\" at 0xc0b556f0.\nPreloaded elf module \"/boot/kernel/ukbd.ko\" at 0xc0b5579c.\nPreloaded elf module \"/boot/kernel/ums.ko\" at 0xc0b55848.\nPreloaded elf module \"/boot/kernel/umass.ko\" at 0xc0b558f0.\nPreloaded elf module \"/boot/kernel/umodem.ko\" at 0xc0b5599c.\nPreloaded elf module \"/boot/kernel/ucom.ko\" at 0xc0b55a48.\nPreloaded elf module \"/boot/kernel/agp.ko\" at 0xc0b55af4.\nPreloaded elf module \"/boot/kernel/accf_data.ko\" at 0xc0b55b9c.\nPreloaded elf module \"/boot/kernel/accf_dns.ko\" at 0xc0b55c4c.\nPreloaded elf module \"/boot/kernel/accf_http.ko\" at 0xc0b55cfc.\nPreloaded elf module \"/boot/kernel/random.ko\" at 0xc0b55dac.\nPreloaded elf module \"/boot/kernel/ipdivert.ko\" at 0xc0b55e58.\nPreloaded elf module \"/boot/kernel/uplcom.ko\" at 0xc0b55f08.\nPreloaded elf module \"/boot/kernel/uftdi.ko\" at 0xc0b55fb4.\nPreloaded elf module \"/boot/kernel/uark.ko\" at 0xc0b56060.\nPreloaded elf module \"/boot/kernel/cpufreq.ko\" at 0xc0b5610c.\nPreloaded elf module \"/boot/kernel/ichwd.ko\" at 0xc0b561b8.\nPreloaded elf module \"/boot/kernel/atapicam.ko\" at 0xc0b56264.\nPreloaded elf module \"/boot/kernel/drm.ko\" at 0xc0b56314.\nPreloaded elf module \"/boot/kernel/i915.ko\" at 0xc0b563bc.\nPreloaded elf module \"/boot/kernel/acpi.ko\" at 0xc0b56468.\nTimecounter \"i8254\" frequency 1193182 Hz quality 0\nCalibrating TSC clock ... TSC clock: 1862011778 Hz\nCPU: Intel(R) Pentium(R) M processor 1.86GHz (1862.01-MHz 686-class CPU)\n  Origin = \"GenuineIntel\"  Id = 0x6d8  Stepping = 8\n  Features=0xafe9fbff\u003cFPU,VME,DE,PSE,TSC,MSR,PAE,MCE,CX8,APIC,SEP,MTRR,PGE,MCA,CMOV,PAT,CLFLUSH,DTS,ACPI,MMX,FXSR,SSE,SSE2,SS,TM,PBE\u003e\n  Features2=0x180\u003cEST,TM2\u003e\n\nInstruction TLB: 4 KB Pages, 4-way set associative, 128 entries\nData TLB: 4 KB Pages, 4-way set associative, 128 entries\nInstruction TLB: 4 MB pages, fully associative, 2 entries\n2nd-level cache: 2-MB, 8-way set associative, 64-byte line size\n1st-level instruction cache: 32 KB, 8-way set associative, 64 byte line size\nData TLB: 4 MB Pages, 4-way set associative, 8 entries\n1st-level data cache: 32 KB, 8-way set associative, 64 byte line size\nL2 cache: 2048 kbytes, 8-way associative, 64 bytes/line\nreal memory  = 259784704 (247 MB)\nPhysical memory chunk(s):\n0x0000000000001000 - 0x000000000009efff, 647168 bytes (158 pages)\n0x0000000000100000 - 0x00000000003fffff, 3145728 bytes (768 pages)\n0x0000000000c25000 - 0x000000000f34ffff, 242397184 bytes (59179 pages)\navail memory = 241328128 (230 MB)\nTable 'FACP' at 0xf7c0200\nTable 'APIC' at 0xf7c0390\nMADT: Found table at 0xf7c0390\nMP Configuration Table version 1.4 found at 0xc00fb680\nAPIC: Using the MADT enumerator.\nMADT: Found CPU APIC ID 0 ACPI ID 1: enabled\nSMP: Added CPU 0 (AP)\nACPI APIC Table: \u003cA M I  OEMAPIC \u003e\nbios32: Found BIOS32 Service Directory header at 0xc00f0000\nbios32: Entry = 0xf0010 (c00f0010)  Rev = 0  Len = 1\npcibios: PCI BIOS entry at 0xf0000+0x31\npnpbios: Found PnP BIOS data at 0xc00f4980\npnpbios: Entry = f0000:55aa  Rev = 1.0\nOther BIOS signatures found:\nAPIC: CPU 0 has ACPI ID 1\nULE: setup cpu 0\nACPI: RSDP @ 0x0xf6a50/0x0014 (v  0 ACPIAM)\nACPI: RSDT @ 0x0xf7c0000/0x0038 (v  1 A M I  OEMRSDT  0x10000414 MSFT\n0x00000097)\nACPI: FACP @ 0x0xf7c0200/0x0084 (v  2 A M I  OEMFACP  0x10000414 MSFT\n0x00000097)\nACPI: DSDT @ 0x0xf7c0430/0x7C9B (v  1  0AAAA 0AAAA000 0x00000000 INTL\n0x02002026)\nACPI: FACS @ 0x0xf7cf000/0x0040\nACPI: APIC @ 0x0xf7c0390/0x0054 (v  1 A M I  OEMAPIC  0x10000414 MSFT\n0x00000097)\nACPI: MCFG @ 0x0xf7c03f0/0x003C (v  1 A M I  OEMMCFG  0x10000414 MSFT\n0x00000097)\nACPI: OEMB @ 0x0xf7cf040/0x0040 (v  1 A M I  AMI_OEM  0x10000414 MSFT\n0x00000097)\nACPI: SSDT @ 0x0xf7c80d0/0x0335 (v  1    AMI   CPU1PM 0x00000001 INTL\n0x02002026)\nMADT: Found IO APIC ID 1, Interrupt 0 at 0xfec00000\nioapic0: Routing external 8259A's -\u003e intpin 0\nMADT: Interrupt override: source 0, irq 2\nioapic0: Routing IRQ 0 -\u003e intpin 2\nMADT: Interrupt override: source 9, irq 9\nioapic0: intpin 9 trigger: level\nioapic0 \u003cVersion 2.0\u003e irqs 0-23 on motherboard\ncpu0 BSP:\n     ID: 0x00000000   VER: 0x00050014 LDR: 0x00000000 DFR: 0xffffffff\n  lint0: 0x00010700 lint1: 0x00000400 TPR: 0x00000000 SVR: 0x000001ff\n  timer: 0x000100ef therm: 0x00010000 err: 0x0001000f pcm: 0x00010000\nsnd_unit_init() u=0x00ff8000 [512] d=0x00007c00 [32] c=0x000003ff [1024]\nfeeder_register: snd_unit=-1 snd_maxautovchans=4 latency=5\nfeeder_buffersize=16384 feeder_rate_min=1 feeder_rate_max=2016000\nfeeder_rate_round=25\nio: \u003cI/O\u003e\nmem: \u003cmemory\u003e\nPentium Pro MTRR support enabled\nnull: \u003cnull device, zero device\u003e\nrandom: \u003centropy source, Software, Yarrow\u003e\nichwd module loaded\ncrypto: \u003ccrypto core\u003e\nnpx0: INT 16 interface\ncryptosoft0: \u003csoftware crypto\u003e on motherboard\ncrypto: assign cryptosoft0 driver id 0, flags 100663296\ncrypto: cryptosoft0 registers alg 1 flags 0 maxoplen 0\ncrypto: cryptosoft0 registers alg 2 flags 0 maxoplen 0\ncrypto: cryptosoft0 registers alg 3 flags 0 maxoplen 0\ncrypto: cryptosoft0 registers alg 4 flags 0 maxoplen 0\ncrypto: cryptosoft0 registers alg 5 flags 0 maxoplen 0\ncrypto: cryptosoft0 registers alg 16 flags 0 maxoplen 0\ncrypto: cryptosoft0 registers alg 6 flags 0 maxoplen 0\ncrypto: cryptosoft0 registers alg 7 flags 0 maxoplen 0\ncrypto: cryptosoft0 registers alg 18 flags 0 maxoplen 0\ncrypto: cryptosoft0 registers alg 19 flags 0 maxoplen 0\ncrypto: cryptosoft0 registers alg 20 flags 0 maxoplen 0\ncrypto: cryptosoft0 registers alg 8 flags 0 maxoplen 0\ncrypto: cryptosoft0 registers alg 15 flags 0 maxoplen 0\ncrypto: cryptosoft0 registers alg 9 flags 0 maxoplen 0\ncrypto: cryptosoft0 registers alg 10 flags 0 maxoplen 0\ncrypto: cryptosoft0 registers alg 13 flags 0 maxoplen 0\ncrypto: cryptosoft0 registers alg 14 flags 0 maxoplen 0\ncrypto: cryptosoft0 registers alg 11 flags 0 maxoplen 0\ncrypto: cryptosoft0 registers alg 21 flags 0 maxoplen 0\ncrypto: cryptosoft0 registers alg 17 flags 0 maxoplen 0\nacpi0: \u003cA M I OEMRSDT\u003e on motherboard\nPCIe: Memory Mapped configuration base @ 0xe0000000\npcibios: BIOS version 2.10\nioapic0: routing intpin 9 (ISA IRQ 9) to vector 48\nacpi0: [MPSAFE]\nacpi0: [ITHREAD]\nAcpiOsDerivePciId: \\\\_SB_.PCI0.P0P1.CBS0.CBSP -\u003e bus 1 dev 3 func 0\nacpi0: Power Button (fixed)\nacpi0: wakeup code va 0xc1c2b000 pa 0x1000\nAcpiOsDerivePciId: \\\\_SB_.PCI0.SBRG.FHR0 -\u003e bus 0 dev 31 func 0\nAcpiOsDerivePciId: \\\\_SB_.PCI0.SBRG.PIX0 -\u003e bus 0 dev 31 func 0\nacpi0: reservation of 0, a0000 (3) failed\nacpi0: reservation of 100000, f700000 (3) failed\nACPI timer: 1/2 1/2 1/2 1/2 1/2 1/2 1/2 1/2 1/2 0/2130 -\u003e 9\nTimecounter \"ACPI-safe\" frequency 3579545 Hz quality 850\nacpi_timer0: \u003c24-bit timer at 3.579545MHz\u003e port 0x808-0x80b on acpi0\nacpi_ec0: \u003cEmbedded Controller: GPE 0x1c\u003e port 0x62,0x66 on acpi0\npci_link0:        Index  IRQ  Rtd  Ref  IRQs\n  Initial Probe       0   11   N     0  3 4 5 6 7 11 12\n  Validation          0   11   N     0  3 4 5 6 7 11 12\n  After Disable       0  255   N     0  3 4 5 6 7 11 12\npci_link1:        Index  IRQ  Rtd  Ref  IRQs\n  Initial Probe       0   11   N     0  3 4 5 6 7 12\n  Validation          0  255   N     0  3 4 5 6 7 12\n  After Disable       0  255   N     0  3 4 5 6 7 12\npci_link2:        Index  IRQ  Rtd  Ref  IRQs\n  Initial Probe       0    3   N     0  3 4 5 6 7 12\n  Validation          0    3   N     0  3 4 5 6 7 12\n  After Disable       0  255   N     0  3 4 5 6 7 12\npci_link3:        Index  IRQ  Rtd  Ref  IRQs\n  Initial Probe       0    7   N     0  3 4 5 6 7 12\n  Validation          0    7   N     0  3 4 5 6 7 12\n  After Disable       0  255   N     0  3 4 5 6 7 12\npci_link4:        Index  IRQ  Rtd  Ref  IRQs\n  Initial Probe       0    4   N     0  3 4 5 6 7 12\n  Validation          0    4   N     0  3 4 5 6 7 12\n  After Disable       0  255   N     0  3 4 5 6 7 12\npci_link5:        Index  IRQ  Rtd  Ref  IRQs\n  Initial Probe       0  255   N     0  3 4 5 6 7 12\n  Validation          0  255   N     0  3 4 5 6 7 12\n  After Disable       0  255   N     0  3 4 5 6 7 12\npci_link6:        Index  IRQ  Rtd  Ref  IRQs\n  Initial Probe       0    6   N     0  3 4 5 6 7 12\n  Validation          0    6   N     0  3 4 5 6 7 12\n  After Disable       0  255   N     0  3 4 5 6 7 12\npci_link7:        Index  IRQ  Rtd  Ref  IRQs\n  Initial Probe       0    5   N     0  3 4 5 6 7 12\n  Validation          0    5   N     0  3 4 5 6 7 12\n  After Disable       0  255   N     0  3 4 5 6 7 12\npcib0: \u003cACPI Host-PCI bridge\u003e port 0xcf8-0xcff on acpi0\npci0: \u003cACPI PCI bus\u003e on pcib0\npci0: domain=0, physical bus=0\nfound-\u003e\tvendor=0x8086, dev=0x2590, revid=0x03\n\tdomain=0, bus=0, slot=0, func=0\n\tclass=06-00-00, hdrtype=0x00, mfdev=0\n\tcmdreg=0x0006, statreg=0x2090, cachelnsz=0 (dwords)\n\tlattimer=0x00 (0 ns), mingnt=0x00 (0 ns), maxlat=0x00 (0 ns)\nfound-\u003e\tvendor=0x8086, dev=0x2592, revid=0x03\n\tdomain=0, bus=0, slot=2, func=0\n\tclass=03-00-00, hdrtype=0x00, mfdev=1\n\tcmdreg=0x0007, statreg=0x0090, cachelnsz=0 (dwords)\n\tlattimer=0x00 (0 ns), mingnt=0x00 (0 ns), maxlat=0x00 (0 ns)\n\tintpin=a, irq=11\n\tpowerspec 2  supports D0 D3  current D0\n\tmap[10]: type Memory, range 32, base 0xfeb80000, size 19, enabled\n\tmap[14]: type I/O Port, range 32, base 0xec00, size  3, enabled\n\tmap[18]: type Prefetchable Memory, range 32, base 0xd0000000, size 28, enabled\n\tmap[1c]: type Memory, range 32, base 0xfeb40000, size 18, enabled\npcib0: matched entry for 0.2.INTA\npcib0: slot 2 INTA hardwired to IRQ 16\nfound-\u003e\tvendor=0x8086, dev=0x2792, revid=0x03\n\tdomain=0, bus=0, slot=2, func=1\n\tclass=03-80-00, hdrtype=0x00, mfdev=1\n\tcmdreg=0x0007, statreg=0x0090, cachelnsz=0 (dwords)\n\tlattimer=0x00 (0 ns), mingnt=0x00 (0 ns), maxlat=0x00 (0 ns)\n\tpowerspec 2  supports D0 D3  current D0\n\tmap[10]: type Memory, range 32, base 0xfea80000, size 19, enabled\nfound-\u003e\tvendor=0x8086, dev=0x2668, revid=0x04\n\tdomain=0, bus=0, slot=27, func=0\n\tclass=04-03-00, hdrtype=0x00, mfdev=0\n\tcmdreg=0x0006, statreg=0x0010, cachelnsz=8 (dwords)\n\tlattimer=0x00 (0 ns), mingnt=0x00 (0 ns), maxlat=0x00 (0 ns)\n\tintpin=a, irq=11\n\tpowerspec 2  supports D0 D3  current D0\n\tMSI supports 1 message, 64 bit\n\tmap[10]: type Memory, range 64, base 0xfeb38000, size 14, enabled\npcib0: matched entry for 0.27.INTA\npcib0: slot 27 INTA hardwired to IRQ 16\nfound-\u003e\tvendor=0x8086, dev=0x2658, revid=0x04\n\tdomain=0, bus=0, slot=29, func=0\n\tclass=0c-03-00, hdrtype=0x00, mfdev=1\n\tcmdreg=0x0005, statreg=0x0280, cachelnsz=0 (dwords)\n\tlattimer=0x00 (0 ns), mingnt=0x00 (0 ns), maxlat=0x00 (0 ns)\n\tintpin=a, irq=5\n\tmap[20]: type I/O Port, range 32, base 0xe400, size  5, enabled\npcib0: matched entry for 0.29.INTA\npcib0: slot 29 INTA hardwired to IRQ 23\nfound-\u003e\tvendor=0x8086, dev=0x2659, revid=0x04\n\tdomain=0, bus=0, slot=29, func=1\n\tclass=0c-03-00, hdrtype=0x00, mfdev=0\n\tcmdreg=0x0005, statreg=0x0280, cachelnsz=0 (dwords)\n\tlattimer=0x00 (0 ns), mingnt=0x00 (0 ns), maxlat=0x00 (0 ns)\n\tintpin=b, irq=7\n\tmap[20]: type I/O Port, range 32, base 0xe480, size  5, enabled\npcib0: matched entry for 0.29.INTB\npcib0: slot 29 INTB hardwired to IRQ 19\nfound-\u003e\tvendor=0x8086, dev=0x265a, revid=0x04\n\tdomain=0, bus=0, slot=29, func=2\n\tclass=0c-03-00, hdrtype=0x00, mfdev=0\n\tcmdreg=0x0005, statreg=0x0280, cachelnsz=0 (dwords)\n\tlattimer=0x00 (0 ns), mingnt=0x00 (0 ns), maxlat=0x00 (0 ns)\n\tintpin=c, irq=3\n\tmap[20]: type I/O Port, range 32, base 0xe800, size  5, enabled\npcib0: matched entry for 0.29.INTC\npcib0: slot 29 INTC hardwired to IRQ 18\nfound-\u003e\tvendor=0x8086, dev=0x265b, revid=0x04\n\tdomain=0, bus=0, slot=29, func=3\n\tclass=0c-03-00, hdrtype=0x00, mfdev=0\n\tcmdreg=0x0005, statreg=0x0280, cachelnsz=0 (dwords)\n\tlattimer=0x00 (0 ns), mingnt=0x00 (0 ns), maxlat=0x00 (0 ns)\n\tintpin=d, irq=11\n\tmap[20]: type I/O Port, range 32, base 0xe880, size  5, enabled\npcib0: matched entry for 0.29.INTD\npcib0: slot 29 INTD hardwired to IRQ 16\nfound-\u003e\tvendor=0x8086, dev=0x265c, revid=0x04\n\tdomain=0, bus=0, slot=29, func=7\n\tclass=0c-03-20, hdrtype=0x00, mfdev=0\n\tcmdreg=0x0006, statreg=0x0290, cachelnsz=0 (dwords)\n\tlattimer=0x00 (0 ns), mingnt=0x00 (0 ns), maxlat=0x00 (0 ns)\n\tintpin=a, irq=5\n\tpowerspec 2  supports D0 D3  current D0\n\tmap[10]: type Memory, range 32, base 0xfeb3fc00, size 10, enabled\npcib0: matched entry for 0.29.INTA\npcib0: slot 29 INTA hardwired to IRQ 23\nfound-\u003e\tvendor=0x8086, dev=0x2448, revid=0xd4\n\tdomain=0, bus=0, slot=30, func=0\n\tclass=06-04-01, hdrtype=0x01, mfdev=0\n\tcmdreg=0x0107, statreg=0x0010, cachelnsz=0 (dwords)\n\tlattimer=0x00 (0 ns), mingnt=0x06 (1500 ns), maxlat=0x00 (0 ns)\nfound-\u003e\tvendor=0x8086, dev=0x2641, revid=0x04\n\tdomain=0, bus=0, slot=31, func=0\n\tclass=06-01-00, hdrtype=0x00, mfdev=1\n\tcmdreg=0x0007, statreg=0x0200, cachelnsz=0 (dwords)\n\tlattimer=0x00 (0 ns), mingnt=0x00 (0 ns), maxlat=0x00 (0 ns)\nfound-\u003e\tvendor=0x8086, dev=0x266f, revid=0x04\n\tdomain=0, bus=0, slot=31, func=1\n\tclass=01-01-8a, hdrtype=0x00, mfdev=0\n\tcmdreg=0x0005, statreg=0x0280, cachelnsz=0 (dwords)\n\tlattimer=0x00 (0 ns), mingnt=0x00 (0 ns), maxlat=0x00 (0 ns)\n\tintpin=a, irq=255\n\tmap[20]: type I/O Port, range 32, base 0xffa0, size  4, enabled\nvgapci0: \u003cVGA-compatible display\u003e port 0xec00-0xec07 mem\n0xfeb80000-0xfebfffff,0xd0000000-0xdfffffff,0xfeb40000-0xfeb7ffff irq\n16 at device 2.0 on pci0\nagp0: \u003cIntel 82915GM (915GM GMCH) SVGA controller\u003e on vgapci0\nvgapci0: Reserved 0x10000000 bytes for rid 0x18 type 3 at 0xd0000000\nvgapci0: Reserved 0x80000 bytes for rid 0x10 type 3 at 0xfeb80000\nvgapci0: Reserved 0x40000 bytes for rid 0x1c type 3 at 0xfeb40000\nagp0: detected 7932k stolen memory\nagp0: aperture size is 256M\ndrm0: \u003cIntel i915GM\u003e on vgapci0\nvgapci0: Reserved 0x80000 bytes for rid 0x10 type 3 at 0xfeb80000\nvgapci0: child drm0 requested pci_enable_busmaster\ninfo: [drm] AGP at 0xd0000000 256MB\ninfo: [drm] Initialized i915 1.6.0 20080312\nvgapci1: \u003cVGA-compatible display\u003e mem 0xfea80000-0xfeafffff at device\n2.1 on pci0\nhdac0: \u003cIntel 82801F High Definition Audio Controller\u003e mem\n0xfeb38000-0xfeb3bfff irq 16 at device 27.0 on pci0\nhdac0: \u003cHDA Driver Revision: 20080913_0111\u003e\nhdac0: TCSEL: 0x07 -\u003e 0x00\nhdac0: DMA Coherency: Uncacheable / vendor=0x8086\nhdac0: Reserved 0x4000 bytes for rid 0x10 type 3 at 0xfeb38000\nioapic0: routing intpin 16 (PCI IRQ 16) to vector 49\nhdac0: [MPSAFE]\nhdac0: [ITHREAD]\nhdac0:     CORB size: 256\nhdac0:     RIRB size: 256\nhdac0:       Streams: ISS=4 OSS=4 BSS=0\nhdac0: hdac_dma_alloc: size=1024 -\u003e roundsz=1024\nhdac0: hdac_dma_alloc: size=2048 -\u003e roundsz=2048\nhdac0: Reset controller...\nuhci0: \u003cIntel 82801FB/FR/FW/FRW (ICH6) USB controller USB-A\u003e port\n0xe400-0xe41f irq 23 at device 29.0 on pci0\nuhci0: Reserved 0x20 bytes for rid 0x20 type 4 at 0xe400\nioapic0: routing intpin 23 (PCI IRQ 23) to vector 50\nuhci0: [GIANT-LOCKED]\nuhci0: [ITHREAD]\nusb0: \u003cIntel 82801FB/FR/FW/FRW (ICH6) USB controller USB-A\u003e on uhci0\nusb0: USB revision 1.0\nuhub0: \u003cIntel UHCI root hub, class 9/0, rev 1.00/1.00, addr 1\u003e on usb0\nuhub0: 2 ports with 2 removable, self powered\nuhci1: \u003cIntel 82801FB/FR/FW/FRW (ICH6) USB controller USB-B\u003e port\n0xe480-0xe49f irq 19 at device 29.1 on pci0\nuhci1: Reserved 0x20 bytes for rid 0x20 type 4 at 0xe480\nioapic0: routing intpin 19 (PCI IRQ 19) to vector 51\nuhci1: [GIANT-LOCKED]\nuhci1: [ITHREAD]\nusb1: \u003cIntel 82801FB/FR/FW/FRW (ICH6) USB controller USB-B\u003e on uhci1\nusb1: USB revision 1.0\nuhub1: \u003cIntel UHCI root hub, class 9/0, rev 1.00/1.00, addr 1\u003e on usb1\nuhub1: 2 ports with 2 removable, self powered\nuhci2: \u003cIntel 82801FB/FR/FW/FRW (ICH6) USB controller USB-C\u003e port\n0xe800-0xe81f irq 18 at device 29.2 on pci0\nuhci2: Reserved 0x20 bytes for rid 0x20 type 4 at 0xe800\nioapic0: routing intpin 18 (PCI IRQ 18) to vector 52\nuhci2: [GIANT-LOCKED]\nuhci2: [ITHREAD]\nusb2: \u003cIntel 82801FB/FR/FW/FRW (ICH6) USB controller USB-C\u003e on uhci2\nusb2: USB revision 1.0\nuhub2: \u003cIntel UHCI root hub, class 9/0, rev 1.00/1.00, addr 1\u003e on usb2\nuhub2: 2 ports with 2 removable, self powered\nuhci3: \u003cIntel 82801FB/FR/FW/FRW (ICH6) USB controller USB-D\u003e port\n0xe880-0xe89f irq 16 at device 29.3 on pci0\nuhci3: Reserved 0x20 bytes for rid 0x20 type 4 at 0xe880\nuhci3: [GIANT-LOCKED]\nuhci3: [ITHREAD]\nusb3: \u003cIntel 82801FB/FR/FW/FRW (ICH6) USB controller USB-D\u003e on uhci3\nusb3: USB revision 1.0\nuhub3: \u003cIntel UHCI root hub, class 9/0, rev 1.00/1.00, addr 1\u003e on usb3\nuhub3: 2 ports with 2 removable, self powered\nehci0: \u003cIntel 82801FB (ICH6) USB 2.0 controller\u003e mem\n0xfeb3fc00-0xfeb3ffff irq 23 at device 29.7 on pci0\nehci0: Reserved 0x400 bytes for rid 0x10 type 3 at 0xfeb3fc00\nehci0: [GIANT-LOCKED]\nehci0: [ITHREAD]\nusb4: EHCI version 1.0\nusb4: companion controllers, 2 ports each: usb0 usb1 usb2 usb3\nusb4: \u003cIntel 82801FB (ICH6) USB 2.0 controller\u003e on ehci0\nusb4: USB revision 2.0\nuhub4: \u003cIntel EHCI root hub, class 9/0, rev 2.00/1.00, addr 1\u003e on usb4\nuhub4: 8 ports with 8 removable, self powered\npcib1: \u003cACPI PCI-PCI bridge\u003e at device 30.0 on pci0\npcib1:   domain            0\npcib1:   secondary bus     1\npcib1:   subordinate bus   2\npcib1:   I/O decode        0xd000-0xdfff\npcib1:   memory decode     0xfe800000-0xfe8fffff\npcib1:   no prefetched decode\npcib1:   Subtractively decoded bridge.\npci1: \u003cACPI PCI bus\u003e on pcib1\npci1: domain=0, physical bus=1\nfound-\u003e\tvendor=0x1180, dev=0x0476, revid=0xb3\n\tdomain=0, bus=1, slot=3, func=0\n\tclass=06-07-00, hdrtype=0x02, mfdev=1\n\tcmdreg=0x0107, statreg=0x0210, cachelnsz=0 (dwords)\n\tlattimer=0x20 (960 ns), mingnt=0x80 (32000 ns), maxlat=0x00 (0 ns)\n\tintpin=a, irq=255\n\tpowerspec 2  supports D0 D1 D2 D3  current D0\n\tmap[10]: type Memory, range 32, base 0, size 12, enabled\nfound-\u003e\tvendor=0x1180, dev=0x0552, revid=0x08\n\tdomain=0, bus=1, slot=3, func=1\n\tclass=0c-00-10, hdrtype=0x00, mfdev=1\n\tcmdreg=0x0006, statreg=0x0210, cachelnsz=0 (dwords)\n\tlattimer=0x40 (1920 ns), mingnt=0x02 (500 ns), maxlat=0x04 (1000 ns)\n\tintpin=b, irq=6\n\tpowerspec 2  supports D0 D3  current D0\n\tmap[10]: type Memory, range 32, base 0xfe8fd800, size 11, enabled\npcib1: requested memory range 0xfe8fd800-0xfe8fdfff: good\npcib1: matched entry for 1.3.INTB\npcib1: slot 3 INTB hardwired to IRQ 22\nfound-\u003e\tvendor=0x1180, dev=0x0822, revid=0x17\n\tdomain=0, bus=1, slot=3, func=2\n\tclass=08-05-00, hdrtype=0x00, mfdev=1\n\tcmdreg=0x0006, statreg=0x0210, cachelnsz=0 (dwords)\n\tlattimer=0x40 (1920 ns), mingnt=0x00 (0 ns), maxlat=0x00 (0 ns)\n\tintpin=c, irq=4\n\tpowerspec 2  supports D0 D1 D2 D3  current D0\n\tmap[10]: type Memory, range 32, base 0xfe8fe400, size  8, enabled\npcib1: requested memory range 0xfe8fe400-0xfe8fe4ff: good\npcib1: matched entry for 1.3.INTC\npcib1: slot 3 INTC hardwired to IRQ 20\nfound-\u003e\tvendor=0x1180, dev=0x0592, revid=0x08\n\tdomain=0, bus=1, slot=3, func=3\n\tclass=08-80-00, hdrtype=0x00, mfdev=1\n\tcmdreg=0x0002, statreg=0x0210, cachelnsz=0 (dwords)\n\tlattimer=0x00 (0 ns), mingnt=0x00 (0 ns), maxlat=0x00 (0 ns)\n\tintpin=c, irq=4\n\tpowerspec 2  supports D0 D1 D2 D3  current D0\n\tmap[10]: type Memory, range 32, base 0xfe8fe800, size  8, enabled\npcib1: requested memory range 0xfe8fe800-0xfe8fe8ff: good\npcib1: matched entry for 1.3.INTC\npcib1: slot 3 INTC hardwired to IRQ 20\nfound-\u003e\tvendor=0x10ec, dev=0x8139, revid=0x10\n\tdomain=0, bus=1, slot=4, func=0\n\tclass=02-00-00, hdrtype=0x00, mfdev=0\n\tcmdreg=0x0007, statreg=0x0290, cachelnsz=0 (dwords)\n\tlattimer=0x40 (1920 ns), mingnt=0x20 (8000 ns), maxlat=0x40 (16000 ns)\n\tintpin=a, irq=4\n\tpowerspec 2  supports D0 D1 D2 D3  current D0\n\tmap[10]: type I/O Port, range 32, base 0xd800, size  8, enabled\npcib1: requested I/O range 0xd800-0xd8ff: in range\n\tmap[14]: type Memory, range 32, base 0xfe8fec00, size  8, enabled\npcib1: requested memory range 0xfe8fec00-0xfe8fecff: good\npcib1: matched entry for 1.4.INTA\npcib1: slot 4 INTA hardwired to IRQ 20\nfound-\u003e\tvendor=0x8086, dev=0x4220, revid=0x05\n\tdomain=0, bus=1, slot=5, func=0\n\tclass=02-80-00, hdrtype=0x00, mfdev=0\n\tcmdreg=0x0016, statreg=0x0290, cachelnsz=8 (dwords)\n\tlattimer=0x40 (1920 ns), mingnt=0x03 (750 ns), maxlat=0x18 (6000 ns)\n\tintpin=a, irq=3\n\tpowerspec 2  supports D0 D3  current D0\n\tmap[10]: type Memory, range 32, base 0xfe8ff000, size 12, enabled\npcib1: requested memory range 0xfe8ff000-0xfe8fffff: good\npcib1: matched entry for 1.5.INTA\npcib1: slot 5 INTA hardwired to IRQ 18\npci1: \u003cbridge, PCI-CardBus\u003e at device 3.0 (no driver attached)\npci1: \u003cserial bus, FireWire\u003e at device 3.1 (no driver attached)\npci1: \u003cbase peripheral\u003e at device 3.2 (no driver attached)\npci1: \u003cbase peripheral\u003e at device 3.3 (no driver attached)\nrl0: \u003cRealTek 8139 10/100BaseTX\u003e port 0xd800-0xd8ff mem\n0xfe8fec00-0xfe8fecff irq 20 at device 4.0 on pci1\nrl0: Reserved 0x100 bytes for rid 0x10 type 4 at 0xd800\nmiibus0: \u003cMII bus\u003e on rl0\nrlphy0: \u003cRealTek internal media interface\u003e PHY 0 on miibus0\nrlphy0:  10baseT, 10baseT-FDX, 100baseTX, 100baseTX-FDX, auto\nrl0: bpf attached\nrl0: Ethernet address: 00:11:d8:89:f6:7c\nioapic0: routing intpin 20 (PCI IRQ 20) to vector 53\nrl0: [MPSAFE]\nrl0: [ITHREAD]\npci1: \u003cnetwork\u003e at device 5.0 (no driver attached)\nisab0: \u003cPCI-ISA bridge\u003e at device 31.0 on pci0\nisa0: \u003cISA bus\u003e on isab0\natapci0: \u003cIntel ICH6 UDMA100 controller\u003e port\n0x1f0-0x1f7,0x3f6,0x170-0x177,0x376,0xffa0-0xffaf at device 31.1 on\npci0\natapci0: Reserved 0x10 bytes for rid 0x20 type 4 at 0xffa0\nata0: \u003cATA channel 0\u003e on atapci0\natapci0: Reserved 0x8 bytes for rid 0x10 type 4 at 0x1f0\natapci0: Reserved 0x1 bytes for rid 0x14 type 4 at 0x3f6\nata0: reset tp1 mask=03 ostat0=50 ostat1=00\nata0: stat0=0x50 err=0x01 lsb=0x00 msb=0x00\nata0: stat1=0x00 err=0x01 lsb=0x14 msb=0xeb\nata0: reset tp2 stat0=50 stat1=00 devices=0x20001\nioapic0: routing intpin 14 (ISA IRQ 14) to vector 54\nata0: [MPSAFE]\nata0: [ITHREAD]\nata1: \u003cATA channel 1\u003e on atapci0\natapci0: Reserved 0x8 bytes for rid 0x18 type 4 at 0x170\natapci0: Reserved 0x1 bytes for rid 0x1c type 4 at 0x376\nata1: reset tp1 mask=03 ostat0=7f ostat1=7f\nata1: stat0=0x7f err=0x7f lsb=0x7f msb=0x7f\nata1: stat0=0x7f err=0x7f lsb=0x7f msb=0x7f\nata1: stat0=0x7f err=0x7f lsb=0x7f msb=0x7f\nata1: stat0=0x7f err=0x7f lsb=0x7f msb=0x7f\nata1: stat0=0x7f err=0x7f lsb=0x7f msb=0x7f\nata1: stat0=0x7f err=0x7f lsb=0x7f msb=0x7f\nata1: stat0=0x7f err=0x7f lsb=0x7f msb=0x7f\nata1: stat0=0x7f err=0x7f lsb=0x7f msb=0x7f\nata1: stat0=0x7f err=0x7f lsb=0x7f msb=0x7f\nata1: stat0=0x7f err=0x7f lsb=0x7f msb=0x7f\nata1: stat0=0x7f err=0x7f lsb=0x7f msb=0x7f\nata1: stat0=0x7f err=0x7f lsb=0x7f msb=0x7f\nata1: stat1=0x7f err=0x7f lsb=0x7f msb=0x7f\nata1: reset tp2 stat0=ff stat1=ff devices=0x0\nioapic0: routing intpin 15 (ISA IRQ 15) to vector 55\nata1: [MPSAFE]\nata1: [ITHREAD]\nacpi_button0: \u003cSleep Button\u003e on acpi0\nacpi_lid0: \u003cControl Method Lid Switch\u003e on acpi0\nacpi_tz0: \u003cThermal Zone\u003e on acpi0\nacpi_acad0: \u003cAC Adapter\u003e on acpi0\nbattery0: \u003cACPI Control Method Battery\u003e on acpi0\natrtc0: \u003cAT realtime clock\u003e port 0x70-0x71 irq 8 on acpi0\natrtc0: registered as a time-of-day clock (resolution 1000000us)\natkbdc0: \u003cKeyboard controller (i8042)\u003e port 0x60,0x64 irq 1 on acpi0\natkbd0: \u003cAT Keyboard\u003e irq 1 on atkbdc0\natkbd: the current kbd controller command byte 0065\natkbd: keyboard ID 0x41ab (2)\nkbd0 at atkbd0\nkbd0: atkbd0, AT 101/102 (2), config:0x0, flags:0x3d0000\nioapic0: routing intpin 1 (ISA IRQ 1) to vector 56\natkbd0: [GIANT-LOCKED]\natkbd0: [ITHREAD]\npsm0: unable to allocate IRQ\npsmcpnp0: \u003cPS/2 mouse port\u003e irq 12 on acpi0\npsm0: current command byte:0065\npsm0: \u003cPS/2 Mouse\u003e irq 12 on atkbdc0\nioapic0: routing intpin 12 (ISA IRQ 12) to vector 57\npsm0: [GIANT-LOCKED]\npsm0: [ITHREAD]\npsm0: model Generic PS/2 mouse, device ID 0-00, 2 buttons\npsm0: config:00000000, flags:00000008, packet size:3\npsm0: syncmask:c0, syncbits:00\ncpu0: \u003cACPI CPU\u003e on acpi0\nest0: \u003cEnhanced SpeedStep Frequency Control\u003e on cpu0\np4tcc0: \u003cCPU Frequency Thermal Control\u003e on cpu0\nata: ata0 already exists; skipping it\nata: ata1 already exists; skipping it\natkbdc: atkbdc0 already exists; skipping it\natrtc: atrtc0 already exists; skipping it\npnp_identify: Trying Read_Port at 203\npnp_identify: Trying Read_Port at 243\npnp_identify: Trying Read_Port at 283\npnp_identify: Trying Read_Port at 2c3\npnp_identify: Trying Read_Port at 303\npnp_identify: Trying Read_Port at 343\npnp_identify: Trying Read_Port at 383\npnp_identify: Trying Read_Port at 3c3\nPNP Identify complete\nisab0: found ICH6 or equivalent chipset: Intel ICH6M watchdog timer\nsc: sc0 already exists; skipping it\nisa_probe_children: disabling PnP devices\nisa_probe_children: probing non-PnP devices\nichwd0: \u003cIntel ICH6M watchdog timer\u003e on isa0\nisab0: found ICH6 or equivalent chipset: Intel ICH6M watchdog timer\nichwd0: Intel ICH6M watchdog timer (ICH6 or equivalent)\nichwd0: timer disabled\nfdc0 failed to probe at port 0x3f0 irq 6 drq 2 on isa0\nppc0 failed to probe at irq 7 on isa0\nsc0: \u003cSystem console\u003e at flags 0x100 on isa0\nsc0: VGA \u003c16 virtual consoles, flags=0x300\u003e\nsc0: fb0, kbd0, terminal emulator: sc (syscons terminal)\nuart0 failed to probe at port 0x3f8 irq 4 on isa0\nuart1 failed to probe at port 0x2f8 irq 3 on isa0\nvga0: \u003cGeneric ISA VGA\u003e at port 0x3c0-0x3df iomem 0xa0000-0xbffff on isa0\nisa_probe_children: probing PnP devices\nDevice configuration finished.\nlapic: Divisor 2, Frequency 66500433 hz\nTimecounter \"TSC\" frequency 1862011778 Hz quality 800\nTimecounters tick every 1.000 msec\nIPsec: Initialized Security Association Processing.\nipfw2 (+ipv6) initialized, divert loadable, nat enabled, rule-based\nforwarding enabled, default to deny, logging limited to 100\npackets/entry by default\nDUMMYNET with IPv6 initialized (040826)\nlo0: bpf attached\nenc0: bpf attached\nata0: identify ch-\u003edevices=00020001\nacpi_tz0: _AC0: temperature 87.0 \u003e= setpoint 45.0\nacpi_tz0: switched from NONE to _AC0: 87.0C\nata0-master: pio=PIO4 wdma=WDMA2 udma=UDMA100 cable=40 wire\nacpi_acad0: acline initialization start\nacpi_acad0: On Lineata0-slave: pio=PIO4 wdma=WDMA2 udma=UDMA33 cable=40 wire\n\nacpi_acad0: acline initialization done, tried 1 timesad0: setting PIO4\non ICH6 chip\n\nbattery0: battery initialization startad0: setting UDMA100 on ICH6 chip\n\nad0: 57231MB \u003cIC25N060ATMR04 0 MO3OAD4A\u003e at ata0-master UDMA100\nad0: 117210240 sectors [116280C/16H/63S] 16 sectors/interrupt 1 depth queue\nata1: identify ch-\u003edevices=00000000\nhdac0: HDA Config: on=0x00000000 off=0x00000000\nhdac0: Starting CORB Engine...\nhdac0: Starting RIRB Engine...\nhdac0: Enabling controller interrupt...\nhdac0: Scanning HDA codecs ...\nhdac0: Probing codec 0...\nhdac0: \u003cHDA Codec #0: Realtek ALC880\u003e\nhdac0: \u003cHDA Codec ID: 0x10ec0880\u003e\nhdac0:        Vendor: 0x10ec\nhdac0:        Device: 0x0880\nhdac0:      Revision: 0x05\nhdac0:      Stepping: 0x00\nhdac0: PCI Subvendor: 0x19931043\nhdac0: \tstartnode=1 endnode=2\nhdac0: \tFound audio FG nid=1 startnode=2 endnode=34 total=32\nhdac0: Probing codec 1...\nhdac0: \u003cHDA Codec #1: Conexant (Unknown)\u003e\nhdac0: \u003cHDA Codec ID: 0x14f12bfa\u003e\nhdac0:        Vendor: 0x14f1\nhdac0:        Device: 0x2bfa\nhdac0:      Revision: 0x00\nhdac0:      Stepping: 0x00\nhdac0: PCI Subvendor: 0x19931043\nhdac0: \tstartnode=2 endnode=3\nhdac0: \tFound modem FG nid=2 startnode=112 endnode=116 total=4\nhdac0:\nhdac0: Power up audio FG cad=0 nid=1...\nhdac0: Parsing audio FG...\nhdac0:          GPIO: 0x40000002\nhdac0:                NumGPIO=2 NumGPO=0 NumGPI=0 GPIWake=0 GPIUnsol=1\nhdac0: nid 20 0x00000000 as  0 seq  0      Line-out  Jack jack  0 loc\n0 color Unknown misc 0\nhdac0: nid 21 0x00000000 as  0 seq  0      Line-out  Jack jack  0 loc\n0 color Unknown misc 0\nhdac0: nid 22 0x00000000 as  0 seq  0      Line-out  Jack jack  0 loc\n0 color Unknown misc 0\nhdac0: nid 23 0x00000000 as  0 seq  0      Line-out  Jack jack  0 loc\n0 color Unknown misc 0\nhdac0: nid 24 0x00000000 as  0 seq  0      Line-out  Jack jack  0 loc\n0 color Unknown misc 0\nhdac0: Patching pin config nid=24 0x00000000 -\u003e 0x00a00000\nhdac0: nid 25 0x00000000 as  0 seq  0      Line-out  Jack jack  0 loc\n0 color Unknown misc 0\nhdac0: Patching pin config nid=25 0x00000000 -\u003e 0x00a00000\nhdac0: nid 26 0x00000000 as  0 seq  0      Line-out  Jack jack  0 loc\n0 color Unknown misc 0\nhdac0: Patching pin config nid=26 0x00000000 -\u003e 0x00800000\nhdac0: nid 27 0x00000000 as  0 seq  0      Line-out  Jack jack  0 loc\n0 color Unknown misc 0\nhdac0: Patching pin config nid=27 0x00000000 -\u003e 0x00800000\nhdac0: nid 28 0x00000000 as  0 seq  0      Line-out  Jack jack  0 loc\n0 color Unknown misc 0\nhdac0: Patching pin config nid=28 0x00000000 -\u003e 0x00300000\nhdac0: Patching widget caps nid=29 0x00400000 -\u003e 0x00700000\nhdac0: nid 30 0x00000000 as  0 seq  0      Line-out  Jack jack  0 loc\n0 color Unknown misc 0\nhdac0: nid 31 0x00000000 as  0 seq  0      Line-out  Jack jack  0 loc\n0 color Unknown misc 0\nhdac0: Parsing Ctls...\nhdac0: Parsing vendor patch...\nhdac0: Disabling nonaudio...\nhdac0:  Disabling nid 33 due to it's non-audio type.\nhdac0: Disabling useless...\nhdac0: Patched pins configuration:\nhdac0: nid 20 0x00000000 as  0 seq  0      Line-out  Jack jack  0 loc\n0 color Unknown misc 0\nhdac0: nid 21 0x00000000 as  0 seq  0      Line-out  Jack jack  0 loc\n0 color Unknown misc 0\nhdac0: nid 22 0x00000000 as  0 seq  0      Line-out  Jack jack  0 loc\n0 color Unknown misc 0\nhdac0: nid 23 0x00000000 as  0 seq  0      Line-out  Jack jack  0 loc\n0 color Unknown misc 0\nhdac0: nid 24 0x00a00000 as  0 seq  0           Mic  Jack jack  0 loc\n0 color Unknown misc 0\nhdac0: nid 25 0x00a00000 as  0 seq  0           Mic  Jack jack  0 loc\n0 color Unknown misc 0\nhdac0: nid 26 0x00800000 as  0 seq  0       Line-in  Jack jack  0 loc\n0 color Unknown misc 0\nhdac0: nid 27 0x00800000 as  0 seq  0       Line-in  Jack jack  0 loc\n0 color Unknown misc 0\nhdac0: nid 28 0x00300000 as  0 seq  0            CD  Jack jack  0 loc\n0 color Unknown misc 0\nhdac0: nid 30 0x00000000 as  0 seq  0      Line-out  Jack jack  0 loc\n0 color Unknown misc 0\nhdac0: nid 31 0x00000000 as  0 seq  0      Line-out  Jack jack  0 loc\n0 color Unknown misc 0\nhdac0: Parsing pin associations...\nhdac0: 1 associations found\nhdac0: Association 0 (0) out (disabled):\nhdac0: Building AFG tree...\nhdac0: HWiP: HDA Widget Parser - Revision 2\nhdac0: Tracing input monitor\nhdac0: Tracing beeper\nhdac0:  Tracing nid 29 to out\nhdac0:   tracing via nid 29\nhdac0:    tracing via nid 11\nhdac0:     tracing via nid 9\nhdac0:     nid 9 returned 0\nhdac0:     tracing via nid 12\nhdac0:      tracing via nid 16\nhdac0:       tracing via nid 24\nhdac0:       nid 24 returned 0\nhdac0:      nid 16 returned 0\nhdac0:      tracing via nid 17\nhdac0:       tracing via nid 25\nhdac0:       nid 25 returned 0\nhdac0:      nid 17 returned 0\nhdac0:      tracing via nid 18\nhdac0:       tracing via nid 26\nhdac0:       nid 26 returned 0\nhdac0:      nid 18 returned 0\nhdac0:      tracing via nid 19\nhdac0:       tracing via nid 27\nhdac0:       nid 27 returned 0\nhdac0:      nid 19 returned 0\nhdac0:      tracing via nid 20\nhdac0:      nid 20 returned 0\nhdac0:     nid 12 returned 0\nhdac0:     tracing via nid 13\nhdac0:      tracing via nid 16\nhdac0:       tracing via nid 24\nhdac0:       nid 24 returned 0\nhdac0:      nid 16 returned 0\nhdac0:      tracing via nid 17\nhdac0:       tracing via nid 25\nhdac0:       nid 25 returned 0\nhdac0:      nid 17 returned 0\nhdac0:      tracing via nid 18\nhdac0:       tracing via nid 26\nhdac0:       nid 26 returned 0\nhdac0:      nid 18 returned 0\nhdac0:      tracing via nid 19\nhdac0:       tracing via nid 27\nhdac0:       nid 27 returned 0\nhdac0:      nid 19 returned 0\nhdac0:      tracing via nid 21\nhdac0:      nid 21 returned 0\nhdac0:     nid 13 returned 0\nhdac0:     tracing via nid 14\nhdac0:      tracing via nid 16\nhdac0:       tracing via nid 24\nhdac0:       nid 24 returned 0\nhdac0:      nid 16 returned 0\nhdac0:      tracing via nid 17\nhdac0:       tracing via nid 25\nhdac0:       nid 25 returned 0\nhdac0:      nid 17 returned 0\nhdac0:      tracing via nid 18\nhdac0:       tracing via nid 26\nhdac0:       nid 26 returned 0\nhdac0:      nid 18 returned 0\nhdac0:      tracing via nid 19\nhdac0:       tracing via nid 27\nhdac0:       nid 27 returned 0\nhdac0:      nid 19 returned 0\nhdac0:      tracing via nid 22\nhdac0:      nid 22 returned 0\nhdac0:     nid 14 returned 0\nhdac0:     tracing via nid 15\nhdac0:      tracing via nid 16\nhdac0:       tracing via nid 24\nhdac0:       nid 24 returned 0\nhdac0:      nid 16 returned 0\nhdac0:      tracing via nid 17\nhdac0:       tracing via nid 25\nhdac0:       nid 25 returned 0\nhdac0:      nid 17 returned 0\nhdac0:      tracing via nid 18\nhdac0:       tracing via nid 26\nhdac0:       nid 26 returned 0\nhdac0:      nid 18 returned 0\nhdac0:      tracing via nid 19\nhdac0:       tracing via nid 27\nhdac0:       nid 27 returned 0\nhdac0:      nid 19 returned 0\nhdac0:      tracing via nid 23\nhdac0:      nid 23 returned 0\nhdac0:     nid 15 returned 0\nhdac0:    nid 11 returned 0\nhdac0:   nid 29 returned 0\nhdac0: Disabling unassociated widgets...\nhdac0:  Disabling unassociated nid 2.\nhdac0:  Disabling unassociated nid 3.\nhdac0:  Disabling unassociated nid 4.\nhdac0:  Disabling unassociated nid 5.\nhdac0:  Disabling unassociated nid 6.\nhdac0:  Disabling unassociated nid 7.\nhdac0:  Disabling unassociated nid 8.\nhdac0:  Disabling unassociated nid 9.\nhdac0:  Disabling unassociated nid 10.\nhdac0:  Disabling unassociated nid 11.\nhdac0:  Disabling unassociated nid 12.\nhdac0:  Disabling unassociated nid 13.\nhdac0:  Disabling unassociated nid 14.\nhdac0:  Disabling unassociated nid 15.\nhdac0:  Disabling unassociated nid 16.\nhdac0:  Disabling unassociated nid 17.\nhdac0:  Disabling unassociated nid 18.\nhdac0:  Disabling unassociated nid 19.\nhdac0:  Disabling unassociated nid 20.\nhdac0:  Disabling unassociated nid 21.\nhdac0:  Disabling unassociated nid 22.\nhdac0:  Disabling unassociated nid 23.\nhdac0:  Disabling unassociated nid 24.\nhdac0:  Disabling unassociated nid 25.\nhdac0:  Disabling unassociated nid 26.\nhdac0:  Disabling unassociated nid 27.\nhdac0:  Disabling unassociated nid 28.\nhdac0:  Disabling unassociated nid 30.\nhdac0:  Disabling unassociated nid 31.\nhdac0:  Disabling unassociated nid 32.\nhdac0: Disabling nonselected inputs...\nhdac0: Disabling useless...\nhdac0:  Disabling ctl 1 nid 7 cnid -1 due to disabled widget.\nhdac0:  Disabling ctl 2 nid 8 cnid -1 due to disabled widget.\nhdac0:  Disabling ctl 3 nid 9 cnid -1 due to disabled widget.\nhdac0:  Disabling ctl 4 nid 11 cnid 24 due to disabled widget.\nhdac0:  Disabling ctl 5 nid 11 cnid 25 due to disabled widget.\nhdac0:  Disabling ctl 6 nid 11 cnid 26 due to disabled widget.\nhdac0:  Disabling ctl 7 nid 11 cnid 27 due to disabled widget.\nhdac0:  Disabling ctl 8 nid 11 cnid 28 due to disabled widget.\nhdac0:  Disabling ctl 9 nid 11 cnid 29 due to disabled widget.\nhdac0:  Disabling ctl 10 nid 11 cnid 20 due to disabled widget.\nhdac0:  Disabling ctl 11 nid 11 cnid 21 due to disabled widget.\nhdac0:  Disabling ctl 12 nid 12 cnid -1 due to disabled widget.\nhdac0:  Disabling ctl 13 nid 12 cnid 2 due to disabled widget.\nhdac0:  Disabling ctl 14 nid 12 cnid 11 due to disabled widget.\nhdac0:  Disabling ctl 15 nid 13 cnid -1 due to disabled widget.\nhdac0:  Disabling ctl 16 nid 13 cnid 3 due to disabled widget.\nhdac0:  Disabling ctl 17 nid 13 cnid 11 due to disabled widget.\nhdac0:  Disabling ctl 18 nid 14 cnid -1 due to disabled widget.\nhdac0:  Disabling ctl 19 nid 14 cnid 4 due to disabled widget.\nhdac0:  Disabling ctl 20 nid 14 cnid 11 due to disabled widget.\nhdac0:  Disabling ctl 21 nid 15 cnid -1 due to disabled widget.\nhdac0:  Disabling ctl 22 nid 15 cnid 5 due to disabled widget.\nhdac0:  Disabling ctl 23 nid 15 cnid 11 due to disabled widget.\nhdac0:  Disabling ctl 24 nid 20 cnid -1 due to disabled widget.\nhdac0:  Disabling ctl 25 nid 21 cnid -1 due to disabled widget.\nhdac0:  Disabling ctl 26 nid 22 cnid -1 due to disabled widget.\nhdac0:  Disabling ctl 27 nid 23 cnid -1 due to disabled widget.\nhdac0:  Disabling ctl 28 nid 24 cnid -1 due to disabled widget.\nhdac0:  Disabling ctl 29 nid 25 cnid -1 due to disabled widget.\nhdac0:  Disab