{
 "id": 372969,
 "bug_id": 108361,
 "attachment_id": 0,
 "creation_time": "2007-01-26T00:20:08Z",
 "creator": "juan.fco.rodriguez@gmail.com",
 "text": "root@juanillo:/home/jrh$ lptest \u003e /dev/lpt0\nsu: /dev/lpt0: Device busy\n\nroot@juanillo:/home/jrh$ ls -la /dev/lpt0\ncrw-rw----  1 root  cups    0,  37 Jan 26 00:13 /dev/lpt0\n\n\ndmesg output follows:\n\nCopyright (c) 1992-2007 The FreeBSD Project.\nCopyright (c) 1979, 1980, 1983, 1986, 1988, 1989, 1991, 1992, 1993, 1994\n        The Regents of the University of California. All rights reserved.\nFreeBSD is a registered trademark of The FreeBSD Foundation.\nFreeBSD 6.2-RELEASE #2: Tue Jan 16 09:08:07 CET 2007\n    jrh@juanillo.no-ip.info:/usr/obj/usr/src/sys/GENERIC\nTimecounter \"i8254\" frequency 1193182 Hz quality 0\nCPU: Pentium/P55C (199.43-MHz 586-class CPU)\n  Origin = \"GenuineIntel\"  Id = 0x543  Stepping = 3\n  Features=0x8001bf\u003cFPU,VME,DE,PSE,TSC,MSR,MCE,CX8,MMX\u003e\nreal memory  = 536870912 (512 MB)\navail memory = 515956736 (492 MB)\nIntel Pentium detected, installing workaround for F00F bug\nkbd1 at kbdmux0\nath_hal: 0.9.17.2 (AR5210, AR5211, AR5212, RF5111, RF5112, RF2413, RF5413)\ncpu0 on motherboard\npcib0: \u003cHost to PCI bridge\u003e pcibus 0 on motherboard\npci0: \u003cPCI bus\u003e on pcib0\nisab0: \u003cPCI-ISA bridge\u003e at device 7.0 on pci0\nisa0: \u003cISA bus\u003e on isab0\natapci0: \u003cIntel PIIX3 WDMA2 controller\u003e port 0x1f0-0x1f7,0x3f6,0x170-0x177,0x376,0xff80-0xff8f at device 7.1 on\n pci0\nata0: \u003cATA channel 0\u003e on atapci0\nata1: \u003cATA channel 1\u003e on atapci0\nuhci0: \u003cIntel 82371SB (PIIX3) USB controller\u003e port 0xff40-0xff5f irq 10 at device 7.2 on pci0\nuhci0: [GIANT-LOCKED]\nusb0: \u003cIntel 82371SB (PIIX3) USB controller\u003e on uhci0\nusb0: USB revision 1.0\nuhub0: Intel UHCI root hub, class 9/0, rev 1.00/1.00, addr 1\nuhub0: 2 ports with 2 removable, self powered\npci0: \u003cdisplay, VGA\u003e at device 14.0 (no driver attached)\nrl0: \u003cRealTek 8139 10/100BaseTX\u003e port 0xf800-0xf8ff mem 0xffbef800-0xffbef8ff irq 9 at device 15.0 on pci0\nmiibus0: \u003cMII bus\u003e on rl0\nrlphy0: \u003cRealTek internal media interface\u003e on miibus0\nrlphy0:  10baseT, 10baseT-FDX, 100baseTX, 100baseTX-FDX, auto\nrl0: Ethernet address: 00:e0:4c:a0:f5:24\natapci1: \u003cITE IT8212F UDMA133 controller\u003e port 0xfff0-0xfff7,0xffe4-0xffe7,0xffa8-0xffaf,0xffe0-0xffe3,0xff90-0\nxff9f irq 10 at device 16.0 on pci0\nata2: \u003cATA channel 0\u003e on atapci1\nata3: \u003cATA channel 1\u003e on atapci1\npmtimer0 on isa0\norm0: \u003cISA Option ROMs\u003e at iomem 0xc0000-0xc7fff,0xea000-0xebfff on isa0\natkbdc0: \u003cKeyboard controller (i8042)\u003e at port 0x60,0x64 on isa0\natkbd0: \u003cAT Keyboard\u003e irq 1 on atkbdc0\nkbd0 at atkbd0\natkbd0: [GIANT-LOCKED]\nfdc0: \u003cEnhanced floppy controller\u003e at port 0x3f0-0x3f5,0x3f7 irq 6 drq 2 on isa0\nfdc0: [FAST]\nfd0: \u003c1440-KB 3.5\" drive\u003e on fdc0 drive 0\nppc0: \u003cParallel port\u003e at port 0x378-0x37f irq 7 on isa0\nppc0: Generic chipset (NIBBLE-only) in COMPATIBLE mode\nppbus0: \u003cParallel port bus\u003e on ppc0\nppbus0: IEEE1284 device found /NIBBLE/ECP\nProbing for PnP devices on ppbus0:\nppbus0: \u003cHEWLETT-PACKARD DESKJET 710C\u003e SCP,VLINK\nplip0: \u003cPLIP network interface\u003e on ppbus0\nlpt0: \u003cPrinter\u003e on ppbus0\nlpt0: Interrupt-driven port\nppi0: \u003cParallel I/O\u003e on ppbus0\nsc0: \u003cSystem console\u003e at flags 0x100 on isa0\nsc0: VGA \u003c16 virtual consoles, flags=0x300\u003e\nsio0 at port 0x3f8-0x3ff irq 4 flags 0x10 on isa0\nsio0: type 16550A\nsio1 at port 0x2f8-0x2ff irq 3 on isa0\nsio1: type 16550A\nvga0: \u003cGeneric ISA VGA\u003e at port 0x3c0-0x3df iomem 0xa0000-0xbffff on isa0\nunknown: \u003cPNP0303\u003e can't assign resources (port)\nunknown: \u003cPNP0c01\u003e can't assign resources (memory)\nunknown: \u003cPNP0700\u003e can't assign resources (port)\nunknown: \u003cPNP0400\u003e can't assign resources (port)\nunknown: \u003cPNP0501\u003e can't assign resources (port)\nunknown: \u003cPNP0501\u003e can't assign resources (port)\nRTC BIOS diagnostic error 4\u003cinvalid_time\u003e\nTimecounter \"TSC\" frequency 199433269 Hz quality 800\nTimecounters tick every 1.000 msec\nad0: 38166MB \u003cSeagate ST340810A 3.99\u003e at ata0-master WDMA2\nacd0: CDRW \u003cNEC NR-7500A/1.20\u003e at ata1-master PIO4\nTrying to mount root from ufs:/dev/ad0s4a\nipfw2 (+ipv6) initialized, divert loadable, rule-based forwarding disabled, default to deny, logging disabled"
}