{
 "id": 990811,
 "bug_id": 228076,
 "attachment_id": 0,
 "creation_time": "2018-05-08T18:13:04Z",
 "creator": "mit@pt.net",
 "text": "We are having a problem with the ule scheduler scheduling a process to run on a processor that is monopolized by a realtime thread and in turn never running or getting \"stolen\" from that proccessor's queue to run on another.  \n\nThis happens readily in our application utilizing FreeBSD.  Since it would be impossible for a 3rd party to run our software, I came up with a test suite that reproduces the issue, but it needs to run for awhile for the lockup to happen.\n\nTo reproduce the issue, run three shells. One runs \"many\" which starts realtime threads on all but one available processor.  Next run \"runOne\" which starts a realtime thread on the last available processor for a period of time, then exits, repeating the process.  Finally, run \"runIfconfig\" which just calls ifconfig in a loop.  Eventually ifconfig will get stuck in \"RUN\" state.\n\nChanging the \"kern.sched.steal_thresh\" to 1 has no effect.\n\nThe source for the programs and scripts are after the test machines details.\n\nSnapshot of top showing the locked process (ifconfig) in the test:\n\nlast pid: 89788;  load averages:  8.02,  8.09,  9.71                                                                                                        up 0+19:15:59  14:40:09\n49 processes:  9 running, 40 sleeping\nCPU: 87.5% user,  0.0% nice,  0.0% system,  0.0% interrupt, 12.5% idle\nMem: 6784K Active, 50M Inact, 3087M Wired, 286M Buf, 28G Free\nSwap: 4096M Total, 4096M Free\n\n  PID USERNAME   PRI NICE   SIZE    RES STATE   C   TIME    WCPU COMMAND\n89782 root        20    0 19600K  3660K ttyin   7   0:00   0.00% csh\n89779 root        20    0 83092K  8288K select  7   0:00   0.00% sshd\n89725 root        52    0  6244K  1996K nanslp  7   0:00   0.00% sleep\n89717 root        52    0 13144K  2832K wait    7   0:00   0.00% sh\n89125 root        20    0 19600K  3704K ttyin   7   0:00   0.00% csh\n53534 root        20    0  8392K  2220K piperd  7   0:00   0.00% mail\n53533 root        52    0 13144K  2816K wait    7   0:00   0.00% sh\n53526 root        52    0 13144K  2808K wait    7   0:00   0.00% sh\n53525 root        21    0  6244K  2004K wait    7   0:00   0.00% lockf\n53523 root        21    0 13144K  2808K wait    7   0:00   0.00% sh\n53521 root        20    0 13144K  2812K wait    7   0:00   0.00% sh\n51764 root        20    0  8392K  2216K piperd  7   0:00   0.00% mail\n51763 root        20    0 13144K  2816K wait    7   0:00   0.00% sh\n51754 root        52    0 13144K  2808K wait    7   0:00   0.00% sh\n51752 root        21    0  6244K  2004K wait    7   0:00   0.00% lockf\n51748 root        21    0 13144K  2808K wait    7   0:00   0.00% sh\n51746 root        20    0 12564K  2564K piperd  7   0:00   0.00% cron\n38859 root        72    0 19104K  2768K RUN     6   0:00   0.00% ifconfig\n 6945 root        20    0 13460K  2452K nanslp  7   0:00   0.00% many{many}\n 6945 root       -21 r31F 13460K  2452K CPU0    0  19.2H  99.06% many{many}\n 6945 root       -21 r31F 13460K  2452K CPU1    1  19.2H  89.40% many{many}\n 6945 root       -21 r31F 13460K  2452K CPU2    2  19.2H 100.00% many{many}\n 6945 root       -21 r31F 13460K  2452K CPU3    3  19.2H  89.41% many{many}\n 6945 root       -21 r31F 13460K  2452K CPU4    4  19.2H  89.40% many{many}\n 6945 root       -21 r31F 13460K  2452K CPU5    5  19.2H  89.39% many{many}\n 6945 root       -21 r31F 13460K  2452K CPU6    6  19.1H  99.31% many{many}\n  887 root        52    0 16664K  3984K wait    7   2:36   0.00% ksh93\n...\n\nDetails of the test system:\n\nuname -a:\n\nFreeBSD fbdev 11.1-RELEASE-p9 FreeBSD 11.1-RELEASE-p9 #0: Tue Apr  3 16:59:16 UTC 2018     root@amd64-builder.daemonology.net:/usr/obj/usr/src/sys/GENERIC  amd64\n\nroot@fbl:~ # pciconf -l\nhostb0@pci0:0:0:0:\tclass=0x060000 card=0x01588086 chip=0x01588086 rev=0x09 hdr=0x00\npcib1@pci0:0:1:0:\tclass=0x060400 card=0x01518086 chip=0x01518086 rev=0x09 hdr=0x01\nvgapci0@pci0:0:2:0:\tclass=0x030000 card=0x21118086 chip=0x016a8086 rev=0x09 hdr=0x00\npcib2@pci0:0:6:0:\tclass=0x060400 card=0x015d8086 chip=0x015d8086 rev=0x09 hdr=0x01\nnone0@pci0:0:22:0:\tclass=0x078000 card=0x1c3a8086 chip=0x1c3a8086 rev=0x04 hdr=0x00\nehci0@pci0:0:26:0:\tclass=0x0c0320 card=0x1c2d8086 chip=0x1c2d8086 rev=0x05 hdr=0x00\npcib3@pci0:0:28:0:\tclass=0x060400 card=0x1c108086 chip=0x1c108086 rev=0xb5 hdr=0x01\nehci1@pci0:0:29:0:\tclass=0x0c0320 card=0x1c268086 chip=0x1c268086 rev=0x05 hdr=0x00\npcib4@pci0:0:30:0:\tclass=0x060401 card=0x244e8086 chip=0x244e8086 rev=0xa5 hdr=0x01\nisab0@pci0:0:31:0:\tclass=0x060100 card=0x1c568086 chip=0x1c568086 rev=0x05 hdr=0x00\nahci0@pci0:0:31:2:\tclass=0x010601 card=0x1c028086 chip=0x1c028086 rev=0x05 hdr=0x00\nnone1@pci0:0:31:3:\tclass=0x0c0500 card=0x1c228086 chip=0x1c228086 rev=0x05 hdr=0x00\nix0@pci0:1:0:0:\tclass=0x020000 card=0xffffffff chip=0x10fb8086 rev=0x01 hdr=0x00\nix1@pci0:1:0:1:\tclass=0x020000 card=0xffffffff chip=0x10fb8086 rev=0x01 hdr=0x00\nigb0@pci0:2:0:0:\tclass=0x020000 card=0x00008086 chip=0x150e8086 rev=0x01 hdr=0x00\nigb1@pci0:2:0:1:\tclass=0x020000 card=0x00008086 chip=0x150e8086 rev=0x01 hdr=0x00\nigb2@pci0:3:0:0:\tclass=0x020000 card=0x00008086 chip=0x150e8086 rev=0x01 hdr=0x00\nigb3@pci0:3:0:1:\tclass=0x020000 card=0x00008086 chip=0x150e8086 rev=0x01 hdr=0x00\nnone2@pci0:4:0:0:\tclass=0x020000 card=0x012310ec chip=0x816710ec rev=0x10 hdr=0x00\n\ndmeag -a:\n\nCopyright (c) 1992-2017 The FreeBSD Project.\nCopyright (c) 1979, 1980, 1983, 1986, 1988, 1989, 1991, 1992, 1993, 1994\n\tThe Regents of the University of California. All rights reserved.\nFreeBSD is a registered trademark of The FreeBSD Foundation.\nFreeBSD 11.1-RELEASE-p9 #0: Tue Apr  3 16:59:16 UTC 2018\n    root@amd64-builder.daemonology.net:/usr/obj/usr/src/sys/GENERIC amd64\nFreeBSD clang version 4.0.0 (tags/RELEASE_400/final 297347) (based on LLVM 4.0.0)\nVT(vga): resolution 640x480\nCPU: Intel(R) Xeon(R) CPU E3-1275 V2 @ 3.50GHz (3492.14-MHz K8-class CPU)\n  Origin=\"GenuineIntel\"  Id=0x306a9  Family=0x6  Model=0x3a  Stepping=9\n  Features=0xbfebfbff\u003cFPU,VME,DE,PSE,TSC,MSR,PAE,MCE,CX8,APIC,SEP,MTRR,PGE,MCA,CMOV,PAT,PSE36,CLFLUSH,DTS,ACPI,MMX,FXSR,SSE,SSE2,SS,HTT,TM,PBE\u003e\n  Features2=0x7fbae3ff\u003cSSE3,PCLMULQDQ,DTES64,MON,DS_CPL,VMX,SMX,EST,TM2,SSSE3,CX16,xTPR,PDCM,PCID,SSE4.1,SSE4.2,x2APIC,POPCNT,TSCDLT,AESNI,XSAVE,OSXSAVE,AVX,F16C,RDRAND\u003e\n  AMD Features=0x28100800\u003cSYSCALL,NX,RDTSCP,LM\u003e\n  AMD Features2=0x1\u003cLAHF\u003e\n  Structured Extended Features=0x281\u003cFSGSBASE,SMEP,ERMS\u003e\n  XSAVE Features=0x1\u003cXSAVEOPT\u003e\n  VT-x: PAT,HLT,MTF,PAUSE,EPT,UG,VPID\n  TSC: P-state invariant, performance statistics\nreal memory  = 34359738368 (32768 MB)\navail memory = 33212313600 (31673 MB)\nEvent timer \"LAPIC\" quality 600\nACPI APIC Table: \u003cALASKA A M I\u003e\nFreeBSD/SMP: Multiprocessor System Detected: 8 CPUs\nFreeBSD/SMP: 1 package(s) x 4 core(s) x 2 hardware threads\nrandom: unblocking device.\nioapic0 \u003cVersion 2.0\u003e irqs 0-23 on motherboard\nSMP: AP CPU #1 Launched!\nSMP: AP CPU #4 Launched!\nSMP: AP CPU #2 Launched!\nSMP: AP CPU #3 Launched!\nSMP: AP CPU #5 Launched!\nSMP: AP CPU #6 Launched!\nSMP: AP CPU #7 Launched!\nTimecounter \"TSC-low\" frequency 1746072482 Hz quality 1000\nrandom: entropy device external interface\nkbd1 at kbdmux0\nnetmap: loaded module\nmodule_register_init: MOD_LOAD (vesa, 0xffffffff80f5eb40, 0) error 19\nrandom: registering fast source Intel Secure Key RNG\nrandom: fast provider: \"Intel Secure Key RNG\"\n 0: virt=0xfffffe0859800000 phys=0x100000000\n 1: virt=0xfffffe0899800000 phys=0x140000000\nnexus0\nvtvga0: \u003cVT VGA driver\u003e on motherboard\ncryptosoft0: \u003csoftware crypto\u003e on motherboard\nacpi0: \u003cALASKA A M I\u003e on motherboard\nacpi0: Power Button (fixed)\ncpu0: \u003cACPI CPU\u003e on acpi0\ncpu1: \u003cACPI CPU\u003e on acpi0\ncpu2: \u003cACPI CPU\u003e on acpi0\ncpu3: \u003cACPI CPU\u003e on acpi0\ncpu4: \u003cACPI CPU\u003e on acpi0\ncpu5: \u003cACPI CPU\u003e on acpi0\ncpu6: \u003cACPI CPU\u003e on acpi0\ncpu7: \u003cACPI CPU\u003e on acpi0\nhpet0: \u003cHigh Precision Event Timer\u003e iomem 0xfed00000-0xfed003ff on acpi0\nTimecounter \"HPET\" frequency 14318180 Hz quality 950\nEvent timer \"HPET\" frequency 14318180 Hz quality 550\natrtc0: \u003cAT realtime clock\u003e port 0x70-0x77 irq 8 on acpi0\natrtc0: Warning: Couldn't map I/O.\nEvent timer \"RTC\" frequency 32768 Hz quality 0\nattimer0: \u003cAT timer\u003e port 0x40-0x43,0x50-0x53 irq 0 on acpi0\nTimecounter \"i8254\" frequency 1193182 Hz quality 0\nEvent timer \"i8254\" frequency 1193182 Hz quality 100\nTimecounter \"ACPI-fast\" frequency 3579545 Hz quality 900\nacpi_timer0: \u003c24-bit timer at 3.579545MHz\u003e port 0x408-0x40b on acpi0\npcib0: \u003cACPI Host-PCI bridge\u003e port 0xcf8-0xcff on acpi0\npcib0: _OSC returned error 0x10\npci0: \u003cACPI PCI bus\u003e on pcib0\npcib1: \u003cACPI PCI-PCI bridge\u003e irq 16 at device 1.0 on pci0\npci1: \u003cACPI PCI bus\u003e on pcib1\nix0: \u003cIntel(R) PRO/10GbE PCI-Express Network Driver, Version - 3.1.13-k\u003e port 0xe020-0xe03f mem 0xf7d20000-0xf7d3ffff,0xf7d44000-0xf7d47fff irq 16 at device 0.0 on pci1\nix0: Using MSIX interrupts with 9 vectors\nix0: Ethernet address: 08:00:8a:00:10:e0\nix0: PCI Express Bus: Speed 5.0GT/s Width x8\nix0: netmap queues/slots: TX 8/2048, RX 8/2048\nix1: \u003cIntel(R) PRO/10GbE PCI-Express Network Driver, Version - 3.1.13-k\u003e port 0xe000-0xe01f mem 0xf7d00000-0xf7d1ffff,0xf7d40000-0xf7d43fff irq 17 at device 0.1 on pci1\nix1: Using MSIX interrupts with 9 vectors\nix1: Ethernet address: 08:00:8a:00:10:e1\nix1: PCI Express Bus: Speed 5.0GT/s Width x8\nix1: netmap queues/slots: TX 8/2048, RX 8/2048\nvgapci0: \u003cVGA-compatible display\u003e port 0xf000-0xf03f mem 0xf7400000-0xf77fffff,0xe0000000-0xefffffff irq 16 at device 2.0 on pci0\nvgapci0: Boot video device\npcib2: \u003cACPI PCI-PCI bridge\u003e irq 19 at device 6.0 on pci0\npci2: \u003cACPI PCI bus\u003e on pcib2\nigb0: \u003cIntel(R) PRO/1000 Network Connection, Version - 2.5.3-k\u003e port 0xd020-0xd03f mem 0xf7a80000-0xf7afffff,0xf7b04000-0xf7b07fff irq 19 at device 0.0 on pci2\nigb0: Using MSIX interrupts with 9 vectors\nigb0: Ethernet address: 08:00:8a:00:00:82\nigb0: Bound queue 0 to cpu 0\nigb0: Bound queue 1 to cpu 1\nigb0: Bound queue 2 to cpu 2\nigb0: Bound queue 3 to cpu 3\nigb0: Bound queue 4 to cpu 4\nigb0: Bound queue 5 to cpu 5\nigb0: Bound queue 6 to cpu 6\nigb0: Bound queue 7 to cpu 7\nigb0: netmap queues/slots: TX 8/1024, RX 8/1024\nigb1: \u003cIntel(R) PRO/1000 Network Connection, Version - 2.5.3-k\u003e port 0xd000-0xd01f mem 0xf7a00000-0xf7a7ffff,0xf7b00000-0xf7b03fff irq 16 at device 0.1 on pci2\nigb1: Using MSIX interrupts with 9 vectors\nigb1: Ethernet address: 08:00:8a:00:00:83\nigb1: Bound queue 0 to cpu 0\nigb1: Bound queue 1 to cpu 1\nigb1: Bound queue 2 to cpu 2\nigb1: Bound queue 3 to cpu 3\nigb1: Bound queue 4 to cpu 4\nigb1: Bound queue 5 to cpu 5\nigb1: Bound queue 6 to cpu 6\nigb1: Bound queue 7 to cpu 7\nigb1: netmap queues/slots: TX 8/1024, RX 8/1024\npci0: \u003csimple comms\u003e at device 22.0 (no driver attached)\nehci0: \u003cIntel Cougar Point USB 2.0 controller\u003e mem 0xf7e04000-0xf7e043ff irq 16 at device 26.0 on pci0\nusbus0: EHCI version 1.0\nusbus0 on ehci0\nusbus0: 480Mbps High Speed USB v2.0\npcib3: \u003cACPI PCI-PCI bridge\u003e irq 16 at device 28.0 on pci0\npci3: \u003cACPI PCI bus\u003e on pcib3\nigb2: \u003cIntel(R) PRO/1000 Network Connection, Version - 2.5.3-k\u003e port 0xc020-0xc03f mem 0xf7880000-0xf78fffff,0xf7904000-0xf7907fff irq 16 at device 0.0 on pci3\nigb2: Using MSIX interrupts with 9 vectors\nigb2: Ethernet address: 08:00:8a:00:00:80\nigb2: Bound queue 0 to cpu 0\nigb2: Bound queue 1 to cpu 1\nigb2: Bound queue 2 to cpu 2\nigb2: Bound queue 3 to cpu 3\nigb2: Bound queue 4 to cpu 4\nigb2: Bound queue 5 to cpu 5\nigb2: Bound queue 6 to cpu 6\nigb2: Bound queue 7 to cpu 7\nigb2: netmap queues/slots: TX 8/1024, RX 8/1024\nigb3: \u003cIntel(R) PRO/1000 Network Connection, Version - 2.5.3-k\u003e port 0xc000-0xc01f mem 0xf7800000-0xf787ffff,0xf7900000-0xf7903fff irq 17 at device 0.1 on pci3\nigb3: Using MSIX interrupts with 9 vectors\nigb3: Ethernet address: 08:00:8a:00:00:81\nigb3: Bound queue 0 to cpu 0\nigb3: Bound queue 1 to cpu 1\nigb3: Bound queue 2 to cpu 2\nigb3: Bound queue 3 to cpu 3\nigb3: Bound queue 4 to cpu 4\nigb3: Bound queue 5 to cpu 5\nigb3: Bound queue 6 to cpu 6\nigb3: Bound queue 7 to cpu 7\nigb3: netmap queues/slots: TX 8/1024, RX 8/1024\nehci1: \u003cIntel Cougar Point USB 2.0 controller\u003e mem 0xf7e03000-0xf7e033ff irq 23 at device 29.0 on pci0\nusbus1: EHCI version 1.0\nusbus1 on ehci1\nusbus1: 480Mbps High Speed USB v2.0\npcib4: \u003cACPI PCI-PCI bridge\u003e at device 30.0 on pci0\npci4: \u003cACPI PCI bus\u003e on pcib4\nre0: \u003cRealTek 8169SC/8110SC Single-chip Gigabit Ethernet\u003e port 0xb000-0xb0ff mem 0xf7c20000-0xf7c200ff irq 16 at device 0.0 on pci4\nre0: Chip rev. 0x18000000\nre0: MAC rev. 0x00000000\nmiibus0: \u003cMII bus\u003e on re0\nrgephy0: \u003cRTL8169S/8110S/8211 1000BASE-T media interface\u003e PHY 1 on miibus0\nrgephy0:  none, 10baseT, 10baseT-FDX, 10baseT-FDX-flow, 100baseTX, 100baseTX-FDX, 100baseTX-FDX-flow, 1000baseT, 1000baseT-master, 1000baseT-FDX, 1000baseT-FDX-master, 1000baseT-FDX-flow, 1000baseT-FDX-flow-master, auto, auto-flow\nre0: Using defaults for TSO: 65518/35/2048\nre0: Ethernet address: 00:90:0b:29:07:b2\nre0: netmap queues/slots: TX 1/256, RX 1/256\nisab0: \u003cPCI-ISA bridge\u003e at device 31.0 on pci0\nisa0: \u003cISA bus\u003e on isab0\nahci0: \u003cIntel Cougar Point AHCI SATA controller\u003e port 0xf0b0-0xf0b7,0xf0a0-0xf0a3,0xf090-0xf097,0xf080-0xf083,0xf060-0xf07f mem 0xf7e02000-0xf7e027ff irq 19 at device 31.2 on pci0\nahci0: AHCI v1.30 with 6 6Gbps ports, Port Multiplier not supported\nahcich2: \u003cAHCI channel\u003e at channel 2 on ahci0\nahciem0: \u003cAHCI enclosure management bridge\u003e on ahci0\nacpi_button0: \u003cPower Button\u003e on acpi0\nacpi_tz0: \u003cThermal Zone\u003e on acpi0\nacpi_tz1: \u003cThermal Zone\u003e on acpi0\nppc1: \u003cParallel port\u003e port 0x378-0x37f irq 5 on acpi0\nppc1: Generic chipset (NIBBLE-only) in COMPATIBLE mode\nppbus0: \u003cParallel port bus\u003e on ppc1\nlpt0: \u003cPrinter\u003e on ppbus0\nlpt0: Interrupt-driven port\nppi0: \u003cParallel I/O\u003e on ppbus0\nuart0: \u003c16550 or compatible\u003e port 0x3f8-0x3ff irq 4 flags 0x10 on acpi0\natkbdc0: \u003cKeyboard controller (i8042)\u003e at port 0x60,0x64 on isa0\natkbd0: \u003cAT Keyboard\u003e irq 1 on atkbdc0\nkbd0 at atkbd0\natkbd0: [GIANT-LOCKED]\nppc0: cannot reserve I/O port range\nest0: \u003cEnhanced SpeedStep Frequency Control\u003e on cpu0\nest1: \u003cEnhanced SpeedStep Frequency Control\u003e on cpu1\nest2: \u003cEnhanced SpeedStep Frequency Control\u003e on cpu2\nest3: \u003cEnhanced SpeedStep Frequency Control\u003e on cpu3\nest4: \u003cEnhanced SpeedStep Frequency Control\u003e on cpu4\nest5: \u003cEnhanced SpeedStep Frequency Control\u003e on cpu5\nest6: \u003cEnhanced SpeedStep Frequency Control\u003e on cpu6\nest7: \u003cEnhanced SpeedStep Frequency Control\u003e on cpu7\nTimecounters tick every 1.000 msec\nnvme cam probe device init\nugen1.1: \u003cIntel EHCI root HUB\u003e at usbus1\nugen0.1: \u003cIntel EHCI root HUB\u003e at usbus0\nuhub0: \u003cIntel EHCI root HUB, class 9/0, rev 2.00/1.00, addr 1\u003e on usbus1\nuhub1: \u003cIntel EHCI root HUB, class 9/0, rev 2.00/1.00, addr 1\u003e on usbus0\nses0 at ahciem0 bus 0 scbus1 target 0 lun 0\nses0: \u003cAHCI SGPIO Enclosure 1.00 0001\u003e SEMB S-E-S 2.00 device\nses0: SEMB SES Device\nada0 at ahcich2 bus 0 scbus0 target 0 lun 0\nada0: \u003cTS16GCF160 20111219\u003e ATA SATA 1.x device\nada0: Serial Number A2323035180354000072\nada0: 150.000MB/s transfers (SATA 1.x, UDMA2, PIO 512bytes)\nada0: 15280MB (31293440 512 byte sectors)\nTrying to mount root from ufs:/dev/ada0p3 [rw]...\nSetting hostuuid: c84483e3-9171-11e6-a133-08008a0010e0.\nSetting hostid: 0x224a41c7.\nStarting file system checks:\n/dev/ada0p3: FILE SYSTEM CLEAN; SKIPPING CHECKS\n/dev/ada0p3: clean, 519318 free (6518 frags, 64100 blocks, 0.2% fragmentation)\nuhub0: 2 ports with 2 removable, self powered\nuhub1: 2 ports with 2 removable, self powered\nMounting local filesystems:.\nELF ldconfig path: /lib /usr/lib /usr/lib/compat /usr/local/lib /usr/local/lib/gcc49 /usr/local/lib/perl5/5.20/mach/CORE /etc/ld-elf.so.conf\n32-bit compatibility ldconfig path: /usr/lib32\nSetting hostname: fbl.\nSetting up harvesting: [UMA],[FS_ATIME],SWI,INTERRUPT,NET_NG,NET_ETHER,NET_TUN,MOUSE,KEYBOARD,ATTACH,CACHED\nFeeding entropy: \nugen0.2: \u003cvendor 0x8087 product 0x0024\u003e at usbus0\nuhub2 on uhub1\nuhub2: \u003cvendor 0x8087 product 0x0024, class 9/0, rev 2.00/0.00, addr 2\u003e on usbus0\nugen1.2: \u003cvendor 0x8087 product 0x0024\u003e at usbus1\nuhub3 on uhub0\nuhub3: \u003cvendor 0x8087 product 0x0024, class 9/0, rev 2.00/0.00, addr 2\u003e on usbus1\n.\nuhub2: 6 ports with 6 removable, self powered\nuhub3: 8 ports with 8 removable, self powered\nugen1.3: \u003cvendor 0x0d3d USBPS2\u003e at usbus1\nukbd0 on uhub3\nukbd0: \u003cEP1\u003e on usbus1\nkbd2 at ukbd0\nigb2: link state changed to UP\nStarting Network: lo0 ix0 ix1 igb0 igb1 igb2 igb3 re0.\nlo0: flags=8049\u003cUP,LOOPBACK,RUNNING,MULTICAST\u003e metric 0 mtu 16384\n\toptions=600003\u003cRXCSUM,TXCSUM,RXCSUM_IPV6,TXCSUM_IPV6\u003e\n\tinet6 ::1 prefixlen 128 \n\tinet6 fe80::1%lo0 prefixlen 64 scopeid 0x8 \n\tinet 127.0.0.1 netmask 0xff000000 \n\tnd6 options=21\u003cPERFORMNUD,AUTO_LINKLOCAL\u003e\n\tgroups: lo \nix0: flags=8802\u003cBROADCAST,SIMPLEX,MULTICAST\u003e metric 0 mtu 1500\n\toptions=e407bb\u003cRXCSUM,TXCSUM,VLAN_MTU,VLAN_HWTAGGING,JUMBO_MTU,VLAN_HWCSUM,TSO4,TSO6,LRO,VLAN_HWTSO,RXCSUM_IPV6,TXCSUM_IPV6\u003e\n\tether 08:00:8a:00:10:e0\n\thwaddr 08:00:8a:00:10:e0\n\tnd6 options=29\u003cPERFORMNUD,IFDISABLED,AUTO_LINKLOCAL\u003e\n\tmedia: Ethernet autoselect\n\tstatus: no carrier\nix1: flags=8802\u003cBROADCAST,SIMPLEX,MULTICAST\u003e metric 0 mtu 1500\n\toptions=e407bb\u003cRXCSUM,TXCSUM,VLAN_MTU,VLAN_HWTAGGING,JUMBO_MTU,VLAN_HWCSUM,TSO4,TSO6,LRO,VLAN_HWTSO,RXCSUM_IPV6,TXCSUM_IPV6\u003e\n\tether 08:00:8a:00:10:e1\n\thwaddr 08:00:8a:00:10:e1\n\tnd6 options=29\u003cPERFORMNUD,IFDISABLED,AUTO_LINKLOCAL\u003e\n\tmedia: Ethernet autoselect\n\tstatus: no carrier\nigb0: flags=8c02\u003cBROADCAST,OACTIVE,SIMPLEX,MULTICAST\u003e metric 0 mtu 1500\n\toptions=6403bb\u003cRXCSUM,TXCSUM,VLAN_MTU,VLAN_HWTAGGING,JUMBO_MTU,VLAN_HWCSUM,TSO4,TSO6,VLAN_HWTSO,RXCSUM_IPV6,TXCSUM_IPV6\u003e\n\tether 08:00:8a:00:00:82\n\thwaddr 08:00:8a:00:00:82\n\tnd6 options=29\u003cPERFORMNUD,IFDISABLED,AUTO_LINKLOCAL\u003e\n\tmedia: Ethernet autoselect\n\tstatus: no carrier\nigb1: flags=8c02\u003cBROADCAST,OACTIVE,SIMPLEX,MULTICAST\u003e metric 0 mtu 1500\n\toptions=6403bb\u003cRXCSUM,TXCSUM,VLAN_MTU,VLAN_HWTAGGING,JUMBO_MTU,VLAN_HWCSUM,TSO4,TSO6,VLAN_HWTSO,RXCSUM_IPV6,TXCSUM_IPV6\u003e\n\tether 08:00:8a:00:00:83\n\thwaddr 08:00:8a:00:00:83\n\tnd6 options=29\u003cPERFORMNUD,IFDISABLED,AUTO_LINKLOCAL\u003e\n\tmedia: Ethernet autoselect\n\tstatus: no carrier\nigb2: flags=8843\u003cUP,BROADCAST,RUNNING,SIMPLEX,MULTICAST\u003e metric 0 mtu 1500\n\toptions=6403bb\u003cRXCSUM,TXCSUM,VLAN_MTU,VLAN_HWTAGGING,JUMBO_MTU,VLAN_HWCSUM,TSO4,TSO6,VLAN_HWTSO,RXCSUM_IPV6,TXCSUM_IPV6\u003e\n\tether 08:00:8a:00:00:80\n\thwaddr 08:00:8a:00:00:80\n\tinet 206.210.221.193 netmask 0xffffff00 broadcast 206.210.221.255 \n\tnd6 options=29\u003cPERFORMNUD,IFDISABLED,AUTO_LINKLOCAL\u003e\n\tmedia: Ethernet autoselect (100baseTX \u003cfull-duplex\u003e)\n\tstatus: active\nigb3: flags=8c02\u003cBROADCAST,OACTIVE,SIMPLEX,MULTICAST\u003e metric 0 mtu 1500\n\toptions=6403bb\u003cRXCSUM,TXCSUM,VLAN_MTU,VLAN_HWTAGGING,JUMBO_MTU,VLAN_HWCSUM,TSO4,TSO6,VLAN_HWTSO,RXCSUM_IPV6,TXCSUM_IPV6\u003e\n\tether 08:00:8a:00:00:81\n\thwaddr 08:00:8a:00:00:81\n\tnd6 options=29\u003cPERFORMNUD,IFDISABLED,AUTO_LINKLOCAL\u003e\n\tmedia: Ethernet autoselect\n\tstatus: no carrier\nre0: flags=8802\u003cBROADCAST,SIMPLEX,MULTICAST\u003e metric 0 mtu 1500\n\toptions=8209b\u003cRXCSUM,TXCSUM,VLAN_MTU,VLAN_HWTAGGING,VLAN_HWCSUM,WOL_MAGIC,LINKSTATE\u003e\n\tether 00:90:0b:29:07:b2\n\thwaddr 00:90:0b:29:07:b2\n\tnd6 options=29\u003cPERFORMNUD,IFDISABLED,AUTO_LINKLOCAL\u003e\nre0: link state changed to DOWN\n\tmedia: Ethernet autoselect (10baseT/UTP \u003chalf-duplex\u003e)\n\tstatus: no carrier\nStarting devd.\nStarting Network: ix0.\nix0: flags=8802\u003cBROADCAST,SIMPLEX,MULTICAST\u003e metric 0 mtu 1500\n\toptions=e407bb\u003cRXCSUM,TXCSUM,VLAN_MTU,VLAN_HWTAGGING,JUMBO_MTU,VLAN_HWCSUM,TSO4,TSO6,LRO,VLAN_HWTSO,RXCSUM_IPV6,TXCSUM_IPV6\u003e\n\tether 08:00:8a:00:10:e0\n\thwaddr 08:00:8a:00:10:e0\n\tnd6 options=29\u003cPERFORMNUD,IFDISABLED,AUTO_LINKLOCAL\u003e\n\tmedia: Ethernet autoselect\n\tstatus: no carrier\nStarting Network: ix1.\nix1: flags=8802\u003cBROADCAST,SIMPLEX,MULTICAST\u003e metric 0 mtu 1500\n\toptions=e407bb\u003cRXCSUM,TXCSUM,VLAN_MTU,VLAN_HWTAGGING,JUMBO_MTU,VLAN_HWCSUM,TSO4,TSO6,LRO,VLAN_HWTSO,RXCSUM_IPV6,TXCSUM_IPV6\u003e\n\tether 08:00:8a:00:10:e1\n\thwaddr 08:00:8a:00:10:e1\n\tnd6 options=29\u003cPERFORMNUD,IFDISABLED,AUTO_LINKLOCAL\u003e\n\tmedia: Ethernet autoselect\n\tstatus: no carrier\nStarting Network: igb0.\nigb0: flags=8c02\u003cBROADCAST,OACTIVE,SIMPLEX,MULTICAST\u003e metric 0 mtu 1500\n\toptions=6403bb\u003cRXCSUM,TXCSUM,VLAN_MTU,VLAN_HWTAGGING,JUMBO_MTU,VLAN_HWCSUM,TSO4,TSO6,VLAN_HWTSO,RXCSUM_IPV6,TXCSUM_IPV6\u003e\n\tether 08:00:8a:00:00:82\n\thwaddr 08:00:8a:00:00:82\n\tnd6 options=29\u003cPERFORMNUD,IFDISABLED,AUTO_LINKLOCAL\u003e\n\tmedia: Ethernet autoselect\n\tstatus: no carrier\nStarting Network: igb1.\nigb1: flags=8c02\u003cBROADCAST,OACTIVE,SIMPLEX,MULTICAST\u003e metric 0 mtu 1500\n\toptions=6403bb\u003cRXCSUM,TXCSUM,VLAN_MTU,VLAN_HWTAGGING,JUMBO_MTU,VLAN_HWCSUM,TSO4,TSO6,VLAN_HWTSO,RXCSUM_IPV6,TXCSUM_IPV6\u003e\n\tether 08:00:8a:00:00:83\n\thwaddr 08:00:8a:00:00:83\n\tnd6 options=29\u003cPERFORMNUD,IFDISABLED,AUTO_LINKLOCAL\u003e\n\tmedia: Ethernet autoselect\n\tstatus: no carrier\nStarting Network: igb3.\nigb3: flags=8c02\u003cBROADCAST,OACTIVE,SIMPLEX,MULTICAST\u003e metric 0 mtu 1500\n\toptions=6403bb\u003cRXCSUM,TXCSUM,VLAN_MTU,VLAN_HWTAGGING,JUMBO_MTU,VLAN_HWCSUM,TSO4,TSO6,VLAN_HWTSO,RXCSUM_IPV6,TXCSUM_IPV6\u003e\n\tether 08:00:8a:00:00:81\n\thwaddr 08:00:8a:00:00:81\n\tnd6 options=29\u003cPERFORMNUD,IFDISABLED,AUTO_LINKLOCAL\u003e\n\tmedia: Ethernet autoselect\n\tstatus: no carrier\nStarting Network: re0.\nre0: flags=8802\u003cBROADCAST,SIMPLEX,MULTICAST\u003e metric 0 mtu 1500\n\toptions=8209b\u003cRXCSUM,TXCSUM,VLAN_MTU,VLAN_HWTAGGING,VLAN_HWCSUM,WOL_MAGIC,LINKSTATE\u003e\n\tether 00:90:0b:29:07:b2\n\thwaddr 00:90:0b:29:07:b2\n\tnd6 options=29\u003cPERFORMNUD,IFDISABLED,AUTO_LINKLOCAL\u003e\n\tmedia: Ethernet autoselect (10baseT/UTP \u003chalf-duplex\u003e)\n\tstatus: no carrier\nadd host 127.0.0.1: gateway lo0 fib 0: route already in table\nadd net default: gateway 206.210.221.1\nadd host ::1: gateway lo0 fib 0: route already in table\nadd net fe80::: gateway ::1\nadd net ff02::: gateway ::1\nadd net ::ffff:0.0.0.0: gateway ::1\nadd net ::0.0.0.0: gateway ::1\nGenerating host.conf.\nMounting NFS filesystems:.\nELF ldconfig path: /lib /usr/lib /usr/lib/compat /usr/local/lib /usr/local/lib/gcc49 /usr/local/lib/perl5/5.20/mach/CORE /etc/ld-elf.so.conf\n32-bit compatibility ldconfig path: /usr/lib32\nCreating and/or trimming log files.\nStarting syslogd.\n\nSources:\n\nmany.c:\n\n#include \u003cpthread.h\u003e\n#include \u003cpthread_np.h\u003e\n#include \u003csched.h\u003e\n#include \u003cstdio.h\u003e\n#include \u003cunistd.h\u003e\n#include \u003csys/sysctl.h\u003e\n\nstatic int cpu = 0;\n\nvoid *run (void *data) {\n   cpuset_t cpuset;\n   struct sched_param scheduleParam;\n\n   CPU_ZERO(\u0026cpuset);\n   CPU_SET(cpu, \u0026cpuset);\n   cpu++;\n   int err = pthread_setaffinity_np(pthread_self(), sizeof(cpuset_t), \u0026cpuset);\n   printf(\"pthread_setaffinity_np: %d\\n\", err);\n   sched_getparam(0, \u0026scheduleParam);\n   scheduleParam.sched_priority = sched_get_priority_min(SCHED_FIFO);\n   sched_setscheduler(0, SCHED_FIFO, \u0026scheduleParam);\n   while (1) ;\n}\n\nint main (void) {\n   pthread_t tp[32];\n   uint32_t nCpu = 0;\n   size_t cpuLen = sizeof nCpu;\n\n   if (sysctlbyname(\"hw.ncpu\", \u0026nCpu, \u0026cpuLen, NULL, 0) \u003e= 0 \u0026\u0026 cpuLen == sizeof nCpu) {\n      printf(\"%d CPUs available, starting realtime processes on %d of them\\n\", nCpu, nCpu - 1);\n      for (int ix = 0; ix \u003c nCpu - 1; ++ix) {\n         pthread_create(\u0026tp[ix], NULL, run, NULL);\n      }\n\n      while (1) sleep(1);\n   }\n\n   return (0);\n}\n\none.c:\n\n#include \u003cpthread.h\u003e\n#include \u003cpthread_np.h\u003e\n#include \u003csched.h\u003e\n#include \u003cstdio.h\u003e\n#include \u003cstdlib.h\u003e\n#include \u003cstring.h\u003e\n#include \u003cunistd.h\u003e\n#include \u003cnet/if.h\u003e\n#include \u003cnet/if_mib.h\u003e\n#include \u003csys/sysctl.h\u003e\n\nint getIfData (struct ifmibdata *mib, char *name) {\n   size_t len;\n   int idx, pkt[6];\n\n   idx = if_nametoindex(name);\n   if (idx == 0) {\n      return -1;\n   }\n   memset(mib, 0, sizeof(struct ifmibdata));\n   pkt[0] = CTL_NET;\n   pkt[1] = PF_LINK;\n   pkt[2] = NETLINK_GENERIC;\n   pkt[3] = IFMIB_IFDATA;\n   pkt[4] = idx;\n   pkt[5] = IFDATA_GENERAL;\n   len = sizeof(struct ifmibdata);\n   if (sysctl(pkt, 6, mib, \u0026len, NULL, 0) == -1) {\n      return -1;\n   }\n   return idx;\n}\n\nuint64_t nanoseconds (struct timespec* ts) {\n    return ts-\u003etv_sec * (uint64_t)1000000000L + ts-\u003etv_nsec;\n}\n\nint main (int argc, char *argv[]) {\n   if (argc \u003c 2) {\n      printf(\"Please supply number of seconds to run\\n\");\n      exit(1);\n   }\n\n   double secs = atof(argv[1]);\n\n   uint32_t nCpu = 0;\n   size_t cpuLen = sizeof nCpu;\n\n   if (sysctlbyname(\"hw.ncpu\", \u0026nCpu, \u0026cpuLen, NULL, 0) \u003e= 0 \u0026\u0026 cpuLen == sizeof nCpu) {\n      cpuset_t cpuset;\n      struct sched_param scheduleParam;\n\n      CPU_ZERO(\u0026cpuset);\n      CPU_SET(nCpu - 1, \u0026cpuset);\n      pthread_setaffinity_np(pthread_self(), sizeof(cpuset_t), \u0026cpuset);\n      sched_getparam(0, \u0026scheduleParam);\n      scheduleParam.sched_priority = sched_get_priority_min(SCHED_FIFO);\n      sched_setscheduler(0, SCHED_FIFO, \u0026scheduleParam);\n\n      printf(\"Running for %s second(s) on cpu %d\\n\", argv[1], nCpu - 1);\n\n      struct timespec tsNow, tsEnd;\n      tsEnd.tv_sec = (int)secs;\n      tsEnd.tv_nsec = (double)(secs - tsEnd.tv_sec) * (uint64_t)1000000000L; \n      clock_gettime(CLOCK_REALTIME, \u0026tsNow);\n      uint64_t start = nanoseconds(\u0026tsNow);\n      uint64_t stop = start + nanoseconds(\u0026tsEnd);\n      while (clock_gettime(CLOCK_REALTIME, \u0026tsNow) == 0 \u0026\u0026 nanoseconds(\u0026tsNow) \u003c stop) {\n         struct ifmibdata mib;\n\n         getIfData(\u0026mib, \"lo0\"); \n      }\n   }\n   \n   return (0);\n}\n\ncompile:\n\ncc one.c -lthr -o one\ncc many.c -lthr -o many \n\nrunOne:\n\n#!/bin/ksh\n\nwhile true; do ./one 1.1; done;\n\nrunIfconfig:\n\n#!/bin/ksh\n\nwhile true; do ifconfig; done;"
}