{
 "id": 542093,
 "bug_id": 143420,
 "attachment_id": 0,
 "creation_time": "2010-02-01T05:30:07Z",
 "creator": "msherman77@gmail.com",
 "text": "I just installed PCBSD 8.0 Beta (which is FreeBSD 8.0 release-p1) on\nmy Toshiba Satellite.\nSpecs: CPU: 1.9 Ghz Athlon X 2. Video: ATI chipset (radeonhd driver)\nAudio: Intel (sound_hda) Wireless: (Atheros driver)\nACPI doesn't fully work. No suspend / resume, but I can live without it.\n\nWhat does bother me is that the laptop runs very hot 60+ C. Other\nsystems run at ~45 - 50C\nEnabling powerd makes system very slow (almost unusable) and produces\nthe message: set freq failed, error 6\n\ndmesg.boot\n\nCopyright (c) 1992-2009 The FreeBSD Project.\nCopyright (c) 1979, 1980, 1983, 1986, 1988, 1989, 1991, 1992, 1993, 1994\n\tThe Regents of the University of California. All rights reserved.\nFreeBSD is a registered trademark of The FreeBSD Foundation.\nFreeBSD 8.0-RELEASE-p1 #3: Fri Dec 11 13:33:42 PST 2009\n    root at build8x32.pcbsd.org:/usr/obj/usr/pcbsd-build80/fbsd-source/8.0-src/sys/PCBSD\nTimecounter \"i8254\" frequency 1193182 Hz quality 0\nCPU: AMD Athlon(tm) X2 Dual-Core QL-60 (1895.28-MHz 686-class CPU)\n  Origin = \"AuthenticAMD\"  Id = 0x200f31  Stepping = 1\n  Features=0x178bfbff\u003cFPU,VME,DE,PSE,TSC,MSR,PAE,MCE,CX8,APIC,SEP,MTRR,PGE,MCA,CMOV,PAT,PSE36,CLFLUSH,MMX,FXSR,SSE,SSE2,HTT\u003e\n  Features2=0x2001\u003cSSE3,CX16\u003e\n  AMD Features=0xea500800\u003cSYSCALL,NX,MMX+,FFXSR,RDTSCP,LM,3DNow!+,3DNow!\u003e\n  AMD Features2=0x131f\u003cLAHF,CMP,SVM,ExtAPIC,CR8,Prefetch,OSVW,SKINIT\u003e\n  TSC: P-state invariant\nreal memory  = 2147483648 (2048 MB)\navail memory = 1821257728 (1736 MB)\nACPI APIC Table: \u003cTOSINV TOSINV00\u003e\nFreeBSD/SMP: Multiprocessor System Detected: 2 CPUs\nFreeBSD/SMP: 1 package(s) x 2 core(s)\n cpu0 (BSP): APIC ID:  0\n cpu1 (AP): APIC ID:  1\nioapic0: Changing APIC ID to 4\nioapic0 \u003cVersion 2.1\u003e irqs 0-23 on motherboard\nkbd1 at kbdmux0\nmodule_register_init: MOD_LOAD (splash_pcx, 0xc0fbe830, 0) error 2\ncryptosoft0: \u003csoftware crypto\u003e on motherboard\nacpi0: \u003cTOSINV TOSINV00\u003e on motherboard\nacpi0: [ITHREAD]\nacpi0: Power Button (fixed)\nTimecounter \"ACPI-safe\" frequency 3579545 Hz quality 850\nacpi_timer0: \u003c32-bit timer at 3.579545MHz\u003e port 0x408-0x40b on acpi0\nacpi_ec0: \u003cEmbedded Controller: GPE 0x7\u003e port 0x62,0x66 on acpi0\nacpi_hpet0: \u003cHigh Precision Event Timer\u003e iomem 0xfed00000-0xfed003ff on acpi0\nTimecounter \"HPET\" frequency 14318180 Hz quality 900\nacpi_button0: \u003cPower Button\u003e on acpi0\nacpi_lid0: \u003cControl Method Lid Switch\u003e on acpi0\nbattery0: \u003cACPI Control Method Battery\u003e on acpi0\nacpi_acad0: \u003cAC Adapter\u003e on acpi0\npcib0: \u003cACPI Host-PCI bridge\u003e port 0xcf8-0xcff on acpi0\npci0: \u003cACPI PCI bus\u003e on pcib0\npcib1: \u003cACPI PCI-PCI bridge\u003e at device 1.0 on pci0\npci1: \u003cACPI PCI bus\u003e on pcib1\nvgapci0: \u003cVGA-compatible display\u003e port 0x6000-0x60ff mem\n0x80000000-0x8fffffff,0x96300000-0x9630ffff,0x96200000-0x962fffff irq\n18 at device 5.0 on pci1\npcib2: \u003cACPI PCI-PCI bridge\u003e at device 4.0 on pci0\npci2: \u003cACPI PCI bus\u003e on pcib2\npcib3: \u003cACPI PCI-PCI bridge\u003e at device 5.0 on pci0\npci4: \u003cACPI PCI bus\u003e on pcib3\nre0: \u003cRealTek 8101E/8102E/8102EL PCIe 10/100baseTX\u003e port 0x3000-0x30ff\nmem 0x91010000-0x91010fff,0x91000000-0x9100ffff irq 17 at device 0.0\non pci4\nre0: Using 1 MSI messages\nre0: Chip rev. 0x34800000\nre0: MAC rev. 0x00000000\nmiibus0: \u003cMII bus\u003e on re0\nrlphy0: \u003cRTL8201L 10/100 media interface\u003e PHY 1 on miibus0\nrlphy0:  10baseT, 10baseT-FDX, 100baseTX, 100baseTX-FDX, auto\nre0: Ethernet address: 00:1e:33:46:bb:a0\nre0: [FILTER]\npcib4: \u003cACPI PCI-PCI bridge\u003e at device 6.0 on pci0\npci5: \u003cACPI PCI bus\u003e on pcib4\nath0: \u003cAtheros 5424/2424\u003e mem 0x93100000-0x9310ffff irq 18 at device 0.0 on pci5\nath0: [ITHREAD]\nath0: AR2425 mac 14.2 RF5424 phy 7.0\npcib5: \u003cACPI PCI-PCI bridge\u003e at device 7.0 on pci0\npci6: \u003cACPI PCI bus\u003e on pcib5\natapci0: \u003cATI IXP700/800 SATA300 controller\u003e port\n0x7038-0x703f,0x704c-0x704f,0x7030-0x7037,0x7048-0x704b,0x7010-0x701f\nmem 0x96408000-0x964083ff irq 22 at device 17.0 on pci0\natapci0: [ITHREAD]\natapci0: AHCI v1.10 controller with 6 3Gbps ports, PM supported\nata2: \u003cATA channel 0\u003e on atapci0\nata2: port is not ready (timeout 0ms) tfd = 000001d0\nata2: software reset clear timeout\nata2: [ITHREAD]\nata3: \u003cATA channel 1\u003e on atapci0\nata3: [ITHREAD]\nata4: \u003cATA channel 2\u003e on atapci0\nata4: port is not ready (timeout 0ms) tfd = 00000180\nata4: software reset clear timeout\nata4: [ITHREAD]\nata5: \u003cATA channel 3\u003e on atapci0\nata5: [ITHREAD]\nata6: \u003cATA channel 4\u003e on atapci0\nata6: [ITHREAD]\nata7: \u003cATA channel 5\u003e on atapci0\nata7: [ITHREAD]\nohci0: \u003cOHCI (generic) USB controller\u003e mem 0x96407000-0x96407fff irq\n16 at device 18.0 on pci0\nohci0: [ITHREAD]\nusbus0: \u003cOHCI (generic) USB controller\u003e on ohci0\nohci1: \u003cOHCI (generic) USB controller\u003e mem 0x96406000-0x96406fff irq\n16 at device 18.1 on pci0\nohci1: [ITHREAD]\nusbus1: \u003cOHCI (generic) USB controller\u003e on ohci1\nehci0: \u003cEHCI (generic) USB 2.0 controller\u003e mem 0x96408500-0x964085ff\nirq 17 at device 18.2 on pci0\nehci0: [ITHREAD]\nusbus2: waiting for BIOS to give up control\nusbus2: EHCI version 1.0\nusbus2: \u003cEHCI (generic) USB 2.0 controller\u003e on ehci0\nohci2: \u003cOHCI (generic) USB controller\u003e mem 0x96405000-0x96405fff irq\n18 at device 19.0 on pci0\nohci2: [ITHREAD]\nusbus3: \u003cOHCI (generic) USB controller\u003e on ohci2\nohci3: \u003cOHCI (generic) USB controller\u003e mem 0x96404000-0x96404fff irq\n18 at device 19.1 on pci0\nohci3: [ITHREAD]\nusbus4: \u003cOHCI (generic) USB controller\u003e on ohci3\nehci1: \u003cEHCI (generic) USB 2.0 controller\u003e mem 0x96408400-0x964084ff\nirq 19 at device 19.2 on pci0\nehci1: [ITHREAD]\nusbus5: waiting for BIOS to give up control\nusbus5: EHCI version 1.0\nusbus5: \u003cEHCI (generic) USB 2.0 controller\u003e on ehci1\npci0: \u003cserial bus, SMBus\u003e at device 20.0 (no driver attached)\natapci1: \u003cATI IXP700/800 UDMA133 controller\u003e port\n0x1f0-0x1f7,0x3f6,0x170-0x177,0x376,0x7000-0x700f irq 16 at device\n20.1 on pci0\nata0: \u003cATA channel 0\u003e on atapci1\nata0: [ITHREAD]\nata1: \u003cATA channel 1\u003e on atapci1\nata1: [ITHREAD]\npci0: \u003cmultimedia, HDA\u003e at device 20.2 (no driver attached)\nisab0: \u003cPCI-ISA bridge\u003e at device 20.3 on pci0\nisa0: \u003cISA bus\u003e on isab0\npcib6: \u003cACPI PCI-PCI bridge\u003e at device 20.4 on pci0\npci128: \u003cACPI PCI bus\u003e on pcib6\nacpi_tz0: \u003cThermal Zone\u003e on acpi0\natrtc0: \u003cAT realtime clock\u003e port 0x70-0x71 on acpi0\natkbdc0: \u003cKeyboard controller (i8042)\u003e port 0x60,0x64 irq 1 on acpi0\natkbd0: \u003cAT Keyboard\u003e irq 1 on atkbdc0\nkbd0 at atkbd0\natkbd0: [GIANT-LOCKED]\natkbd0: [ITHREAD]\npsm0: \u003cPS/2 Mouse\u003e flags 0x1000 irq 12 on atkbdc0\npsm0: [GIANT-LOCKED]\npsm0: [ITHREAD]\npsm0: model Generic PS/2 mouse, device ID 0\ncpu0: \u003cACPI CPU\u003e on acpi0\nacpi_throttle0: \u003cACPI CPU Throttling\u003e on cpu0\nhwpstate0: \u003cCool`n'Quiet 2.0\u003e on cpu0\ncpu1: \u003cACPI CPU\u003e on acpi0\npmtimer0 on isa0\norm0: \u003cISA Option ROM\u003e at iomem 0xcf000-0xcffff pnpid ORM0000 on isa0\nsc0: \u003cSystem console\u003e at flags 0x100 on isa0\nsc0: VGA \u003c16 virtual consoles, flags=0x300\u003e\nvga0: \u003cGeneric ISA VGA\u003e at port 0x3c0-0x3df iomem 0xa0000-0xbffff on isa0\nppc0: parallel port not found.\nZFS NOTICE: Prefetch is disabled by default on i386 -- to enable,\n            add \"vfs.zfs.prefetch_disable=0\" to /boot/loader.conf.\nZFS WARNING: Recommended minimum kmem_size is 512MB; expect unstable behavior.\n             Consider tuning vm.kmem_size and vm.kmem_size_max\n             in /boot/loader.conf.\nZFS filesystem version 13\nZFS storage pool version 13\nTimecounters tick every 1.000 msec\nusbus0: 12Mbps Full Speed USB v1.0\nusbus1: 12Mbps Full Speed USB v1.0\nusbus2: 480Mbps High Speed USB v2.0\nusbus3: 12Mbps Full Speed USB v1.0\nusbus4: 12Mbps Full Speed USB v1.0\nusbus5: 480Mbps High Speed USB v2.0\nad4: 152627MB \u003cHitachi HTS542516K9SA00 BBCOC33P\u003e at ata2-master SATA150\nugen0.1: \u003cATI\u003e at usbus0\nuhub0: \u003cATI OHCI root HUB, class 9/0, rev 1.00/1.00, addr 1\u003e on usbus0\nugen1.1: \u003cATI\u003e at usbus1\nuhub1: \u003cATI OHCI root HUB, class 9/0, rev 1.00/1.00, addr 1\u003e on usbus1\nugen2.1: \u003cATI\u003e at usbus2\nuhub2: \u003cATI EHCI root HUB, class 9/0, rev 2.00/1.00, addr 1\u003e on usbus2\nugen3.1: \u003cATI\u003e at usbus3\nuhub3: \u003cATI OHCI root HUB, class 9/0, rev 1.00/1.00, addr 1\u003e on usbus3\nugen4.1: \u003cATI\u003e at usbus4\nuhub4: \u003cATI OHCI root HUB, class 9/0, rev 1.00/1.00, addr 1\u003e on usbus4\nugen5.1: \u003cATI\u003e at usbus5\nuhub5: \u003cATI EHCI root HUB, class 9/0, rev 2.00/1.00, addr 1\u003e on usbus5\nuhub0: 3 ports with 3 removable, self powered\nuhub1: 3 ports with 3 removable, self powered\nuhub3: 3 ports with 3 removable, self powered\nuhub4: 3 ports with 3 removable, self powered\nacd0: DVDR \u003cPIONEER DVD-RW DVRTD08A/1.50\u003e at ata4-master SATA150\nuhub2: 6 ports with 6 removable, self powered\nuhub5: 6 ports with 6 removable, self powered\nugen5.2: \u003cChicony Electronics Co., Ltd.\u003e at usbus5\nacd0: FAILURE - INQUIRY ILLEGAL REQUEST asc=0x24 ascq=0x00 sks=0x48 0x00 0x01\n(probe0:ata1:0:0:0): TEST UNIT READY. CDB: 0 0 0 0 0 0\n(probe0:ata1:0:0:0): CAM Status: SCSI Status Error\n(probe0:ata1:0:0:0): SCSI Status: Check Condition\n(probe0:ata1:0:0:0): NOT READY asc:3a,1\n(probe0:ata1:0:0:0): Medium not present - tray closed\n(probe0:ata1:0:0:0): Unretryable error\nacd0: FAILURE - INQUIRY ILLEGAL REQUEST asc=0x24 ascq=0x00 sks=0x48 0x00 0x01\nSMP: AP CPU #1 Launched!\ncd0 at ata1 bus 0 target 0 lun 0\ncd0: \u003cPIONEER DVD-RW  DVRTD08A 1.50\u003e Removable CD-ROM SCSI-0 device\ncd0: 3.300MB/s transfers\ncd0: Attempt to query device size failed: NOT READY, Medium not\npresent - tray closed\nugen5.3: \u003cGeneric\u003e at usbus5\numass0: \u003cBulk-In, Bulk-Out, Interface\u003e on usbus5\numass0:  SCSI over Bulk-Only; quirks = 0x0000\nRoot mount waiting for: usbus5\numass0:2:0:-1: Attached to scbus2\nTrying to mount root from ufs:/dev/label/rootfs0\n(probe0:umass-sim0:0:0:0): TEST UNIT READY. CDB: 0 0 0 0 0 0\n(probe0:umass-sim0:0:0:0): CAM Status: SCSI Status Error\n(probe0:umass-sim0:0:0:0): SCSI Status: Check Condition\n(probe0:umass-sim0:0:0:0): NOT READY asc:3a,0\n(probe0:umass-sim0:0:0:0): Medium not present\n(probe0:umass-sim0:0:0:0): Unretryable error\nda0 at umass-sim0 bus 0 target 0 lun 0\nda0: \u003cGeneric- Multi-Card 1.00\u003e Removable Direct Access SCSI-0 device\nda0: 40.000MB/s transfers\nda0: Attempt to query device size failed: NOT READY, Medium not present\nwlan0: Ethernet address: 00:21:63:10:a4:d9\nipfw2 (+ipv6) initialized, divert loadable, nat loadable, rule-based\nforwarding disabled, default to deny, logging disabled"
}