{
 "id": 648125,
 "bug_id": 164516,
 "attachment_id": 0,
 "creation_time": "2012-01-26T15:30:11Z",
 "creator": "vermaden@interia.pl",
 "text": "Here are steps taken to create, check and (try to) mount a new EXT2 filesystem:\n\n# dd \u003c /dev/zero \u003e FILE bs=1M count=100\n100+0 records in\n100+0 records out\n104857600 bytes transferred in 0.093486 secs (1121641617 bytes/sec)\n\n# mdconfig.sh -c FILE\nIN: created vnode at /dev/md0\n\n# mdconfig.sh -l\nmd0     vnode     100M  /usr/home/vermaden/FILE\n\n# mkfs.ext2 -I 128 /dev/md0\nmke2fs 1.41.14 (22-Dec-2010)\nFilesystem label=\nOS type: FreeBSD\nBlock size=1024 (log=0)\nFragment size=1024 (log=0)\nStride=0 blocks, Stripe width=0 blocks\n25688 inodes, 102400 blocks\n5120 blocks (5.00%) reserved for the super user\nFirst data block=1\nMaximum filesystem blocks=67371008\n13 block groups\n8192 blocks per group, 8192 fragments per group\n1976 inodes per group\nSuperblock backups stored on blocks: \n        8193, 24577, 40961, 57345, 73729\n\nWriting inode tables: done                            \nWriting superblocks and filesystem accounting information: done\n\nThis filesystem will be automatically checked every 21 mounts or\n180 days, whichever comes first.  Use tune2fs -c or -i to override.\n\n# tune2fs -l /dev/md0 | grep 'Inode size'\nInode size:               128\n\n# file -s /dev/md0\n/dev/md0: Linux rev 1.0 ext2 filesystem data\n\n# fsck.ext2 /dev/md0\ne2fsck 1.41.14 (22-Dec-2010)\n/dev/md0: clean, 11/25688 files, 4800/102400 blocks\n\n# mount -t ext2 /dev/md0 /mnt/tmp0\nmount: /dev/md0 : Operation not supported by device\n\nHow-To-Repeat: # mount -t ext2 /dev/md0 /mnt/tmp0\nmount: /dev/md0 : Operation not supported by device"
}