{
 "id": 1142842,
 "bug_id": 252891,
 "attachment_id": 0,
 "creation_time": "2021-01-21T17:41:46Z",
 "creator": "maciphone2@googlemail.com",
 "text": "happens even with the original : https://github.com/Microsemi-SoC-IP/HiFive_U-Boot\n\nU-Boot 2018.09-g6f6e014 (Jan 20 2021 - 09:19:19 -0500)\n\nDRAM:  2 GiB\nMMC:   \nIn:    serial\nOut:   serial\nErr:   serial\nNet:   gmac0\nRISC-V # setenv ipaddr xxxxx\nRISC-V # setenv serverip xxxxxxx\nRISC-V #  bootp\ngmac0: PHY present at 0\ngmac0: Starting autonegotiation...\ngmac0: Autonegotiation complete\ngmac0: link up, 1000Mbps full-duplex (lpa: 0x3c00)\nBOOTP broadcast 1\nDHCP client bound to address xxxxxxxx (4 ms)\nUsing gmac0 device\nTFTP from server xxxxxxx; our IP address is xxxxxxxx\nFilename 'boot/loader.efi'.\nLoad address: 0x80000000\nLoading: #################################################################\n\t ################################\n\t 1.4 MiB/s\ndone\nBytes transferred = 1415772 (159a5c hex)\nRISC-V # go 0x80000000\n## Starting application at 0x80000000 ...\nexception code: 2 , Illegal instruction , epc 80000002 , ra fffa3d72\nexception code: 2 , Illegal instruction , epc 80000002 , ra fffa3d72\nexception code: 2 , Illegal instruction , epc 80000002 , ra fffa3d72\nexception code: 2 , Illegal instruction , epc 80000002 , ra fffa3d72\nexception code: 2 , Illegal instruction , epc 80000002 , ra fffa3d72\n...endless loop..."
}