{
 "id": 611856,
 "bug_id": 157287,
 "attachment_id": 0,
 "creation_time": "2011-05-26T16:54:24Z",
 "creator": "j@uriah.heep.sax.de",
 "text": "As it turns out this might be related to something else that has been\nusing that piece of memory before re(4) is activated, here are the\nboot messages for reference.\n\nCopyright (c) 1992-2011 The FreeBSD Project.\nCopyright (c) 1979, 1980, 1983, 1986, 1988, 1989, 1991, 1992, 1993, 1994\n\tThe Regents of the University of California. All rights reserved.\nFreeBSD is a registered trademark of The FreeBSD Foundation.\nFreeBSD 8.2-STABLE #7: Wed May 25 08:21:28 MET DST 2011\n    j@uriah.heep.sax.de:/usr/obj/usr/src/sys/URIAH i386\nTimecounter \"i8254\" frequency 1193182 Hz quality 0\nCPU: AMD Athlon(tm) 64 X2 Dual Core Processor 3800+ (1989.88-MHz 686-class CPU)\n  Origin = \"AuthenticAMD\"  Id = 0x40f32  Family = f  Model = 43  Stepping = 2\n  Features=0x178bfbff\u003cFPU,VME,DE,PSE,TSC,MSR,PAE,MCE,CX8,APIC,SEP,MTRR,PGE,MCA,CMOV,PAT,PSE36,CLFLUSH,MMX,FXSR,SSE,SSE2,HTT\u003e\n  Features2=0x2001\u003cSSE3,CX16\u003e\n  AMD Features=0xea500800\u003cSYSCALL,NX,MMX+,FFXSR,RDTSCP,LM,3DNow!+,3DNow!\u003e\n  AMD Features2=0x1f\u003cLAHF,CMP,SVM,ExtAPIC,CR8\u003e\nreal memory  = 4294967296 (4096 MB)\navail memory = 3677511680 (3507 MB)\nACPI APIC Table: \u003c112007 APIC1437\u003e\nFreeBSD/SMP: Multiprocessor System Detected: 2 CPUs\nFreeBSD/SMP: 1 package(s) x 2 core(s)\n cpu0 (BSP): APIC ID:  0\n cpu1 (AP): APIC ID:  1\nioapic0 \u003cVersion 1.1\u003e irqs 0-23 on motherboard\nkbd0 at kbdmux0\nacpi0: \u003c112007 RSDT1437\u003e on motherboard\nacpi0: [ITHREAD]\nacpi0: Power Button (fixed)\nacpi0: reservation of fec00000, fed40000 (3) failed\nacpi0: reservation of 0, a0000 (3) failed\nacpi0: reservation of 100000, dff00000 (3) failed\nTimecounter \"ACPI-fast\" frequency 3579545 Hz quality 1000\nacpi_timer0: \u003c24-bit timer at 3.579545MHz\u003e port 0x2008-0x200b on acpi0\ncpu0: \u003cACPI CPU\u003e on acpi0\ncpu1: \u003cACPI CPU\u003e on acpi0\npcib0: \u003cACPI Host-PCI bridge\u003e port 0xcf8-0xcff on acpi0\npci0: \u003cACPI PCI bus\u003e on pcib0\npci0: \u003cmemory, RAM\u003e at device 0.0 (no driver attached)\nisab0: \u003cPCI-ISA bridge\u003e port 0x2f00-0x2fff at device 1.0 on pci0\nisa0: \u003cISA bus\u003e on isab0\npci0: \u003cserial bus, SMBus\u003e at device 1.1 (no driver attached)\npci0: \u003cmemory, RAM\u003e at device 1.2 (no driver attached)\nohci0: \u003cOHCI (generic) USB controller\u003e mem 0xfdfff000-0xfdffffff irq 21 at device 2.0 on pci0\nohci0: [ITHREAD]\nusbus0: \u003cOHCI (generic) USB controller\u003e on ohci0\nehci0: \u003cEHCI (generic) USB 2.0 controller\u003e mem 0xfdffec00-0xfdffecff irq 22 at device 2.1 on pci0\nehci0: [ITHREAD]\nusbus1: EHCI version 1.0\nusbus1: \u003cEHCI (generic) USB 2.0 controller\u003e on ehci0\nhdac0: \u003cNVidia MCP65 High Definition Audio Controller\u003e mem 0xfdff8000-0xfdffbfff irq 23 at device 7.0 on pci0\nhdac0: HDA Driver Revision: 20100226_0142\nhdac0: [ITHREAD]\npcib1: \u003cACPI PCI-PCI bridge\u003e at device 8.0 on pci0\npci1: \u003cACPI PCI bus\u003e on pcib1\nsym0: \u003c875\u003e port 0xc000-0xc0ff mem 0xfe8ff800-0xfe8ff8ff,0xfe8fe000-0xfe8fefff irq 16 at device 8.0 on pci1\nsym0: Symbios NVRAM, ID 7, Fast-20, SE, parity checking\nsym0: open drain IRQ line driver, using on-chip SRAM\nsym0: using LOAD/STORE-based firmware.\nsym0: [ITHREAD]\nsym1: \u003c875\u003e port 0xb000-0xb0ff mem 0xfe8ff000-0xfe8ff0ff,0xfe8fd000-0xfe8fdfff irq 17 at device 8.1 on pci1\nsym1: Symbios NVRAM, ID 7, Fast-20, SE, parity checking\nsym1: open drain IRQ line driver, using on-chip SRAM\nsym1: using LOAD/STORE-based firmware.\nsym1: [ITHREAD]\npuc0: \u003cTitan VScom PCI-800L\u003e port 0xcc00-0xcc07,0xc880-0xc887,0xc800-0xc807,0xbc00-0xbc07,0xb880-0xb8bf irq 17 at device 9.0 on pci1\npuc0: [FILTER]\nuart2: \u003c16550 or compatible\u003e on puc0\nuart2: [FILTER]\nuart3: \u003c16550 or compatible\u003e on puc0\nuart3: [FILTER]\nuart4: \u003c16550 or compatible\u003e on puc0\nuart4: [FILTER]\nuart5: \u003c16550 or compatible\u003e on puc0\nuart5: [FILTER]\nuart6: \u003c16550 or compatible\u003e on puc0\nuart6: [FILTER]\nuart7: \u003c16550 or compatible\u003e on puc0\nuart7: [FILTER]\nuart8: \u003c16550 or compatible\u003e on puc0\nuart8: [FILTER]\nuart9: \u003c16550 or compatible\u003e on puc0\nuart9: [FILTER]\nvgapci0: \u003cVGA-compatible display\u003e mem 0xfe8f8000-0xfe8fbfff,0xfc800000-0xfcffffff irq 18 at device 10.0 on pci1\natapci0: \u003cnVidia nForce MCP65 UDMA133 controller\u003e port 0x1f0-0x1f7,0x3f6,0x170-0x177,0x376,0xffa0-0xffaf at device 9.0 on pci0\nata0: \u003cATA channel 0\u003e on atapci0\nata0: [ITHREAD]\nata1: \u003cATA channel 1\u003e on atapci0\nata1: [ITHREAD]\natapci1: \u003cnVidia nForce MCP65 SATA300 controller\u003e port 0xf80-0xf87,0xf00-0xf03,0xe80-0xe87,0xe00-0xe03,0x9800-0x980f mem 0xfdffc000-0xfdffdfff irq 20 at device 10.0 on pci0\natapci1: [ITHREAD]\natapci1: AHCI v1.10 controller with 4 3Gbps ports, PM supported\nata2: \u003cATA channel 0\u003e on atapci1\nata2: [ITHREAD]\nata3: \u003cATA channel 1\u003e on atapci1\nata3: [ITHREAD]\nata4: \u003cATA channel 2\u003e on atapci1\nata4: [ITHREAD]\nata5: \u003cATA channel 3\u003e on atapci1\nata5: [ITHREAD]\npcib2: \u003cACPI PCI-PCI bridge\u003e at device 11.0 on pci0\npci2: \u003cACPI PCI bus\u003e on pcib2\npcib3: \u003cACPI PCI-PCI bridge\u003e at device 12.0 on pci0\npci3: \u003cACPI PCI bus\u003e on pcib3\nre0: \u003cRealTek 8168/8111 B/C/CP/D/DP/E PCIe Gigabit Ethernet\u003e port 0xd800-0xd8ff mem 0xfe9ff000-0xfe9fffff irq 19 at device 0.0 on pci3\nre0: Using 1 MSI message\nre0: Chip rev. 0x38000000\nre0: MAC rev. 0x00000000\nmiibus0: \u003cMII bus\u003e on re0\nrgephy0: \u003cRTL8169S/8110S/8211B media interface\u003e PHY 1 on miibus0\nrgephy0:  10baseT, 10baseT-FDX, 10baseT-FDX-flow, 100baseTX, 100baseTX-FDX, 100baseTX-FDX-flow, 1000baseT, 1000baseT-master, 1000baseT-FDX, 1000baseT-FDX-master, 1000baseT-FDX-flow, 1000baseT-FDX-flow-master, auto, auto-flow\nre0: Ethernet address: 00:1d:92:89:9f:a3\nre0: [ITHREAD]\npcib4: \u003cACPI PCI-PCI bridge\u003e at device 13.0 on pci0\npci4: \u003cACPI PCI bus\u003e on pcib4\npcib5: \u003cACPI PCI-PCI bridge\u003e at device 14.0 on pci0\npci5: \u003cACPI PCI bus\u003e on pcib5\npcib6: \u003cPCI-PCI bridge\u003e mem 0xfeafe000-0xfeafffff irq 16 at device 0.0 on pci5\npci6: \u003cPCI bus\u003e on pcib6\nahd0: \u003cAdaptec 39320LPE Ultra320 SCSI adapter\u003e port 0xe800-0xe8ff,0xe400-0xe4ff mem 0xfebfe000-0xfebfffff irq 16 at device 4.0 on pci6\nahd0: [ITHREAD]\naic7902: Ultra320 Wide Channel A, SCSI Id=7, PCI-X 101-133MHz, 512 SCBs\nacpi_button0: \u003cPower Button\u003e on acpi0\nfdc0: \u003cfloppy drive controller (FDE)\u003e port 0x3f0-0x3f5,0x3f7 irq 6 drq 2 on acpi0\nfdc0: [FILTER]\nfd0: \u003c1440-KB 3.5\" drive\u003e on fdc0 drive 0\nacpi_hpet0: \u003cHigh Precision Event Timer\u003e iomem 0xfed00000-0xfed00fff irq 0,8 on acpi0\nTimecounter \"HPET\" frequency 25000000 Hz quality 900\natrtc0: \u003cAT realtime clock\u003e port 0x70-0x71 on acpi0\norm0: \u003cISA Option ROMs\u003e at iomem 0xc0000-0xc7fff,0xd1000-0xd17ff pnpid ORM0000 on isa0\nsc0: \u003cSystem console\u003e at flags 0x100 on isa0\nsc0: VGA \u003c16 virtual consoles, flags=0x100\u003e\nvga0: \u003cGeneric ISA VGA\u003e at port 0x3c0-0x3df iomem 0xa0000-0xbffff on isa0\natkbdc0: \u003cKeyboard controller (i8042)\u003e at port 0x60,0x64 on isa0\nppc0: \u003cParallel port\u003e at port 0x378-0x37f irq 7 on isa0\nppc0: Generic chipset (NIBBLE-only) in COMPATIBLE mode\nppc0: [ITHREAD]\nppbus0: \u003cParallel port bus\u003e on ppc0\nplip0: \u003cPLIP network interface\u003e on ppbus0\nplip0: [ITHREAD]\nlpt0: \u003cPrinter\u003e on ppbus0\nlpt0: [ITHREAD]\nlpt0: Interrupt-driven port\nppi0: \u003cParallel I/O\u003e on ppbus0\nuart0: \u003c16550 or compatible\u003e at port 0x3f8-0x3ff irq 4 flags 0x10 on isa0\nuart0: [FILTER]\nuart0: console (9600,n,8,1)\npowernow0: \u003cPowerNow! K8\u003e on cpu0\npowernow1: \u003cPowerNow! K8\u003e on cpu1\nTimecounters tick every 1.000 msec\nusbus0: 12Mbps Full Speed USB v1.0\nusbus1: 480Mbps High Speed USB v2.0\nugen0.1: \u003cnVidia\u003e at usbus0\nuhub0: \u003cnVidia OHCI root HUB, class 9/0, rev 1.00/1.00, addr 1\u003e on usbus0\nugen1.1: \u003cnVidia\u003e at usbus1\nuhub1: \u003cnVidia EHCI root HUB, class 9/0, rev 2.00/1.00, addr 1\u003e on usbus1\nacd0: DVDR \u003cTSSTcorp CDDVDW SH-S202H/SB00\u003e at ata0-master UDMA66 \nad4: 152627MB \u003cHitachi HDS721616PLA380 P22OABEA\u003e at ata2-master UDMA100 SATA 3Gb/s\nhdac0: HDA Codec #0: Realtek ALC888\npcm0: \u003cHDA Realtek ALC888 PCM #0 Analog\u003e at cad 0 nid 1 on hdac0\npcm1: \u003cHDA Realtek ALC888 PCM #1 Analog\u003e at cad 0 nid 1 on hdac0\npcm2: \u003cHDA Realtek ALC888 PCM #2 Digital\u003e at cad 0 nid 1 on hdac0\n(noperiph:sym0:0:-1:-1): SCSI BUS reset delivered.\n(noperiph:sym1:0:-1:-1): SCSI BUS reset delivered.\nacd0: FAILURE - INQUIRY ILLEGAL REQUEST asc=0x24 ascq=0x00 \nuhub0: 10 ports with 10 removable, self powered\nuhub1: 10 ports with 10 removable, self powered\nugen1.2: \u003cvendor 0x0409\u003e at usbus1\nuhub2: \u003cvendor 0x0409 product 0x005a, class 9/0, rev 2.00/1.00, addr 2\u003e on usbus1\nda1 at ahd0 bus 0 scbus0 target 4 lun 0\nda1: \u003cSEAGATE ST336607LW 0007\u003e Fixed Direct Access SCSI-3 device \nda1: 320.000MB/s transfers (160.000MHz DT, offset 63, 16bit)\nda1: Command Queueing enabled\nda1: 35003MB (71687372 512 byte sectors: 255H 63S/T 4462C)\nda0 at ahd0 bus 0 scbus0 target 2 lun 0\nda0: \u003cSEAGATE ST336706LW 010A\u003e Fixed Direct Access SCSI-3 device \nda0: 160.000MB/s transfers (80.000MHz DT, offset 63, 16bit)\nda0: Command Queueing enabled\nda0: 35003MB (71687370 512 byte sectors: 255H 63S/T 4462C)\nSMP: AP CPU #1 Launched!\ncd0 at ata0 bus 0 scbus3 target 0 lun 0\ncd0: \u003cTSSTcorp CDDVDW SH-S202H SBu0h0u\u003eb 2R:e m4o vpaobrltes  CwDi-tRhO M4  SrCeSmIo-v0a bdleev,i csee l\nfc dp0o:w e6r6e.d00\n0MB/s transfers\ncd0: cd present [345505 x 2048 byte records]\nugen0.2: \u003cALCOR\u003e at usbus0\nuhub3: \u003cALCOR Generic USB Hub, class 9/0, rev 1.10/3.12, addr 2\u003e on usbus0\nuhub3: 4 ports with 4 removable, self powered\nugen0.3: \u003cvendor 0x0430\u003e at usbus0\nukbd0: \u003cvendor 0x0430 product 0x0005, class 0/0, rev 1.00/1.02, addr 3\u003e on usbus0\nkbd1 at ukbd0\nugen0.4: \u003cvendor 0x1241\u003e at usbus0\nums0: \u003cvendor 0x1241 product 0x1166, class 0/0, rev 1.10/2.70, addr 4\u003e on usbus0\nums0: 5 buttons and [XYZ] coordinates ID=0\nugen0.5: \u003cvendor 0x0409\u003e at usbus0\nuhub4: \u003cvendor 0x0409 product 0x0059, class 9/0, rev 2.00/1.00, addr 5\u003e on usbus0\nuhub4: 4 ports with 4 removable, self powered\nugen0.6: \u003cATMEL\u003e at usbus0\nacd0: FAILURE - READ_BIG ILLEGAL REQUEST asc=0x64 ascq=0x00 \n(cd0:ata0:0:0:0): READ(10). CDB: 28 0 0 0 0 1 0 0 1 0 \n(cd0:ata0:0:0:0): CAM status: SCSI Status Error\n(cd0:ata0:0:0:0): SCSI status: Check Condition\n(cd0:ata0:0:0:0): SCSI sense: ILLEGAL REQUEST asc:64,0 (Illegal mode for this track)\n(cd0:ata0:0:0:0): cddone: got error 0x6 back\nacd0: FAILURE - READ_BIG ILLEGAL REQUEST asc=0x64 ascq=0x00 \n(cd0:ata0:0:0:0): READ(10). CDB: 28 0 0 0 0 0 0 0 1 0 \n(cd0:ata0:0:0:0): CAM status: SCSI Status Error\n(cd0:ata0:0:0:0): SCSI status: Check Condition\n(cd0:ata0:0:0:0): SCSI sense: ILLEGAL REQUEST asc:64,0 (Illegal mode for this track)\n(cd0:ata0:0:0:0): cddone: got error 0x6 back\nacd0: FAILURE - READ_BIG ILLEGAL REQUEST asc=0x64 ascq=0x00 \n(cd0:ata0:0:0:0): READ(10). CDB: 28 0 0 5 45 a0 0 0 1 0 \n(cd0:ata0:0:0:0): CAM status: SCSI Status Error\n(cd0:ata0:0:0:0): SCSI status: Check Condition\n(cd0:ata0:0:0:0): SCSI sense: ILLEGAL REQUEST asc:64,0 (Illegal mode for this track)\n(cd0:ata0:0:0:0): cddone: got error 0x6 back\nacd0: FAILURE - READ_BIG ILLEGAL REQUEST asc=0x64 ascq=0x00 \n(cd0:ata0:0:0:0): READ(10). CDB: 28 0 0 0 0 20 0 0 4 0 \n(cd0:ata0:0:0:0): CAM status: SCSI Status Error\n(cd0:ata0:0:0:0): SCSI status: Check Condition\n(cd0:ata0:0:0:0): SCSI sense: ILLEGAL REQUEST asc:64,0 (Illegal mode for this track)\n(cd0:ata0:0:0:0): cddone: got error 0x6 back\nacd0: FAILURE - READ_BIG ILLEGAL REQUEST asc=0x64 ascq=0x00 \n(cd0:ata0:0:0:0): READ(10). CDB: 28 0 0 0 0 4 0 0 4 0 \n(cd0:ata0:0:0:0): CAM status: SCSI Status Error\n(cd0:ata0:0:0:0): SCSI status: Check Condition\n(cd0:ata0:0:0:0): SCSI sense: ILLEGAL REQUEST asc:64,0 (Illegal mode for this track)\n(cd0:ata0:0:0:0): cddone: got error 0x6 back\nacd0: FAILURE - READ_BIG ILLEGAL REQUEST asc=0x64 ascq=0x00 \n(cd0:ata0:0:0:0): READ(10). CDB: 28 0 0 0 0 0 0 0 4 0 \n(cd0:ata0:0:0:0): CAM status: SCSI Status Error\n(cd0:ata0:0:0:0): SCSI status: Check Condition\n(cd0:ata0:0:0:0): SCSI sense: ILLEGAL REQUEST asc:64,0 (Illegal mode for this track)\n(cd0:ata0:0:0:0): cddone: got error 0x6 back\nacd0: FAILURE - READ_BIG ILLEGAL REQUEST asc=0x64 ascq=0x00 \n(cd0:ata0:0:0:0): READ(10). CDB: 28 0 0 0 0 80 0 0 4 0 \n(cd0:ata0:0:0:0): CAM status: SCSI Status Error\n(cd0:ata0:0:0:0): SCSI status: Check Condition\n(cd0:ata0:0:0:0): SCSI sense: ILLEGAL REQUEST asc:64,0 (Illegal mode for this track)\n(cd0:ata0:0:0:0): cddone: got error 0x6 back\nacd0: FAILURE - READ_BIG ILLEGAL REQUEST asc=0x64 ascq=0x00 \n(cd0:ata0:0:0:0): READ(10). CDB: 28 0 0 0 0 20 0 0 4 0 \n(cd0:ata0:0:0:0): CAM status: SCSI Status Error\n(cd0:ata0:0:0:0): SCSI status: Check Condition\n(cd0:ata0:0:0:0): SCSI sense: ILLEGAL REQUEST asc:64,0 (Illegal mode for this track)\n(cd0:ata0:0:0:0): cddone: got error 0x6 back\nacd0: FAILURE - READ_BIG ILLEGAL REQUEST asc=0x64 ascq=0x00 \n(cd0:ata0:0:0:0): READ(10). CDB: 28 0 0 0 0 4 0 0 4 0 \n(cd0:ata0:0:0:0): CAM status: SCSI Status Error\n(cd0:ata0:0:0:0): SCSI status: Check Condition\n(cd0:ata0:0:0:0): SCSI sense: ILLEGAL REQUEST asc:64,0 (Illegal mode for this track)\n(cd0:ata0:0:0:0): cddone: got error 0x6 back\nacd0: FAILURE - READ_BIG ILLEGAL REQUEST asc=0x64 ascq=0x00 \n(cd0:ata0:0:0:0): READ(10). CDB: 28 0 0 0 0 0 0 0 4 0 \n(cd0:ata0:0:0:0): CAM status: SCSI Status Error\n(cd0:ata0:0:0:0): SCSI status: Check Condition\n(cd0:ata0:0:0:0): SCSI sense: ILLEGAL REQUEST asc:64,0 (Illegal mode for this track)\n(cd0:ata0:0:0:0): cddone: got error 0x6 back\nacd0: FAILURE - READ_BIG ILLEGAL REQUEST asc=0x64 ascq=0x00 \n(cd0:ata0:0:0:0): READ(10). CDB: 28 0 0 0 0 80 0 0 4 0 \n(cd0:ata0:0:0:0): CAM status: SCSI Status Error\n(cd0:ata0:0:0:0): SCSI status: Check Condition\n(cd0:ata0:0:0:0): SCSI sense: ILLEGAL REQUEST asc:64,0 (Illegal mode for this track)\n(cd0:ata0:0:0:0): cddone: got error 0x6 back\nacd0: FAILURE - READ_BIG ILLEGAL REQUEST asc=0x64 ascq=0x00 \n(cd0:ata0:0:0:0): READ(10). CDB: 28 0 0 0 0 10 0 0 1 0 \n(cd0:ata0:0:0:0): CAM status: SCSI Status Error\n(cd0:ata0:0:0:0): SCSI status: Check Condition\n(cd0:ata0:0:0:0): SCSI sense: ILLEGAL REQUEST asc:64,0 (Illegal mode for this track)\n(cd0:ata0:0:0:0): cddone: got error 0x6 back\nacd0: FAILURE - READ_BIG ILLEGAL REQUEST asc=0x64 ascq=0x00 \n(cd0:ata0:0:0:0): READ(10). CDB: 28 0 0 0 0 0 0 0 1 0 \n(cd0:ata0:0:0:0): CAM status: SCSI Status Error\n(cd0:ata0:0:0:0): SCSI status: Check Condition\n(cd0:ata0:0:0:0): SCSI sense: ILLEGAL REQUEST asc:64,0 (Illegal mode for this track)\n(cd0:ata0:0:0:0): cddone: got error 0x6 back\nacd0: FAILURE - READ_BIG ILLEGAL REQUEST asc=0x64 ascq=0x00 \n(cd0:ata0:0:0:0): READ(10). CDB: 28 0 0 0 0 4 0 0 1 0 \n(cd0:ata0:0:0:0): CAM status: SCSI Status Error\n(cd0:ata0:0:0:0): SCSI status: Check Condition\n(cd0:ata0:0:0:0): SCSI sense: ILLEGAL REQUEST asc:64,0 (Illegal mode for this track)\n(cd0:ata0:0:0:0): cddone: got error 0x6 back\nacd0: FAILURE - READ_BIG ILLEGAL REQUEST asc=0x64 ascq=0x00 \n(cd0:ata0:0:0:0): READ(10). CDB: 28 0 0 0 0 20 0 0 1 0 \n(cd0:ata0:0:0:0): CAM status: SCSI Status Error\n(cd0:ata0:0:0:0): SCSI status: Check Condition\n(cd0:ata0:0:0:0): SCSI sense: ILLEGAL REQUEST asc:64,0 (Illegal mode for this track)\n(cd0:ata0:0:0:0): cddone: got error 0x6 back\nacd0: FAILURE - READ_BIG ILLEGAL REQUEST asc=0x64 ascq=0x00 \n(cd0:ata0:0:0:0): READ(10). CDB: 28 0 0 0 0 0 0 0 1 0 \n(cd0:ata0:0:0:0): CAM status: SCSI Status Error\n(cd0:ata0:0:0:0): SCSI status: Check Condition\n(cd0:ata0:0:0:0): SCSI sense: ILLEGAL REQUEST asc:64,0 (Illegal mode for this track)\n(cd0:ata0:0:0:0): cddone: got error 0x6 back\nTrying to mount root from ufs:/dev/gvinum/root\n\n-- \ncheers, J\"org               .-.-.   --... ...--   -.. .  DL8DTL\n\nhttp://www.sax.de/~joerg/                        NIC: JW11-RIPE\nNever trust an operating system you don't have sources for. ;-)"
}