{
 "id": 373275,
 "bug_id": 108418,
 "attachment_id": 0,
 "creation_time": "2007-01-27T10:40:18Z",
 "creator": "konrad.rybacki@wp.pl",
 "text": "Kernel crashes after killing kdm or kdeinit (for example when logging out\nof kde or sutting down the system). This problem appears only when kdm was\ninvoked from /etc/ttys. When kdm is invoked from command line, everything\nseems to be ok. \n\ndmesg:\n\nCopyright (c) 1992-2007 The FreeBSD Project.\nCopyright (c) 1979, 1980, 1983, 1986, 1988, 1989, 1991, 1992, 1993, 1994\n        The Regents of the University of California. All rights reserved.\nFreeBSD is a registered trademark of The FreeBSD Foundation.\nFreeBSD 6.2-STABLE #1: Sat Jan 27 09:31:21 UTC 2007\n    konrad@stacja:/usr/obj/usr/src/sys/BIURKO.DEBUG\nmodule_register: module uhub/ums already exists!\nModule uhub/ums failed to register: 17\nTimecounter \"i8254\" frequency 1193182 Hz quality 0\nCPU: Intel(R) Pentium(R) 4 CPU 3.00GHz (3006.83-MHz 686-class CPU)\n  Origin = \"GenuineIntel\"  Id = 0xf34  Stepping = 4\n  Features=0xbfebfbff\u003cFPU,VME,DE,PSE,TSC,MSR,PAE,MCE,CX8,APIC,SEP,MTRR,PGE,MCA,CMOV,PAT,PSE36,CLFLUSH,DTS,ACPI,MMX,FXSR,SSE,SSE2,SS,HTT,TM,PBE\u003e\n  Features2=0x441d\u003cSSE3,RSVD2,MON,DS_CPL,CNTX-ID,\u003cb14\u003e\u003e\nreal memory  = 1073676288 (1023 MB)\navail memory = 1041682432 (993 MB)\nACPI APIC Table: \u003cIntelR AWRDACPI\u003e\nioapic0 \u003cVersion 2.0\u003e irqs 0-23 on motherboard\nath_hal: 0.9.17.2 (AR5210, AR5211, AR5212, RF5111, RF5112, RF2413, RF5413)\nacpi0: \u003cIntelR AWRDACPI\u003e on motherboard\nacpi0: Power Button (fixed)\nTimecounter \"ACPI-fast\" frequency 3579545 Hz quality 1000\nacpi_timer0: \u003c24-bit timer at 3.579545MHz\u003e port 0x408-0x40b on acpi0\ncpu0: \u003cACPI CPU\u003e on acpi0\nacpi_button0: \u003cPower Button\u003e on acpi0\npcib0: \u003cACPI Host-PCI bridge\u003e port 0xcf8-0xcff on acpi0\npci0: \u003cACPI PCI bus\u003e on pcib0\nagp0: \u003cIntel 82875P host to AGP bridge\u003e mem 0xd8000000-0xdfffffff at device 0.0 on pci0\npcib1: \u003cPCI-PCI bridge\u003e at device 1.0 on pci0\npci1: \u003cPCI bus\u003e on pcib1\npci1: \u003cdisplay, VGA\u003e at device 0.0 (no driver attached)\npci1: \u003cdisplay\u003e at device 0.1 (no driver attached)\npcib2: \u003cACPI PCI-PCI bridge\u003e at device 3.0 on pci0\npci2: \u003cACPI PCI bus\u003e on pcib2\npci2: \u003cnetwork, ethernet\u003e at device 1.0 (no driver attached)\nuhci0: \u003cIntel 82801EB (ICH5) USB controller USB-A\u003e port 0xbc00-0xbc1f irq 16 at device 29.0 on pci0\nuhci0: [GIANT-LOCKED]\nusb0: \u003cIntel 82801EB (ICH5) USB controller USB-A\u003e on uhci0\nusb0: USB revision 1.0\nuhub0: Intel UHCI root hub, class 9/0, rev 1.00/1.00, addr 1\nuhub0: 2 ports with 2 removable, self powered\nuhci1: \u003cIntel 82801EB (ICH5) USB controller USB-B\u003e port 0xb000-0xb01f irq 19 at device 29.1 on pci0\nuhci1: [GIANT-LOCKED]\nusb1: \u003cIntel 82801EB (ICH5) USB controller USB-B\u003e on uhci1\nusb1: USB revision 1.0\nuhub1: Intel UHCI root hub, class 9/0, rev 1.00/1.00, addr 1\nuhub1: 2 ports with 2 removable, self powered\nuhci2: \u003cIntel 82801EB (ICH5) USB controller USB-C\u003e port 0xb400-0xb41f irq 18 at device 29.2 on pci0\nuhci2: [GIANT-LOCKED]\nusb2: \u003cIntel 82801EB (ICH5) USB controller USB-C\u003e on uhci2\nusb2: USB revision 1.0\nuhub2: Intel UHCI root hub, class 9/0, rev 1.00/1.00, addr 1\nuhub2: 2 ports with 2 removable, self powered\nuhci3: \u003cIntel 82801EB (ICH5) USB controller USB-D\u003e port 0xb800-0xb81f irq 16 at device 29.3 on pci0\nuhci3: [GIANT-LOCKED]\nusb3: \u003cIntel 82801EB (ICH5) USB controller USB-D\u003e on uhci3\nusb3: USB revision 1.0\nuhub3: Intel UHCI root hub, class 9/0, rev 1.00/1.00, addr 1\nuhub3: 2 ports with 2 removable, self powered\nehci0: \u003cIntel 82801EB/R (ICH5) USB 2.0 controller\u003e mem 0xf4200000-0xf42003ff irq 23 at device 29.7 on pci0\nehci0: [GIANT-LOCKED]\nusb4: EHCI version 1.0\nusb4: companion controllers, 2 ports each: usb0 usb1 usb2 usb3\nusb4: \u003cIntel 82801EB/R (ICH5) USB 2.0 controller\u003e on ehci0\nusb4: USB revision 2.0\nuhub4: Intel EHCI root hub, class 9/0, rev 2.00/1.00, addr 1\nuhub4: 8 ports with 8 removable, self powered\npcib3: \u003cACPI PCI-PCI bridge\u003e at device 30.0 on pci0\npci3: \u003cACPI PCI bus\u003e on pcib3\npci3: \u003cserial bus, FireWire\u003e at device 2.0 (no driver attached)\natapci0: \u003cSiI 3112 SATA150 controller\u003e port 0x7000-0x7007,0x7400-0x7403,0x7800-0x7807,0x7c00-0x7c03,0x8000-0x800f mem 0xf3015000-0xf30151ff irq 19 at device 3.0 on pci3\nata2: \u003cATA channel 0\u003e on atapci0\nata3: \u003cATA channel 1\u003e on atapci0\nath0: \u003cAtheros 5212\u003e mem 0xf3000000-0xf300ffff irq 20 at device 4.0 on pci3\nath0: Ethernet address: 00:30:4f:4b:69:dd\nath0: mac 7.9 phy 4.5 radio 5.6\nwi0: \u003cIntersil Prism2.5\u003e mem 0xf4100000-0xf4100fff irq 21 at device 5.0 on pci3\nwi0: using RF:PRISM2.5 MAC:ISL3874A(Mini-PCI)\nwi0: Intersil Firmware: Primary (1.1.1), Station (1.8.0)\nwi0: Ethernet address: 00:30:4f:24:aa:f1\nemu10kx0: \u003cCreative SBLive! [CT4760]\u003e port 0x8400-0x841f irq 23 at device 7.0 on pci3\npcm0: \u003cEMU10Kx PCM Interface\u003e on emu10kx0\npcm0: \u003cSigmaTel STAC9721/23 AC97 Codec\u003e\npci3: \u003cinput device\u003e at device 7.1 (no driver attached)\nisab0: \u003cPCI-ISA bridge\u003e at device 31.0 on pci0\nisa0: \u003cISA bus\u003e on isab0\natapci1: \u003cIntel ICH5 UDMA100 controller\u003e port 0x1f0-0x1f7,0x3f6,0x170-0x177,0x376,0xf000-0xf00f at device 31.1 on pci0\nata0: \u003cATA channel 0\u003e on atapci1\nata1: \u003cATA channel 1\u003e on atapci1\natapci2: \u003cIntel ICH5 SATA150 controller\u003e port 0xc000-0xc007,0xc400-0xc403,0xc800-0xc807,0xcc00-0xcc03,0xd000-0xd00f irq 18 at device 31.2 on pci0\nata4: \u003cATA channel 0\u003e on atapci2\nata5: \u003cATA channel 1\u003e on atapci2\npci0: \u003cserial bus, SMBus\u003e at device 31.3 (no driver attached)\npcm1: \u003cIntel ICH5 (82801EB)\u003e port 0xd800-0xd8ff,0xdc00-0xdc3f mem 0xf4201000-0xf42011ff,0xf4202000-0xf42020ff irq 17 at device 31.5 on pci0\npcm1: \u003cAvance Logic ALC650 AC97 Codec\u003e\nacpi_tz0: \u003cThermal Zone\u003e on acpi0\nfdc0: \u003cfloppy drive controller\u003e port 0x3f0-0x3f5,0x3f7 irq 6 drq 2 on acpi0\nfdc0: [FAST]\nfd0: \u003c1440-KB 3.5\" drive\u003e on fdc0 drive 0\nsio0: \u003c16550A-compatible COM port\u003e port 0x3f8-0x3ff irq 4 flags 0x10 on acpi0\nsio0: type 16550A\nppc0: \u003cStandard parallel printer port\u003e port 0x378-0x37f,0x778-0x77b irq 7 on acpi0\nppc0: Generic chipset (NIBBLE-only) in COMPATIBLE mode\nppbus0: \u003cParallel port bus\u003e on ppc0\nplip0: \u003cPLIP network interface\u003e on ppbus0\nlpt0: \u003cPrinter\u003e on ppbus0\nlpt0: Interrupt-driven port\nppi0: \u003cParallel I/O\u003e on ppbus0\natkbdc0: \u003cKeyboard controller (i8042)\u003e port 0x60,0x64 irq 1 on acpi0\natkbd0: \u003cAT Keyboard\u003e irq 1 on atkbdc0\nkbd0 at atkbd0\natkbd0: [GIANT-LOCKED]\npmtimer0 on isa0\norm0: \u003cISA Option ROM\u003e at iomem 0xc0000-0xcbfff on isa0\nsc0: \u003cSystem console\u003e at flags 0x100 on isa0\nsc0: VGA \u003c16 virtual consoles, flags=0x300\u003e\nvga0: \u003cGeneric ISA VGA\u003e at port 0x3c0-0x3df iomem 0xa0000-0xbffff on isa0\nsio1: configured irq 3 not in bitmap of probed irqs 0\nsio1: port may not be enabled\nums0: Logitech USB-PS/2 Optical Mouse, rev 2.00/20.00, addr 2, iclass 3/1\nums0: 3 buttons and Z dir.\nTimecounter \"TSC\" frequency 3006831105 Hz quality 800\nTimecounters tick every 1.000 msec\nad0: 39205MB \u003cMaxtor 2F040J0 VAM51JJ0\u003e at ata0-master UDMA100\nacd0: CDRW \u003cPHILIPS PCRW5232P/P2.0\u003e at ata1-master UDMA33\nacd1: CDROM \u003cSAMSUNG CD-ROM SC-152G/C401\u003e at ata1-slave PIO4\nad8: 152627MB \u003cWDC WD1600JS-00NCB1 10.02E02\u003e at ata4-master SATA150\nad10: 238475MB \u003cSeagate ST3250820NS 3.AEE\u003e at ata5-master SATA150\ncd0 at ata1 bus 0 target 0 lun 0\ncd0: \u003cPHILIPS PCRW5232P P2.0\u003e Removable CD-ROM SCSI-0 device\ncd0: 33.000MB/s transfers\ncd0: Attempt to query device size failed: NOT READY, Medium not present\ncd1 at ata1 bus 0 target 1 lun 0\ncd1: \u003cSAMSUNG CD-ROM SC-152G C401\u003e Removable CD-ROM SCSI-0 device\ncd1: 16.000MB/s transfers\ncd1: Attempt to query device size failed: NOT READY, Medium not present\nTrying to mount root from ufs:/dev/ad10s1a\ndrm0: \u003cATI Radeon RV280 9200 SE\u003e port 0xa000-0xa0ff mem 0xe0000000-0xe7ffffff,0xf1000000-0xf100ffff irq 16 at device 0.0 on pci1\ninfo: [drm] AGP at 0xd8000000 128MB\ninfo: [drm] Initialized radeon 1.24.0 20060225\ninfo: [drm] Setting GART location based on old memory map\ninfo: [drm] Loading R200 Microcode\ninfo: [drm] writeback test succeeded in 1 usecs\n\nkgdb output\n\nkgdb: kvm_nlist(_stopped_cpus):\nkgdb: kvm_nlist(_stoppcbs):\n[GDB will not be able to debug user-mode threads: /usr/lib/libthread_db.so: Undefined symbol \"ps_pglobal_lookup\"]\nGNU gdb 6.1.1 [FreeBSD]\nCopyright 2004 Free Software Foundation, Inc.\nGDB is free software, covered by the GNU General Public License, and you are\nwelcome to change it and/or distribute copies of it under certain conditions.\nType \"show copying\" to see the conditions.\nThere is absolutely no warranty for GDB.  Type \"show warranty\" for details.\nThis GDB was configured as \"i386-marcel-freebsd\".\n\nUnread portion of the kernel message buffer:\n\n\nFatal trap 12: page fault while in kernel mode\nfault virtual address   = 0xf7468080\nfault code              = supervisor read, page not present\ninstruction pointer     = 0x20:0xc06cbca9\nstack pointer           = 0x28:0xf73feb7c\nframe pointer           = 0x28:0xf73feb94\ncode segment            = base 0x0, limit 0xfffff, type 0x1b\n                        = DPL 0, pres 1, def32 1, gran 1\nprocessor eflags        = interrupt enabled, resume, IOPL = 0\ncurrent process         = 1113 (kdm-bin_greet)\npanic: from debugger\nUptime: 6m18s\nDumping 1023 MB (2 chunks)\n  chunk 0: 1MB (159 pages) ... ok\n  chunk 1: 1023MB (261872 pages) 1007 991 975 959 943 927 911 895 879 863 847 831 815 799 783 767 751 735 719 703 687 671 655 639 623 607 591 575 559 543 527 511 495 479 463 447 431 415 399 383 367 351 335 319 303 287 271 255 239 223 207 191 175 159 143 127 111 95 79 63 47 31 15\n\n#0  doadump () at pcpu.h:165\n165             __asm __volatile(\"movl %%fs:0,%0\" : \"=r\" (td));\n\n(kgdb) backtrace\n#0  doadump () at pcpu.h:165\n#1  0xc0517322 in boot (howto=260) at /usr/src/sys/kern/kern_shutdown.c:409\n#2  0xc0517656 in panic (fmt=0xc06fb601 \"from debugger\")\n    at /usr/src/sys/kern/kern_shutdown.c:565\n#3  0xc0453d0b in db_panic (addr=-1066615639, have_addr=0, count=-1,\n    modif=0xf73fe988 \"\") at /usr/src/sys/ddb/db_command.c:438\n#4  0xc0453c84 in db_command (last_cmdp=0xc0758e84, cmd_table=0x0,\n    aux_cmd_tablep=0xc072434c, aux_cmd_tablep_end=0xc0724350)\n    at /usr/src/sys/ddb/db_command.c:350\n#5  0xc0453d75 in db_command_loop () at /usr/src/sys/ddb/db_command.c:458\n#6  0xc0455cbd in db_trap (type=12, code=0) at /usr/src/sys/ddb/db_main.c:222\n#7  0xc05344ef in kdb_trap (type=0, code=0, tf=0xf73feb3c)\n    at /usr/src/sys/kern/subr_kdb.c:473\n#8  0xc06d1477 in trap_fatal (frame=0xf73feb3c, eva=0)\n    at /usr/src/sys/i386/i386/trap.c:828\n#9  0xc06d1198 in trap_pfault (frame=0xf73feb3c, usermode=0, eva=4148592768)\n    at /usr/src/sys/i386/i386/trap.c:745\n#10 0xc06d0d26 in trap (frame=\n      {tf_fs = -986841080, tf_es = -986841048, tf_ds = -146866136, tf_edi = 2, tf_esi = -986246384, tf_ebp = -146805868, tf_isp = -146805912, tf_ebx = 32, tf_edx = -986800128, tf_ecx = -986800128, tf_eax = -146374656, tf_trapno = 12, tf_err = 0, tf_eip = -1066615639, tf_cs = 32, tf_eflags = 2163202, tf_esp = -1772630016, tf_ss = -985862976}) at /usr/src/sys/i386/i386/trap.c:435\n#11 0xc06bd41a in calltrap () at /usr/src/sys/i386/i386/exception.s:139\n#12 0xc06cbca9 in pmap_allocpte (pmap=0xc5371310, va=4148592640, flags=2)\n    at /usr/src/sys/i386/i386/pmap.c:1201\n#13 0xc06ccc2f in pmap_enter (pmap=0xc5371310, va=134848512, m=0xc1c2bc38,\n    prot=7 '\\a', wired=0) at /usr/src/sys/i386/i386/pmap.c:1900\n#14 0xc0677a24 in vm_fault (map=0xc5371250, vaddr=134848512,\n    fault_type=2 '\\002', fault_flags=8) at /usr/src/sys/vm/vm_fault.c:904\n#15 0xc06d1091 in trap_pfault (frame=0xf73fed38, usermode=1, eva=134849552)\n    at /usr/src/sys/i386/i386/trap.c:722\n#16 0xc06d0bfb in trap (frame=\n      {tf_fs = 59, tf_es = 59, tf_ds = 59, tf_edi = -1077943376, tf_esi = 1145, tf_ebp = -1077943640, tf_isp = -146805404, tf_ebx = 688756692, tf_edx = 0, tf_ecx = 0, tf_eax = 0, tf_trapno = 12, tf_err = 7, tf_eip = 688703985, tf_cs = 51, tf_eflags = 2163270, tf_esp = -1077943640, tf_ss = 59})\n    at /usr/src/sys/i386/i386/trap.c:334\n#17 0xc06bd41a in calltrap () at /usr/src/sys/i386/i386/exception.s:139\n#18 0x290cc9f1 in ?? ()\nPrevious frame inner to this frame (corrupt stack?)\n\nHow-To-Repeat: Set up kdm in /etc/ttys. In kde (or kdm greet menu) try to logout, shutdown\nor reboot the system."
}