{
 "id": 369218,
 "bug_id": 107588,
 "attachment_id": 0,
 "creation_time": "2007-01-05T22:20:24Z",
 "creator": "PeterJeremy@optushome.com.au",
 "text": "\nManufacturer: HP\nModel: Compaq nx6125 (EJ884PA#ABG) (discontined but some details available via http://h20331.www2.hp.com/hpsub/cache/328381-0-0-225-121.html )\nChipset/Socket: ATI Technologies Inc\nBIOS: 68DTT Ver. F.07\nTested FreeBSD Versions: 6.1-RELEASE thru 6.2-PRERELEASE, 7.0-CURRENT\n\nBroadcom WLAN works via NDIS (not in following dmesg):\nndis0: \u003cBroadcom 802.11g Network Adapter\u003e mem 0xd0010000-0xd0011fff irq 22 at device 2.0 on pci2\nndis0: NDIS API version: 5.1\n\nFirewire probes but untested (and not in following dmesg):\nfwohci0: \u003c1394 Open Host Controller Interface\u003e mem 0xd0013000-0xd00137ff,0xd0014000-0xd0017fff irq 21 at device 4.2 on pci2\nfwohci0: OHCI version 1.10 (ROM=0)\nfwohci0: No. of Isochronous channels is 4.\nfwohci0: EUI64 00:02:3f:99:29:99:44:0a\nfwohci0: Phy 1394a available S400, 2 ports.\nfwohci0: Link S400, max_rec 2048 bytes.\nfirewire0: \u003cIEEE1394(FireWire) bus\u003e on fwohci0\nfwe0: \u003cEthernet over FireWire\u003e on firewire0\nif_fwe0: Fake Ethernet address: 02:02:3f:99:44:0a\nfwe0: Ethernet address: 02:02:3f:99:44:0a\nfwe0: if_start running deferred for Giant\nfwohci0: Initiate bus reset\nfwohci0: node_id=0xc800ffc0, gen=1, CYCLEMASTER mode\nfirewire0: 1 nodes, maxhop \u003c= 0, cable IRM = 0 (me)\nfirewire0: bus manager 0 (me)\n\nBluetooth works:\nubt0: Broadcom HP integrated Bluetooth module, rev 1.10/0.17, addr 2\nubt0: Interface 0 endpoints: interrupt=0x81, bulk-in=0x82, bulk-out=0x2\nubt0: Interface 1 (alt.config 4) endpoints: isoc-in=0x83, isoc-out=0x3; wMaxPacketSize=64; nframes=5, buffer size=320\n\nUnsupported devices: WinModem, Flash card-reader, Fingerprint scanner:\nnone1@pci0:20:6:        class=0x070300 card=0x308b103c chip=0x43781002 rev=0x02 hdr=0x00\n    vendor   = 'ATI Technologies Inc'\n    class    = simple comms\n    subclass = generic modem\nnone5@pci2:4:3: class=0x018000 card=0x308b103c chip=0x8033104c rev=0x00 hdr=0x00\n    vendor   = 'Texas Instruments (TI)'\n    device   = 'PCIxx21 Integrated FlashMedia Controller'\n    class    = mass storage\nController /dev/usb1:\naddr 1: full speed, self powered, config 1, OHCI root hub(0x0000), ATI(0x0000), rev 1.00\n port 1 addr 2: full speed, power 100 mA, config 1, Fingerprint Sensor(0x2580), vendor 0x08ff(0x08ff), rev 6.21\n\nX.org does not have accelerated support for the ATI Radeon XPRESS 200M 5955.  Switching between X and VTYs occasionally produces a corrupt display but closing and opening the lid almost always fixes this.\n\nDVD does not appear to work in DMA mode.\n\npowerd causes random hard lockups (there is a problem with speed changing under load)\n\nSuspend doesn't work (either spins or panics)\n\nCopyright (c) 1992-2006 The FreeBSD Project.\nCopyright (c) 1979, 1980, 1983, 1986, 1988, 1989, 1991, 1992, 1993, 1994\nThe Regents of the University of California. All rights reserved.\nFreeBSD is a registered trademark of The FreeBSD Foundation.\nFreeBSD 6.2-PRERELEASE #23: Fri Oct 27 09:36:46 EST 2006\n    root@turion.vk2pj.dyndns.org:/usr/obj/usr/src/sys/turion\nACPI APIC Table: \u003cHP     0944    \u003e\nTimecounter \"i8254\" frequency 1193182 Hz quality 0\nCPU: AMD Turion(tm) 64 Mobile ML-40                  (2194.52-MHz K8-class CPU)\n  Origin = \"AuthenticAMD\"  Id = 0x20f42  Stepping = 2\n  Features=0x78bfbff\u003cFPU,VME,DE,PSE,TSC,MSR,PAE,MCE,CX8,APIC,SEP,MTRR,PGE,MCA,CMOV,PAT,PSE36,CLFLUSH,MMX,FXSR,SSE,SSE2\u003e\n  Features2=0x1\u003cSSE3\u003e\n  AMD Features=0xe2500800\u003cSYSCALL,NX,MMX+,FFXSR,LM,3DNow+,3DNow\u003e\n  AMD Features2=0x1\u003cLAHF\u003e\nreal memory  = 939327488 (895 MB)\navail memory = 898609152 (856 MB)\nioapic0: Changing APIC ID to 1\nioapic0 \u003cVersion 2.1\u003e irqs 0-23 on motherboard\nacpi0: \u003cHP 0944\u003e on motherboard\nacpi0: Overriding SCI Interrupt from IRQ 9 to IRQ 21\nacpi0: Power Button (fixed)\nunknown: I/O range not supported\nTimecounter \"ACPI-safe\" frequency 3579545 Hz quality 1000\nacpi_timer0: \u003c32-bit timer at 3.579545MHz\u003e port 0x8008-0x800b on acpi0\nacpi_ec0: \u003cEmbedded Controller: GPE 0x11\u003e port 0x62,0x66 on acpi0\ncpu0: \u003cACPI CPU\u003e on acpi0\nacpi_throttle0: \u003cACPI CPU Throttling\u003e on cpu0\npowernow0: \u003cPowerNow! K8\u003e on cpu0\npcib0: \u003cACPI Host-PCI bridge\u003e port 0xcf8-0xcff on acpi0\npci0: \u003cACPI PCI bus\u003e on pcib0\npcib1: \u003cACPI PCI-PCI bridge\u003e at device 1.0 on pci0\npci1: \u003cACPI PCI bus\u003e on pcib1\npci1: \u003cdisplay, VGA\u003e at device 5.0 (no driver attached)\npcib2: \u003cACPI PCI-PCI bridge\u003e at device 4.0 on pci0\npci16: \u003cACPI PCI bus\u003e on pcib2\npcib3: \u003cACPI PCI-PCI bridge\u003e at device 5.0 on pci0\npci32: \u003cACPI PCI bus\u003e on pcib3\nohci0: \u003cATI SB400 USB Controller\u003e mem 0xd0800000-0xd0800fff irq 19 at device 19.0 on pci0\nohci0: [GIANT-LOCKED]\nusb0: OHCI version 1.0, legacy support\nusb0: \u003cATI SB400 USB Controller\u003e on ohci0\nusb0: USB revision 1.0\nusbd_get_string: getting lang failed, using 0\nuhub0: ATI OHCI root hub, class 9/0, rev 1.00/1.00, addr 1\nuhub0: 4 ports with 4 removable, self powered\nohci1: \u003cATI SB400 USB Controller\u003e mem 0xd0801000-0xd0801fff irq 19 at device 19.1 on pci0\nohci1: [GIANT-LOCKED]\nusb1: OHCI version 1.0, legacy support\nusb1: \u003cATI SB400 USB Controller\u003e on ohci1\nusb1: USB revision 1.0\nusbd_get_string: getting lang failed, using 0\nuhub1: ATI OHCI root hub, class 9/0, rev 1.00/1.00, addr 1\nuhub1: 4 ports with 4 removable, self powered\nehci0: \u003cATI SB400 USB 2.0 controller\u003e mem 0xd0802000-0xd0802fff irq 19 at device 19.2 on pci0\nehci0: [GIANT-LOCKED]\nusb2: EHCI version 1.0\nusb2: companion controllers, 4 ports each: usb0 usb1\nusb2: \u003cATI SB400 USB 2.0 controller\u003e on ehci0\nusb2: USB revision 2.0\nuhub2: ATI EHCI root hub, class 9/0, rev 2.00/1.00, addr 1\nuhub2: 8 ports with 8 removable, self powered\npci0: \u003cserial bus, SMBus\u003e at device 20.0 (no driver attached)\natapci0: \u003cATI IXP400 UDMA133 controller\u003e port 0x1f0-0x1f7,0x3f6,0x170-0x177,0x376,0x3010-0x301f irq 16 at device 20.1 on pci0\nata0: \u003cATA channel 0\u003e on atapci0\nata1: \u003cATA channel 1\u003e on atapci0\nisab0: \u003cPCI-ISA bridge\u003e at device 20.3 on pci0\nisa0: \u003cISA bus\u003e on isab0\npcib4: \u003cACPI PCI-PCI bridge\u003e at device 20.4 on pci0\npci2: \u003cACPI PCI bus\u003e on pcib4\nbge0: \u003cBroadcom BCM5705 A3, ASIC rev. 0x3003\u003e mem 0xd0000000-0xd000ffff irq 23 at device 1.0 on pci2\nmiibus0: \u003cMII bus\u003e on bge0\nbrgphy0: \u003cBCM5705 10/100/1000baseTX PHY\u003e on miibus0\nbrgphy0:  10baseT, 10baseT-FDX, 100baseTX, 100baseTX-FDX, 1000baseTX, 1000baseTX-FDX, auto\nbge0: Ethernet address: 00:0f:b0:b9:6a:45\npci2: \u003cnetwork\u003e at device 2.0 (no driver attached)\ncbb0: \u003cPCI-CardBus Bridge\u003e mem 0xd0012000-0xd0012fff irq 20 at device 4.0 on pci2\ncardbus0: \u003cCardBus bus\u003e on cbb0\npccard0: \u003c16-bit PCCard bus\u003e on cbb0\npci2: \u003cserial bus, FireWire\u003e at device 4.2 (no driver attached)\npci2: \u003cmass storage\u003e at device 4.3 (no driver attached)\npci2: \u003cbase peripheral\u003e at device 4.4 (no driver attached)\npcm0: \u003cATI IXP 400\u003e mem 0xd0804000-0xd08040ff irq 17 at device 20.5 on pci0\npci0: \u003csimple comms, generic modem\u003e at device 20.6 (no driver attached)\nbattery0: \u003cACPI Control Method Battery\u003e on acpi0\nbattery1: \u003cACPI Control Method Battery\u003e on acpi0\nacpi_acad0: \u003cAC Adapter\u003e on acpi0\nacpi_button0: \u003cSleep Button\u003e on acpi0\nacpi_lid0: \u003cControl Method Lid Switch\u003e on acpi0\nacpi_tz0: \u003cThermal Zone\u003e on acpi0\nacpi_tz1: \u003cThermal Zone\u003e on acpi0\nacpi_tz2: \u003cThermal Zone\u003e on acpi0\natkbdc0: \u003cKeyboard controller (i8042)\u003e port 0x60,0x64 irq 1 on acpi0\natkbd0: \u003cAT Keyboard\u003e flags 0x1 irq 1 on atkbdc0\nkbd0 at atkbd0\natkbd0: [GIANT-LOCKED]\npsm0: \u003cPS/2 Mouse\u003e irq 12 on atkbdc0\npsm0: [GIANT-LOCKED]\npsm0: model IntelliMouse, device ID 3\norm0: \u003cISA Option ROM\u003e at iomem 0xc0000-0xcefff on isa0\nsc0: \u003cSystem console\u003e at flags 0x100 on isa0\nsc0: VGA \u003c16 virtual consoles, flags=0x300\u003e\nvga0: \u003cGeneric ISA VGA\u003e at port 0x3c0-0x3df iomem 0xa0000-0xbffff on isa0\nugen0: vendor 0x08ff Fingerprint Sensor, rev 1.10/6.21, addr 2\nTimecounter \"TSC\" frequency 2194517593 Hz quality 800\nTimecounters tick every 1.000 msec\nad0: 76319MB \u003cFUJITSU MHV2080AH 00830096\u003e at ata0-master UDMA100\nacd0: DVDR \u003cTSSTcorpCD/DVDW TS-L532M/HR08\u003e at ata1-master PIO4\npcm0: \u003cConexant CX20468-21 AC97 Codec\u003e\nbus_dmamem_alloc failed to align memory properly.bus_dmamem_alloc failed to align memory properly.\nhwpmc: TSC/1/0x20\u003cREA\u003e K8/4/0x1ff\u003cINT,USR,SYS,EDG,THR,REA,WRI,INV,QUA\u003e\nTrying to mount root from ufs:/dev/ad0s2a\ncd0 at ata1 bus 0 target 0 lun 0\ncd0: \u003cTSSTcorp CD/DVDW TS-L532M HR08\u003e Removable CD-ROM SCSI-0 device \ncd0: 16.000MB/s transfers\ncd0: Attempt to query device size failed: NOT READY, Incompatible medium installed\n\nFix: \n\nn/a\nHow-To-Repeat: \tn/a"
}