{
 "id": 856959,
 "bug_id": 205855,
 "attachment_id": 0,
 "creation_time": "2016-01-03T22:07:11Z",
 "creator": "arcadiy@ivanovy.net",
 "text": "https://twitter.com/arcivanov/status/681960018313347077\n\nUpgraded from 10.1-STABLE to 10.2-STABLE\nBoot failed, no GEOM device found.\nBoot log showed ICH7R controller as \"\u003cmass storage, RAID\u003e\" and \"(no driver attached)\"\n\nSwitching ICH7 OROM from RAID to IDE modes allowed GEOM RAID mount and booting.\n\nThe machine is Dell Vostro 200.\n\nroot@fw1:/home/admin # pciconf -lv\nhostb0@pci0:0:0:0:      class=0x060000 card=0x02381028 chip=0x29c08086 rev=0x02 hdr=0x00\n    vendor     = 'Intel Corporation'\n    device     = '82G33/G31/P35/P31 Express DRAM Controller'\n    class      = bridge\n    subclass   = HOST-PCI\npcib1@pci0:0:1:0:       class=0x060400 card=0x02381028 chip=0x29c18086 rev=0x02 hdr=0x01\n    vendor     = 'Intel Corporation'\n    device     = '82G33/G31/P35/P31 Express PCI Express Root Port'\n    class      = bridge\n    subclass   = PCI-PCI\nvgapci0@pci0:0:2:0:     class=0x030000 card=0x02381028 chip=0x29c28086 rev=0x02 hdr=0x00\n    vendor     = 'Intel Corporation'\n    device     = '82G33/G31 Express Integrated Graphics Controller'\n    class      = display\n    subclass   = VGA\nem2@pci0:0:25:0:        class=0x020000 card=0x02381028 chip=0x10c08086 rev=0x02 hdr=0x00\n    vendor     = 'Intel Corporation'\n    device     = '82562V-2 10/100 Network Connection'\n    class      = network\n    subclass   = ethernet\nuhci0@pci0:0:26:0:      class=0x0c0300 card=0x02381028 chip=0x29378086 rev=0x02 hdr=0x00\n    vendor     = 'Intel Corporation'\n    device     = '82801I (ICH9 Family) USB UHCI Controller'\n    class      = serial bus\n    subclass   = USB\nuhci1@pci0:0:26:1:      class=0x0c0300 card=0x02381028 chip=0x29388086 rev=0x02 hdr=0x00\n    vendor     = 'Intel Corporation'\n    device     = '82801I (ICH9 Family) USB UHCI Controller'\n    class      = serial bus\n    subclass   = USB\nuhci2@pci0:0:26:2:      class=0x0c0300 card=0x02381028 chip=0x29398086 rev=0x02 hdr=0x00\n    vendor     = 'Intel Corporation'\n    device     = '82801I (ICH9 Family) USB UHCI Controller'\n    class      = serial bus\n    subclass   = USB\nehci0@pci0:0:26:7:      class=0x0c0320 card=0x02381028 chip=0x293c8086 rev=0x02 hdr=0x00\n    vendor     = 'Intel Corporation'\n    device     = '82801I (ICH9 Family) USB2 EHCI Controller'\n    class      = serial bus\n    subclass   = USB\nuhci3@pci0:0:29:0:      class=0x0c0300 card=0x02381028 chip=0x29348086 rev=0x02 hdr=0x00\n    vendor     = 'Intel Corporation'\n    device     = '82801I (ICH9 Family) USB UHCI Controller'\n    class      = serial bus\n    subclass   = USB\nuhci4@pci0:0:29:1:      class=0x0c0300 card=0x02381028 chip=0x29358086 rev=0x02 hdr=0x00\n    vendor     = 'Intel Corporation'\n    device     = '82801I (ICH9 Family) USB UHCI Controller'\n    class      = serial bus\n    subclass   = USB\nuhci5@pci0:0:29:2:      class=0x0c0300 card=0x02381028 chip=0x29368086 rev=0x02 hdr=0x00\n    vendor     = 'Intel Corporation'\n    device     = '82801I (ICH9 Family) USB UHCI Controller'\n    class      = serial bus\n    subclass   = USB\nehci1@pci0:0:29:7:      class=0x0c0320 card=0x02381028 chip=0x293a8086 rev=0x02 hdr=0x00\n    vendor     = 'Intel Corporation'\n    device     = '82801I (ICH9 Family) USB2 EHCI Controller'\n    class      = serial bus\n    subclass   = USB\npcib2@pci0:0:30:0:      class=0x060401 card=0x02381028 chip=0x244e8086 rev=0x92 hdr=0x01\n    vendor     = 'Intel Corporation'\n    device     = '82801 PCI Bridge'\n    class      = bridge\n    subclass   = PCI-PCI\nisab0@pci0:0:31:0:      class=0x060100 card=0x02381028 chip=0x29168086 rev=0x02 hdr=0x00\n    vendor     = 'Intel Corporation'\n    device     = '82801IR (ICH9R) LPC Interface Controller'\n    class      = bridge\n    subclass   = PCI-ISA\natapci0@pci0:0:31:2:    class=0x01018f card=0x02381028 chip=0x29208086 rev=0x02 hdr=0x00\n    vendor     = 'Intel Corporation'\n    device     = '82801IR/IO/IH (ICH9R/DO/DH) 4 port SATA Controller [IDE mode]'\n    class      = mass storage\n    subclass   = ATA\nichsmb0@pci0:0:31:3:    class=0x0c0500 card=0x02381028 chip=0x29308086 rev=0x02 hdr=0x00\n    vendor     = 'Intel Corporation'\n    device     = '82801I (ICH9 Family) SMBus Controller'\n    class      = serial bus\n    subclass   = SMBus\natapci1@pci0:0:31:5:    class=0x010185 card=0x02381028 chip=0x29268086 rev=0x02 hdr=0x00\n    vendor     = 'Intel Corporation'\n    device     = '82801I (ICH9 Family) 2 port SATA Controller [IDE mode]'\n    class      = mass storage\n    subclass   = ATA\nem0@pci0:1:0:0: class=0x020000 card=0x115e8086 chip=0x105e8086 rev=0x06 hdr=0x00\n    vendor     = 'Intel Corporation'\n    device     = '82571EB Gigabit Ethernet Controller'\n    class      = network\n    subclass   = ethernet\nem1@pci0:1:0:1: class=0x020000 card=0x115e8086 chip=0x105e8086 rev=0x06 hdr=0x00\n    vendor     = 'Intel Corporation'\n    device     = '82571EB Gigabit Ethernet Controller'\n    class      = network\n    subclass   = ethernet\n\n\nroot@fw1:/home/admin # less /var/run/dmesg.boot\nCopyright (c) 1992-2015 The FreeBSD Project.\nCopyright (c) 1979, 1980, 1983, 1986, 1988, 1989, 1991, 1992, 1993, 1994\n        The Regents of the University of California. All rights reserved.\nFreeBSD is a registered trademark of The FreeBSD Foundation.\nFreeBSD 10.2-STABLE #0 r292881: Tue Dec 29 14:48:08 EST 2015\n    admin@fw1.home.ivanovy.net:/usr/obj/usr/src/sys/FIREWALL amd64\nFreeBSD clang version 3.4.1 (tags/RELEASE_34/dot1-final 208032) 20140512\nCPU: Intel(R) Core(TM)2 Duo CPU     E7200  @ 2.53GHz (2527.05-MHz K8-class CPU)\n  Origin=\"GenuineIntel\"  Id=0x10676  Family=0x6  Model=0x17  Stepping=6\n  Features=0xbfebfbff\u003cFPU,VME,DE,PSE,TSC,MSR,PAE,MCE,CX8,APIC,SEP,MTRR,PGE,MCA,CMOV,PAT,PSE36,CLFLUSH,DTS,ACPI,MMX,FXSR,SSE,SSE2,SS,HTT,TM,PBE\u003e\n  Features2=0x8e39d\u003cSSE3,DTES64,MON,DS_CPL,EST,TM2,SSSE3,CX16,xTPR,PDCM,SSE4.1\u003e\n  AMD Features=0x20100800\u003cSYSCALL,NX,LM\u003e\n  AMD Features2=0x1\u003cLAHF\u003e\n  TSC: P-state invariant, performance statistics\nreal memory  = 1073741824 (1024 MB)\navail memory = 1021100032 (973 MB)\nEvent timer \"LAPIC\" quality 400\nACPI APIC Table: \u003cDELL   FX09   \u003e\nFreeBSD/SMP: Multiprocessor System Detected: 2 CPUs\nFreeBSD/SMP: 1 package(s) x 2 core(s)\n cpu0 (BSP): APIC ID:  0\n cpu1 (AP): APIC ID:  1\nrandom device not loaded; using insecure entropy\nACPI BIOS Warning (bug): 32/64X length mismatch in FADT/Pm1aEventBlock: 32/8 (20150515/tbfadt-644)\nACPI BIOS Warning (bug): 32/64X length mismatch in FADT/Pm1aControlBlock: 16/8 (20150515/tbfadt-644)\nACPI BIOS Warning (bug): 32/64X length mismatch in FADT/PmTimerBlock: 32/8 (20150515/tbfadt-644)\nACPI BIOS Warning (bug): 32/64X length mismatch in FADT/Gpe0Block: 128/8 (20150515/tbfadt-644)\nACPI BIOS Warning (bug): Invalid length for FADT/Pm1aEventBlock: 8, using default 32 (20150515/tbfadt-725)\nACPI BIOS Warning (bug): Invalid length for FADT/Pm1aControlBlock: 8, using default 16 (20150515/tbfadt-725)\nACPI BIOS Warning (bug): Invalid length for FADT/PmTimerBlock: 8, using default 32 (20150515/tbfadt-725)\nioapic0: Changing APIC ID to 4\nioapic0 \u003cVersion 2.0\u003e irqs 0-23 on motherboard\nrandom: \u003cSoftware, Yarrow\u003e initialized\nkbd0 at kbdmux0\nsmbios0: \u003cSystem Management BIOS\u003e at iomem 0xf0be0-0xf0bfe on motherboard\nsmbios0: Version: 2.5, BCD Revision: 2.5\ncryptosoft0: \u003csoftware crypto\u003e on motherboard\nacpi0: \u003cDELL FX09   \u003e on motherboard\nacpi0: Power Button (fixed)\ncpu0: \u003cACPI CPU\u003e on acpi0\ncpu1: \u003cACPI CPU\u003e on acpi0\nattimer0: \u003cAT timer\u003e port 0x40-0x43 on acpi0\nTimecounter \"i8254\" frequency 1193182 Hz quality 0\nEvent timer \"i8254\" frequency 1193182 Hz quality 100\nhpet0: \u003cHigh Precision Event Timer\u003e iomem 0xfed00000-0xfed003ff irq 0,8 on acpi0\ndevice_attach: hpet0 attach returned 12\natrtc0: \u003cAT realtime clock\u003e port 0x70-0x73 on acpi0\nEvent timer \"RTC\" frequency 32768 Hz quality 0\nTimecounter \"ACPI-fast\" frequency 3579545 Hz quality 900\nacpi_timer0: \u003c24-bit timer at 3.579545MHz\u003e port 0x408-0x40b on acpi0\nacpi_button0: \u003cPower Button\u003e on acpi0\npcib0: \u003cACPI Host-PCI bridge\u003e port 0xcf8-0xcff on acpi0\npci0: \u003cACPI PCI bus\u003e on pcib0\npcib1: \u003cPCI-PCI bridge\u003e irq 16 at device 1.0 on pci0\npci1: \u003cPCI bus\u003e on pcib1\nem0: \u003cIntel(R) PRO/1000 Network Connection 7.4.2\u003e port 0xcf00-0xcf1f mem 0xfdee0000-0xfdefffff,0xfdec0000-0xfdedffff irq 16 at device 0.0 on pci1\nem0: Using an MSI interrupt\nem0: Ethernet address: 00:15:17:85:7b:a2\nem1: \u003cIntel(R) PRO/1000 Network Connection 7.4.2\u003e port 0xce00-0xce1f mem 0xfdea0000-0xfdebffff,0xfde80000-0xfde9ffff irq 17 at device 0.1 on pci1\nem1: Using an MSI interrupt\nem1: Ethernet address: 00:15:17:85:7b:a3\nvgapci0: \u003cVGA-compatible display\u003e port 0xff00-0xff07 mem 0xfdf00000-0xfdf7ffff,0xd0000000-0xdfffffff,0xfdb00000-0xfdbfffff irq 16 at device 2.0 on pci0\nagp0: \u003cIntel G33 SVGA controller\u003e on vgapci0\nagp0: aperture size is 256M, detected 4194300k stolen memory\nvgapci0: Boot video device\nem2: \u003cIntel(R) PRO/1000 Network Connection 7.4.2\u003e port 0xfe00-0xfe1f mem 0xfdfc0000-0xfdfdffff,0xfdfff000-0xfdffffff irq 20 at device 25.0 on pci0\nem2: Using an MSI interrupt\nem2: Ethernet address: 00:21:9b:0b:a0:8c\nuhci0: \u003cIntel 82801I (ICH9) USB controller\u003e port 0xfd00-0xfd1f irq 16 at device 26.0 on pci0\nusbus0 on uhci0\nuhci1: \u003cIntel 82801I (ICH9) USB controller\u003e port 0xfc00-0xfc1f irq 21 at device 26.1 on pci0\nusbus1 on uhci1\nuhci2: \u003cIntel 82801I (ICH9) USB controller\u003e port 0xfb00-0xfb1f irq 19 at device 26.2 on pci0\nusbus2 on uhci2\nehci0: \u003cIntel 82801I (ICH9) USB 2.0 controller\u003e mem 0xfdffe000-0xfdffe3ff irq 18 at device 26.7 on pci0\nusbus3: EHCI version 1.0\nusbus3 on ehci0\nuhci3: \u003cIntel 82801I (ICH9) USB controller\u003e port 0xfa00-0xfa1f irq 23 at device 29.0 on pci0\nusbus4 on uhci3\nuhci4: \u003cIntel 82801I (ICH9) USB controller\u003e port 0xf900-0xf91f irq 19 at device 29.1 on pci0\nusbus5 on uhci4\nuhci5: \u003cIntel 82801I (ICH9) USB controller\u003e port 0xf800-0xf81f irq 18 at device 29.2 on pci0\nusbus6 on uhci5\nehci1: \u003cIntel 82801I (ICH9) USB 2.0 controller\u003e mem 0xfdffd000-0xfdffd3ff irq 23 at device 29.7 on pci0\nusbus7: EHCI version 1.0\nusbus7 on ehci1\npcib2: \u003cACPI PCI-PCI bridge\u003e at device 30.0 on pci0\npci2: \u003cACPI PCI bus\u003e on pcib2\nisab0: \u003cPCI-ISA bridge\u003e at device 31.0 on pci0\nisa0: \u003cISA bus\u003e on isab0\natapci0: \u003cIntel ICH9 SATA300 controller\u003e port 0xf700-0xf707,0xf600-0xf603,0xf500-0xf507,0xf400-0xf403,0xf300-0xf30f,0xf200-0xf20f irq 19 at device 31.2 on pci0\nata2: \u003cATA channel\u003e at channel 0 on atapci0\nata3: \u003cATA channel\u003e at channel 1 on atapci0\nichsmb0: \u003cIntel 82801I (ICH9) SMBus controller\u003e port 0x500-0x51f mem 0xfdffc000-0xfdffc0ff irq 18 at device 31.3 on pci0\nsmbus0: \u003cSystem Management Bus\u003e on ichsmb0\nsmb0: \u003cSMBus generic I/O\u003e on smbus0\natapci1: \u003cIntel ICH9 SATA300 controller\u003e port 0xf000-0xf007,0xef00-0xef03,0xee00-0xee07,0xed00-0xed03,0xec00-0xec0f,0xeb00-0xeb0f irq 19 at device 31.5 on pci0\nata4: \u003cATA channel\u003e at channel 0 on atapci1\nata5: \u003cATA channel\u003e at channel 1 on atapci1\nacpi_tz0: \u003cThermal Zone\u003e on acpi0\nichwd0 on isa0\nsc0: \u003cSystem console\u003e at flags 0x100 on isa0\nsc0: VGA \u003c16 virtual consoles, flags=0x300\u003e\nvga0: \u003cGeneric ISA VGA\u003e at port 0x3c0-0x3df iomem 0xa0000-0xbffff on isa0\ncoretemp0: \u003cCPU On-Die Thermal Sensors\u003e on cpu0\nest0: \u003cEnhanced SpeedStep Frequency Control\u003e on cpu0\ncoretemp1: \u003cCPU On-Die Thermal Sensors\u003e on cpu1\nest1: \u003cEnhanced SpeedStep Frequency Control\u003e on cpu1\nTimecounters tick every 1.000 msec\nIPsec: Initialized Security Association Processing.\nrandom: unblocking device.\nusbus0: 12Mbps Full Speed USB v1.0\nusbus1: 12Mbps Full Speed USB v1.0\nusbus2: 12Mbps Full Speed USB v1.0\nusbus3: 480Mbps High Speed USB v2.0\nusbus4: 12Mbps Full Speed USB v1.0\nusbus5: 12Mbps Full Speed USB v1.0\nusbus6: 12Mbps Full Speed USB v1.0\nusbus7: 480Mbps High Speed USB v2.0\nugen0.1: \u003cIntel\u003e at usbus0\nuhub0: \u003cIntel UHCI root HUB, class 9/0, rev 1.00/1.00, addr 1\u003e on usbus0\nugen1.1: \u003cIntel\u003e at usbus1\nuhub1: \u003cIntel UHCI root HUB, class 9/0, rev 1.00/1.00, addr 1\u003e on usbus1\nugen2.1: \u003cIntel\u003e at usbus2\nuhub2: \u003cIntel UHCI root HUB, class 9/0, rev 1.00/1.00, addr 1\u003e on usbus2\nugen3.1: \u003cIntel\u003e at usbus3\nuhub3: \u003cIntel EHCI root HUB, class 9/0, rev 2.00/1.00, addr 1\u003e on usbus3\nugen4.1: \u003cIntel\u003e at usbus4\nuhub4: \u003cIntel UHCI root HUB, class 9/0, rev 1.00/1.00, addr 1\u003e on usbus4\nugen6.1: \u003cIntel\u003e at usbus6\nuhub5: \u003cIntel UHCI root HUB, class 9/0, rev 1.00/1.00, addr 1\u003e on usbus6\nugen5.1: \u003cIntel\u003e at usbus5\nuhub6: \u003cIntel UHCI root HUB, class 9/0, rev 1.00/1.00, addr 1\u003e on usbus5\nugen7.1: \u003cIntel\u003e at usbus7\nuhub7: \u003cIntel EHCI root HUB, class 9/0, rev 2.00/1.00, addr 1\u003e on usbus7\nuhub0: 2 ports with 2 removable, self powered\nuhub1: 2 ports with 2 removable, self powered\nuhub2: 2 ports with 2 removable, self powered\nuhub4: 2 ports with 2 removable, self powered\nuhub5: 2 ports with 2 removable, self powered\nuhub6: 2 ports with 2 removable, self powered\nada0 at ata2 bus 0 scbus0 target 0 lun 0\nada0: \u003cST380815AS 4.ADA\u003e ATA-7 SATA 2.x device\nada0: Serial Number 5RW48EHG\nada0: 300.000MB/s transfers (SATA 2.x, UDMA5, PIO 8192bytes)\nada0: 76293MB (156250000 512 byte sectors)\nada0: Previously was known as ad0\nada1 at ata3 bus 0 scbus1 target 0 lun 0\nada1: \u003cST380815AS 4.ADA\u003e ATA-7 SATA 2.x device\nada1: Serial Number 5RW475QJ\nada1: 300.000MB/s transfers (SATA 2.x, UDMA5, PIO 8192bytes)\nada1: 76293MB (156250000 512 byte sectors)\nada1: Previously was known as ad1\npass2 at ata4 bus 0 scbus2 target 0 lun 0\npass2: \u003cTSSTcorp DVD+-RW TS-H653F D200\u003e Removable CD-ROM SCSI device\npass2: 150.000MB/s transfers (SATA 1.x, UDMA5, ATAPI 12bytes, PIO 8192bytes)\nGEOM_RAID: Intel-29b44d78: Array Intel-29b44d78 created.\nGEOM_RAID: Intel-29b44d78: Disk ada0 state changed from NONE to ACTIVE.\nGEOM_RAID: Intel-29b44d78: Subdisk Volume0:0-ada0 state changed from NONE to ACTIVE.\nGEOM_RAID: Intel-29b44d78: Disk ada1 state changed from NONE to ACTIVE.\nGEOM_RAID: Intel-29b44d78: Subdisk Volume0:1-ada1 state changed from NONE to ACTIVE.\nGEOM_RAID: Intel-29b44d78: Array started.\nGEOM_RAID: Intel-29b44d78: Volume Volume0 state changed from STARTING to OPTIMAL.\nGEOM_RAID: Intel-29b44d78: Provider raid/r0 for volume Volume0 created.\nSMP: AP CPU #1 Launched!\nTimecounter \"TSC-low\" frequency 1263526529 Hz quality 1000\nhwpmc: SOFT/16/64/0x67\u003cINT,USR,SYS,REA,WRI\u003e TSC/1/64/0x20\u003cREA\u003e IAP/2/40/0x3ff\u003cINT,USR,SYS,EDG,THR,REA,WRI,INV,QUA,PRC\u003e IAF/3/40/0x67\u003cINT,USR,SYS,REA,WRI\u003e\nRoot mount waiting for: usbus7 usbus3\nuhub3: 6 ports with 6 removable, self powered\nuhub7: 6 ports with 6 removable, self powered\nTrying to mount root from ufs:/dev/raid/r0s1a [rw]...\nukbd0: \u003cDell Dell USB Keyboard, class 0/0, rev 1.10/3.01, addr 2\u003e on usbus5\nkbd1 at ukbd0\n...\u003c5\u003eem0: link state changed to UP\n got link\nem1: link state changed to UP\nipfw2 (+ipv6) initialized, divert loadable, nat loadable, default to deny, logging disabled\nDUMMYNET 0 with IPv6 initialized (100409)\nload_dn_sched dn_sched FIFO loaded\nload_dn_sched dn_sched QFQ loaded\nload_dn_sched dn_sched RR loaded\nload_dn_sched dn_sched WF2Q+ loaded\nload_dn_sched dn_sched PRIO loaded"
}