{
 "id": 1296318,
 "bug_id": 276967,
 "attachment_id": 0,
 "creation_time": "2024-02-11T08:26:21Z",
 "creator": "thomas@gibfest.dk",
 "text": "Hello,\n\nWe have a server which has developed a periodic issue where the server becomes weirdly slow and unresponsive and only a hard reboot seems to help. It happened again today and I tried digging into it a bit before rebooting.\n\nThis has become an issue since we upgraded from 13-STABLE-93f39b4675 (built July 21st, 2023) to 13-STABLE-7a241fa318 (built on December 11th, 2023). Digging through commits to stable/13 in that period did not turn up anything that caught my eye.\n\nIt turns out it is because monitoring is running /usr/sbin/prometheus_sysctl_exporter once every minute in a monitoring job. This is usually not an issue. Digging into it today it turns out it is sysctl itself that is being slow, when it has to print out the dev.hwpstate_intel.X.epp number. Sometimes it is fast, sometimes it takes 1-10 seconds to return, and sometimes minutes.\n\nI timed a `sysctl -a` and it took 39 minutes to return, pausing before printing each of the 6 dev.hwpstate_intel.X.epp oids my system has.\n\nUptime was 39ish days when this happened, last time it happened uptime was just over 3 weeks.\n\nWhile the issue was active this morning I tried running \"truss sysctl dev.hwpstate_intel\" and it doesn't show any difference between a \"fast\" run and a \"slow\" run. It pauses after printing this line (the numbers vary but it is always at the oidfmt call)\n\n__sysctl(\"sysctl.oidfmt dev.hwpstate_intel.0.epp\",6,0x3a7c02008450,0x3a7c020077d8,0x0,0) = 0 (0x0)\n\nThe next call after the oidfmt call is:\n\n__sysctl(\"dev.hwpstate_intel.0.epp\",4,0x0,0x3a7c020077d0,0x0,0) = 0 (0x0)\n\nSo I guess this might be what is taking a long time?\n\nI've included /var/run/dmesg.boot in case it is relevant. The server is an Intel NUC:\n\n================================================================\n[tykling@nuc1 ~]$ cat /var/run/dmesg.boot \nCopyright (c) 1992-2021 The FreeBSD Project.\nCopyright (c) 1979, 1980, 1983, 1986, 1988, 1989, 1991, 1992, 1993, 1994\n        The Regents of the University of California. All rights reserved.\nFreeBSD is a registered trademark of The FreeBSD Foundation.\nFreeBSD 13.2-STABLE stable/13-7a241fa318 GENERIC amd64\nFreeBSD clang version 16.0.6 (https://github.com/llvm/llvm-project.git llvmorg-16.0.6-0-g7cbf1a259152)\nVT(vga): resolution 640x480\nCPU: Intel(R) Core(TM) i7-10710U CPU @ 1.10GHz (1600.00-MHz K8-class CPU)\n  Origin=\"GenuineIntel\"  Id=0xa0660  Family=0x6  Model=0xa6  Stepping=0\n  Features=0xbfebfbff\u003cFPU,VME,DE,PSE,TSC,MSR,PAE,MCE,CX8,APIC,SEP,MTRR,PGE,MCA,CMOV,PAT,PSE36,CLFLUSH,DTS,ACPI,MMX,FXSR,SSE,SSE2,SS,HTT,TM,PBE\u003e\n  Features2=0x7ffafbbf\u003cSSE3,PCLMULQDQ,DTES64,MON,DS_CPL,VMX,EST,TM2,SSSE3,SDBG,FMA,CX16,xTPR,PDCM,PCID,SSE4.1,SSE4.2,x2APIC,MOVBE,POPCNT,TSCDLT,AESNI,XSAVE,OSXSAVE,AVX,F16C,RDRAND\u003e\n  AMD Features=0x2c100800\u003cSYSCALL,NX,Page1GB,RDTSCP,LM\u003e\n  AMD Features2=0x121\u003cLAHF,ABM,Prefetch\u003e\n  Structured Extended Features=0x29c67af\u003cFSGSBASE,TSCADJ,SGX,BMI1,AVX2,SMEP,BMI2,ERMS,INVPCID,NFPUSG,MPX,RDSEED,ADX,SMAP,CLFLUSHOPT,PROCTRACE\u003e\n  Structured Extended Features3=0xbc000400\u003cMD_CLEAR,IBPB,STIBP,L1DFL,ARCH_CAP,SSBD\u003e\n  XSAVE Features=0xf\u003cXSAVEOPT,XSAVEC,XINUSE,XSAVES\u003e\n  IA32_ARCH_CAPS=0x2b\u003cRDCL_NO,IBRS_ALL,SKIP_L1DFL_VME,MDS_NO\u003e\n  VT-x: PAT,HLT,MTF,PAUSE,EPT,UG,VPID\n  TSC: P-state invariant, performance statistics\nreal memory  = 34359738368 (32768 MB)\navail memory = 33013563392 (31484 MB)\nEvent timer \"LAPIC\" quality 600\nACPI APIC Table: \u003cINTEL NUC9i5FN\u003e\nFreeBSD/SMP: Multiprocessor System Detected: 6 CPUs\nFreeBSD/SMP: 1 package(s) x 6 core(s)\nrandom: registering fast source Intel Secure Key RNG\nrandom: fast provider: \"Intel Secure Key RNG\"\nrandom: unblocking device.\nioapic0 \u003cVersion 2.0\u003e irqs 0-119\nLaunching APs: 2 3 4 1 5\nrandom: entropy device external interface\nkbd0 at kbdmux0\nefirtc0: \u003cEFI Realtime Clock\u003e\nefirtc0: registered as a time-of-day clock, resolution 1.000000s\nsmbios0: \u003cSystem Management BIOS\u003e at iomem 0x2f9df000-0x2f9df01e\nsmbios0: Version: 3.3, BCD Revision: 3.3\naesni0: \u003cAES-CBC,AES-CCM,AES-GCM,AES-ICM,AES-XTS\u003e\nacpi0: \u003cINTEL\u003e\nacpi0: Power Button (fixed)\ncpu0: \u003cACPI CPU\u003e on acpi0\nhpet0: \u003cHigh Precision Event Timer\u003e iomem 0xfed00000-0xfed003ff on acpi0\nTimecounter \"HPET\" frequency 24000000 Hz quality 950\nEvent timer \"HPET\" frequency 24000000 Hz quality 550\nEvent timer \"HPET1\" frequency 24000000 Hz quality 440\nEvent timer \"HPET2\" frequency 24000000 Hz quality 440\nattimer0: \u003cAT timer\u003e port 0x40-0x43,0x50-0x53 irq 0 on acpi0\nTimecounter \"i8254\" frequency 1193182 Hz quality 0\nEvent timer \"i8254\" frequency 1193182 Hz quality 100\nTimecounter \"ACPI-fast\" frequency 3579545 Hz quality 900\nacpi_timer0: \u003c24-bit timer at 3.579545MHz\u003e port 0x1808-0x180b on acpi0\nacpi_ec0: \u003cEmbedded Controller: GPE 0x6e\u003e port 0x62,0x66 on acpi0\npcib0: \u003cACPI Host-PCI bridge\u003e port 0xcf8-0xcff on acpi0\npci0: \u003cACPI PCI bus\u003e on pcib0\nvgapci0: \u003cVGA-compatible display\u003e port 0x3000-0x303f mem 0x6000000000-0x6000ffffff,0x4000000000-0x400fffffff at device 2.0 on pci0\nvgapci0: Boot video device\nxhci0: \u003cXHCI (generic) USB 3.0 controller\u003e mem 0x6001000000-0x600100ffff at device 20.0 on pci0\nxhci0: 32 bytes context size, 64-bit DMA\nusbus0 on xhci0\nusbus0: 5.0Gbps Super Speed USB v3.0\npci0: \u003cmemory, RAM\u003e at device 20.2 (no driver attached)\npci0: \u003cserial bus\u003e at device 21.0 (no driver attached)\npci0: \u003cserial bus\u003e at device 21.2 (no driver attached)\npci0: \u003csimple comms\u003e at device 22.0 (no driver attached)\nahci0: \u003cAHCI SATA controller\u003e port 0x3090-0x3097,0x3080-0x3083,0x3060-0x307f mem 0x3d220000-0x3d221fff,0x3d223000-0x3d2230ff,0x3d222000-0x3d2227ff at device 23.0 on pci0\nahci0: AHCI v1.31 with 1 6Gbps ports, Port Multiplier not supported\nahcich2: \u003cAHCI channel\u003e at channel 2 on ahci0\npcib1: \u003cACPI PCI-PCI bridge\u003e at device 29.0 on pci0\npci1: \u003cACPI PCI bus\u003e on pcib1\nnvme0: \u003cGeneric NVMe Device\u003e mem 0x3d100000-0x3d103fff at device 0.0 on pci1\npcib2: \u003cACPI PCI-PCI bridge\u003e at device 29.5 on pci0\npci2: \u003cACPI PCI bus\u003e on pcib2\nsdhci_pci0: \u003cGeneric SD HCI\u003e mem 0x3d000000-0x3d000fff at device 0.0 on pci2\nsdhci_pci0: 1 slot(s) allocated\nisab0: \u003cPCI-ISA bridge\u003e at device 31.0 on pci0\nisa0: \u003cISA bus\u003e on isab0\npci0: \u003cserial bus\u003e at device 31.5 (no driver attached)\nem0: \u003cIntel(R) I219-V CMP(10)\u003e mem 0x3d200000-0x3d21ffff at device 31.6 on pci0\nem0: EEPROM V0.8-4\nem0: Using 1024 TX descriptors and 1024 RX descriptors\nem0: Using an MSI interrupt\nem0: Ethernet address: 1c:69:7a:ab:fe:be\nem0: netmap queues/slots: TX 1/1024, RX 1/1024\nacpi_button0: \u003cSleep Button\u003e on acpi0\nacpi_button1: \u003cPower Button\u003e on acpi0\nacpi_tz0: \u003cThermal Zone\u003e on acpi0\nacpi_syscontainer0: \u003cSystem Container\u003e on acpi0\nacpi_tz1: \u003cThermal Zone\u003e on acpi0\nacpi_tz1: _HOT value is absurd, ignored (-73.1C)\natrtc0: \u003cAT realtime clock\u003e at port 0x70 irq 8 on isa0\natrtc0: Warning: Couldn't map I/O.\natrtc0: registered as a time-of-day clock, resolution 1.000000s\nEvent timer \"RTC\" frequency 32768 Hz quality 0\natrtc0: non-PNP ISA device will be removed from GENERIC in FreeBSD 15.\nhwpstate_intel0: \u003cIntel Speed Shift\u003e on cpu0\nhwpstate_intel1: \u003cIntel Speed Shift\u003e on cpu1\nhwpstate_intel2: \u003cIntel Speed Shift\u003e on cpu2\nhwpstate_intel3: \u003cIntel Speed Shift\u003e on cpu3\nhwpstate_intel4: \u003cIntel Speed Shift\u003e on cpu4\nhwpstate_intel5: \u003cIntel Speed Shift\u003e on cpu5\nTimecounter \"TSC\" frequency 1607993387 Hz quality 1000\nTimecounters tick every 1.000 msec\nZFS filesystem version: 5\nZFS storage pool version: features support (5000)\nacpi_tz1: _TMP value is absurd, ignored (-263.1C)\nugen0.1: \u003cIntel XHCI root HUB\u003e at usbus0\nuhub0 on usbus0\nuhub0: \u003cIntel XHCI root HUB, class 9/0, rev 3.00/1.00, addr 1\u003e on usbus0\nnvd0: \u003cINTEL SSDPEKNW512G8\u003e NVMe namespace\nnvd0: 488386MB (1000215216 512 byte sectors)\nada0 at ahcich2 bus 0 scbus0 target 0 lun 0\nada0: \u003cWDC WDS100T1R0A-68A4W0 411000WR\u003e ACS-4 ATA SATA 3.x device\nada0: Serial Number 21356C802096\nada0: 600.000MB/s transfers (SATA 3.x, UDMA6, PIO 512bytes)\nada0: Command Queueing enabled\nada0: 953869MB (1953525168 512 byte sectors)\nTrying to mount root from zfs:zroot/ROOT/13-STABLE-7a241fa318 []...\nGEOM_MIRROR: Device mirror/swap launched (2/2).\nuhub0: 18 ports with 18 removable, self powered\nGEOM_ELI: Device mirror/swap.eli created.\nGEOM_ELI: Encryption: AES-XTS 128\nGEOM_ELI:     Crypto: accelerated software\npchtherm0: \u003cCometLake-LP Thermal Subsystem\u003e mem 0x6001017000-0x6001017fff at device 18.0 on pci0\nig4iic0: \u003cIntel Comet Lake-LP I2C Controller-0\u003e at device 21.0 on pci0\nig4iic0: Using MSI\niicbus0: \u003cPhilips I2C bus (ACPI-hinted)\u003e on ig4iic0\nig4iic1: \u003cIntel Comet Lake-LP I2C Controller-2\u003e at device 21.2 on pci0\nig4iic1: Using MSI\niicbus1: \u003cPhilips I2C bus (ACPI-hinted)\u003e on ig4iic1\niicbus1: \u003cunknown card\u003e at addr 0x20\nichsmb0: \u003cIntel Comet Lake SMBus controller\u003e port 0xefa0-0xefbf mem 0x6001012000-0x60010120ff at device 31.4 on pci0\nsmbus0: \u003cSystem Management Bus\u003e on ichsmb0\nacpi_wmi0: \u003cACPI-WMI mapping\u003e on acpi0\nacpi_wmi0: Embedded MOF found\nACPI: \\134AMW0.WQBA: 1 arguments were passed to a non-method ACPI object (Buffer) (20201113/nsarguments-361)\nacpi_wmi1: \u003cACPI-WMI mapping\u003e on acpi0\nacpi_wmi2: \u003cACPI-WMI mapping\u003e on acpi0\nacpi_wmi2: Embedded MOF found\nACPI: \\134_SB.WFDE.WQCC: 1 arguments were passed to a non-method ACPI object (Buffer) (20201113/nsarguments-361)\nacpi_wmi3: \u003cACPI-WMI mapping\u003e on acpi0\nacpi_wmi3: Embedded MOF found\nACPI: \\134_SB.WFTE.WQCC: 1 arguments were passed to a non-method ACPI object (Buffer) (20201113/nsarguments-361)\nbridge1: Ethernet address: 58:9c:fc:10:8e:78\nbridge0: Ethernet address: 58:9c:fc:10:cc:5a\nlo0: link state changed to UP\nem0: link state changed to UP\npflog0: promiscuous mode enabled\nAccounting enabled\n================================================================\n\npowerd is not enabled on the system. It used to be, but it has been disabled in December when I first discovered this issue. I hoped disabling powerd would make the issue go away but it hasn't.\n\nI realise this isn't a lot to go on, and I can't really force the issue, so if anyone has any suggestions to what I might try the next time it happens then please share them. It might be weeks thought. The server is in production but I can test stuff in off-hours.\n\nThank you! :)"
}