{
 "id": 741416,
 "bug_id": 184505,
 "attachment_id": 0,
 "creation_time": "2013-12-04T22:40:01Z",
 "creator": "ler@FreeBSD.org",
 "text": "3 out of 4 boots, 2 of my drives negotiate 3.3meg/sec instead of 320meg/sec.\n\nThis is on an AHD controller.  It's more prevalant since my move from 8.4 to 10.0. \n\ndmesg.boot:\n\n Copyright (c) 1992-2013 The FreeBSD Project.\n Copyright (c) 1979, 1980, 1983, 1986, 1988, 1989, 1991, 1992, 1993, 1994\n \tThe Regents of the University of California. All rights reserved.\n FreeBSD is a registered trademark of The FreeBSD Foundation.\n FreeBSD 10.0-BETA4 #6 r258931: Wed Dec  4 15:05:52 CST 2013\n     root@thebighonker.lerctr.org:/usr/obj/usr/src/sys/THEBIGHONKER amd64\n FreeBSD clang version 3.3 (tags/RELEASE_33/final 183502) 20130610\n CPU: Intel(R) Xeon(TM) CPU 3.00GHz (2992.56-MHz K8-class CPU)\n   Origin = \"GenuineIntel\"  Id = 0xf43  Family = 0xf  Model = 0x4  Stepping = 3\n   Features=0xbfebfbff\u003cFPU,VME,DE,PSE,TSC,MSR,PAE,MCE,CX8,APIC,SEP,MTRR,PGE,MCA,CMOV,PAT,PSE36,CLFLUSH,DTS,ACPI,MMX,FXSR,SSE,SSE2,SS,HTT,TM,PBE\u003e\n   Features2=0x641d\u003cSSE3,DTES64,MON,DS_CPL,CNXT-ID,CX16,xTPR\u003e\n   AMD Features=0x20100800\u003cSYSCALL,NX,LM\u003e\n   TSC: P-state invariant\n real memory  = 9395240960 (8960 MB)\n avail memory = 8282472448 (7898 MB)\n Event timer \"LAPIC\" quality 400\n ACPI APIC Table: \u003cPTLTD  \t APIC  \u003e\n FreeBSD/SMP: Multiprocessor System Detected: 4 CPUs\n FreeBSD/SMP: 2 package(s) x 1 core(s) x 2 HTT threads\n  cpu0 (BSP): APIC ID:  0\n  cpu1 (AP/HT): APIC ID:  1\n  cpu2 (AP): APIC ID:  6\n  cpu3 (AP/HT): APIC ID:  7\n ioapic0 \u003cVersion 2.0\u003e irqs 0-23 on motherboard\n ioapic1 \u003cVersion 2.0\u003e irqs 24-47 on motherboard\n ioapic2 \u003cVersion 2.0\u003e irqs 48-71 on motherboard\n random: \u003cSoftware, Yarrow\u003e initialized\n kbd1 at kbdmux0\n acpi0: \u003cPTLTD   RSDT\u003e on motherboard\n acpi0: Power Button (fixed)\n cpu0: \u003cACPI CPU\u003e on acpi0\n cpu1: \u003cACPI CPU\u003e on acpi0\n cpu2: \u003cACPI CPU\u003e on acpi0\n cpu3: \u003cACPI CPU\u003e on acpi0\n hpet0: \u003cHigh Precision Event Timer\u003e iomem 0xfed00000-0xfed003ff irq 0,8 on acpi0\n Timecounter \"HPET\" frequency 14318180 Hz quality 950\n Event timer \"HPET\" frequency 14318180 Hz quality 450\n Event timer \"HPET1\" frequency 14318180 Hz quality 440\n Event timer \"HPET2\" frequency 14318180 Hz quality 440\n atrtc0: \u003cAT realtime clock\u003e port 0x70-0x77 on acpi0\n Event timer \"RTC\" frequency 32768 Hz quality 0\n attimer0: \u003cAT timer\u003e port 0x40-0x43 on acpi0\n Timecounter \"i8254\" frequency 1193182 Hz quality 0\n Event timer \"i8254\" frequency 1193182 Hz quality 100\n Timecounter \"ACPI-fast\" frequency 3579545 Hz quality 900\n acpi_timer0: \u003c24-bit timer at 3.579545MHz\u003e port 0x1008-0x100b on acpi0\n pcib0: \u003cACPI Host-PCI bridge\u003e port 0xcf8-0xcff on acpi0\n pci0: \u003cACPI PCI bus\u003e on pcib0\n pci0: \u003cunknown\u003e at device 0.1 (no driver attached)\n pci0: \u003cbase peripheral\u003e at device 1.0 (no driver attached)\n pcib1: \u003cACPI PCI-PCI bridge\u003e irq 16 at device 2.0 on pci0\n pci1: \u003cACPI PCI bus\u003e on pcib1\n pcib2: \u003cACPI PCI-PCI bridge\u003e at device 0.0 on pci1\n pci2: \u003cACPI PCI bus\u003e on pcib2\n ahd0: \u003cAdaptec AIC7902 Ultra320 SCSI adapter\u003e port 0x2400-0x24ff,0x2000-0x20ff mem 0xdd200000-0xdd201fff irq 32 at device 2.0 on pci2\n aic7902: Ultra320 Wide Channel A, SCSI Id=7, PCI-X 101-133MHz, 512 SCBs\n ahd1: \u003cAdaptec AIC7902 Ultra320 SCSI adapter\u003e port 0x2c00-0x2cff,0x2800-0x28ff mem 0xdd202000-0xdd203fff irq 33 at device 2.1 on pci2\n aic7902: Ultra320 Wide Channel B, SCSI Id=7, PCI-X 101-133MHz, 512 SCBs\n pcib3: \u003cACPI PCI-PCI bridge\u003e at device 0.2 on pci1\n pci3: \u003cACPI PCI bus\u003e on pcib3\n em0: \u003cIntel(R) PRO/1000 Legacy Network Connection 1.0.6\u003e port 0x3000-0x303f mem 0xdd300000-0xdd31ffff irq 54 at device 2.0 on pci3\n em0: Ethernet address: 00:30:48:2e:99:ba\n em1: \u003cIntel(R) PRO/1000 Legacy Network Connection 1.0.6\u003e port 0x3040-0x307f mem 0xdd320000-0xdd33ffff irq 55 at device 2.1 on pci3\n em1: Ethernet address: 00:30:48:2e:99:bb\n pcib4: \u003cACPI PCI-PCI bridge\u003e irq 16 at device 4.0 on pci0\n pci4: \u003cACPI PCI bus\u003e on pcib4\n pcib5: \u003cACPI PCI-PCI bridge\u003e irq 16 at device 6.0 on pci0\n pci5: \u003cACPI PCI bus\u003e on pcib5\n uhci0: \u003cIntel 82801EB (ICH5) USB controller USB-A\u003e port 0x1400-0x141f irq 16 at device 29.0 on pci0\n usbus0 on uhci0\n uhci1: \u003cIntel 82801EB (ICH5) USB controller USB-B\u003e port 0x1420-0x143f irq 19 at device 29.1 on pci0\n usbus1 on uhci1\n uhci2: \u003cIntel 82801EB (ICH5) USB controller USB-C\u003e port 0x1440-0x145f irq 18 at device 29.2 on pci0\n usbus2 on uhci2\n uhci3: \u003cIntel 82801EB (ICH5) USB controller USB-D\u003e port 0x1460-0x147f irq 16 at device 29.3 on pci0\n usbus3 on uhci3\n ehci0: \u003cIntel 82801EB/R (ICH5) USB 2.0 controller\u003e mem 0xdd001000-0xdd0013ff irq 23 at device 29.7 on pci0\n usbus4: EHCI version 1.0\n usbus4 on ehci0\n pcib6: \u003cACPI PCI-PCI bridge\u003e at device 30.0 on pci0\n pci6: \u003cACPI PCI bus\u003e on pcib6\n vgapci0: \u003cVGA-compatible display\u003e port 0x4000-0x40ff mem 0xde000000-0xdeffffff,0xdd400000-0xdd400fff irq 17 at device 1.0 on pci6\n drm0: \u003cRage XL\u003e on vgapci0\n info: [drm] Initialized mach64 2.0.0 20060718\n isab0: \u003cPCI-ISA bridge\u003e at device 31.0 on pci0\n isa0: \u003cISA bus\u003e on isab0\n atapci0: \u003cIntel ICH5 UDMA100 controller\u003e port 0x1f0-0x1f7,0x3f6,0x170-0x177,0x376,0x14a0-0x14af at device 31.1 on pci0\n ata0: \u003cATA channel\u003e at channel 0 on atapci0\n ata1: \u003cATA channel\u003e at channel 1 on atapci0\n ichsmb0: \u003cIntel 82801EB (ICH5) SMBus controller\u003e port 0x1100-0x111f irq 17 at device 31.3 on pci0\n smbus0: \u003cSystem Management Bus\u003e on ichsmb0\n smb0: \u003cSMBus generic I/O\u003e on smbus0\n acpi_button0: \u003cPower Button\u003e on acpi0\n atkbdc0: \u003cKeyboard controller (i8042)\u003e port 0x60,0x64 irq 1 on acpi0\n atkbd0: \u003cAT Keyboard\u003e irq 1 on atkbdc0\n kbd0 at atkbd0\n atkbd0: [GIANT-LOCKED]\n uart0: \u003c16550 or compatible\u003e port 0x3f8-0x3ff irq 4 flags 0x10 on acpi0\n uart1: \u003c16550 or compatible\u003e port 0x2f8-0x2ff irq 3 on acpi0\n fdc0: \u003cfloppy drive controller\u003e port 0x3f0-0x3f5,0x3f7 irq 6 drq 2 on acpi0\n fd0: \u003c1440-KB 3.5\" drive\u003e on fdc0 drive 0\n orm0: \u003cISA Option ROMs\u003e at iomem 0xc0000-0xc7fff,0xc8000-0xc8fff on isa0\n sc0: \u003cSystem console\u003e at flags 0x100 on isa0\n sc0: VGA \u003c16 virtual consoles, flags=0x300\u003e\n vga0: \u003cGeneric ISA VGA\u003e at port 0x3c0-0x3df iomem 0xa0000-0xbffff on isa0\n ppc0: cannot reserve I/O port range\n p4tcc0: \u003cCPU Frequency Thermal Control\u003e on cpu0\n p4tcc1: \u003cCPU Frequency Thermal Control\u003e on cpu1\n p4tcc2: \u003cCPU Frequency Thermal Control\u003e on cpu2\n p4tcc3: \u003cCPU Frequency Thermal Control\u003e on cpu3\n ZFS filesystem version: 5\n ZFS storage pool version: features support (5000)\n Timecounters tick every 1.000 msec\n random: unblocking device.\n usbus0: 12Mbps Full Speed USB v1.0\n usbus1: 12Mbps Full Speed USB v1.0\n usbus2: 12Mbps Full Speed USB v1.0\n usbus3: 12Mbps Full Speed USB v1.0\n usbus4: 480Mbps High Speed USB v2.0\n ugen1.1: \u003cIntel\u003e at usbus1\n uhub0: \u003cIntel UHCI root HUB, class 9/0, rev 1.00/1.00, addr 1\u003e on usbus1\n ugen0.1: \u003cIntel\u003e at usbus0\n uhub1: \u003cIntel UHCI root HUB, class 9/0, rev 1.00/1.00, addr 1\u003e on usbus0\n ugen3.1: \u003cIntel\u003e at usbus3\n uhub2: \u003cIntel UHCI root HUB, class 9/0, rev 1.00/1.00, addr 1\u003e on usbus3\n ugen2.1: \u003cIntel\u003e at usbus2\n uhub3: \u003cIntel UHCI root HUB, class 9/0, rev 1.00/1.00, addr 1\u003e on usbus2\n ugen4.1: \u003cIntel\u003e at usbus4\n uhub4: \u003cIntel EHCI root HUB, class 9/0, rev 2.00/1.00, addr 1\u003e on usbus4\n uhub0: 2 ports with 2 removable, self powered\n uhub1: 2 ports with 2 removable, self powered\n uhub2: 2 ports with 2 removable, self powered\n uhub3: 2 ports with 2 removable, self powered\n uhub4: 8 ports with 8 removable, self powered\n ahd0: Invalid Sequencer interrupt occurred.\n \u003e\u003e\u003e\u003e\u003e\u003e\u003e\u003e\u003e\u003e\u003e\u003e\u003e\u003e\u003e\u003e\u003e\u003e Dump Card State Begins \u003c\u003c\u003c\u003c\u003c\u003c\u003c\u003c\u003c\u003c\u003c\u003c\u003c\u003c\u003c\u003c\u003c\n ahd0: Dumping Card State at program address 0x23c Mode 0x0\n Card was paused\n INTSTAT[0x0] SELOID[0x2] SELID[0x30] HS_MAILBOX[0x0] \n INTCTL[0x80]:(SWTMINTMASK) SEQINTSTAT[0x0] SAVED_MODE[0x11] \n DFFSTAT[0x33]:(CURRFIFO_NONE|FIFO0FREE|FIFO1FREE) \n SCSISIGI[0x0]:(P_DATAOUT) SCSIPHASE[0x0] SCSIBUS[0x0] \n LASTPHASE[0x1]:(P_DATAOUT|P_BUSFREE) SCSISEQ0[0x0] \n SCSISEQ1[0x12]:(ENAUTOATNP|ENRSELI) SEQCTL0[0x0] SEQINTCTL[0x6]:(INTMASK1|INTMASK2) \n SEQ_FLAGS[0x0] SEQ_FLAGS2[0x0] QFREEZE_COUNT[0x5] \n KERNEL_QFREEZE_COUNT[0x5] MK_MESSAGE_SCB[0xff00] MK_MESSAGE_SCSIID[0xff] \n SSTAT0[0x0] SSTAT1[0x0] SSTAT2[0x0] SSTAT3[0x0] PERRDIAG[0x0] \n SIMODE1[0xa4]:(ENSCSIPERR|ENSCSIRST|ENSELTIMO) LQISTAT0[0x0] \n LQISTAT1[0x0] LQISTAT2[0x0] LQOSTAT0[0x0] LQOSTAT1[0x0] \n LQOSTAT2[0x0] \n \n SCB Count = 512 CMDS_PENDING = 0 LASTSCB 0xffff CURRSCB 0x1f1 NEXTSCB 0xff80\n qinstart = 59 qinfifonext = 61\n QINFIFO: 0x1fa 0x1f9\n WAITING_TID_QUEUES:\n Pending list:\n 505 FIFO_USE[0x0] SCB_CONTROL[0x48]:(STATUS_RCVD|DISCENB) SCB_SCSIID[0x7] \n 506 FIFO_USE[0x0] SCB_CONTROL[0x48]:(STATUS_RCVD|DISCENB) SCB_SCSIID[0x17] \n Total 2\n Kernel Free SCB lists: \n   Any Device: 507 497 500 498 499 501 502 503 504 508 509 510 511 496 495 494 493 492 491 490 489 488 487 486 485 484 483 482 481 480 479 478 477 476 475 474 473 472 471 470 469 468 467 466 465 464 463 462 461 460 459 458 457 456 455 454 453 452 451 450  449 448 447 446 445 444 443 442 441 440 439 438 437 436 435 434 433 432 431 430 429 428 427 426 425 424 423 422 421 420 419 418 417 416 415 414 413 412 411 410 409 408 407 406 405 404 403 402 401 400 399 398 397 396 395 394 393 392 391 390 389 388 387 38 6 385 384 383 382 381 380 379 378 377 376 375 374 373 372 371 370 369 368 367 366 365 364 363 362 361 360 359 358 357 356 355 354 353 352 351 350 349 348 347 346 345 344 343 342 341 340 339 338 337 336 335 334 333 332 331 330 329 328 327 326 325 324 323  322 321 320 319 318 317 316 315 314 313 312 311 310 309 308 307 306 305 304 303 302 301 300 299 298 297 296 295 294 293 292 291 290 289 288 287 286 285 284 283 282 281 280 279 278 277 276 275 274 273 272 271 270 269 268 267 266 265 264 \n  263 262 261 260 259 258 257 256 255 254 253 252 251 250 249 248 247 246 245 244 243 242 241 240 239 238 237 236 235 234 233 232 231 230 229 228 227 226 225 224 223 222 221 220 219 218 217 216 215 214 213 212 211 210 209 208 207 206 205 204 203 202 201 2 00 199 198 197 196 195 194 193 192 191 190 189 188 187 186 185 184 183 182 181 180 179 178 177 176 175 174 173 172 171 170 169 168 167 166 165 164 163 162 161 160 159 158 157 156 155 154 153 152 151 150 149 148 147 146 145 144 143 142 141 140 139 138 137  136 135 134 133 132 131 130 129 128 127 126 125 124 123 122 121 120 119 118 117 116 115 114 113 112 111 110 109 108 107 106 105 104 103 102 101 100 99 98 97 96 95 94 93 92 91 90 89 88 87 86 85 84 83 82 81 80 79 78 77 76 75 74 73 72 71 70 69 68 67 66 65  64 63 62 61 60 59 58 57 56 55 54 53 52 51 50 49 48 47 46 45 44 43 42 41 40 39 38 37 36 35 34 33 32 31 30 29 28 27 26 25 24 23 22 21 20 19 18 17 16 15 14 13 12 11 10 9 8 7 6 5 4 3 2 1 0 \n Sequencer Complete DMA-inprog list: \n Sequencer Complete list: \n Sequencer DMA-Up and Complete list: \n Sequencer On QFreeze and Complete list: \n \n \n ahd0: FIFO0 Free, LONGJMP == 0x8000, SCB 0x1fb\n SEQIMODE[0x3f]:(ENCFG4TCMD|ENCFG4ICMD|ENCFG4TSTAT|ENCFG4ISTAT|ENCFG4DATA|ENSAVEPTRS) \n SEQINTSRC[0x0] DFCNTRL[0x0] DFSTATUS[0x89]:(FIFOEMP|HDONE|PRELOAD_AVAIL) \n SG_CACHE_SHADOW[0x2]:(LAST_SEG) SG_STATE[0x0] DFFSXFRCTL[0x0] \n SOFFCNT[0x0] MDFFSTAT[0x5]:(FIFOFREE|DLZERO) SHADDR = 0x00, SHCNT = 0x0 \n HADDR = 0x00, HCNT = 0x0 CCSGCTL[0x10]:(SG_CACHE_AVAIL) \n \n ahd0: FIFO1 Free, LONGJMP == 0x8063, SCB 0x1f1\n SEQIMODE[0x3f]:(ENCFG4TCMD|ENCFG4ICMD|ENCFG4TSTAT|ENCFG4ISTAT|ENCFG4DATA|ENSAVEPTRS) \n SEQINTSRC[0x0] DFCNTRL[0x0] DFSTATUS[0x89]:(FIFOEMP|HDONE|PRELOAD_AVAIL) \n SG_CACHE_SHADOW[0x2]:(LAST_SEG) SG_STATE[0x0] DFFSXFRCTL[0x0] \n SOFFCNT[0x0] MDFFSTAT[0x5]:(FIFOFREE|DLZERO) SHADDR = 0x00, SHCNT = 0x0 \n HADDR = 0x00, HCNT = 0x0 CCSGCTL[0x10]:(SG_CACHE_AVAIL) \n LQIN: 0x8 0x0 0x1 0xfb 0x0 0x0 0x0 0x0 0x0 0x0 0x0 0x0 0x0 0x0 0x0 0x0 0x0 0x0 0x0 0x0 \n ahd0: LQISTATE = 0x0, LQOSTATE = 0x0, OPTIONMODE = 0x42\n ahd0: OS_SPACE_CNT = 0x20 MAXCMDCNT = 0x1\n ahd0: SAVED_SCSIID = 0x0 SAVED_LUN = 0x0\n \n SIMODE0[0xc]:(ENOVERRUN|ENIOERR) \n CCSCBCTL[0x0] \n ahd0: REG0 == 0xb860, SINDEX = 0x10e, DINDEX = 0x106\n ahd0: SCBPTR == 0x1fb, SCB_NEXT == 0xff80, SCB_NEXT2 == 0x1f1\n CDB 12 0 0 80 88 18\n STACK: 0x237 0x2 0x0 0x0 0x0 0x0 0x0 0x0\n \u003c\u003c\u003c\u003c\u003c\u003c\u003c\u003c\u003c\u003c\u003c\u003c\u003c\u003c\u003c\u003c\u003c Dump Card State Ends \u003e\u003e\u003e\u003e\u003e\u003e\u003e\u003e\u003e\u003e\u003e\u003e\u003e\u003e\u003e\u003e\u003e\u003e\n (probe3:ahd0:0:3:0): inquiry data fails comparison at DV2 step\n (probe2:ahd0:0:2:0): inquiry data fails comparison at DV1 step\n (ahd0:A:3:0): refuses synchronous negotiation. Using asynchronous transfers\n (ahd0:A:2:0): refuses synchronous negotiation. Using asynchronous transfers\n da0 at ahd0 bus 0 scbus0 target 0 lun 0\n da0: \u003cFUJITSU MAW3147NC 0104\u003e Fixed Direct Access SCSI-3 device \n da0: Serial Number DAA0P7A054GD\n da0: 320.000MB/s transfers (160.000MHz DT, offset 127, 16bit)\n da0: Command Queueing enabled\n da0: 140272MB (287277984 512 byte sectors: 255H 63S/T 17882C)\n cd0 at ata1 bus 0 scbus3 target 1 lun 0\n cd0: \u003cMATSHITA DVD-ROM SR-8177 NE16\u003e Removable CD-ROM SCSI-0 device \n cd0: 33.300MB/s transfers (UDMA2, ATAPI 12bytes, PIO 65534bytes)\n cd0: Attempt to query device size failed: NOT READY, Medium not present\n da2 at ahd0 bus 0 scbus0 target 2 lun 0\n da2: \u003cSEAGATE ST3146707LC 0004\u003e Fixed Direct Access SCSI-3 device \n da2: Serial Number 3KS2NFJG00007611CFPX\n da2: 3.300MB/s transfers\n da2: Command Queueing enabled\n da2: 140014MB (286749488 512 byte sectors: 255H 63S/T 17849C)\n da1 at ahd0 bus 0 scbus0 target 1 lun 0\n da1: \u003cFUJITSU MAW3147NC 0104\u003e Fixed Direct Access SCSI-3 device \n da1: Serial Number DAA0P7A054G3\n da1: 320.000MB/s transfers (160.000MHz DT, offset 127, 16bit)\n da1: Command Queueing enabled\n da1: 140272MB (287277984 512 byte sectors: 255H 63S/T 17882C)\n da3 at ahd0 bus 0 scbus0 target 3 lun 0\n da3: \u003cSEAGATE ST3146707LC 0004\u003e Fixed Direct Access SCSI-3 device \n da3: Serial Number 3KS1Z2KF00007620X9K1\n da3: 3.300MB/s transfers\n da3: Command Queueing enabled\n da3: 140014MB (286749488 512 byte sectors: 255H 63S/T 17849C)\n ses0 at ahd0 bus 0 scbus0 target 6 lun 0\n ses0: \u003cSUPER GEM318 0\u003e Fixed Processor SCSI-2 device \n ses0: 3.300MB/s transfers\n ses0: SAF-TE Compliant Device\n SMP: AP CPU #1 Launched!\n SMP: AP CPU #2 Launched!\n SMP: AP CPU #3 Launched!\n Timecounter \"TSC-low\" frequency 1496279512 Hz quality 1000\n Trying to mount root from ufs:/dev/da0s1a [rw]..."
}