{
 "id": 915500,
 "bug_id": 215898,
 "attachment_id": 178659,
 "creation_time": "2017-01-09T07:23:48Z",
 "creator": "javashin1986@gmail.com",
 "text": "Created attachment 178659\nDMESG\n\npciconf -lv\nhostb0@pci0:0:0:0:\tclass=0x060000 card=0x00011179 chip=0x00448086 rev=0x02 hdr=0x00\n    vendor     = 'Intel Corporation'\n    device     = 'Core Processor DRAM Controller'\n    class      = bridge\n    subclass   = HOST-PCI\nvgapci0@pci0:0:2:0:\tclass=0x030000 card=0x00071179 chip=0x00468086 rev=0x02 hdr=0x00\n    vendor     = 'Intel Corporation'\n    device     = 'Core Processor Integrated Graphics Controller'\n    class      = display\n    subclass   = VGA\nnone0@pci0:0:22:0:\tclass=0x078000 card=0x00011179 chip=0x3b648086 rev=0x06 hdr=0x00\n    vendor     = 'Intel Corporation'\n    device     = '5 Series/3400 Series Chipset HECI Controller'\n    class      = simple comms\nehci0@pci0:0:26:0:\tclass=0x0c0320 card=0x00011179 chip=0x3b3c8086 rev=0x06 hdr=0x00\n    vendor     = 'Intel Corporation'\n    device     = '5 Series/3400 Series Chipset USB2 Enhanced Host Controller'\n    class      = serial bus\n    subclass   = USB\nhdac0@pci0:0:27:0:\tclass=0x040300 card=0x00011179 chip=0x3b568086 rev=0x06 hdr=0x00\n    vendor     = 'Intel Corporation'\n    device     = '5 Series/3400 Series Chipset High Definition Audio'\n    class      = multimedia\n    subclass   = HDA\npcib1@pci0:0:28:0:\tclass=0x060400 card=0x00011179 chip=0x3b428086 rev=0x06 hdr=0x01\n    vendor     = 'Intel Corporation'\n    device     = '5 Series/3400 Series Chipset PCI Express Root Port 1'\n    class      = bridge\n    subclass   = PCI-PCI\npcib2@pci0:0:28:1:\tclass=0x060400 card=0x00011179 chip=0x3b448086 rev=0x06 hdr=0x01\n    vendor     = 'Intel Corporation'\n    device     = '5 Series/3400 Series Chipset PCI Express Root Port 2'\n    class      = bridge\n    subclass   = PCI-PCI\npcib3@pci0:0:28:2:\tclass=0x060400 card=0x00011179 chip=0x3b468086 rev=0x06 hdr=0x01\n    vendor     = 'Intel Corporation'\n    device     = '5 Series/3400 Series Chipset PCI Express Root Port 3'\n    class      = bridge\n    subclass   = PCI-PCI\npcib4@pci0:0:28:3:\tclass=0x060400 card=0x00011179 chip=0x3b488086 rev=0x06 hdr=0x01\n    vendor     = 'Intel Corporation'\n    device     = '5 Series/3400 Series Chipset PCI Express Root Port 4'\n    class      = bridge\n    subclass   = PCI-PCI\nehci1@pci0:0:29:0:\tclass=0x0c0320 card=0x00011179 chip=0x3b348086 rev=0x06 hdr=0x00\n    vendor     = 'Intel Corporation'\n    device     = '5 Series/3400 Series Chipset USB2 Enhanced Host Controller'\n    class      = serial bus\n    subclass   = USB\npcib5@pci0:0:30:0:\tclass=0x060401 card=0x00011179 chip=0x24488086 rev=0xa6 hdr=0x01\n    vendor     = 'Intel Corporation'\n    device     = '82801 Mobile PCI Bridge'\n    class      = bridge\n    subclass   = PCI-PCI\nisab0@pci0:0:31:0:\tclass=0x060100 card=0x00011179 chip=0x3b098086 rev=0x06 hdr=0x00\n    vendor     = 'Intel Corporation'\n    device     = 'HM55 Chipset LPC Interface Controller'\n    class      = bridge\n    subclass   = PCI-ISA\nahci0@pci0:0:31:2:\tclass=0x010601 card=0x00011179 chip=0x3b298086 rev=0x06 hdr=0x00\n    vendor     = 'Intel Corporation'\n    device     = '5 Series/3400 Series Chipset 4 port SATA AHCI Controller'\n    class      = mass storage\n    subclass   = SATA\nnone1@pci0:0:31:6:\tclass=0x118000 card=0x00011179 chip=0x3b328086 rev=0x06 hdr=0x00\n    vendor     = 'Intel Corporation'\n    device     = '5 Series/3400 Series Chipset Thermal Subsystem'\n    class      = dasp\nsdhci_pci0@pci0:1:0:0:\tclass=0x080500 card=0x00011179 chip=0xe8221180 rev=0x01 hdr=0x00\n    vendor     = 'Ricoh Co Ltd'\n    device     = 'MMC/SD Host Controller'\n    class      = base peripheral\n    subclass   = SD host controller\niwm0@pci0:2:0:0:\tclass=0x028000 card=0x40708086 chip=0x08b18086 rev=0xbb hdr=0x00\n    vendor     = 'Intel Corporation'\n    device     = 'Wireless 7260'\n    class      = network\nhostb1@pci0:255:0:0:\tclass=0x060000 card=0x80868086 chip=0x2c628086 rev=0x02 hdr=0x00\n    vendor     = 'Intel Corporation'\n    device     = 'Core Processor QuickPath Architecture Generic Non-core Registers'\n    class      = bridge\n    subclass   = HOST-PCI\nhostb2@pci0:255:0:1:\tclass=0x060000 card=0x80868086 chip=0x2d018086 rev=0x02 hdr=0x00\n    vendor     = 'Intel Corporation'\n    device     = 'Core Processor QuickPath Architecture System Address Decoder'\n    class      = bridge\n    subclass   = HOST-PCI\nhostb3@pci0:255:2:0:\tclass=0x060000 card=0x80868086 chip=0x2d108086 rev=0x02 hdr=0x00\n    vendor     = 'Intel Corporation'\n    device     = 'Core Processor QPI Link 0'\n    class      = bridge\n    subclass   = HOST-PCI\nhostb4@pci0:255:2:1:\tclass=0x060000 card=0x80868086 chip=0x2d118086 rev=0x02 hdr=0x00\n    vendor     = 'Intel Corporation'\n    device     = '1st Generation Core i3/5/7 Processor QPI Physical 0'\n    class      = bridge\n    subclass   = HOST-PCI\nhostb5@pci0:255:2:2:\tclass=0x060000 card=0x80868086 chip=0x2d128086 rev=0x02 hdr=0x00\n    vendor     = 'Intel Corporation'\n    device     = '1st Generation Core i3/5/7 Processor Reserved'\n    class      = bridge\n    subclass   = HOST-PCI\nhostb6@pci0:255:2:3:\tclass=0x060000 card=0x80868086 chip=0x2d138086 rev=0x02 hdr=0x00\n    vendor     = 'Intel Corporation'\n    device     = '1st Generation Core i3/5/7 Processor Reserved'\n    class      = bridge\n    subclass   = HOST-PCI\n\n\nWdmesg\n \nCopyright (c) 1992-2017 The FreeBSD Project.\nCopyright (c) 1979, 1980, 1983, 1986, 1988, 1989, 1991, 1992, 1993, 1994\n\tThe Regents of the University of California. All rights reserved.\nFreeBSD is a registered trademark of The FreeBSD Foundation.\nFreeBSD 12.0-CURRENT #0 r311743M: Mon Jan  9 02:14:01 AST 2017\n    root@darkmaza:/usr/obj/usr/src/sys/GENERIC-NODEBUG amd64\nFreeBSD clang version 3.9.1 (tags/RELEASE_391/final 289601) (based on LLVM 3.9.1)\nVT(vga): resolution 640x480\nmodule zfsctrl already present!\nCPU: Intel(R) Core(TM) i3 CPU       M 380  @ 2.53GHz (2527.07-MHz K8-class CPU)\n  Origin=\"GenuineIntel\"  Id=0x20655  Family=0x6  Model=0x25  Stepping=5\n  Features=0xbfebfbff\u003cFPU,VME,DE,PSE,TSC,MSR,PAE,MCE,CX8,APIC,SEP,MTRR,PGE,MCA,CMOV,PAT,PSE36,CLFLUSH,DTS,ACPI,MMX,FXSR,SSE,SSE2,SS,HTT,TM,PBE\u003e\n  Features2=0x9ae3bd\u003cSSE3,DTES64,MON,DS_CPL,VMX,EST,TM2,SSSE3,CX16,xTPR,PDCM,PCID,SSE4.1,SSE4.2,POPCNT\u003e\n  AMD Features=0x28100800\u003cSYSCALL,NX,RDTSCP,LM\u003e\n  AMD Features2=0x1\u003cLAHF\u003e\n  VT-x: PAT,HLT,MTF,PAUSE,EPT,UG,VPID\n  TSC: P-state invariant, performance statistics\nreal memory  = 4294967296 (4096 MB)\navail memory = 3803156480 (3626 MB)\nEvent timer \"LAPIC\" quality 600\nACPI APIC Table: \u003cTOSHIB A007B   \u003e\nFreeBSD/SMP: Multiprocessor System Detected: 4 CPUs\nFreeBSD/SMP: 1 package(s) x 2 core(s) x 2 hardware threads\nrandom: unblocking device.\nioapic0: Changing APIC ID to 1\nioapic0 \u003cVersion 2.0\u003e irqs 0-23 on motherboard\nSMP: AP CPU #1 Launched!\nSMP: AP CPU #3 Launched!\nSMP: AP CPU #2 Launched!\nTimecounter \"TSC-low\" frequency 1263533224 Hz quality 1000\nCuse v0.1.34 @ /dev/cuse\nrandom: entropy device external interface\nkbd1 at kbdmux0\nnetmap: loaded module\nnexus0\nvtvga0: \u003cVT VGA driver\u003e on motherboard\ncryptosoft0: \u003csoftware crypto\u003e on motherboard\nacpi0: \u003cTOSHIB A007B\u003e on motherboard\nacpi0: Power Button (fixed)\nhpet0: \u003cHigh Precision Event Timer\u003e iomem 0xfed00000-0xfed003ff on acpi0\nTimecounter \"HPET\" frequency 14318180 Hz quality 950\nEvent timer \"HPET\" frequency 14318180 Hz quality 550\nEvent timer \"HPET1\" frequency 14318180 Hz quality 440\nEvent timer \"HPET2\" frequency 14318180 Hz quality 440\nEvent timer \"HPET3\" frequency 14318180 Hz quality 440\nEvent timer \"HPET4\" frequency 14318180 Hz quality 440\ncpu0: \u003cACPI CPU\u003e on acpi0\ncpu1: \u003cACPI CPU\u003e on acpi0\ncpu2: \u003cACPI CPU\u003e on acpi0\ncpu3: \u003cACPI CPU\u003e on acpi0\natrtc0: \u003cAT realtime clock\u003e port 0x70-0x77 irq 8 on acpi0\natrtc0: Warning: Couldn't map I/O.\nEvent timer \"RTC\" frequency 32768 Hz quality 0\nattimer0: \u003cAT timer\u003e port 0x40-0x43,0x50-0x53 irq 0 on acpi0\nTimecounter \"i8254\" frequency 1193182 Hz quality 0\nEvent timer \"i8254\" frequency 1193182 Hz quality 100\nTimecounter \"ACPI-fast\" frequency 3579545 Hz quality 900\nacpi_timer0: \u003c24-bit timer at 3.579545MHz\u003e port 0x408-0x40b on acpi0\npcib0: \u003cACPI Host-PCI bridge\u003e port 0xcf8-0xcff on acpi0\npcib0: could not evaluate _ADR - AE_NOT_FOUND\npci0: \u003cACPI PCI bus\u003e on pcib0\nvgapci0: \u003cVGA-compatible display\u003e port 0x3030-0x3037 mem 0xd0000000-0xd03fffff,0xc0000000-0xcfffffff irq 16 at device 2.0 on pci0\nagp0: \u003cIntel Ironlake (M) SVGA controller\u003e on vgapci0\nagp0: aperture size is 256M, detected 65532k stolen memory\nacpi_video0: \u003cACPI video extension\u003e on vgapci0\nvgapci0: Boot video device\npci0: \u003csimple comms\u003e at device 22.0 (no driver attached)\nehci0: \u003cIntel PCH USB 2.0 controller USB-B\u003e mem 0xd4709000-0xd47093ff irq 16 at device 26.0 on pci0\nusbus0: EHCI version 1.0\nusbus0 on ehci0\nusbus0: 480Mbps High Speed USB v2.0\nhdac0: \u003cIntel 5 Series/3400 Series HDA Controller\u003e mem 0xd4700000-0xd4703fff irq 22 at device 27.0 on pci0\npcib1: \u003cACPI PCI-PCI bridge\u003e irq 16 at device 28.0 on pci0\npcib1: [GIANT-LOCKED]\npci1: \u003cACPI PCI bus\u003e on pcib1\nsdhci_pci0: \u003cRICOH R5CE822 SD\u003e mem 0xd4600000-0xd46000ff irq 16 at device 0.0 on pci1\nsdhci_pci0: 1 slot(s) allocated\npcib2: \u003cACPI PCI-PCI bridge\u003e irq 17 at device 28.1 on pci0\npcib2: [GIANT-LOCKED]\npci2: \u003cACPI PCI bus\u003e on pcib2\niwm0: \u003cIntel Dual Band Wireless AC 7260\u003e mem 0xd4500000-0xd4501fff irq 17 at device 0.0 on pci2\npcib3: \u003cACPI PCI-PCI bridge\u003e irq 18 at device 28.2 on pci0\npcib3: failed to allocate initial prefetch window: 0xd0400000-0xd23fffff\npcib3: [GIANT-LOCKED]\npcib4: \u003cACPI PCI-PCI bridge\u003e irq 19 at device 28.3 on pci0\npcib4: [GIANT-LOCKED]\nehci1: \u003cIntel PCH USB 2.0 controller USB-A\u003e mem 0xd4708000-0xd47083ff irq 23 at device 29.0 on pci0\nusbus1: EHCI version 1.0\nusbus1 on ehci1\nusbus1: 480Mbps High Speed USB v2.0\npcib5: \u003cACPI PCI-PCI bridge\u003e at device 30.0 on pci0\npci3: \u003cACPI PCI bus\u003e on pcib5\nisab0: \u003cPCI-ISA bridge\u003e at device 31.0 on pci0\nisa0: \u003cISA bus\u003e on isab0\nahci0: \u003cIntel 5 Series/3400 Series AHCI SATA controller\u003e port 0x3028-0x302f,0x303c-0x303f,0x3020-0x3027,0x3038-0x303b,0x3000-0x301f mem 0xd4707000-0xd47077ff irq 19 at device 31.2 on pci0\nahci0: AHCI v1.30 with 4 3Gbps ports, Port Multiplier not supported\nahcich0: \u003cAHCI channel\u003e at channel 0 on ahci0\nahcich1: \u003cAHCI channel\u003e at channel 1 on ahci0\nahcich5: \u003cAHCI channel\u003e at channel 5 on ahci0\nahciem0: \u003cAHCI enclosure management bridge\u003e on ahci0\npcib6: \u003cACPI Host-PCI bridge\u003e on acpi0\npci4: \u003cACPI PCI bus\u003e on pcib6\nacpi_acad0: \u003cAC Adapter\u003e on acpi0\nacpi_button0: \u003cPower Button\u003e on acpi0\nacpi_lid0: \u003cControl Method Lid Switch\u003e on acpi0\nbattery0: \u003cACPI Control Method Battery\u003e on acpi0\nacpi_tz0: \u003cThermal Zone\u003e on acpi0\natkbdc0: \u003cKeyboard controller (i8042)\u003e port 0x60,0x64 irq 1 on acpi0\natkbd0: \u003cAT Keyboard\u003e irq 1 on atkbdc0\nkbd0 at atkbd0\natkbd0: [GIANT-LOCKED]\npsm0: \u003cPS/2 Mouse\u003e irq 12 on atkbdc0\npsm0: [GIANT-LOCKED]\npsm0: model Synaptics Touchpad, device ID 0\norm0: \u003cISA Option ROM\u003e at iomem 0xe0000-0xeffff on isa0\nppc0: cannot reserve I/O port range\ncoretemp0: \u003cCPU On-Die Thermal Sensors\u003e on cpu0\nest0: \u003cEnhanced SpeedStep Frequency Control\u003e on cpu0\ncoretemp1: \u003cCPU On-Die Thermal Sensors\u003e on cpu1\nest1: \u003cEnhanced SpeedStep Frequency Control\u003e on cpu1\ncoretemp2: \u003cCPU On-Die Thermal Sensors\u003e on cpu2\nest2: \u003cEnhanced SpeedStep Frequency Control\u003e on cpu2\ncoretemp3: \u003cCPU On-Die Thermal Sensors\u003e on cpu3\nest3: \u003cEnhanced SpeedStep Frequency Control\u003e on cpu3\nNULL mp in getnewvnode()\nfuse-freebsd: version 0.4.4, FUSE ABI 7.8\nZFS filesystem version: 5\nZFS storage pool version: features support (5000)\nTimecounters tick every 1.000 msec\nugen1.1: \u003cIntel EHCI root HUB\u003e at usbus1\nugen0.1: \u003cIntel EHCI root HUB\u003e at usbus0\nhdacc0: \u003cRealtek ALC269 HDA CODEC\u003e at cad 0 on hdac0\nhdaa0: \u003cRealtek ALC269 Audio Function Group\u003e at nid 1 on hdacc0\npcm0: \u003cRealtek ALC269 (Internal Analog)\u003e at nid 20 and 18 on hdaa0\npcm1: \u003cRealtek ALC269 (Right Analog)\u003e at nid 33 and 24 on hdaa0\nhdacc1: \u003cIntel Ibex Peak HDA CODEC\u003e at cad 3 on hdac0\nhdaa1: \u003cIntel Ibex Peak Audio Function Group\u003e at nid 1 on hdacc1\npcm2: \u003cIntel Ibex Peak (HDMI/DP 8ch)\u003e at nid 4 on hdaa1\npcm3: \u003cIntel Ibex Peak (HDMI/DP 8ch)\u003e at nid 5 on hdaa1\nuhub0: \u003cIntel EHCI root HUB, class 9/0, rev 2.00/1.00, addr 1\u003e on usbus0\nuhub1: \u003cIntel EHCI root HUB, class 9/0, rev 2.00/1.00, addr 1\u003e on usbus1\nses0 at ahciem0 bus 0 scbus3 target 0 lun 0\nses0: \u003cAHCI SGPIO Enclosure 1.00 0001\u003e SEMB S-E-S 2.00 device\nses0: SEMB SES Device\nada0 at ahcich0 bus 0 scbus0 target 0 lun 0\nada0: \u003cWDC WD3200BEKT-60F3T1 12.01A12\u003e ATA8-ACS SATA 2.x device\nada0: Serial Number WD-WX20AA9K3948\nada0: 300.000MB/s transfers (SATA 2.x, UDMA5, PIO 8192bytes)\nada0: Command Queueing enabled\nada0: 305245MB (625142448 512 byte sectors)\nSteering write from 0 kBps to 300000 kBps\ncd0 at ahcich1 bus 0 scbus1 target 0 lun 0\ncd0: \u003cMATSHITA DVD-RAM UJ892ES 1.20\u003e Removable CD-ROM SCSI device\ncd0: Serial Number HK31 305776\ncd0: 150.000MB/s transfers (SATA 1.x, UDMA5, ATAPI 12bytes, PIO 8192bytes)\ncd0: Attempt to query device size failed: NOT READY, Medium not present - tray closed\nuhub1: 2 ports with 2 removable, self powered\niwm0: hw rev 0x140, fw ver 16.242414.0, address f0:42:1c:c7:07:59\nuhub0: 2 ports with 2 removable, self powered\nTrying to mount root from zfs:tank/ROOT/default []...\nusb_alloc_device: set address 2 failed (USB_ERR_TIMEOUT, ignored)\nusb_alloc_device: set address 2 failed (USB_ERR_TIMEOUT, ignored)\nusbd_setup_device_desc: getting device descriptor at addr 2 failed, USB_ERR_TIMEOUT\nusbd_setup_device_desc: getting device descriptor at addr 2 failed, USB_ERR_TIMEOUT\nRoot mount waiting for: usbus1 usbus0\nusbd_req_re_enumerate: addr=2, set address failed! (USB_ERR_TIMEOUT, ignored)\nusbd_req_re_enumerate: addr=2, set address failed! (USB_ERR_TIMEOUT, ignored)\nRoot mount waiting for: usbus1 usbus0\nRoot mount waiting for: usbus1 usbus0\nRoot mount waiting for: usbus1 usbus0\nRoot mount waiting for: usbus1 usbus0\nRoot mount waiting for: usbus1 usbus0\nRoot mount waiting for: usbus1 usbus0\nusbd_setup_device_desc: getting device descriptor at addr 2 failed, USB_ERR_TIMEOUT\nusbd_setup_device_desc: getting device descriptor at addr 2 failed, USB_ERR_TIMEOUT\nRoot mount waiting for: usbus1 usbus0\nRoot mount waiting for: usbus1 usbus0\nusbd_req_re_enumerate: addr=2, set address failed! (USB_ERR_TIMEOUT, ignored)\nusbd_req_re_enumerate: addr=2, set address failed! (USB_ERR_TIMEOUT, ignored)\nRoot mount waiting for: usbus1 usbus0\nRoot mount waiting for: usbus1 usbus0\nRoot mount waiting for: usbus1 usbus0\nRoot mount waiting for: usbus1 usbus0\nRoot mount waiting for: usbus1 usbus0\nRoot mount waiting for: usbus1 usbus0\nRoot mount waiting for: usbus1 usbus0\nusbd_setup_device_desc: getting device descriptor at addr 2 failed, USB_ERR_TIMEOUT\nusbd_setup_device_desc: getting device descriptor at addr 2 failed, USB_ERR_TIMEOUT\nRoot mount waiting for: usbus1 usbus0\nusbd_req_re_enumerate: addr=2, set address failed! (USB_ERR_TIMEOUT, ignored)\nusbd_req_re_enumerate: addr=2, set address failed! (USB_ERR_TIMEOUT, ignored)\nRoot mount waiting for: usbus1 usbus0\nRoot mount waiting for: usbus1 usbus0\nRoot mount waiting for: usbus1 usbus0\nusbd_setup_device_desc: getting device descriptor at addr 2 failed, USB_ERR_IOERROR\nusbd_setup_device_desc: getting device descriptor at addr 2 failed, USB_ERR_IOERROR\nRoot mount waiting for: usbus1 usbus0\nugen1.2: \u003cvendor 0x8087 product 0x0020\u003e at usbus1\nuhub2 on uhub1\nuhub2: \u003cvendor 0x8087 product 0x0020, class 9/0, rev 2.00/0.00, addr 2\u003e on usbus1\nugen0.2: \u003cvendor 0x8087 product 0x0020\u003e at usbus0\nuhub3 on uhub0\nuhub3: \u003cvendor 0x8087 product 0x0020, class 9/0, rev 2.00/0.00, addr 2\u003e on usbus0\nRoot mount waiting for: usbus1 usbus0\nuhub3: 6 ports with 6 removable, self powered\nuhub2: 8 ports with 8 removable, self powered\nRoot mount waiting for: usbus1 usbus0\nugen0.3: \u003cvendor 0x08ff Fingerprint Sensor\u003e at usbus0\nugen1.3: \u003cvendor 0x8087 product 0x07dc\u003e at usbus1\nugen0.4: \u003cRealtek 2SF001\u003e at usbus0\nwlan0: Ethernet address: f0:42:1c:c7:07:59\niwm0: iwm_update_edca: called\niwm0: iwm_update_edca: called\nwlan0: link state changed to UP\ninfo: [drm] Initialized drm 1.1.0 20060810\ndrmn0: \u003cIntel IronLake\u003e on vgapci0\nintel_iicbb0 on drmn0\niicbus0: \u003cPhilips I2C bus\u003e on iicbb0 addr 0xff\niic0: \u003cI2C generic I/O\u003e on iicbus0\niicbus1: \u003cPhilips I2C bus\u003e on intel_gmbus0\niic1: \u003cI2C generic I/O\u003e on iicbus1\nintel_iicbb1 on drmn0\niicbus2: \u003cPhilips I2C bus\u003e on iicbb1 addr 0x0\niic2: \u003cI2C generic I/O\u003e on iicbus2\niicbus3: \u003cPhilips I2C bus\u003e on intel_gmbus1\niic3: \u003cI2C generic I/O\u003e on iicbus3\nintel_iicbb2 on drmn0\niicbus4: \u003cPhilips I2C bus\u003e on iicbb2 addr 0x0\niic4: \u003cI2C generic I/O\u003e on iicbus4\niicbus5: \u003cPhilips I2C bus\u003e on intel_gmbus2\niic5: \u003cI2C generic I/O\u003e on iicbus5\nintel_iicbb3 on drmn0\niicbus6: \u003cPhilips I2C bus\u003e on iicbb3 addr 0x0\niic6: \u003cI2C generic I/O\u003e on iicbus6\niicbus7: \u003cPhilips I2C bus\u003e on intel_gmbus3\niic7: \u003cI2C generic I/O\u003e on iicbus7\nintel_iicbb4 on drmn0\niicbus8: \u003cPhilips I2C bus\u003e on iicbb4 addr 0x0\niic8: \u003cI2C generic I/O\u003e on iicbus8\niicbus9: \u003cPhilips I2C bus\u003e on intel_gmbus4\niic9: \u003cI2C generic I/O\u003e on iicbus9\nintel_iicbb5 on drmn0\niicbus10: \u003cPhilips I2C bus\u003e on iicbb5 addr 0x0\niic10: \u003cI2C generic I/O\u003e on iicbus10\niicbus11: \u003cPhilips I2C bus\u003e on intel_gmbus5\niic11: \u003cI2C generic I/O\u003e on iicbus11\ninfo: [drm] MSI enabled 1 message(s)\ninfo: [drm] Supports vblank timestamp caching Rev 1 (10.10.2010).\ninfo: [drm] Driver supports precise vblank timestamp query.\ninfo: [drm] GMBUS [i915 gmbus panel] timed out, falling back to bit banging on pin 3\nintel_sdvo_ddc_proxy921920 on drmn0\nintel_sdvo_ddc_proxy921920: detached\ndrm_iic_dp_aux0 on drmn0\ndrm_iic_dp_aux1 on drmn0\ndrmn0: taking over the fictitious range 0xc0000000-0xd0000000\ninfo: [drm] Connector LVDS-1: get mode from tunables:\ninfo: [drm]   - kern.vt.fb.modes.LVDS-1\ninfo: [drm]   - kern.vt.fb.default_mode\ninfo: [drm] Connector VGA-1: get mode from tunables:\ninfo: [drm]   - kern.vt.fb.modes.VGA-1\ninfo: [drm]   - kern.vt.fb.default_mode\ninfo: [drm] Connector HDMI-A-1: get mode from tunables:\ninfo: [drm]   - kern.vt.fb.modes.HDMI-A-1\ninfo: [drm]   - kern.vt.fb.default_mode\ninfo: [drm] Connector DP-1: get mode from tunables:\ninfo: [drm]   - kern.vt.fb.modes.DP-1\ninfo: [drm]   - kern.vt.fb.default_mode\ninfo: [drm] Connector HDMI-A-2: get mode from tunables:\ninfo: [drm]   - kern.vt.fb.modes.HDMI-A-2\ninfo: [drm]   - kern.vt.fb.default_mode\ninfo: [drm] Connector DP-2: get mode from tunables:\ninfo: [drm]   - kern.vt.fb.modes.DP-2\ninfo: [drm]   - kern.vt.fb.default_mode\nfbd0 on drmn0\nVT: Replacing driver \"vga\" with new \"fb\".\ninfo: [drm] Initialized i915 1.6.0 20080730 for drmn0 on minor 0\n\n\n\nIm getting this usb errors all the time and my system boots slow with \n\n\n\nsb_alloc_device: set address 2 failed (USB_ERR_TIMEOUT, ignored)\nusb_alloc_device: set address 2 failed (USB_ERR_TIMEOUT, ignored)\nusbd_setup_device_desc: getting device descriptor at addr 2 failed, USB_ERR_TIMEOUT\nusbd_setup_device_desc: getting device descriptor at addr 2 failed, USB_ERR_TIMEOUT\n\n\n\nON \nFreeBSD darkmaza 12.0-CURRENT FreeBSD 12.0-CURRENT #0 r311743M: Mon Jan  9 02:14:01 AST 2017     root@darkmaza:/usr/obj/usr/src/sys/GENERIC-NODEBUG  amd64"
}