{
 "id": 1126780,
 "bug_id": 250338,
 "attachment_id": 0,
 "creation_time": "2020-10-14T12:00:31Z",
 "creator": "martin@lispworks.com",
 "text": "I have an external USB disk that works perfectly when connected to a running system, but becomes inaccessible (no /dev nodes) after rebooting while it is connected.  Disconnecting and reconnecting the USB cable makes it work again.\n\nHere is the dmesg output, which ends in some USB error messages that are probably related.  The messages from \"ugen0.3: \u003cSeagate Basic\u003e at usbus0\" to \"umass0: detached\" are then repeated every 20 seconds until the cable is disconnected.\n\nCopyright (c) 1992-2020 The FreeBSD Project.\nCopyright (c) 1979, 1980, 1983, 1986, 1988, 1989, 1991, 1992, 1993, 1994\n\tThe Regents of the University of California. All rights reserved.\nFreeBSD is a registered trademark of The FreeBSD Foundation.\nFreeBSD 11.4-RELEASE-p3 #0: Tue Sep  1 08:22:33 UTC 2020\n    root@amd64-builder.daemonology.net:/usr/obj/usr/src/sys/GENERIC amd64\nFreeBSD clang version 10.0.0 (git@github.com:llvm/llvm-project.git llvmorg-10.0.0-0-gd32170dbd5b)\nVT(vga): resolution 640x480\nCPU: Intel(R) Xeon(R) CPU E5-2670 v2 @ 2.50GHz (2494.04-MHz K8-class CPU)\n  Origin=\"GenuineIntel\"  Id=0x306e4  Family=0x6  Model=0x3e  Stepping=4\n  Features=0xbfebfbff\u003cFPU,VME,DE,PSE,TSC,MSR,PAE,MCE,CX8,APIC,SEP,MTRR,PGE,MCA,CMOV,PAT,PSE36,CLFLUSH,DTS,ACPI,MMX,FXSR,SSE,SSE2,SS,HTT,TM,PBE\u003e\n  Features2=0x7fbee3ff\u003cSSE3,PCLMULQDQ,DTES64,MON,DS_CPL,VMX,SMX,EST,TM2,SSSE3,CX16,xTPR,PDCM,PCID,DCA,SSE4.1,SSE4.2,x2APIC,POPCNT,TSCDLT,AESNI,XSAVE,OSXSAVE,AVX,F16C,RDRAND\u003e\n  AMD Features=0x2c100800\u003cSYSCALL,NX,Page1GB,RDTSCP,LM\u003e\n  AMD Features2=0x1\u003cLAHF\u003e\n  Structured Extended Features=0x281\u003cFSGSBASE,SMEP,ERMS\u003e\n  XSAVE Features=0x1\u003cXSAVEOPT\u003e\n  VT-x: PAT,HLT,MTF,PAUSE,EPT,UG,VPID,VID,PostIntr\n  TSC: P-state invariant, performance statistics\nreal memory  = 137438953472 (131072 MB)\navail memory = 133533343744 (127347 MB)\nEvent timer \"LAPIC\" quality 600\nACPI APIC Table: \u003cINTEL  S2600CP\u003e\nFreeBSD/SMP: Multiprocessor System Detected: 40 CPUs\nFreeBSD/SMP: 2 package(s) x 10 core(s) x 2 hardware threads\nFirmware Warning (ACPI): Invalid length for FADT/Pm1aControlBlock: 32, using default 16 (20171214/tbfadt-850)\nioapic0 \u003cVersion 2.0\u003e irqs 0-23 on motherboard\nioapic1 \u003cVersion 2.0\u003e irqs 24-47 on motherboard\nioapic2 \u003cVersion 2.0\u003e irqs 48-71 on motherboard\nSMP: AP CPU #36 Launched!\nSMP: AP CPU #28 Launched!\nSMP: AP CPU #10 Launched!\nSMP: AP CPU #17 Launched!\nSMP: AP CPU #38 Launched!\nSMP: AP CPU #2 Launched!\nSMP: AP CPU #12 Launched!\nSMP: AP CPU #3 Launched!\nSMP: AP CPU #27 Launched!\nSMP: AP CPU #9 Launched!\nSMP: AP CPU #5 Launched!\nSMP: AP CPU #4 Launched!\nSMP: AP CPU #23 Launched!\nSMP: AP CPU #35 Launched!\nSMP: AP CPU #19 Launched!\nSMP: AP CPU #37 Launched!\nSMP: AP CPU #18 Launched!\nSMP: AP CPU #13 Launched!\nSMP: AP CPU #33 Launched!\nSMP: AP CPU #15 Launched!\nSMP: AP CPU #26 Launched!\nSMP: AP CPU #30 Launched!\nSMP: AP CPU #6 Launched!\nSMP: AP CPU #8 Launched!\nSMP: AP CPU #24 Launched!\nSMP: AP CPU #1 Launched!\nSMP: AP CPU #22 Launched!\nSMP: AP CPU #7 Launched!\nSMP: AP CPU #21 Launched!\nSMP: AP CPU #34 Launched!\nSMP: AP CPU #16 Launched!\nSMP: AP CPU #32 Launched!\nSMP: AP CPU #14 Launched!\nSMP: AP CPU #20 Launched!\nSMP: AP CPU #25 Launched!\nSMP: AP CPU #11 Launched!\nSMP: AP CPU #31 Launched!\nSMP: AP CPU #39 Launched!\nSMP: AP CPU #29 Launched!\nTimecounter \"TSC-low\" frequency 1247019914 Hz quality 1000\nrandom: entropy device external interface\nkbd1 at kbdmux0\n000.000029 [4213] netmap_init               netmap: loaded module\nmodule_register_init: MOD_LOAD (vesa, 0xffffffff80ff20a0, 0) error 19\nrandom: registering fast source Intel Secure Key RNG\nrandom: fast provider: \"Intel Secure Key RNG\"\nnexus0\nvtvga0: \u003cVT VGA driver\u003e on motherboard\ncryptosoft0: \u003csoftware crypto\u003e on motherboard\nacpi0: \u003cINTEL S2600CP\u003e on motherboard\nacpi0: Power Button (fixed)\ncpu0: \u003cACPI CPU\u003e numa-domain 0 on acpi0\ncpu1: \u003cACPI CPU\u003e numa-domain 0 on acpi0\ncpu2: \u003cACPI CPU\u003e numa-domain 0 on acpi0\ncpu3: \u003cACPI CPU\u003e numa-domain 0 on acpi0\ncpu4: \u003cACPI CPU\u003e numa-domain 0 on acpi0\ncpu5: \u003cACPI CPU\u003e numa-domain 0 on acpi0\ncpu6: \u003cACPI CPU\u003e numa-domain 0 on acpi0\ncpu7: \u003cACPI CPU\u003e numa-domain 0 on acpi0\ncpu8: \u003cACPI CPU\u003e numa-domain 0 on acpi0\ncpu9: \u003cACPI CPU\u003e numa-domain 0 on acpi0\ncpu10: \u003cACPI CPU\u003e numa-domain 0 on acpi0\ncpu11: \u003cACPI CPU\u003e numa-domain 0 on acpi0\ncpu12: \u003cACPI CPU\u003e numa-domain 0 on acpi0\ncpu13: \u003cACPI CPU\u003e numa-domain 0 on acpi0\ncpu14: \u003cACPI CPU\u003e numa-domain 0 on acpi0\ncpu15: \u003cACPI CPU\u003e numa-domain 0 on acpi0\ncpu16: \u003cACPI CPU\u003e numa-domain 0 on acpi0\ncpu17: \u003cACPI CPU\u003e numa-domain 0 on acpi0\ncpu18: \u003cACPI CPU\u003e numa-domain 0 on acpi0\ncpu19: \u003cACPI CPU\u003e numa-domain 0 on acpi0\ncpu20: \u003cACPI CPU\u003e numa-domain 1 on acpi0\ncpu21: \u003cACPI CPU\u003e numa-domain 1 on acpi0\ncpu22: \u003cACPI CPU\u003e numa-domain 1 on acpi0\ncpu23: \u003cACPI CPU\u003e numa-domain 1 on acpi0\ncpu24: \u003cACPI CPU\u003e numa-domain 1 on acpi0\ncpu25: \u003cACPI CPU\u003e numa-domain 1 on acpi0\ncpu26: \u003cACPI CPU\u003e numa-domain 1 on acpi0\ncpu27: \u003cACPI CPU\u003e numa-domain 1 on acpi0\ncpu28: \u003cACPI CPU\u003e numa-domain 1 on acpi0\ncpu29: \u003cACPI CPU\u003e numa-domain 1 on acpi0\ncpu30: \u003cACPI CPU\u003e numa-domain 1 on acpi0\ncpu31: \u003cACPI CPU\u003e numa-domain 1 on acpi0\ncpu32: \u003cACPI CPU\u003e numa-domain 1 on acpi0\ncpu33: \u003cACPI CPU\u003e numa-domain 1 on acpi0\ncpu34: \u003cACPI CPU\u003e numa-domain 1 on acpi0\ncpu35: \u003cACPI CPU\u003e numa-domain 1 on acpi0\ncpu36: \u003cACPI CPU\u003e numa-domain 1 on acpi0\ncpu37: \u003cACPI CPU\u003e numa-domain 1 on acpi0\ncpu38: \u003cACPI CPU\u003e numa-domain 1 on acpi0\ncpu39: \u003cACPI CPU\u003e numa-domain 1 on acpi0\nhpet0: \u003cHigh Precision Event Timer\u003e iomem 0xfed00000-0xfed003ff on acpi0\nTimecounter \"HPET\" frequency 14318180 Hz quality 950\nEvent timer \"HPET\" frequency 14318180 Hz quality 350\nEvent timer \"HPET1\" frequency 14318180 Hz quality 340\nEvent timer \"HPET2\" frequency 14318180 Hz quality 340\nEvent timer \"HPET3\" frequency 14318180 Hz quality 340\nEvent timer \"HPET4\" frequency 14318180 Hz quality 340\nEvent timer \"HPET5\" frequency 14318180 Hz quality 340\nEvent timer \"HPET6\" frequency 14318180 Hz quality 340\nEvent timer \"HPET7\" frequency 14318180 Hz quality 340\natrtc0: \u003cAT realtime clock\u003e port 0x70-0x77 irq 8 on acpi0\natrtc0: Warning: Couldn't map I/O.\natrtc0: registered as a time-of-day clock, resolution 1.000000s\nEvent timer \"RTC\" frequency 32768 Hz quality 0\nattimer0: \u003cAT timer\u003e port 0x40-0x43,0x50-0x53 irq 0 on acpi0\nTimecounter \"i8254\" frequency 1193182 Hz quality 0\nEvent timer \"i8254\" frequency 1193182 Hz quality 100\nTimecounter \"ACPI-fast\" frequency 3579545 Hz quality 900\nacpi_timer0: \u003c24-bit timer at 3.579545MHz\u003e port 0x408-0x40b on acpi0\npcib0: \u003cACPI Host-PCI bridge\u003e port 0xcf8-0xcff numa-domain 0 on acpi0\npcib0: _OSC returned error 0x10\npci0: \u003cACPI PCI bus\u003e numa-domain 0 on pcib0\npcib1: \u003cACPI PCI-PCI bridge\u003e irq 47 at device 1.0 numa-domain 0 on pci0\npci1: \u003cACPI PCI bus\u003e numa-domain 0 on pcib1\npcib2: \u003cACPI PCI-PCI bridge\u003e mem 0xd0c00000-0xd0c03fff irq 26 at device 0.0 numa-domain 0 on pci1\npci2: \u003cACPI PCI bus\u003e numa-domain 0 on pcib2\npcib3: \u003cPCI-PCI bridge\u003e irq 26 at device 8.0 numa-domain 0 on pci2\npci3: \u003cPCI bus\u003e numa-domain 0 on pcib3\nisci0: \u003cIntel(R) C600 Series Chipset SAS Controller (SATA mode)\u003e port 0x2100-0x21ff,0x2000-0x20ff mem 0x38007f800000-0x38007f807fff,0x38007f000000-0x38007f7fffff irq 26 at device 0.0 numa-domain 0 on pci3\npcib4: \u003cACPI PCI-PCI bridge\u003e irq 47 at device 1.1 numa-domain 0 on pci0\npci4: \u003cACPI PCI bus\u003e numa-domain 0 on pcib4\npcib5: \u003cACPI PCI-PCI bridge\u003e irq 47 at device 2.0 numa-domain 0 on pci0\npci5: \u003cACPI PCI bus\u003e numa-domain 0 on pcib5\npcib6: \u003cACPI PCI-PCI bridge\u003e irq 47 at device 2.2 numa-domain 0 on pci0\npci6: \u003cACPI PCI bus\u003e numa-domain 0 on pcib6\npcib7: \u003cACPI PCI-PCI bridge\u003e irq 47 at device 3.0 numa-domain 0 on pci0\npci7: \u003cACPI PCI bus\u003e numa-domain 0 on pcib7\npcib8: \u003cACPI PCI-PCI bridge\u003e irq 47 at device 3.2 numa-domain 0 on pci0\npci8: \u003cACPI PCI bus\u003e numa-domain 0 on pcib8\npci0: \u003csimple comms\u003e at device 22.0 (no driver attached)\npci0: \u003csimple comms\u003e at device 22.1 (no driver attached)\nehci0: \u003cIntel Patsburg USB 2.0 controller\u003e mem 0xd0d20000-0xd0d203ff irq 22 at device 26.0 numa-domain 0 on pci0\nusbus0: EHCI version 1.0\nusbus0 numa-domain 0 on ehci0\nusbus0: 480Mbps High Speed USB v2.0\npcib9: \u003cACPI PCI-PCI bridge\u003e irq 16 at device 28.0 numa-domain 0 on pci0\npci9: \u003cACPI PCI bus\u003e numa-domain 0 on pcib9\nigb0: \u003cIntel(R) PRO/1000 Network Connection, Version - 2.5.3-k\u003e port 0x1060-0x107f mem 0xd0960000-0xd097ffff,0xd09b0000-0xd09b3fff irq 16 at device 0.0 numa-domain 0 on pci9\nigb0: Using MSIX interrupts with 9 vectors\nigb0: Ethernet address: 00:1e:67:a2:78:6e\nigb0: Bound queue 0 to cpu 0\nigb0: Bound queue 1 to cpu 1\nigb0: Bound queue 2 to cpu 2\nigb0: Bound queue 3 to cpu 3\nigb0: Bound queue 4 to cpu 4\nigb0: Bound queue 5 to cpu 5\nigb0: Bound queue 6 to cpu 6\nigb0: Bound queue 7 to cpu 7\nigb0: netmap queues/slots: TX 8/1024, RX 8/1024\nigb1: \u003cIntel(R) PRO/1000 Network Connection, Version - 2.5.3-k\u003e port 0x1040-0x105f mem 0xd0940000-0xd095ffff,0xd09a0000-0xd09a3fff irq 17 at device 0.1 numa-domain 0 on pci9\nigb1: Using MSIX interrupts with 9 vectors\nigb1: Ethernet address: 00:1e:67:a2:78:6f\nigb1: Bound queue 0 to cpu 8\nigb1: Bound queue 1 to cpu 9\nigb1: Bound queue 2 to cpu 10\nigb1: Bound queue 3 to cpu 11\nigb1: Bound queue 4 to cpu 12\nigb1: Bound queue 5 to cpu 13\nigb1: Bound queue 6 to cpu 14\nigb1: Bound queue 7 to cpu 15\nigb1: netmap queues/slots: TX 8/1024, RX 8/1024\nigb2: \u003cIntel(R) PRO/1000 Network Connection, Version - 2.5.3-k\u003e port 0x1020-0x103f mem 0xd0920000-0xd093ffff,0xd0990000-0xd0993fff irq 18 at device 0.2 numa-domain 0 on pci9\nigb2: Using MSIX interrupts with 9 vectors\nigb2: Ethernet address: 00:1e:67:a2:78:70\nigb2: Bound queue 0 to cpu 16\nigb2: Bound queue 1 to cpu 17\nigb2: Bound queue 2 to cpu 18\nigb2: Bound queue 3 to cpu 19\nigb2: Bound queue 4 to cpu 20\nigb2: Bound queue 5 to cpu 21\nigb2: Bound queue 6 to cpu 22\nigb2: Bound queue 7 to cpu 23\nigb2: netmap queues/slots: TX 8/1024, RX 8/1024\nigb3: \u003cIntel(R) PRO/1000 Network Connection, Version - 2.5.3-k\u003e port 0x1000-0x101f mem 0xd0900000-0xd091ffff,0xd0980000-0xd0983fff irq 19 at device 0.3 numa-domain 0 on pci9\nigb3: Using MSIX interrupts with 9 vectors\nigb3: Ethernet address: 00:1e:67:a2:78:71\nigb3: Bound queue 0 to cpu 24\nigb3: Bound queue 1 to cpu 25\nigb3: Bound queue 2 to cpu 26\nigb3: Bound queue 3 to cpu 27\nigb3: Bound queue 4 to cpu 28\nigb3: Bound queue 5 to cpu 29\nigb3: Bound queue 6 to cpu 30\nigb3: Bound queue 7 to cpu 31\nigb3: netmap queues/slots: TX 8/1024, RX 8/1024\npcib10: \u003cACPI PCI-PCI bridge\u003e irq 19 at device 28.7 numa-domain 0 on pci0\npci10: \u003cACPI PCI bus\u003e numa-domain 0 on pcib10\nvgapci0: \u003cVGA-compatible display\u003e mem 0xea000000-0xeaffffff,0xd0810000-0xd0813fff,0xd0000000-0xd07fffff irq 19 at device 0.0 numa-domain 0 on pci10\nvgapci0: Boot video device\nehci1: \u003cIntel Patsburg USB 2.0 controller\u003e mem 0xd0d10000-0xd0d103ff irq 20 at device 29.0 numa-domain 0 on pci0\nusbus1: EHCI version 1.0\nusbus1 numa-domain 0 on ehci1\nusbus1: 480Mbps High Speed USB v2.0\npcib11: \u003cACPI PCI-PCI bridge\u003e at device 30.0 numa-domain 0 on pci0\npci11: \u003cACPI PCI bus\u003e numa-domain 0 on pcib11\nisab0: \u003cPCI-ISA bridge\u003e at device 31.0 numa-domain 0 on pci0\nisa0: \u003cISA bus\u003e numa-domain 0 on isab0\nahci0: \u003cIntel Patsburg AHCI SATA controller\u003e port 0x3070-0x3077,0x3060-0x3063,0x3050-0x3057,0x3040-0x3043,0x3020-0x303f mem 0xd0d00000-0xd0d007ff irq 21 at device 31.2 numa-domain 0 on pci0\nahci0: AHCI v1.30 with 6 6Gbps ports, Port Multiplier not supported\nahcich0: \u003cAHCI channel\u003e at channel 0 on ahci0\nahcich1: \u003cAHCI channel\u003e at channel 1 on ahci0\nahcich2: \u003cAHCI channel\u003e at channel 2 on ahci0\nahcich3: \u003cAHCI channel\u003e at channel 3 on ahci0\nahcich4: \u003cAHCI channel\u003e at channel 4 on ahci0\nahcich5: \u003cAHCI channel\u003e at channel 5 on ahci0\nahciem0: \u003cAHCI enclosure management bridge\u003e on ahci0\npcib12: \u003cACPI Host-PCI bridge\u003e numa-domain 1 on acpi0\npcib12: _OSC returned error 0x10\npci12: \u003cACPI PCI bus\u003e numa-domain 1 on pcib12\npcib13: \u003cACPI PCI-PCI bridge\u003e irq 71 at device 2.0 numa-domain 1 on pci12\npci13: \u003cACPI PCI bus\u003e numa-domain 1 on pcib13\nacpi_button0: \u003cSleep Button\u003e on acpi0\nacpi_syscontainer0: \u003cSystem Container\u003e on acpi0\nacpi_syscontainer1: \u003cSystem Container\u003e on acpi0\npcib14: \u003cACPI Host-PCI bridge\u003e on acpi0\npci14: \u003cACPI PCI bus\u003e on pcib14\npci14: \u003cdasp, performance counters\u003e at device 14.1 (no driver attached)\npci14: \u003cdasp, performance counters\u003e at device 19.1 (no driver attached)\npci14: \u003cdasp, performance counters\u003e at device 19.5 (no driver attached)\npci14: \u003cdasp, performance counters\u003e at device 19.6 (no driver attached)\npcib15: \u003cACPI Host-PCI bridge\u003e on acpi0\npci15: \u003cACPI PCI bus\u003e on pcib15\npci15: \u003cdasp, performance counters\u003e at device 14.1 (no driver attached)\npci15: \u003cdasp, performance counters\u003e at device 19.1 (no driver attached)\npci15: \u003cdasp, performance counters\u003e at device 19.5 (no driver attached)\npci15: \u003cdasp, performance counters\u003e at device 19.6 (no driver attached)\nuart0: \u003c16550 or compatible\u003e port 0x3f8-0x3ff irq 4 flags 0x10 on acpi0\nuart1: \u003c16550 or compatible\u003e port 0x2f8-0x2ff irq 3 on acpi0\nipmi0: \u003cIPMI System Interface\u003e port 0xca2-0xca3 on acpi0\nipmi0: KCS mode found at io 0xca2 on acpi\norm0: \u003cISA Option ROM\u003e at iomem 0xc0000-0xc7fff on isa0\nppc0: cannot reserve I/O port range\nest0: \u003cEnhanced SpeedStep Frequency Control\u003e numa-domain 0 on cpu0\nest1: \u003cEnhanced SpeedStep Frequency Control\u003e numa-domain 0 on cpu1\nest2: \u003cEnhanced SpeedStep Frequency Control\u003e numa-domain 0 on cpu2\nest3: \u003cEnhanced SpeedStep Frequency Control\u003e numa-domain 0 on cpu3\nest4: \u003cEnhanced SpeedStep Frequency Control\u003e numa-domain 0 on cpu4\nest5: \u003cEnhanced SpeedStep Frequency Control\u003e numa-domain 0 on cpu5\nest6: \u003cEnhanced SpeedStep Frequency Control\u003e numa-domain 0 on cpu6\nest7: \u003cEnhanced SpeedStep Frequency Control\u003e numa-domain 0 on cpu7\nest8: \u003cEnhanced SpeedStep Frequency Control\u003e numa-domain 0 on cpu8\nest9: \u003cEnhanced SpeedStep Frequency Control\u003e numa-domain 0 on cpu9\nest10: \u003cEnhanced SpeedStep Frequency Control\u003e numa-domain 0 on cpu10\nest11: \u003cEnhanced SpeedStep Frequency Control\u003e numa-domain 0 on cpu11\nest12: \u003cEnhanced SpeedStep Frequency Control\u003e numa-domain 0 on cpu12\nest13: \u003cEnhanced SpeedStep Frequency Control\u003e numa-domain 0 on cpu13\nest14: \u003cEnhanced SpeedStep Frequency Control\u003e numa-domain 0 on cpu14\nest15: \u003cEnhanced SpeedStep Frequency Control\u003e numa-domain 0 on cpu15\nest16: \u003cEnhanced SpeedStep Frequency Control\u003e numa-domain 0 on cpu16\nest17: \u003cEnhanced SpeedStep Frequency Control\u003e numa-domain 0 on cpu17\nest18: \u003cEnhanced SpeedStep Frequency Control\u003e numa-domain 0 on cpu18\nest19: \u003cEnhanced SpeedStep Frequency Control\u003e numa-domain 0 on cpu19\nest20: \u003cEnhanced SpeedStep Frequency Control\u003e numa-domain 1 on cpu20\nest21: \u003cEnhanced SpeedStep Frequency Control\u003e numa-domain 1 on cpu21\nest22: \u003cEnhanced SpeedStep Frequency Control\u003e numa-domain 1 on cpu22\nest23: \u003cEnhanced SpeedStep Frequency Control\u003e numa-domain 1 on cpu23\nest24: \u003cEnhanced SpeedStep Frequency Control\u003e numa-domain 1 on cpu24\nest25: \u003cEnhanced SpeedStep Frequency Control\u003e numa-domain 1 on cpu25\nest26: \u003cEnhanced SpeedStep Frequency Control\u003e numa-domain 1 on cpu26\nest27: \u003cEnhanced SpeedStep Frequency Control\u003e numa-domain 1 on cpu27\nest28: \u003cEnhanced SpeedStep Frequency Control\u003e numa-domain 1 on cpu28\nest29: \u003cEnhanced SpeedStep Frequency Control\u003e numa-domain 1 on cpu29\nest30: \u003cEnhanced SpeedStep Frequency Control\u003e numa-domain 1 on cpu30\nest31: \u003cEnhanced SpeedStep Frequency Control\u003e numa-domain 1 on cpu31\nest32: \u003cEnhanced SpeedStep Frequency Control\u003e numa-domain 1 on cpu32\nest33: \u003cEnhanced SpeedStep Frequency Control\u003e numa-domain 1 on cpu33\nest34: \u003cEnhanced SpeedStep Frequency Control\u003e numa-domain 1 on cpu34\nest35: \u003cEnhanced SpeedStep Frequency Control\u003e numa-domain 1 on cpu35\nest36: \u003cEnhanced SpeedStep Frequency Control\u003e numa-domain 1 on cpu36\nest37: \u003cEnhanced SpeedStep Frequency Control\u003e numa-domain 1 on cpu37\nest38: \u003cEnhanced SpeedStep Frequency Control\u003e numa-domain 1 on cpu38\nest39: \u003cEnhanced SpeedStep Frequency Control\u003e numa-domain 1 on cpu39\nZFS filesystem version: 5\nZFS storage pool version: features support (5000)\nTimecounters tick every 1.000 msec\nrandom: unblocking device.\nipmi0: IPMI device rev. 1, firmware rev. 1.21, version 2.0\nipmi0: Number of channels 4\nipmi0: Attached watchdog\nugen0.1: \u003cIntel EHCI root HUB\u003e at usbus0\nugen1.1: \u003cIntel EHCI root HUB\u003e at usbus1\nuhub0: \u003cIntel EHCI root HUB, class 9/0, rev 2.00/1.00, addr 1\u003e on usbus0\nuhub1: \u003cIntel EHCI root HUB, class 9/0, rev 2.00/1.00, addr 1\u003e on usbus1\nuhub0: 2 ports with 2 removable, self powered\nuhub1: 2 ports with 2 removable, self powered\nugen0.2: \u003cvendor 0x8087 product 0x0024\u003e at usbus0\nuhub2 numa-domain 0 on uhub0\nuhub2: \u003cvendor 0x8087 product 0x0024, class 9/0, rev 2.00/0.00, addr 2\u003e on usbus0\nugen1.2: \u003cvendor 0x8087 product 0x0024\u003e at usbus1\nuhub3 numa-domain 0 on uhub1\nuhub3: \u003cvendor 0x8087 product 0x0024, class 9/0, rev 2.00/0.00, addr 2\u003e on usbus1\nda1 at isci0 bus 0 scbus0 target 1 lun 0\nda0 at isci0 bus 0 scbus0 target 0 lun 0\nda2 at isci0 bus 0 scbus0 target 2 lun 0\nda3 at isci0 bus 0 scbus0 target 3 lun 0\ncd0 at ahcich3 bus 0 scbus5 target 0 lun 0\nda1: \u003cATA ST2000NM0033-9ZM 0001\u003e Fixed Direct Access SPC-3 SCSI device\nda1: Serial Number Z1X03AD2\nda1: 300.000MB/s transfers\nda1: Command Queueing enabled\nda1: 1907729MB (3907029168 512 byte sectors)\ncd0: \u003cTSSTcorp CDDVDW SH-224DB SB01\u003e Removable CD-ROM SCSI device\ncd0: Serial Number R93E6YBDC04JHR\ncd0: 150.000MB/s transfers (SATA 1.x, UDMA5, ATAPI 12bytes, PIO 8192bytes)\ncd0: Attempt to query device size failed: NOT READY, Medium not present - tray closed\nda0: da2: da3: \u003cATA ST4000NM0033-9ZM SN03\u003e Fixed Direct Access SPC-3 SCSI device\nda3: Serial Number Z1Z30HMD\nda3: 300.000MB/s transfers\u003cATA ST4000NM0033-9ZM SN03\u003e Fixed Direct Access SPC-3 SCSI device\nda2: Serial Number Z1Z341YS\nda2: 300.000MB/s transfers\nda2: Command Queueing enabled\nda2: 3815447MB (7814037168 512 byte sectors)\n\nda3: Command Queueing enabled\nda3: 3815447MB (7814037168 512 byte sectors)\n\u003cATA ST2000NM0033-9ZM 0001\u003e Fixed Direct Access SPC-3 SCSI device\nda0: Serial Number Z1X03HQM\nda0: 300.000MB/s transfers\nda0: Command Queueing enabled\nda0: 1907729MB (3907029168 512 byte sectors)\nses0 at ahciem0 bus 0 scbus8 target 0 lun 0\nses0: \u003cAHCI SGPIO Enclosure 2.00 0001\u003e SEMB S-E-S 2.00 device\nses0: SEMB SES Device\nses0: pass4,cd0 in 'Slot 03', SATA Slot: scbus5 target 0\nTrying to mount root from zfs:syspool/freebsd_11_4 []...\nuhub2: 6 ports with 6 removable, self powered\nRoot mount waiting for: usbus1 usbus0\nuhub3: 8 ports with 8 removable, self powered\nugen1.3: \u003cAmerican Megatrends Inc. Virtual Keyboard and Mouse\u003e at usbus1\nukbd0 numa-domain 0 on uhub3\nukbd0: \u003cKeyboard Interface\u003e on usbus1\nkbd2 at ukbd0\nRoot mount waiting for: usbus1 usbus0\nugen1.4: \u003cRextron USB\u003e at usbus1\nukbd1 numa-domain 0 on uhub3\nukbd1: \u003cUSB\u003e on usbus1\nkbd3 at ukbd1\nRoot mount waiting for: usbus0\nRoot mount waiting for: usbus0\nugen0.3: \u003cSeagate Basic\u003e at usbus0\numass0 numa-domain 0 on uhub2\numass0: \u003cSeagate Basic, class 0/0, rev 2.10/0.00, addr 3\u003e on usbus0\numass0:  SCSI over Bulk-Only; quirks = 0xc101\numass0:9:0: Attached to scbus9\nugen0.3: \u003cSeagate Basic\u003e at usbus0 (disconnected)\numass0: at uhub2, port 6, addr 3 (disconnected)\n(da4:umass-sim0:0:0:0): got CAM status 0x44\n(da4:umass-sim0:0:0:0): fatal error, failed to attach to device\ng_access(952): provider da4 has error 6 set\ng_access(952): provider da4 has error 6 set\ng_access(952): provider da4 has error 6 set\ng_access(952): provider da4 has error 6 set\numass0: detached"
}