{
 "id": 348187,
 "bug_id": 103125,
 "attachment_id": 0,
 "creation_time": "2006-09-11T08:50:23Z",
 "creator": "timo.schoeler@riscworks.net",
 "text": "hi,\n\nsince i upgraded from -RELEASE to -STABLE following entries occur (the\n'bad' ones are new -- they didn't show up on -RELEASE; i have three\nmachines of this type, all show the same problem):\n\nacpi0: \u003cPTLTD   RSDT\u003e on motherboard\nacpi: bad write to port 0xcf8 (32), val 0x80000070\nacpi: bad read from port 0xcfc (32)\nacpi0: Power Button (fixed)\nacpi: bad write to port 0xcf8 (32), val 0x80000344\nacpi: bad read from port 0xcfc (32)\nacpi: bad read from port 0xcfc (32)\n\nfull dmesg here:\n\nCopyright (c) 1992-2006 The FreeBSD Project.\nCopyright (c) 1979, 1980, 1983, 1986, 1988, 1989, 1991, 1992, 1993, 1994\n        The Regents of the University of California. All rights reserved.\nFreeBSD 6.1-STABLE #0: Mon Sep 11 08:54:29 CEST 2006\n    root@aldebaran.riscworks.net:/usr/obj/usr/src/sys/ALDEBARAN_MP\nTimecounter \"i8254\" frequency 1193182 Hz quality 0\nCPU: Intel Pentium III (863.94-MHz 686-class CPU)\n  Origin = \"GenuineIntel\"  Id = 0x683  Stepping = 3\n  Features=0x383fbff\u003cFPU,VME,DE,PSE,TSC,MSR,PAE,MCE,CX8,APIC,SEP,MTRR,PGE,MCA,CMOV,PAT,PSE36,MMX,FXSR,SSE\u003e\nreal memory  = 1073676288 (1023 MB)\navail memory = 1041559552 (993 MB)\nACPI APIC Table: \u003cPTLTD    APIC  \u003e\nFreeBSD/SMP: Multiprocessor System Detected: 2 CPUs\n cpu0 (BSP): APIC ID:  1\n cpu1 (AP): APIC ID:  0\nMADT: Forcing active-low polarity and level trigger for SCI\nioapic0 \u003cVersion 1.1\u003e irqs 0-15 on motherboard\nioapic1 \u003cVersion 1.1\u003e irqs 16-31 on motherboard\nkbd1 at kbdmux0\nacpi0: \u003cPTLTD   RSDT\u003e on motherboard\nacpi: bad write to port 0xcf8 (32), val 0x80000070\nacpi: bad read from port 0xcfc (32)\nacpi0: Power Button (fixed)\nunknown: I/O range not supported\nacpi: bad write to port 0xcf8 (32), val 0x80000344\nacpi: bad read from port 0xcfc (32)\nacpi: bad read from port 0xcfc (32)\nTimecounter \"ACPI-safe\" frequency 3579545 Hz quality 1000\nacpi_timer0: \u003c32-bit timer at 3.579545MHz\u003e port 0x508-0x50b on acpi0\ncpu0: \u003cACPI CPU\u003e on acpi0\ncpu1: \u003cACPI CPU\u003e on acpi0\npcib0: \u003cACPI Host-PCI bridge\u003e port 0xcf8-0xcff on acpi0\npci0: \u003cACPI PCI bus\u003e on pcib0\npcib1: \u003cACPI PCI-PCI bridge\u003e at device 0.1 on pci0\npci1: \u003cACPI PCI bus\u003e on pcib1\npci1: \u003cdisplay, VGA\u003e at device 0.0 (no driver attached)\natapci0: \u003cPromise PDC40718 SATA300 controller\u003e port 0x1400-0x147f,0x1000-0x10ff mem 0xe8121000-0xe8121fff,0xe8100000-0xe811ffff irq 18 at device 2.0 on pci0\nata2: \u003cATA channel 0\u003e on atapci0\nata3: \u003cATA channel 1\u003e on atapci0\nata4: \u003cATA channel 2\u003e on atapci0\nata5: \u003cATA channel 3\u003e on atapci0\nfxp0: \u003cIntel 82559 Pro/100 Ethernet\u003e port 0x1480-0x14bf mem 0xe8122000-0xe8122fff,0xe8000000-0xe80fffff irq 26 at device 7.0 on pci0\nmiibus0: \u003cMII bus\u003e on fxp0\ninphy0: \u003ci82555 10/100 media interface\u003e on miibus0\ninphy0:  10baseT, 10baseT-FDX, 100baseTX, 100baseTX-FDX, auto\nfxp0: Ethernet address: 00:10:83:ff:e1:5a\nisab0: \u003cPCI-ISA bridge\u003e port 0x580-0x58f at device 15.0 on pci0\nisa0: \u003cISA bus\u003e on isab0\natapci1: \u003cServerWorks ROSB4 UDMA33 controller\u003e port 0x170-0x177,0x376,0x14c0-0x14cf at device 15.1 on pci0\nata6: \u003cATA channel 0\u003e on atapci1\nata1: \u003cATA channel 1\u003e on atapci1\npcib2: \u003cACPI Host-PCI bridge\u003e on acpi0\npci2: \u003cACPI PCI bus\u003e on pcib2\nahc0: \u003cAdaptec 29160 Ultra160 SCSI adapter\u003e port 0x1800-0x18ff mem 0xf8004000-0xf8004fff irq 22 at device 1.0 on pci2\nahc0: [GIANT-LOCKED]\naic7892: Ultra160 Wide Channel A, SCSI Id=7, 32/253 SCBs\nskc0: \u003cSysKonnect Gigabit Ethernet (V1.0)\u003e port 0x2000-0x20ff mem 0xf8000000-0xf8003fff irq 24 at device 2.0 on pci2\nskc0: Allied Telesyn AT-2970SX Gigabit Ethernet Adapter rev. (0x0)\nsk0: \u003cXaQti Corp. XMAC II\u003e on skc0\nsk0: Ethernet address: 00:0a:d2:39:d9:14\nmiibus1: \u003cMII bus\u003e on sk0\nxmphy0: \u003cXaQti Corp. XMAC II gigabit interface\u003e on miibus1\nxmphy0:  1000baseSX, 1000baseSX-FDX, auto\nsk1: \u003cXaQti Corp. XMAC II\u003e on skc0\nsk1: Ethernet address: 00:0a:d2:39:d9:15\nmiibus2: \u003cMII bus\u003e on sk1\nxmphy1: \u003cXaQti Corp. XMAC II gigabit interface\u003e on miibus2\nxmphy1:  1000baseSX, 1000baseSX-FDX, auto\nacpi_button0: \u003cPower Button\u003e on acpi0\natkbdc0: \u003cKeyboard controller (i8042)\u003e port 0x60,0x64 irq 1 on acpi0\natkbd0: \u003cAT Keyboard\u003e irq 1 on atkbdc0\nkbd0 at atkbd0\natkbd0: [GIANT-LOCKED]\nsio0: \u003c16550A-compatible COM port\u003e port 0x2f8-0x2ff irq 3 flags 0x10 on acpi0\nsio0: type 16550A\nppc0: \u003cECP parallel printer port\u003e port 0x378-0x37f,0x778-0x77f irq 7 drq 1 on acpi0\nppc0: SMC-like chipset (ECP/EPP/PS2/NIBBLE) in COMPATIBLE mode\nppc0: FIFO with 16/16/8 bytes threshold\nppbus0: \u003cParallel port bus\u003e on ppc0\nplip0: \u003cPLIP network interface\u003e on ppbus0\nlpt0: \u003cPrinter\u003e on ppbus0\nlpt0: Interrupt-driven port\nppi0: \u003cParallel I/O\u003e on ppbus0\nfdc0: \u003cfloppy drive controller\u003e port 0-0x5,0 on acpi0\nfdc0: cannot reserve interrupt line\ndevice_attach: fdc0 attach returned 6\nfdc0: \u003cfloppy drive controller\u003e port 0-0x5,0 on acpi0\nfdc0: cannot reserve interrupt line\ndevice_attach: fdc0 attach returned 6\npmtimer0 on isa0\norm0: \u003cISA Option ROMs\u003e at iomem 0xcc000-0xd0fff,0xe0000-0xe3fff on isa0\nsc0: \u003cSystem console\u003e at flags 0x100 on isa0\nsc0: VGA \u003c16 virtual consoles, flags=0x300\u003e\nvga0: \u003cGeneric ISA VGA\u003e at port 0x3c0-0x3df iomem 0xa0000-0xbffff on isa0\nTimecounters tick every 1.000 msec\nWaiting 5 seconds for SCSI devices to settle\nacd0: CDROM \u003cFX4830T/R02J\u003e at ata1-master UDMA33\nad6: 239372MB \u003cWDC WD2500YD-01NVB1 10.02E01\u003e at ata3-master SATA300\nGEOM_MIRROR: Device gm1 created (id=3217152580).\nGEOM_MIRROR: Device gm1: provider ad6 detected.\nad10: 239372MB \u003cWDC WD2500YD-01NVB1 10.02E01\u003e at ata5-master SATA300\nGEOM_MIRROR: Device gm1: provider ad10 detected.\nGEOM_MIRROR: Device gm1: provider ad10 activated.\nGEOM_MIRROR: Device gm1: provider ad6 activated.\nGEOM_MIRROR: Device gm1: provider mirror/gm1 launched.\nda0 at ahc0 bus 0 target 0 lun 0\nda0: \u003cFUJITSU MAG3182LC 5210\u003e Fixed Direct Access SCSI-2 device \nda0: 80.000MB/s transfers (40.000MHz, offset 63, 16bit), Tagged Queueing Enabled\nda0: 17429MB (35694860 512 byte sectors: 255H 63S/T 2221C)\nda1 at ahc0 bus 0 target 1 lun 0\nda1: \u003cFUJITSU MAG3182LC 5210\u003e Fixed Direct Access SCSI-2 device \nda1: 80.000MB/s transfers (40.000MHz, offset 63, 16bit), Tagged Queueing Enabled\nda1: 17429MB (35694860 512 byte sectors: 255H 63S/T 2221C)\nSMP: AP CPU #1 Launched!\nGEOM_MIRROR: Device gm0 created (id=3832172933).\nGEOM_MIRROR: Device gm0: provider da0 detected.\nGEOM_MIRROR: Device gm0: provider da1 detected.\nGEOM_MIRROR: Device gm0: provider da1 activated.\nGEOM_MIRROR: Device gm0: provider da0 activated.\nGEOM_MIRROR: Device gm0: provider mirror/gm0 launched.\nTrying to mount root from ufs:/dev/mirror/gm0s1a\nIP Filter: v4.1.13 initialized.  Default = pass all, Logging = enabled\n\nFix: \n\nyes, please.\nHow-To-Repeat: build -STABLE, install, boot."
}