{
 "id": 672103,
 "bug_id": 169339,
 "attachment_id": 0,
 "creation_time": "2012-06-24T23:13:08Z",
 "creator": "kes-kes@yandex.ru",
 "text": "another one dump\n\n\nflux dumped core - see /var/crash/vmcore.0\n\nSat Jun 23 10:45:56 EEST 2012\n\nFreeBSD flux 8.3-STABLE FreeBSD 8.3-STABLE #9 r237224M: Mon Jun 18 15:49:27 EEST 2012     root@:/usr/obj/usr/src/sys/KES_KERN_v8  amd64\n\npanic: ffs_valloc: dup alloc\n\nGNU gdb 6.1.1 [FreeBSD]\nCopyright 2004 Free Software Foundation, Inc.\nGDB is free software, covered by the GNU General Public License, and you are\nwelcome to change it and/or distribute copies of it under certain conditions.\nType \"show copying\" to see the conditions.\nThere is absolutely no warranty for GDB.  Type \"show warranty\" for details.\nThis GDB was configured as \"amd64-marcel-freebsd\"...\n\nUnread portion of the kernel message buffer:\nmode = 0120755, inum = 47516, fs = /\npanic: ffs_valloc: dup alloc\ncpuid = 0\nKDB: stack backtrace:\n#0 0xffffffff80657606 at kdb_backtrace+0x66\n#1 0xffffffff8062410e at panic+0x1ce\n#2 0xffffffff80886241 at ffs_valloc+0x5d1\n#3 0xffffffff808af074 at ufs_makeinode+0x74\n#4 0xffffffff809da0e1 at VOP_CREATE_APV+0x31\n#5 0xffffffff806c30f9 at vn_open_cred+0x4a9\n#6 0xffffffff806c221f at kern_openat+0x17f\n#7 0xffffffff8095a254 at amd64_syscall+0x1f4\n#8 0xffffffff8094241c at Xfast_syscall+0xfc\nUptime: 22m5s\nDumping 402 out of 3992 MB:..4%..12%..24%..32%..44%..52%..64%..72%..84%..92%\n\nReading symbols from /boot/kernel/geom_journal.ko...Reading symbols from /boot/kernel/geom_journal.ko.symbols...done.\ndone.\nLoaded symbols for /boot/kernel/geom_journal.ko\n#0  doadump () at pcpu.h:224\n224     pcpu.h: No such file or directory.\n        in pcpu.h\n(kgdb) #0  doadump () at pcpu.h:224\n#1  0xffffffff80623c18 in boot (howto=260)\n    at /usr/src/sys/kern/kern_shutdown.c:448\n#2  0xffffffff806240e7 in panic (fmt=0x1 \u003cAddress 0x1 out of bounds\u003e)\n    at /usr/src/sys/kern/kern_shutdown.c:639\n#3  0xffffffff80886241 in ffs_valloc (pvp=0xffffff0003285938, mode=33188, \n    cred=Variable \"cred\" is not available.\n) at /usr/src/sys/ufs/ffs/ffs_alloc.c:997\n#4  0xffffffff808af074 in ufs_makeinode (mode=33188, dvp=0xffffff0003285938, \n    vpp=0xffffff811d42e8d0, cnp=0xffffff811d42e8f8)\n    at /usr/src/sys/ufs/ufs/ufs_vnops.c:2587\n#5  0xffffffff809da0e1 in VOP_CREATE_APV (vop=Variable \"vop\" is not available.\n) at vnode_if.c:250\n#6  0xffffffff806c30f9 in vn_open_cred (ndp=0xffffff811d42e8a0, \n    flagp=0xffffff811d42e89c, cmode=Variable \"cmode\" is not available.\n) at vnode_if.h:109\n#7  0xffffffff806c221f in kern_openat (td=0xffffff00039e3470, fd=-100, \n    path=0x800c0d094 \u003cAddress 0x800c0d094 out of bounds\u003e, \n    pathseg=UIO_USERSPACE, flags=1538, mode=Variable \"mode\" is not available.\n)\n    at /usr/src/sys/kern/vfs_syscalls.c:1077\n#8  0xffffffff8095a254 in amd64_syscall (td=0xffffff00039e3470, traced=0)\n    at subr_syscall.c:114\n#9  0xffffffff8094241c in Xfast_syscall ()\n    at /usr/src/sys/amd64/amd64/exception.S:387\n#10 0x00000008009e984c in ?? ()\nPrevious frame inner to this frame (corrupt stack?)\n(kgdb) \n\n------------------------------------------------------------------------\nps -axl\n\n  UID   PID  PPID CPU PRI NI   VSZ   RSS MWCHAN STAT  TT       TIME COMMAND\n    0     0     0   0 -68  0     0     0 -      DLs   ??  1852324:28.00 [kernel]\n    0     1     0   0  44  0  3200     0 wait   DLs   ??  158799:12.00 [init]\n    0     2     0   0  -8  0     0     0 -      DL    ??  269990:27.00 [g_event]\n    0     3     0   0  -8  0     0     0 -      DL    ??  340739:43.00 [g_up]\n    0     4     0   0  -8  0     0     0 -      DL    ??  779210:46.00 [g_down]\n    0     5     0   0 -16  0     0     0 waitin DL    ??  265:48.00 [sctp_itera\n    0     6     0   0 -16  0     0     0 ccb_sc DL    ??  2285:08.00 [xpt_thrd]\n    0     7     0   0 -16  0     0     0 r      DL    ??    0:00.00 [g_journal \n    0     8     0   0 -16  0     0     0 psleep DL    ??  2230:55.00 [pagedaemon\n    0     9     0   0 -16  0     0     0 psleep DL    ??  102:04.00 [vmdaemon]\n    0    10     0   0 -16  0     0     0 audit_ DL    ??    0:00.00 [audit]\n    0    11     0   0 171  0     0     0 -      RL    ??  1267966036:38.00 [idle]\n    0    12     0   0 -44  0     0     0 -      WL    ??  2993959:22.00 [intr]\n    0    13     0   0 -16  0     0     0 sleep  DL    ??    0:00.00 [ng_queue]\n    0    14     0   0 -16  0     0     0 -      DL    ??  84147:30.00 [yarrow]\n    0    15     0   0 -40  0     0     0 -      DL    ??  546646:43.00 [usb]\n    0    16     0   0  76  0     0     0 pgzero DL    ??   70:16.00 [pagezero]\n    0    17     0   0 -16  0     0     0 psleep DL    ??  1129:35.00 [bufdaemon]\n    0    18     0   0 -16  0     0     0 vlruwt DL    ??  961:42.00 [vnlru]\n    0    19     0   0  20  0     0     0 syncer DL    ??  961:18.00 [syncer]\n    0    20     0   0  44  0     0     0 sdflus DL    ??  991:30.00 [softdepflu\n    0    21     0   0  -8  0     0     0 ffffff0003335000 DL    ??  15600:27.00 [g_journal \n    0  1189     1   0  44  0  5248     0 select Ds    ??    0:00.00 [devd]\n    0  1346     1   0   1  0  6920     0 -      Rs    ??    0:00.00 [syslogd]\n    0  1456     1   0  44  0 12024     0 select Ds    ??    0:00.00 [sendmail]\n   25  1459     1   0  51  0 12024     0 pause  Ds    ??    0:00.00 [sendmail]\n    0  1463     1   0  76  0  7976     0 nanslp Ds    ??    0:00.00 [cron]\n    0  1521     1   0  44  0 21740     0 wait   Ds    ??  50794:38.00 [login]\n    0  1522     1   0  44  0 21740     0 wait   Ds    ??  51287:40.00 [login]\n    0  1523     1   0  76  0  6916     0 ttyin  Ds+   ??  57170:24.00 [getty]\n    0  1524     1   0  76  0  6916     0 ttyin  Ds+   ??  47976:12.00 [getty]\n    0  1525     1   0  76  0  6916     0 ttyin  Ds+   ??  56580:28.00 [getty]\n    0  1526     1   0  76  0  6916     0 ttyin  Ds+   ??  46925:44.00 [getty]\n    0  1527     1   0  76  0  6916     0 ttyin  Ds+   ??  53858:08.00 [getty]\n    0  1528     1   0  76  0  6916     0 ttyin  Ds+   ??  49947:48.00 [getty]\n 1001  1539  1521   0  45  0 10340     0 pause  D     ??  87428:10.00 [tcsh]\n    0  1542  1539   0  44  0 21732     0 wait   D     ??    0:00.00 [su]\n    0  1543  1542   0  49  0 10340     0 ttyin  D+    ??  45465:04.00 [csh]\n 1001  1547  1522   0  45  0 10340     0 pause  D     ??  56201:12.00 [tcsh]\n    0  1550  1547   0  44  0 21732     0 wait   D     ??    0:00.00 [su]\n    0  1551  1550   0  44  0 10340     0 pause  D     ??  46462:56.00 [csh]\n    0 25495  1551   0  44  0 19280     0 select D+    ??    0:00.00 [mc]\n    0 25496 25495   0  54  0 10340     0 -      Rs+   ??  38974:12.00 [csh]\n\n------------------------------------------------------------------------\nvmstat -s\n\n 22359667 cpu context switches\n   101462 device interrupts\n  5318793 software interrupts\n  3798569 traps\n  3078664 system calls\n       21 kernel threads created\n    22746  fork() calls\n     2738 vfork() calls\n        0 rfork() calls\n        0 swap pager pageins\n        0 swap pager pages paged in\n        0 swap pager pageouts\n        0 swap pager pages paged out\n      712 vnode pager pageins\n     6106 vnode pager pages paged in\n        0 vnode pager pageouts\n        0 vnode pager pages paged out\n        0 page daemon wakeups\n        0 pages examined by the page daemon\n      297 pages reactivated\n   752487 copy-on-write faults\n      201 copy-on-write optimized faults\n  2373939 zero fill pages zeroed\n        0 zero fill pages prezeroed\n      943 intransit blocking page faults\n  3666096 total VM faults taken\n        0 pages affected by kernel thread creation\n  5891654 pages affected by  fork()\n   605258 pages affected by vfork()\n        0 pages affected by rfork()\n      324 pages cached\n  3858910 pages freed\n        0 pages freed by daemon\n  2278500 pages freed by exiting processes\n     4293 pages active\n     5167 pages inactive\n       25 pages in VM cache\n    60331 pages wired down\n   913465 pages free\n     4096 bytes per page\n  1413136 total name lookups\n          cache hits (78% pos + 14% neg) system 0% per-directory\n          deletions 2%, falsehits 0%, toolong 0%\n\n------------------------------------------------------------------------\nvmstat -m\n\n         Type InUse MemUse HighUse Requests  Size(s)\n      ithread   137    21K       -      137  32,128,256\n       KTRACE   100    13K       -      100  128\n       linker   153    11K       -      157  16,32,64,128,512\n        lockf    17     2K       -   137613  64,128\n       ip6ndp    10     1K       -       10  64,128\n         temp    47    18K       -    47667  16,32,64,128,256,512,1024,2048,4096\n       devbuf  5206 17202K       -     5481  16,32,64,128,256,512,1024,2048,4096\n       module   467    59K       -      467  128\n     mtx_pool     2    16K       -        2  \n      subproc   191   246K       -    25654  512,4096\n         proc     2    16K       -        2  \n      session    15     2K       -       67  128\n         pgrp    22     3K       -       94  128\n         cred    40     7K       -   107990  64,256\n      uidinfo     4     3K       -       12  128,2048\n       plimit    16     4K       -     1111  256\n     pci_link    16     2K       -       16  64,128\n    acpi_perf     4     2K       -        4  512\n       acpica  4430   453K       -   113561  16,32,64,128,256,512,1024,2048,4096\n    sysctltmp     0     0K       -      502  16,32,64,128,256,512,4096\n    sysctloid  5905   295K       -     6009  16,32,64,128\n       sysctl     0     0K       -    21064  16,32,64\n      callout     3  1536K       -        3  \n         umtx   261    33K       -      261  128\n     p1003.1b     1     1K       -        1  16\n         SWAP     2   549K       -        2  64\n       bus-sc    89   196K       -     3973  16,32,64,128,256,512,1024,2048,4096\n          bus  1271   115K       -     7103  16,32,64,128,256,512,1024\n      devstat    14    29K       -       14  32,4096\n eventhandler    84     7K       -       84  64,128\n     acpitask     1     2K       -        1  2048\n      CAM SIM     2     1K       -        2  256\n   CAM periph     4     1K       -       15  16,32,64,128,256\n         kobj   305  1220K       -      366  4096\n      Per-cpu     1     1K       -        1  32\n       kbdmux     6    10K       -        6  16,512,1024,2048,4096\n         rman   216    26K       -      681  16,32,128\n          LED     8     1K       -        8  16,128\n         sbuf     0     0K       -     2245  16,32,64,128,256,512,1024,2048,4096\n       USBdev    20     2K       -       20  64,128\n        stack     0     0K       -        2  256\n    taskqueue    49     4K       -       49  16,32,128\n       Unitno    13     1K       -       25  32,64\n          iov     0     0K       -    11921  64,128,256,512\n       select    26     4K       -       26  128\n     ioctlops     0     0K       -     5725  16,32,64,128,256,512,1024\n          msg     4    30K       -        4  2048,4096\n          sem     4    76K       -        4  \n          shm     1    20K       -        1  \n          tty    20    20K       -       23  1024,2048\n          pts     1     1K       -        2  256\n     mbuf_tag     0     0K       -        4  32\n         ksem     1     8K       -        1  \n        shmfd     1     8K       -        1  \n          USB    41    56K       -       47  16,32,128,256,2048\n          pcb    16   213K       -      139  16,32,128,1024,2048\n       soname     3     1K       -    11944  16,32,128\n       biobuf   161   322K       -      221  2048\n     vfscache     1  2048K       -        1  \n   cl_savebuf     0     0K       -      220  64,128\n     vfs_hash     1  1024K       -        1  \n       vnodes     3     1K       -        4  64,256\n  vnodemarker     0     0K       -      423  512\n        mount    86     4K       -      130  16,32,64,128,256\n          BPF     9     2K       -        9  128\n  ether_multi     8     1K       -        8  16,32,64\n       ifaddr   110    21K       -      110  32,64,128,256,512,4096\n        ifnet    10    19K       -       10  128,2048\n      acpisem    27     4K       -       27  128\n        clone     6    24K       -        6  4096\n       arpcom     6     1K       -        6  16\n      lltable    20    10K       -       20  256,512\n      CAM XPT    21     7K       -       47  16,32,64,128,256,2048\nCAM dev queue     2     1K       -        2  128\n     routetbl    18     4K       -      101  32,64,128,256,512\n      scsi_da     0     0K       -        4  16\n    CAM queue     7     1K       -       19  16,32\nnetgraph_node     5     2K       -        5  256\n     netgraph     5     1K       -        5  64\n         igmp     9     3K       -        9  256\n       DEVFS1   101    51K       -      106  512\n       DEVFS3   120    30K       -      126  256\n     in_multi     1     1K       -        1  256\n     dummynet     3     3K       -        3  512,1024\n  IpFw/IpAcct     5     3K       -        5  16,64,128,1024\n    sctp_iter     0     0K       -        2  256\n     sctp_ifn     1     1K       -        1  128\n     sctp_ifa     3     1K       -        3  128\n     sctp_vrf     1     1K       -        1  64\n    sctp_a_it     0     0K       -        2  16\n    hostcache     1    28K       -        1  \n     syncache     1   192K       -        1  \n        DEVFS    14     1K       -       15  16,128\n    in6_multi     9     1K       -        9  32,256\n          mld     9     2K       -        9  128\n      NFS FHA     1     2K       -        1  2048\n          rpc     2     9K       -        2  256\naudit_evclass   172     6K       -      211  32\n     savedino     0     0K       -      998  256\n    newdirblk     0     0K       -        5  64\n       dirrem     8     1K       -    26070  64\n        mkdir     0     0K       -      422  64\n       diradd     9     1K       -    28292  64\n     freefile     1     1K       -    13962  64\n     freeblks     2     1K       -    13858  256\n     freefrag     0     0K       -     2433  64\n   allocindir     0     0K       -      997  128\n     indirdep     0     0K       -       49  64\n  allocdirect     3     1K       -    22127  256\n    bmsafemap     4     1K       -    17205  128\n       newblk     1     1K       -    23125  64,512\n     inodedep    15  1028K       -    39312  256\n      pagedep     3   129K       -    23300  128\n  ufs_dirhash    99    27K       -      108  16,32,64,128,256,512,2048,4096\n    ufs_mount    12    30K       -       16  512,1024,2048,4096\n      UMAHash     1     2K       -        3  512,1024,2048\n    pfs_nodes    21     6K       -       21  256\n  pfs_vncache     2     1K       -      230  64\n    vm_pgdata     2   129K       -        2  128\n         GEOM   190    46K       -      777  16,32,64,128,256,512,1024\n  ata_generic     2     2K       -        2  1024\n      io_apic     1     2K       -        1  2048\n      memdesc     1     4K       -        1  4096\n      ata_pci     2     1K       -        2  64\n      acpidev    99     7K       -       99  64\n    ad_driver     2     1K       -        2  32\n       isadev     8     1K       -        8  128\n     atkbddev     2     1K       -        2  64\n    ar_driver     0     0K       -       12  512,2048\n         cdev     9     3K       -        9  256\n      entropy  1024    64K       -     1024  64\n        sigio     1     1K       -        1  64\n     filedesc    44    23K       -    25507  512,1024\n         kenv    90    12K       -      100  16,32,64,128\n       kqueue     0     0K       -       14  256\n    proc-args    22     1K       -    29383  16,32,64,128,256\n        hhook     2     1K       -        2  128\n          MCA    12     2K       -       12  32,64,128\n          msi    21     3K       -       21  128\n     nexusdev     3     1K       -        3  16\n journal_data     1     1K       -        2  512\n\n------------------------------------------------------------------------\nvmstat -z\n\nITEM                     SIZE     LIMIT      USED      FREE  REQUESTS  FAILURES\n\nUMA Kegs:                 208,        0,       92,       10,       92,        0\nUMA Zones:                320,        0,       92,        4,       92,        0\nUMA Slabs:                568,        0,     1123,        4,     2258,        0\nUMA RCntSlabs:            568,        0,      407,        6,      407,        0\nUMA Hash:                 256,        0,        2,       13,        3,        0\n16 Bucket:                152,        0,      123,        2,      123,        0\n32 Bucket:                280,        0,      101,       11,      101,        1\n64 Bucket:                536,        0,      106,        6,      106,       20\n128 Bucket:              1048,        0,      430,        2,      430,       36\nVM OBJECT:                216,        0,    27242,      442,   450990,        0\nMAP:                      232,        0,        7,       25,        7,        0\nKMAP ENTRY:               120,   147591,       35,      151,     5017,        0\nMAP ENTRY:                120,        0,      591,      618,   848183,        0\nDP fakepg:                120,        0,        0,        0,        0,        0\nSG fakepg:                120,        0,        0,        0,        0,        0\nmt_zone:                 2056,        0,      292,        3,      292,        0\n16:                        16,        0,     2650,      710,    89436,        0\n32:                        32,        0,     2883,      753,    18878,        0\n64:                        64,        0,     5460,    10052,   281200,        0\n128:                      128,        0,     6704,     1155,   159703,        0\n256:                      256,        0,      569,    26776,   146249,        0\n512:                      512,        0,      432,      296,    44214,        0\n1024:                    1024,        0,       76,      256,     8672,        0\n2048:                    2048,        0,      208,       38,      752,        0\n4096:                    4096,        0,      385,      262,    30980,        0\nFiles:                     80,        0,       52,      398,   355364,        0\nTURNSTILE:                136,        0,      262,       58,      262,        0\numtx pi:                   96,        0,        0,        0,        0,        0\nMAC labels:                40,        0,        0,        0,        0,        0\nPROC:                    1136,        0,       42,      105,    25505,        0\nTHREAD:                  1128,        0,      222,       39,      222,        0\nSLEEPQUEUE:                80,        0,      262,       86,      262,        0\nVMSPACE:                  392,        0,       22,      178,    25483,        0\ncpuset:                    72,        0,       98,      102,      114,        0\naudit_record:             952,        0,        0,        0,        0,        0\nmbuf_packet:              256,        0,        0,      777,    11531,        0\nmbuf:                     256,        0,        1,      776,    11652,        0\nmbuf_cluster:            2048,   262144,      768,       46,      768,        0\nmbuf_jumbo_page:         4096,    12800,        0,        0,        0,        0\nmbuf_jumbo_9k:           9216,    19200,        0,        0,        0,        0\nmbuf_jumbo_16k:         16384,    12800,        0,        0,        0,        0\nmbuf_ext_refcnt:            4,        0,        0,        0,        0,        0\nNetGraph items:            72,    32770,        0,        0,        0,        0\nNetGraph data items:       72,    32770,        0,        0,        0,        0\ng_bio:                    232,        0,        0,     4560,   380803,        0\nttyinq:                   160,        0,      135,      105,      285,        0\nttyoutq:                  256,        0,       72,       48,      152,        0\nata_request:              320,        0,        1,     1156,    99935,        0\nata_composite:            336,        0,        0,        0,        0,        0\nVNODE:                    472,        0,    28420,      420,    42619,        0\nVNODEPOLL:                112,        0,        0,        0,        0,        0\nNAMEI:                   1024,        0,        1,       83,   591254,        0\nS VFS Cache:              108,        0,    18140,      175,    49853,        0\nSTS VFS Cache:            148,        0,        0,        0,        0,        0\nL VFS Cache:              328,        0,       20,       40,       39,        0\nLTS VFS Cache:            368,        0,        0,        0,        0,        0\nNFSMOUNT:                 632,        0,        0,        0,        0,        0\nNFSNODE:                  696,        0,        0,        0,        0,        0\nDIRHASH:                 1024,        0,      518,       42,      524,        0\npipe:                     728,        0,        0,       90,     9057,        0\nksiginfo:                 112,        0,      136,      920,      191,        0\nitimer:                   344,        0,        0,        0,        0,        0\nKNOTE:                    128,        0,        0,        0,        0,        0\nsocket:                   680,    25602,       12,       24,      454,        0\nipq:                       56,     8253,        0,        0,        0,        0\nudp_inpcb:                336,    25608,        2,       53,      282,        0\nudpcb:                     16,    25704,        2,      670,      282,        0\ntcp_inpcb:                336,    25608,        1,       54,       93,        0\ntcpcb:                    944,    25600,        1,       27,       93,        0\ntcptw:                     72,     5150,        0,        0,        0,        0\nsyncache:                 144,   102414,        0,        0,        0,        0\nhostcache:                136,    15372,        0,        0,        0,        0\ntcpreass:                  40,    16464,        0,        0,        0,        0\nsackhole:                  32,        0,        0,        0,        0,        0\nsctp_ep:                 1312,    25602,        0,        0,        0,        0\nsctp_asoc:               2288,    40000,        0,        0,        0,        0\nsctp_laddr:                48,    80064,        0,      216,        2,        0\nsctp_raddr:               696,    80000,        0,        0,        0,        0\nsctp_chunk:               136,   400008,        0,        0,        0,        0\nsctp_readq:               104,   400032,        0,        0,        0,        0\nsctp_stream_msg_out:      112,   400026,        0,        0,        0,        0\nsctp_asconf:               40,   400008,        0,        0,        0,        0\nsctp_asconf_ack:           48,   400032,        0,        0,        0,        0\nripcb:                    336,    25608,        0,        0,        0,        0\nunpcb:                    240,    25600,        9,       71,       77,        0\nrtentry:                  200,        0,        8,       68,        8,        0\nIPFW dynamic rule:        120,        0,        0,        0,        0,        0\ndivcb:                    336,    25608,        0,        0,        0,        0\nselfd:                     56,        0,       56,      259,    36126,        0\nSWAPMETA:                 288,   116519,        0,        0,        0,        0\nMountpoints:              752,        0,        6,        9,        6,        0\nFFS inode:                168,        0,    28388,      344,    42357,        0\nFFS1 dinode:              128,        0,        0,        0,        0,        0\nFFS2 dinode:              256,        0,    28388,      217,    42357,        0\n\n\n------------------------------------------------------------------------\nvmstat -i\n\ninterrupt                          total       rate\nirq1: atkbd0                         763         34\nirq0:                                  1          0\nstray irq0                             1          0\nirq20: atapci1+                    95942       4361\nirq23: ehci0 ehci1                  4742        215\ncpu0: timer                      5298647     240847\ncpu1: timer                      5298226     240828\ncpu2: timer                      5298223     240828\ncpu3: timer                      5298225     240828\nTotal                           21294770     967944\n\n------------------------------------------------------------------------\npstat -T\n\n 52/12328 files\n0M/4095M swap space\n\n------------------------------------------------------------------------\npstat -s\n\nDevice          512-blocks     Used    Avail Capacity\n/dev/ad8s1b        8388352        0  8388352     0%\n\n------------------------------------------------------------------------\niostat\n\niostat: kvm_read(_tk_nin): invalid address (0x0)\niostat: disabling TTY statistics\niostat: kvm_getcptime: invalid address (0x0)\niostat: disabling CPU time statistics\n             ad8             ad11              da0 \n  KB/t tps  MB/s   KB/t tps  MB/s   KB/t tps  MB/s \n 12.64 4226 52.18   3.32   6  0.02   0.01   0  0.00 \n\n------------------------------------------------------------------------\nipcs -a\n\nMessage Queues:\nT           ID          KEY MODE        OWNER    GROUP    CREATOR  CGROUP                 CBYTES                 QNUM               QBYTES        LSPID        LRPID STIME    RTIME    CTIME   \n\nShared Memory:\nT           ID          KEY MODE        OWNER    GROUP    CREATOR  CGROUP         NATTCH        SEGSZ         CPID         LPID ATIME    DTIME    CTIME   \n\nSemaphores:\nT           ID          KEY MODE        OWNER    GROUP    CREATOR  CGROUP          NSEMS OTIME    CTIME   \n\n\n------------------------------------------------------------------------\nipcs -T\n\nmsginfo:\n        msgmax:        16384    (max characters in a message)\n        msgmni:           40    (# of message queues)\n        msgmnb:         2048    (max characters in a message queue)\n        msgtql:           40    (max # of messages in system)\n        msgssz:            8    (size of a message segment)\n        msgseg:         2048    (# of message segments in system)\n\nshminfo:\n        shmmax:    134217728    (max shared memory segment size)\n        shmmin:            1    (min shared memory segment size)\n        shmmni:          192    (max number of shared memory identifiers)\n        shmseg:          128    (max shared memory segments per process)\n        shmall:        32768    (max amount of shared memory in pages)\n\nseminfo:\n        semmap:          256    (# of entries in semaphore map)\n        semmni:          256    (# of semaphore identifiers)\n        semmns:          512    (# of semaphores in system)\n        semmnu:          256    (# of undo structures in system)\n        semmsl:           60    (max # of semaphores per id)\n        semopm:          100    (max # of operations per semop call)\n        semume:           10    (max # of undo entries per process)\n        semusz:          152    (size in bytes of undo structure)\n        semvmx:        32767    (semaphore maximum value)\n        semaem:        16384    (adjust on exit max value)\n\n\n------------------------------------------------------------------------\nnfsstat\n\nClient Info:\nRpc Counts:\n  Getattr   Setattr    Lookup  Readlink      Read     Write    Create    Remove\n        0         0         0         0         0         0         0         0\n   Rename      Link   Symlink     Mkdir     Rmdir   Readdir  RdirPlus    Access\n        0         0         0         0         0         0         0         0\n    Mknod    Fsstat    Fsinfo  PathConf    Commit\n        0         0         0         0         0\nRpc Info:\n TimedOut   Invalid X Replies   Retries  Requests\n        0         0         0         0         0\nCache Info:\nAttr Hits    Misses Lkup Hits    Misses BioR Hits    Misses BioW Hits    Misses\n        0         0         0         0         0         0         0         0\nBioRLHits    Misses BioD Hits    Misses DirE Hits    Misses Accs Hits    Misses\n        0         0         0         0         0         0         0         0\n\nServer Info:\n  Getattr   Setattr    Lookup  Readlink      Read     Write    Create    Remove\n        0         0         0         0         0         0         0         0\n   Rename      Link   Symlink     Mkdir     Rmdir   Readdir  RdirPlus    Access\n        0         0         0         0         0         0         0         0\n    Mknod    Fsstat    Fsinfo  PathConf    Commit\n        0         0         0         0         0\nServer Ret-Failed\n                0\nServer Faults\n            0\nServer Cache Stats:\n   Inprog      Idem  Non-idem    Misses\n        0         0         0         0\nServer Write Gathering:\n WriteOps  WriteRPC   Opsaved\n        0         0         0\n\n------------------------------------------------------------------------\nnetstat -s\n\ntcp:\n        0 packets sent\n                0 data packets (0 bytes)\n                0 data packets (0 bytes) retransmitted\n                0 data packets unnecessarily retransmitted\n                0 resends initiated by MTU discovery\n                0 ack-only packets (0 delayed)\n                0 URG only packets\n                0 window probe packets\n                0 window update packets\n                23 control packets\n        0 packets received\n                0 acks (for 0 bytes)\n                0 duplicate acks\n                0 acks for unsent data\n                0 packets (0 bytes) received in-sequence\n                0 completely duplicate packets (0 bytes)\n                0 old duplicate packets\n                0 packets with some dup. data (0 bytes duped)\n                0 out-of-order packets (0 bytes)\n                0 packets (0 bytes) of data after window\n                0 window probes\n                0 window update packets\n                0 packets received after close\n                0 discarded for bad checksums\n                0 discarded for bad header offset fields\n                0 discarded because packet too short\n                0 discarded due to memory problems\n        23 connection requests\n        0 connection accepts\n        0 bad connection attempts\n        0 listen queue overflows\n        0 ignored RSTs in the windows\n        0 connections established (including accepts)\n        92 connections closed (including 0 drops)\n                0 connections updated cached RTT on close\n                0 connections updated cached RTT variance on close\n                0 connections updated cached ssthresh on close\n        0 embryonic connections dropped\n        0 segments updated rtt (of 23 attempts)\n        0 retransmit timeouts\n                0 connections dropped by rexmit timeout\n        0 persist timeouts\n                0 connections dropped by persist timeout\n        0 Connections (fin_wait_2) dropped because of timeout\n        0 keepalive timeouts\n                0 keepalive probes sent\n                0 connections dropped by keepalive\n        0 correct ACK header predictions\n        0 correct data packet header predictions\n        0 syncache entries added\n                0 retransmitted\n                0 dupsyn\n                0 dropped\n                0 completed\n                0 bucket overflow\n                0 cache overflow\n                0 reset\n                0 stale\n                0 aborted\n                0 badack\n                0 unreach\n                0 zone failures\n        0 cookies sent\n        0 cookies received\n        0 hostcache entries added\n                0 bucket overflow\n        0 SACK recovery episodes\n        0 segment rexmits in SACK recovery episodes\n        0 byte rexmits in SACK recovery episodes\n        0 SACK options (SACK blocks) received\n        0 SACK options (SACK blocks) sent\n        0 SACK scoreboard overflow\n        0 packets with ECN CE bit set\n        0 packets with ECN ECT(0) bit set\n        0 packets with ECN ECT(1) bit set\n        0 successful ECN handshakes\n        0 times ECN reduced the congestion window\nudp:\n        0 datagrams received\n        0 with incomplete header\n        0 with bad data length field\n        0 with bad checksum\n        0 with no checksum\n        0 dropped due to no socket\n        0 broadcast/multicast datagrams undelivered\n        0 dropped due to full socket buffers\n        0 not for hashed pcb\n        0 delivered\n        28 datagrams output\n        0 times multicast source filter matched\nip:\n        0 total packets received\n        0 bad header checksums\n        0 with size smaller than minimum\n        0 with data size \u003c data length\n        0 with ip length \u003e max ip packet size\n        0 with header length \u003c data size\n        0 with data length \u003c header length\n        0 with bad options\n        0 with incorrect version number\n        0 fragments received\n        0 fragments dropped (dup or out of space)\n        0 fragments dropped after timeout\n        0 packets reassembled ok\n        0 packets for this host\n        0 packets for unknown/unsupported protocol\n        0 packets forwarded (0 packets fast forwarded)\n        0 packets not forwardable\n        0 packets received for unknown multicast group\n        0 redirects sent\n        51 packets sent from this host\n        0 packets sent with fabricated ip header\n        0 output packets dropped due to no bufs, etc.\n        0 output packets discarded due to no route\n        0 output datagrams fragmented\n        0 fragments created\n        0 datagrams that can't be fragmented\n        0 tunneling packets that can't find gif\n        0 datagrams with bad address in header\nicmp:\n        0 calls to icmp_error\n        0 errors not generated in response to an icmp message\n        0 messages with bad code fields\n        0 messages less than the minimum length\n        0 messages with bad checksum\n        0 messages with bad length\n        0 multicast echo requests ignored\n        0 multicast timestamp requests ignored\n        0 message responses generated\n        0 invalid return addresses\n        0 no return routes\nigmp:\n        0 messages received\n        0 messages received with too few bytes\n        0 messages received with wrong TTL\n        0 messages received with bad checksum\n        0 V1/V2 membership queries received\n        0 V3 membership queries received\n        0 membership queries received with invalid field(s)\n        0 general queries received\n        0 group queries received\n        0 group-source queries received\n        0 group-source queries dropped\n        0 membership reports received\n        0 membership reports received with invalid field(s)\n        0 membership reports received for groups to which we belong\n        0 V3 reports received without Router Alert\n        0 membership reports sent\narp:\n        0 ARP requests sent\n        0 ARP replies sent\n        0 ARP requests received\n        0 ARP replies received\n        0 ARP packets received\n        0 total packets dropped due to no ARP entry\n        0 ARP entrys timed out\n        0 Duplicate IPs seen\nip6:\n        0 total packets received\n        0 with size smaller than minimum\n        0 with data size \u003c data length\n        0 with bad options\n        0 with incorrect version number\n        0 fragments received\n        0 fragments dropped (dup or out of space)\n        0 fragments dropped after timeout\n        0 fragments that exceeded limit\n        0 packets reassembled ok\n        0 packets for this host\n        0 packets forwarded\n        0 packets not forwardable\n        0 redirects sent\n        0 packets sent from this host\n        0 packets sent with fabricated ip header\n        0 output packets dropped due to no bufs, etc.\n        0 output packets discarded due to no route\n        0 output datagrams fragmented\n        0 fragments created\n        0 datagrams that can't be fragmented\n        0 packets that violated scope rules\n        0 multicast packets which we don't join\n        Mbuf statistics:\n                0 one mbuf\n                0 one ext mbuf\n                0 two or more ext mbuf\n        0 packets whose headers are not continuous\n        0 tunneling packets that can't find gif\n        0 packets discarded because of too many headers\n        0 failures of source address selection\n        Source addresses selection rule applied:\n                24 first candidate\n                24 same address\nicmp6:\n        0 calls to icmp6_error\n        0 errors not generated in response to an icmp6 message\n        0 errors not generated because of rate limitation\n        0 messages with bad code fields\n        0 messages \u003c minimum length\n        0 bad checksums\n        0 messages with bad length\n        Histogram of error messages to be generated:\n                0 no route\n                0 administratively prohibited\n                0 beyond scope\n                0 address unreachable\n                0 port unreachable\n                0 packet too big\n                0 time exceed transit\n                0 time exceed reassembly\n                0 erroneous header field\n                0 unrecognized next header\n                0 unrecognized option\n                0 redirect\n                0 unknown\n        0 message responses generated\n        0 messages with too many ND options\n        0 messages with bad ND options\n        0 bad neighbor solicitation messages\n        0 bad neighbor advertisement messages\n        0 bad router solicitation messages\n        0 bad router advertisement messages\n        0 bad redirect messages\n        0 path MTU changes\nrip6:\n        0 messages received\n        0 checksum calculations on inbound\n        0 messages with bad checksum\n        0 messages dropped due to no socket\n        0 multicast messages dropped due to no socket\n        0 messages dropped due to full socket buffers\n        0 delivered\n        0 datagrams output\n\n------------------------------------------------------------------------\nnetstat -m\n\n1/1553/1554 mbufs in use (current/cache/total)\n18446744073709551607/823/814/262144 mbuf clusters in use (current/cache/total/max)\n0/777 mbuf+clusters out of packet secondary zone in use (current/cache)\n0/0/0/12800 4k (page size) jumbo clusters in use (current/cache/total/max)\n0/0/0/19200 9k jumbo clusters in use (current/cache/total/max)\n0/0/0/12800 16k jumbo clusters in use (current/cache/total/max)\n18014398509481966K/2034K/2016K bytes allocated to network (current/cache/total)\n0/0/0 requests for mbufs denied (mbufs/clusters/mbuf+clusters)\n0/0/0 requests for jumbo clusters denied (4k/9k/16k)\n0 requests for sfbufs denied\n0 requests for sfbufs delayed\n0 requests for I/O initiated by sendfile\n0 calls to protocol drain routines\n\n------------------------------------------------------------------------\nnetstat -id\n\nName    Mtu Network       Address              Ipkts Ierrs Idrop    Opkts Oerrs  Coll Drop\nigb0*  1500 \u003cLink#1\u003e      a0:36:9f:00:66:a4        0     0     0        0     0     0    0 \nigb1*  1500 \u003cLink#2\u003e      a0:36:9f:00:66:a5        0     0     0        0     0     0    0 \nigb2*  1500 \u003cLink#3\u003e      a0:36:9f:00:66:a6        0     0     0        0     0     0    0 \nigb3*  1500 \u003cLink#4\u003e      a0:36:9f:00:66:a7        0     0     0        0     0     0    0 \nusbus     0 \u003cLink#5\u003e                               0     0     0        0     0     0    0 \nre0*   1500 \u003cLink#6\u003e      14:da:e9:b8:5a:76        0     0     0        0     0     0    0 \nusbus     0 \u003cLink#7\u003e                               0     0     0        0     0     0    0 \nipfw0 65536 \u003cLink#8\u003e                               0     0     0        0     0     0    0 \nlo0   16384 \u003cLink#9\u003e                               0     0     0        0     0     0    0 \nlo0   16384 fe80::1%lo0   fe80::1                  0     -     -        0     -     -    - \nlo0   16384 localhost     ::1                      0     -     -        0     -     -    - \nlo0   16384 your-net      localhost                0     -     -        0     -     -    - \n\n------------------------------------------------------------------------\nnetstat -anr\n\nRouting tables\n\nInternet:\nDestination        Gateway            Flags    Refs      Use  Netif Expire\n127.0.0.1          link#9             UH          0       51    lo0\n\nInternet6:\nDestination                       Gateway                       Flags      Netif Expire\n::/96                             ::1                           UGRS        lo0\n::1                               link#9                        UH          lo0\n::ffff:0.0.0.0/96                 ::1                           UGRS        lo0\nfe80::%lo0/64                     link#9                        U           lo0\nfe80::1%lo0                       link#9                        UHS         lo0\nff01::%lo0/32                     fe80::1%lo0                   U           lo0\nff02::%lo0/32                     fe80::1%lo0                   U           lo0\n\n------------------------------------------------------------------------\nnetstat -anA\n\nActive Internet connections (including servers)\nTcpcb            Proto Recv-Q Send-Q Local Address      Foreign Address    (state)\nffffff0003b53b10 tcp4       0      0 127.0.0.1.25       *.*                LISTEN\nffffff0003924150 udp4       0      0 *.514              *.*                \nffffff0003924000 udp6       0      0 *.514              *.*                \nActive UNIX domain sockets\nAddress  Type   Recv-Q Send-Q    Inode     Conn     Refs  Nextref Addr\nffffff000393ee10 stream      0      0        0 ffffff000393ed20        0        0\nffffff000393ed20 stream      0      0        0 ffffff000393ee10        0        0\nffffff0003903d20 stream      0      0 ffffff0003948ce8        0        0        0 /var/run/devd.pipe\nffffff00039e8690 dgram       0      0        0 ffffff00039e8b40        0 ffffff00039e8780\nffffff00039e8780 dgram       0      0        0 ffffff00039e8b40        0 ffffff00039e8a50\nffffff00039e8960 dgram       0      0        0 ffffff00039e8c30        0        0\nffffff00039e8a50 dgram       0      0        0 ffffff00039e8b40        0        0\nffffff00039e8b40 dgram       0      0 ffffff00039b7938        0 ffffff00039e8690        0 /var/run/logpriv\nffffff00039e8c30 dgram       0      0 ffffff00039b7b10        0 ffffff00039e8960        0 /var/run/log\n\n------------------------------------------------------------------------\nnetstat -aL\n\nCurrent listen queue sizes (qlen/incqlen/maxqlen)\nProto Listen         Local Address         \ntcp4  0/0/10         localhost.smtp         \nunix  0/0/4          /var/run/devd.pipe\n\n------------------------------------------------------------------------\nfstat\n\nUSER     CMD          PID   FD MOUNT      INUM MODE         SZ|DV R/W\nroot     csh        25496 root /             2 drwxr-xr-x     512  r\nroot     csh        25496   wd /         47105 drwxr-xr-x    2048  r\nroot     csh        25496 text /         94367 -r-xr-xr-x  369816  r\nroot     csh        25496    0 /dev         78 crw--w----   pts/0 rw\nroot     csh        25496    1 /dev         78 crw--w----   pts/0 rw\nroot     csh        25496    2 /dev         78 crw--w----   pts/0 rw\nroot     csh        25496   15 /dev         78 crw--w----   pts/0 rw\nroot     csh        25496   16 /dev         78 crw--w----   pts/0 rw\nroot     csh        25496   17 /dev         78 crw--w----   pts/0 rw\nroot     csh        25496   18 /dev         78 crw--w----   pts/0 rw\nroot     csh        25496   19 /dev         78 crw--w----   pts/0 rw\nroot     mc         25495 root /             2 drwxr-xr-x     512  r\nroot     mc         25495   wd /         47105 drwxr-xr-x    2048  r\nroot     mc         25495 text /usr     3768884 -r-xr-xr-x  1019672  r\nroot     mc         25495    0 /dev         40 crw-------   ttyv1 rw\nroot     mc         25495    1 /dev         40 crw-------   ttyv1 rw\nroot     mc         25495    2 /dev         40 crw-------   ttyv1 rw\nroot     mc         25495    3 /dev         40 crw-------   ttyv1 rw\nroot     mc         25495    4* pseudo-terminal master      pts/0 rw\nroot     mc         25495    5 /dev         78 crw--w----   pts/0 rw\nroot     mc         25495    6 /tmp      47241 prw-------       0 rw\nroot     mc         25495    7 /tmp      47241 prw-------       0 rw\nroot     csh         1551 root /             2 drwxr-xr-x     512  r\nroot     csh         1551   wd /usr     3888105 drwxr-xr-x     512  r\nroot     csh         1551 text /         94367 -r-xr-xr-x  369816  r\nroot     csh         1551   15 /dev         40 crw-------   ttyv1 rw\nroot     csh         1551   16 /dev         40 crw-------   ttyv1 rw\nroot     csh         1551   17 /dev         40 crw-------   ttyv1 rw\nroot     csh         1551   18 /dev         40 crw-------   ttyv1 rw\nroot     csh         1551   19 /dev         40 crw-------   ttyv1 rw\nroot     su          1550 root /             2 drwxr-xr-x     512  r\nroot     su          1550   wd /usr     4474881 drwxr-xr-x     512  r\nroot     su          1550 text /usr     3675176 -r-sr-xr-x   16880  r\nroot     su          1550    0 /dev         40 crw-------   ttyv1 rw\nroot     su          1550    1 /dev         40 crw-------   ttyv1 rw\nroot     su          1550    2 /dev         40 crw-------   ttyv1 rw\nadm      tcsh        1547 root /             2 drwxr-xr-x     512  r\nadm      tcsh        1547   wd /usr     4474881 drwxr-xr-x     512  r\nadm      tcsh        1547 text /         94367 -r-xr-xr-x  369816  r\nadm      tcsh        1547   15 /dev         40 crw-------   ttyv1 rw\nadm      tcsh        1547   16 /dev         40 crw-------   ttyv1 rw\nadm      tcsh        1547   17 /dev         40 crw-------   ttyv1 rw\nadm      tcsh        1547   18 /dev         40 crw-------   ttyv1 rw\nadm      tcsh        1547   19 /dev         40 crw-------   ttyv1 rw\nroot     csh         1543 root /             2 drwxr-xr-x     512  r\nroot     csh         1543   wd /usr     4474881 drwxr-xr-x     512  r\nroot     csh         1543 text /         94367 -r-xr-xr-x  369816  r\nroot     csh         1543   15 /dev         39 crw-------   ttyv0 rw\nroot     csh         1543   16 /dev         39 crw-------   ttyv0 rw\nroot     csh         1543   17 /dev         39 crw-------   ttyv0 rw\nroot     csh         1543   18 /dev         39 crw-------   ttyv0 rw\nroot     csh         1543   19 /dev         39 crw-------   ttyv0 rw\nroot     su          1542 root /             2 drwxr-xr-x     512  r\nroot     su          1542   wd /usr     4474881 drwxr-xr-x     512  r\nroot     su          1542 text /usr     3675176 -r-sr-xr-x   16880  r\nroot     su          1542    0 /dev         39 crw-------   ttyv0 rw\nroot     su          1542    1 /dev         39 crw-------   ttyv0 rw\nroot     su          1542    2 /dev         39 crw-------   ttyv0 rw\nadm      tcsh        1539 root /             2 drwxr-xr-x     512  r\nadm      tcsh        1539   wd /usr     4474881 drwxr-xr-x     512  r\nadm      tcsh        1539 text /         94367 -r-xr-xr-x  369816  r\nadm      tcsh        1539   15 /dev         39 crw-------   ttyv0 rw\nadm      tcsh        1539   16 /dev         39 crw-------   ttyv0 rw\nadm      tcsh        1539   17 /dev         39 crw-------   ttyv0 rw\nadm      tcsh        1539   18 /dev         39 crw-------   ttyv0 rw\nadm      tcsh        1539   19 /dev         39 crw-------   ttyv0 rw\nroot     getty       1528 root /             2 drwxr-xr-x     512  r\nroot     getty       1528   wd /             2 drwxr-xr-x     512  r\nroot     getty       1528 text /usr     1248274 -r-xr-xr-x   27736  r\nroot     getty       1528    0 /dev         46 crw-------   ttyv7 rw\nroot     getty       1528    1 /dev         46 crw-------   ttyv7 rw\nroot     getty       1528    2 /dev         46 crw-------   ttyv7 rw\nroot     getty       1527 root /             2 drwxr-xr-x     512  r\nroot     getty       1527   wd /             2 drwxr-xr-x     512  r\nroot     getty       1527 text /usr     1248274 -r-xr-xr-x   27736  r\nroot     getty       1527    0 /dev         45 crw-------   ttyv6 rw\nroot     getty       1527    1 /dev         45 crw-------   ttyv6 rw\nroot     getty       1527    2 /dev         45 crw-------   ttyv6 rw\nroot     getty       1526 root /             2 drwxr-xr-x     512  r\nroot     getty       1526   wd /             2 drwxr-xr-x     512  r\nroot     getty       1526 text /usr     1248274 -r-xr-xr-x   27736  r\nroot     getty       1526    0 /dev         44 crw-------   ttyv5 rw\nroot     getty       1526    1 /dev         44 crw-------   ttyv5 rw\nroot     getty       1526    2 /dev         44 crw-------   ttyv5 rw\nroot     getty       1525 root /             2 drwxr-xr-x     512  r\nroot     getty       1525   wd /             2 drwxr-xr-x     512  r\nroot     getty       1525 text /usr     1248274 -r-xr-xr-x   27736  r\nroot     getty       1525    0 /dev         43 crw-------   ttyv4 rw\nroot     getty       1525    1 /dev         43 crw-------   ttyv4 rw\nroot     getty       1525    2 /dev         43 crw-------   ttyv4 rw\nroot     getty       1524 root /             2 drwxr-xr-x     512  r\nroot     getty       1524   wd /             2 drwxr-xr-x     512  r\nroot     getty       1524 text /usr     1248274 -r-xr-xr-x   27736  r\nroot     getty       1524    0 /dev         42 crw-------   ttyv3 rw\nroot     getty       1524    1 /dev         42 crw-------   ttyv3 rw\nroot     getty       1524    2 /dev         42 crw-------   ttyv3 rw\nroot     getty       1523 root /             2 drwxr-xr-x     512  r\nroot     getty       1523   wd /             2 drwxr-xr-x     512  r\nroot     getty       1523 text /usr     1248274 -r-xr-xr-x   27736  r\nroot     getty       1523    0 /dev         41 crw-------   ttyv2 rw\nroot     getty       1523    1 /dev         41 crw-------   ttyv2 rw\nroot     getty       1523    2 /dev         41 crw-------   ttyv2 rw\nroot     login       1522 root /             2 drwxr-xr-x     512  r\nroot     login       1522   wd /usr     4474881 drwxr-xr-x     512  r\nroot     login       1522 text /usr     3674268 -r-sr-xr-x   25536  r\nroot     login       1522    0 /dev         40 crw-------   ttyv1 rw\nroot     login       1522    1 /dev         40 crw-------   ttyv1 rw\nroot     login       1522    2 /dev         40 crw-------   ttyv1 rw\nroot     login       1522    3* local dgram ffffff00039e8690 \u003c-\u003e ffffff00039e8b40\nroot     login       1521 root /             2 drwxr-xr-x     512  r\nroot     login       1521   wd /usr     4474881 drwxr-xr-x     512  r\nroot     login       1521 text /usr     3674268 -r-sr-xr-x   25536  r\nroot     login       1521    0 /dev         39 crw-------   ttyv0 rw\nroot     login       1521    1 /dev         39 crw-------   ttyv0 rw\nroot     login       1521    2 /dev         39 crw-------   ttyv0 rw\nroot     login       1521    3* local dgram ffffff00039e8780 \u003c-\u003e ffffff00039e8b40\nroot     cron        1463 root /             2 drwxr-xr-x     512  r\nroot     cron        1463   wd /var     730112 drwxr-x---     512  r\nroot     cron        1463 text /usr     379451 -r-xr-xr-x   40072  r\nroot     cron        1463    0 /dev         24 crw-rw-rw-    null rw\nroot     cron        1463    1 /dev         24 crw-rw-rw-    null rw\nroot     cron        1463    2 /dev         24 crw-rw-rw-    null rw\nroot     cron        1463    3 /var     848049 -rw-------       4  w\nsmmsp    sendmail    1459 root /             2 drwxr-xr-x     512  r\nsmmsp    sendmail    1459   wd /var     1012742 drwxrwx---  652800  r\nsmmsp    sendmail    1459 text /usr     1252793 -r-xr-sr-x  707544  r\nsmmsp    sendmail    1459    0 /dev         24 crw-rw-rw-    null  r\nsmmsp    sendmail    1459    1 /dev         24 crw-rw-rw-    null  w\nsmmsp    sendmail    1459    2 /dev         24 crw-rw-rw-    null  w\nsmmsp    sendmail    1459    3* local dgram ffffff00039e8960 \u003c-\u003e ffffff00039e8c30\nsmmsp    sendmail    1459    4 /var     1012744 -rw-------      50  w\nroot     sendmail    1456 root /             2 drwxr-xr-x     512  r\nroot     sendmail    1456   wd /var     1012739 drwxr-xr-x     512  r\nroot     sendmail    1456 text /usr     1252793 -r-xr-sr-x  707544  r\nroot     sendmail    1456    0 /dev         24 crw-rw-rw-    null  r\nroot     sendmail    1456    1 /dev         24 crw-rw-rw-    null  w\nroot     sendmail    1456    2 /dev         24 crw-rw-rw-    null  w\nroot     sendmail    1456    3* local dgram ffffff00039e8a50 \u003c-\u003e ffffff00039e8b40\nroot     sendmail    1456    4* internet stream tcp ffffff0003b53b10\nroot     sendmail    1456    5 /var     848043 -rw-------      79  w\nroot     syslogd     1346 root /             2 drwxr-xr-x     512  r\nroot     syslogd     1346   wd /             2 drwxr-xr-x     512  r\nroot     syslogd     1346 text /usr     379613 -r-xr-xr-x   39640  r\nroot     syslogd     1346    0 /dev         24 crw-rw-rw-    null rw\nroot     syslogd     1346    1 /dev         24 crw-rw-rw-    null rw\nroot     syslogd     1346    2 /dev         24 crw-rw-rw-    null rw\nroot     syslogd     1346    3 /var     848002 -rw-------       4  w\nroot     syslogd     1346    4* local dgram ffffff00039e8c30\nroot     syslogd     1346    5* local dgram ffffff00039e8b40\nroot     syslogd     1346    6* internet6 dgram udp ffffff0003924000\nroot     syslogd     1346    7* internet dgram udp ffffff0003924150\nroot     syslogd     1346    8 /dev         30 crw-------    klog  r\nroot     syslogd     1346   10 -         -         bad    -\nroot     syslogd     1346   11 /var     353357 -rw-r--r--  290335  w\nroot     syslogd     1346   12 /var     353284 -rw-------   70545  w\nroot     syslogd     1346   13 /var     353351 -rw-------    4749  w\nroot     syslogd     1346   14 /var     353303 -rw-r-----  49663418  w\nroot     syslogd     1346   15 /var     353287 -rw-r--r--      55  w\nroot     syslogd     1346   16 /var     353292 -rw-------      55  w\nroot     syslogd     1346   17 /var     353309 -rw-------   57572  w\nroot     syslogd     1346   18 /var     353286 -rw-------   47842  w\nroot     syslogd     1346   19 /var     353298 -rw-------   14425  w\nroot     syslogd     1346   20 /var     353290 -rw-r-----      55  w\nroot     syslogd     1346   21 /var     353325 -rw-r--r--  11703835  w\nroot     syslogd     1346   22 /var     353368 -rw-------      70  w\nroot     syslogd     1346   23 /var     353343 -rw-r--r--       0  w\nroot     devd        1189 root /             2 drwxr-xr-x     512  r\nroot     devd        1189   wd /             2 drwxr-xr-x     512  r\nroot     devd        1189 text /         94349 -r-xr-xr-x  422424  r\nroot     devd        1189    0 /dev         24 crw-rw-rw-    null rw\nroot     devd        1189    1 /dev         24 crw-rw-rw-    null rw\nroot     devd        1189    2 /dev         24 crw-rw-rw-    null rw\nroot     devd        1189    3 /dev          4 crw-------  devctl  r\nroot     devd        1189    4* local stream ffffff0003903d20\nroot     devd        1189    5 /var     847944 -rw-------       4  w\nroot     init           1 root /             2 drwxr-xr-x     512  r\nroot     init           1   wd /             2 drwxr-xr-x     512  r\nroot     init           1 text /         94248 -r-xr-xr-x  776040  r\nroot     kernel         0 root /             2 drwxr-xr-x     512  r\nroot     kernel         0   wd /             2 drwxr-xr-x     512  r\n\n------------------------------------------------------------------------\ndmesg\n\nCopyright (c) 1992-2012 The FreeBSD Project.\nCopyright (c) 1979, 1980, 1983, 1986, 1988, 1989, 1991, 1992, 1993, 1994\n        The Regents of the University of California. All rights reserved.\nFreeBSD is a registered trademark of The FreeBSD Foundation.\nFreeBSD 8.3-STABLE #9 r237224M: Mon Jun 18 15:49:27 EEST 2012\n    root@:/usr/obj/usr/src/sys/KES_KERN_v8 amd64\nTimecounter \"i8254\" frequency 1193182 Hz quality 0\nCPU: Intel(R) Core(TM) i3-2100 CPU @ 3.10GHz (3110.48-MHz K8-class CPU)\n  Origin = \"GenuineIntel\"  Id = 0x206a7  Family = 6  Model = 2a  Stepping = 7\n  Features=0xbfebfbff\u003cFPU,VME,DE,PSE,TSC,MSR,PAE,MCE,CX8,APIC,SEP,MTRR,PGE,MCA,CMOV,PAT,PSE36,CLFLUSH,DTS,ACPI,MMX,FXSR,SSE,SSE2,SS,HTT,TM,PBE\u003e\n  Features2=0x1d9ae3bf\u003cSSE3,PCLMULQDQ,DTES64,MON,DS_CPL,VMX,EST,TM2,SSSE3,CX16,xTPR,PDCM,PCID,SSE4.1,SSE4.2,POPCNT,TSCDLT,XSAVE,OSXSAVE,AVX\u003e\n  AMD Features=0x28100800\u003cSYSCALL,NX,RDTSCP,LM\u003e\n  AMD Features2=0x1\u003cLAHF\u003e\n  TSC: P-state invariant\nreal memory  = 4294967296 (4096 MB)\navail memory = 3999862784 (3814 MB)\nACPI APIC Table: \u003cALASKA A M I\u003e\nFreeBSD/SMP: Multiprocessor System Detected: 4 CPUs\nFreeBSD/SMP: 1 package(s) x 2 core(s) x 2 SMT threads\n cpu0 (BSP): APIC ID:  0\n cpu1 (AP): APIC ID:  1\n cpu2 (AP): APIC ID:  2\n cpu3 (AP): APIC ID:  3\nioapic0 \u003cVersion 2.0\u003e irqs 0-23 on motherboard\nkbd1 at kbdmux0\nacpi0: \u003cALASKA A M I\u003e on motherboard\nacpi0: [ITHREAD]\nACPI Error: [RAMB] Namespace lookup failure, AE_NOT_FOUND (20101013/psargs-464)\nACPI Exception: AE_NOT_FOUND, Could not execute arguments for [RAMW] (Region) (20101013/nsinit-452)\nacpi0: Power Button (fixed)\nTimecounter \"ACPI-fast\" frequency 3579545 Hz quality 1000\nacpi_timer0: \u003c24-bit timer at 3.579545MHz\u003e port 0x408-0x40b on acpi0\ncpu0: \u003cACPI CPU\u003e on acpi0\ncpu1: \u003cACPI CPU\u003e on acpi0\ncpu2: \u003cACPI CPU\u003e on acpi0\ncpu3: \u003cACPI CPU\u003e on acpi0\npcib0: \u003cACPI Host-PCI bridge\u003e port 0xcf8-0xcff on acpi0\npci0: \u003cACPI PCI bus\u003e on pcib0\npcib1: \u003cACPI PCI-PCI bridge\u003e irq 16 at device 1.0 on pci0\npci1: \u003cACPI PCI bus\u003e on pcib1\nigb0: \u003cIntel(R) PRO/1000 Network Connection version - 2.3.1\u003e mem 0xfbb00000-0xfbbfffff,0xfbc8c000-0xfbc8ffff irq 16 at device 0.0 on pci1\nigb0: Using MSIX interrupts with 5 vectors\nigb0: Ethernet address: a0:36:9f:00:66:a4\nigb0: [ITHREAD]\nigb0: Bound queue 0 to cpu 0\nigb0: [ITHREAD]\nigb0: Bound queue 1 to cpu 1\nigb0: [ITHREAD]\nigb0: Bound queue 2 to cpu 2\nigb0: [ITHREAD]\nigb0: Bound queue 3 to cpu 3\nigb0: [ITHREAD]\nigb1: \u003cIntel(R) PRO/1000 Network Connection version - 2.3.1\u003e mem 0xfba00000-0xfbafffff,0xfbc88000-0xfbc8bfff irq 17 at device 0.1 on pci1\nigb1: Using MSIX interrupts with 5 vectors\nigb1: Ethernet address: a0:36:9f:00:66:a5\nigb1: [ITHREAD]\nigb1: Bound queue 0 to cpu 0\nigb1: [ITHREAD]\nigb1: Bound queue 1 to cpu 1\nigb1: [ITHREAD]\nigb1: Bound queue 2 to cpu 2\nigb1: [ITHREAD]\nigb1: Bound queue 3 to cpu 3\nigb1: [ITHREAD]\nigb2: \u003cIntel(R) PRO/1000 Network Connection version - 2.3.1\u003e mem 0xfb900000-0xfb9fffff,0xfbc84000-0xfbc87fff irq 18 at device 0.2 on pci1\nigb2: Using MSIX interrupts with 5 vectors\nigb2: Ethernet address: a0:36:9f:00:66:a6\nigb2: [ITHREAD]\nigb2: Bound queue 0 to cpu 0\nigb2: [ITHREAD]\nigb2: Bound queue 1 to cpu 1\nigb2: [ITHREAD]\nigb2: Bound queue 2 to cpu 2\nigb2: [ITHREAD]\nigb2: Bound queue 3 to cpu 3\nigb2: [ITHREAD]\nigb3: \u003cIntel(R) PRO/1000 Network Connection version - 2.3.1\u003e mem 0xfb800000-0xfb8fffff,0xfbc80000-0xfbc83fff irq 19 at device 0.3 on pci1\nigb3: Using MSIX interrupts with 5 vectors\nigb3: Ethernet address: a0:36:9f:00:66:a7\nigb3: [ITHREAD]\nigb3: Bound queue 0 to cpu 0\nigb3: [ITHREAD]\nigb3: Bound queue 1 to cpu 1\nigb3: [ITHREAD]\nigb3: Bound queue 2 to cpu 2\nigb3: [ITHREAD]\nigb3: Bound queue 3 to cpu 3\nigb3: [ITHREAD]\nvgapci0: \u003cVGA-compatible display\u003e port 0xf000-0xf03f mem 0xfb400000-0xfb7fffff,0xc0000000-0xcfffffff irq 16 at device 2.0 on pci0\npci0: \u003csimple comms\u003e at device 22.0 (no driver attached)\nehci0: \u003cEHCI (generic) USB 2.0 controller\u003e mem 0xfbf02000-0xfbf023ff irq 23 at device 26.0 on pci0\nehci0: [ITHREAD]\nusbus0: EHCI version 1.0\nusbus0 on ehci0\npcib2: \u003cACPI PCI-PCI bridge\u003e irq 17 at device 28.0 on pci0\npci2: \u003cACPI PCI bus\u003e on pcib2\npcib3: \u003cACPI PCI-PCI bridge\u003e irq 17 at device 28.4 on pci0\npci3: \u003cACPI PCI bus\u003e on pcib3\natapci0: \u003cVIA ATA controller\u003e port 0xe040-0xe047,0xe030-0xe033,0xe020-0xe027,0xe010-0xe013,0xe000-0xe00f irq 16 at device 0.0 on pci3\natapci0: [ITHREAD]\nata2: \u003cATA channel\u003e at channel 0 on atapci0\nata2: [ITHREAD]\nata3: \u003cATA channel\u003e at channel 1 on atapci0\nata3: [ITHREAD]\npcib4: \u003cACPI PCI-PCI bridge\u003e irq 16 at device 28.5 on pci0\npci4: \u003cACPI PCI bus\u003e on pcib4\npci4: \u003cserial bus, USB\u003e at device 0.0 (no driver attached)\npcib5: \u003cACPI PCI-PCI bridge\u003e irq 18 at device 28.6 on pci0\npci5: \u003cACPI PCI bus\u003e on pcib5\nre0: \u003cRealTek 8168/8111 B/C/CP/D/DP/E/F PCIe Gigabit Ethernet\u003e port 0xd000-0xd0ff mem 0xd0004000-0xd0004fff,0xd0000000-0xd0003fff irq 18 at device 0.0 on pci5\nre0: Using 1 MSI-X message\nre0: Chip rev. 0x2c000000\nre0: MAC rev. 0x00000000\nmiibus0: \u003cMII bus\u003e on re0\nrgephy0: \u003cRTL8169S/8110S/8211B media interface\u003e PHY 1 on miibus0\nrgephy0:  none, 10baseT, 10baseT-FDX, 10baseT-FDX-flow, 100baseTX, 100baseTX-FDX, 100baseTX-FDX-flow, 1000baseT, 1000baseT-master, 1000baseT-FDX, 1000baseT-FDX-master, 1000baseT-FDX-flow, 1000baseT-FDX-flow-master, auto, auto-flow\nre0: Ethernet address: 14:da:e9:b8:5a:76\nre0: [ITHREAD]\npcib6: \u003cACPI PCI-PCI bridge\u003e irq 19 at device 28.7 on pci0\npci6: \u003cACPI PCI bus\u003e on pcib6\npcib7: \u003cACPI PCI-PCI bridge\u003e irq 17 at device 0.0 on pci6\npci7: \u003cACPI PCI bus\u003e on pcib7\nehci1: \u003cEHCI (generic) USB 2.0 controller\u003e mem 0xfbf01000-0xfbf013ff irq 23 at device 29.0 on pci0\nehci1: [ITHREAD]\nusbus1: EHCI version 1.0\nusbus1 on ehci1\nisab0: \u003cPCI-ISA bridge\u003e at device 31.0 on pci0\nisa0: \u003cISA bus\u003e on isab0\natapci1: \u003cIntel Cougar Point SATA300 controller\u003e port 0xf110-0xf117,0xf100-0xf103,0xf0f0-0xf0f7,0xf0e0-0xf0e3,0xf0d0-0xf0df,0xf0c0-0xf0cf irq 20 at device 31.2 on pci0\natapci1: [ITHREAD]\nata4: \u003cATA channel\u003e at channel 0 on atapci1\nata4: [ITHREAD]\nata5: \u003cATA channel\u003e at channel 1 on atapci1\nata5: [ITHREAD]\npci0: \u003cserial bus, SMBus\u003e at device 31.3 (no driver attached)\natapci2: \u003cIntel Cougar Point SATA300 controller\u003e port 0xf0b0-0xf0b7,0xf0a0-0xf0a3,0xf090-0xf097,0xf080-0xf083,0xf070-0xf07f,0xf060-0xf06f irq 20 at device 31.5 on pci0\natapci2: [ITHREAD]\nata6: \u003cATA channel\u003e at channel 0 on atapci2\nata6: [ITHREAD]\nata7: \u003cATA channel\u003e at channel 1 on atapci2\nata7: [ITHREAD]\nacpi_button0: \u003cPower Button\u003e on acpi0\nacpi_hpet0: \u003cHigh Precision Event Timer\u003e iomem 0xfed00000-0xfed003ff on acpi0\nTimecounter \"HPET\" frequency 14318180 Hz quality 900\natrtc0: \u003cAT realtime clock\u003e port 0x70-0x71 irq 8 on acpi0\norm0: \u003cISA Option ROMs\u003e at iomem 0xc0000-0xcd7ff,0xcd800-0xce7ff on isa0\nsc0: \u003cSystem console\u003e at flags 0x100 on isa0\nsc0: VGA \u003c16 virtual consoles, flags=0x300\u003e\nvga0: \u003cGeneric ISA VGA\u003e at port 0x3c0-0x3df iomem 0xa0000-0xbffff on isa0\natkbdc0: \u003cKeyboard controller (i8042)\u003e at port 0x60,0x64 on isa0\natkbd0: \u003cAT Keyboard\u003e irq 1 on atkbdc0\nkbd0 at atkbd0\natkbd0: [GIANT-LOCKED]\natkbd0: [ITHREAD]\nppc0: cannot reserve I/O port range\ncoretemp0: \u003cCPU On-Die Thermal Sensors\u003e on cpu0\nest0: \u003cEnhanced SpeedStep Frequency Control\u003e on cpu0\np4tcc0: \u003cCPU Frequency Thermal Control\u003e on cpu0\ncoretemp1: \u003cCPU On-Die Thermal Sensors\u003e on cpu1\nest1: \u003cEnhanced SpeedStep Frequency Control\u003e on cpu1\np4tcc1: \u003cCPU Frequency Thermal Control\u003e on cpu1\ncoretemp2: \u003cCPU On-Die Thermal Sensors\u003e on cpu2\nest2: \u003cEnhanced SpeedStep Frequency Control\u003e on cpu2\np4tcc2: \u003cCPU Frequency Thermal Control\u003e on cpu2\ncoretemp3: \u003cCPU On-Die Thermal Sensors\u003e on cpu3\nest3: \u003cEnhanced SpeedStep Frequency Control\u003e on cpu3\np4tcc3: \u003cCPU Frequency Thermal Control\u003e on cpu3\nTimecounters tick every 1.000 msec\nipfw2 (+ipv6) initialized, divert enabled, nat enabled, rule-based forwarding enabled, default to deny, logging disabled\nDUMMYNET 0 with IPv6 initialized (100409)\nload_dn_sched dn_sched PRIO loaded\nload_dn_sched dn_sched QFQ loaded\nload_dn_sched dn_sched RR loaded\nload_dn_sched dn_sched WF2Q+ loaded\nload_dn_sched dn_sched FIFO loaded\nusbus0: 480Mbps High Speed USB v2.0\nusbus1: 480Mbps High Speed USB v2.0\nad8: 1907729MB \u003cST2000DL003 9VT166 CC32\u003e at ata4-master UDMA100 SATA 6Gb/s\nugen0.1: \u003cIntel\u003e at usbus0\nuhub0: \u003cIntel EHCI root HUB, class 9/0, rev 2.00/1.00, addr 1\u003e on usbus0\nugen1.1: \u003cIntel\u003e at usbus1\nuhub1: \u003cIntel EHCI root HUB, class 9/0, rev 2.00/1.00, addr 1\u003e on usbus1\nad11: 305245MB \u003cSeagate ST3320620AS 3.AAK\u003e at ata5-slave UDMA100 SATA 1.5Gb/s\nSMP: AP CPU #1 Launched!\nSMP: AP CPU #2 Launched!\nSMP: AP CPU #3 Launched!\nGEOM_JOURNAL: Journal 729355407: ad11s1e contains data.\nGEOM_JOURNAL: Journal 729355407: ad11s1e contains journal.\nGEOM_JOURNAL: Journal ad11s1e clean.\nRoot mount waiting for: usbus1 usbus0\nuhub0: 2 ports with 2 removable, self powered\nuhub1: 2 ports with 2 removable, self powered\nRoot mount waiting for: usbus1 usbus0\nugen0.2: \u003cvendor 0x8087\u003e at usbus0\nuhub2: \u003cvendor 0x8087 product 0x0024, class 9/0, rev 2.00/0.00, addr 2\u003e on usbus0\nugen1.2: \u003cvendor 0x8087\u003e at usbus1\nuhub3: \u003cvendor 0x8087 product 0x0024, class 9/0, rev 2.00/0.00, addr 2\u003e on usbus1\nRoot mount waiting for: usbus1 usbus0\nuhub2: 6 ports with 6 removable, self powered\nuhub3: 8 ports with 8 removable, self powered\nugen1.3: \u003cGeneric\u003e at usbus1\numass0: \u003cGeneric Mass Storage Device, class 0/0, rev 2.00/1.00, addr 3\u003e on usbus1\numass0:  SCSI over Bulk-Only; quirks = 0x4001\numass0:0:0:-1: Attached to scbus0\nTrying to mount root from ufs:/dev/ad8s1a\nWARNING: /: GJOURNAL flag on fs but no gjournal provider below\nda0 at umass-sim0 bus 0 scbus0 target 0 lun 0\nda0: \u003cMultiple Card  Reader 1.00\u003e Removable Direct Access SCSI-0 device \nda0: 40.000MB/s transfers\nda0: Attempt to query device size failed: NOT READY, Medium not present\nSetting hostuuid: 18caf200-5bcb-11d9-a96c-14dae9b85a76.\nSetting hostid: 0xe26a7af6.\nEntropy harvesting:\n interrupts\n ethernet\n point_to_point\n kickstart\n.\nStarting file system checks:\n/dev/ad8s1a: FILE SYSTEM CLEAN; SKIPPING CHECKS\n/dev/ad8s1e: DEFER FOR BACKGROUND CHECKING\n/dev/ad8s1f: DEFER FOR BACKGROUND CHECKING\n/dev/ad8s1d: DEFER FOR BACKGROUND CHECKING\nMounting local file systems:\nWARNING: /tmp was not properly dismounted\nWARNING: /tmp: GJOURNAL flag on fs but no gjournal provider below\nWARNING: /usr was not properly dismounted\nWARNING: /usr: GJOURNAL flag on fs but no gjournal provider below\nWARNING: /var was not properly dismounted\nWARNING: /var: GJOURNAL flag on fs but no gjournal provider below\n.\n/etc/rc: WARNING: $hostname is not set -- see rc.conf(5).\nStarting Network: lo0.\nlo0: flags=8049\u003cUP,LOOPBACK,RUNNING,MULTICAST\u003e metric 0 mtu 16384\n        options=3\u003cRXCSUM,TXCSUM\u003e\n        inet6 fe80::1%lo0 prefixlen 64 scopeid 0x9 \n        inet6 ::1 prefixlen 128 \n        inet 127.0.0.1 netmask 0xff000000 \n        nd6 options=3\u003cPERFORMNUD,ACCEPT_RTADV\u003e\nadd net ::ffff:0.0.0.0: gateway ::1\nadd net ::0.0.0.0: gateway ::1\nCannot 'start' zebra. Set quagga_enable to \nYES in /etc/rc.conf or use 'onestart' \ninstead of 'start'.\nCannot 'start' ospfd. Set quagga_enable to \nYES in /etc/rc.conf or use 'onestart' \ninstead of 'start'.\nCannot 'start' bgpd. Set quagga_enable to \nYES in /etc/rc.conf or use 'onestart' \ninstead of 'start'.\nStarting devd.\nELF ldconfig path: /lib /usr/lib /usr/lib/compat /usr/local/lib /usr/local/lib/compat/pkg /usr/local/lib/compat/pkg /usr/local/lib/freeradius-2.1.12\n32-bit compatibility ldconfig path: /usr/lib32\nCreating and/or trimming log files\n.\nStarting syslogd.\nClearing /tmp (X related).\nUpdating motd:\n.\nConfiguring syscons:\n blanktime\n.\nStarting cron.\nStarting background file system checks in 60 seconds.\n\nSat Jun 23 10:22:15 EEST 2012\nJun 23 10:23:44  login: 2 LOGIN FAILURES ON ttyv0\nJun 23 10:23:46  su: adm to root on /dev/ttyv0\nJun 23 10:23:54  su: adm to root on /dev/ttyv1\nmode = 0120755, inum = 47516, fs = /\npanic: ffs_valloc: dup alloc\ncpuid = 0\nKDB: stack backtrace:\n#0 0xffffffff80657606 at kdb_backtrace+0x66\n#1 0xffffffff8062410e at panic+0x1ce\n#2 0xffffffff80886241 at ffs_valloc+0x5d1\n#3 0xffffffff808af074 at ufs_makeinode+0x74\n#4 0xffffffff809da0e1 at VOP_CREATE_APV+0x31\n#5 0xffffffff806c30f9 at vn_open_cred+0x4a9\n#6 0xffffffff806c221f at kern_openat+0x17f\n#7 0xffffffff8095a254 at amd64_syscall+0x1f4\n#8 0xffffffff8094241c at Xfast_syscall+0xfc\nUptime: 22m5s\nDumping 402 out of 3992 MB:..4%..12%..24%..32%..44%..52%..64%..72%..84%..92%\n\n------------------------------------------------------------------------\nkernel config\n\noptions CONFIG_AUTOGENERATED\nident   KES_KERN_v8\nmachine amd64\ncpu     HAMMER\nmakeoptions     DEBUG=-g\noptions USB_DEBUG\noptions AH_SUPPORT_AR5416\noptions IEEE80211_SUPPORT_MESH\noptions IEEE80211_AMPDU_AGE\noptions IEEE80211_DEBUG\noptions AHD_REG_PRETTY_PRINT\noptions AHC_REG_PRETTY_PRINT\noptions ATA_STATIC_ID\noptions SMP\noptions KDB_TRACE\noptions KDB\noptions NETGRAPH_CAR\noptions NETGRAPH_VJC\noptions NETGRAPH_UI\noptions NETGRAPH_TTY\noptions NETGRAPH_NETFLOW\noptions NETGRAPH_TCPMSS\noptions NETGRAPH_TEE\noptions NETGRAPH_SOCKET\noptions NETGRAPH_RFC1490\noptions NETGRAPH_PPTPGRE\noptions NETGRAPH_PPP\noptions NETGRAPH_ONE2MANY\noptions NETGRAPH_MPPC_ENCRYPTION\noptions NETGRAPH_LMI\noptions NETGRAPH_L2TP\noptions NETGRAPH_KSOCKET\noptions NETGRAPH_IFACE\noptions NETGRAPH_HOLE\noptions NETGRAPH_ETHER\noptions NETGRAPH_ECHO\noptions NETGRAPH_BPF\noptions NETGRAPH_ASYNC\noptions NETGRAPH\noptions HZ=4000\noptions DUMMYNET\noptions IPFIREWALL_NAT\noptions LIBALIAS\noptions IPDIVERT\noptions IPFIREWALL_FORWARD\noptions IPFIREWALL_VERBOSE\noptions IPFIREWALL\noptions INCLUDE_CONFIG_FILE\noptions MAC\noptions AUDIT\noptions HWPMC_HOOKS\noptions KBD_INSTALL_CDEV\noptions PRINTF_BUFR_SIZE=128\noptions _KPOSIX_PRIORITY_SCHEDULING\noptions P1003_1B_SEMAPHORES\noptions SYSVSEM\noptions SYSVMSG\noptions SYSVSHM\noptions STACK\noptions KTRACE\noptions SCSI_DELAY=5000\noptions COMPAT_FREEBSD7\noptions COMPAT_FREEBSD6\noptions COMPAT_FREEBSD5\noptions COMPAT_FREEBSD4\noptions COMPAT_FREEBSD32\noptions COMPAT_43TTY\noptions GEOM_LABEL\noptions GEOM_PART_GPT\noptions PSEUDOFS\noptions PROCFS\noptions CD9660\noptions MSDOSFS\noptions NFS_ROOT\noptions NFSLOCKD\noptions NFSSERVER\noptions NFSCLIENT\noptions MD_ROOT\noptions UFS_GJOURNAL\noptions UFS_DIRHASH\noptions UFS_ACL\noptions SOFTUPDATES\noptions FFS\noptions SCTP\noptions INET6\noptions INET\noptions PREEMPTION\noptions SCHED_ULE\noptions GEOM_PART_MBR\noptions GEOM_PART_EBR_COMPAT\noptions GEOM_PART_EBR\noptions GEOM_PART_BSD\ndevice  isa\ndevice  mem\ndevice  io\ndevice  uart_ns8250\ndevice  coretemp\ndevice  smb\ndevice  smbus\ndevice  intpm\ndevice  iicbus\ndevice  iicsmb\ndevice  iicbb\ndevice  cpufreq\ndevice  acpi\ndevice  pci\ndevice  fdc\ndevice  ata\ndevice  atadisk\ndevice  ataraid\ndevice  atapicd\ndevice  atapifd\ndevice  atapist\ndevice  ahc\ndevice  ahd\ndevice  esp\ndevice  hptiop\ndevice  isp\ndevice  mpt\ndevice  mps\ndevice  sym\ndevice  trm\ndevice  adv\ndevice  adw\ndevice  aic\ndevice  bt\ndevice  isci\ndevice  scbus\ndevice  ch\ndevice  da\ndevice  sa\ndevice  cd\ndevice  pass\ndevice  ses\ndevice  amr\ndevice  arcmsr\ndevice  ciss\ndevice  dpt\ndevice  hptmv\ndevice  hptrr\ndevice  iir\ndevice  ips\ndevice  mly\ndevice  twa\ndevice  aac\ndevice  aacp\ndevice  ida\ndevice  mfi\ndevice  mlx\ndevice  twe\ndevice  tws\ndevice  atkbdc\ndevice  atkbd\ndevice  psm\ndevice  kbdmux\ndevice  vga\ndevice  splash\ndevice  sc\ndevice  agp\ndevice  cbb\ndevice  pccard\ndevice  cardbus\ndevice  uart\ndevice  ppc\ndevice  ppbus\ndevice  lpt\ndevice  plip\ndevice  ppi\ndevice  puc\ndevice  de\ndevice  em\ndevice  igb\ndevice  ixgbe\ndevice  le\ndevice  ti\ndevice  txp\ndevice  vx\ndevice  miibus\ndevice  ae\ndevice  age\ndevice  alc\ndevice  ale\ndevice  bce\ndevice  bfe\ndevice  bge\ndevice  dc\ndevice  et\ndevice  fxp\ndevice  jme\ndevice  lge\ndevice  msk\ndevice  nfe\ndevice  nge\ndevice  pcn\ndevice  re\ndevice  rl\ndevice  sf\ndevice  sge\ndevice  sis\ndevice  sk\ndevice  ste\ndevice  stge\ndevice  tl\ndevice  tx\ndevice  vge\ndevice  vr\ndevice  wb\ndevice  xl\ndevice  cs\ndevice  ed\ndevice  ex\ndevice  ep\ndevice  fe\ndevice  sn\ndevice  xe\ndevice  wlan\ndevice  wlan_wep\ndevice  wlan_ccmp\ndevice  wlan_tkip\ndevice  wlan_amrr\ndevice  an\ndevice  ath\ndevice  ath_hal\ndevice  ath_rate_sample\ndevice  ral\ndevice  wi\ndevice  loop\ndevice  random\ndevice  ether\ndevice  vlan\ndevice  tun\ndevice  pty\ndevice  md\ndevice  gif\ndevice  faith\ndevice  firmware\ndevice  bpf\ndevice  uhci\ndevice  ohci\ndevice  ehci\ndevice  usb\ndevice  uhid\ndevice  ukbd\ndevice  ulpt\ndevice  umass\ndevice  ums\ndevice  urio\ndevice  uark\ndevice  ubsa\ndevice  uftdi\ndevice  uipaq\ndevice  uplcom\ndevice  uslcom\ndevice  uvisor\ndevice  uvscom\ndevice  aue\ndevice  axe\ndevice  cdce\ndevice  cue\ndevice  kue\ndevice  rue\ndevice  udav\ndevice  rum\ndevice  uath\ndevice  ural\ndevice  zyd\ndevice  firewire\ndevice  fwe\ndevice  fwip\ndevice  dcons\ndevice  dcons_crom\n\n------------------------------------------------------------------------\nddb capture buffer\n\nddb: ddb_capture: kvm_nlist"
}