{
 "id": 672100,
 "bug_id": 169339,
 "attachment_id": 0,
 "creation_time": "2012-06-23T10:10:03Z",
 "creator": "kes-kes@yandex.ru",
 "text": "server work fine until hard reboot occour. So now it always panic when I trying to write to file \" : \u003e /etc/123\"\n\nflux dumped core - see /var/crash/vmcore.1\n\nSat Jun 23 10:59:10 EEST 2012\n\nFreeBSD flux 8.3-STABLE FreeBSD 8.3-STABLE #9 r237224M: Mon Jun 18 15:49:27 EEST 2012     root@:/usr/obj/usr/src/sys/KES_KERN_v8  amd64\n\npanic: ffs_valloc: dup alloc\n\nGNU gdb 6.1.1 [FreeBSD]\nCopyright 2004 Free Software Foundation, Inc.\nGDB is free software, covered by the GNU General Public License, and you are\nwelcome to change it and/or distribute copies of it under certain conditions.\nType \"show copying\" to see the conditions.\nThere is absolutely no warranty for GDB.  Type \"show warranty\" for details.\nThis GDB was configured as \"amd64-marcel-freebsd\"...\n\nUnread portion of the kernel message buffer:\nmode = 0120755, inum = 47516, fs = /\npanic: ffs_valloc: dup alloc\ncpuid = 0\nKDB: stack backtrace:\n#0 0xffffffff80657606 at kdb_backtrace+0x66\n#1 0xffffffff8062410e at panic+0x1ce\n#2 0xffffffff80886241 at ffs_valloc+0x5d1\n#3 0xffffffff808af074 at ufs_makeinode+0x74\n#4 0xffffffff809da0e1 at VOP_CREATE_APV+0x31\n#5 0xffffffff806c30f9 at vn_open_cred+0x4a9\n#6 0xffffffff806c221f at kern_openat+0x17f\n#7 0xffffffff8095a254 at amd64_syscall+0x1f4\n#8 0xffffffff8094241c at Xfast_syscall+0xfc\nUptime: 11m46s\nDumping 489 out of 3992 MB:..4%..14%..23%..33%..43%..53%..63%..72%..82%..92%\n\nReading symbols from /boot/kernel/geom_journal.ko...Reading symbols from /boot/kernel/geom_journal.ko.symbols...done.\ndone.\nLoaded symbols for /boot/kernel/geom_journal.ko\n#0  doadump () at pcpu.h:224\n224\tpcpu.h: No such file or directory.\n\tin pcpu.h\n(kgdb) #0  doadump () at pcpu.h:224\n#1  0xffffffff80623c18 in boot (howto=260)\n    at /usr/src/sys/kern/kern_shutdown.c:448\n#2  0xffffffff806240e7 in panic (fmt=0x1 \u003cAddress 0x1 out of bounds\u003e)\n    at /usr/src/sys/kern/kern_shutdown.c:639\n#3  0xffffffff80886241 in ffs_valloc (pvp=0xffffff000375b1d8, mode=33188, \n    cred=Variable \"cred\" is not available.\n) at /usr/src/sys/ufs/ffs/ffs_alloc.c:997\n#4  0xffffffff808af074 in ufs_makeinode (mode=33188, dvp=0xffffff000375b1d8, \n    vpp=0xffffff811d4f18d0, cnp=0xffffff811d4f18f8)\n    at /usr/src/sys/ufs/ufs/ufs_vnops.c:2587\n#5  0xffffffff809da0e1 in VOP_CREATE_APV (vop=Variable \"vop\" is not available.\n) at vnode_if.c:250\n#6  0xffffffff806c30f9 in vn_open_cred (ndp=0xffffff811d4f18a0, \n    flagp=0xffffff811d4f189c, cmode=Variable \"cmode\" is not available.\n) at vnode_if.h:109\n#7  0xffffffff806c221f in kern_openat (td=0xffffff0003a17470, fd=-100, \n    path=0x800c0d094 \u003cAddress 0x800c0d094 out of bounds\u003e, \n    pathseg=UIO_USERSPACE, flags=1538, mode=Variable \"mode\" is not available.\n)\n    at /usr/src/sys/kern/vfs_syscalls.c:1077\n#8  0xffffffff8095a254 in amd64_syscall (td=0xffffff0003a17470, traced=0)\n    at subr_syscall.c:114\n#9  0xffffffff8094241c in Xfast_syscall ()\n    at /usr/src/sys/amd64/amd64/exception.S:387\n#10 0x00000008009e984c in ?? ()\nPrevious frame inner to this frame (corrupt stack?)\n(kgdb) \n\n------------------------------------------------------------------------\nps -axl\n\n  UID   PID  PPID CPU PRI NI   VSZ   RSS MWCHAN STAT  TT       TIME COMMAND\n    0     0     0   0 -68  0     0     0 -      DLs   ??  1679008:36.00 [kernel]\n    0     1     0   0  76  0  3200     0 wait   DLs   ??  145885:27.00 [init]\n    0     2     0   0  -8  0     0     0 -      DL    ??  283842:52.00 [g_event]\n    0     3     0   0  -8  0     0     0 -      DL    ??  469758:55.00 [g_up]\n    0     4     0   0  -8  0     0     0 -      DL    ??  1090892:36.00 [g_down]\n    0     5     0   0 -16  0     0     0 waitin DL    ??  328:44.00 [sctp_itera\n    0     6     0   0 -16  0     0     0 ccb_sc DL    ??  2227:32.00 [xpt_thrd]\n    0     7     0   0 -16  0     0     0 r      DL    ??    0:00.00 [g_journal \n    0     8     0   0 -16  0     0     0 psleep DL    ??  2224:10.00 [pagedaemon\n    0     9     0   0 -16  0     0     0 psleep DL    ??   83:00.00 [vmdaemon]\n    0    10     0   0 -16  0     0     0 audit_ DL    ??    0:00.00 [audit]\n    0    11     0   0 171  0     0     0 -      RL    ??  1341666834:16.00 [idle]\n    0    12     0   0 -44  0     0     0 -      WL    ??  3380352:35.00 [intr]\n    0    13     0   0 -16  0     0     0 sleep  DL    ??    0:00.00 [ng_queue]\n    0    14     0   0 -16  0     0     0 -      DL    ??  89752:27.00 [yarrow]\n    0    15     0   0 -40  0     0     0 -      DL    ??  516516:21.00 [usb]\n    0    16     0   0  76  0     0     0 pgzero DL    ??   66:20.00 [pagezero]\n    0    17     0   0 -16  0     0     0 psleep DL    ??  1136:36.00 [bufdaemon]\n    0    18     0   0 -16  0     0     0 vlruwt DL    ??  624:16.00 [vnlru]\n    0    19     0   0  20  0     0     0 -      RL    ??  959:51.00 [syncer]\n    0    20     0   0  44  0     0     0 sdflus DL    ??  952:56.00 [softdepflu\n    0    21     0   0  -8  0     0     0 ffffff0003407800 DL    ??  16567:59.00 [g_journal \n    0  1087     1   0  50  0  5248     0 select Ds    ??    0:00.00 [devd]\n    0  1244     1   0   1  0  6920     0 -      Rs    ??    0:00.00 [syslogd]\n    0  1411     1   0  44  0 12024     0 select Ds    ??    0:00.00 [sendmail]\n   25  1414     1   0  49  0 12024     0 pause  Ds    ??    0:00.00 [sendmail]\n    0  1418     1   0  45  0  7976     0 nanslp Ds    ??    0:00.00 [cron]\n    0  1476     1   0  76  0  6916     0 ttyin  Ds+   ??  58944:38.00 [getty]\n    0  1477     1   0  44  0 21740     0 wait   Ds    ??  53665:06.00 [login]\n    0  1478     1   0  76  0  6916     0 ttyin  Ds+   ??  53559:21.00 [getty]\n    0  1479     1   0  76  0  6916     0 ttyin  Ds+   ??  50591:34.00 [getty]\n    0  1480     1   0  76  0  6916     0 ttyin  Ds+   ??  54014:36.00 [getty]\n    0  1481     1   0  76  0  6916     0 ttyin  Ds+   ??  51445:08.00 [getty]\n    0  1482     1   0  76  0  6916     0 ttyin  Ds+   ??  46465:27.00 [getty]\n    0  1483     1   0  76  0  6916     0 ttyin  Ds+   ??  50764:27.00 [getty]\n    0  1491  1477   0  45  0 10340     0 pause  D     ??  89000:44.00 [csh]\n    0  1495  1491   0  44  0 19280     0 select D+    ??    0:00.00 [mc]\n    0  1496  1495   0  44  0 10340     0 -      Rs+   ??  39347:28.00 [csh]\n\n------------------------------------------------------------------------\nvmstat -s\n\n 12380170 cpu context switches\n   120632 device interrupts\n  2839567 software interrupts\n  2466171 traps\n  2456619 system calls\n       21 kernel threads created\n    14889  fork() calls\n     2435 vfork() calls\n        0 rfork() calls\n        0 swap pager pageins\n        0 swap pager pages paged in\n        0 swap pager pageouts\n        0 swap pager pages paged out\n     1075 vnode pager pageins\n    10091 vnode pager pages paged in\n        0 vnode pager pageouts\n        0 vnode pager pages paged out\n        0 page daemon wakeups\n        0 pages examined by the page daemon\n     2454 pages reactivated\n   496912 copy-on-write faults\n      141 copy-on-write optimized faults\n  1574472 zero fill pages zeroed\n        0 zero fill pages prezeroed\n       93 intransit blocking page faults\n  2405666 total VM faults taken\n        0 pages affected by kernel thread creation\n  3854539 pages affected by  fork()\n   505976 pages affected by vfork()\n        0 pages affected by rfork()\n     2523 pages cached\n  2580262 pages freed\n        0 pages freed by daemon\n  1569539 pages freed by exiting processes\n     5858 pages active\n    89168 pages inactive\n       63 pages in VM cache\n    82535 pages wired down\n   805647 pages free\n     4096 bytes per page\n   712963 total name lookups\n          cache hits (73% pos + 12% neg) system 0% per-directory\n          deletions 3%, falsehits 0%, toolong 0%\n\n------------------------------------------------------------------------\nvmstat -m\n\n         Type InUse MemUse HighUse Requests  Size(s)\n      ithread   137    21K       -      137  32,128,256\n       KTRACE   100    13K       -      100  128\n       linker   153    11K       -      157  16,32,64,128,512\n        lockf    17     2K       -   137957  64,128\n       ip6ndp    10     1K       -       10  64,128\n         temp    47    18K       -    29764  16,32,64,128,256,512,1024,2048,4096\n       devbuf  5206 17202K       -     5481  16,32,64,128,256,512,1024,2048,4096\n       module   467    59K       -      467  128\n     mtx_pool     2    16K       -        2  \n      subproc   186   226K       -    17494  512,4096\n         proc     2    16K       -        2  \n      session    15     2K       -       37  128\n         pgrp    17     3K       -       73  128\n         cred    30     5K       -    79278  64,256\n      uidinfo     3     3K       -        6  128,2048\n       plimit    13     4K       -      503  256\n     pci_link    16     2K       -       16  64,128\n    acpi_perf     4     2K       -        4  512\n       acpica  4430   453K       -   114439  16,32,64,128,256,512,1024,2048,4096\n    sysctltmp     0     0K       -      616  16,32,64,128,256,512,4096\n    sysctloid  5909   296K       -     6013  16,32,64,128\n       sysctl     0     0K       -    15313  16,32,64\n      callout     3  1536K       -        3  \n         umtx   261    33K       -      261  128\n     p1003.1b     1     1K       -        1  16\n         SWAP     2   549K       -        2  64\n       bus-sc    89   196K       -     3984  16,32,64,128,256,512,1024,2048,4096\n          bus  1270   115K       -     7127  16,32,64,128,256,512,1024\n      devstat    14    29K       -       14  32,4096\n eventhandler    84     7K       -       84  64,128\n     acpitask     1     2K       -        1  2048\n      CAM SIM     2     1K       -        2  256\n   CAM periph     4     1K       -       15  16,32,64,128,256\n         kobj   305  1220K       -      366  4096\n      Per-cpu     1     1K       -        1  32\n       kbdmux     6    10K       -        6  16,512,1024,2048,4096\n         rman   216    26K       -      679  16,32,128\n          LED     8     1K       -        8  16,128\n         sbuf     0     0K       -     1355  16,32,64,128,256,512,1024,2048,4096\n       USBdev    20     2K       -       20  64,128\n        stack     0     0K       -        2  256\n    taskqueue    49     4K       -       49  16,32,128\n       Unitno    13     1K       -       23  32,64\n          iov     0     0K       -    12115  16,64,128,256,512\n       select    36     5K       -       36  128\n     ioctlops     0     0K       -     6734  16,32,64,128,256,512,1024\n          msg     4    30K       -        4  2048,4096\n          sem     4    76K       -        4  \n          shm     1    20K       -        1  \n          tty    20    20K       -       22  1024,2048\n          pts     1     1K       -        1  256\n     mbuf_tag     0     0K       -        5  32\n         ksem     1     8K       -        1  \n        shmfd     1     8K       -        1  \n          USB    41    56K       -       47  16,32,128,256,2048\n          pcb    17   213K       -      334  16,32,64,128,1024,2048\n       soname     3     1K       -    12139  16,32,128\n       biobuf     9    18K       -       56  2048\n     vfscache     1  2048K       -        1  \n   cl_savebuf     0     0K       -      261  64,128\n     vfs_hash     1  1024K       -        1  \n       vnodes     3     1K       -        3  64,256\n  vnodemarker     0     0K       -      244  512\n        mount    86     4K       -      149  16,32,64,128,256\n          BPF     9     2K       -        9  128\n  ether_multi    15     1K       -       16  16,32,64\n       ifaddr   111    21K       -      111  32,64,128,256,512,4096\n        ifnet    10    19K       -       10  128,2048\n      acpisem    27     4K       -       27  128\n        clone     6    24K       -        6  4096\n       arpcom     6     1K       -        6  16\n      lltable    22    10K       -       23  256,512\n      CAM XPT    21     7K       -       47  16,32,64,128,256,2048\nCAM dev queue     2     1K       -        2  128\n     routetbl    24     4K       -      138  32,64,128,256,512\n      scsi_da     0     0K       -        4  16\n    CAM queue     7     1K       -       19  16,32\nnetgraph_node     5     2K       -        7  256\n     netgraph     5     1K       -        5  64\nnetgraph_sock     0     0K       -        4  128\n         igmp     9     3K       -        9  256\n       DEVFS1   101    51K       -      106  512\n       DEVFS3   121    31K       -      127  256\n     in_multi     2     1K       -        2  256\n     dummynet     3     3K       -        3  512,1024\n  IpFw/IpAcct     6     3K       -        7  16,64,128,1024\n    sctp_iter     0     0K       -        3  256\n     sctp_ifn     2     1K       -        2  128\n     sctp_ifa     4     1K       -        4  128\n     sctp_vrf     1     1K       -        1  64\n    sctp_a_it     0     0K       -        3  16\n    hostcache     1    28K       -        1  \n     syncache     1   192K       -        1  \n        DEVFS    15     1K       -       16  16,128\n    in6_multi    12     2K       -       12  32,256\n          mld     9     2K       -        9  128\n      NFS FHA     1     2K       -        1  2048\n          rpc     2     9K       -        2  256\naudit_evclass   172     6K       -      211  32\n     savedino     0     0K       -     1273  256\n    newdirblk     0     0K       -        7  64\n       dirrem     0     0K       -    26599  64\n        mkdir     0     0K       -      112  64\n       diradd     4     1K       -    26830  64\n     freefile     0     0K       -    14944  64\n     freeblks     1     1K       -    14461  256\n     freefrag     0     0K       -     2282  64\n   allocindir     0     0K       -    26247  128\n     indirdep     0     0K       -      100  64\n  allocdirect     1     1K       -    21132  256\n    bmsafemap     1     1K       -    16378  128\n       newblk     1     1K       -    47380  64,512\n     inodedep     9  1026K       -    38284  256\n      pagedep     4   129K       -    23153  128\n  ufs_dirhash    96    26K       -      114  16,32,64,128,256,512,2048,4096\n    ufs_mount    12    30K       -       16  512,1024,2048,4096\n      UMAHash     1     2K       -        3  512,1024,2048\n    pfs_nodes    21     6K       -       21  256\n  pfs_vncache     1     1K       -        1  64\n    vm_pgdata     2   129K       -        2  128\n         GEOM   190    46K       -      818  16,32,64,128,256,512,1024\n  ata_generic     2     2K       -        2  1024\n      io_apic     1     2K       -        1  2048\n      memdesc     1     4K       -        1  4096\n      ata_pci     2     1K       -        2  64\n      acpidev    99     7K       -       99  64\n    ad_driver     2     1K       -        2  32\n       isadev     7     1K       -        7  128\n     atkbddev     2     1K       -        2  64\n    ar_driver     0     0K       -       12  512,2048\n         cdev     9     3K       -        9  256\n      entropy  1024    64K       -     1024  64\n        sigio     1     1K       -        1  64\n     filedesc    39    20K       -    17347  512,1024\n         kenv    90    12K       -      100  16,32,64,128\n       kqueue     0     0K       -      177  256,2048\n    proc-args    17     1K       -    23950  16,32,64,128,256\n        hhook     2     1K       -        2  128\n          MCA    12     2K       -       12  32,64,128\n          msi    21     3K       -       21  128\n     nexusdev     3     1K       -        3  16\n journal_data     1     1K       -        2  512\n\n------------------------------------------------------------------------\nvmstat -z\n\nITEM                     SIZE     LIMIT      USED      FREE  REQUESTS  FAILURES\n\nUMA Kegs:                 208,        0,       92,       10,       92,        0\nUMA Zones:                320,        0,       92,        4,       92,        0\nUMA Slabs:                568,        0,     1041,        2,     2198,        0\nUMA RCntSlabs:            568,        0,      599,        3,      599,        0\nUMA Hash:                 256,        0,        2,       13,        3,        0\n16 Bucket:                152,        0,      126,       24,      126,        0\n32 Bucket:                280,        0,      102,       10,      102,        0\n64 Bucket:                536,        0,      134,        6,      134,      766\n128 Bucket:              1048,        0,      687,        0,      687,      255\nVM OBJECT:                216,        0,    25120,     2006,   311550,        0\nMAP:                      232,        0,        7,       25,        7,        0\nKMAP ENTRY:               120,   147591,       37,      149,     5062,        0\nMAP ENTRY:                120,        0,      362,      537,   560332,        0\nDP fakepg:                120,        0,        0,        0,        0,        0\nSG fakepg:                120,        0,        0,        0,        0,        0\nmt_zone:                 2056,        0,      292,        3,      292,        0\n16:                        16,        0,     2645,      715,    86744,        0\n32:                        32,        0,     2890,      746,    18471,        0\n64:                        64,        0,     5446,    10570,   279092,        0\n128:                      128,        0,     6714,    25215,   183021,        0\n256:                      256,        0,      556,    28499,   130372,        0\n512:                      512,        0,      427,      266,    30171,        0\n1024:                    1024,        0,       76,      256,     3145,        0\n2048:                    2048,        0,       56,       78,      545,        0\n4096:                    4096,        0,      380,      219,    22589,        0\nFiles:                     80,        0,       51,      354,   178575,        0\nTURNSTILE:                136,        0,      262,       58,      262,        0\numtx pi:                   96,        0,        0,        0,        0,        0\nMAC labels:                40,        0,        0,        0,        0,        0\nPROC:                    1136,        0,       37,      110,    17345,        0\nTHREAD:                  1128,        0,      222,       39,      222,        0\nSLEEPQUEUE:                80,        0,      262,       86,      262,        0\nVMSPACE:                  392,        0,       17,      133,    17324,        0\ncpuset:                    72,        0,       98,       52,      114,        0\naudit_record:             952,        0,        0,        0,        0,        0\nmbuf_packet:              256,        0,      256,      896,    17215,        0\nmbuf:                     256,        0,        1,      767,    16398,        0\nmbuf_cluster:            2048,   262144,     1152,       46,     1152,        0\nmbuf_jumbo_page:         4096,    12800,        0,        0,        0,        0\nmbuf_jumbo_9k:           9216,    19200,        0,        0,        0,        0\nmbuf_jumbo_16k:         16384,    12800,        0,        0,        0,        0\nmbuf_ext_refcnt:            4,        0,        0,        0,        0,        0\nNetGraph items:            72,    32770,        0,       58,        2,        0\nNetGraph data items:       72,    32770,        0,        0,        0,        0\ng_bio:                    232,        0,        0,     5328,   404270,        0\nttyinq:                   160,        0,      135,      105,      270,        0\nttyoutq:                  256,        0,       72,       18,      144,        0\nata_request:              320,        0,        1,     1568,   106459,        0\nata_composite:            336,        0,        0,        0,        0,        0\nVNODE:                    472,        0,    26509,     1595,    41460,        0\nVNODEPOLL:                112,        0,        0,        0,        0,        0\nNAMEI:                   1024,        0,        1,       95,   373460,        0\nS VFS Cache:              108,        0,    15487,     2564,    48348,        0\nSTS VFS Cache:            148,        0,        0,        0,        0,        0\nL VFS Cache:              328,        0,       17,       31,       18,        0\nLTS VFS Cache:            368,        0,        0,        0,        0,        0\nNFSMOUNT:                 632,        0,        0,        0,        0,        0\nNFSNODE:                  696,        0,        0,        0,        0,        0\nDIRHASH:                 1024,        0,      534,       86,      549,        0\npipe:                     728,        0,        0,       80,     5225,        0\nksiginfo:                 112,        0,      136,      920,      253,        0\nitimer:                   344,        0,        0,        0,        0,        0\nKNOTE:                    128,        0,        0,      145,      292,        0\nsocket:                   680,    25602,       11,       49,      620,        0\nipq:                       56,     8253,        0,        0,        0,        0\nudp_inpcb:                336,    25608,        2,       53,      489,        0\nudpcb:                     16,    25704,        2,      670,      489,        0\ntcp_inpcb:                336,    25608,        2,       75,       71,        0\ntcpcb:                    944,    25600,        1,       47,       71,        0\ntcptw:                     72,     5150,        1,      199,        8,        0\nsyncache:                 144,   102414,        0,       52,        1,        0\nhostcache:                136,    15372,        4,       80,        4,        0\ntcpreass:                  40,    16464,        0,      252,      437,        0\nsackhole:                  32,        0,        0,        0,        0,        0\nsctp_ep:                 1312,    25602,        0,        0,        0,        0\nsctp_asoc:               2288,    40000,        0,        0,        0,        0\nsctp_laddr:                48,    80064,        0,      144,        3,        0\nsctp_raddr:               696,    80000,        0,        0,        0,        0\nsctp_chunk:               136,   400008,        0,        0,        0,        0\nsctp_readq:               104,   400032,        0,        0,        0,        0\nsctp_stream_msg_out:      112,   400026,        0,        0,        0,        0\nsctp_asconf:               40,   400008,        0,        0,        0,        0\nsctp_asconf_ack:           48,   400032,        0,        0,        0,        0\nripcb:                    336,    25608,        0,       44,        9,        0\nunpcb:                    240,    25600,        8,       72,       46,        0\nrtentry:                  200,        0,       11,       46,       11,        0\nIPFW dynamic rule:        120,        0,        0,        0,        0,        0\ndivcb:                    336,    25608,        0,        0,        0,        0\nselfd:                     56,        0,       54,      324,    53139,        0\nSWAPMETA:                 288,   116519,        0,        0,        0,        0\nMountpoints:              752,        0,        6,        9,        6,        0\nFFS inode:                168,        0,    26474,     1730,    41424,        0\nFFS1 dinode:              128,        0,        0,        0,        0,        0\nFFS2 dinode:              256,        0,    26474,     1741,    41424,        0\n\n\n------------------------------------------------------------------------\nvmstat -i\n\ninterrupt                          total       rate\nirq1: atkbd0                        2969        123\nirq0:                                  1          0\nstray irq0                             1          0\nirq20: atapci1+                   100997       4208\nirq23: ehci0 ehci1                  2616        109\ncpu0: timer                      2824260     117677\nirq276: re0                        14035        584\ncpu1: timer                      2823895     117662\ncpu2: timer                      2823894     117662\ncpu3: timer                      2823894     117662\nTotal                           11416562     475690\n\n------------------------------------------------------------------------\npstat -T\n\n 51/12328 files\n0M/4095M swap space\n\n------------------------------------------------------------------------\npstat -s\n\nDevice          512-blocks     Used    Avail Capacity\n/dev/ad8s1b        8388352        0  8388352     0%\n\n------------------------------------------------------------------------\niostat\n\niostat: kvm_read(_tk_nin): invalid address (0x0)\niostat: disabling TTY statistics\niostat: kvm_getcptime: invalid address (0x0)\niostat: disabling CPU time statistics\n             ad8             ad11              da0 \n  KB/t tps  MB/s   KB/t tps  MB/s   KB/t tps  MB/s \n 20.59 3998 80.39   3.32   5  0.02   0.01   0  0.00 \n\n------------------------------------------------------------------------\nipcs -a\n\nMessage Queues:\nT           ID          KEY MODE        OWNER    GROUP    CREATOR  CGROUP                 CBYTES                 QNUM               QBYTES        LSPID        LRPID STIME    RTIME    CTIME   \n\nShared Memory:\nT           ID          KEY MODE        OWNER    GROUP    CREATOR  CGROUP         NATTCH        SEGSZ         CPID         LPID ATIME    DTIME    CTIME   \n\nSemaphores:\nT           ID          KEY MODE        OWNER    GROUP    CREATOR  CGROUP          NSEMS OTIME    CTIME   \n\n\n------------------------------------------------------------------------\nipcs -T\n\nmsginfo:\n\tmsgmax:        16384\t(max characters in a message)\n\tmsgmni:           40\t(# of message queues)\n\tmsgmnb:         2048\t(max characters in a message queue)\n\tmsgtql:           40\t(max # of messages in system)\n\tmsgssz:            8\t(size of a message segment)\n\tmsgseg:         2048\t(# of message segments in system)\n\nshminfo:\n\tshmmax:    134217728\t(max shared memory segment size)\n\tshmmin:            1\t(min shared memory segment size)\n\tshmmni:          192\t(max number of shared memory identifiers)\n\tshmseg:          128\t(max shared memory segments per process)\n\tshmall:        32768\t(max amount of shared memory in pages)\n\nseminfo:\n\tsemmap:          256\t(# of entries in semaphore map)\n\tsemmni:          256\t(# of semaphore identifiers)\n\tsemmns:          512\t(# of semaphores in system)\n\tsemmnu:          256\t(# of undo structures in system)\n\tsemmsl:           60\t(max # of semaphores per id)\n\tsemopm:          100\t(max # of operations per semop call)\n\tsemume:           10\t(max # of undo entries per process)\n\tsemusz:          152\t(size in bytes of undo structure)\n\tsemvmx:        32767\t(semaphore maximum value)\n\tsemaem:        16384\t(adjust on exit max value)\n\n\n------------------------------------------------------------------------\nnfsstat\n\nClient Info:\nRpc Counts:\n  Getattr   Setattr    Lookup  Readlink      Read     Write    Create    Remove\n        0         0         0         0         0         0         0         0\n   Rename      Link   Symlink     Mkdir     Rmdir   Readdir  RdirPlus    Access\n        0         0         0         0         0         0         0         0\n    Mknod    Fsstat    Fsinfo  PathConf    Commit\n        0         0         0         0         0\nRpc Info:\n TimedOut   Invalid X Replies   Retries  Requests\n        0         0         0         0         0\nCache Info:\nAttr Hits    Misses Lkup Hits    Misses BioR Hits    Misses BioW Hits    Misses\n        0         0         0         0         0         0         0         0\nBioRLHits    Misses BioD Hits    Misses DirE Hits    Misses Accs Hits    Misses\n        0         0         0         0         0         0         0         0\n\nServer Info:\n  Getattr   Setattr    Lookup  Readlink      Read     Write    Create    Remove\n        0         0         0         0         0         0         0         0\n   Rename      Link   Symlink     Mkdir     Rmdir   Readdir  RdirPlus    Access\n        0         0         0         0         0         0         0         0\n    Mknod    Fsstat    Fsinfo  PathConf    Commit\n        0         0         0         0         0\nServer Ret-Failed\n                0\nServer Faults\n            0\nServer Cache Stats:\n   Inprog      Idem  Non-idem    Misses\n        0         0         0         0\nServer Write Gathering:\n WriteOps  WriteRPC   Opsaved\n        0         0         0\n\n------------------------------------------------------------------------\nnetstat -s\n\ntcp:\n\t3985 packets sent\n\t\t162 data packets (19125 bytes)\n\t\t0 data packets (0 bytes) retransmitted\n\t\t0 data packets unnecessarily retransmitted\n\t\t0 resends initiated by MTU discovery\n\t\t2059 ack-only packets (17 delayed)\n\t\t0 URG only packets\n\t\t0 window probe packets\n\t\t1680 window update packets\n\t\t93 control packets\n\t5305 packets received\n\t\t233 acks (for 19167 bytes)\n\t\t32 duplicate acks\n\t\t0 acks for unsent data\n\t\t4704 packets (6562905 bytes) received in-sequence\n\t\t0 completely duplicate packets (0 bytes)\n\t\t0 old duplicate packets\n\t\t0 packets with some dup. data (0 bytes duped)\n\t\t437 out-of-order packets (632776 bytes)\n\t\t0 packets (0 bytes) of data after window\n\t\t0 window probes\n\t\t4 window update packets\n\t\t2 packets received after close\n\t\t0 discarded for bad checksums\n\t\t0 discarded for bad header offset fields\n\t\t0 discarded because packet too short\n\t\t0 discarded due to memory problems\n\t51 connection requests\n\t1 connection accept\n\t0 bad connection attempts\n\t0 listen queue overflows\n\t0 ignored RSTs in the windows\n\t42 connections established (including accepts)\n\t69 connections closed (including 0 drops)\n\t\t10 connections updated cached RTT on close\n\t\t10 connections updated cached RTT variance on close\n\t\t0 connections updated cached ssthresh on close\n\t1 embryonic connection dropped\n\t233 segments updated rtt (of 237 attempts)\n\t0 retransmit timeouts\n\t\t0 connections dropped by rexmit timeout\n\t0 persist timeouts\n\t\t0 connections dropped by persist timeout\n\t0 Connections (fin_wait_2) dropped because of timeout\n\t0 keepalive timeouts\n\t\t0 keepalive probes sent\n\t\t0 connections dropped by keepalive\n\t34 correct ACK header predictions\n\t4575 correct data packet header predictions\n\t1 syncache entry added\n\t\t0 retransmitted\n\t\t0 dupsyn\n\t\t0 dropped\n\t\t1 completed\n\t\t0 bucket overflow\n\t\t0 cache overflow\n\t\t0 reset\n\t\t0 stale\n\t\t0 aborted\n\t\t0 badack\n\t\t0 unreach\n\t\t0 zone failures\n\t1 cookie sent\n\t0 cookies received\n\t4 hostcache entries added\n\t\t0 bucket overflow\n\t0 SACK recovery episodes\n\t0 segment rexmits in SACK recovery episodes\n\t0 byte rexmits in SACK recovery episodes\n\t0 SACK options (SACK blocks) received\n\t434 SACK options (SACK blocks) sent\n\t0 SACK scoreboard overflow\n\t0 packets with ECN CE bit set\n\t0 packets with ECN ECT(0) bit set\n\t0 packets with ECN ECT(1) bit set\n\t0 successful ECN handshakes\n\t0 times ECN reduced the congestion window\nudp:\n\t145 datagrams received\n\t0 with incomplete header\n\t0 with bad data length field\n\t0 with bad checksum\n\t0 with no checksum\n\t79 dropped due to no socket\n\t1 broadcast/multicast datagram undelivered\n\t0 dropped due to full socket buffers\n\t0 not for hashed pcb\n\t65 delivered\n\t226 datagrams output\n\t0 times multicast source filter matched\nip:\n\t5549 total packets received\n\t0 bad header checksums\n\t0 with size smaller than minimum\n\t0 with data size \u003c data length\n\t0 with ip length \u003e max ip packet size\n\t0 with header length \u003c data size\n\t0 with data length \u003c header length\n\t0 with bad options\n\t0 with incorrect version number\n\t0 fragments received\n\t0 fragments dropped (dup or out of space)\n\t0 fragments dropped after timeout\n\t0 packets reassembled ok\n\t5457 packets for this host\n\t76 packets for unknown/unsupported protocol\n\t0 packets forwarded (0 packets fast forwarded)\n\t14 packets not forwardable\n\t0 packets received for unknown multicast group\n\t0 redirects sent\n\t4317 packets sent from this host\n\t0 packets sent with fabricated ip header\n\t0 output packets dropped due to no bufs, etc.\n\t0 output packets discarded due to no route\n\t0 output datagrams fragmented\n\t0 fragments created\n\t0 datagrams that can't be fragmented\n\t0 tunneling packets that can't find gif\n\t0 datagrams with bad address in header\nicmp:\n\t79 calls to icmp_error\n\t0 errors not generated in response to an icmp message\n\tOutput histogram:\n\t\tdestination unreachable: 79\n\t0 messages with bad code fields\n\t0 messages less than the minimum length\n\t0 messages with bad checksum\n\t0 messages with bad length\n\t0 multicast echo requests ignored\n\t0 multicast timestamp requests ignored\n\tInput histogram:\n\t\techo reply: 4\n\t\tdestination unreachable: 79\n\t0 message responses generated\n\t0 invalid return addresses\n\t0 no return routes\nigmp:\n\t0 messages received\n\t0 messages received with too few bytes\n\t0 messages received with wrong TTL\n\t0 messages received with bad checksum\n\t0 V1/V2 membership queries received\n\t0 V3 membership queries received\n\t0 membership queries received with invalid field(s)\n\t0 general queries received\n\t0 group queries received\n\t0 group-source queries received\n\t0 group-source queries dropped\n\t0 membership reports received\n\t0 membership reports received with invalid field(s)\n\t0 membership reports received for groups to which we belong\n\t0 V3 reports received without Router Alert\n\t0 membership reports sent\narp:\n\t11 ARP requests sent\n\t1 ARP reply sent\n\t26 ARP requests received\n\t1 ARP reply received\n\t27 ARP packets received\n\t15 total packets dropped due to no ARP entry\n\t1 ARP entry timed out\n\t0 Duplicate IPs seen\nip6:\n\t0 total packets received\n\t0 with size smaller than minimum\n\t0 with data size \u003c data length\n\t0 with bad options\n\t0 with incorrect version number\n\t0 fragments received\n\t0 fragments dropped (dup or out of space)\n\t0 fragments dropped after timeout\n\t0 fragments that exceeded limit\n\t0 packets reassembled ok\n\t0 packets for this host\n\t0 packets forwarded\n\t0 packets not forwardable\n\t0 redirects sent\n\t0 packets sent from this host\n\t0 packets sent with fabricated ip header\n\t0 output packets dropped due to no bufs, etc.\n\t31 output packets discarded due to no route\n\t0 output datagrams fragmented\n\t0 fragments created\n\t0 datagrams that can't be fragmented\n\t0 packets that violated scope rules\n\t0 multicast packets which we don't join\n\tMbuf statistics:\n\t\t0 one mbuf\n\t\t0 one ext mbuf\n\t\t0 two or more ext mbuf\n\t0 packets whose headers are not continuous\n\t0 tunneling packets that can't find gif\n\t0 packets discarded because of too many headers\n\t0 failures of source address selection\n\tSource addresses selection rule applied:\nicmp6:\n\t0 calls to icmp6_error\n\t0 errors not generated in response to an icmp6 message\n\t0 errors not generated because of rate limitation\n\t0 messages with bad code fields\n\t0 messages \u003c minimum length\n\t0 bad checksums\n\t0 messages with bad length\n\tHistogram of error messages to be generated:\n\t\t0 no route\n\t\t0 administratively prohibited\n\t\t0 beyond scope\n\t\t0 address unreachable\n\t\t0 port unreachable\n\t\t0 packet too big\n\t\t0 time exceed transit\n\t\t0 time exceed reassembly\n\t\t0 erroneous header field\n\t\t0 unrecognized next header\n\t\t0 unrecognized option\n\t\t0 redirect\n\t\t0 unknown\n\t0 message responses generated\n\t0 messages with too many ND options\n\t0 messages with bad ND options\n\t0 bad neighbor solicitation messages\n\t0 bad neighbor advertisement messages\n\t0 bad router solicitation messages\n\t0 bad router advertisement messages\n\t0 bad redirect messages\n\t0 path MTU changes\nrip6:\n\t0 messages received\n\t0 checksum calculations on inbound\n\t0 messages with bad checksum\n\t0 messages dropped due to no socket\n\t0 multicast messages dropped due to no socket\n\t0 messages dropped due to full socket buffers\n\t0 delivered\n\t0 datagrams output\n\n------------------------------------------------------------------------\nnetstat -m\n\n257/1663/1920 mbufs in use (current/cache/total)\n256/942/1198/262144 mbuf clusters in use (current/cache/total/max)\n256/896 mbuf+clusters out of packet secondary zone in use (current/cache)\n0/0/0/12800 4k (page size) jumbo clusters in use (current/cache/total/max)\n0/0/0/19200 9k jumbo clusters in use (current/cache/total/max)\n0/0/0/12800 16k jumbo clusters in use (current/cache/total/max)\n576K/2299K/2876K bytes allocated to network (current/cache/total)\n0/0/0 requests for mbufs denied (mbufs/clusters/mbuf+clusters)\n0/0/0 requests for jumbo clusters denied (4k/9k/16k)\n0 requests for sfbufs denied\n0 requests for sfbufs delayed\n0 requests for I/O initiated by sendfile\n0 calls to protocol drain routines\n\n------------------------------------------------------------------------\nnetstat -id\n\nName    Mtu Network       Address              Ipkts Ierrs Idrop    Opkts Oerrs  Coll Drop\nigb0*  1500 \u003cLink#1\u003e      a0:36:9f:00:66:a4        0     0     0        0     0     0    0 \nigb1*  1500 \u003cLink#2\u003e      a0:36:9f:00:66:a5        0     0     0        0     0     0    0 \nigb2*  1500 \u003cLink#3\u003e      a0:36:9f:00:66:a6        0     0     0        0     0     0    0 \nigb3*  1500 \u003cLink#4\u003e      a0:36:9f:00:66:a7        0     0     0        0     0     0    0 \nusbus     0 \u003cLink#5\u003e                               0     0     0        0     0     0    0 \nre0    1500 \u003cLink#6\u003e      14:da:e9:b8:5a:76     5396     0     0     4051     0     0    0 \nre0    1500 10.11.6.0     10.11.6.38            5352     -     -     4054     -     -    - \nusbus     0 \u003cLink#7\u003e                               0     0     0        0     0     0    0 \nipfw0 65536 \u003cLink#8\u003e                               0     0     0        0     0     0    0 \nlo0   16384 \u003cLink#9\u003e                             180     0     0      180     0     0    0 \nlo0   16384 fe80::1%lo0   fe80::1                  0     -     -        0     -     -    - \nlo0   16384 localhost     ::1                      0     -     -        0     -     -    - \nlo0   16384 your-net      localhost              180     -     -      180     -     -    - \n\n------------------------------------------------------------------------\nnetstat -anr\n\nRouting tables\n\nInternet:\nDestination        Gateway            Flags    Refs      Use  Netif Expire\ndefault            10.11.6.1          UGS         0     3978    re0\n10.11.6.0/24       link#6             U           0       87    re0\n10.11.6.38         link#6             UHS         0        0    lo0\n127.0.0.1          link#9             UH          0      252    lo0\n\nInternet6:\nDestination                       Gateway                       Flags      Netif Expire\n::/96                             ::1                           UGRS        lo0\n::1                               link#9                        UH          lo0\n::ffff:0.0.0.0/96                 ::1                           UGRS        lo0\nfe80::%lo0/64                     link#9                        U           lo0\nfe80::1%lo0                       link#9                        UHS         lo0\nff01::%lo0/32                     fe80::1%lo0                   U           lo0\nff02::%lo0/32                     fe80::1%lo0                   U           lo0\n\n------------------------------------------------------------------------\nnetstat -anA\n\nActive Internet connections (including servers)\nTcpcb            Proto Recv-Q Send-Q Local Address      Foreign Address    (state)\nffffff001db91120 tcp4       0      0 10.11.6.38.18466   10.11.19.54.22     TIME_WAIT\nffffff0003de3b10 tcp4       0      0 127.0.0.1.25       *.*                LISTEN\nffffff00038d3bd0 udp4       0      0 *.514              *.*                \nffffff00038d3d20 udp6       0      0 *.514              *.*                \nActive UNIX domain sockets\nAddress  Type   Recv-Q Send-Q    Inode     Conn     Refs  Nextref Addr\nffffff00038d9870 stream      0      0        0 ffffff00038d9960        0        0\nffffff00038d9960 stream      0      0        0 ffffff00038d9870        0        0\nffffff00038c00f0 stream      0      0 ffffff00038d0760        0        0        0 /var/run/devd.pipe\nffffff00038d8a50 dgram       0      0        0 ffffff00038d9b40        0 ffffff00038d9a50\nffffff00038d8c30 dgram       0      0        0 ffffff00038d9c30        0        0\nffffff00038d9a50 dgram       0      0        0 ffffff00038d9b40        0        0\nffffff00038d9b40 dgram       0      0 ffffff00038d0000        0 ffffff00038d8a50        0 /var/run/logpriv\nffffff00038d9c30 dgram       0      0 ffffff00038d01d8        0 ffffff00038d8c30        0 /var/run/log\n\n------------------------------------------------------------------------\nnetstat -aL\n\nCurrent listen queue sizes (qlen/incqlen/maxqlen)\nProto Listen         Local Address         \ntcp4  0/0/10         localhost.smtp         \nunix  0/0/4          /var/run/devd.pipe\n\n------------------------------------------------------------------------\nfstat\n\nUSER     CMD          PID   FD MOUNT      INUM MODE         SZ|DV R/W\nroot     csh         1496 root /             2 drwxr-xr-x     512  r\nroot     csh         1496   wd /         47105 drwxr-xr-x    2048  r\nroot     csh         1496 text /         94367 -r-xr-xr-x  369816  r\nroot     csh         1496    0 /dev         78 crw--w----   pts/0 rw\nroot     csh         1496    1 /dev         78 crw--w----   pts/0 rw\nroot     csh         1496    2 /dev         78 crw--w----   pts/0 rw\nroot     csh         1496   15 /dev         78 crw--w----   pts/0 rw\nroot     csh         1496   16 /dev         78 crw--w----   pts/0 rw\nroot     csh         1496   17 /dev         78 crw--w----   pts/0 rw\nroot     csh         1496   18 /dev         78 crw--w----   pts/0 rw\nroot     csh         1496   19 /dev         78 crw--w----   pts/0 rw\nroot     mc          1495 root /             2 drwxr-xr-x     512  r\nroot     mc          1495   wd /         47105 drwxr-xr-x    2048  r\nroot     mc          1495 text /usr     3768884 -r-xr-xr-x  1019672  r\nroot     mc          1495    0 /dev         42 crw-------   ttyv1 rw\nroot     mc          1495    1 /dev         42 crw-------   ttyv1 rw\nroot     mc          1495    2 /dev         42 crw-------   ttyv1 rw\nroot     mc          1495    3 /dev         42 crw-------   ttyv1 rw\nroot     mc          1495    4* pseudo-terminal master      pts/0 rw\nroot     mc          1495    5 /dev         78 crw--w----   pts/0 rw\nroot     mc          1495    6 /tmp      47241 prw-------       0 rw\nroot     mc          1495    7 /tmp      47241 prw-------       0 rw\nroot     csh         1491 root /             2 drwxr-xr-x     512  r\nroot     csh         1491   wd /         70660 drwxr-xr-x     512  r\nroot     csh         1491 text /         94367 -r-xr-xr-x  369816  r\nroot     csh         1491   15 /dev         42 crw-------   ttyv1 rw\nroot     csh         1491   16 /dev         42 crw-------   ttyv1 rw\nroot     csh         1491   17 /dev         42 crw-------   ttyv1 rw\nroot     csh         1491   18 /dev         42 crw-------   ttyv1 rw\nroot     csh         1491   19 /dev         42 crw-------   ttyv1 rw\nroot     getty       1483 root /             2 drwxr-xr-x     512  r\nroot     getty       1483   wd /             2 drwxr-xr-x     512  r\nroot     getty       1483 text /usr     1248274 -r-xr-xr-x   27736  r\nroot     getty       1483    0 /dev         48 crw-------   ttyv7 rw\nroot     getty       1483    1 /dev         48 crw-------   ttyv7 rw\nroot     getty       1483    2 /dev         48 crw-------   ttyv7 rw\nroot     getty       1482 root /             2 drwxr-xr-x     512  r\nroot     getty       1482   wd /             2 drwxr-xr-x     512  r\nroot     getty       1482 text /usr     1248274 -r-xr-xr-x   27736  r\nroot     getty       1482    0 /dev         47 crw-------   ttyv6 rw\nroot     getty       1482    1 /dev         47 crw-------   ttyv6 rw\nroot     getty       1482    2 /dev         47 crw-------   ttyv6 rw\nroot     getty       1481 root /             2 drwxr-xr-x     512  r\nroot     getty       1481   wd /             2 drwxr-xr-x     512  r\nroot     getty       1481 text /usr     1248274 -r-xr-xr-x   27736  r\nroot     getty       1481    0 /dev         46 crw-------   ttyv5 rw\nroot     getty       1481    1 /dev         46 crw-------   ttyv5 rw\nroot     getty       1481    2 /dev         46 crw-------   ttyv5 rw\nroot     getty       1480 root /             2 drwxr-xr-x     512  r\nroot     getty       1480   wd /             2 drwxr-xr-x     512  r\nroot     getty       1480 text /usr     1248274 -r-xr-xr-x   27736  r\nroot     getty       1480    0 /dev         45 crw-------   ttyv4 rw\nroot     getty       1480    1 /dev         45 crw-------   ttyv4 rw\nroot     getty       1480    2 /dev         45 crw-------   ttyv4 rw\nroot     getty       1479 root /             2 drwxr-xr-x     512  r\nroot     getty       1479   wd /             2 drwxr-xr-x     512  r\nroot     getty       1479 text /usr     1248274 -r-xr-xr-x   27736  r\nroot     getty       1479    0 /dev         44 crw-------   ttyv3 rw\nroot     getty       1479    1 /dev         44 crw-------   ttyv3 rw\nroot     getty       1479    2 /dev         44 crw-------   ttyv3 rw\nroot     getty       1478 root /             2 drwxr-xr-x     512  r\nroot     getty       1478   wd /             2 drwxr-xr-x     512  r\nroot     getty       1478 text /usr     1248274 -r-xr-xr-x   27736  r\nroot     getty       1478    0 /dev         43 crw-------   ttyv2 rw\nroot     getty       1478    1 /dev         43 crw-------   ttyv2 rw\nroot     getty       1478    2 /dev         43 crw-------   ttyv2 rw\nroot     login       1477 root /             2 drwxr-xr-x     512  r\nroot     login       1477   wd /         70660 drwxr-xr-x     512  r\nroot     login       1477 text /usr     3674268 -r-sr-xr-x   25536  r\nroot     login       1477    0 /dev         42 crw-------   ttyv1 rw\nroot     login       1477    1 /dev         42 crw-------   ttyv1 rw\nroot     login       1477    2 /dev         42 crw-------   ttyv1 rw\nroot     login       1477    3* local dgram ffffff00038d8a50 \u003c-\u003e ffffff00038d9b40\nroot     getty       1476 root /             2 drwxr-xr-x     512  r\nroot     getty       1476   wd /             2 drwxr-xr-x     512  r\nroot     getty       1476 text /usr     1248274 -r-xr-xr-x   27736  r\nroot     getty       1476    0 /dev         41 crw-------   ttyv0 rw\nroot     getty       1476    1 /dev         41 crw-------   ttyv0 rw\nroot     getty       1476    2 /dev         41 crw-------   ttyv0 rw\nroot     cron        1418 root /             2 drwxr-xr-x     512  r\nroot     cron        1418   wd /var     730112 drwxr-x---     512  r\nroot     cron        1418 text /usr     379451 -r-xr-xr-x   40072  r\nroot     cron        1418    0 /dev         24 crw-rw-rw-    null rw\nroot     cron        1418    1 /dev         24 crw-rw-rw-    null rw\nroot     cron        1418    2 /dev         24 crw-rw-rw-    null rw\nroot     cron        1418    3 /var     848058 -rw-------       4  w\nsmmsp    sendmail    1414 root /             2 drwxr-xr-x     512  r\nsmmsp    sendmail    1414   wd /var     1012742 drwxrwx---  654336  r\nsmmsp    sendmail    1414 text /usr     1252793 -r-xr-sr-x  707544  r\nsmmsp    sendmail    1414    0 /dev         24 crw-rw-rw-    null  r\nsmmsp    sendmail    1414    1 /dev         24 crw-rw-rw-    null  w\nsmmsp    sendmail    1414    2 /dev         24 crw-rw-rw-    null  w\nsmmsp    sendmail    1414    3* local dgram ffffff00038d8c30 \u003c-\u003e ffffff00038d9c30\nsmmsp    sendmail    1414    4 /var     1012744 -rw-------      50  w\nroot     sendmail    1411 root /             2 drwxr-xr-x     512  r\nroot     sendmail    1411   wd /var     1012739 drwxr-xr-x     512  r\nroot     sendmail    1411 text /usr     1252793 -r-xr-sr-x  707544  r\nroot     sendmail    1411    0 /dev         24 crw-rw-rw-    null  r\nroot     sendmail    1411    1 /dev         24 crw-rw-rw-    null  w\nroot     sendmail    1411    2 /dev         24 crw-rw-rw-    null  w\nroot     sendmail    1411    3* local dgram ffffff00038d9a50 \u003c-\u003e ffffff00038d9b40\nroot     sendmail    1411    4* internet stream tcp ffffff0003de3b10\nroot     sendmail    1411    5 /var     848057 -rw-------      79  w\nroot     syslogd     1244 root /             2 drwxr-xr-x     512  r\nroot     syslogd     1244   wd /             2 drwxr-xr-x     512  r\nroot     syslogd     1244 text /usr     379613 -r-xr-xr-x   39640  r\nroot     syslogd     1244    0 /dev         24 crw-rw-rw-    null rw\nroot     syslogd     1244    1 /dev         24 crw-rw-rw-    null rw\nroot     syslogd     1244    2 /dev         24 crw-rw-rw-    null rw\nroot     syslogd     1244    3 /var     848050 -rw-------       4  w\nroot     syslogd     1244    4* local dgram ffffff00038d9c30\nroot     syslogd     1244    5* local dgram ffffff00038d9b40\nroot     syslogd     1244    6* internet6 dgram udp ffffff00038d3d20\nroot     syslogd     1244    7* internet dgram udp ffffff00038d3bd0\nroot     syslogd     1244    8 /dev         30 crw-------    klog  r\nroot     syslogd     1244   10 -         -         bad    -\nroot     syslogd     1244   11 /var     353357 -rw-r--r--  308513  w\nroot     syslogd     1244   12 /var     353284 -rw-------   70545  w\nroot     syslogd     1244   13 /var     353351 -rw-------    4855  w\nroot     syslogd     1244   14 /var     353303 -rw-r-----  51981758  w\nroot     syslogd     1244   15 /var     353287 -rw-r--r--      55  w\nroot     syslogd     1244   16 /var     353292 -rw-------      55  w\nroot     syslogd     1244   17 /var     353309 -rw-------   59369  w\nroot     syslogd     1244   18 /var     353286 -rw-------   47842  w\nroot     syslogd     1244   19 /var     353298 -rw-------   17723  w\nroot     syslogd     1244   20 /var     353290 -rw-r-----      55  w\nroot     syslogd     1244   21 /var     353325 -rw-r--r--  11703835  w\nroot     syslogd     1244   22 /var     353368 -rw-------      70  w\nroot     syslogd     1244   23 /var     353343 -rw-r--r--       0  w\nroot     devd        1087 root /             2 drwxr-xr-x     512  r\nroot     devd        1087   wd /             2 drwxr-xr-x     512  r\nroot     devd        1087 text /         94349 -r-xr-xr-x  422424  r\nroot     devd        1087    0 /dev         24 crw-rw-rw-    null rw\nroot     devd        1087    1 /dev         24 crw-rw-rw-    null rw\nroot     devd        1087    2 /dev         24 crw-rw-rw-    null rw\nroot     devd        1087    3 /dev          4 crw-------  devctl  r\nroot     devd        1087    4* local stream ffffff00038c00f0\nroot     devd        1087    5 /var     848035 -rw-------       4  w\nroot     init           1 root /             2 drwxr-xr-x     512  r\nroot     init           1   wd /             2 drwxr-xr-x     512  r\nroot     init           1 text /         94248 -r-xr-xr-x  776040  r\nroot     kernel         0 root /             2 drwxr-xr-x     512  r\nroot     kernel         0   wd /             2 drwxr-xr-x     512  r\n\n------------------------------------------------------------------------\ndmesg\n\nCopyright (c) 1992-2012 The FreeBSD Project.\nCopyright (c) 1979, 1980, 1983, 1986, 1988, 1989, 1991, 1992, 1993, 1994\n\tThe Regents of the University of California. All rights reserved.\nFreeBSD is a registered trademark of The FreeBSD Foundation.\nFreeBSD 8.3-STABLE #9 r237224M: Mon Jun 18 15:49:27 EEST 2012\n    root@:/usr/obj/usr/src/sys/KES_KERN_v8 amd64\nTimecounter \"i8254\" frequency 1193182 Hz quality 0\nCPU: Intel(R) Core(TM) i3-2100 CPU @ 3.10GHz (3110.48-MHz K8-class CPU)\n  Origin = \"GenuineIntel\"  Id = 0x206a7  Family = 6  Model = 2a  Stepping = 7\n  Features=0xbfebfbff\u003cFPU,VME,DE,PSE,TSC,MSR,PAE,MCE,CX8,APIC,SEP,MTRR,PGE,MCA,CMOV,PAT,PSE36,CLFLUSH,DTS,ACPI,MMX,FXSR,SSE,SSE2,SS,HTT,TM,PBE\u003e\n  Features2=0x1d9ae3bf\u003cSSE3,PCLMULQDQ,DTES64,MON,DS_CPL,VMX,EST,TM2,SSSE3,CX16,xTPR,PDCM,PCID,SSE4.1,SSE4.2,POPCNT,TSCDLT,XSAVE,OSXSAVE,AVX\u003e\n  AMD Features=0x28100800\u003cSYSCALL,NX,RDTSCP,LM\u003e\n  AMD Features2=0x1\u003cLAHF\u003e\n  TSC: P-state invariant\nreal memory  = 4294967296 (4096 MB)\navail memory = 3999862784 (3814 MB)\nACPI APIC Table: \u003cALASKA A M I\u003e\nFreeBSD/SMP: Multiprocessor System Detected: 4 CPUs\nFreeBSD/SMP: 1 package(s) x 2 core(s) x 2 SMT threads\n cpu0 (BSP): APIC ID:  0\n cpu1 (AP): APIC ID:  1\n cpu2 (AP): APIC ID:  2\n cpu3 (AP): APIC ID:  3\nioapic0 \u003cVersion 2.0\u003e irqs 0-23 on motherboard\nkbd1 at kbdmux0\nacpi0: \u003cALASKA A M I\u003e on motherboard\nacpi0: [ITHREAD]\nACPI Error: [RAMB] Namespace lookup failure, AE_NOT_FOUND (20101013/psargs-464)\nACPI Exception: AE_NOT_FOUND, Could not execute arguments for [RAMW] (Region) (20101013/nsinit-452)\nacpi0: Power Button (fixed)\nTimecounter \"ACPI-fast\" frequency 3579545 Hz quality 1000\nacpi_timer0: \u003c24-bit timer at 3.579545MHz\u003e port 0x408-0x40b on acpi0\ncpu0: \u003cACPI CPU\u003e on acpi0\ncpu1: \u003cACPI CPU\u003e on acpi0\ncpu2: \u003cACPI CPU\u003e on acpi0\ncpu3: \u003cACPI CPU\u003e on acpi0\npcib0: \u003cACPI Host-PCI bridge\u003e port 0xcf8-0xcff on acpi0\npci0: \u003cACPI PCI bus\u003e on pcib0\npcib1: \u003cACPI PCI-PCI bridge\u003e irq 16 at device 1.0 on pci0\npci1: \u003cACPI PCI bus\u003e on pcib1\nigb0: \u003cIntel(R) PRO/1000 Network Connection version - 2.3.1\u003e mem 0xfbb00000-0xfbbfffff,0xfbc8c000-0xfbc8ffff irq 16 at device 0.0 on pci1\nigb0: Using MSIX interrupts with 5 vectors\nigb0: Ethernet address: a0:36:9f:00:66:a4\nigb0: [ITHREAD]\nigb0: Bound queue 0 to cpu 0\nigb0: [ITHREAD]\nigb0: Bound queue 1 to cpu 1\nigb0: [ITHREAD]\nigb0: Bound queue 2 to cpu 2\nigb0: [ITHREAD]\nigb0: Bound queue 3 to cpu 3\nigb0: [ITHREAD]\nigb1: \u003cIntel(R) PRO/1000 Network Connection version - 2.3.1\u003e mem 0xfba00000-0xfbafffff,0xfbc88000-0xfbc8bfff irq 17 at device 0.1 on pci1\nigb1: Using MSIX interrupts with 5 vectors\nigb1: Ethernet address: a0:36:9f:00:66:a5\nigb1: [ITHREAD]\nigb1: Bound queue 0 to cpu 0\nigb1: [ITHREAD]\nigb1: Bound queue 1 to cpu 1\nigb1: [ITHREAD]\nigb1: Bound queue 2 to cpu 2\nigb1: [ITHREAD]\nigb1: Bound queue 3 to cpu 3\nigb1: [ITHREAD]\nigb2: \u003cIntel(R) PRO/1000 Network Connection version - 2.3.1\u003e mem 0xfb900000-0xfb9fffff,0xfbc84000-0xfbc87fff irq 18 at device 0.2 on pci1\nigb2: Using MSIX interrupts with 5 vectors\nigb2: Ethernet address: a0:36:9f:00:66:a6\nigb2: [ITHREAD]\nigb2: Bound queue 0 to cpu 0\nigb2: [ITHREAD]\nigb2: Bound queue 1 to cpu 1\nigb2: [ITHREAD]\nigb2: Bound queue 2 to cpu 2\nigb2: [ITHREAD]\nigb2: Bound queue 3 to cpu 3\nigb2: [ITHREAD]\nigb3: \u003cIntel(R) PRO/1000 Network Connection version - 2.3.1\u003e mem 0xfb800000-0xfb8fffff,0xfbc80000-0xfbc83fff irq 19 at device 0.3 on pci1\nigb3: Using MSIX interrupts with 5 vectors\nigb3: Ethernet address: a0:36:9f:00:66:a7\nigb3: [ITHREAD]\nigb3: Bound queue 0 to cpu 0\nigb3: [ITHREAD]\nigb3: Bound queue 1 to cpu 1\nigb3: [ITHREAD]\nigb3: Bound queue 2 to cpu 2\nigb3: [ITHREAD]\nigb3: Bound queue 3 to cpu 3\nigb3: [ITHREAD]\nvgapci0: \u003cVGA-compatible display\u003e port 0xf000-0xf03f mem 0xfb400000-0xfb7fffff,0xc0000000-0xcfffffff irq 16 at device 2.0 on pci0\npci0: \u003csimple comms\u003e at device 22.0 (no driver attached)\nehci0: \u003cEHCI (generic) USB 2.0 controller\u003e mem 0xfbf02000-0xfbf023ff irq 23 at device 26.0 on pci0\nehci0: [ITHREAD]\nusbus0: EHCI version 1.0\nusbus0 on ehci0\npcib2: \u003cACPI PCI-PCI bridge\u003e irq 17 at device 28.0 on pci0\npci2: \u003cACPI PCI bus\u003e on pcib2\npcib3: \u003cACPI PCI-PCI bridge\u003e irq 17 at device 28.4 on pci0\npci3: \u003cACPI PCI bus\u003e on pcib3\natapci0: \u003cVIA ATA controller\u003e port 0xe040-0xe047,0xe030-0xe033,0xe020-0xe027,0xe010-0xe013,0xe000-0xe00f irq 16 at device 0.0 on pci3\natapci0: [ITHREAD]\nata2: \u003cATA channel\u003e at channel 0 on atapci0\nata2: [ITHREAD]\nata3: \u003cATA channel\u003e at channel 1 on atapci0\nata3: [ITHREAD]\npcib4: \u003cACPI PCI-PCI bridge\u003e irq 16 at device 28.5 on pci0\npci4: \u003cACPI PCI bus\u003e on pcib4\npci4: \u003cserial bus, USB\u003e at device 0.0 (no driver attached)\npcib5: \u003cACPI PCI-PCI bridge\u003e irq 18 at device 28.6 on pci0\npci5: \u003cACPI PCI bus\u003e on pcib5\nre0: \u003cRealTek 8168/8111 B/C/CP/D/DP/E/F PCIe Gigabit Ethernet\u003e port 0xd000-0xd0ff mem 0xd0004000-0xd0004fff,0xd0000000-0xd0003fff irq 18 at device 0.0 on pci5\nre0: Using 1 MSI-X message\nre0: Chip rev. 0x2c000000\nre0: MAC rev. 0x00000000\nmiibus0: \u003cMII bus\u003e on re0\nrgephy0: \u003cRTL8169S/8110S/8211B media interface\u003e PHY 1 on miibus0\nrgephy0:  none, 10baseT, 10baseT-FDX, 10baseT-FDX-flow, 100baseTX, 100baseTX-FDX, 100baseTX-FDX-flow, 1000baseT, 1000baseT-master, 1000baseT-FDX, 1000baseT-FDX-master, 1000baseT-FDX-flow, 1000baseT-FDX-flow-master, auto, auto-flow\nre0: Ethernet address: 14:da:e9:b8:5a:76\nre0: [ITHREAD]\npcib6: \u003cACPI PCI-PCI bridge\u003e irq 19 at device 28.7 on pci0\npci6: \u003cACPI PCI bus\u003e on pcib6\npcib7: \u003cACPI PCI-PCI bridge\u003e irq 17 at device 0.0 on pci6\npci7: \u003cACPI PCI bus\u003e on pcib7\nehci1: \u003cEHCI (generic) USB 2.0 controller\u003e mem 0xfbf01000-0xfbf013ff irq 23 at device 29.0 on pci0\nehci1: [ITHREAD]\nusbus1: EHCI version 1.0\nusbus1 on ehci1\nisab0: \u003cPCI-ISA bridge\u003e at device 31.0 on pci0\nisa0: \u003cISA bus\u003e on isab0\natapci1: \u003cIntel Cougar Point SATA300 controller\u003e port 0xf110-0xf117,0xf100-0xf103,0xf0f0-0xf0f7,0xf0e0-0xf0e3,0xf0d0-0xf0df,0xf0c0-0xf0cf irq 20 at device 31.2 on pci0\natapci1: [ITHREAD]\nata4: \u003cATA channel\u003e at channel 0 on atapci1\nata4: [ITHREAD]\nata5: \u003cATA channel\u003e at channel 1 on atapci1\nata5: [ITHREAD]\npci0: \u003cserial bus, SMBus\u003e at device 31.3 (no driver attached)\natapci2: \u003cIntel Cougar Point SATA300 controller\u003e port 0xf0b0-0xf0b7,0xf0a0-0xf0a3,0xf090-0xf097,0xf080-0xf083,0xf070-0xf07f,0xf060-0xf06f irq 20 at device 31.5 on pci0\natapci2: [ITHREAD]\nata6: \u003cATA channel\u003e at channel 0 on atapci2\nata6: [ITHREAD]\nata7: \u003cATA channel\u003e at channel 1 on atapci2\nata7: [ITHREAD]\nacpi_button0: \u003cPower Button\u003e on acpi0\nacpi_hpet0: \u003cHigh Precision Event Timer\u003e iomem 0xfed00000-0xfed003ff on acpi0\nTimecounter \"HPET\" frequency 14318180 Hz quality 900\natrtc0: \u003cAT realtime clock\u003e port 0x70-0x71 irq 8 on acpi0\norm0: \u003cISA Option ROMs\u003e at iomem 0xc0000-0xcd7ff,0xcd800-0xce7ff on isa0\nsc0: \u003cSystem console\u003e at flags 0x100 on isa0\nsc0: VGA \u003c16 virtual consoles, flags=0x300\u003e\nvga0: \u003cGeneric ISA VGA\u003e at port 0x3c0-0x3df iomem 0xa0000-0xbffff on isa0\natkbdc0: \u003cKeyboard controller (i8042)\u003e at port 0x60,0x64 on isa0\natkbd0: \u003cAT Keyboard\u003e irq 1 on atkbdc0\nkbd0 at atkbd0\natkbd0: [GIANT-LOCKED]\natkbd0: [ITHREAD]\nppc0: cannot reserve I/O port range\ncoretemp0: \u003cCPU On-Die Thermal Sensors\u003e on cpu0\nest0: \u003cEnhanced SpeedStep Frequency Control\u003e on cpu0\np4tcc0: \u003cCPU Frequency Thermal Control\u003e on cpu0\ncoretemp1: \u003cCPU On-Die Thermal Sensors\u003e on cpu1\nest1: \u003cEnhanced SpeedStep Frequency Control\u003e on cpu1\np4tcc1: \u003cCPU Frequency Thermal Control\u003e on cpu1\ncoretemp2: \u003cCPU On-Die Thermal Sensors\u003e on cpu2\nest2: \u003cEnhanced SpeedStep Frequency Control\u003e on cpu2\np4tcc2: \u003cCPU Frequency Thermal Control\u003e on cpu2\ncoretemp3: \u003cCPU On-Die Thermal Sensors\u003e on cpu3\nest3: \u003cEnhanced SpeedStep Frequency Control\u003e on cpu3\np4tcc3: \u003cCPU Frequency Thermal Control\u003e on cpu3\nTimecounters tick every 1.000 msec\nipfw2 (+ipv6) initialized, divert enabled, nat enabled, rule-based forwarding enabled, default to deny, logging disabled\nDUMMYNET 0 with IPv6 initialized (100409)\nload_dn_sched dn_sched PRIO loaded\nload_dn_sched dn_sched QFQ loaded\nload_dn_sched dn_sched RR loaded\nload_dn_sched dn_sched WF2Q+ loaded\nload_dn_sched dn_sched FIFO loaded\nusbus0: 480Mbps High Speed USB v2.0\nusbus1: 480Mbps High Speed USB v2.0\nad8: 1907729MB \u003cST2000DL003 9VT166 CC32\u003e at ata4-master UDMA100 SATA 6Gb/s\nugen0.1: \u003cIntel\u003e at usbus0\nuhub0: \u003cIntel EHCI root HUB, class 9/0, rev 2.00/1.00, addr 1\u003e on usbus0\nugen1.1: \u003cIntel\u003e at usbus1\nuhub1: \u003cIntel EHCI root HUB, class 9/0, rev 2.00/1.00, addr 1\u003e on usbus1\nad11: 305245MB \u003cSeagate ST3320620AS 3.AAK\u003e at ata5-slave UDMA100 SATA 1.5Gb/s\nSMP: AP CPU #1 Launched!\nSMP: AP CPU #2 Launched!\nSMP: AP CPU #3 Launched!\nGEOM_JOURNAL: Journal 729355407: ad11s1e contains data.\nGEOM_JOURNAL: Journal 729355407: ad11s1e contains journal.\nGEOM_JOURNAL: Journal ad11s1e clean.\nRoot mount waiting for: usbus1 usbus0\nuhub0: 2 ports with 2 removable, self powered\nuhub1: 2 ports with 2 removable, self powered\nRoot mount waiting for: usbus1 usbus0\nugen0.2: \u003cvendor 0x8087\u003e at usbus0\nuhub2: \u003cvendor 0x8087 product 0x0024, class 9/0, rev 2.00/0.00, addr 2\u003e on usbus0\nugen1.2: \u003cvendor 0x8087\u003e at usbus1\nuhub3: \u003cvendor 0x8087 product 0x0024, class 9/0, rev 2.00/0.00, addr 2\u003e on usbus1\nRoot mount waiting for: usbus1 usbus0\nuhub2: 6 ports with 6 removable, self powered\nuhub3: 8 ports with 8 removable, self powered\nugen1.3: \u003cGeneric\u003e at usbus1\numass0: \u003cGeneric Mass Storage Device, class 0/0, rev 2.00/1.00, addr 3\u003e on usbus1\numass0:  SCSI over Bulk-Only; quirks = 0x4001\numass0:0:0:-1: Attached to scbus0\nTrying to mount root from ufs:/dev/ad8s1a\nWARNING: /: GJOURNAL flag on fs but no gjournal provider below\nda0 at umass-sim0 bus 0 scbus0 target 0 lun 0\nda0: \u003cMultiple Card  Reader 1.00\u003e Removable Direct Access SCSI-0 device \nda0: 40.000MB/s transfers\nda0: Attempt to query device size failed: NOT READY, Medium not present\nSetting hostuuid: 18caf200-5bcb-11d9-a96c-14dae9b85a76.\nSetting hostid: 0xe26a7af6.\nEntropy harvesting:\n interrupts\n ethernet\n point_to_point\n kickstart"
}