{
 "id": 681867,
 "bug_id": 171262,
 "attachment_id": 0,
 "creation_time": "2012-09-02T22:10:11Z",
 "creator": "uzimac@da3m0n8t3r.com",
 "text": "was dumping sdhc cards to ntfs-3g mounted usb drive (8 cards successfully, then inserting 9th card rebooted machine) \n\nthis in logs 45 times:\n\nSep  3 04:36:59 kamira kernel: (da1:umass-sim1:1:0:0): SCSI sense: HARDWARE FAILURE asc:4b,0 (Data phase error)\n\n(then machine reboot.)\n\nfull log starting from insert:\n\n\n\nSep  3 04:36:54 kamira kernel: ugen1.2: \u003cGeneric\u003e at usbus1\nSep  3 04:36:54 kamira kernel: umass1: \u003cGeneric USB Storage, class 0/0, rev 2.00/2.07, addr 2\u003e on usbus1\nSep  3 04:36:54 kamira kernel: umass1:  SCSI over Bulk-Only; quirks = 0x4100\nSep  3 04:36:54 kamira kernel: umass1:6:1:-1: Attached to scbus6\nSep  3 04:36:54 kamira kernel: da1 at umass-sim1 bus 1 scbus6 target 0 lun 0\nSep  3 04:36:54 kamira kernel: da1: \u003cGeneric STORAGE DEVICE 0207\u003e Removable Direct Access SCSI-0 device \nSep  3 04:36:54 kamira kernel: da1: 40.000MB/s transfers\nSep  3 04:36:54 kamira kernel: da1: 15287MB (31307776 512 byte sectors: 255H 63S/T 1948C)\nSep  3 04:36:59 kamira kernel: (da1:umass-sim1:1:0:0): WRITE(10). CDB: 2a 0 0 0 22 28 0 0 8 0 \nSep  3 04:36:59 kamira kernel: (da1:umass-sim1:1:0:0): CAM status: SCSI Status Error\nSep  3 04:36:59 kamira kernel: (da1:umass-sim1:1:0:0): SCSI status: Check Condition\nSep  3 04:36:59 kamira kernel: (da1:umass-sim1:1:0:0): SCSI sense: HARDWARE FAILURE asc:4b,0 (Data phase error)\nSep  3 04:36:59 kamira kernel: (da1:umass-sim1:1:0:0): Retrying command (per sense data)\nSep  3 04:36:59 kamira kernel: (da1:umass-sim1:1:0:0): WRITE(10). CDB: 2a 0 0 0 22 28 0 0 8 0 \nSep  3 04:36:59 kamira kernel: (da1:umass-sim1:1:0:0): CAM status: SCSI Status Error\nSep  3 04:36:59 kamira kernel: (da1:umass-sim1:1:0:0): SCSI status: Check Condition\nSep  3 04:36:59 kamira kernel: (da1:umass-sim1:1:0:0): SCSI sense: HARDWARE FAILURE asc:4b,0 (Data phase error)\nSep  3 04:36:59 kamira kernel: (da1:umass-sim1:1:0:0): Retrying command (per sense data)\nSep  3 04:36:59 kamira kernel: (da1:umass-sim1:1:0:0): WRITE(10). CDB: 2a 0 0 0 22 28 0 0 8 0 \nSep  3 04:36:59 kamira kernel: (da1:umass-sim1:1:0:0): CAM status: SCSI Status Error\nSep  3 04:36:59 kamira kernel: (da1:umass-sim1:1:0:0): SCSI status: Check Condition\nSep  3 04:36:59 kamira kernel: (da1:umass-sim1:1:0:0): SCSI sense: HARDWARE FAILURE asc:4b,0 (Data phase error)\nSep  3 04:36:59 kamira kernel: (da1:umass-sim1:1:0:0): Retrying command (per sense data)\nSep  3 04:36:59 kamira kernel: (da1:umass-sim1:1:0:0): WRITE(10). CDB: 2a 0 0 0 22 28 0 0 8 0 \nSep  3 04:36:59 kamira kernel: (da1:umass-sim1:1:0:0): CAM status: SCSI Status Error\nSep  3 04:36:59 kamira kernel: (da1:umass-sim1:1:0:0): SCSI status: Check Condition\nSep  3 04:36:59 kamira kernel: (da1:umass-sim1:1:0:0): SCSI sense: HARDWARE FAILURE asc:4b,0 (Data phase error)\nSep  3 04:36:59 kamira kernel: (da1:umass-sim1:1:0:0): Retrying command (per sense data)\nSep  3 04:36:59 kamira kernel: (da1:umass-sim1:1:0:0): WRITE(10). CDB: 2a 0 0 0 22 28 0 0 8 0 \nSep  3 04:36:59 kamira kernel: (da1:umass-sim1:1:0:0): CAM status: SCSI Status Error\nSep  3 04:36:59 kamira kernel: (da1:umass-sim1:1:0:0): SCSI status: Check Condition\nSep  3 04:36:59 kamira kernel: (da1:umass-sim1:1:0:0): SCSI sense: HARDWARE FAILURE asc:4b,0 (Data phase error)\nSep  3 04:36:59 kamira kernel: (da1:umass-sim1:1:0:0): Error 5, Retries exhausted\nSep  3 04:36:59 kamira kernel: g_vfs_done():da1s1[WRITE(offset=282624, length=4096)]error = 5\nSep  3 04:36:59 kamira kernel: (da1:umass-sim1:1:0:0): WRITE(10). CDB: 2a 0 0 0 22 28 0 0 8 0 \nSep  3 04:36:59 kamira kernel: (da1:umass-sim1:1:0:0): CAM status: SCSI Status Error\nSep  3 04:36:59 kamira kernel: (da1:umass-sim1:1:0:0): SCSI status: Check Condition\nSep  3 04:36:59 kamira kernel: (da1:umass-sim1:1:0:0): SCSI sense: HARDWARE FAILURE asc:4b,0 (Data phase error)\nSep  3 04:36:59 kamira kernel: (da1:umass-sim1:1:0:0): Retrying command (per sense data)\nSep  3 04:36:59 kamira kernel: (da1:umass-sim1:1:0:0): WRITE(10). CDB: 2a 0 0 0 22 28 0 0 8 0 \nSep  3 04:36:59 kamira kernel: (da1:umass-sim1:1:0:0): CAM status: SCSI Status Error\nSep  3 04:36:59 kamira kernel: (da1:umass-sim1:1:0:0): SCSI status: Check Condition\nSep  3 04:36:59 kamira kernel: (da1:umass-sim1:1:0:0): SCSI sense: HARDWARE FAILURE asc:4b,0 (Data phase error)\nSep  3 04:36:59 kamira kernel: (da1:umass-sim1:1:0:0): Retrying command (per sense data)\nSep  3 04:36:59 kamira kernel: (da1:umass-sim1:1:0:0): WRITE(10). CDB: 2a 0 0 0 22 28 0 0 8 0 \nSep  3 04:36:59 kamira kernel: (da1:umass-sim1:1:0:0): CAM status: SCSI Status Error\nSep  3 04:36:59 kamira kernel: (da1:umass-sim1:1:0:0): SCSI status: Check Condition\nSep  3 04:36:59 kamira kernel: (da1:umass-sim1:1:0:0): SCSI sense: HARDWARE FAILURE asc:4b,0 (Data phase error)\nSep  3 04:36:59 kamira kernel: (da1:umass-sim1:1:0:0): Retrying command (per sense data)\nSep  3 04:36:59 kamira kernel: (da1:umass-sim1:1:0:0): WRITE(10). CDB: 2a 0 0 0 22 28 0 0 8 0 \nSep  3 04:36:59 kamira kernel: (da1:umass-sim1:1:0:0): CAM status: SCSI Status Error\nSep  3 04:36:59 kamira kernel: (da1:umass-sim1:1:0:0): SCSI status: Check Condition\nSep  3 04:36:59 kamira kernel: (da1:umass-sim1:1:0:0): SCSI sense: HARDWARE FAILURE asc:4b,0 (Data phase error)\nSep  3 04:36:59 kamira kernel: (da1:umass-sim1:1:0:0): Retrying command (per sense data)\nSep  3 04:36:59 kamira kernel: (da1:umass-sim1:1:0:0): WRITE(10). CDB: 2a 0 0 0 22 28 0 0 8 0 \nSep  3 04:36:59 kamira kernel: (da1:umass-sim1:1:0:0): CAM status: SCSI Status Error\nSep  3 04:36:59 kamira kernel: (da1:umass-sim1:1:0:0): SCSI status: Check Condition\nSep  3 04:36:59 kamira kernel: (da1:umass-sim1:1:0:0): SCSI sense: HARDWARE FAILURE asc:4b,0 (Data phase error)\nSep  3 04:36:59 kamira kernel: (da1:umass-sim1:1:0:0): Error 5, Retries exhausted\nSep  3 04:36:59 kamira kernel: g_vfs_done():da1s1[WRITE(offset=282624, length=4096)]error = 5\nSep  3 04:36:59 kamira kernel: (da1:umass-sim1:1:0:0): WRITE(10). CDB: 2a 0 0 0 22 28 0 0 8 0 \nSep  3 04:36:59 kamira kernel: (da1:umass-sim1:1:0:0): CAM status: SCSI Status Error\nSep  3 04:36:59 kamira kernel: (da1:umass-sim1:1:0:0): SCSI status: Check Condition\nSep  3 04:36:59 kamira kernel: (da1:umass-sim1:1:0:0): SCSI sense: HARDWARE FAILURE asc:4b,0 (Data phase error)\nSep  3 04:36:59 kamira kernel: (da1:umass-sim1:1:0:0): Retrying command (per sense data)\nSep  3 04:36:59 kamira kernel: (da1:umass-sim1:1:0:0): WRITE(10). CDB: 2a 0 0 0 22 28 0 0 8 0 \nSep  3 04:36:59 kamira kernel: (da1:umass-sim1:1:0:0): CAM status: SCSI Status Error\nSep  3 04:36:59 kamira kernel: (da1:umass-sim1:1:0:0): SCSI status: Check Condition\nSep  3 04:36:59 kamira kernel: (da1:umass-sim1:1:0:0): SCSI sense: HARDWARE FAILURE asc:4b,0 (Data phase error)\nSep  3 04:36:59 kamira kernel: (da1:umass-sim1:1:0:0): Retrying command (per sense data)\nSep  3 04:36:59 kamira kernel: (da1:umass-sim1:1:0:0): WRITE(10). CDB: 2a 0 0 0 22 28 0 0 8 0 \nSep  3 04:36:59 kamira kernel: (da1:umass-sim1:1:0:0): CAM status: SCSI Status Error\nSep  3 04:36:59 kamira kernel: (da1:umass-sim1:1:0:0): SCSI status: Check Condition\nSep  3 04:36:59 kamira kernel: (da1:umass-sim1:1:0:0): SCSI sense: HARDWARE FAILURE asc:4b,0 (Data phase error)\nSep  3 04:36:59 kamira kernel: (da1:umass-sim1:1:0:0): Retrying command (per sense data)\nSep  3 04:36:59 kamira kernel: (da1:umass-sim1:1:0:0): WRITE(10). CDB: 2a 0 0 0 22 28 0 0 8 0 \nSep  3 04:36:59 kamira kernel: (da1:umass-sim1:1:0:0): CAM status: SCSI Status Error\nSep  3 04:36:59 kamira kernel: (da1:umass-sim1:1:0:0): SCSI status: Check Condition\nSep  3 04:36:59 kamira kernel: (da1:umass-sim1:1:0:0): SCSI sense: HARDWARE FAILURE asc:4b,0 (Data phase error)\nSep  3 04:36:59 kamira kernel: (da1:umass-sim1:1:0:0): Retrying command (per sense data)\nSep  3 04:36:59 kamira kernel: (da1:umass-sim1:1:0:0): WRITE(10). CDB: 2a 0 0 0 22 28 0 0 8 0 \nSep  3 04:36:59 kamira kernel: (da1:umass-sim1:1:0:0): CAM status: SCSI Status Error\nSep  3 04:36:59 kamira kernel: (da1:umass-sim1:1:0:0): SCSI status: Check Condition\nSep  3 04:36:59 kamira kernel: (da1:umass-sim1:1:0:0): SCSI sense: HARDWARE FAILURE asc:4b,0 (Data phase error)\nSep  3 04:36:59 kamira kernel: (da1:umass-sim1:1:0:0): Error 5, Retries exhausted\nSep  3 04:36:59 kamira kernel: g_vfs_done():da1s1[WRITE(offset=282624, length=4096)]error = 5\nSep  3 04:36:59 kamira kernel: fsync: giving up on dirty\nSep  3 04:36:59 kamira kernel: 0xfffffe003d70fd20: tag devfs, type VCHR\nSep  3 04:36:59 kamira kernel: usecount 1, writecount 0, refcount 482 mountedhere 0xfffffe007fe62800\nSep  3 04:36:59 kamira kernel: flags (VI(0x200))\nSep  3 04:36:59 kamira kernel: v_object 0xfffffe0041cea570 ref 0 pages 480\nSep  3 04:36:59 kamira kernel: lock type devfs: UNLOCKED\nSep  3 04:36:59 kamira kernel: dev da1s1\nSep  3 04:37:02 kamira kernel: (da1:umass-sim1:1:0:0): WRITE(10). CDB: 2a 0 0 0 22 28 0 0 8 0 \nSep  3 04:37:02 kamira kernel: (da1:umass-sim1:1:0:0): CAM status: SCSI Status Error\nSep  3 04:37:02 kamira kernel: (da1:umass-sim1:1:0:0): SCSI status: Check Condition\nSep  3 04:37:02 kamira kernel: (da1:umass-sim1:1:0:0): SCSI sense: HARDWARE FAILURE asc:4b,0 (Data phase error)\nSep  3 04:37:02 kamira kernel: (da1:umass-sim1:1:0:0): Retrying command (per sense data)\nSep  3 04:37:02 kamira kernel: (da1:umass-sim1:1:0:0): WRITE(10). CDB: 2a 0 0 0 22 28 0 0 8 0 \nSep  3 04:37:02 kamira kernel: (da1:umass-sim1:1:0:0): CAM status: SCSI Status Error\nSep  3 04:37:02 kamira kernel: (da1:umass-sim1:1:0:0): SCSI status: Check Condition\nSep  3 04:37:02 kamira kernel: (da1:umass-sim1:1:0:0): SCSI sense: HARDWARE FAILURE asc:4b,0 (Data phase error)\nSep  3 04:37:02 kamira kernel: (da1:umass-sim1:1:0:0): Retrying command (per sense data)\nSep  3 04:37:02 kamira kernel: (da1:umass-sim1:1:0:0): WRITE(10). CDB: 2a 0 0 0 22 28 0 0 8 0 \nSep  3 04:37:02 kamira kernel: (da1:umass-sim1:1:0:0): CAM status: SCSI Status Error\nSep  3 04:37:02 kamira kernel: (da1:umass-sim1:1:0:0): SCSI status: Check Condition\nSep  3 04:37:02 kamira kernel: (da1:umass-sim1:1:0:0): SCSI sense: HARDWARE FAILURE asc:4b,0 (Data phase error)\nSep  3 04:37:02 kamira kernel: (da1:umass-sim1:1:0:0): Retrying command (per sense data)\nSep  3 04:37:02 kamira kernel: (da1:umass-sim1:1:0:0): WRITE(10). CDB: 2a 0 0 0 22 28 0 0 8 0 \nSep  3 04:37:02 kamira kernel: (da1:umass-sim1:1:0:0): CAM status: SCSI Status Error\nSep  3 04:37:02 kamira kernel: (da1:umass-sim1:1:0:0): SCSI status: Check Condition\nSep  3 04:37:02 kamira kernel: (da1:umass-sim1:1:0:0): SCSI sense: HARDWARE FAILURE asc:4b,0 (Data phase error)\nSep  3 04:37:02 kamira kernel: (da1:umass-sim1:1:0:0): Retrying command (per sense data)\nSep  3 04:37:02 kamira kernel: (da1:umass-sim1:1:0:0): WRITE(10). CDB: 2a 0 0 0 22 28 0 0 8 0 \nSep  3 04:37:02 kamira kernel: (da1:umass-sim1:1:0:0): CAM status: SCSI Status Error\nSep  3 04:37:02 kamira kernel: (da1:umass-sim1:1:0:0): SCSI status: Check Condition\nSep  3 04:37:02 kamira kernel: (da1:umass-sim1:1:0:0): SCSI sense: HARDWARE FAILURE asc:4b,0 (Data phase error)\nSep  3 04:37:02 kamira kernel: (da1:umass-sim1:1:0:0): Error 5, Retries exhausted\nSep  3 04:37:02 kamira kernel: g_vfs_done():da1s1[WRITE(offset=282624, length=4096)]error = 5\nSep  3 04:37:02 kamira kernel: (da1:umass-sim1:1:0:0): WRITE(10). CDB: 2a 0 0 0 22 28 0 0 8 0 \nSep  3 04:37:02 kamira kernel: (da1:umass-sim1:1:0:0): CAM status: SCSI Status Error\nSep  3 04:37:02 kamira kernel: (da1:umass-sim1:1:0:0): SCSI status: Check Condition\nSep  3 04:37:02 kamira kernel: (da1:umass-sim1:1:0:0): SCSI sense: HARDWARE FAILURE asc:4b,0 (Data phase error)\nSep  3 04:37:02 kamira kernel: (da1:umass-sim1:1:0:0): Retrying command (per sense data)\nSep  3 04:37:02 kamira kernel: (da1:umass-sim1:1:0:0): WRITE(10). CDB: 2a 0 0 0 22 28 0 0 8 0 \nSep  3 04:37:02 kamira kernel: (da1:umass-sim1:1:0:0): CAM status: SCSI Status Error\nSep  3 04:37:02 kamira kernel: (da1:umass-sim1:1:0:0): SCSI status: Check Condition\nSep  3 04:37:02 kamira kernel: (da1:umass-sim1:1:0:0): SCSI sense: HARDWARE FAILURE asc:4b,0 (Data phase error)\nSep  3 04:37:02 kamira kernel: (da1:umass-sim1:1:0:0): Retrying command (per sense data)\nSep  3 04:37:02 kamira kernel: (da1:umass-sim1:1:0:0): WRITE(10). CDB: 2a 0 0 0 22 28 0 0 8 0 \nSep  3 04:37:02 kamira kernel: (da1:umass-sim1:1:0:0): CAM status: SCSI Status Error\nSep  3 04:37:02 kamira kernel: (da1:umass-sim1:1:0:0): SCSI status: Check Condition\nSep  3 04:37:02 kamira kernel: (da1:umass-sim1:1:0:0): SCSI sense: HARDWARE FAILURE asc:4b,0 (Data phase error)\nSep  3 04:37:02 kamira kernel: (da1:umass-sim1:1:0:0): Retrying command (per sense data)\nSep  3 04:37:02 kamira kernel: (da1:umass-sim1:1:0:0): WRITE(10). CDB: 2a 0 0 0 22 28 0 0 8 0 \nSep  3 04:37:02 kamira kernel: (da1:umass-sim1:1:0:0): CAM status: SCSI Status Error\nSep  3 04:37:02 kamira kernel: (da1:umass-sim1:1:0:0): SCSI status: Check Condition\nSep  3 04:37:02 kamira kernel: (da1:umass-sim1:1:0:0): SCSI sense: HARDWARE FAILURE asc:4b,0 (Data phase error)\nSep  3 04:37:02 kamira kernel: (da1:umass-sim1:1:0:0): Retrying command (per sense data)\nSep  3 04:37:02 kamira kernel: (da1:umass-sim1:1:0:0): WRITE(10). CDB: 2a 0 0 0 22 28 0 0 8 0 \nSep  3 04:37:02 kamira kernel: (da1:umass-sim1:1:0:0): CAM status: SCSI Status Error\nSep  3 04:37:02 kamira kernel: (da1:umass-sim1:1:0:0): SCSI status: Check Condition\nSep  3 04:37:02 kamira kernel: (da1:umass-sim1:1:0:0): SCSI sense: HARDWARE FAILURE asc:4b,0 (Data phase error)\nSep  3 04:37:02 kamira kernel: (da1:umass-sim1:1:0:0): Error 5, Retries exhausted\nSep  3 04:37:02 kamira kernel: g_vfs_done():da1s1[WRITE(offset=282624, length=4096)]error = 5\nSep  3 04:37:02 kamira kernel: (da1:umass-sim1:1:0:0): WRITE(10). CDB: 2a 0 0 0 22 28 0 0 8 0 \nSep  3 04:37:02 kamira kernel: (da1:umass-sim1:1:0:0): CAM status: SCSI Status Error\nSep  3 04:37:02 kamira kernel: (da1:umass-sim1:1:0:0): SCSI status: Check Condition\nSep  3 04:37:02 kamira kernel: (da1:umass-sim1:1:0:0): SCSI sense: HARDWARE FAILURE asc:4b,0 (Data phase error)\nSep  3 04:37:02 kamira kernel: (da1:umass-sim1:1:0:0): Retrying command (per sense data)\nSep  3 04:37:02 kamira kernel: (da1:umass-sim1:1:0:0): WRITE(10). CDB: 2a 0 0 0 22 28 0 0 8 0 \nSep  3 04:37:02 kamira kernel: (da1:umass-sim1:1:0:0): CAM status: SCSI Status Error\nSep  3 04:37:02 kamira kernel: (da1:umass-sim1:1:0:0): SCSI status: Check Condition\nSep  3 04:37:02 kamira kernel: (da1:umass-sim1:1:0:0): SCSI sense: HARDWARE FAILURE asc:4b,0 (Data phase error)\nSep  3 04:37:02 kamira kernel: (da1:umass-sim1:1:0:0): Retrying command (per sense data)\nSep  3 04:37:02 kamira kernel: (da1:umass-sim1:1:0:0): WRITE(10). CDB: 2a 0 0 0 22 28 0 0 8 0 \nSep  3 04:37:02 kamira kernel: (da1:umass-sim1:1:0:0): CAM status: SCSI Status Error\nSep  3 04:37:02 kamira kernel: (da1:umass-sim1:1:0:0): SCSI status: Check Condition\nSep  3 04:37:02 kamira kernel: (da1:umass-sim1:1:0:0): SCSI sense: HARDWARE FAILURE asc:4b,0 (Data phase error)\nSep  3 04:37:02 kamira kernel: (da1:umass-sim1:1:0:0): Retrying command (per sense data)\nSep  3 04:37:02 kamira kernel: (da1:umass-sim1:1:0:0): WRITE(10). CDB: 2a 0 0 0 22 28 0 0 8 0 \nSep  3 04:37:02 kamira kernel: (da1:umass-sim1:1:0:0): CAM status: SCSI Status Error\nSep  3 04:37:02 kamira kernel: (da1:umass-sim1:1:0:0): SCSI status: Check Condition\nSep  3 04:37:02 kamira kernel: (da1:umass-sim1:1:0:0): SCSI sense: HARDWARE FAILURE asc:4b,0 (Data phase error)\nSep  3 04:37:02 kamira kernel: (da1:umass-sim1:1:0:0): Retrying command (per sense data)\nSep  3 04:37:02 kamira kernel: (da1:umass-sim1:1:0:0): WRITE(10). CDB: 2a 0 0 0 22 28 0 0 8 0 \nSep  3 04:37:02 kamira kernel: (da1:umass-sim1:1:0:0): CAM status: SCSI Status Error\nSep  3 04:37:02 kamira kernel: (da1:umass-sim1:1:0:0): SCSI status: Check Condition\nSep  3 04:37:02 kamira kernel: (da1:umass-sim1:1:0:0): SCSI sense: HARDWARE FAILURE asc:4b,0 (Data phase error)\nSep  3 04:37:02 kamira kernel: (da1:umass-sim1:1:0:0): Error 5, Retries exhausted\nSep  3 04:37:02 kamira kernel: g_vfs_done():da1s1[WRITE(offset=282624, length=4096)]error = 5\nSep  3 04:37:02 kamira kernel: fsync: giving up on dirty\nSep  3 04:37:02 kamira kernel: 0xfffffe003d70fd20: tag devfs, type VCHR\nSep  3 04:37:02 kamira kernel: usecount 1, writecount 0, refcount 482 mountedhere 0xfffffe007fe62800\nSep  3 04:37:02 kamira kernel: flags (VI(0x200))\nSep  3 04:37:02 kamira kernel: v_object 0xfffffe0041cea570 ref 0 pages 480\nSep  3 04:37:02 kamira kernel: lock type devfs: UNLOCKED\nSep  3 04:37:02 kamira kernel: dev da1s1\nSep  3 04:37:16 kamira kernel: (da1:umass-sim1:1:0:0): WRITE(10). CDB: 2a 0 0 0 22 28 0 0 8 0 \nSep  3 04:37:16 kamira kernel: (da1:umass-sim1:1:0:0): CAM status: SCSI Status Error\nSep  3 04:37:16 kamira kernel: (da1:umass-sim1:1:0:0): SCSI status: Check Condition\nSep  3 04:37:16 kamira kernel: (da1:umass-sim1:1:0:0): SCSI sense: HARDWARE FAILURE asc:4b,0 (Data phase error)\nSep  3 04:37:16 kamira kernel: (da1:umass-sim1:1:0:0): Retrying command (per sense data)\nSep  3 04:37:16 kamira kernel: (da1:umass-sim1:1:0:0): WRITE(10). CDB: 2a 0 0 0 22 28 0 0 8 0 \nSep  3 04:37:16 kamira kernel: (da1:umass-sim1:1:0:0): CAM status: SCSI Status Error\nSep  3 04:37:16 kamira kernel: (da1:umass-sim1:1:0:0): SCSI status: Check Condition\nSep  3 04:37:16 kamira kernel: (da1:umass-sim1:1:0:0): SCSI sense: HARDWARE FAILURE asc:4b,0 (Data phase error)\nSep  3 04:37:16 kamira kernel: (da1:umass-sim1:1:0:0): Retrying command (per sense data)\nSep  3 04:37:16 kamira kernel: (da1:umass-sim1:1:0:0): WRITE(10). CDB: 2a 0 0 0 22 28 0 0 8 0 \nSep  3 04:37:16 kamira kernel: (da1:umass-sim1:1:0:0): CAM status: SCSI Status Error\nSep  3 04:37:16 kamira kernel: (da1:umass-sim1:1:0:0): SCSI status: Check Condition\nSep  3 04:37:16 kamira kernel: (da1:umass-sim1:1:0:0): SCSI sense: HARDWARE FAILURE asc:4b,0 (Data phase error)\nSep  3 04:37:16 kamira kernel: (da1:umass-sim1:1:0:0): Retrying command (per sense data)\nSep  3 04:37:16 kamira kernel: (da1:umass-sim1:1:0:0): WRITE(10). CDB: 2a 0 0 0 22 28 0 0 8 0 \nSep  3 04:37:16 kamira kernel: (da1:umass-sim1:1:0:0): CAM status: SCSI Status Error\nSep  3 04:37:16 kamira kernel: (da1:umass-sim1:1:0:0): SCSI status: Check Condition\nSep  3 04:37:16 kamira kernel: (da1:umass-sim1:1:0:0): SCSI sense: HARDWARE FAILURE asc:4b,0 (Data phase error)\nSep  3 04:37:16 kamira kernel: (da1:umass-sim1:1:0:0): Retrying command (per sense data)\nSep  3 04:37:16 kamira kernel: (da1:umass-sim1:1:0:0): WRITE(10). CDB: 2a 0 0 0 22 28 0 0 8 0 \nSep  3 04:37:16 kamira kernel: (da1:umass-sim1:1:0:0): CAM status: SCSI Status Error\nSep  3 04:37:16 kamira kernel: (da1:umass-sim1:1:0:0): SCSI status: Check Condition\nSep  3 04:37:16 kamira kernel: (da1:umass-sim1:1:0:0): SCSI sense: HARDWARE FAILURE asc:4b,0 (Data phase error)\nSep  3 04:37:16 kamira kernel: (da1:umass-sim1:1:0:0): Error 5, Retries exhausted\nSep  3 04:37:16 kamira kernel: g_vfs_done():da1s1[WRITE(offset=282624, length=4096)]error = 5\nSep  3 04:37:16 kamira kernel: (da1:umass-sim1:1:0:0): WRITE(10). CDB: 2a 0 0 0 22 28 0 0 8 0 \nSep  3 04:37:16 kamira kernel: (da1:umass-sim1:1:0:0): CAM status: SCSI Status Error\nSep  3 04:37:16 kamira kernel: (da1:umass-sim1:1:0:0): SCSI status: Check Condition\nSep  3 04:37:16 kamira kernel: (da1:umass-sim1:1:0:0): SCSI sense: HARDWARE FAILURE asc:4b,0 (Data phase error)\nSep  3 04:37:16 kamira kernel: (da1:umass-sim1:1:0:0): Retrying command (per sense data)\nSep  3 04:37:16 kamira kernel: (da1:umass-sim1:1:0:0): WRITE(10). CDB: 2a 0 0 0 22 28 0 0 8 0 \nSep  3 04:37:16 kamira kernel: (da1:umass-sim1:1:0:0): CAM status: SCSI Status Error\nSep  3 04:37:16 kamira kernel: (da1:umass-sim1:1:0:0): SCSI status: Check Condition\nSep  3 04:37:16 kamira kernel: (da1:umass-sim1:1:0:0): SCSI sense: HARDWARE FAILURE asc:4b,0 (Data phase error)\nSep  3 04:37:16 kamira kernel: (da1:umass-sim1:1:0:0): Retrying command (per sense data)\nSep  3 04:37:16 kamira kernel: (da1:umass-sim1:1:0:0): WRITE(10). CDB: 2a 0 0 0 22 28 0 0 8 0 \nSep  3 04:37:16 kamira kernel: (da1:umass-sim1:1:0:0): CAM status: SCSI Status Error\nSep  3 04:37:16 kamira kernel: (da1:umass-sim1:1:0:0): SCSI status: Check Condition\nSep  3 04:37:16 kamira kernel: (da1:umass-sim1:1:0:0): SCSI sense: HARDWARE FAILURE asc:4b,0 (Data phase error)\nSep  3 04:37:16 kamira kernel: (da1:umass-sim1:1:0:0): Retrying command (per sense data)\nSep  3 04:37:16 kamira kernel: (da1:umass-sim1:1:0:0): WRITE(10). CDB: 2a 0 0 0 22 28 0 0 8 0 \nSep  3 04:37:16 kamira kernel: (da1:umass-sim1:1:0:0): CAM status: SCSI Status Error\nSep  3 04:37:16 kamira kernel: (da1:umass-sim1:1:0:0): SCSI status: Check Condition\nSep  3 04:37:16 kamira kernel: (da1:umass-sim1:1:0:0): SCSI sense: HARDWARE FAILURE asc:4b,0 (Data phase error)\nSep  3 04:37:16 kamira kernel: (da1:umass-sim1:1:0:0): Retrying command (per sense data)\nSep  3 04:37:16 kamira kernel: (da1:umass-sim1:1:0:0): WRITE(10). CDB: 2a 0 0 0 22 28 0 0 8 0 \nSep  3 04:37:16 kamira kernel: (da1:umass-sim1:1:0:0): CAM status: SCSI Status Error\nSep  3 04:37:16 kamira kernel: (da1:umass-sim1:1:0:0): SCSI status: Check Condition\nSep  3 04:37:16 kamira kernel: (da1:umass-sim1:1:0:0): SCSI sense: HARDWARE FAILURE asc:4b,0 (Data phase error)\nSep  3 04:37:16 kamira kernel: (da1:umass-sim1:1:0:0): Error 5, Retries exhausted\nSep  3 04:37:16 kamira kernel: g_vfs_done():da1s1[WRITE(offset=282624, length=4096)]error = 5\nSep  3 04:37:16 kamira kernel: (da1:umass-sim1:1:0:0): WRITE(10). CDB: 2a 0 0 0 22 28 0 0 8 0 \nSep  3 04:37:16 kamira kernel: (da1:umass-sim1:1:0:0): CAM status: SCSI Status Error\nSep  3 04:37:16 kamira kernel: (da1:umass-sim1:1:0:0): SCSI status: Check Condition\nSep  3 04:37:16 kamira kernel: (da1:umass-sim1:1:0:0): SCSI sense: HARDWARE FAILURE asc:4b,0 (Data phase error)\nSep  3 04:37:16 kamira kernel: (da1:umass-sim1:1:0:0): Retrying command (per sense data)\nSep  3 04:37:16 kamira kernel: (da1:umass-sim1:1:0:0): WRITE(10). CDB: 2a 0 0 0 22 28 0 0 8 0 \nSep  3 04:37:16 kamira kernel: (da1:umass-sim1:1:0:0): CAM status: SCSI Status Error\nSep  3 04:37:16 kamira kernel: (da1:umass-sim1:1:0:0): SCSI status: Check Condition\nSep  3 04:37:16 kamira kernel: (da1:umass-sim1:1:0:0): SCSI sense: HARDWARE FAILURE asc:4b,0 (Data phase error)\nSep  3 04:37:16 kamira kernel: (da1:umass-sim1:1:0:0): Retrying command (per sense data)\nSep  3 04:37:16 kamira kernel: (da1:umass-sim1:1:0:0): WRITE(10). CDB: 2a 0 0 0 22 28 0 0 8 0 \nSep  3 04:37:16 kamira kernel: (da1:umass-sim1:1:0:0): CAM status: SCSI Status Error\nSep  3 04:37:16 kamira kernel: (da1:umass-sim1:1:0:0): SCSI status: Check Condition\nSep  3 04:37:16 kamira kernel: (da1:umass-sim1:1:0:0): SCSI sense: HARDWARE FAILURE asc:4b,0 (Data phase error)\nSep  3 04:37:16 kamira kernel: (da1:umass-sim1:1:0:0): Retrying command (per sense data)\nSep  3 04:37:16 kamira kernel: (da1:umass-sim1:1:0:0): WRITE(10). CDB: 2a 0 0 0 22 28 0 0 8 0 \nSep  3 04:37:16 kamira kernel: (da1:umass-sim1:1:0:0): CAM status: SCSI Status Error\nSep  3 04:37:16 kamira kernel: (da1:umass-sim1:1:0:0): SCSI status: Check Condition\nSep  3 04:37:16 kamira kernel: (da1:umass-sim1:1:0:0): SCSI sense: HARDWARE FAILURE asc:4b,0 (Data phase error)\nSep  3 04:37:16 kamira kernel: (da1:umass-sim1:1:0:0): Retrying command (per sense data)\nSep  3 04:37:16 kamira kernel: (da1:umass-sim1:1:0:0): WRITE(10). CDB: 2a 0 0 0 22 28 0 0 8 0 \nSep  3 04:37:16 kamira kernel: (da1:umass-sim1:1:0:0): CAM status: SCSI Status Error\nSep  3 04:37:16 kamira kernel: (da1:umass-sim1:1:0:0): SCSI status: Check Condition\nSep  3 04:37:16 kamira kernel: (da1:umass-sim1:1:0:0): SCSI sense: HARDWARE FAILURE asc:4b,0 (Data phase error)\nSep  3 04:37:16 kamira kernel: (da1:umass-sim1:1:0:0): Error 5, Retries exhausted\nSep  3 04:37:16 kamira kernel: g_vfs_done():da1s1[WRITE(offset=282624, length=4096)]error = 5\nSep  3 04:37:16 kamira kernel: fsync: giving up on dirty\nSep  3 04:37:16 kamira kernel: 0xfffffe003d70fd20: tag devfs, type VCHR\nSep  3 04:37:16 kamira kernel: usecount 1, writecount 0, refcount 482 mountedhere 0xfffffe007fe62800\nSep  3 04:37:16 kamira kernel: flags (VI(0x200))\nSep  3 04:37:16 kamira kernel: v_object 0xfffffe0041cea570 ref 0 pages 480\nSep  3 04:37:16 kamira kernel: lock type devfs: UNLOCKED\nSep  3 04:37:16 kamira kernel: dev da1s1\nSep  3 04:37:21 kamira kernel: ugen1.2: \u003cGeneric\u003e at usbus1 (disconnected)\nSep  3 04:37:21 kamira kernel: umass1: at uhub1, port 4, addr 2 (disconnected)\nSep  3 04:37:21 kamira kernel: (da1:umass-sim1:1:0:0): lost device - 0 outstanding, 1 refs\nSep  3 04:37:21 kamira kernel: (pass2:(da1:umass-sim1:1:umass-sim1:1:0:0:0): passdevgonecb: devfs entry is gone\nSep  3 04:37:21 kamira kernel: 0): removing device entry\nSep  3 04:37:59 kamira syslogd: kernel boot file is /boot/kernel/kernel\nSep  3 04:37:59 kamira kernel: Copyright (c) 1992-2012 The FreeBSD Project.\nSep  3 04:37:59 kamira kernel: Copyright (c) 1979, 1980, 1983, 1986, 1988, 1989, 1991, 1992, 1993, 1994\nSep  3 04:37:59 kamira kernel: The Regents of the University of California. All rights reserved.\nSep  3 04:37:59 kamira kernel: FreeBSD is a registered trademark of The FreeBSD Foundation.\nSep  3 04:37:59 kamira kernel: FreeBSD 9.1-RC1 #0: Tue Aug 14 04:25:06 UTC 2012\nSep  3 04:37:59 kamira kernel: root@farrell.cse.buffalo.edu:/usr/obj/usr/src/sys/GENERIC amd64\nSep  3 04:37:59 kamira kernel: CPU: AMD A4-3300 APU with Radeon(tm) HD Graphics (2493.80-MHz K8-class CPU)\nSep  3 04:37:59 kamira kernel: Origin = \"AuthenticAMD\"  Id = 0x300f10  Family = 12  Model = 1  Stepping = 0\nSep  3 04:37:59 kamira kernel: Features=0x178bfbff\u003cFPU,VME,DE,PSE,TSC,MSR,PAE,MCE,CX8,APIC,SEP,MTRR,PGE,MCA,CMOV,PAT,PSE36,CLFLUSH,MMX,FXSR,SSE,SSE2,HTT\u003e\nSep  3 04:37:59 kamira kernel: Features2=0x802009\u003cSSE3,MON,CX16,POPCNT\u003e\nSep  3 04:37:59 kamira kernel: AMD Features=0xee500800\u003cSYSCALL,NX,MMX+,FFXSR,Page1GB,RDTSCP,LM,3DNow!+,3DNow!\u003e\nSep  3 04:37:59 kamira kernel: AMD Features2=0x37ff\u003cLAHF,CMP,SVM,ExtAPIC,CR8,ABM,SSE4A,MAS,Prefetch,OSVW,IBS,SKINIT,WDT\u003e\nSep  3 04:37:59 kamira kernel: TSC: P-state invariant, performance statistics\nSep  3 04:37:59 kamira kernel: real memory  = 4294967296 (4096 MB)\nSep  3 04:37:59 kamira kernel: avail memory = 3573714944 (3408 MB)\nSep  3 04:37:59 kamira kernel: Event timer \"LAPIC\" quality 400\nSep  3 04:37:59 kamira kernel: ACPI APIC Table: \u003cGBT    GBTUACPI\u003e\nSep  3 04:37:59 kamira kernel: FreeBSD/SMP: Multiprocessor System Detected: 2 CPUs\nSep  3 04:37:59 kamira kernel: FreeBSD/SMP: 1 package(s) x 2 core(s)\nSep  3 04:37:59 kamira kernel: cpu0 (BSP): APIC ID:  0\nSep  3 04:37:59 kamira kernel: cpu1 (AP): APIC ID:  1\nSep  3 04:37:59 kamira kernel: ioapic0: Changing APIC ID to 2\nSep  3 04:37:59 kamira kernel: ioapic0 \u003cVersion 2.1\u003e irqs 0-23 on motherboard\nSep  3 04:37:59 kamira kernel: kbd1 at kbdmux0\nSep  3 04:37:59 kamira kernel: ctl: CAM Target Layer loaded\nSep  3 04:37:59 kamira kernel: acpi0: \u003cGBT GBTUACPI\u003e on motherboard\nSep  3 04:37:59 kamira kernel: acpi0: Power Button (fixed)\nSep  3 04:37:59 kamira kernel: acpi0: reservation of 0, a0000 (3) failed\nSep  3 04:37:59 kamira kernel: acpi0: reservation of 100000, cfcd0000 (3) failed\nSep  3 04:37:59 kamira kernel: cpu0: \u003cACPI CPU\u003e on acpi0\nSep  3 04:37:59 kamira kernel: cpu1: \u003cACPI CPU\u003e on acpi0\nSep  3 04:37:59 kamira kernel: attimer0: \u003cAT timer\u003e port 0x40-0x43 on acpi0\nSep  3 04:37:59 kamira kernel: Timecounter \"i8254\" frequency 1193182 Hz quality 0\nSep  3 04:37:59 kamira kernel: Event timer \"i8254\" frequency 1193182 Hz quality 100\nSep  3 04:37:59 kamira kernel: hpet0: \u003cHigh Precision Event Timer\u003e iomem 0xfed00000-0xfed003ff irq 0,8 on acpi0\nSep  3 04:37:59 kamira kernel: Timecounter \"HPET\" frequency 14318180 Hz quality 950\nSep  3 04:37:59 kamira kernel: Event timer \"HPET\" frequency 14318180 Hz quality 450\nSep  3 04:37:59 kamira kernel: Event timer \"HPET1\" frequency 14318180 Hz quality 450\nSep  3 04:37:59 kamira kernel: Event timer \"HPET2\" frequency 14318180 Hz quality 450\nSep  3 04:37:59 kamira kernel: atrtc0: \u003cAT realtime clock\u003e port 0x70-0x73 on acpi0\nSep  3 04:37:59 kamira kernel: Event timer \"RTC\" frequency 32768 Hz quality 0\nSep  3 04:37:59 kamira kernel: Timecounter \"ACPI-fast\" frequency 3579545 Hz quality 900\nSep  3 04:37:59 kamira kernel: acpi_timer0: \u003c32-bit timer at 3.579545MHz\u003e port 0x808-0x80b on acpi0\nSep  3 04:37:59 kamira kernel: acpi_button0: \u003cPower Button\u003e on acpi0\nSep  3 04:37:59 kamira kernel: pcib0: \u003cACPI Host-PCI bridge\u003e port 0xcf8-0xcff on acpi0\nSep  3 04:37:59 kamira kernel: pci0: \u003cACPI PCI bus\u003e on pcib0\nSep  3 04:37:59 kamira kernel: vgapci0: \u003cVGA-compatible display\u003e port 0xf800-0xf8ff mem 0xd0000000-0xdfffffff,0xfdfc0000-0xfdffffff irq 18 at device 1.0 on pci0\nSep  3 04:37:59 kamira kernel: pcib1: \u003cACPI PCI-PCI bridge\u003e irq 16 at device 4.0 on pci0\nSep  3 04:37:59 kamira kernel: pci1: \u003cACPI PCI bus\u003e on pcib1\nSep  3 04:37:59 kamira kernel: re0: \u003cRealTek 8168/8111 B/C/CP/D/DP/E/F PCIe Gigabit Ethernet\u003e port 0xee00-0xeeff mem 0xfdcff000-0xfdcfffff,0xfdcf8000-0xfdcfbfff irq 16 at device 0.0 on pci1\nSep  3 04:37:59 kamira kernel: re0: Using 1 MSI-X message\nSep  3 04:37:59 kamira kernel: re0: Chip rev. 0x2c800000\nSep  3 04:37:59 kamira kernel: re0: MAC rev. 0x00000000\nSep  3 04:37:59 kamira kernel: miibus0: \u003cMII bus\u003e on re0\nSep  3 04:37:59 kamira kernel: rgephy0: \u003cRTL8169S/8110S/8211 1000BASE-T media interface\u003e PHY 1 on miibus0\nSep  3 04:37:59 kamira kernel: rgephy0:  none, 10baseT, 10baseT-FDX, 10baseT-FDX-flow, 100baseTX, 100baseTX-FDX, 100baseTX-FDX-flow, 1000baseT, 1000baseT-master, 1000baseT-FDX, 1000baseT-FDX-master, 1000baseT-FDX-flow, 1000baseT-FDX-flow-master, auto, auto-flow\nSep  3 04:37:59 kamira kernel: re0: Ethernet address: 90:2b:34:83:1b:b2\nSep  3 04:37:59 kamira kernel: atapci0: \u003cAMD ATA controller\u003e port 0xff00-0xff07,0xfe00-0xfe03,0xfd00-0xfd07,0xfc00-0xfc03,0xfb00-0xfb0f mem 0xfe02f000-0xfe02f7ff irq 19 at device 17.0 on pci0\nSep  3 04:37:59 kamira kernel: ata2: \u003cATA channel\u003e at channel 0 on atapci0\nSep  3 04:37:59 kamira kernel: ata3: \u003cATA channel\u003e at channel 1 on atapci0\nSep  3 04:37:59 kamira kernel: ohci0: \u003cOHCI (generic) USB controller\u003e mem 0xfe02e000-0xfe02efff irq 18 at device 18.0 on pci0\nSep  3 04:37:59 kamira kernel: usbus0 on ohci0\nSep  3 04:37:59 kamira kernel: ehci0: \u003cEHCI (generic) USB 2.0 controller\u003e mem 0xfe02d000-0xfe02d0ff irq 17 at device 18.2 on pci0\nSep  3 04:37:59 kamira kernel: usbus1: EHCI version 1.0\nSep  3 04:37:59 kamira kernel: usbus1 on ehci0\nSep  3 04:37:59 kamira kernel: ohci1: \u003cOHCI (generic) USB controller\u003e mem 0xfe02c000-0xfe02cfff irq 18 at device 19.0 on pci0\nSep  3 04:37:59 kamira kernel: usbus2 on ohci1\nSep  3 04:37:59 kamira kernel: ehci1: \u003cEHCI (generic) USB 2.0 controller\u003e mem 0xfe02b000-0xfe02b0ff irq 17 at device 19.2 on pci0\nSep  3 04:37:59 kamira kernel: usbus3: EHCI version 1.0\nSep  3 04:37:59 kamira kernel: usbus3 on ehci1\nSep  3 04:37:59 kamira kernel: pci0: \u003cserial bus, SMBus\u003e at device 20.0 (no driver attached)\nSep  3 04:37:59 kamira kernel: atapci1: \u003cAMD ATA controller\u003e port 0x1f0-0x1f7,0x3f6,0x170-0x177,0x376,0xfa00-0xfa0f at device 20.1 on pci0\nSep  3 04:37:59 kamira kernel: ata0: \u003cATA channel\u003e at channel 0 on atapci1\nSep  3 04:37:59 kamira kernel: ata1: \u003cATA channel\u003e at channel 1 on atapci1\nSep  3 04:37:59 kamira kernel: hdac0: \u003cGeneric (0x780d1022) HDA Controller\u003e mem 0xfe024000-0xfe027fff irq 16 at device 20.2 on pci0\nSep  3 04:37:59 kamira kernel: isab0: \u003cPCI-ISA bridge\u003e at device 20.3 on pci0\nSep  3 04:37:59 kamira kernel: isa0: \u003cISA bus\u003e on isab0\nSep  3 04:37:59 kamira kernel: pcib2: \u003cACPI PCI-PCI bridge\u003e at device 20.4 on pci0\nSep  3 04:37:59 kamira kernel: pci2: \u003cACPI PCI bus\u003e on pcib2\nSep  3 04:37:59 kamira kernel: ohci2: \u003cOHCI (generic) USB controller\u003e mem 0xfe02a000-0xfe02afff irq 18 at device 20.5 on pci0\nSep  3 04:37:59 kamira kernel: usbus4 on ohci2\nSep  3 04:37:59 kamira kernel: ohci3: \u003cOHCI (generic) USB controller\u003e mem 0xfe029000-0xfe029fff irq 18 at device 22.0 on pci0\nSep  3 04:37:59 kamira kernel: usbus5 on ohci3\nSep  3 04:37:59 kamira kernel: ehci2: \u003cEHCI (generic) USB 2.0 controller\u003e mem 0xfe028000-0xfe0280ff irq 17 at device 22.2 on pci0\nSep  3 04:37:59 kamira kernel: usbus6: EHCI version 1.0\nSep  3 04:37:59 kamira kernel: usbus6 on ehci2\nSep  3 04:37:59 kamira kernel: uart0: \u003c16550 or compatible\u003e port 0x3f8-0x3ff irq 4 flags 0x10 on acpi0\nSep  3 04:37:59 kamira kernel: orm0: \u003cISA Option ROM\u003e at iomem 0xc0000-0xcefff on isa0\nSep  3 04:37:59 kamira kernel: sc0: \u003cSystem console\u003e at flags 0x100 on isa0\nSep  3 04:37:59 kamira kernel: sc0: VGA \u003c16 virtual consoles, flags=0x300\u003e\nSep  3 04:37:59 kamira kernel: vga0: \u003cGeneric ISA VGA\u003e at port 0x3c0-0x3df iomem 0xa0000-0xbffff on isa0\nSep  3 04:37:59 kamira kernel: atkbdc0: \u003cKeyboard controller (i8042)\u003e at port 0x60,0x64 on isa0\nSep  3 04:37:59 kamira kernel: atkbd0: \u003cAT Keyboard\u003e irq 1 on atkbdc0\nSep  3 04:37:59 kamira kernel: kbd0 at atkbd0\nSep  3 04:37:59 kamira kernel: atkbd0: [GIANT-LOCKED]\nSep  3 04:37:59 kamira kernel: ppc0: cannot reserve I/O port range\nSep  3 04:37:59 kamira kernel: hwpstate0: \u003cCool`n'Quiet 2.0\u003e on cpu0\nSep  3 04:37:59 kamira kernel: Timecounters tick every 1.000 msec\nSep  3 04:37:59 kamira kernel: hdacc0: \u003cRealtek ALC887 HDA CODEC\u003e at cad 0 on hdac0\nSep  3 04:37:59 kamira kernel: hdaa0: \u003cRealtek ALC887 Audio Function Group\u003e at nid 1 on hdacc0\nSep  3 04:37:59 kamira kernel: pcm0: \u003cRealtek ALC887 (Analog 2.0+HP/2.0)\u003e at nid 20,27 and 24,26 on hdaa0\nSep  3 04:37:59 kamira kernel: pcm1: \u003cRealtek ALC887 (Onboard Digital)\u003e at nid 17 on hdaa0\nSep  3 04:37:59 kamira kernel: pcm2: \u003cRealtek ALC887 (Front Analog Mic)\u003e at nid 25 on hdaa0\nSep  3 04:37:59 kamira kernel: usbus0: 12Mbps Full Speed USB v1.0\nSep  3 04:37:59 kamira kernel: usbus1: 480Mbps High Speed USB v2.0\nSep  3 04:37:59 kamira kernel: usbus2: 12Mbps Full Speed USB v1.0\nSep  3 04:37:59 kamira kernel: usbus3: 480Mbps High Speed USB v2.0\nSep  3 04:37:59 kamira kernel: usbus4: 12Mbps Full Speed USB v1.0\nSep  3 04:37:59 kamira kernel: usbus5: 12Mbps Full Speed USB v1.0\nSep  3 04:37:59 kamira kernel: usbus6: 480Mbps High Speed USB v2.0\nSep  3 04:37:59 kamira kernel: ugen0.1: \u003cAMD\u003e at usbus0\nSep  3 04:37:59 kamira kernel: uhub0: \u003cAMD OHCI root HUB, class 9/0, rev 1.00/1.00, addr 1\u003e on usbus0\nSep  3 04:37:59 kamira kernel: ugen1.1: \u003cAMD\u003e at usbus1\nSep  3 04:37:59 kamira kernel: uhub1: \u003cAMD EHCI root HUB, class 9/0, rev 2.00/1.00, addr 1\u003e on usbus1\nSep  3 04:37:59 kamira kernel: ugen2.1: \u003cAMD\u003e at usbus2\nSep  3 04:37:59 kamira kernel: uhub2: \u003cAMD OHCI root HUB, class 9/0, rev 1.00/1.00, addr 1\u003e on usbus2\nSep  3 04:37:59 kamira kernel: ugen3.1: \u003cAMD\u003e at usbus3\nSep  3 04:37:59 kamira kernel: uhub3: \u003cAMD EHCI root HUB, class 9/0, rev 2.00/1.00, addr 1\u003e on usbus3\nSep  3 04:37:59 kamira kernel: ugen4.1: \u003cAMD\u003e at usbus4\nSep  3 04:37:59 kamira kernel: uhub4: \u003cAMD OHCI root HUB, class 9/0, rev 1.00/1.00, addr 1\u003e on usbus4\nSep  3 04:37:59 kamira kernel: ugen5.1: \u003cAMD\u003e at usbus5\nSep  3 04:37:59 kamira kernel: uhub5: \u003cAMD OHCI root HUB, class 9/0, rev 1.00/1.00, addr 1\u003e on usbus5\nSep  3 04:37:59 kamira kernel: ugen6.1: \u003cAMD\u003e at usbus6\nSep  3 04:37:59 kamira kernel: uhub6: \u003cAMD EHCI root HUB, class 9/0, rev 2.00/1.00, addr 1\u003e on usbus6\nSep  3 04:37:59 kamira kernel: uhub4: 2 ports with 2 removable, self powered\nSep  3 04:37:59 kamira kernel: uhub5: 4 ports with 4 removable, self powered\nSep  3 04:37:59 kamira kernel: uhub0: 5 ports with 5 removable, self powered\nSep  3 04:37:59 kamira kernel: uhub2: 5 ports with 5 removable, self powered\nSep  3 04:37:59 kamira kernel: uhub6: 4 ports with 4 removable, self powered\nSep  3 04:37:59 kamira kernel: uhub1: 5 ports with 5 removable, self powered\nSep  3 04:37:59 kamira kernel: uhub3: 5 ports with 5 removable, self powered\nSep  3 04:37:59 kamira kernel: ugen3.2: \u003cSeagate\u003e at usbus3\nSep  3 04:37:59 kamira kernel: umass0: \u003cSeagate FA GoFlex Desk, class 0/0, rev 2.10/1.00, addr 2\u003e on usbus3\nSep  3 04:37:59 kamira kernel: umass0:  SCSI over Bulk-Only; quirks = 0x4100\nSep  3 04:37:59 kamira kernel: umass0:5:0:-1: Attached to scbus5\nSep  3 04:37:59 kamira kernel: ugen1.2: \u003cGeneric\u003e at usbus1\nSep  3 04:37:59 kamira kernel: umass1: \u003cGeneric USB Storage, class 0/0, rev 2.00/2.07, addr 2\u003e on usbus1\nSep  3 04:37:59 kamira kernel: umass1:  SCSI over Bulk-Only; quirks = 0x4100\nSep  3 04:37:59 kamira kernel: umass1:6:1:-1: Attached to scbus6\nSep  3 04:37:59 kamira kernel: ada0 at ata2 bus 0 scbus0 target 0 lun 0\nSep  3 04:37:59 kamira kernel: ada0: \u003cWDC WD1002FAEX-00Y9A0 05.01D05\u003e ATA-8 SATA 3.x device\nSep  3 04:37:59 kamira kernel: ada0: 33.300MB/s transfers (UDMA2, PIO 8192bytes)\nSep  3 04:37:59 kamira kernel: ada0: 953869MB (1953525168 512 byte sectors: 16H 63S/T 16383C)\nSep  3 04:37:59 kamira kernel: ada0: Previously was known as ad4\nSep  3 04:37:59 kamira kernel: da1 at umass-sim1 bus 1 scbus6 target 0 lun 0\nSep  3 04:37:59 kamira kernel: da1: \u003cGeneric STORAGE DEVICE 0207\u003e Removable Direct Access SCSI-0 device \nSep  3 04:37:59 kamira kernel: da1: 40.000MB/s transfers\nSep  3 04:37:59 kamira kernel: da1: 15287MB (31307776 512 byte sectors: 255H 63S/T 1948C)\nSep  3 04:37:59 kamira kernel: da0 at umass-sim0 bus 0 scbus5 target 0 lun 0\nSep  3 04:37:59 kamira kernel: da0: \u003cSeagate FA GoFlex Desk 0D0B\u003e Fixed Direct Access SCSI-0 device \nSep  3 04:37:59 kamira kernel: da0: 40.000MB/s transfers\nSep  3 04:37:59 kamira kernel: da0: 2861588MB (732566645 4096 byte sectors: 255H 63S/T 45600C)\nSep  3 04:37:59 kamira kernel: SMP: AP CPU #1 Launched!\nSep  3 04:37:59 kamira kernel: Timecounter \"TSC-low\" frequency 9741414 Hz quality 800\nSep  3 04:37:59 kamira kernel: Trying to mount root from ufs:/dev/ada0a [rw]...\nSep  3 04:37:59 kamira kernel: WARNING: / was not properly dismounted\nSep  3 04:37:59 kamira ntpd[1191]: ntpd 4.2.4p5-a (1)\nSep  3 04:37:59 kamira kernel: .\nSep  3 04:37:59 kamira kernel: fuse4bsd: version 0.3.9-pre1, FUSE ABI 7.8\nSep  3 04:38:00 kamira kernel: re0: link state changed to UP\nSep  3 04:38:05 kamira kernel: ugen1.2: \u003cGeneric\u003e at usbus1 (disconnected)\nSep  3 04:38:05 kamira kernel: umass1: at uhub1, port 4, addr 2 (disconnected)\nSep  3 04:38:05 kamira kernel: (da1:umass-sim1:1:0:0): lost device - 0 outstanding, 1 refs\nSep  3 04:38:05 kamira kernel: (pass2:(da1:umass-sim1:1:umass-sim1:1:0:0:0): passdevgonecb: devfs entry is gone\nSep  3 04:38:05 kamira kernel: 0): removing device entry\nSep  3 04:38:47 kamira su: waitman to root on /dev/pts/0\nSep  3 04:39:17 kamira ntpd[1192]: time correction of -53911 seconds exceeds sanity limit (1000); set clock manually to the correct UTC time.\nSep  3 04:41:28 kamira ntfs-3g[1767]: Version 2011.4.12 external FUSE 27\nSep  3 04:41:28 kamira ntfs-3g[1767]: Mounted /dev/da0s1 (Read-Write, label \"FreeAgent GoFlex Drive\", NTFS 3.1)\nSep  3 04:41:28 kamira ntfs-3g[1767]: Cmdline options: \nSep  3 04:41:28 kamira ntfs-3g[1767]: Mount options: allow_other,nonempty,atime,fsname=/dev/da0s1\nSep  3 04:41:28 kamira ntfs-3g[1767]: Ownership and permissions disabled, configuration type 1\n\nHow-To-Repeat: reader in usb port with sdhc card seems to work 'most of the time' but for some reason caused machine reboot in one instance.\nthank you."
}