{
 "id": 586925,
 "bug_id": 152295,
 "attachment_id": 0,
 "creation_time": "2010-11-16T13:20:03Z",
 "creator": "zuborg@gmail.com",
 "text": "On 8.1-RELEASE (both custom and GENERIC kernels) after some period of quite high bandwidth (10-20 minutes of 600-800Mbit/s) bge0 device fail to receive any incoming packets.\n\nAfter such fail 'tcpdump' show no incoming traffic, ssh still provide some amount of outgoing data (like 'top' or 'nload' output), but keypresses don't reach the server and tcp session drops after timeout.\n\nThese two commands restore working state\n# ifconfig bge0 down\n# ifconfig bge0 up\n\nWithout 'polling' driver hangs up very quicky, in 1-2 minutes. Active 'polling' can provide 10-20 minutes of networking.\n\nBandwidth is produced by 'nginx' webserver. Various configurations were tested, like 'aio sendfile' feature, or pure read/write operations without 'sendfile on' - in all cases bge fails.\n\nKernel is compiled with ZERO_COPY_SOCKETS option, but GENERIC kernel fails too.\n\n7.3-RELEASE works fine under same high load.\n\n# dmesg\nFreeBSD 8.1-RELEASE-p1 #0: Mon Oct 18 11:31:13 UTC 2010\n    root@DS1728:/usr/obj/usr/src/sys/Z-AMD64 amd64\nTimecounter \"i8254\" frequency 1193182 Hz quality 0\nCPU: Intel(R) Xeon(R) CPU           X3430  @ 2.40GHz (2394.00-MHz K8-class CPU)\n  Origin = \"GenuineIntel\"  Id = 0x106e5  Family = 6  Model = 1e  Stepping = 5\n  Features=0xbfebfbff\u003cFPU,VME,DE,PSE,TSC,MSR,PAE,MCE,CX8,APIC,SEP,MTRR,PGE,MCA,CMOV,PAT,PSE36,CLFLUSH,DTS,ACPI,MMX,FXSR,SSE,SSE2,SS,HTT,TM,PBE\u003e\n  Features2=0x98e3fd\u003cSSE3,DTES64,MON,DS_CPL,VMX,SMX,EST,TM2,SSSE3,CX16,xTPR,PDCM,SSE4.1,SSE4.2,POPCNT\u003e\n  AMD Features=0x28100800\u003cSYSCALL,NX,RDTSCP,LM\u003e\n  AMD Features2=0x1\u003cLAHF\u003e\n  TSC: P-state invariant\nreal memory  = 17179869184 (16384 MB)\navail memory = 16546603008 (15780 MB)\nACPI APIC Table: \u003cHP     ProLiant\u003e\nFreeBSD/SMP: Multiprocessor System Detected: 4 CPUs\nFreeBSD/SMP: 1 package(s) x 4 core(s)\n cpu0 (BSP): APIC ID:  0\n cpu1 (AP): APIC ID:  2\n cpu2 (AP): APIC ID:  4\n cpu3 (AP): APIC ID:  6\nioapic0 \u003cVersion 2.0\u003e irqs 0-23 on motherboard\nnetisr_init: forcing maxthreads to 1 and bindthreads to 0 for device polling\nkbd1 at kbdmux0\nacpi0: \u003cHP ProLiant\u003e on motherboard\nacpi0: [ITHREAD]\nacpi0: Power Button (fixed)\nTimecounter \"ACPI-fast\" frequency 3579545 Hz quality 1000\nacpi_timer0: \u003c24-bit timer at 3.579545MHz\u003e port 0x1008-0x100b on acpi0\ncpu0: \u003cACPI CPU\u003e on acpi0\ncpu1: \u003cACPI CPU\u003e on acpi0\ncpu2: \u003cACPI CPU\u003e on acpi0\ncpu3: \u003cACPI CPU\u003e on acpi0\nacpi_hpet0: \u003cHigh Precision Event Timer\u003e iomem 0xfed00000-0xfed003ff on acpi0\nTimecounter \"HPET\" frequency 14318180 Hz quality 900\npcib0: \u003cACPI Host-PCI bridge\u003e port 0xcf8-0xcff on acpi0\npci0: \u003cACPI PCI bus\u003e on pcib0\npcib1: \u003cACPI PCI-PCI bridge\u003e irq 16 at device 3.0 on pci0\npci1: \u003cACPI PCI bus\u003e on pcib1\npci0: \u003cbase peripheral\u003e at device 8.0 (no driver attached)\npci0: \u003cbase peripheral\u003e at device 8.1 (no driver attached)\npci0: \u003cbase peripheral\u003e at device 8.2 (no driver attached)\npci0: \u003cbase peripheral\u003e at device 8.3 (no driver attached)\npci0: \u003cbase peripheral\u003e at device 16.0 (no driver attached)\npci0: \u003cbase peripheral\u003e at device 16.1 (no driver attached)\nehci0: \u003cIntel PCH USB 2.0 controller USB-B\u003e mem 0xdfd02000-0xdfd023ff irq 16 at device 26.0 on pci0\nehci0: [ITHREAD]\nusbus0: EHCI version 1.0\nusbus0: \u003cIntel PCH USB 2.0 controller USB-B\u003e on ehci0\npcib2: \u003cACPI PCI-PCI bridge\u003e irq 17 at device 28.0 on pci0\npci16: \u003cACPI PCI bus\u003e on pcib2\npcib3: \u003cACPI PCI-PCI bridge\u003e irq 17 at device 28.4 on pci0\npci32: \u003cACPI PCI bus\u003e on pcib3\nbge0: \u003cHP NC107i PCIe Gigabit Server Adapter, ASIC rev. 0x5784100\u003e mem 0xdf900000-0xdf90ffff irq 16 at device 0.0 on pci32\nmiibus0: \u003cMII bus\u003e on bge0\nbrgphy0: \u003cBCM5784 10/100/1000baseTX PHY\u003e PHY 1 on miibus0\nbrgphy0:  10baseT, 10baseT-FDX, 100baseTX, 100baseTX-FDX, 1000baseT, 1000baseT-FDX, auto\nbge0: Ethernet address: d4:85:64:38:ff:70\nbge0: [FILTER]\npcib4: \u003cACPI PCI-PCI bridge\u003e irq 16 at device 28.5 on pci0\npci34: \u003cACPI PCI bus\u003e on pcib4\nbge1: \u003cHP NC107i PCIe Gigabit Server Adapter, ASIC rev. 0x5784100\u003e mem 0xdfa00000-0xdfa0ffff irq 17 at device 0.0 on pci34\nmiibus1: \u003cMII bus\u003e on bge1\nbrgphy1: \u003cBCM5784 10/100/1000baseTX PHY\u003e PHY 1 on miibus1\nbrgphy1:  10baseT, 10baseT-FDX, 100baseTX, 100baseTX-FDX, 1000baseT, 1000baseT-FDX, auto\nbge1: Ethernet address: d4:85:64:38:ff:71\nbge1: [FILTER]\npcib5: \u003cACPI PCI-PCI bridge\u003e irq 18 at device 28.6 on pci0\npci36: \u003cACPI PCI bus\u003e on pcib5\nvgapci0: \u003cVGA-compatible display\u003e mem 0xde000000-0xdeffffff,0xdf800000-0xdf803fff,0xdf000000-0xdf7fffff irq 18 at device 0.0 on pci36\npcib6: \u003cACPI PCI-PCI bridge\u003e irq 19 at device 28.7 on pci0\npci38: \u003cACPI PCI bus\u003e on pcib6\nehci1: \u003cIntel PCH USB 2.0 controller USB-A\u003e mem 0xdfd02400-0xdfd027ff irq 23 at device 29.0 on pci0\nehci1: [ITHREAD]\nusbus1: EHCI version 1.0\nusbus1: \u003cIntel PCH USB 2.0 controller USB-A\u003e on ehci1\npcib7: \u003cPCI-PCI bridge\u003e at device 30.0 on pci0\npci48: \u003cPCI bus\u003e on pcib7\nisab0: \u003cPCI-ISA bridge\u003e at device 31.0 on pci0\nisa0: \u003cISA bus\u003e on isab0\natapci0: \u003cIntel PCH SATA300 controller\u003e port 0x1830-0x1837,0x1824-0x1827,0x1828-0x182f,0x1820-0x1823,0x1800-0x181f mem 0xdfd01000-0xdfd017ff irq 18 at device 31.2 on pci0\natapci0: [ITHREAD]\natapci0: AHCI called from vendor specific driver\natapci0: AHCI v1.30 controller with 6 3Gbps ports, PM supported\nata2: \u003cATA channel 0\u003e on atapci0\nata2: [ITHREAD]\nata3: \u003cATA channel 1\u003e on atapci0\nata3: [ITHREAD]\nata4: \u003cATA channel 2\u003e on atapci0\nata4: [ITHREAD]\nata5: \u003cATA channel 3\u003e on atapci0\nata5: [ITHREAD]\nata6: \u003cATA channel 4\u003e on atapci0\nata6: [ITHREAD]\nata7: \u003cATA channel 5\u003e on atapci0\nata7: [ITHREAD]\nichsmb0: \u003cIntel PCH SMBus controller\u003e port 0x1840-0x185f mem 0xdfd02800-0xdfd028ff irq 18 at device 31.3 on pci0\nichsmb0: [ITHREAD]\nsmbus0: \u003cSystem Management Bus\u003e on ichsmb0\nsmb0: \u003cSMBus generic I/O\u003e on smbus0\nacpi_button0: \u003cPower Button\u003e on acpi0\natrtc0: \u003cAT realtime clock\u003e port 0x70-0x71 on acpi0\norm0: \u003cISA Option ROMs\u003e at iomem 0xc0000-0xc7fff,0xca000-0xcafff,0xdf000-0xdffff on isa0\natkbd: unable to set the command byte.\nsc0: \u003cSystem console\u003e at flags 0x100 on isa0\nsc0: VGA \u003c16 virtual consoles, flags=0x300\u003e\nvga0: \u003cGeneric ISA VGA\u003e at port 0x3c0-0x3df iomem 0xa0000-0xbffff on isa0\natkbdc0: \u003cKeyboard controller (i8042)\u003e at port 0x60,0x64 on isa0\natkbd0: \u003cAT Keyboard\u003e irq 1 on atkbdc0\nkbd0 at atkbd0\natkbd0: [GIANT-LOCKED]\natkbd0: [ITHREAD]\npsm0: unable to set the command byte.\ncoretemp0: \u003cCPU On-Die Thermal Sensors\u003e on cpu0\ncoretemp1: \u003cCPU On-Die Thermal Sensors\u003e on cpu1\ncoretemp2: \u003cCPU On-Die Thermal Sensors\u003e on cpu2\ncoretemp3: \u003cCPU On-Die Thermal Sensors\u003e on cpu3\nTimecounter \"TSC\" frequency 2393999100 Hz quality 800\nTimecounters tick every 0.976 msec\nipfw2 initialized, divert loadable, nat loadable, rule-based forwarding disabled, default to accept, logging disabled\nusbus0: 480Mbps High Speed USB v2.0\nusbus1: 480Mbps High Speed USB v2.0\nad4: 953869MB \u003cWDC WD1002FBYS-18W8B1 03.00C10\u003e at ata2-master UDMA100 SATA 3Gb/s\nugen0.1: \u003cIntel\u003e at usbus0\nuhub0: \u003cIntel EHCI root HUB, class 9/0, rev 2.00/1.00, addr 1\u003e on usbus0\nugen1.1: \u003cIntel\u003e at usbus1\nuhub1: \u003cIntel EHCI root HUB, class 9/0, rev 2.00/1.00, addr 1\u003e on usbus1\nad6: 953869MB \u003cWDC WD1002FBYS-18W8B1 03.00C10\u003e at ata3-master UDMA100 SATA 3Gb/s\nGEOM: ad4s1: geometry does not match label (255h,63s != 16h,63s).\nGEOM: ad4s1: media size does not match label.\nad8: 953869MB \u003cWDC WD1002FBYS-18W8B1 03.00C10\u003e at ata4-master UDMA100 SATA 3Gb/s\nGEOM: ad4s2: geometry does not match label (255h,63s != 16h,63s).\nGEOM: ad4s2: media size does not match label.\nad10: 953869MB \u003cWDC WD1002FBYS-18W8B1 03.00C10\u003e at ata5-master UDMA100 SATA 3Gb/s\nSMP: AP CPU #2 Launched!\nSMP: AP CPU #1 Launched!\nSMP: AP CPU #3 Launched!\nGEOM: ad6s1: geometry does not match label (255h,63s != 16h,63s).\nGEOM: ad6s1: media size does not match label.\nGEOM: ad6s2: geometry does not match label (255h,63s != 16h,63s).\nGEOM: ad6s2: media size does not match label.\nGEOM: ad8s1: geometry does not match label (255h,63s != 16h,63s).\nGEOM: ad8s1: media size does not match label.\nGEOM_MIRROR: Device mirror/gm0 launched (3/3).\nGEOM: ad8s2: geometry does not match label (255h,63s != 16h,63s).\nGEOM: ad8s2: media size does not match label.\nGEOM: ad10s1: geometry does not match label (255h,63s != 16h,63s).\nGEOM: ad10s1: media size does not match label.\nGEOM_MIRROR: Device mirror/gm2 launched (1/1).\nGEOM: ad10s2: geometry does not match label (255h,63s != 16h,63s).\nGEOM: ad10s2: media size does not match label.\nGEOM_MIRROR: Device mirror/gm1 launched (4/4).\nRoot mount waiting for: usbus1 usbus0\nuhub0: 2 ports with 2 removable, self powered\nuhub1: 2 ports with 2 removable, self powered\nRoot mount waiting for: usbus1 usbus0\nugen0.2: \u003cvendor 0x8087\u003e at usbus0\nuhub2: \u003cvendor 0x8087 product 0x0020, class 9/0, rev 2.00/0.00, addr 2\u003e on usbus0\nugen1.2: \u003cvendor 0x8087\u003e at usbus1\nuhub3: \u003cvendor 0x8087 product 0x0020, class 9/0, rev 2.00/0.00, addr 2\u003e on usbus1\nRoot mount waiting for: usbus1 usbus0\nuhub2: 6 ports with 6 removable, self powered\nuhub3: 8 ports with 8 removable, self powered\nugen1.3: \u003cServerEngines\u003e at usbus1\nukbd0: \u003cServerEngines SE USB Device, class 0/0, rev 1.10/0.01, addr 3\u003e on usbus1\nkbd2 at ukbd0\nTrying to mount root from ufs:/dev/mirror/gm2a\n\n# pciconf -lv\nhostb0@pci0:0:0:0:      class=0x060000 card=0x3318103c chip=0xd1308086 rev=0x11 hdr=0x00\n    vendor     = 'Intel Corporation'\n    class      = bridge\n    subclass   = HOST-PCI\npcib1@pci0:0:3:0:       class=0x060400 card=0x3318103c chip=0xd1388086 rev=0x11 hdr=0x01\n    vendor     = 'Intel Corporation'\n    class      = bridge\n    subclass   = PCI-PCI\nnone0@pci0:0:8:0:       class=0x088000 card=0x00000000 chip=0xd1558086 rev=0x11 hdr=0x00\n    vendor     = 'Intel Corporation'\n    class      = base peripheral\nnone1@pci0:0:8:1:       class=0x088000 card=0x00000000 chip=0xd1568086 rev=0x11 hdr=0x00\n    vendor     = 'Intel Corporation'\n    class      = base peripheral\nnone2@pci0:0:8:2:       class=0x088000 card=0x00000000 chip=0xd1578086 rev=0x11 hdr=0x00\n    vendor     = 'Intel Corporation'\n    class      = base peripheral\nnone3@pci0:0:8:3:       class=0x088000 card=0x00000000 chip=0xd1588086 rev=0x11 hdr=0x00\n    vendor     = 'Intel Corporation'\n    class      = base peripheral\nnone4@pci0:0:16:0:      class=0x088000 card=0x00000000 chip=0xd1508086 rev=0x11 hdr=0x00\n    vendor     = 'Intel Corporation'\n    class      = base peripheral\nnone5@pci0:0:16:1:      class=0x088000 card=0x00000000 chip=0xd1518086 rev=0x11 hdr=0x00\n    vendor     = 'Intel Corporation'\n    class      = base peripheral\nehci0@pci0:0:26:0:      class=0x0c0320 card=0x3118103c chip=0x3b3c8086 rev=0x05 hdr=0x00\n    vendor     = 'Intel Corporation'\n    class      = serial bus\n    subclass   = USB\npcib2@pci0:0:28:0:      class=0x060400 card=0x3318103c chip=0x3b428086 rev=0x05 hdr=0x01\n    vendor     = 'Intel Corporation'\n    class      = bridge\n    subclass   = PCI-PCI\npcib3@pci0:0:28:4:      class=0x060400 card=0x3318103c chip=0x3b4a8086 rev=0x05 hdr=0x01\n    vendor     = 'Intel Corporation'\n    class      = bridge\n    subclass   = PCI-PCI\npcib4@pci0:0:28:5:      class=0x060400 card=0x3318103c chip=0x3b4c8086 rev=0x05 hdr=0x01\n    vendor     = 'Intel Corporation'\n    class      = bridge\n    subclass   = PCI-PCI\npcib5@pci0:0:28:6:      class=0x060400 card=0x3318103c chip=0x3b4e8086 rev=0x05 hdr=0x01\n    vendor     = 'Intel Corporation'\n    class      = bridge\n    subclass   = PCI-PCI\npcib6@pci0:0:28:7:      class=0x060400 card=0x3318103c chip=0x3b508086 rev=0x05 hdr=0x01\n    vendor     = 'Intel Corporation'\n    class      = bridge\n    subclass   = PCI-PCI\nehci1@pci0:0:29:0:      class=0x0c0320 card=0x3118103c chip=0x3b348086 rev=0x05 hdr=0x00\n    vendor     = 'Intel Corporation'\n    class      = serial bus\n    subclass   = USB\npcib7@pci0:0:30:0:      class=0x060401 card=0x3318103c chip=0x244e8086 rev=0xa5 hdr=0x01\n    vendor     = 'Intel Corporation'\n    device     = '82801 Family (ICH2/3/4/5/6/7/8/9,63xxESB) Hub Interface to PCI Bridge'\n    class      = bridge\n    subclass   = PCI-PCI\nisab0@pci0:0:31:0:      class=0x060100 card=0x3118103c chip=0x3b148086 rev=0x05 hdr=0x00\n    vendor     = 'Intel Corporation'\n    class      = bridge\n    subclass   = PCI-ISA\natapci0@pci0:0:31:2:    class=0x010601 card=0x3118103c chip=0x3b228086 rev=0x05 hdr=0x00\n    vendor     = 'Intel Corporation'\n    device     = 'IBEX AHCI Controller(6Port)'\n    class      = mass storage\n    subclass   = SATA\nichsmb0@pci0:0:31:3:    class=0x0c0500 card=0x3318103c chip=0x3b308086 rev=0x05 hdr=0x00\n    vendor     = 'Intel Corporation'\n    class      = serial bus\n    subclass   = SMBus\nbge0@pci0:32:0:0:       class=0x020000 card=0x705d103c chip=0x165b14e4 rev=0x10 hdr=0x00\n    vendor     = 'Broadcom Corporation'\n    class      = network\n    subclass   = ethernet\nbge1@pci0:34:0:0:       class=0x020000 card=0x705d103c chip=0x165b14e4 rev=0x10 hdr=0x00\n    vendor     = 'Broadcom Corporation'\n    class      = network\n    subclass   = ethernet\nvgapci0@pci0:36:0:0:    class=0x030000 card=0x31fa103c chip=0x0522102b rev=0x02 hdr=0x00\n    vendor     = 'Matrox Electronic Systems Ltd.'\n    device     = 'Matrox G200e (ServerEngines) - English (G200e)'\n    class      = display\n    subclass   = VGA\n\nServer model: ProLiant DL120 G6"
}