{
 "id": 586932,
 "bug_id": 152295,
 "attachment_id": 0,
 "creation_time": "2010-11-24T20:38:57Z",
 "creator": "L@ust.dk",
 "text": "We are seing the exact same issue on our IBM Blade servers, the\nupgrade to 8.2-PRE\ndid however seem to do the trick on our dell R300 servers\n(which does not have the 5704 chipset)\n\nfirst the IBM server:\ninterrupt                          total       rate\nirq77: bge0                     27595847       2669\nirq24: mpt0                        41895          4\nirq16: uhci0                        7888          0\ncpu0: timer                     20669838       1999\ncpu1: timer                     20655221       1997\ncpu3: timer                     20655339       1998\ncpu2: timer                     20654616       1997\nTotal                          110280644      10667\n---\n\nCopyright (c) 1992-2010 The FreeBSD Project.\nCopyright (c) 1979, 1980, 1983, 1986, 1988, 1989, 1991, 1992, 1993, 1994\n        The Regents of the University of California. All rights reserved.\nFreeBSD is a registered trademark of The FreeBSD Foundation.\nFreeBSD 8.2-PRERELEASE #0: Tue Nov 23 03:04:19 CET 2010\n    root@dns1-albx.telenor.dk:/usr/obj/usr/src/sys/GENERIC amd64\nTimecounter \"i8254\" frequency 1193182 Hz quality 0\nCPU: Intel(R) Xeon(TM) CPU 3.00GHz (3000.12-MHz K8-class CPU)\n  Origin = \"GenuineIntel\"  Id = 0xf4a  Family = f  Model = 4  Stepping = 10\n  Features=0xbfebfbff\u003cFPU,VME,DE,PSE,TSC,MSR,PAE,MCE,CX8,APIC,SEP,MTRR,PGE,MCA,CMOV,PAT,PSE36,CLFLUSH,DTS,ACPI,MMX,FXSR,SSE,SSE2,SS,HTT,TM,PBE\u003e\n  Features2=0x649d\u003cSSE3,DTES64,MON,DS_CPL,EST,CNXT-ID,CX16,xTPR\u003e\n  AMD Features=0x20000800\u003cSYSCALL,LM\u003e\n  AMD Features2=0x1\u003cLAHF\u003e\n  TSC: P-state invariant\nreal memory  = 1073741824 (1024 MB)\navail memory = 1017008128 (969 MB)\nACPI APIC Table: \u003cIBM    SERBLADE\u003e\nFreeBSD/SMP: Multiprocessor System Detected: 4 CPUs\nFreeBSD/SMP: 2 package(s) x 1 core(s) x 2 HTT threads\n cpu0 (BSP): APIC ID:  0\n cpu1 (AP/HT): APIC ID:  1\n cpu2 (AP): APIC ID:  6\n cpu3 (AP/HT): APIC ID:  7\nACPI Warning: Invalid length for Pm1aControlBlock: 32, using default\n16 (20101013/tbfadt-707)\nioapic3 \u003cVersion 2.0\u003e irqs 72-95 on motherboard\nioapic2 \u003cVersion 2.0\u003e irqs 48-71 on motherboard\nioapic1 \u003cVersion 2.0\u003e irqs 24-47 on motherboard\nioapic0 \u003cVersion 2.0\u003e irqs 0-23 on motherboard\nkbd1 at kbdmux0\nacpi0: \u003cIBM SERBLADE\u003e on motherboard\nacpi0: [ITHREAD]\nacpi0: Power Button (fixed)\nTimecounter \"ACPI-fast\" frequency 3579545 Hz quality 1000\nacpi_timer0: \u003c24-bit timer at 3.579545MHz\u003e port 0x588-0x58b on acpi0\ncpu0: \u003cACPI CPU\u003e on acpi0\ncpu1: \u003cACPI CPU\u003e on acpi0\ncpu2: \u003cACPI CPU\u003e on acpi0\ncpu3: \u003cACPI CPU\u003e on acpi0\npcib0: \u003cACPI Host-PCI bridge\u003e on acpi0\npci0: \u003cACPI PCI bus\u003e on pcib0\npci0: \u003cunknown\u003e at device 0.1 (no driver attached)\npcib1: \u003cACPI PCI-PCI bridge\u003e at device 3.0 on pci0\npci4: \u003cACPI PCI bus\u003e on pcib1\npcib2: \u003cACPI PCI-PCI bridge\u003e at device 0.0 on pci4\npci6: \u003cACPI PCI bus\u003e on pcib2\npcib3: \u003cACPI PCI-PCI bridge\u003e at device 0.2 on pci4\npci5: \u003cACPI PCI bus\u003e on pcib3\nbge0: \u003cBroadcom NetXtreme Gigabit Ethernet Controller, ASIC rev.\n0x002100\u003e mem 0xdcff0000-0xdcffffff irq 77 at device 1.0 on pci5\nbge0: CHIP ID 0x00002100; ASIC REV 0x02; CHIP REV 0x21; PCI-X\nbge0: Ethernet address: 00:14:5e:be:16:c0\nbge0: [ITHREAD]\nbge1: \u003cBroadcom NetXtreme Gigabit Ethernet Controller, ASIC rev.\n0x002100\u003e mem 0xdcfe0000-0xdcfeffff irq 78 at device 1.1 on pci5\nbge1: CHIP ID 0x00002100; ASIC REV 0x02; CHIP REV 0x21; PCI-X\nbge1: Ethernet address: 00:14:5e:be:16:c1\nbge1: [ITHREAD]\npci0: \u003cbase peripheral\u003e at device 8.0 (no driver attached)\npcib4: \u003cACPI PCI-PCI bridge\u003e at device 28.0 on pci0\npci2: \u003cACPI PCI bus\u003e on pcib4\nmpt0: \u003cLSILogic 1030 Ultra4 Adapter\u003e port 0x4000-0x40ff mem\n0xdeff0000-0xdeffffff,0xdefe0000-0xdefeffff irq 24 at device 1.0 on\npci2\nmpt0: [ITHREAD]\nmpt0: MPI Version=1.2.15.0\nmpt0: Capabilities: ( RAID-1E RAID-1 SAFTE )\nmpt0: 1 Active Volume (1 Max)\nmpt0: 2 Hidden Drive Members (6 Max)\nuhci0: \u003cUHCI (generic) USB controller\u003e port 0x2200-0x221f irq 16 at\ndevice 29.0 on pci0\nuhci0: [ITHREAD]\nusbus0: \u003cUHCI (generic) USB controller\u003e on uhci0\nuhci1: \u003cUHCI (generic) USB controller\u003e port 0x2600-0x261f irq 19 at\ndevice 29.1 on pci0\nuhci1: [ITHREAD]\nusbus1: \u003cUHCI (generic) USB controller\u003e on uhci1\npci0: \u003cbase peripheral\u003e at device 29.4 (no driver attached)\npcib5: \u003cACPI PCI-PCI bridge\u003e at device 30.0 on pci0\npci1: \u003cACPI PCI bus\u003e on pcib5\nvgapci0: \u003cVGA-compatible display\u003e port 0x3000-0x30ff mem\n0xf0000000-0xf7ffffff,0xf8000000-0xf800ffff irq 20 at device 1.0 on\npci1\nisab0: \u003cPCI-ISA bridge\u003e at device 31.0 on pci0\nisa0: \u003cISA bus\u003e on isab0\natapci0: \u003cIntel 6300ESB UDMA100 controller\u003e port\n0x1f0-0x1f7,0x3f6,0x170-0x177,0x376 at device 31.1 on pci0\nata0: \u003cATA channel 0\u003e on atapci0\nata0: [ITHREAD]\nata1: \u003cATA channel 1\u003e on atapci0\nata1: [ITHREAD]\npci0: \u003cserial bus, SMBus\u003e at device 31.3 (no driver attached)\nuart0: \u003cNon-standard ns8250 class UART with FIFOs\u003e port 0x3f8-0x3ff\nirq 4 flags 0x10 on acpi0\nuart0: [FILTER]\nuart0: console (9600,n,8,1)\natrtc0: \u003cAT realtime clock\u003e port 0x70-0x73 irq 8 on acpi0\norm0: \u003cISA Option ROM\u003e at iomem 0xc0000-0xc8fff on isa0\nsc0: \u003cSystem console\u003e at flags 0x100 on isa0\nsc0: VGA \u003c16 virtual consoles, flags=0x300\u003e\nvga0: \u003cGeneric ISA VGA\u003e at port 0x3c0-0x3df iomem 0xa0000-0xbffff on isa0\natkbdc0: \u003cKeyboard controller (i8042)\u003e at port 0x60,0x64 on isa0\natkbd0: \u003cAT Keyboard\u003e irq 1 on atkbdc0\nkbd0 at atkbd0\natkbd0: [GIANT-LOCKED]\natkbd0: [ITHREAD]\npsm0: unable to set the command byte.\nppc0: cannot reserve I/O port range\nest0: \u003cEnhanced SpeedStep Frequency Control\u003e on cpu0\nest: CPU supports Enhanced Speedstep, but is not recognized.\nest: cpu_vendor GenuineIntel, msr f1c00000f1c\ndevice_attach: est0 attach returned 6\np4tcc0: \u003cCPU Frequency Thermal Control\u003e on cpu0\nest1: \u003cEnhanced SpeedStep Frequency Control\u003e on cpu1\nest: CPU supports Enhanced Speedstep, but is not recognized.\nest: cpu_vendor GenuineIntel, msr f1c00000f1c\ndevice_attach: est1 attach returned 6\np4tcc1: \u003cCPU Frequency Thermal Control\u003e on cpu1\nest2: \u003cEnhanced SpeedStep Frequency Control\u003e on cpu2\nest: CPU supports Enhanced Speedstep, but is not recognized.\nest: cpu_vendor GenuineIntel, msr f1c00000f1c\ndevice_attach: est2 attach returned 6\np4tcc2: \u003cCPU Frequency Thermal Control\u003e on cpu2\nest3: \u003cEnhanced SpeedStep Frequency Control\u003e on cpu3\nest: CPU supports Enhanced Speedstep, but is not recognized.\nest: cpu_vendor GenuineIntel, msr f1c00000f1c\ndevice_attach: est3 attach returned 6\np4tcc3: \u003cCPU Frequency Thermal Control\u003e on cpu3\nTimecounters tick every 1.000 msec\nusbus0: 12Mbps Full Speed USB v1.0\nusbus1: 12Mbps Full Speed USB v1.0\nugen0.1: \u003cIntel\u003e at usbus0\nuhub0: \u003cIntel UHCI root HUB, class 9/0, rev 1.00/1.00, addr 1\u003e on usbus0\nugen1.1: \u003cIntel\u003e at usbus1\nuhub1: \u003cIntel UHCI root HUB, class 9/0, rev 1.00/1.00, addr 1\u003e on usbus1\nuhub0: 2 ports with 2 removable, self powered\nuhub1: 2 ports with 2 removable, self powered\nmpt0:vol0(mpt0:0:0): Settings ( Hot-Plug-Spares )\nmpt0:vol0(mpt0:0:0): Using Spare Pool: 0\nmpt0:vol0(mpt0:0:0): 2 Members:\n      (mpt0:1:0:0): Primary Online\n      (mpt0:1:0:0): Secondary Online\nmpt0:vol0(mpt0:0:0): RAID-1 - Degraded\nmpt0:vol0(mpt0:0:0): Status ( Enabled )\n(mpt0:vol0:0): Physical (mpt0:0:0:0), Pass-thru (mpt0:1:0:0)\n(mpt0:vol0:0): Online\nugen0.2: \u003cvendor 0x04b4\u003e at usbus0\nuhub2: \u003cvendor 0x04b4 product 0x6560, class 9/0, rev 2.00/0.07, addr\n2\u003e on usbus0\nuhub2: 3 ports with 3 removable, self powered\nugen0.3: \u003cIBM Corpation-xSeries\u003e at usbus0\numass0: \u003cIBM Corpation-xSeries USB2.0 Storage Device, class 0/0, rev\n2.00/0.01, addr 3\u003e on usbus0\numass0:  SCSI over Bulk-Only; quirks = 0x4100\numass0:2:0:-1: Attached to scbus2\n(probe2:umass-sim0:0:0:0): TEST UNIT READY. CDB: 0 0 0 0 0 0\n(probe2:umass-sim0:0:0:0): CAM status: SCSI Status Error\n(probe2:umass-sim0:0:0:0): SCSI status: Check Condition\n(probe2:umass-sim0:0:0:0): SCSI sense: UNIT ATTENTION asc:29,0 (Power\non, reset, or bus device reset occurred)\n(probe2:umass-sim0:0:0:0): TEST UNIT READY. CDB: 0 0 0 0 0 0\n(probe2:umass-sim0:0:0:0): CAM status: SCSI Status Error\n(probe2:umass-sim0:0:0:0): SCSI status: Check Condition\n(probe2:umass-sim0:0:0:0): SCSI sense: NOT READY asc:3a,1 (Medium not\npresent - tray closed)\nugen0.4: \u003cIBM\u003e at usbus0\nukbd0: \u003cHID KB\u003e on usbus0\nkbd2 at ukbd0\nums0: \u003cHID MS\u003e on usbus0\nums0: 3 buttons and [XYZ] coordinates ID=0\npass1 at mpt0 bus 1 scbus1 target 0 lun 0\npass1: \u003cIBM-ESXS ST973401LC    FN B41D\u003e Fixed Uninstalled SCSI-4 device\npass1: 320.000MB/s transfers (160.000MHz, offset 63, 16bit)\npass1: Command Queueing enabled\nda0 at mpt0 bus 0 scbus0 target 0 lun 0\nda0: \u003cLSILOGIC 1030 IM       IM 1000\u003e Fixed Direct Access SCSI-2 device\nda0: 320.000MB/s transfers (160.000MHz, offset 63, 16bit)\nda0: Command Queueing enabled\nda0: 69878MB (143110144 512 byte sectors: 255H 63S/T 8908C)\nSMP: AP CPU #1 Launched!cd0 at umass-sim0 bus 0 scbus2 target 0 lun 0\nSMP: AP CPU #3 Launched!\ncd0:\nSMP: AP CPU #2 Launched!\u003cMATSHITA UJDA770 DVD/CDRW 1.20\u003e Removable\nCD-ROM SCSI-0 device\n\ncd0: 1.000MB/s transfers\ncd0: Attempt to query device size failed: NOT READY, Medium not\npresent - tray closed\nTrying to mount root from ufs:/dev/da0s1a\nWARNING: / was not properly dismounted\nWARNING: /home was not properly dismounted\nWARNING: /tmp was not properly dismounted\nWARNING: /usr was not properly dismounted\nWARNING: /var was not properly dismounted\nipfw2 (+ipv6) initialized, divert loadable, nat loadable, rule-based\nforwarding disabled, default to deny, logging disabled\n\n---\nhostb0@pci0:0:0:0:      class=0x060000 card=0x02dd1014 chip=0x35908086\nrev=0x0c hdr=0x00\n    vendor     = 'Intel Corporation'\n    device     = 'E7520 Server Memory Controller Hub'\n    class      = bridge\n    subclass   = HOST-PCI\nnone0@pci0:0:0:1:       class=0xff0000 card=0x02dd1014 chip=0x35918086\nrev=0x0c hdr=0x00\n    vendor     = 'Intel Corporation'\n    device     = 'E752x Memory Controller Hub Error Reporting Registers'\npcib1@pci0:0:3:0:       class=0x060400 card=0x00000000 chip=0x35968086\nrev=0x0c hdr=0x01\n    vendor     = 'Intel Corporation'\n    device     = 'E752x Memory Controller Hub PCIe Port A1'\n    class      = bridge\n    subclass   = PCI-PCI\nnone1@pci0:0:8:0:       class=0x088000 card=0x02dd1014 chip=0x359b8086\nrev=0x0c hdr=0x00\n    vendor     = 'Intel Corporation'\n    device     = 'E752x Memory Controller Hub Extended Configuration Registers'\n    class      = base peripheral\npcib4@pci0:0:28:0:      class=0x060400 card=0x00000000 chip=0x25ae8086\nrev=0x02 hdr=0x01\n    vendor     = 'Intel Corporation'\n    device     = 'Hub Interface to PCI-X Bridge (6300ESB)'\n    class      = bridge\n    subclass   = PCI-PCI\nuhci0@pci0:0:29:0:      class=0x0c0300 card=0x02dd1014 chip=0x25a98086\nrev=0x02 hdr=0x00\n    vendor     = 'Intel Corporation'\n    device     = 'USB 1.1 UHCI Controller *1 (6300ESB)'\n    class      = serial bus\n    subclass   = USB\nuhci1@pci0:0:29:1:      class=0x0c0300 card=0x02dd1014 chip=0x25aa8086\nrev=0x02 hdr=0x00\n    vendor     = 'Intel Corporation'\n    device     = 'USB 1.1 UHCI Controller *2 (6300ESB)'\n    class      = serial bus\n    subclass   = USB\nnone2@pci0:0:29:4:      class=0x088000 card=0x02dd1014 chip=0x25ab8086\nrev=0x02 hdr=0x00\n    vendor     = 'Intel Corporation'\n    device     = 'Watchdog Timer (6300ESB)'\n    class      = base peripheral\nioapic0@pci0:0:29:5:    class=0x080020 card=0x02dd1014 chip=0x25ac8086\nrev=0x02 hdr=0x00\n    vendor     = 'Intel Corporation'\n    device     = '6300ESB I/O Advanced Programmable Interrupt Controller'\n    class      = base peripheral\n    subclass   = interrupt controller\npcib5@pci0:0:30:0:      class=0x060400 card=0x00000000 chip=0x244e8086\nrev=0x0a hdr=0x01\n    vendor     = 'Intel Corporation'\n    device     = '82801 Family (ICH2/3/4/5/6/7/8/9,63xxESB) Hub\nInterface to PCI Bridge'\n    class      = bridge\n    subclass   = PCI-PCI\nisab0@pci0:0:31:0:      class=0x060100 card=0x00000000 chip=0x25a18086\nrev=0x02 hdr=0x00\n    vendor     = 'Intel Corporation'\n    device     = '6300ESB LPC Inteface Controller'\n    class      = bridge\n    subclass   = PCI-ISA\natapci0@pci0:0:31:1:    class=0x01018a card=0x02dd1014 chip=0x25a28086\nrev=0x02 hdr=0x00\n    vendor     = 'Intel Corporation'\n    device     = 'IDE Controller (6300ESB)'\n    class      = mass storage\n    subclass   = ATA\nnone3@pci0:0:31:3:      class=0x0c0500 card=0x02dd1014 chip=0x25a48086\nrev=0x02 hdr=0x00\n    vendor     = 'Intel Corporation'\n    device     = 'SMBus Controller (6300ESB)'\n    class      = serial bus\n    subclass   = SMBus\npcib2@pci0:4:0:0:       class=0x060400 card=0x00000000 chip=0x03298086\nrev=0x09 hdr=0x01\n    vendor     = 'Intel Corporation'\n    device     = 'PCI Express-to-PCI Express Bridge A (6700PXH)'\n    class      = bridge\n    subclass   = PCI-PCI\npcib3@pci0:4:0:2:       class=0x060400 card=0x00000000 chip=0x032a8086\nrev=0x09 hdr=0x01\n    vendor     = 'Intel Corporation'\n    device     = 'PCI Express-to-PCI Express Bridge B (6700PXH)'\n    class      = bridge\n    subclass   = PCI-PCI\nbge0@pci0:5:1:0:        class=0x020000 card=0x02e81014 chip=0x16a814e4\nrev=0x10 hdr=0x00\n    vendor     = 'Broadcom Corporation'\n    device     = 'NetXtreme Gigabit Ethernet (BCM5704)'\n    class      = network\n    subclass   = ethernet\nbge1@pci0:5:1:1:        class=0x020000 card=0x02e81014 chip=0x16a814e4\nrev=0x10 hdr=0x00\n    vendor     = 'Broadcom Corporation'\n    device     = 'NetXtreme Gigabit Ethernet (BCM5704)'\n    class      = network\n    subclass   = ethernet\nmpt0@pci0:2:1:0:        class=0x010000 card=0x026d1014 chip=0x00301000\nrev=0x08 hdr=0x00\n    vendor     = 'LSI Logic (Was: Symbios Logic, NCR)'\n    device     = 'PCI-X to Ultra320 SCSI Controller (LSI53C1020/1030)'\n    class      = mass storage\n    subclass   = SCSI\nvgapci0@pci0:1:1:0:     class=0x030000 card=0x02c81014 chip=0x51591002\nrev=0x00 hdr=0x00\n    vendor     = 'ATI Technologies Inc. / Advanced Micro Devices, Inc.'\n    device     = 'Radeon 7000 / Radeon VE (RV100)'\n    class      = display\n    subclass   = VGA\n\nNow the Dell:\ninterrupt                          total       rate\nirq16: mpt0                       116393          0\nirq20: uhci1                        1158          0\nirq21: uhci0 uhci2+                70708          0\nirq23: atapci0                        35          0\ncpu0: timer                    282754852       1999\nirq256: bge0                    89773965        634\ncpu3: timer                    282535623       1998\ncpu1: timer                    282746350       1999\ncpu2: timer                    282534889       1998\nTotal                         1220533973       8632\n---\nCopyright (c) 1992-2010 The FreeBSD Project.\nCopyright (c) 1979, 1980, 1983, 1986, 1988, 1989, 1991, 1992, 1993, 1994\n        The Regents of the University of California. All rights reserved.\nFreeBSD is a registered trademark of The FreeBSD Foundation.\nFreeBSD 8.2-PRERELEASE #1: Tue Nov 23 05:51:42 CET 2010\n    root@dns1-oers.telenor.dk:/usr/obj/usr/src/sys/GENERIC amd64\nTimecounter \"i8254\" frequency 1193182 Hz quality 0\nCPU: Intel(R) Xeon(R) CPU           X3323  @ 2.50GHz (2500.01-MHz K8-class CPU)\n  Origin = \"GenuineIntel\"  Id = 0x10676  Family = 6  Model = 17  Stepping = 6\n  Features=0xbfebfbff\u003cFPU,VME,DE,PSE,TSC,MSR,PAE,MCE,CX8,APIC,SEP,MTRR,PGE,MCA,CMOV,PAT,PSE36,CLFLUSH,DTS,ACPI,MMX,FXSR,SSE,SSE2,SS,HTT,TM,PBE\u003e\n  Features2=0xce3bd\u003cSSE3,DTES64,MON,DS_CPL,VMX,EST,TM2,SSSE3,CX16,xTPR,PDCM,DCA,SSE4.1\u003e\n  AMD Features=0x20100800\u003cSYSCALL,NX,LM\u003e\n  AMD Features2=0x1\u003cLAHF\u003e\n  TSC: P-state invariant\nreal memory  = 4294967296 (4096 MB)\navail memory = 4095877120 (3906 MB)\nACPI APIC Table: \u003cDELL   PE_SC3  \u003e\nFreeBSD/SMP: Multiprocessor System Detected: 4 CPUs\nFreeBSD/SMP: 1 package(s) x 4 core(s)\n cpu0 (BSP): APIC ID:  0\n cpu1 (AP): APIC ID:  1\n cpu2 (AP): APIC ID:  2\n cpu3 (AP): APIC ID:  3\nioapic0: Changing APIC ID to 4\nioapic0 \u003cVersion 2.0\u003e irqs 0-23 on motherboard\nkbd1 at kbdmux0\nacpi0: \u003cDELL PE_SC3\u003e on motherboard\nacpi0: [ITHREAD]\nacpi0: Power Button (fixed)\nTimecounter \"ACPI-safe\" frequency 3579545 Hz quality 850\nacpi_timer0: \u003c24-bit timer at 3.579545MHz\u003e port 0x808-0x80b on acpi0\ncpu0: \u003cACPI CPU\u003e on acpi0\ncpu1: \u003cACPI CPU\u003e on acpi0\ncpu2: \u003cACPI CPU\u003e on acpi0\ncpu3: \u003cACPI CPU\u003e on acpi0\npcib0: \u003cACPI Host-PCI bridge\u003e port 0xcf8-0xcff on acpi0\npci0: \u003cACPI PCI bus\u003e on pcib0\npcib1: \u003cPCI-PCI bridge\u003e at device 2.0 on pci0\npci3: \u003cPCI bus\u003e on pcib1\npcib2: \u003cPCI-PCI bridge\u003e at device 3.0 on pci0\npci4: \u003cPCI bus\u003e on pcib2\npcib3: \u003cACPI PCI-PCI bridge\u003e at device 4.0 on pci0\npci5: \u003cACPI PCI bus\u003e on pcib3\nmpt0: \u003cLSILogic SAS/SATA Adapter\u003e port 0xec00-0xecff mem\n0xdfcec000-0xdfceffff,0xdfcf0000-0xdfcfffff irq 16 at device 0.0 on\npci5\nmpt0: [ITHREAD]\nmpt0: MPI Version=1.5.14.0\nmpt0: Capabilities: ( RAID-0 RAID-1E RAID-1 )\nmpt0: 1 Active Volume (2 Max)\nmpt0: 2 Hidden Drive Members (14 Max)\npcib4: \u003cPCI-PCI bridge\u003e at device 5.0 on pci0\npci6: \u003cPCI bus\u003e on pcib4\npcib5: \u003cACPI PCI-PCI bridge\u003e at device 6.0 on pci0\npci7: \u003cACPI PCI bus\u003e on pcib5\npcib6: \u003cACPI PCI-PCI bridge\u003e at device 7.0 on pci0\npci8: \u003cACPI PCI bus\u003e on pcib6\npcib7: \u003cPCI-PCI bridge\u003e irq 16 at device 28.0 on pci0\npci9: \u003cPCI bus\u003e on pcib7\npcib8: \u003cACPI PCI-PCI bridge\u003e irq 16 at device 28.4 on pci0\npci1: \u003cACPI PCI bus\u003e on pcib8\nbge0: \u003cBroadcom NetXtreme Gigabit Ethernet Controller, ASIC rev.\n0x00a200\u003e mem 0xdfdf0000-0xdfdfffff irq 16 at device 0.0 on pci1\nbge0: CHIP ID 0x0000a200; ASIC REV 0x0a; CHIP REV 0xa2; PCI-E\nmiibus0: \u003cMII bus\u003e on bge0\nbrgphy0: \u003cBCM5722 10/100/1000baseTX PHY\u003e PHY 1 on miibus0\nbrgphy0:  10baseT, 10baseT-FDX, 100baseTX, 100baseTX-FDX, 1000baseT,\n1000baseT-FDX, auto\nbge0: Ethernet address: 00:1e:c9:cd:da:92\nbge0: [FILTER]\npcib9: \u003cACPI PCI-PCI bridge\u003e irq 17 at device 28.5 on pci0\npci2: \u003cACPI PCI bus\u003e on pcib9\nbge1: \u003cBroadcom NetXtreme Gigabit Ethernet Controller, ASIC rev.\n0x00a200\u003e mem 0xdfef0000-0xdfefffff irq 17 at device 0.0 on pci2\nbge1: CHIP ID 0x0000a200; ASIC REV 0x0a; CHIP REV 0xa2; PCI-E\nmiibus1: \u003cMII bus\u003e on bge1\nbrgphy1: \u003cBCM5722 10/100/1000baseTX PHY\u003e PHY 1 on miibus1\nbrgphy1:  10baseT, 10baseT-FDX, 100baseTX, 100baseTX-FDX, 1000baseT,\n1000baseT-FDX, auto\nbge1: Ethernet address: 00:1e:c9:cd:da:93\nbge1: [FILTER]\nuhci0: \u003cIntel 82801I (ICH9) USB controller\u003e port 0xcc80-0xcc9f irq 21\nat device 29.0 on pci0\nuhci0: [ITHREAD]\nusbus0: \u003cIntel 82801I (ICH9) USB controller\u003e on uhci0\nuhci1: \u003cIntel 82801I (ICH9) USB controller\u003e port 0xcca0-0xccbf irq 20\nat device 29.1 on pci0\nuhci1: [ITHREAD]\nusbus1: \u003cIntel 82801I (ICH9) USB controller\u003e on uhci1\nuhci2: \u003cIntel 82801I (ICH9) USB controller\u003e port 0xccc0-0xccdf irq 21\nat device 29.2 on pci0\nuhci2: [ITHREAD]\nusbus2: \u003cIntel 82801I (ICH9) USB controller\u003e on uhci2\nehci0: \u003cIntel 82801I (ICH9) USB 2.0 controller\u003e mem\n0xdfaffc00-0xdfafffff irq 21 at device 29.7 on pci0\nehci0: [ITHREAD]\nusbus3: EHCI version 1.0\nusbus3: \u003cIntel 82801I (ICH9) USB 2.0 controller\u003e on ehci0\npcib10: \u003cACPI PCI-PCI bridge\u003e at device 30.0 on pci0\npci10: \u003cACPI PCI bus\u003e on pcib10\nvgapci0: \u003cVGA-compatible display\u003e port 0xdc00-0xdcff mem\n0xd0000000-0xd7ffffff,0xdfff0000-0xdfffffff irq 19 at device 7.0 on\npci10\nisab0: \u003cPCI-ISA bridge\u003e at device 31.0 on pci0\nisa0: \u003cISA bus\u003e on isab0\natapci0: \u003cIntel ICH9 SATA300 controller\u003e port\n0xcc20-0xcc27,0xcc10-0xcc13,0xcc28-0xcc2f,0xcc14-0xcc17,0xcc40-0xcc4f,0xcc50-0xcc5f\nirq 23 at device 31.2 on pci0\natapci0: [ITHREAD]\nata2: \u003cATA channel 0\u003e on atapci0\nata2: [ITHREAD]\nata3: \u003cATA channel 1\u003e on atapci0\nata3: [ITHREAD]\natapci1: \u003cIntel ICH9 SATA300 controller\u003e port\n0xcc30-0xcc37,0xcc18-0xcc1b,0xcc38-0xcc3f,0xcc1c-0xcc1f,0xcc60-0xcc6f,0xcc70-0xcc7f\nirq 22 at device 31.5 on pci0\natapci1: [ITHREAD]\nata4: \u003cATA channel 0\u003e on atapci1\nata4: [ITHREAD]\nata5: \u003cATA channel 1\u003e on atapci1\nata5: [ITHREAD]\nacpi_hpet0: \u003cHigh Precision Event Timer\u003e iomem 0xfed00000-0xfed003ff on acpi0\nTimecounter \"HPET\" frequency 14318180 Hz quality 900\natrtc0: \u003cAT realtime clock\u003e port 0x70-0x7f irq 8 on acpi0\nfdc0: \u003cfloppy drive controller\u003e port 0x3f0-0x3f5,0x3f7 irq 6 drq 2 on acpi0\nfdc0: does not respond\ndevice_attach: fdc0 attach returned 6\nuart0: \u003c16550 or compatible\u003e port 0x3f8-0x3ff irq 4 flags 0x10 on acpi0\nuart0: [FILTER]\nuart0: console (9600,n,8,1)\nuart1: \u003c16550 or compatible\u003e port 0x2f8-0x2ff irq 3 on acpi0\nuart1: [FILTER]\norm0: \u003cISA Option ROMs\u003e at iomem\n0xc0000-0xc8fff,0xc9000-0xc9fff,0xca000-0xcbfff,0xec000-0xeffff on\nisa0\nsc0: \u003cSystem console\u003e at flags 0x100 on isa0\nsc0: VGA \u003c16 virtual consoles, flags=0x300\u003e\nvga0: \u003cGeneric ISA VGA\u003e at port 0x3c0-0x3df iomem 0xa0000-0xbffff on isa0\natkbdc0: \u003cKeyboard controller (i8042)\u003e at port 0x60,0x64 on isa0\natkbd0: \u003cAT Keyboard\u003e irq 1 on atkbdc0\nkbd0 at atkbd0\natkbd0: [GIANT-LOCKED]\natkbd0: [ITHREAD]\nppc0: cannot reserve I/O port range\nest0: \u003cEnhanced SpeedStep Frequency Control\u003e on cpu0\np4tcc0: \u003cCPU Frequency Thermal Control\u003e on cpu0\nest1: \u003cEnhanced SpeedStep Frequency Control\u003e on cpu1\np4tcc1: \u003cCPU Frequency Thermal Control\u003e on cpu1\nest2: \u003cEnhanced SpeedStep Frequency Control\u003e on cpu2\np4tcc2: \u003cCPU Frequency Thermal Control\u003e on cpu2\nest3: \u003cEnhanced SpeedStep Frequency Control\u003e on cpu3\np4tcc3: \u003cCPU Frequency Thermal Control\u003e on cpu3\nTimecounters tick every 1.000 msec\nusbus0: 12Mbps Full Speed USB v1.0\nusbus1: 12Mbps Full Speed USB v1.0\nusbus2: 12Mbps Full Speed USB v1.0\nusbus3: 480Mbps High Speed USB v2.0\nmpt0:vol0(mpt0:0:0): ugen0.1: \u003cIntel\u003e at usbus0\nuhub0: \u003cIntel UHCI root HUB, class 9/0, rev 1.00/1.00, addr 1\u003e on usbus0\nugen1.1: \u003cIntel\u003e at usbus1\nuhub1: \u003cIntel UHCI root HUB, class 9/0, rev 1.00/1.00, addr 1\u003e on usbus1\nugen2.1: \u003cIntel\u003e at usbus2\nuhub2: \u003cIntel UHCI root HUB, class 9/0, rev 1.00/1.00, addr 1\u003e on usbus2\nugen3.1: \u003cIntel\u003e at usbus3\nuhub3: \u003cIntel EHCI root HUB, class 9/0, rev 2.00/1.00, addr 1\u003e on usbus3\nSettings ( Member-WCE Hot-Plug-Spares High-Priority-ReSync )\nmpt0:vol0(mpt0:0:0): Using Spare Pool: 0\nmpt0:vol0(mpt0:0:0): 2 Members:\n      (mpt0:1:9:0): Primary Online\n      (mpt0:1:1:0): Secondary Online\nmpt0:vol0(mpt0:0:0): RAID-1 - Optimal\nmpt0:vol0(mpt0:0:0): Status ( Enabled )\n(mpt0:vol0:1): Physical (mpt0:0:1:0), Pass-thru (mpt0:1:0:0)\n(mpt0:vol0:1): Online\n(mpt0:vol0:0): Physical (mpt0:0:9:0), Pass-thru (mpt0:1:1:0)\n(mpt0:vol0:0): Online\nacd0: DVDROM \u003cTEAC DVD-ROM DV28SV/D.0E\u003e at ata2-slave UDMA100 SATA 1.5Gb/s\nuhub0: 2 ports with 2 removable, self powered\nuhub1: 2 ports with 2 removable, self powered\nuhub2: 2 ports with 2 removable, self powered\nuhub3: 6 ports with 6 removable, self powered\nugen3.2: \u003cvendor 0x04b4\u003e at usbus3\nuhub4: \u003cvendor 0x04b4 product 0x6560, class 9/0, rev 2.00/90.15, addr\n2\u003e on usbus3\nses0 at mpt0 bus 0 scbus0 target 8 lun 0\nses0: \u003cDP BACKPLANE 1.05\u003e Fixed Enclosure Services SCSI-5 device\nses0: 300.000MB/s transfers\nses0: SCSI-3 SES Device\npass2 at mpt0 bus 1 scbus1 target 0 lun 0\npass2: \u003cATA ST3250620NS 3BKS\u003e Fixed Uninstalled SCSI-5 device\npass2: 300.000MB/s transfers\npass2: Command Queueing enabled\nda0 at mpt0 bus 0 scbus0 target 0 lun 0\nda0: \u003cDell VIRTUAL DISK 1028\u003e Fixed Direct Access SCSI-5 device\nda0: 300.000MB/s transfersugen1.2: \u003cST Microelectronics\u003e at usbus1\n\nda0: Command Queueing enabled\nda0: 237464MB (486326272 512 byte sectors: 255H 63S/T 30272C)\nSMP: AP CPU #3 Launched!\nSMP: AP CPU #1 Launched!\nSMP: AP CPU #2 Launched!\nukbd0: \u003cUSB Keyboard\u003e on usbus1\nkbd2 at ukbd0\nums0: \u003cST Microelectronics P2-CIM-USB, class 0/0, rev 1.00/0.00, addr\n2\u003e on usbus1\nums0: error reading report description\ndevice_attach: ums0 attach returned 12\nums0: \u003cST Microelectronics P2-CIM-USB, class 0/0, rev 1.00/0.00, addr\n2\u003e on usbus1\nums0: error reading report description\ndevice_attach: ums0 attach returned 12\nuhub4: 2 ports with 2 removable, self powered\nTrying to mount root from ufs:/dev/da0s1a\nipfw2 (+ipv6) initialized, divert loadable, nat loadable, rule-based\nforwarding disabled, default to deny, logging disabled\nLimiting icmp unreach response from 220 to 200 packets/sec\n----\nhostb0@pci0:0:0:0:      class=0x060000 card=0x80868086 chip=0x65c08086\nrev=0x90 hdr=0x00\n    vendor     = 'Intel Corporation'\n    device     = '5100 Chipset Memory Controller Hub (??)'\n    class      = bridge\n    subclass   = HOST-PCI\npcib1@pci0:0:2:0:       class=0x060400 card=0x00000000 chip=0x65f78086\nrev=0x90 hdr=0x01\n    vendor     = 'Intel Corporation'\n    device     = '5100 Chipset PCIe x8 Port 2-3'\n    class      = bridge\n    subclass   = PCI-PCI\npcib2@pci0:0:3:0:       class=0x060400 card=0x00000000 chip=0x65e38086\nrev=0x90 hdr=0x01\n    vendor     = 'Intel Corporation'\n    device     = '5100 Chipset PCIe x4 Port 3'\n    class      = bridge\n    subclass   = PCI-PCI\npcib3@pci0:0:4:0:       class=0x060400 card=0x00000000 chip=0x65f88086\nrev=0x90 hdr=0x01\n    vendor     = 'Intel Corporation'\n    device     = '5100 Chipset PCIe x8 Port 4-5'\n    class      = bridge\n    subclass   = PCI-PCI\npcib4@pci0:0:5:0:       class=0x060400 card=0x00000000 chip=0x65e58086\nrev=0x90 hdr=0x01\n    vendor     = 'Intel Corporation'\n    device     = '5100 Chipset PCIe x4 Port 5'\n    class      = bridge\n    subclass   = PCI-PCI\npcib5@pci0:0:6:0:       class=0x060400 card=0x00000000 chip=0x65f98086\nrev=0x90 hdr=0x01\n    vendor     = 'Intel Corporation'\n    device     = '5100 Chipset PCIe x8 Port 6-7'\n    class      = bridge\n    subclass   = PCI-PCI\npcib6@pci0:0:7:0:       class=0x060400 card=0x00000000 chip=0x65e78086\nrev=0x90 hdr=0x01\n    vendor     = 'Intel Corporation'\n    device     = '5100 Chipset PCIe x4 Port 7'\n    class      = bridge\n    subclass   = PCI-PCI\nhostb1@pci0:0:16:0:     class=0x060000 card=0x020f1028 chip=0x65f08086\nrev=0x90 hdr=0x00\n    vendor     = 'Intel Corporation'\n    device     = '5100 Chipset FSB Registers'\n    class      = bridge\n    subclass   = HOST-PCI\nhostb2@pci0:0:16:1:     class=0x060000 card=0x020f1028 chip=0x65f08086\nrev=0x90 hdr=0x00\n    vendor     = 'Intel Corporation'\n    device     = '5100 Chipset FSB Registers'\n    class      = bridge\n    subclass   = HOST-PCI\nhostb3@pci0:0:16:2:     class=0x060000 card=0x020f1028 chip=0x65f08086\nrev=0x90 hdr=0x00\n    vendor     = 'Intel Corporation'\n    device     = '5100 Chipset FSB Registers'\n    class      = bridge\n    subclass   = HOST-PCI\nhostb4@pci0:0:17:0:     class=0x060000 card=0x80868086 chip=0x65f18086\nrev=0x90 hdr=0x00\n    vendor     = 'Intel Corporation'\n    device     = '5100 Chipset Reserved Registers'\n    class      = bridge\n    subclass   = HOST-PCI\nhostb5@pci0:0:19:0:     class=0x060000 card=0x80868086 chip=0x65f38086\nrev=0x90 hdr=0x00\n    vendor     = 'Intel Corporation'\n    device     = '5100 Chipset Miscellaneous Registers'\n    class      = bridge\n    subclass   = HOST-PCI\nhostb6@pci0:0:21:0:     class=0x060000 card=0x80868086 chip=0x65f58086\nrev=0x90 hdr=0x00\n    vendor     = 'Intel Corporation'\n    device     = '5100 Chipset DDR Channel 0 Registers'\n    class      = bridge\n    subclass   = HOST-PCI\nhostb7@pci0:0:22:0:     class=0x060000 card=0x80868086 chip=0x65f68086\nrev=0x90 hdr=0x00\n    vendor     = 'Intel Corporation'\n    device     = '5100 Chipset DDR Channel 1 Registers'\n    class      = bridge\n    subclass   = HOST-PCI\npcib7@pci0:0:28:0:      class=0x060400 card=0x020f1028 chip=0x29408086\nrev=0x02 hdr=0x01\n    vendor     = 'Intel Corporation'\n    device     = '82801IB/IR/IH (ICH9 Family) PCIe Root Port 1'\n    class      = bridge\n    subclass   = PCI-PCI\npcib8@pci0:0:28:4:      class=0x060400 card=0x020f1028 chip=0x29488086\nrev=0x02 hdr=0x01\n    vendor     = 'Intel Corporation'\n    device     = '82801IB/IR/IH (ICH9 Family) PCIe Root Port 5'\n    class      = bridge\n    subclass   = PCI-PCI\npcib9@pci0:0:28:5:      class=0x060400 card=0x020f1028 chip=0x294a8086\nrev=0x02 hdr=0x01\n    vendor     = 'Intel Corporation'\n    device     = '82801IB/IR/IH (ICH9 Family) PCIe Root Port 6'\n    class      = bridge\n    subclass   = PCI-PCI\nuhci0@pci0:0:29:0:      class=0x0c0300 card=0x020f1028 chip=0x29348086\nrev=0x02 hdr=0x00\n    vendor     = 'Intel Corporation'\n    device     = '82801IB/IR/IH (ICH9 Family) USB Universal Host Controller'\n    class      = serial bus\n    subclass   = USB\nuhci1@pci0:0:29:1:      class=0x0c0300 card=0x020f1028 chip=0x29358086\nrev=0x02 hdr=0x00\n    vendor     = 'Intel Corporation'\n    device     = '82801IB/IR/IH (ICH9 Family) USB Universal Host Controller'\n    class      = serial bus\n    subclass   = USB\nuhci2@pci0:0:29:2:      class=0x0c0300 card=0x020f1028 chip=0x29368086\nrev=0x02 hdr=0x00\n    vendor     = 'Intel Corporation'\n    device     = '82801IB/IR/IH (ICH9 Family) USB Universal Host Controller'\n    class      = serial bus\n    subclass   = USB\nehci0@pci0:0:29:7:      class=0x0c0320 card=0x020f1028 chip=0x293a8086\nrev=0x02 hdr=0x00\n    vendor     = 'Intel Corporation'\n    device     = '82801IB/IR/IH (ICH9 Family) USB2 Enhanced Host Controller'\n    class      = serial bus\n    subclass   = USB\npcib10@pci0:0:30:0:     class=0x060401 card=0x00000000 chip=0x244e8086\nrev=0x92 hdr=0x01\n    vendor     = 'Intel Corporation'\n    device     = '82801 Family (ICH2/3/4/5/6/7/8/9,63xxESB) Hub\nInterface to PCI Bridge'\n    class      = bridge\n    subclass   = PCI-PCI\nisab0@pci0:0:31:0:      class=0x060100 card=0x00000000 chip=0x29168086\nrev=0x02 hdr=0x00\n    vendor     = 'Intel Corporation'\n    device     = '82801IR (ICH9R) LPC Interface Controller'\n    class      = bridge\n    subclass   = PCI-ISA\natapci0@pci0:0:31:2:    class=0x01018f card=0x020f1028 chip=0x29208086\nrev=0x02 hdr=0x00\n    vendor     = 'Intel Corporation'\n    device     = '82801IB/IR/IH (ICH9 Family) 4 port Serial ATA\nStorage Controller 1'\n    class      = mass storage\n    subclass   = ATA\natapci1@pci0:0:31:5:    class=0x010185 card=0x020f1028 chip=0x29268086\nrev=0x02 hdr=0x00\n    vendor     = 'Intel Corporation'\n    device     = '82801IB/IR/IH (ICH9 Family) 2 port Serial ATA\nStorage Controller 2'\n    class      = mass storage\n    subclass   = ATA\nmpt0@pci0:5:0:0:        class=0x010000 card=0x1f0e1028 chip=0x00581000\nrev=0x08 hdr=0x00\n    vendor     = 'LSI Logic (Was: Symbios Logic, NCR)'\n    device     = 'SAS 3000 series, 8-port with 1068E -StorPort'\n    class      = mass storage\n    subclass   = SCSI\nbge0@pci0:1:0:0:        class=0x020000 card=0x020f1028 chip=0x165a14e4\nrev=0x00 hdr=0x00\n    vendor     = 'Broadcom Corporation'\n    device     = 'Broadcom NetXtreme BCM5722 Gigabit (94309)'\n    class      = network\n    subclass   = ethernet\nbge1@pci0:2:0:0:        class=0x020000 card=0x020f1028 chip=0x165a14e4\nrev=0x00 hdr=0x00\n    vendor     = 'Broadcom Corporation'\n    device     = 'Broadcom NetXtreme BCM5722 Gigabit (94309)'\n    class      = network\n    subclass   = ethernet\nvgapci0@pci0:10:7:0:    class=0x030000 card=0x020f1028 chip=0x515e1002\nrev=0x02 hdr=0x00\n    vendor     = 'ATI Technologies Inc. / Advanced Micro Devices, Inc.'\n    device     = 'Radeon ES1000 (Radeon ES1000)'\n    class      = display\n    subclass   = VGA\n-- \nMed venlig hilsen / Best Regards\nLaust Jespersen\nhttp://www.ust.dk\n======================================================================\nViking Rule of Acquisition 1: Remember where you beached the long ship"
}