{
 "id": 586936,
 "bug_id": 152295,
 "attachment_id": 0,
 "creation_time": "2010-11-25T13:18:57Z",
 "creator": "zuborg@gmail.com",
 "text": "2010/11/24 Pyun YongHyeon \u003cpyunyh@gmail.com\u003e\n\n\u003e On Wed, Nov 24, 2010 at 02:10:12PM +0000, Mykola Zubach wrote:\n\u003e\n\u003e [...]\n\u003e\n\u003e \u003e  8.1-STABLE at 2010-11-22 works stable, no problems with networking.\n\u003e \u003e  PR should be closed.\n\u003e \u003e\n\u003e\n\u003e Thanks for testing!\n\u003e\n\u003e \u003e  Just disabled TSO feature on bge0 in order to reduce cpu usage by\n\u003e '{swi1:\n\u003e \u003e  netisr 0}' kernel thread,\n\u003e \u003e  which was about 80% ob 600Mbit/s. POLLING is used due more efficient cpu\n\u003e \u003e  usage.\n\u003e \u003e\n\u003e\n\u003e It's hard to tell what is happening here without knowing details\n\u003e but 80% for 600Mbps looks not normal. Are you seeing 80% of CPU\n\u003e time is consumed in interrupts? Using POLLING on intelligent\n\u003e controllers like bge(4) is not recommended. There could be some\n\u003e situations where POLLING would give better result but most cases\n\u003e polling just adds additional delays and system load.\n\u003e\n\u003e This is cpu usage without POLLING (500Mbit/s at the moment):\n\nPID USERNAME PRI NICE SIZE RES STATE C TIME WCPU COMMAND\n11 root -68 - 0K 272K WAIT 2 0:23 24.56% {irq16: bge0 ehci}\nload varies in range 25-28%\n\nAnd this with active POLLING (same 500Mbit/s):\n\nCPU: 0.0% user, 0.0% nice, 0.9% system, 0.4% interrupt, 98.7% idle\nMem: 160M Active, 13G Inact, 2006M Wired, 713M Cache, 1644M Buf, 119M Free\nSwap: 2048M Total, 36K Used, 2048M Free\n\nPID USERNAME PRI NICE SIZE RES STATE C TIME WCPU COMMAND\n10 root 171 ki31 0K 64K CPU1 1 23.0H 100.00% {idle: cpu1}\n10 root 171 ki31 0K 64K RUN 3 23.1H 99.71% {idle: cpu3}\n10 root 171 ki31 0K 64K CPU0 0 23.9H 97.90% {idle: cpu0}\n10 root 171 ki31 0K 64K CPU2 2 24.5H 97.71% {idle: cpu2}\n3 root -8 - 0K 16K - 1 12:48 0.44% g_up\n11 root -44 - 0K 272K WAIT 0 274:27 0.24% {swi1: netisr 0}\n1172 www 44 0 48236K 34064K kqread 1 36:19 0.24% nginx\n6 root 44 - 0K 16K psleep 2 5:10 0.20% pagedaemon\n1174 www 44 0 48236K 34292K kqread 1 36:34 0.00% nginx\n1176 www 44 0 48236K 34296K kqread 2 36:24 0.00% nginx\n1173 www 44 0 48236K 34104K kqread 1 36:22 0.00% nginx\n4 root -8 - 0K 16K - 0 6:36 0.00% g_down\n19 root -8 - 0K 16K m:w1 2 5:46 0.00% g_mirror gm1\n11 root -64 - 0K 272K WAIT 0 4:28 0.00% {irq256: ahci0}\n11 root -40 - 0K 272K WAIT 0 3:58 0.00% {swi2: cambio}\n0 root 50 0 0K 96K sched 1 2:11 0.00% {swapper}\n11 root -32 - 0K 272K WAIT 0 1:57 0.00% {swi4: clock}\n\nI've applied `cpuset -l 0 -p 11` (bind 'intr' process to CPU0)\nActually, without this cpu-binding {swi1: netisr 0} thread sometimes consume\n80%+  - load\nvaries very significantly under stable bandwidth, it looks like cpu cache\nissue, not TSO one.\n\n'nginx' uses aio+sendfile, kernel is build with ZERO_SOCKETS feature.\n\n\n\u003e \u003e  # vmstat -i\n\u003e \u003e  interrupt total rate\n\u003e \u003e  irq16: bge0 ehci0 14426 1\n\u003e\n\u003e Sharing interrupts with other slow devices is not good thing. I\n\u003e thought BCM5784 has MSI capability. Did you disable MSI?\n\u003e Would you show me the output of \"pciconf -lcbv\" and dmesg output on\n\u003e stable/8?\n\u003e\n\u003e \u003e  irq23: ehci1 18671 1\n\u003e \u003e  cpu0: timer 19014240 2020\n\u003e \u003e  irq256: ahci0 6844301 727\n\u003e \u003e  cpu3: timer 19012976 2020\n\u003e \u003e  cpu2: timer 19012978 2020\n\u003e \u003e  cpu1: timer 19013000 2020\n\u003e \u003e  Total 82930592 8811\n\u003e \u003e\n\u003e\n\n\n# pciconf -lcbv\nhostb0@pci0:0:0:0: class=0x060000 card=0x3318103c chip=0xd1308086 rev=0x11\nhdr=0x00\nvendor = 'Intel Corporation'\nclass = bridge\nsubclass = HOST-PCI\ncap 00[40] = unknown\npcib1@pci0:0:3:0: class=0x060400 card=0x3318103c chip=0xd1388086 rev=0x11\nhdr=0x01\nvendor = 'Intel Corporation'\nclass = bridge\nsubclass = PCI-PCI\ncap 0d[40] = PCI Bridge card=0x3318103c\ncap 05[60] = MSI supports 2 messages, vector masks\ncap 10[90] = PCI-Express 2 root port max data 128(256) link x0(x4)\ncap 01[e0] = powerspec 3 supports D0 D3 current D0\nnone0@pci0:0:8:0: class=0x088000 card=0x00000000 chip=0xd1558086 rev=0x11\nhdr=0x00\nvendor = 'Intel Corporation'\nclass = base peripheral\ncap 10[40] = PCI-Express 2 root endpoint max data 128(128) link x0(x0)\nnone1@pci0:0:8:1: class=0x088000 card=0x00000000 chip=0xd1568086 rev=0x11\nhdr=0x00\nvendor = 'Intel Corporation'\nclass = base peripheral\ncap 10[40] = PCI-Express 2 root endpoint max data 128(128) link x0(x0)\nnone2@pci0:0:8:2: class=0x088000 card=0x00000000 chip=0xd1578086 rev=0x11\nhdr=0x00\nvendor = 'Intel Corporation'\nclass = base peripheral\ncap 10[40] = PCI-Express 2 root endpoint max data 128(128) link x0(x0)\nnone3@pci0:0:8:3: class=0x088000 card=0x00000000 chip=0xd1588086 rev=0x11\nhdr=0x00\nvendor = 'Intel Corporation'\nclass = base peripheral\nnone4@pci0:0:16:0: class=0x088000 card=0x00000000 chip=0xd1508086 rev=0x11\nhdr=0x00\nvendor = 'Intel Corporation'\nclass = base peripheral\nnone5@pci0:0:16:1: class=0x088000 card=0x00000000 chip=0xd1518086 rev=0x11\nhdr=0x00\nvendor = 'Intel Corporation'\nclass = base peripheral\nehci0@pci0:0:26:0: class=0x0c0320 card=0x3118103c chip=0x3b3c8086 rev=0x05\nhdr=0x00\nvendor = 'Intel Corporation'\nclass = serial bus\nsubclass = USB\nbar [10] = type Memory, range 32, base 0xdfd02000, size 1024, enabled\ncap 01[50] = powerspec 2 supports D0 D3 current D0\ncap 0a[58] = EHCI Debug Port at offset 0xa0 in map 0x14\ncap 13[98] = PCI Advanced Features: FLR TP\npcib2@pci0:0:28:0: class=0x060400 card=0x3318103c chip=0x3b428086 rev=0x05\nhdr=0x01\nvendor = 'Intel Corporation'\nclass = bridge\nsubclass = PCI-PCI\ncap 10[40] = PCI-Express 2 root port max data 128(128) link x0(x4)\ncap 05[80] = MSI supports 1 message\ncap 0d[90] = PCI Bridge card=0x3318103c\ncap 01[a0] = powerspec 2 supports D0 D3 current D0\npcib3@pci0:0:28:4: class=0x060400 card=0x3318103c chip=0x3b4a8086 rev=0x05\nhdr=0x01\nvendor = 'Intel Corporation'\nclass = bridge\nsubclass = PCI-PCI\ncap 10[40] = PCI-Express 2 root port max data 128(128) link x1(x1)\ncap 05[80] = MSI supports 1 message\ncap 0d[90] = PCI Bridge card=0x3318103c\ncap 01[a0] = powerspec 2 supports D0 D3 current D0\npcib4@pci0:0:28:5: class=0x060400 card=0x3318103c chip=0x3b4c8086 rev=0x05\nhdr=0x01\nvendor = 'Intel Corporation'\nclass = bridge\nsubclass = PCI-PCI\ncap 10[40] = PCI-Express 2 root port max data 128(128) link x1(x1)\ncap 05[80] = MSI supports 1 message\ncap 0d[90] = PCI Bridge card=0x3318103c\ncap 01[a0] = powerspec 2 supports D0 D3 current D0\npcib5@pci0:0:28:6: class=0x060400 card=0x3318103c chip=0x3b4e8086 rev=0x05\nhdr=0x01\nvendor = 'Intel Corporation'\nclass = bridge\nsubclass = PCI-PCI\ncap 10[40] = PCI-Express 2 root port max data 128(128) link x1(x1)\ncap 05[80] = MSI supports 1 message\ncap 0d[90] = PCI Bridge card=0x3318103c\ncap 01[a0] = powerspec 2 supports D0 D3 current D0\npcib6@pci0:0:28:7: class=0x060400 card=0x3318103c chip=0x3b508086 rev=0x05\nhdr=0x01\nvendor = 'Intel Corporation'\nclass = bridge\nsubclass = PCI-PCI\ncap 10[40] = PCI-Express 2 root port max data 128(128) link x0(x1)\ncap 05[80] = MSI supports 1 message\ncap 0d[90] = PCI Bridge card=0x3318103c\ncap 01[a0] = powerspec 2 supports D0 D3 current D0\nehci1@pci0:0:29:0: class=0x0c0320 card=0x3118103c chip=0x3b348086 rev=0x05\nhdr=0x00\nvendor = 'Intel Corporation'\nclass = serial bus\nsubclass = USB\nbar [10] = type Memory, range 32, base 0xdfd02400, size 1024, enabled\ncap 01[50] = powerspec 2 supports D0 D3 current D0\ncap 0a[58] = EHCI Debug Port at offset 0xa0 in map 0x14\ncap 13[98] = PCI Advanced Features: FLR TP\npcib7@pci0:0:30:0: class=0x060401 card=0x3318103c chip=0x244e8086 rev=0xa5\nhdr=0x01\nvendor = 'Intel Corporation'\ndevice = '82801 Family (ICH2/3/4/5/6/7/8/9,63xxESB) Hub Interface to PCI\nBridge'\nclass = bridge\nsubclass = PCI-PCI\ncap 0d[50] = PCI Bridge card=0x3318103c\nisab0@pci0:0:31:0: class=0x060100 card=0x3118103c chip=0x3b148086 rev=0x05\nhdr=0x00\nvendor = 'Intel Corporation'\nclass = bridge\nsubclass = PCI-ISA\ncap 09[e0] = vendor (length 16) Intel cap 1 version 1\nahci0@pci0:0:31:2: class=0x010601 card=0x3118103c chip=0x3b228086 rev=0x05\nhdr=0x00\nvendor = 'Intel Corporation'\ndevice = 'IBEX AHCI Controller(6Port) (Intel Q57 Express)'\nclass = mass storage\nsubclass = SATA\nbar [10] = type I/O Port, range 32, base 0x1830, size 8, enabled\nbar [14] = type I/O Port, range 32, base 0x1824, size 4, enabled\nbar [18] = type I/O Port, range 32, base 0x1828, size 8, enabled\nbar [1c] = type I/O Port, range 32, base 0x1820, size 4, enabled\nbar [20] = type I/O Port, range 32, base 0x1800, size 32, enabled\nbar [24] = type Memory, range 32, base 0xdfd01000, size 2048, enabled\ncap 05[80] = MSI supports 1 message enabled with 1 message\ncap 01[70] = powerspec 3 supports D0 D3 current D0\ncap 12[a8] = SATA Index-Data Pair\ncap 13[b0] = PCI Advanced Features: FLR TP\nichsmb0@pci0:0:31:3: class=0x0c0500 card=0x3318103c chip=0x3b308086 rev=0x05\nhdr=0x00\nvendor = 'Intel Corporation'\nclass = serial bus\nsubclass = SMBus\nbar [10] = type Memory, range 64, base 0xdfd02800, size 256, enabled\nbar [20] = type I/O Port, range 32, base 0x1840, size 32, enabled\nbge0@pci0:32:0:0: class=0x020000 card=0x705d103c chip=0x165b14e4 rev=0x10\nhdr=0x00\nvendor = 'Broadcom Corporation'\nclass = network\nsubclass = ethernet\nbar [10] = type Memory, range 64, base 0xdf900000, size 65536, enabled\ncap 01[48] = powerspec 3 supports D0 D3 current D0\ncap 03[40] = VPD\ncap 09[60] = vendor (length 108)\ncap 05[50] = MSI supports 1 message, 64 bit\ncap 10[cc] = PCI-Express 2 endpoint max data 128(256) link x1(x1)\nbge1@pci0:34:0:0: class=0x020000 card=0x705d103c chip=0x165b14e4 rev=0x10\nhdr=0x00\nvendor = 'Broadcom Corporation'\nclass = network\nsubclass = ethernet\nbar [10] = type Memory, range 64, base 0xdfa00000, size 65536, enabled\ncap 01[48] = powerspec 3 supports D0 D3 current D0\ncap 03[40] = VPD\ncap 09[60] = vendor (length 108)\ncap 05[50] = MSI supports 1 message, 64 bit\ncap 10[cc] = PCI-Express 2 endpoint max data 128(256) link x1(x1)\nvgapci0@pci0:36:0:0: class=0x030000 card=0x31fa103c chip=0x0522102b rev=0x02\nhdr=0x00\nvendor = 'Matrox Electronic Systems Ltd.'\ndevice = 'Matrox G200e (ServerEngines) - English (G200e)'\nclass = display\nsubclass = VGA\nbar [10] = type Prefetchable Memory, range 32, base 0xde000000, size\n16777216, enabled\nbar [14] = type Memory, range 32, base 0xdf800000, size 16384, enabled\nbar [18] = type Memory, range 32, base 0xdf000000, size 8388608, enabled\ncap 01[dc] = powerspec 2 supports D0 D3 current D0\ncap 10[e4] = PCI-Express 1 legacy endpoint max data 128(128) link x1(x1)\ncap 05[54] = MSI supports 1 message\n\n# dmesg\nCopyright (c) 1992-2010 The FreeBSD Project.\nCopyright (c) 1979, 1980, 1983, 1986, 1988, 1989, 1991, 1992, 1993, 1994\nThe Regents of the University of California. All rights reserved.\nFreeBSD is a registered trademark of The FreeBSD Foundation.\nFreeBSD 8.1-STABLE #1: Mon Nov 22 16:50:25 UTC 2010\nroot@PRFT012:/usr/obj/usr/src/sys/Z-AMD64 amd64\nTimecounter \"i8254\" frequency 1193182 Hz quality 0\nCPU: Intel(R) Xeon(R) CPU X3430 @ 2.40GHz (2394.00-MHz K8-class CPU)\nOrigin = \"GenuineIntel\" Id = 0x106e5 Family = 6 Model = 1e Stepping = 5\nFeatures=0xbfebfbff\u003cFPU,VME,DE,PSE,TSC,MSR,PAE,MCE,CX8,APIC,SEP,MTRR,PGE,MCA,CMOV,PAT,PSE36,CLFLUSH,DTS,ACPI,MMX,FXSR,SSE,SSE2,SS,HTT,TM,PBE\u003e\nFeatures2=0x98e3fd\u003cSSE3,DTES64,MON,DS_CPL,VMX,SMX,EST,TM2,SSSE3,CX16,xTPR,PDCM,SSE4.1,SSE4.2,POPCNT\u003e\nAMD Features=0x28100800\u003cSYSCALL,NX,RDTSCP,LM\u003e\nAMD Features2=0x1\u003cLAHF\u003e\nTSC: P-state invariant\nreal memory = 17179869184 (16384 MB)\navail memory = 16546377728 (15779 MB)\nACPI APIC Table: \u003cHP ProLiant\u003e\nFreeBSD/SMP: Multiprocessor System Detected: 4 CPUs\nFreeBSD/SMP: 1 package(s) x 4 core(s)\ncpu0 (BSP): APIC ID: 0\ncpu1 (AP): APIC ID: 2\ncpu2 (AP): APIC ID: 4\ncpu3 (AP): APIC ID: 6\nioapic0 \u003cVersion 2.0\u003e irqs 0-23 on motherboard\nnetisr_init: forcing maxthreads to 1 and bindthreads to 0 for device polling\nkbd1 at kbdmux0\nacpi0: \u003cHP ProLiant\u003e on motherboard\nacpi0: [ITHREAD]\nacpi0: Power Button (fixed)\nTimecounter \"ACPI-fast\" frequency 3579545 Hz quality 1000\nacpi_timer0: \u003c24-bit timer at 3.579545MHz\u003e port 0x1008-0x100b on acpi0\ncpu0: \u003cACPI CPU\u003e on acpi0\ncpu1: \u003cACPI CPU\u003e on acpi0\ncpu2: \u003cACPI CPU\u003e on acpi0\ncpu3: \u003cACPI CPU\u003e on acpi0\npcib0: \u003cACPI Host-PCI bridge\u003e port 0xcf8-0xcff on acpi0\npci0: \u003cACPI PCI bus\u003e on pcib0\npcib1: \u003cACPI PCI-PCI bridge\u003e irq 16 at device 3.0 on pci0\npci1: \u003cACPI PCI bus\u003e on pcib1\npci0: \u003cbase peripheral\u003e at device 8.0 (no driver attached)\npci0: \u003cbase peripheral\u003e at device 8.1 (no driver attached)\npci0: \u003cbase peripheral\u003e at device 8.2 (no driver attached)\npci0: \u003cbase peripheral\u003e at device 8.3 (no driver attached)\npci0: \u003cbase peripheral\u003e at device 16.0 (no driver attached)\npci0: \u003cbase peripheral\u003e at device 16.1 (no driver attached)\nehci0: \u003cIntel PCH USB 2.0 controller USB-B\u003e mem 0xdfd02000-0xdfd023ff irq 16\nat device 26.0 on pci0\nehci0: [ITHREAD]\nusbus0: EHCI version 1.0\nusbus0: \u003cIntel PCH USB 2.0 controller USB-B\u003e on ehci0\npcib2: \u003cACPI PCI-PCI bridge\u003e irq 17 at device 28.0 on pci0\npci16: \u003cACPI PCI bus\u003e on pcib2\npcib3: \u003cACPI PCI-PCI bridge\u003e irq 17 at device 28.4 on pci0\npci32: \u003cACPI PCI bus\u003e on pcib3\nbge0: \u003cHP NC107i PCIe Gigabit Server Adapter, ASIC rev. 0x5784100\u003e mem\n0xdf900000-0xdf90ffff irq 16 at device 0.0 on pci32\nbge0: CHIP ID 0x05784100; ASIC REV 0x5784; CHIP REV 0x57841; PCI-E\nmiibus0: \u003cMII bus\u003e on bge0\nbrgphy0: \u003cBCM5784 10/100/1000baseTX PHY\u003e PHY 1 on miibus0\nbrgphy0: 10baseT, 10baseT-FDX, 100baseTX, 100baseTX-FDX, 1000baseT,\n1000baseT-FDX, auto\nbge0: Ethernet address: d4:85:64:38:fe:ee\nbge0: [ITHREAD]\npcib4: \u003cACPI PCI-PCI bridge\u003e irq 16 at device 28.5 on pci0\npci34: \u003cACPI PCI bus\u003e on pcib4\nbge1: \u003cHP NC107i PCIe Gigabit Server Adapter, ASIC rev. 0x5784100\u003e mem\n0xdfa00000-0xdfa0ffff irq 17 at device 0.0 on pci34\nbge1: CHIP ID 0x05784100; ASIC REV 0x5784; CHIP REV 0x57841; PCI-E\nmiibus1: \u003cMII bus\u003e on bge1\nbrgphy1: \u003cBCM5784 10/100/1000baseTX PHY\u003e PHY 1 on miibus1\nbrgphy1: 10baseT, 10baseT-FDX, 100baseTX, 100baseTX-FDX, 1000baseT,\n1000baseT-FDX, auto\nbge1: Ethernet address: d4:85:64:38:fe:ef\nbge1: [ITHREAD]\npcib5: \u003cACPI PCI-PCI bridge\u003e irq 18 at device 28.6 on pci0\npci36: \u003cACPI PCI bus\u003e on pcib5\nvgapci0: \u003cVGA-compatible display\u003e mem\n0xde000000-0xdeffffff,0xdf800000-0xdf803fff,0xdf000000-0xdf7fffff irq 18 at\ndevice 0.0 on pci36\npcib6: \u003cACPI PCI-PCI bridge\u003e irq 19 at device 28.7 on pci0\npci38: \u003cACPI PCI bus\u003e on pcib6\nehci1: \u003cIntel PCH USB 2.0 controller USB-A\u003e mem 0xdfd02400-0xdfd027ff irq 23\nat device 29.0 on pci0\nehci1: [ITHREAD]\nusbus1: EHCI version 1.0\nusbus1: \u003cIntel PCH USB 2.0 controller USB-A\u003e on ehci1\npcib7: \u003cPCI-PCI bridge\u003e at device 30.0 on pci0\npci48: \u003cPCI bus\u003e on pcib7\nisab0: \u003cPCI-ISA bridge\u003e at device 31.0 on pci0\nisa0: \u003cISA bus\u003e on isab0\nahci0: \u003cIntel 5 Series/3400 Series AHCI SATA controller\u003e port\n0x1830-0x1837,0x1824-0x1827,0x1828-0x182f,0x1820-0x1823,0x1800-0x181f mem\n0xdfd01000-0xdfd017ff irq 18 at device 31.2 on pci0\nahci0: [ITHREAD]\nahci0: AHCI v1.30 with 6 3Gbps ports, Port Multiplier supported\nahcich0: \u003cAHCI channel\u003e at channel 0 on ahci0\nahcich0: [ITHREAD]\nahcich1: \u003cAHCI channel\u003e at channel 1 on ahci0\nahcich1: [ITHREAD]\nahcich2: \u003cAHCI channel\u003e at channel 2 on ahci0\nahcich2: [ITHREAD]\nahcich3: \u003cAHCI channel\u003e at channel 3 on ahci0\nahcich3: [ITHREAD]\nahcich4: \u003cAHCI channel\u003e at channel 4 on ahci0\nahcich4: [ITHREAD]\nahcich5: \u003cAHCI channel\u003e at channel 5 on ahci0\nahcich5: [ITHREAD]\nichsmb0: \u003cIntel PCH SMBus controller\u003e port 0x1840-0x185f mem\n0xdfd02800-0xdfd028ff irq 18 at device 31.3 on pci0\nichsmb0: [ITHREAD]\nsmbus0: \u003cSystem Management Bus\u003e on ichsmb0\nsmb0: \u003cSMBus generic I/O\u003e on smbus0\nacpi_button0: \u003cPower Button\u003e on acpi0\nacpi_hpet0: \u003cHigh Precision Event Timer\u003e iomem 0xfed00000-0xfed003ff irq 0,8\non acpi0\nTimecounter \"HPET\" frequency 14318180 Hz quality 900\natrtc0: \u003cAT realtime clock\u003e port 0x70-0x71 on acpi0\norm0: \u003cISA Option ROMs\u003e at iomem\n0xc0000-0xc7fff,0xca000-0xcafff,0xdf000-0xdffff on isa0\natkbd: unable to set the command byte.\nsc0: \u003cSystem console\u003e at flags 0x100 on isa0\nsc0: VGA \u003c16 virtual consoles, flags=0x300\u003e\nvga0: \u003cGeneric ISA VGA\u003e at port 0x3c0-0x3df iomem 0xa0000-0xbffff on isa0\natkbdc0: \u003cKeyboard controller (i8042)\u003e at port 0x60,0x64 on isa0\natkbd0: \u003cAT Keyboard\u003e irq 1 on atkbdc0\nkbd0 at atkbd0\natkbd0: [GIANT-LOCKED]\natkbd0: [ITHREAD]\npsm0: unable to set the command byte.\ncoretemp0: \u003cCPU On-Die Thermal Sensors\u003e on cpu0\ncoretemp1: \u003cCPU On-Die Thermal Sensors\u003e on cpu1\ncoretemp2: \u003cCPU On-Die Thermal Sensors\u003e on cpu2\ncoretemp3: \u003cCPU On-Die Thermal Sensors\u003e on cpu3\nTimecounter \"TSC\" frequency 2394001965 Hz quality 800\nTimecounters tick every 0.976 msec\nipfw2 initialized, divert loadable, nat loadable, rule-based forwarding\ndisabled, default to accept, logging disabled\nusbus0: 480Mbps High Speed USB v2.0\nusbus1: 480Mbps High Speed USB v2.0\nugen0.1: \u003cIntel\u003e at usbus0\nuhub0: \u003cIntel EHCI root HUB, class 9/0, rev 2.00/1.00, addr 1\u003e on usbus0\nugen1.1: \u003cIntel\u003e at usbus1\nuhub1: \u003cIntel EHCI root HUB, class 9/0, rev 2.00/1.00, addr 1\u003e on usbus1\nada0 at ahcich0 bus 0 scbus0 target 0 lun 0\nada0: \u003cST31000340NS MA0D\u003e ATA-8 SATA 2.x device\nada0: 300.000MB/s transfers (SATA 2.x, UDMA6, PIO 8192bytes)\nada0: Command Queueing enabled\nada0: 953869MB (1953525168 512 byte sectors: 16H 63S/T 16383C)\nada1 at ahcich1 bus 0 scbus1 target 0 lun 0\nada1: \u003cST31000340NS MA0D\u003e ATA-8 SATA 2.x device\nada1: 300.000MB/s transfers (SATA 2.x, UDMA6, PIO 8192bytes)\nada1: Command Queueing enabled\nada1: 953869MB (1953525168 512 byte sectors: 16H 63S/T 16383C)\nada2 at ahcich2 bus 0 scbus2 target 0 lun 0\nada2: \u003cST31000340NS MA0D\u003e ATA-8 SATA 2.x device\nada2: 300.000MB/s transfers (SATA 2.x, UDMA6, PIO 8192bytes)\nada2: Command Queueing enabled\nada2: 953869MB (1953525168 512 byte sectors: 16H 63S/T 16383C)\nada3 at ahcich3 bus 0 scbus3 target 0 lun 0\nada3: \u003cST31000340NS MA0D\u003e ATA-8 SATA 2.x device\nada3: 300.000MB/s transfers (SATA 2.x, UDMA6, PIO 8192bytes)\nada3: Command Queueing enabled\nada3: 953869MB (1953525168 512 byte sectors: 16H 63S/T 16383C)\nSMP: AP CPU #3 Launched!\nSMP: AP CPU #2 Launched!\nSMP: AP CPU #1 Launched!\nGEOM_MIRROR: Device mirror/gm0 launched (3/3).\nGEOM: ada3s1: geometry does not match label (255h,63s != 16h,63s).\nGEOM: ada3s1: media size does not match label.\nGEOM_MIRROR: Device mirror/gm1 launched (4/4).\nRoot mount waiting for: usbus1 usbus0\nuhub0: 2 ports with 2 removable, self powered\nuhub1: 2 ports with 2 removable, self powered\nugen0.2: \u003cvendor 0x8087\u003e at usbus0\nuhub2: \u003cvendor 0x8087 product 0x0020, class 9/0, rev 2.00/0.00, addr 2\u003e on\nusbus0\nugen1.2: \u003cvendor 0x8087\u003e at usbus1\nuhub3: \u003cvendor 0x8087 product 0x0020, class 9/0, rev 2.00/0.00, addr 2\u003e on\nusbus1\nRoot mount waiting for: usbus1 usbus0\nuhub2: 6 ports with 6 removable, self powered\nuhub3: 8 ports with 8 removable, self powered\nugen1.3: \u003cServerEngines\u003e at usbus1\nukbd0: \u003cServerEngines SE USB Device, class 0/0, rev 1.10/0.01, addr 3\u003e on\nusbus1\nkbd2 at ukbd0\nTrying to mount root from ufs:/dev/mirror/gm0a\nbge0: link state changed to UP\nugen1.3: \u003cServerEngines\u003e at usbus1 (disconnected)\nukbd0: at uhub3, port 1, addr 3 (disconnected)\nugen1.3: \u003cServerEngines\u003e at usbus1\nukbd0: \u003cServerEngines SE USB Device, class 0/0, rev 1.10/0.01, addr 3\u003e on\nusbus1\nkbd2 at ukbd0\nugen1.3: \u003cServerEngines\u003e at usbus1 (disconnected)\nukbd0: at uhub3, port 1, addr 3 (disconnected)\nugen1.3: \u003cServerEngines\u003e at usbus1\nukbd0: \u003cServerEngines SE USB Device, class 0/0, rev 1.10/0.01, addr 3\u003e on\nusbus1\nkbd2 at ukbd0\nugen1.3: \u003cServerEngines\u003e at usbus1 (disconnected)\nukbd0: at uhub3, port 1, addr 3 (disconnected)\nugen1.3: \u003cServerEngines\u003e at usbus1\nukbd0: \u003cServerEngines SE USB Device, class 0/0, rev 1.10/0.01, addr 3\u003e on\nusbus1\nkbd2 at ukbd0\nugen1.3: \u003cServerEngines\u003e at usbus1 (disconnected)\nukbd0: at uhub3, port 1, addr 3 (disconnected)\nugen1.3: \u003cServerEngines\u003e at usbus1\nukbd0: \u003cServerEngines SE USB Device, class 0/0, rev 1.10/0.01, addr 3\u003e on\nusbus1\nkbd2 at ukbd0\nugen1.3: \u003cServerEngines\u003e at usbus1 (disconnected)\nukbd0: at uhub3, port 1, addr 3 (disconnected)\nugen1.3: \u003cServerEngines\u003e at usbus1\nukbd0: \u003cServerEngines SE USB Device, class 0/0, rev 1.10/0.01, addr 3\u003e on\nusbus1\nkbd2 at ukbd0\nugen1.3: \u003cServerEngines\u003e at usbus1 (disconnected)\nukbd0: at uhub3, port 1, addr 3 (disconnected)\nugen1.3: \u003cServerEngines\u003e at usbus1\nukbd0: \u003cServerEngines SE USB Device, class 0/0, rev 1.10/0.01, addr 3\u003e on\nusbus1\nkbd2 at ukbd0\nugen1.3: \u003cServerEngines\u003e at usbus1 (disconnected)\nukbd0: at uhub3, port 1, addr 3 (disconnected)\nugen1.3: \u003cServerEngines\u003e at usbus1\nukbd0: \u003cServerEngines SE USB Device, class 0/0, rev 1.10/0.01, addr 3\u003e on\nusbus1\nkbd2 at ukbd0\nugen1.3: \u003cServerEngines\u003e at usbus1 (disconnected)\nukbd0: at uhub3, port 1, addr 3 (disconnected)\nugen1.3: \u003cServerEngines\u003e at usbus1\nukbd0: \u003cServerEngines SE USB Device, class 0/0, rev 1.10/0.01, addr 3\u003e on\nusbus1\nkbd2 at ukbd0\nugen1.3: \u003cServerEngines\u003e at usbus1 (disconnected)\nukbd0: at uhub3, port 1, addr 3 (disconnected)\nugen1.3: \u003cServerEngines\u003e at usbus1\nukbd0: \u003cServerEngines SE USB Device, class 0/0, rev 1.10/0.01, addr 3\u003e on\nusbus1\nkbd2 at ukbd0\nugen1.3: \u003cServerEngines\u003e at usbus1 (disconnected)\nukbd0: at uhub3, port 1, addr 3 (disconnected)\nugen1.3: \u003cServerEngines\u003e at usbus1\nukbd0: \u003cServerEngines SE USB Device, class 0/0, rev 1.10/0.01, addr 3\u003e on\nusbus1\nkbd2 at ukbd0\nugen1.3: \u003cServerEngines\u003e at usbus1 (disconnected)\nukbd0: at uhub3, port 1, addr 3 (disconnected)\nugen1.3: \u003cServerEngines\u003e at usbus1\nukbd0: \u003cServerEngines SE USB Device, class 0/0, rev 1.10/0.01, addr 3\u003e on\nusbus1\nkbd2 at ukbd0\nugen1.3: \u003cServerEngines\u003e at usbus1 (disconnected)\nukbd0: at uhub3, port 1, addr 3 (disconnected)\nugen1.3: \u003cServerEngines\u003e at usbus1\nukbd0: \u003cServerEngines SE USB Device, class 0/0, rev 1.10/0.01, addr 3\u003e on\nusbus1\nkbd2 at ukbd0\nugen1.3: \u003cServerEngines\u003e at usbus1 (disconnected)\nukbd0: at uhub3, port 1, addr 3 (disconnected)\nugen1.3: \u003cServerEngines\u003e at usbus1\nukbd0: \u003cServerEngines SE USB Device, class 0/0, rev 1.10/0.01, addr 3\u003e on\nusbus1\nkbd2 at ukbd0\nugen1.3: \u003cServerEngines\u003e at usbus1 (disconnected)\nukbd0: at uhub3, port 1, addr 3 (disconnected)\nugen1.3: \u003cServerEngines\u003e at usbus1\nukbd0: \u003cServerEngines SE USB Device, class 0/0, rev 1.10/0.01, addr 3\u003e on\nusbus1\nkbd2 at ukbd0\nugen1.3: \u003cServerEngines\u003e at usbus1 (disconnected)\nukbd0: at uhub3, port 1, addr 3 (disconnected)\nugen1.3: \u003cServerEngines\u003e at usbus1\nukbd0: \u003cServerEngines SE USB Device, class 0/0, rev 1.10/0.01, addr 3\u003e on\nusbus1\nkbd2 at ukbd0\nugen1.3: \u003cServerEngines\u003e at usbus1 (disconnected)\nukbd0: at uhub3, port 1, addr 3 (disconnected)\nugen1.3: \u003cServerEngines\u003e at usbus1\nukbd0: \u003cServerEngines SE USB Device, class 0/0, rev 1.10/0.01, addr 3\u003e on\nusbus1\nkbd2 at ukbd0"
}