{
 "id": 365990,
 "bug_id": 106924,
 "attachment_id": 0,
 "creation_time": "2006-12-19T16:40:15Z",
 "creator": "ger.rrgllc@gmail.com",
 "text": "Hardware: Toshiba Satellite Pro 6100, BIOS Ver. 1.90 (25 Jul 2003)\n\nSystem running custom kernel w/o APM or USB devices suspends properly with\n\"acpiconf -s S3\" command.\nUpon resume with Power button actuation, kernel reports:\n   g_vfs_done():ad0s2a[READ(offset=3698522112, length=2048)]error = 6\nto the text console, followed by:\n   panic: vinvalbuf: dirty bufs\nand the system \"crashes\".\n\nOutput of \"sysctl hw.acpi\":\nhw.acpi.supported_sleep_state: S3 S4 S5\nhw.acpi.power_button_state: S5\nhw.acpi.sleep_button_state: S3\nhw.acpi.lid_switch_state: NONE\nhw.acpi.standby_state: S1\nhw.acpi.suspend_state: S3\nhw.acpi.sleep_delay: 1\nhw.acpi.s4bios: 1\nhw.acpi.verbose: 0\nhw.acpi.reset_video: 0\nhw.acpi.cpu.cx_supported: C1/0 C2/1 C3/85\nhw.acpi.cpu.cx_lowest: C1\nhw.acpi.cpu.cx_usage: 100.00% 0.00% 0.00%\nhw.acpi.battery.life: 100\nhw.acpi.battery.time: -1\nhw.acpi.battery.state: 0\nhw.acpi.battery.units: 2\nhw.acpi.battery.info_expire: 5\nhw.acpi.acline: 1\nhw.acpi.thermal.min_runtime: 0\nhw.acpi.thermal.polling_rate: 10\nhw.acpi.thermal.tz0.temperature: 60.0C\nhw.acpi.thermal.tz0.active: -1\nhw.acpi.thermal.tz0.passive_cooling: 1\nhw.acpi.thermal.tz0.thermal_flags: 0\nhw.acpi.thermal.tz0._PSV: 98.0C\nhw.acpi.thermal.tz0._HOT: -1\nhw.acpi.thermal.tz0._CRT: 99.0C\nhw.acpi.thermal.tz0._ACx: 98.0C 98.0C -1 -1 -1 -1 -1 -1 -1 -1\n\nOutput of \"verbose\" dmesg(8):\n// boot -v (APM- \u0026 USB-free kernel)\n\nCopyright (c) 1992-2006 The FreeBSD Project.\nCopyright (c) 1979, 1980, 1983, 1986, 1988, 1989, 1991, 1992, 1993, 1994\nThe Regents of the University of California. All rights reserved.\nFreeBSD 6.1-RELEASE #3: Sun Dec 17 21:49:45 EST 2006\nroot@tsp6100a:/usr/src/sys/i386/compile/TSP6100C\nPreloaded elf kernel \"/boot/kernel/kernel\" at 0xc07cd000.\nPreloaded elf module \"/boot/kernel/linux.ko\" at 0xc07cd1ec.\nPreloaded elf module \"/boot/kernel/acpi.ko\" at 0xc07cd298.\nCalibrating clock(s) ... i8254 clock: 1193176 Hz\nTimecounter \"i8254\" frequency 1193176 Hz quality 0\nCalibrating TSC clock ... TSC clock: 1993532168 Hz\nCPU: Intel(R) Pentium(R) 4 Mobile CPU 2.00GHz (1993.53-MHz 686-class CPU)\nOrigin = \"GenuineIntel\"  Id = 0xf24  Stepping = 4\nFeatures=0x3febf9ff\u003cFPU,VME,DE,PSE,TSC,MSR,PAE,MCE,CX8,SEP,MTRR,PGE,MCA,CMOV,PAT,PSE36,CLFLUSH,DTS,ACPI,MMX,FXSR,SSE,SSE2,SS,HTT,TM\u003e\nreal memory  = 804519936 (767 MB)\nPhysical memory chunk(s):\n0x0000000000001000 - 0x000000000009efff, 647168 bytes (158 pages)\n0x0000000000100000 - 0x00000000003fffff, 3145728 bytes (768 pages)\n0x0000000000825000 - 0x000000002f18afff, 781606912 bytes (190822 pages)\navail memory = 782172160 (745 MB)\nbios32: Found BIOS32 Service Directory header at 0xc00f0260\nbios32: Entry = 0xfc140 (c00fc140)  Rev = 0  Len = 1\npcibios: PCI BIOS entry at 0xf0000+0xd5ad\npnpbios: Found PnP BIOS data at 0xc00f0470\npnpbios: Entry = f0000:9138  Rev = 1.0\npnpbios: Event flag at 510\npnpbios: OEM ID 5937f351\nOther BIOS signatures found:\nwlan: \u003c802.11 Link Layer\u003e\nnull: \u003cnull device, zero device\u003e\nio: \u003cI/O\u003e\nVESA: information block\n56 45 53 41 00 03 00 01 00 01 01 00 00 00 22 00 \n00 01 00 02 17 04 07 01 00 01 1a 01 00 01 28 01 \n00 01 00 01 01 01 02 01 03 01 04 01 05 01 06 01 \n07 01 0e 01 0f 01 11 01 12 01 14 01 15 01 17 01 \nVESA: 30 mode(s) found\nVESA: v3.0, 32768k memory, flags:0x1, mode table:0xc06d2002 (1000022)\nVESA: NVidia\nVESA: NVidia Corporation NV17 () Board Chip Rev A2\nrandom: \u003centropy source, Software, Yarrow\u003e\nmem: \u003cmemory\u003e\nPentium Pro MTRR support enabled\nnpx0: INT 16 interface\nacpi0: \u003cTOSHIB 750\u003e on motherboard\npci_open(1):\tmode 1 addr port (0x0cf8) is 0x00000000\npci_open(1a):\tmode1res=0x80000000 (0x80000000)\npci_cfgcheck:\tdevice 0 [class=060000] [hdr=00] is there (id=1a308086)\npcibios: BIOS version 2.10\nFound $PIR table, 7 entries at 0xc00f01d0\nPCI-Only Interrupts: none\nLocation  Bus Device Pin  Link  IRQs\nembedded    0   31    A   0x62  11\nembedded    0   31    B   0x61  11\nembedded    0   29    A   0x60  11\nembedded    0   29    B   0x63  11\nembedded    0   29    C   0x62  11\nembedded    2   11    A   0x60  11\nembedded    2   11    B   0x61  11\nembedded    2    8    A   0x68  11\nembedded    1    0    A   0x6a  10\nembedded    2   10    A   0x6b  11\nembedded    2   10    B   0x69  11\nembedded    2   13    A   0x60  11\nacpi_bus_number: root bus has no _BBN, assuming 0\nAcpiOsDerivePciId: bus 0 dev 30 func 0\nacpi0: [MPSAFE]\nacpi_bus_number: root bus has no _BBN, assuming 0\nAcpiOsDerivePciId: bus 0 dev 31 func 0\nacpi0: Power Button (fixed)\npci_link0: Links after initial probe:\nIndex  IRQ  Rtd  Ref  IRQs\n0   11   N     0  3 4 5 6 7 11 12\npci_link0: Links after initial validation:\nIndex  IRQ  Rtd  Ref  IRQs\n0   11   N     0  3 4 5 6 7 11 12\npci_link0: Links after disable:\nIndex  IRQ  Rtd  Ref  IRQs\n0  255   N     0  3 4 5 6 7 11 12\npci_link1: Links after initial probe:\nIndex  IRQ  Rtd  Ref  IRQs\n0   11   N     0  3 4 5 6 7 11 12\npci_link1: Links after initial validation:\nIndex  IRQ  Rtd  Ref  IRQs\n0   11   N     0  3 4 5 6 7 11 12\npci_link1: Links after disable:\nIndex  IRQ  Rtd  Ref  IRQs\n0  255   N     0  3 4 5 6 7 11 12\npci_link2: Links after initial probe:\nIndex  IRQ  Rtd  Ref  IRQs\n0   11   N     0  3 4 5 6 7 11 12\npci_link2: Links after initial validation:\nIndex  IRQ  Rtd  Ref  IRQs\n0   11   N     0  3 4 5 6 7 11 12\npci_link2: Links after disable:\nIndex  IRQ  Rtd  Ref  IRQs\n0  255   N     0  3 4 5 6 7 11 12\npci_link3: Links after initial probe:\nIndex  IRQ  Rtd  Ref  IRQs\n0   11   N     0  3 4 5 6 7 11 12\npci_link3: Links after initial validation:\nIndex  IRQ  Rtd  Ref  IRQs\n0   11   N     0  3 4 5 6 7 11 12\npci_link3: Links after disable:\nIndex  IRQ  Rtd  Ref  IRQs\n0  255   N     0  3 4 5 6 7 11 12\npci_link4: Links after initial probe:\nIndex  IRQ  Rtd  Ref  IRQs\n0   11   N     0  3 4 5 6 7 11 12\npci_link4: Links after initial validation:\nIndex  IRQ  Rtd  Ref  IRQs\n0   11   N     0  3 4 5 6 7 11 12\npci_link4: Links after disable:\nIndex  IRQ  Rtd  Ref  IRQs\n0  255   N     0  3 4 5 6 7 11 12\npci_link5: Links after initial probe:\nIndex  IRQ  Rtd  Ref  IRQs\n    0   11   N     0  3 4 5 6 7 11 12\npci_link5: Links after initial validation:\nIndex  IRQ  Rtd  Ref  IRQs\n    0   11   N     0  3 4 5 6 7 11 12\npci_link5: Links after disable:\nIndex  IRQ  Rtd  Ref  IRQs\n    0  255   N     0  3 4 5 6 7 11 12\npci_link6: Links after initial probe:\nIndex  IRQ  Rtd  Ref  IRQs\n    0   10   N     0  10\npci_link6: Links after initial validation:\nIndex  IRQ  Rtd  Ref  IRQs\n    0   10   N     0  10\npci_link6: Links after disable:\nIndex  IRQ  Rtd  Ref  IRQs\n    0  255   N     0  10\npci_link7: Links after initial probe:\nIndex  IRQ  Rtd  Ref  IRQs\n    0   11   N     0  3 4 5 6 7 11 12\npci_link7: Links after initial validation:\nIndex  IRQ  Rtd  Ref  IRQs\n    0   11   N     0  3 4 5 6 7 11 12\npci_link7: Links after disable:\nIndex  IRQ  Rtd  Ref  IRQs\n    0  255   N     0  3 4 5 6 7 11 12\nACPI timer: 1/1 1/1 1/1 1/1 1/1 0/315 0/369 1/1 1/1 1/1 -\u003e 8\nTimecounter \"ACPI-safe\" frequency 3579545 Hz quality 1000\nacpi_timer0: \u003c24-bit timer at 3.579545MHz\u003e port 0xee08-0xee0b on acpi0\ncpu0: \u003cACPI CPU\u003e on acpi0\nacpi_perf0: \u003cACPI CPU Frequency Control\u003e on cpu0\npcib0: \u003cACPI Host-PCI bridge\u003e port 0xcf8-0xcff on acpi0\nACPI: Found matching pin for 0.31.INTA at func 1: 11\nACPI: Found matching pin for 0.31.INTB at func 5: 11\nACPI: Found matching pin for 0.29.INTA at func 0: 11\nACPI: Found matching pin for 0.29.INTB at func 1: 11\nACPI: Found matching pin for 0.29.INTC at func 2: 11\npci0: \u003cACPI PCI bus\u003e on pcib0\npci0: physical bus=0\nfound-\u003e\tvendor=0x8086, dev=0x1a30, revid=0x04\n\tbus=0, slot=0, func=0\n\tclass=06-00-00, hdrtype=0x00, mfdev=0\n\tcmdreg=0x0006, statreg=0x2090, cachelnsz=0 (dwords)\n\tlattimer=0x00 (0 ns), mingnt=0x00 (0 ns), maxlat=0x00 (0 ns)\n\tmap[10]: type 3, range 32, base e0000000, size 28, enabled\nfound-\u003e\tvendor=0x8086, dev=0x1a31, revid=0x04\n\tbus=0, slot=1, func=0\n\tclass=06-04-00, hdrtype=0x01, mfdev=0\n\tcmdreg=0x0007, statreg=0x00a0, cachelnsz=0 (dwords)\n\tlattimer=0x40 (1920 ns), mingnt=0x08 (2000 ns), maxlat=0x00 (0 ns)\nfound-\u003e\tvendor=0x8086, dev=0x2482, revid=0x02\n\tbus=0, slot=29, func=0\n\tclass=0c-03-00, hdrtype=0x00, mfdev=1\n\tcmdreg=0x0005, statreg=0x0280, cachelnsz=0 (dwords)\n\tlattimer=0x00 (0 ns), mingnt=0x00 (0 ns), maxlat=0x00 (0 ns)\n\tintpin=a, irq=11\n\tmap[20]: type 4, range 32, base 0000efe0, size  5, enabled\npcib0: matched entry for 0.29.INTA (src \\\\_SB_.LNKA:0)\npcib0: slot 29 INTA routed to irq 11 via \\\\_SB_.LNKA\nfound-\u003e\tvendor=0x8086, dev=0x2484, revid=0x02\n\tbus=0, slot=29, func=1\n\tclass=0c-03-00, hdrtype=0x00, mfdev=0\n\tcmdreg=0x0005, statreg=0x0280, cachelnsz=0 (dwords)\n\tlattimer=0x00 (0 ns), mingnt=0x00 (0 ns), maxlat=0x00 (0 ns)\n\tintpin=b, irq=11\n\tmap[20]: type 4, range 32, base 0000ef80, size  5, enabled\npcib0: matched entry for 0.29.INTB (src \\\\_SB_.LNKD:0)\npcib0: slot 29 INTB routed to irq 11 via \\\\_SB_.LNKD\nfound-\u003e\tvendor=0x8086, dev=0x2487, revid=0x02\n\tbus=0, slot=29, func=2\n\tclass=0c-03-00, hdrtype=0x00, mfdev=0\n\tcmdreg=0x0005, statreg=0x0280, cachelnsz=0 (dwords)\n\tlattimer=0x00 (0 ns), mingnt=0x00 (0 ns), maxlat=0x00 (0 ns)\n\tintpin=c, irq=11\n\tmap[20]: type 4, range 32, base 0000ef60, size  5, enabled\npcib0: matched entry for 0.29.INTC (src \\\\_SB_.LNKC:0)\npcib0: slot 29 INTC routed to irq 11 via \\\\_SB_.LNKC\nfound-\u003e\tvendor=0x8086, dev=0x2448, revid=0x42\n\tbus=0, slot=30, func=0\n\tclass=06-04-00, hdrtype=0x01, mfdev=0\n\tcmdreg=0x0007, statreg=0x0080, cachelnsz=0 (dwords)\n\tlattimer=0x00 (0 ns), mingnt=0x00 (0 ns), maxlat=0x00 (0 ns)\nfound-\u003e\tvendor=0x8086, dev=0x248c, revid=0x02\n\tbus=0, slot=31, func=0\n\tclass=06-01-00, hdrtype=0x00, mfdev=1\n\tcmdreg=0x000f, statreg=0x0280, cachelnsz=0 (dwords)\n\tlattimer=0x00 (0 ns), mingnt=0x00 (0 ns), maxlat=0x00 (0 ns)\nfound-\u003e\tvendor=0x8086, dev=0x248a, revid=0x02\n\tbus=0, slot=31, func=1\n\tclass=01-01-8a, hdrtype=0x00, mfdev=0\n\tcmdreg=0x0007, statreg=0x0280, cachelnsz=0 (dwords)\n\tlattimer=0x00 (0 ns), mingnt=0x00 (0 ns), maxlat=0x00 (0 ns)\n\tintpin=a, irq=11\n\tmap[20]: type 4, range 32, base 0000cfa0, size  4, enabled\n\tmap[24]: type 1, range 32, base 00000000, size 10, enabled\npcib0: matched entry for 0.31.INTA (src \\\\_SB_.LNKC:0)\npcib0: slot 31 INTA routed to irq 11 via \\\\_SB_.LNKC\nfound-\u003e\tvendor=0x8086, dev=0x2485, revid=0x02\n\tbus=0, slot=31, func=5\n\tclass=04-01-00, hdrtype=0x00, mfdev=0\n\tcmdreg=0x0005, statreg=0x0280, cachelnsz=0 (dwords)\n\tlattimer=0x00 (0 ns), mingnt=0x00 (0 ns), maxlat=0x00 (0 ns)\n\tintpin=b, irq=11\n\tmap[10]: type 4, range 32, base 0000ce00, size  8, enabled\n\tmap[14]: type 4, range 32, base 0000cdc0, size  6, enabled\npcib0: matched entry for 0.31.INTB (src \\\\_SB_.LNKB:0)\npcib0: slot 31 INTB routed to irq 11 via \\\\_SB_.LNKB\nfound-\u003e\tvendor=0x8086, dev=0x2486, revid=0x02\n\tbus=0, slot=31, func=6\n\tclass=07-03-00, hdrtype=0x00, mfdev=0\n\tcmdreg=0x0005, statreg=0x0280, cachelnsz=0 (dwords)\n\tlattimer=0x00 (0 ns), mingnt=0x00 (0 ns), maxlat=0x00 (0 ns)\n\tintpin=b, irq=11\n\tmap[10]: type 4, range 32, base 0000ca00, size  8, enabled\n\tmap[14]: type 4, range 32, base 0000c980, size  7, enabled\npcib0: matched entry for 0.31.INTB (src \\\\_SB_.LNKB:0)\npcib0: slot 31 INTB routed to irq 11 via \\\\_SB_.LNKB\npcib1: \u003cACPI PCI-PCI bridge\u003e at device 1.0 on pci0\npcib1:   secondary bus     1\npcib1:   subordinate bus   1\npcib1:   I/O decode        0xf000-0xfff\npcib1:   memory decode     0xfd000000-0xfdffffff\npcib1:   prefetched decode 0xdbf00000-0xdfffffff\nACPI: Found matching pin for 1.0.INTA at func 0: 10\npci1: \u003cACPI PCI bus\u003e on pcib1\npci1: physical bus=1\nfound-\u003e\tvendor=0x10de, dev=0x0175, revid=0xa3\n\tbus=1, slot=0, func=0\n\tclass=03-00-00, hdrtype=0x00, mfdev=0\n\tcmdreg=0x0007, statreg=0x02b0, cachelnsz=0 (dwords)\n\tlattimer=0x40 (1920 ns), mingnt=0x05 (1250 ns), maxlat=0x01 (250 ns)\n\tintpin=a, irq=10\n\tpowerspec 2  supports D0 D3  current D0\n\tmap[10]: type 1, range 32, base fd000000, size 24, enabled\npcib1: (null) requested memory range 0xfd000000-0xfdffffff: good\n\tmap[14]: type 3, range 32, base dc000000, size 26, enabled\npcib1: (null) requested memory range 0xdc000000-0xdfffffff: good\n\tmap[18]: type 3, range 32, base dbf80000, size 19, enabled\npcib1: (null) requested memory range 0xdbf80000-0xdbffffff: good\npcib1: matched entry for 1.0.INTA (src \\\\_SB_.LNKG:0)\npcib1: slot 0 INTA routed to irq 10 via \\\\_SB_.LNKG\npci1: \u003cdisplay, VGA\u003e at device 0.0 (no driver attached)\npci0: \u003cserial bus, USB\u003e at device 29.0 (no driver attached)\npci0: \u003cserial bus, USB\u003e at device 29.1 (no driver attached)\npci0: \u003cserial bus, USB\u003e at device 29.2 (no driver attached)\npcib2: \u003cACPI PCI-PCI bridge\u003e at device 30.0 on pci0\npcib2:   secondary bus     2\npcib2:   subordinate bus   5\npcib2:   I/O decode        0xd000-0xdfff\npcib2:   memory decode     0xfce00000-0xfcefffff\npcib2:   prefetched decode 0xdbd00000-0xdbdfffff\npcib2:   Subtractively decoded bridge.\nACPI: Found matching pin for 2.11.INTA at func 0: 11\nACPI: Found matching pin for 2.11.INTB at func 1: 11\nACPI: Found matching pin for 2.8.INTA at func 0: 11\nACPI: Found matching pin for 2.10.INTA at func 0: 11\nACPI: Found matching pin for 2.13.INTA at func 0: 11\npci2: \u003cACPI PCI bus\u003e on pcib2\npci2: physical bus=2\nfound-\u003e\tvendor=0x8086, dev=0x1031, revid=0x42\n\tbus=2, slot=8, func=0\n\tclass=02-00-00, hdrtype=0x00, mfdev=0\n\tcmdreg=0x0007, statreg=0x0290, cachelnsz=8 (dwords)\n\tlattimer=0x40 (1920 ns), mingnt=0x08 (2000 ns), maxlat=0x38 (14000 ns)\n\tintpin=a, irq=11\n\tpowerspec 2  supports D0 D1 D2 D3  current D0\n\tmap[10]: type 1, range 32, base fceff000, size 12, enabled\npcib2: (null) requested memory range 0xfceff000-0xfcefffff: good\n\tmap[14]: type 4, range 32, base 0000df40, size  6, enabled\npcib2: (null) requested I/O range 0xdf40-0xdf7f: in range\npcib2: matched entry for 2.8.INTA (src \\\\_SB_.LNKE:0)\npcib2: slot 8 INTA routed to irq 11 via \\\\_SB_.LNKE\nfound-\u003e\tvendor=0x1260, dev=0x3873, revid=0x01\n\tbus=2, slot=10, func=0\n\tclass=02-80-00, hdrtype=0x00, mfdev=0\n\tcmdreg=0x0007, statreg=0x0290, cachelnsz=8 (dwords)\n\tlattimer=0x40 (1920 ns), mingnt=0x00 (0 ns), maxlat=0x00 (0 ns)\n\tintpin=a, irq=11\n\tpowerspec 2  supports D0 D1 D2 D3  current D0\n\tmap[10]: type 3, range 32, base dbdff000, size 12, enabled\npcib2: (null) requested memory range 0xdbdff000-0xdbdfffff: good\npcib2: matched entry for 2.10.INTA (src \\\\_SB_.LNKH:0)\npcib2: slot 10 INTA routed to irq 11 via \\\\_SB_.LNKH\nfound-\u003e\tvendor=0x1179, dev=0x060a, revid=0x07\n\tbus=2, slot=11, func=0\n\tclass=06-07-00, hdrtype=0x02, mfdev=1\n\tcmdreg=0x0000, statreg=0x0490, cachelnsz=0 (dwords)\n\tlattimer=0x40 (1920 ns), mingnt=0x00 (0 ns), maxlat=0x00 (0 ns)\n\tintpin=a, irq=11\n\tpowerspec 1  supports D0 D3  current D0\n\tmap[10]: type 1, range 32, base 00000000, size 12, memory disabled\npcib2: matched entry for 2.11.INTA (src \\\\_SB_.LNKA:0)\npcib2: slot 11 INTA routed to irq 11 via \\\\_SB_.LNKA\nfound-\u003e\tvendor=0x1179, dev=0x060a, revid=0x07\n\tbus=2, slot=11, func=1\n\tclass=06-07-00, hdrtype=0x02, mfdev=1\n\tcmdreg=0x0000, statreg=0x0490, cachelnsz=0 (dwords)\n\tlattimer=0x40 (1920 ns), mingnt=0x00 (0 ns), maxlat=0x00 (0 ns)\n\tintpin=b, irq=11\n\tpowerspec 1  supports D0 D3  current D0\n\tmap[10]: type 1, range 32, base 00000000, size 12, memory disabled\npcib2: matched entry for 2.11.INTB (src \\\\_SB_.LNKB:0)\npcib2: slot 11 INTB routed to irq 11 via \\\\_SB_.LNKB\nfound-\u003e\tvendor=0x1179, dev=0x0805, revid=0x03\n\tbus=2, slot=13, func=0\n\tclass=08-80-00, hdrtype=0x00, mfdev=0\n\tcmdreg=0x0002, statreg=0x0210, cachelnsz=0 (dwords)\n\tlattimer=0x00 (0 ns), mingnt=0x00 (0 ns), maxlat=0x00 (0 ns)\n\tintpin=a, irq=11\n\tpowerspec 2  supports D0 D1 D2 D3  current D0\n\tmap[10]: type 1, range 32, base fcefee00, size  9, enabled\npcib2: (null) requested memory range 0xfcefee00-0xfcefefff: good\npcib2: matched entry for 2.13.INTA (src \\\\_SB_.LNKA:0)\npcib2: slot 13 INTA routed to irq 11 via \\\\_SB_.LNKA\nfxp0: \u003cIntel 82801CAM (ICH3) Pro/100 VE Ethernet\u003e port 0xdf40-0xdf7f mem 0xfceff000-0xfcefffff irq 11 at device 8.0 on pci2\nfxp0: Reserved 0x1000 bytes for rid 0x10 type 3 at 0xfceff000\nfxp0: using memory space register mapping\nfxp0: PCI IDs: 8086 1031 1179 0001 0042\nfxp0: Dynamic Standby mode is disabled\nmiibus0: \u003cMII bus\u003e on fxp0\ninphy0: \u003ci82562ET 10/100 media interface\u003e on miibus0\ninphy0:  10baseT, 10baseT-FDX, 100baseTX, 100baseTX-FDX, auto\nfxp0: bpf attached\nfxp0: Ethernet address: 00:00:39:a1:83:e7\nfxp0: [MPSAFE]\nwi0: \u003cIntersil Prism2.5\u003e mem 0xdbdff000-0xdbdfffff irq 11 at device 10.0 on pci2\nwi0: Reserved 0x1000 bytes for rid 0x10 type 3 at 0xdbdff000\nwi0: [MPSAFE]\nwi0: using RF:PRISM2.5 MAC:ISL3874A(Mini-PCI)\nwi0: Intersil Firmware: Primary (1.1.0), Station (1.4.9)\nwi0: bpf attached\nwi0: Ethernet address: 00:02:6f:35:90:83\nwi0: bpf attached\nwi0: bpf attached\nwi0: 11b rates: 1Mbps 2Mbps 5.5Mbps 11Mbps\ncbb0: \u003cToPIC95B PCI-CardBus Bridge\u003e irq 11 at device 11.0 on pci2\npcib2: cbb0 requested memory range 0xfce00000-0xfcefffff: good\ncbb0: Lazy allocation of 0x1000 bytes rid 0x10 type 3 at 0xfce00000\ncardbus0: \u003cCardBus bus\u003e on cbb0\npccard0: \u003c16-bit PCCard bus\u003e on cbb0\ncbb0: [MPSAFE]\ncbb0: PCI Configuration space:\n  0x00: 0x060a1179 0x04900007 0x06070007 0x00824000 \n  0x10: 0xfce00000 0x04800080 0x00040402 0xfffff000 \n  0x20: 0x00000000 0xfffff000 0x00000000 0x0000fffc \n  0x30: 0x00000000 0x0000fffc 0x00000000 0x0400010b \n  0x40: 0x00011179 0x00000001 0x00000000 0x00000000 \n  0x50: 0x00000000 0x00000000 0x00000000 0x00000000 \n  0x60: 0x00000000 0x00000000 0x00000000 0x00000000 \n  0x70: 0x00000000 0x00000000 0x00000000 0x00000000 \n  0x80: 0x00010001 0x00800000 0x00000000 0x01000000 \n  0x90: 0x00000001 0x00000000 0x00000000 0x00000000 \n  0xa0: 0x860010f0 0x0c000000 0x00000000 0x0000d100 \n  0xb0: 0x3f3f3fcf 0x0a081020 0x00010100 0x00023f00 \n  0xc0: 0x00000000 0x00000000 0x00000000 0x00000000 \n  0xd0: 0x00040000 0x00000000 0x00000000 0x00000000 \n  0xe0: 0x00000000 0x00000000 0x00000000 0x00000000 \n  0xf0: 0x00000000 0x00000000 0x00000000 0x00000008 \ncbb1: \u003cToPIC95B PCI-CardBus Bridge\u003e irq 11 at device 11.1 on pci2\npcib2: cbb1 requested memory range 0xfce00000-0xfcefffff: good\ncbb1: Lazy allocation of 0x1000 bytes rid 0x10 type 3 at 0xfce01000\ncardbus1: \u003cCardBus bus\u003e on cbb1\npccard1: \u003c16-bit PCCard bus\u003e on cbb1\ncbb1: [MPSAFE]\ncbb1: PCI Configuration space:\n  0x00: 0x060a1179 0x04900007 0x06070007 0x00824000 \n  0x10: 0xfce01000 0x04800080 0x00050502 0xfffff000 \n  0x20: 0x00000000 0xfffff000 0x00000000 0x0000fffc \n  0x30: 0x00000000 0x0000fffc 0x00000000 0x0400020b \n  0x40: 0x00011179 0x00000001 0x00000000 0x00000000 \n  0x50: 0x00000000 0x00000000 0x00000000 0x00000000 \n  0x60: 0x00000000 0x00000000 0x00000000 0x00000000 \n  0x70: 0x00000000 0x00000000 0x00000000 0x00000000 \n  0x80: 0x00010001 0x00800000 0x00000000 0x01000000 \n  0x90: 0x00000001 0x00000000 0x00000000 0x00000000 \n  0xa0: 0x860020f0 0x0c000000 0x00000000 0x0000d100 \n  0xb0: 0x3f3f3fcf 0x0a081020 0x00010100 0x00023f00 \n  0xc0: 0x00000000 0x00000000 0x00000000 0x00000000 \n  0xd0: 0x00040000 0x00000000 0x00000000 0x00000000 \n  0xe0: 0x00000000 0x00000000 0x00000000 0x00000000 \n  0xf0: 0x00000000 0x00000000 0x00000000 0x00000008 \npci2: \u003cbase peripheral\u003e at device 13.0 (no driver attached)\nisab0: \u003cPCI-ISA bridge\u003e at device 31.0 on pci0\nisa0: \u003cISA bus\u003e on isab0\natapci0: \u003cIntel ICH3 UDMA100 controller\u003e port 0x1f0-0x1f7,0x3f6,0x170-0x177,0x376,0xcfa0-0xcfaf irq 11 at device 31.1 on pci0\natapci0: Reserved 0x10 bytes for rid 0x20 type 4 at 0xcfa0\nata0: \u003cATA channel 0\u003e on atapci0\natapci0: Reserved 0x8 bytes for rid 0x10 type 4 at 0x1f0\natapci0: Reserved 0x1 bytes for rid 0x14 type 4 at 0x3f6\nata0: reset tp1 mask=03 ostat0=50 ostat1=00\nata0: stat0=0x50 err=0x01 lsb=0x00 msb=0x00\nata0: stat1=0x00 err=0x01 lsb=0x00 msb=0x00\nata0: reset tp2 stat0=50 stat1=00 devices=0x1\u003cATA_MASTER\u003e\nata0: [MPSAFE]\nata1: \u003cATA channel 1\u003e on atapci0\natapci0: Reserved 0x8 bytes for rid 0x18 type 4 at 0x170\natapci0: Reserved 0x1 bytes for rid 0x1c type 4 at 0x376\nata1: reset tp1 mask=03 ostat0=50 ostat1=00\nata1: stat0=0x00 err=0x01 lsb=0x14 msb=0xeb\nata1: stat1=0x00 err=0x01 lsb=0x14 msb=0xeb\nata1: reset tp2 stat0=00 stat1=00 devices=0xc\u003cATAPI_SLAVE,ATAPI_MASTER\u003e\nata1: [MPSAFE]\npcm0: \u003cIntel ICH3 (82801CA)\u003e port 0xce00-0xceff,0xcdc0-0xcdff irq 11 at device 31.5 on pci0\npcm0: Reserved 0x100 bytes for rid 0x10 type 4 at 0xce00\npcm0: Reserved 0x40 bytes for rid 0x14 type 4 at 0xcdc0\npcm0: [MPSAFE]\npcm0: \u003cYamaha YMF753 AC97 Codec (id = 0x594d4803)\u003e\npcm0: Codec features 18 bit DAC, 5 bit master volume, no 3D Stereo Enhancement\npcm0: Primary codec extended features reserved 1, AMAP, reserved 4\npcm0: ac97 codec dac ready count: 0\npcm0: sndbuf_setmap 2ec13000, 4000; 0xde376000 -\u003e 2ec13000\npcm0: sndbuf_setmap 2ec0f000, 4000; 0xde37a000 -\u003e 2ec0f000\npci0: \u003csimple comms, generic modem\u003e at device 31.6 (no driver attached)\nacpi_lid0: \u003cControl Method Lid Switch\u003e on acpi0\nbattery0: \u003cACPI Control Method Battery\u003e on acpi0\nbattery1: \u003cACPI Control Method Battery\u003e on acpi0\nacpi_acad0: \u003cAC Adapter\u003e on acpi0\nacpi_tz0: \u003cThermal Zone\u003e on acpi0\nspeaker0: \u003cPC speaker\u003e port 0x61 on acpi0\natkbdc0: \u003cKeyboard controller (i8042)\u003e port 0x60,0x64 irq 1 on acpi0\natkbd0: \u003cAT Keyboard\u003e irq 1 on atkbdc0\natkbd: the current kbd controller command byte 0047\natkbd: keyboard ID 0x41ab (2)\nkbd0 at atkbd0\nkbd0: atkbd0, AT 101/102 (2), config:0x0, flags:0x3d0000\natkbd0: [GIANT-LOCKED]\npsm0: unable to allocate IRQ\npsmcpnp0: \u003cPS/2 mouse port\u003e irq 12 on acpi0\npsm0: current command byte:0047\npsm0: \u003cPS/2 Mouse\u003e irq 12 on atkbdc0\npsm0: [GIANT-LOCKED]\npsm0: model IntelliMouse, device ID 3-00, 3 buttons\npsm0: config:00000000, flags:00000008, packet size:4\npsm0: syncmask:08, syncbits:00\nsio0: irq maps: 0x201 0x211 0x201 0x201\nsio0: \u003c16550A-compatible COM port\u003e port 0x3f8-0x3ff irq 4 flags 0x10 on acpi0\nsio0: type 16550A\nata: ata0 already exists; skipping it\nata: ata1 already exists; skipping it\natkbdc: atkbdc0 already exists; skipping it\nsio: sio0 already exists; skipping it\nsc: sc0 already exists; skipping it\nvga: vga0 already exists; skipping it\npnp_identify: Trying Read_Port at 203\npnp_identify: Trying Read_Port at 243\npnp_identify: Trying Read_Port at 283\npnp_identify: Trying Read_Port at 2c3\npnp_identify: Trying Read_Port at 303\npnp_identify: Trying Read_Port at 343\npnp_identify: Trying Read_Port at 383\npnp_identify: Trying Read_Port at 3c3\nPNP Identify complete\nisa_probe_children: disabling PnP devices\nisa_probe_children: probing non-PnP devices\npmtimer0 on isa0\norm0: \u003cISA Option ROMs\u003e at iomem 0xc0000-0xcffff,0xe0000-0xeffff on isa0\nadv0: not probed (disabled)\naha0: not probed (disabled)\naic0: not probed (disabled)\nbt0: not probed (disabled)\ncs0: not probed (disabled)\ned0: not probed (disabled)\nfdc0 failed to probe at port 0x3f0 irq 6 drq 2 on isa0\nfe0: not probed (disabled)\nie0: not probed (disabled)\nlnc0: not probed (disabled)\nppc0 failed to probe at irq 7 on isa0\nsc0: \u003cSystem console\u003e at flags 0x100 on isa0\nsc0: VGA \u003c16 virtual consoles, flags=0x300\u003e\nsc0: fb0, kbd0, terminal emulator: sc (syscons terminal)\nsio1: not probed (disabled)\nsio2: not probed (disabled)\nsio3: not probed (disabled)\nsn0: not probed (disabled)\nvga0: \u003cGeneric ISA VGA\u003e at port 0x3c0-0x3df iomem 0xa0000-0xbffff on isa0\nvt0: not probed (disabled)\nisa_probe_children: probing PnP devices\nDevice configuration finished.\nprocfs registered\nTimecounter \"TSC\" frequency 1993532168 Hz quality 800\nTimecounters tick every 1.000 msec\nLinux ELF exec handler installed\nlo0: bpf attached\nbattery0: battery initialization start\nbattery0: battery initialization done, tried 1 times\nbattery1: battery initialization start\nacpi_acad0: acline initialization start\nacpi_acad0: On Line\nacpi_acad0: acline initialization done, tried 1 times\nata0-master: pio=PIO4 wdma=WDMA2 udma=UDMA100 cable=80 wire\natapicam: atapicam0 already exists; skipping it\nad0: setting PIO4 on ICH3 chip\nad0: setting UDMA100 on ICH3 chip\nad0: 57231MB \u003cTOSHIBA MK6021GAS GA023A\u003e at ata0-master UDMA100\nad0: 117210240 sectors [116280C/16H/63S] 16 sectors/interrupt 1 depth queue\nGEOM: new disk ad0\nata1: reiniting channel ..\nata1: reset tp1 mask=03 ostat0=00 ostat1=00\nata1: stat0=0x00 err=0x01 lsb=0x14 msb=0xeb\nata1: stat1=0x00 err=0x01 lsb=0x14 msb=0xeb\nata1: reset tp2 stat0=00 stat1=00 devices=0xc\u003cATAPI_SLAVE,ATAPI_MASTER\u003e\nata1: reinit done ..\nata1: reiniting channel ..\nata1: reset tp1 mask=03 ostat0=00 ostat1=00\nata1: stat0=0x00 err=0x01 lsb=0x14 msb=0xeb\nata1: stat1=0x00 err=0x01 lsb=0x14 msb=0xeb\nata1: reset tp2 stat0=00 stat1=00 devices=0xc\u003cATAPI_SLAVE,ATAPI_MASTER\u003e\nata1: reinit done ..\nata1-master: pio=PIO4 wdma=WDMA2 udma=UDMA33 cable=80 wire\nacd0: setting PIO4 on ICH3 chip\nacd0: setting UDMA33 on ICH3 chip\nacd0: \u003cQSI DVD+/-RW SDW-082K/PX45\u003e DVDR drive at ata1 as master\nacd0: read 2067KB/s (4134KB/s) write 4134KB/s (4134KB/s), 2048KB buffer, UDMA33\nacd0: Reads: CDR, CDRW, CDDA stream, DVDROM, DVDR, packet\nacd0: Writes: CDR, CDRW, DVDR, test write, burnproof\nacd0: Audio: play, 32 volume levels\nacd0: Mechanism: ejectable tray, unlocked\nacd0: Medium: CD-ROM unknown\npcm0: measured ac97 link rate at 48013 Hz, will use 48000 Hz\n(probe0:ata1:0:0:0): error 22\n(probe0:ata1:0:0:0): Unretryable Error\n(probe0:ata1:0:0:0): error 6\n(probe0:ata1:0:0:0): Unretryable Error\n(probe0:ata1:0:0:0): error 22\n(probe0:ata1:0:0:0): Unretryable Error\npass0 at ata1 bus 0 target 0 lun 0\npass0: \u003cQSI DVD+-RW SDW-082K PX45\u003e Removable CD-ROM SCSI-0 device \npass0: 33.000MB/s transfers\nGEOM: new disk cd0\n(cd0:ata1:0:0:0): error 6\n(cd0:ata1:0:0:0): Unretryable Error\ncd0 at ata1 bus 0 target 0 lun 0\ncd0: \u003cQSI DVD+-RW SDW-082K PX45\u003e Removable CD-ROM SCSI-0 device \ncd0: 33.000MB/s transfers\ncd0: Attempt to query device size failed: NOT READY, Medium not present\n(cd0:ata1:0:0:0): error 6\n(cd0:ata1:0:0:0): Unretryable Error\n(cd0:ata1:0:0:0): error 6\n(cd0:ata1:0:0:0): Unretryable Error\n(cd0:ata1:0:0:0): error 6\n(cd0:ata1:0:0:0): Unretryable Error\nTrying to mount root from ufs:/dev/ad0s2a\nstart_init: trying /sbin/init\nlinprocfs registered\nfxp0: link state changed to UP\nbattery1: battery initialization failed, giving up\n\n// acpiconf -s S3\n\npci2:8:0: Transition from D0 to D3\npci2:10:0: Transition from D0 to D3\nvga0: saving 2052 bytes of video state\n\n// Power button actuated\n\n======== acpi_printcpu() debug dump ========\ngdt[0097:c06cf980] idt[07ff:c06cfda0] ldt[0050] tr[0048] efl[00080082]\neax[00000001] ebx[c40c6200] ecx[c402f570] edx[0009e227]\nesi[00000003] edi[00000000] ebp[dfe65c1c] esp[dfe65c00]\ncr0[8005003b] cr2[0804a32c] cr3[2eee4000] cr4[00000691]\ncs[0020] ds[0028] es[0028] fs[0008] gs[001b] ss[0028]\n======== acpi_printcpu() debug dump ========\ngdt[0097:c06cf980] idt[07ff:c06cfda0] ldt[0050] tr[0048] efl[00000002]\neax[00000001] ebx[c40c6200] ecx[000000a0] edx[c42b4300]\nesi[00000003] edi[00000000] ebp[dfe65c1c] esp[dfe65c00]\ncr0[8005003b] cr2[0804a32c] cr3[2eee4000] cr4[00000691]\ncs[0020] ds[0028] es[0028] fs[0008] gs[001b] ss[0028]\ncbb0: [MPSAFE]\ncbb1: [MPSAFE]\nwakeup from sleeping state (slept 00:04:16)\nata0: reiniting channel ..\nata0: reset tp1 mask=03 ostat0=80 ostat1=80\nata0: stat0=0x80 err=0x80 lsb=0x80 msb=0x80\nata0: stat0=0x80 err=0x80 lsb=0x80 msb=0x80\nata0: stat0=0x80 err=0x80 lsb=0x80 msb=0x80\nata0: stat0=0x80 err=0x80 lsb=0x80 msb=0x80\nata0: stat0=0x80 err=0x80 lsb=0x80 msb=0x80\nata0: stat0=0x80 err=0x80 lsb=0x80 msb=0x80\nata0: stat0=0x80 err=0x80 lsb=0x80 msb=0x80\nata0: stat0=0x80 err=0x80 lsb=0x80 msb=0x80\nata0: stat0=0x80 err=0x80 lsb=0x80 msb=0x80\nata0: stat0=0x80 err=0x80 lsb=0x80 msb=0x80\nata0: stat0=0x80 err=0x80 lsb=0x80 msb=0x80\nata0: stat0=0x80 err=0x80 lsb=0x80 msb=0x80\nata0: stat0=0x80 err=0x80 lsb=0x80 msb=0x80\nata0: stat0=0x80 err=0x80 lsb=0x80 msb=0x80\nata0: stat0=0x80 err=0x80 lsb=0x80 msb=0x80\nata0: stat0=0x80 err=0x80 lsb=0x80 msb=0x80\nata0: stat0=0x80 err=0x80 lsb=0x80 msb=0x80\nata0: stat0=0x80 err=0x80 lsb=0x80 msb=0x80\nata0: stat0=0x80 err=0x80 lsb=0x80 msb=0x80\nata0: stat0=0x50 err=0x00 lsb=0xfe msb=0x3f\nata0: stat1=0x00 err=0x00 lsb=0xfe msb=0x3f\nata0: reset tp2 stat0=50 stat1=00 devices=0x0\nad0: detached\nata0: reinit done ..\nata1: reiniting channel ..\nata1: reset tp1 mask=03 ostat0=50 ostat1=00\nata1: stat0=0x00 err=0x01 lsb=0x14 msb=0xeb\nata1: stat1=0x00 err=0x01 lsb=0x14 msb=0xeb\nata1: reset tp2 stat0=00 stat1=00 devices=0xc\u003cATAPI_SLAVE,ATAPI_MASTER\u003e\ng_vfs_done():ad0s2a[WRITE(offset=3744169984, length=16384)]error = 6\ng_vfs_done():ad0s2a[WRITE(offset=3744169984, length=16384)]error = 6\ng_vfs_done():ad0s2a[WRITE(offset=3744169984, length=16384)]error = 6\ng_vfs_done():ad0s2a[WRITE(offset=3744169984, length=16384)]error = 6\ng_vfs_done():ad0s2a[WRITE(offset=3744169984, length=16384)]error = 6\ng_vfs_done():ad0s2a[WRITE(offset=3744169984, length=16384)]error = 6\ng_vfs_done():ad0s2a[WRITE(offset=3744169984, length=16384)]error = 6\ng_vfs_done():ad0s2a[WRITE(offset=3744169984, length=16384)]error = 6\ng_vfs_done():ad0s2a[WRITE(offset=3744169984, length=16384)]error = 6\ng_vfs_done():ad0s2a[WRITE(offset=3744169984, length=16384)]error = 6\nacd0: setting PIO4 on ICH3 chip\nacd0: setting UDMA33 on ICH3 chip\nata1: reinit done ..\natkbd: the current kbd controller command byte 0065\natkbd: keyboard ID 0x41ab (2)\nkbdc: RESET_KBD return code:00fa\nkbdc: RESET_KBD status:00aa\nbattery0: battery initialization start\nbattery0: battery initialization done, tried 1 times\nbattery1: battery initialization start\ng_vfs_done():ad0s2a[READ(offset=3698522112, length=2048)]error = 6\npanic: vinvalbuf: dirty bufs\nUptime: 10m56s\nCannot dump. No dump device defined.\nAutomatic reboot in 15 seconds - press a key on the console to abort\n--\u003e Press a key on the console to reboot,\n--\u003e or switch off the system now.\nRebooting...\n\nThe ASL output from acpidump(8):\n  \u003chttp://eng.utoledo.edu/~grafe/pub/tsp6100a.asl.txt\u003e\n\nNote that APM suspend (apm -z) \u0026 resume work properly on this system.\nOutput of \"verbose\" dmesg(8) for APM-based suspend/resume cycle:\n\n// boot -v (APM \u0026 USB kernel)\n\nCopyright (c) 1992-2006 The FreeBSD Project.\nCopyright (c) 1979, 1980, 1983, 1986, 1988, 1989, 1991, 1992, 1993, 1994\nThe Regents of the University of California. All rights reserved.\nFreeBSD 6.1-RELEASE #0: Sun Dec 17 19:46:53 EST 2006\nroot@tsp6100a:/usr/src/sys/i386/compile/TSP6100D\nPreloaded elf kernel \"/boot/kernel/kernel\" at 0xc0773000.\nPreloaded elf module \"/boot/kernel/linux.ko\" at 0xc07731ec.\nCalibrating clock(s) ... i8254 clock: 1193187 Hz\nCLK_USE_I8254_CALIBRATION not specified - using default frequency\nTimecounter \"i8254\" frequency 1193182 Hz quality 0\nCalibrating TSC clock ... TSC clock: 1993537460 Hz\nCPU: Intel(R) Pentium(R) 4 Mobile CPU 2.00GHz (1993.54-MHz 686-class CPU)\nOrigin = \"GenuineIntel\"  Id = 0xf24  Stepping = 4\nFeatures=0x3febf9ff\u003cFPU,VME,DE,PSE,TSC,MSR,PAE,MCE,CX8,SEP,MTRR,PGE,MCA,CMOV,PAT,PSE36,CLFLUSH,DTS,ACPI,MMX,FXSR,SSE,SSE2,SS,HTT,TM\u003e\nreal memory  = 804519936 (767 MB)\nPhysical memory chunk(s):\n0x0000000000001000 - 0x000000000009efff, 647168 bytes (158 pages)\n0x0000000000100000 - 0x00000000003fffff, 3145728 bytes (768 pages)\n0x0000000000825000 - 0x000000002f18afff, 781606912 bytes (190822 pages)\navail memory = 782176256 (745 MB)\nbios32: Found BIOS32 Service Directory header at 0xc00f0260\nbios32: Entry = 0xfc140 (c00fc140)  Rev = 0  Len = 1\npcibios: PCI BIOS entry at 0xf0000+0xd5ad\npnpbios: Found PnP BIOS data at 0xc00f0470\npnpbios: Entry = f0000:9138  Rev = 1.0\npnpbios: Event flag at 510\npnpbios: OEM ID 5937f351\nOther BIOS signatures found:\nwlan: \u003c802.11 Link Layer\u003e\nrandom: \u003centropy source, Software, Yarrow\u003e\nmem: \u003cmemory\u003e\nPentium Pro MTRR support enabled\nnull: \u003cnull device, zero device\u003e\nio: \u003cI/O\u003e\nVESA: information block\n56 45 53 41 00 03 00 01 00 01 01 00 00 00 22 00 \n00 01 00 02 17 04 07 01 00 01 1a 01 00 01 28 01 \n00 01 00 01 01 01 02 01 03 01 04 01 05 01 06 01 \n07 01 0e 01 0f 01 11 01 12 01 14 01 15 01 17 01 \nVESA: 30 mode(s) found\nVESA: v3.0, 32768k memory, flags:0x1, mode table:0xc06d47e2 (1000022)\nVESA: NVidia\nVESA: NVidia Corporation NV17 () Board Chip Rev A2\nnpx0: INT 16 interface\ncpu0 on motherboard\npci_open(1):\tmode 1 addr port (0x0cf8) is 0x00000000\npci_open(1a):\tmode1res=0x80000000 (0x80000000)\npci_cfgcheck:\tdevice 0 [class=060000] [hdr=00] is there (id=1a308086)\npcibios: BIOS version 2.10\nFound $PIR table, 7 entries at 0xc00f01d0\nPCI-Only Interrupts: none\nLocation  Bus Device Pin  Link  IRQs\nembedded    0   31    A   0x62  11\nembedded    0   31    B   0x61  11\nembedded    0   29    A   0x60  11\nembedded    0   29    B   0x63  11\nembedded    0   29    C   0x62  11\nembedded    2   11    A   0x60  11\nembedded    2   11    B   0x61  11\nembedded    2    8    A   0x68  11\nembedded    1    0    A   0x6a  10\nembedded    2   10    A   0x6b  11\nembedded    2   10    B   0x69  11\nembedded    2   13    A   0x60  11\napm0: \u003cAPM BIOS\u003e on motherboard\napm0: found APM BIOS v1.2, connected at v1.2\npcib0: \u003cHost to PCI bridge\u003e pcibus 0 on motherboard\npir0: \u003cPCI Interrupt Routing Table: 7 Entries\u003e on motherboard\n$PIR: Links after initial probe:\nLink  IRQ  Rtd  Ref  IRQs\n0x62  255   N     2  11\n0x61  255   N     2  11\n0x60  255   N     3  11\n0x63  255   N     1  11\n0x68  255   N     1  11\n0x6a  255   N     1  10\n0x6b  255   N     1  11\n0x69  255   N     1  11\n$PIR: Found matching pin for 0.31.INTA at func 1: 11\n$PIR: Found matching pin for 0.31.INTB at func 5: 11\n$PIR: Found matching pin for 0.29.INTA at func 0: 11\n$PIR: Found matching pin for 0.29.INTB at func 1: 11\n$PIR: Found matching pin for 0.29.INTC at func 2: 11\n$PIR: Found matching pin for 2.11.INTA at func 0: 11\n$PIR: Found matching pin for 2.11.INTB at func 1: 11\n$PIR: Found matching pin for 2.8.INTA at func 0: 11\n$PIR: Found matching pin for 1.0.INTA at func 0: 10\n$PIR: Found matching pin for 2.10.INTA at func 0: 11\n$PIR: Found matching pin for 2.13.INTA at func 0: 11\n$PIR: Links after initial IRQ discovery:\nLink  IRQ  Rtd  Ref  IRQs\n0x62   11   N     2  11\n0x61   11   N     2  11\n0x60   11   N     3  11\n0x63   11   N     1  11\n0x68   11   N     1  11\n0x6a   10   N     1  10\n0x6b   11   N     1  11\n0x69   11   N     1  11\n$PIR: IRQs used by BIOS: 10 11\n$PIR: Interrupt Weights:\n[    0   1   2   3   4   5   6   7   8   9  10  11  12  13  14  15 ]\n[    0   0   0   0   0   0   0   0   0   0   1  11   0   0   0   0 ]\npci0: \u003cPCI bus\u003e on pcib0\npci0: physical bus=0\nfound-\u003e\tvendor=0x8086, dev=0x1a30, revid=0x04\nbus=0, slot=0, func=0\nclass=06-00-00, hdrtype=0x00, mfdev=0\ncmdreg=0x0006, statreg=0x2090, cachelnsz=0 (dwords)\nlattimer=0x00 (0 ns), mingnt=0x00 (0 ns), maxlat=0x00 (0 ns)\nmap[10]: type 3, range 32, base e0000000, size 28, enabled\nfound-\u003e\tvendor=0x8086, dev=0x1a31, revid=0x04\nbus=0, slot=1, func=0\nclass=06-04-00, hdrtype=0x01, mfdev=0\ncmdreg=0x0007, statreg=0x00a0, cachelnsz=0 (dwords)\nlattimer=0x40 (1920 ns), mingnt=0x08 (2000 ns), maxlat=0x00 (0 ns)\nfound-\u003e\tvendor=0x8086, dev=0x2482, revid=0x02\nbus=0, slot=29, func=0\nclass=0c-03-00, hdrtype=0x00, mfdev=1\ncmdreg=0x0005, statreg=0x0280, cachelnsz=0 (dwords)\nlattimer=0x00 (0 ns), mingnt=0x00 (0 ns), maxlat=0x00 (0 ns)\nintpin=a, irq=11\nmap[20]: type 4, range 32, base 0000efe0, size  5, enabled\n$PIR: 0:29 INTA routed to irq 11\nfound-\u003e\tvendor=0x8086, dev=0x2484, revid=0x02\nbus=0, slot=29, func=1\nclass=0c-03-00, hdrtype=0x00, mfdev=0\ncmdreg=0x0005, statreg=0x0280, cachelnsz=0 (dwords)\nlattimer=0x00 (0 ns), mingnt=0x00 (0 ns), maxlat=0x00 (0 ns)\nintpin=b, irq=11\nmap[20]: type 4, range 32, base 0000ef80, size  5, enabled\n$PIR: 0:29 INTB routed to irq 11\nfound-\u003e\tvendor=0x8086, dev=0x2487, revid=0x02\nbus=0, slot=29, func=2\nclass=0c-03-00, hdrtype=0x00, mfdev=0\ncmdreg=0x0005, statreg=0x0280, cachelnsz=0 (dwords)\nlattimer=0x00 (0 ns), mingnt=0x00 (0 ns), maxlat=0x00 (0 ns)\nintpin=c, irq=11\nmap[20]: type 4, range 32, base 0000ef60, size  5, enabled\n$PIR: 0:29 INTC routed to irq 11\nfound-\u003e\tvendor=0x8086, dev=0x2448, revid=0x42\nbus=0, slot=30, func=0\nclass=06-04-00, hdrtype=0x01, mfdev=0\ncmdreg=0x0007, statreg=0x0080, cachelnsz=0 (dwords)\nlattimer=0x00 (0 ns), mingnt=0x00 (0 ns), maxlat=0x00 (0 ns)\nfound-\u003e\tvendor=0x8086, dev=0x248c, revid=0x02\nbus=0, slot=31, func=0\nclass=06-01-00, hdrtype=0x00, mfdev=1\ncmdreg=0x000f, statreg=0x0280, cachelnsz=0 (dwords)\nlattimer=0x00 (0 ns), mingnt=0x00 (0 ns), maxlat=0x00 (0 ns)\nfound-\u003e\tvendor=0x8086, dev=0x248a, revid=0x02\nbus=0, slot=31, func=1\nclass=01-01-8a, hdrtype=0x00, mfdev=0\ncmdreg=0x0007, statreg=0x0280, cachelnsz=0 (dwords)\nlattimer=0x00 (0 ns), mingnt=0x00 (0 ns), maxlat=0x00 (0 ns)\nintpin=a, irq=11\nmap[20]: type 4, range 32, base 0000cfa0, size  4, enabled\nmap[24]: type 1, range 32, base 00000000, size 10, enabled\n$PIR: 0:31 INTA routed to irq 11\nfound-\u003e\tvendor=0x8086, dev=0x2485, revid=0x02\nbus=0, slot=31, func=5\nclass=04-01-00, hdrtype=0x00, mfdev=0\ncmdreg=0x0005, statreg=0x0280, cachelnsz=0 (dwords)\nlattimer=0x00 (0 ns), mingnt=0x00 (0 ns), maxlat=0x00 (0 ns)\nintpin=b, irq=11\nmap[10]: type 4, range 32, base 0000ce00, size  8, enabled\nmap[14]: type 4, range 32, base 0000cdc0, size  6, enabled\n$PIR: 0:31 INTB routed to irq 11\nfound-\u003e\tvendor=0x8086, dev=0x2486, revid=0x02\nbus=0, slot=31, func=6\nclass=07-03-00, hdrtype=0x00, mfdev=0\ncmdreg=0x0005, statreg=0x0280, cachelnsz=0 (dwords)\nlattimer=0x00 (0 ns), mingnt=0x00 (0 ns), maxlat=0x00 (0 ns)\nintpin=b, irq=11\nmap[10]: type 4, range 32, base 0000ca00, size  8, enabled\nmap[14]: type 4, range 32, base 0000c980, size  7, enabled\n$PIR: 0:31 INTB routed to irq 11\npcib1: \u003cPCIBIOS PCI-PCI bridge\u003e at device 1.0 on pci0\npcib1:   secondary bus     1\npcib1:   subordinate bus   1\npcib1:   I/O decode        0xf000-0xfff\npcib1:   memory decode     0xfd000000-0xfdffffff\npcib1:   prefetched decode 0xdbf00000-0xdfffffff\npci1: \u003cPCI bus\u003e on pcib1\npci1: physical bus=1\nfound-\u003e\tvendor=0x10de, dev=0x0175, revid=0xa3\nbus=1, slot=0, func=0\nclass=03-00-00, hdrtype=0x00, mfdev=0\ncmdreg=0x0007, statreg=0x02b0, cachelnsz=0 (dwords)\nlattimer=0x40 (1920 ns), mingnt=0x05 (1250 ns), maxlat=0x01 (250 ns)\nintpin=a, irq=10\npowerspec 2  supports D0 D3  current D0\nmap[10]: type 1, range 32, base fd000000, size 24, enabled\npcib1: (null) requested memory range 0xfd000000-0xfdffffff: good\nmap[14]: type 3, range 32, base dc000000, size 26, enabled\npcib1: (null) requested memory range 0xdc000000-0xdfffffff: good\nmap[18]: type 3, range 32, base dbf80000, size 19, enabled\npcib1: (null) requested memory range 0xdbf80000-0xdbffffff: good\n$PIR: 1:0 INTA routed to irq 10\npci1: \u003cdisplay, VGA\u003e at device 0.0 (no driver attached)\npci0: \u003cserial bus, USB\u003e at device 29.0 (no driver attached)\npci0: \u003cserial bus, USB\u003e at device 29.1 (no driver attached)\npci0: \u003cserial bus, USB\u003e at device 29.2 (no driver attached)\npcib2: \u003cPCIBIOS PCI-PCI bridge\u003e at device 30.0 on pci0\npcib2:   secondary bus     2\npcib2:   subordinate bus   5\npcib2:   I/O decode        0xd000-0xdfff\npcib2:   memory decode     0xfce00000-0xfcefffff\npcib2:   prefetched decode 0xdbd00000-0xdbdfffff\npcib2:   Subtractively decoded bridge.\npci2: \u003cPCI bus\u003e on pcib2\npci2: physical bus=2\nfound-\u003e\tvendor=0x8086, dev=0x1031, revid=0x42\nbus=2, slot=8, func=0\nclass=02-00-00, hdrtype=0x00, mfdev=0\ncmdreg=0x0007, statreg=0x0290, cachelnsz=8 (dwords)\nlattimer=0x40 (1920 ns), mingnt=0x08 (2000 ns), maxlat=0x38 (14000 ns)\nintpin=a, irq=11\npowerspec 2  supports D0 D1 D2 D3  current D0\nmap[10]: type 1, range 32, base fceff000, size 12, enabled\npcib2: (null) requested memory range 0xfceff000-0xfcefffff: good\nmap[14]: type 4, range 32, base 0000df40, size  6, enabled\npcib2: (null) requested I/O range 0xdf40-0xdf7f: in range\n$PIR: 2:8 INTA routed to irq 11\nfound-\u003e\tvendor=0x1260, dev=0x3873, revid=0x01\nbus=2, slot=10, func=0\nclass=02-80-00, hdrtype=0x00, mfdev=0\ncmdreg=0x0007, statreg=0x0290, cachelnsz=8 (dwords)\nlattimer=0x40 (1920 ns), mingnt=0x00 (0 ns), maxlat=0x00 (0 ns)\nintpin=a, irq=11\npowerspec 2  supports D0 D1 D2 D3  current D0\nmap[10]: type 3, range 32, base dbdff000, size 12, enabled\npcib2: (null) requested memory range 0xdbdff000-0xdbdfffff: good\n$PIR: 2:10 INTA routed to irq 11\nfound-\u003e\tvendor=0x1179, dev=0x060a, revid=0x07\nbus=2, slot=11, func=0\nclass=06-07-00, hdrtype=0x02, mfdev=1\ncmdreg=0x0000, statreg=0x0490, cachelnsz=0 (dwords)\nlattimer=0x40 (1920 ns), mingnt=0x00 (0 ns), maxlat=0x00 (0 ns)\nintpin=a, irq=11\npowerspec 1  supports D0 D3  current D0\nmap[10]: type 1, range 32, base 00000000, size 12, memory disabled\n$PIR: 2:11 INTA routed to irq 11\nfound-\u003e\tvendor=0x1179, dev=0x060a, revid=0x07\nbus=2, slot=11, func=1\nclass=06-07-00, hdrtype=0x02, mfdev=1\ncmdreg=0x0000, statreg=0x0490, cachelnsz=0 (dwords)\nlattimer=0x40 (1920 ns), mingnt=0x00 (0 ns), maxlat=0x00 (0 ns)\nintpin=b, irq=11\npowerspec 1  supports D0 D3  current D0\nmap[10]: type 1, range 32, base 00000000, size 12, memory disabled\n$PIR: 2:11 INTB routed to irq 11\nfound-\u003e\tvendor=0x1179, dev=0x0805, revid=0x03\nbus=2, slot=13, func=0\nclass=08-80-00, hdrtype=0x00, mfdev=0\ncmdreg=0x0002, statreg=0x0210, cachelnsz=0 (dwords)\nlattimer=0x00 (0 ns), mingnt=0x00 (0 ns), maxlat=0x00 (0 ns)\nintpin=a, irq=11\npowerspec 2  supports D0 D1 D2 D3  current D0\nmap[10]: type 1, range 32, base fcefee00, size  9, enabled\npcib2: (null) requested memory range 0xfcefee00-0xfcefefff: good\n$PIR: 2:13 INTA routed to irq 11\nfxp0: \u003cIntel 82801CAM (ICH3) Pro/100 VE Ethernet\u003e port 0xdf40-0xdf7f mem 0xfceff000-0xfcefffff irq 11 at device 8.0 on pci2\nfxp0: Reserved 0x1000 bytes for rid 0x10 type 3 at 0xfceff000\nfxp0: using memory space register mapping\nfxp0: PCI IDs: 8086 1031 1179 0001 0042\nfxp0: Dynamic Standby mode is disabled\nmiibus0: \u003cMII bus\u003e on fxp0\ninphy0: \u003ci82562ET 10/100 media interface\u003e on miibus0\ninphy0:  10baseT, 10baseT-FDX, 100baseTX, 100baseTX-FDX, auto\nfxp0: bpf attached\nfxp0: Ethernet address: 00:00:39:a1:83:e7\nfxp0: [MPSAFE]\nwi0: \u003cIntersil Prism2.5\u003e mem 0xdbdff000-0xdbdfffff irq 11 at device 10.0 on pci2\nwi0: Reserved 0x1000 bytes for rid 0x10 type 3 at 0xdbdff000\nwi0: [MPSAFE]\nwi0: using RF:PRISM2.5 MAC:ISL3874A(Mini-PCI)\nwi0: Intersil Firmware: Primary (1.1.0), Station (1.4.9)\nwi0: bpf attached\nwi0: Ethernet address: 00:02:6f:35:90:83\nwi0: bpf attached\nwi0: bpf attached\nwi0: 11b rates: 1Mbps 2Mbps 5.5Mbps 11Mbps\ncbb0: \u003cToPIC95B PCI-CardBus Bridge\u003e irq 11 at device 11.0 on pci2\npcib2: cbb0 requested memory range 0xfce00000-0xfcefffff: good\ncbb0: Lazy allocation of 0x1000 bytes rid 0x10 type 3 at 0xfce00000\ncardbus0: \u003cCardBus bus\u003e on cbb0\npccard0: \u003c16-bit PCCard bus\u003e on cbb0\ncbb0: [MPSAFE]\ncbb0: PCI Configuration space:\n0x00: 0x060a1179 0x04900007 0x06070007 0x00824000 \n0x10: 0xfce00000 0x04800080 0x00040402 0xfffff000 \n0x20: 0x00000000 0xfffff000 0x00000000 0x0000fffc \n0x30: 0x00000000 0x0000fffc 0x00000000 0x0400010b \n0x40: 0x00011179 0x00000001 0x00000000 0x00000000 \n0x50: 0x00000000 0x00000000 0x00000000 0x00000000 \n0x60: 0x00000000 0x00000000 0x00000000 0x00000000 \n0x70: 0x00000000 0x00000000 0x00000000 0x00000000 \n0x80: 0x00010001 0x00800000 0x00000000 0x01000000 \n0x90: 0x00000001 0x00000000 0x00000000 0x00000000 \n0xa0: 0x860010f0 0x0c000000 0x00000000 0x0000d100 \n0xb0: 0x3f3f3fcf 0x0a081020 0x00010100 0x00023f00 \n0xc0: 0x00000000 0x00000000 0x00000000 0x00000000 \n0xd0: 0x00040000 0x00000000 0x00000000 0x00000000 \n0xe0: 0x00000000 0x00000000 0x00000000 0x00000000 \n0xf0: 0x00000000 0x00000000 0x00000000 0x00000008 \ncbb1: \u003cToPIC95B PCI-CardBus Bridge\u003e irq 11 at device 11.1 on pci2\npcib2: cbb1 requested memory range 0xfce00000-0xfcefffff: good\ncbb1: Lazy allocation of 0x1000 bytes rid 0x10 type 3 at 0xfce01000\ncardbus1: \u003cCardBus bus\u003e on cbb1\npccard1: \u003c16-bit PCCard bus\u003e on cbb1\ncbb1: [MPSAFE]\ncbb1: PCI Configuration space:\n0x00: 0x060a1179 0x04900007 0x06070007 0x00824000 \n0x10: 0xfce01000 0x04800080 0x00050502 0xfffff000 \n0x20: 0x00000000 0xfffff000 0x00000000 0x0000fffc \n0x30: 0x00000000 0x0000fffc 0x00000000 0x0400020b \n0x40: 0x00011179 0x00000001 0x00000000 0x00000000 \n0x50: 0x00000000 0x00000000 0x00000000 0x00000000 \n0x60: 0x00000000 0x00000000 0x00000000 0x00000000 \n0x70: 0x00000000 0x00000000 0x00000000 0x00000000 \n0x80: 0x00010001 0x00800000 0x00000000 0x01000000 \n0x90: 0x00000001 0x00000000 0x00000000 0x00000000 \n0xa0: 0x860020f0 0x0c000000 0x00000000 0x0000d100 \n0xb0: 0x3f3f3fcf 0x0a081020 0x00010100 0x00023f00 \n0xc0: 0x00000000 0x00000000 0x00000000 0x00000000 \n0xd0: 0x00040000 0x00000000 0x00000000 0x00000000 \n0xe0: 0x00000000 0x00000000 0x00000000 0x00000000 \n0xf0: 0x00000000 0x00000000 0x00000000 0x00000008 \npci2: \u003cbase peripheral\u003e at device 13.0 (no driver attached)\nisab0: \u003cPCI-ISA bridge\u003e at device 31.0 on pci0\nisa0: \u003cISA bus\u003e on isab0\natapci0: \u003cIntel ICH3 UDMA100 controller\u003e port 0x1f0-0x1f7,0x3f6,0x170-0x177,0x376,0xcfa0-0xcfaf irq 11 at device 31.1 on pci0\natapci0: Reserved 0x10 bytes for rid 0x20 type 4 at 0xcfa0\nata0: \u003cATA channel 0\u003e on atapci0\natapci0: Reserved 0x8 bytes for rid 0x10 type 4 at 0x1f0\natapci0: Reserved 0x1 bytes for rid 0x14 type 4 at 0x3f6\nata0: reset tp1 mask=03 ostat0=50 ostat1=00\nata0: stat0=0x50 err=0x01 lsb=0x00 msb=0x00\nata0: stat1=0x00 err=0x01 lsb=0x00 msb=0x00\nata0: reset tp2 stat0=50 stat1=00 devices=0x1\u003cATA_MASTER\u003e\nata0: [MPSAFE]\nata1: \u003cATA channel 1\u003e on atapci0\natapci0: Reserved 0x8 bytes for rid 0x18 type 4 at 0x170\natapci0: Reserved 0x1 bytes for rid 0x1c type 4 at 0x376\nata1: reset tp1 mask=03 ostat0=50 ostat1=00\nata1: stat0=0x00 err=0x01 lsb=0x14 msb=0xeb\nata1: stat1=0x00 err=0x01 lsb=0x14 msb=0xeb\nata1: reset tp2 stat0=00 stat1=00 devices=0xc\u003cATAPI_SLAVE,ATAPI_MASTER\u003e\nata1: [MPSAFE]\npcm0: \u003cIntel ICH3 (82801CA)\u003e port 0xce00-0xceff,0xcdc0-0xcdff irq 11 at device 31.5 on pci0\npcm0: Reserved 0x100 bytes for rid 0x10 type 4 at 0xce00\npcm0: Reserved 0x40 bytes for rid 0x14 type 4 at 0xcdc0\npcm0: [MPSAFE]\npcm0: \u003cYamaha YMF753 AC97 Codec (id = 0x594d4803)\u003e\npcm0: Codec features 18 bit DAC, 5 bit master volume, no 3D Stereo Enhancement\npcm0: Primary codec extended features reserved 1, AMAP, reserved 4\npcm0: ac97 codec dac ready count: 0\npcm0: sndbuf_setmap 2ec0a000, 4000; 0xde36e000 -\u003e 2ec0a000\npcm0: sndbuf_setmap 2ec06000, 4000; 0xde372000 -\u003e 2ec06000\npci0: \u003csimple comms, generic modem\u003e at device 31.6 (no driver attached)\npnp_identify: Trying Read_Port at 203\npnp_identify: Trying Read_Port at 243\npnp_identify: Trying Read_Port at 283\npnp_identify: Trying Read_Port at 2c3\npnp_identify: Trying Read_Port at 303\npnp_identify: Trying Read_Port at 343\npnp_identify: Trying Read_Port at 383\npnp_identify: Trying Read_Port at 3c3\nPNP Identify complete\npnpbios: 14 devices, largest 246 bytes\nPNP0c01: adding fixed memory32 range 0-0x9ffff, size=0xa0000\nPNP0c01: adding fixed memory32 range 0xe0000-0xeffff, size=0x10000\nPNP0c01: adding fixed memory32 range 0xf0000-0xfffff, size=0x10000\nPNP0c01: adding fixed memory32 range 0x100000-0x2ff3ffff, size=0x2fe40000\nPNP0c01: adding fixed memory32 range 0x2ff40000-0x2ff4ffff, size=0x10000\nPNP0c01: adding fixed memory32 range 0x2ff50000-0x2ffdffff, size=0x90000\nPNP0c01: adding fixed memory32 range 0x2ffe0000-0x2fffffff, size=0x20000\nPNP0c01: adding fixed memory32 range 0xfeda0000-0xfedbffff, size=0x20000\nPNP0c01: adding fixed memory32 range 0xffb80000-0xffbfffff, size=0x80000\nPNP0c01: adding fixed memory32 range 0xfff00000-0xffffffff, size=0x100000\npnpbios: handle 1 device ID PNP0c01 (010cd041)\nPNP0200: adding io range 0-0xf, size=0x10, align=0x1\nPNP0200: adding io range 0x81-0x83, size=0x3, align=0x1\nPNP0200: adding io range 0x87-0x87, size=0x1, align=0x1\nPNP0200: adding io range 0x89-0x8b, size=0x3, align=0x1\nPNP0200: adding io range 0x8f-0x8f, size=0x1, align=0x1\nPNP0200: adding io range 0xc0-0xdf, size=0x20, align=0x1\nPNP0200: adding dma mask 0x10\npnpbios: handle 2 device ID PNP0200 (0002d041)\nPNP0100: adding io range 0x40-0x43, size=0x4, align=0x1\nPNP0100: adding irq mask 0x1\npnpbios: handle 4 device ID PNP0100 (0001d041)\nPNP0800: adding io range 0x61-0x61, size=0x1, align=0x1\npnpbios: handle 5 device ID PNP0800 (0008d041)\nPNP0c04: adding io range 0xf0-0xff, size=0x10, align=0x1\nPNP0c04: adding irq mask 0x2000\npnpbios: handle 6 device ID PNP0c04 (040cd041)\nPNP0303: adding io range 0x60-0x60, size=0x1, align=0x1\nPNP0303: adding io range 0x64-0x64, size=0x1, align=0x1\nPNP0303: adding irq mask 0x2\npnpbios: handle 7 device ID PNP0303 (0303d041)\nPNP0f13: adding irq mask 0x1000\npnpbios: handle 8 device ID PNP0f13 (130fd041)\nPNP0b00: adding io range 0x70-0x71, size=0x2, align=0x1\nPNP0b00: adding irq mask 0x100\npnpbios: handle 9 device ID PNP0b00 (000bd041)\nPNP0c02: adding io range 0x80-0x80, size=0x1, align=0x1\nPNP0c02: adding io range 0x84-0x86, size=0x3, align=0x1\nPNP0c02: adding io range 0x88-0x88, size=0x1, align=0x1\nPNP0c02: adding io range 0x8c-0x8e, size=0x3, align=0x1\nPNP0c02: adding io range 0xb0-0xb3, size=0x4, align=0x1\nPNP0c02: adding io range 0x2e-0x2f, size=0x2, align=0x1\nPNP0c02: adding io range 0x62-0x62, size=0x1, align=0x1\nPNP0c02: adding io range 0x66-0x66, size=0x1, align=0x1\nPNP0c02: adding io range 0xe0-0xef, size=0x10, align=0x1\nPNP0c02: adding io range 0x480-0x48f, size=0x10, align=0x1\nPNP0c02: adding io range 0xcf8-0xcff, size=0x8, align=0x1\nPNP0c02: adding io range 0x4d0-0x4d1, size=0x2, align=0x1\nPNP0c02: adding io range 0x92-0x92, size=0x1, align=0x1\nPNP0c02: adding io range 0xe000-0xe07f, size=0x80, align=0x1\nPNP0c02: adding io range 0xe080-0xe0ff, size=0x80, align=0x1\nPNP0c02: adding io range 0xe400-0xe47f, size=0x80, align=0x1\nPNP0c02: adding io range 0xe480-0xe4ff, size=0x80, align=0x1\nPNP0c02: adding io range 0xe800-0xe87f, size=0x80, align=0x1\nPNP0c02: adding io range 0xe880-0xe8ff, size=0x80, align=0x1\nPNP0c02: adding io range 0xec00-0xec7f, size=0x80, align=0x1\nPNP0c02: adding io range 0xec80-0xecff, size=0x80, align=0x1\nPNP0c02: adding io range 0xeeac-0xeeac, size=0x1, align=0x1\nPNP0c02: adding io range 0xee00-0xee7f, size=0x80, align=0x1\nPNP0c02: adding io range 0xef00-0xef1f, size=0x20, align=0x1\nPNP0c02: adding io range 0xef20-0xef3f, size=0x20, align=0x1\nPNP0c02: adding io range 0xeeb0-0xeebf, size=0x10, align=0x1\nPNP0c02: adding io range 0xeec0-0xeeff, size=0x40, align=0x1\nPNP0c02: adding io range 0x680-0x6ff, size=0x80, align=0x80\nPNP0c02: adding irq mask 0x200\npnpbios: handle 10 device ID PNP0c02 (020cd041)\nPNP0501: adding io range 0x3f8-0x3ff, size=0x8, align=0x1\nPNP0501: adding irq mask 0x10\npnpbios: handle 14 device ID PNP0501 (0105d041)\npnpbios: handle 15 device ID SMCf010 (10f0a34d)\nPNP0401: adding io range 0x378-0x37a, size=0x3, align=0x1\nPNP0401: adding io range 0x778-0x77a, size=0x3, align=0x1\nPNP0401: adding irq mask 0x80\nPNP0401: adding dma mask 0x8\npnpbios: handle 16 device ID PNP0401 (0104d041)\npnpbios: handle 17 device ID PNP0a03 (030ad041)\nata: ata0 already exists; skipping it\nata: ata1 already exists; skipping it\nsc: sc0 already exists; skipping it\nvga: vga0 already exists; skipping it\nisa_probe_children: disabling PnP devices\nisa_probe_children: probing non-PnP devices\npmtimer0 on isa0\norm0: \u003cISA Option ROMs\u003e at iomem 0xc0000-0xcffff,0xe0000-0xeffff on isa0\nadv0: not probed (disabled)\naha0: not probed (disabled)\naic0: not probed (disabled)\natkbdc0: \u003cKeyboard controller (i8042)\u003e at port 0x60,0x64 on isa0\natkbd0: \u003cAT Keyboard\u003e irq 1 on atkbdc0\natkbd: the current kbd controller command byte 0047\natkbd: keyboard ID 0x41ab (2)\nkbd0 at atkbd0\nkbd0: atkbd0, AT 101/102 (2), config:0x0, flags:0x3d0000\natkbd0: [GIANT-LOCKED]\npsm0: current command byte:0047\npsm0: \u003cPS/2 Mouse\u003e irq 12 on atkbdc0\npsm0: [GIANT-LOCKED]\npsm0: model IntelliMouse, device ID 3-00, 3 buttons\npsm0: config:00000000, flags:00000008, packet size:4\npsm0: syncmask:08, syncbits:00\nbt0: not probed (disabled)\ncs0: not probed (disabled)\ned0: not probed (disabled)\nfdc0 failed to probe at port 0x3f0 irq 6 drq 2 on isa0\nfe0: not probed (disabled)\nie0: not probed (disabled)\nlnc0: not probed (disabled)\nppc0 failed to probe at irq 7 on isa0\nsc0: \u003cSystem console\u003e at flags 0x100 on isa0\nsc0: VGA \u003c16 virtual consoles, flags=0x300\u003e\nsc0: fb0, kbd0, terminal emulator: sc (syscons terminal)\nsio0: irq maps: 0x1 0x11 0x1 0x1\nsio0 at port 0x3f8-0x3ff irq 4 flags 0x10 on isa0\nsio0: type 16550A\nsio1: not probed (disabled)\nsio2: not probed (disabled)\nsio3: not probed (disabled)\nsn0: not probed (disabled)\nvga0: \u003cGeneric ISA VGA\u003e at port 0x3c0-0x3df iomem 0xa0000-0xbffff on isa0\nvt0: not probed (disabled)\nisa_probe_children: probing PnP devices\nunknown: \u003cPNP0c01\u003e can't assign resources (memory)\nunknown: \u003cPNP0c01\u003e at iomem 0-0x9ffff,0xe0000-0xeffff on isa0\nspeaker0: \u003cPC speaker\u003e at port 0x61 on isa0\nunknown: \u003cPNP0303\u003e can't assign resources (port)\nunknown: \u003cPNP0303\u003e at port 0x60 on isa0\nunknown: \u003cPNP0f13\u003e can't assign resources (irq)\nunknown: \u003cPNP0f13\u003e at irq 12 on isa0\nunknown: \u003cPNP0501\u003e can't assign resources (port)\nunknown: \u003cPNP0501\u003e at port 0x3f8-0x3ff on isa0\nunknown: \u003cSMCf010\u003e failed to probe on isa0\nunknown: \u003cPNP0401\u003e failed to probe at port 0x378-0x37a,0x778-0x77a irq 7 drq 3 on isa0\nDevice configuration finished.\nprocfs registered\nTSC timecounter disabled: APM enabled.\nTimecounter \"TSC\" frequency 1993537460 Hz quality -1000\nTimecounters tick every 1.000 msec\nLinux ELF exec handler installed\nlo0: bpf attached\nata0-master: pio=PIO4 wdma=WDMA2 udma=UDMA100 cable=80 wire\natapicam: atapicam0 already exists; skipping it\nad0: setting PIO4 on ICH3 chip\nad0: setting UDMA100 on ICH3 chip\nad0: 57231MB \u003cTOSHIBA MK6021GAS GA023A\u003e at ata0-master UDMA100\nad0: 117210240 sectors [116280C/16H/63S] 16 sectors/interrupt 1 depth queue\nGEOM: new disk ad0\nata1: reiniting channel ..\nata1: reset tp1 mask=03 ostat0=00 ostat1=00\nata1: stat0=0x00 err=0x01 lsb=0x14 msb=0xeb\nata1: stat1=0x00 err=0x01 lsb=0x14 msb=0xeb\nata1: reset tp2 stat0=00 stat1=00 devices=0xc\u003cATAPI_SLAVE,ATAPI_MASTER\u003e\nata1: reinit done ..\nata1: reiniting channel ..\nata1: reset tp1 mask=03 ostat0=00 ostat1=00\nata1: stat0=0x00 err=0x01 lsb=0x14 msb=0xeb\nata1: stat1=0x00 err=0x01 lsb=0x14 msb=0xeb\nata1: reset tp2 stat0=00 stat1=00 devices=0xc\u003cATAPI_SLAVE,ATAPI_MASTER\u003e\nata1: reinit done ..\nata1-master: pio=PIO4 wdma=WDMA2 udma=UDMA33 cable=80 wire\nacd0: setting PIO4 on ICH3 chip\nacd0: setting UDMA33 on ICH3 chip\nacd0: \u003cQSI DVD+/-RW SDW-082K/PX45\u003e DVDR drive at ata1 as master\nacd0: read 2067KB/s (4134KB/s) write 4134KB/s (4134KB/s), 2048KB buffer, UDMA33\nacd0: Reads: CDR, CDRW, CDDA stream, DVDROM, DVDR, packet\nacd0: Writes: CDR, CDRW, DVDR, test write, burnproof\nacd0: Audio: play, 32 volume levels\nacd0: Mechanism: ejectable tray, unlocked\nacd0: Medium: CD-ROM unknown\npcm0: measured ac97 link rate at 47989 Hz, will use 48000 Hz\n(probe0:ata1:0:0:0): error 22\n(probe0:ata1:0:0:0): Unretryable Error\n(probe0:ata1:0:0:0): error 6\n(probe0:ata1:0:0:0): Unretryable Error\n(probe0:ata1:0:0:0): error 22\n(probe0:ata1:0:0:0): Unretryable Error\npass0 at ata1 bus 0 target 0 lun 0\npass0: \u003cQSI DVD+-RW SDW-082K PX45\u003e Removable CD-ROM SCSI-0 device \npass0: 33.000MB/s transfers\nGEOM: new disk cd0\n(cd0:ata1:0:0:0): error 6\n(cd0:ata1:0:0:0): Unretryable Error\ncd0 at ata1 bus 0 target 0 lun 0\ncd0: \u003cQSI DVD+-RW SDW-082K PX45\u003e Removable CD-ROM SCSI-0 device \ncd0: 33.000MB/s transfers\ncd0: Attempt to query device size failed: NOT READY, Medium not present\n(cd0:ata1:0:0:0): error 6\n(cd0:ata1:0:0:0): Unretryable Error\n(cd0:ata1:0:0:0): error 6\n(cd0:ata1:0:0:0): Unretryable Error\n(cd0:ata1:0:0:0): error 6\n(cd0:ata1:0:0:0): Unretryable Error\nTrying to mount root from ufs:/dev/ad0s2a\nstart_init: trying /sbin/init\nlinprocfs registered\nfxp0: link state changed to UP\n\n// apm -z\n\nvga0: saving 2052 bytes of video state\n\n// Power button actuated\n\npir0: Using 0.31.INTA to route link 0x62 to IRQ 11\npir0: ROUTE_INTERRUPT on resume for link 0x62 failed.\npir0: Using 0.31.INTB to route link 0x61 to IRQ 11\npir0: ROUTE_INTERRUPT on resume for link 0x61 failed.\npir0: Using 0.29.INTA to route link 0x60 to IRQ 11\npir0: Using 0.29.INTB to route link 0x63 to IRQ 11\npir0: ROUTE_INTERRUPT on resume for link 0x63 failed.\npir0: Using 2.8.INTA to route link 0x68 to IRQ 11\npir0: Using 1.0.INTA to route link 0x6a to IRQ 10\npir0: Using 2.10.INTA to route link 0x6b to IRQ 11\ncbb0: [MPSAFE]\ncbb1: [MPSAFE]\nwakeup from sleeping state (slept 00:02:49)\natkbd: the current kbd controller command byte 0065\natkbd: keyboard ID 0x41ab (2)\nkbdc: RESET_KBD return code:00fa\nkbdc: RESET_KBD status:00aa\nata0: reiniting channel ..\nata0: reset tp1 mask=03 ostat0=50 ostat1=00\nata0: stat0=0x50 err=0x01 lsb=0x00 msb=0x00\nata0: stat1=0x00 err=0x01 lsb=0x00 msb=0x00\nata0: reset tp2 stat0=50 stat1=00 devices=0x1\u003cATA_MASTER\u003e\nad0: setting PIO4 on ICH3 chip\nad0: setting UDMA100 on ICH3 chip\nata0: reinit done ..\nata1: reiniting channel ..\nata1: reset tp1 mask=03 ostat0=50 ostat1=00\nata1: stat0=0x00 err=0x01 lsb=0x14 msb=0xeb\nata1: stat1=0x00 err=0x01 lsb=0x14 msb=0xeb\nata1: reset tp2 stat0=00 stat1=00 devices=0xc\u003cATAPI_SLAVE,ATAPI_MASTER\u003e\nacd0: setting PIO4 on ICH3 chip\nacd0: setting UDMA33 on ICH3 chip\nata1: reinit done ..\n(probe0:ata1:0:0:0): error 6\n(probe0:ata1:0:0:0): Unretryable Error\n(probe0:ata1:0:0:0): error 22\n(probe0:ata1:0:0:0): Unretryable Error\n\nFix: \n\nNo known fix at this time.\nHow-To-Repeat: Boot with ACPI enabled, suspend with \"acpiconf -s S3\", resume from suspend."
}