{
 "id": 1327658,
 "bug_id": 280846,
 "attachment_id": 0,
 "creation_time": "2024-10-01T14:26:23Z",
 "creator": "h@hartzer.sh",
 "text": "Let me know if you need more of the dmesg.\n\nI confirmed with my logs that I've had this on at least 13.2, 14.0, and 14.1.\n\nThis is all the same hardware with ZFS.\n\nApr 10 18:05:54 laptop kernel: FreeBSD 13.2-RELEASE releng/13.2-n254617-525ecfdad597 GENERIC amd64\nApr 10 18:05:54 laptop kernel: FreeBSD clang version 14.0.5 (https://github.com/llvm/llvm-project.git llvmorg-14.0.5-0-gc12386ae247c)\nApr 10 18:05:54 laptop kernel: VT(efifb): resolution 1366x768\nApr 10 18:05:54 laptop kernel: CPU: Intel(R) Core(TM) i5-3320M CPU @ 2.60GHz (2594.26-MHz K8-class CPU)\nApr 10 18:05:54 laptop kernel:   Origin=\"GenuineIntel\"  Id=0x306a9  Family=0x6  Model=0x3a  Stepping=9\nApr 10 18:05:54 laptop kernel:   Features=0xbfebfbff\u003cFPU,VME,DE,PSE,TSC,MSR,PAE,MCE,CX8,APIC,SEP,MTRR,PGE,MCA,CMOV,PAT,PSE36,CLFLUSH,DTS,ACPI,MMX,FXSR,SSE,SSE2,SS,HTT,TM,PBE\u003e\nApr 10 18:05:54 laptop kernel:   Features2=0x7fbae3ff\u003cSSE3,PCLMULQDQ,DTES64,MON,DS_CPL,VMX,SMX,EST,TM2,SSSE3,CX16,xTPR,PDCM,PCID,SSE4.1,SSE4.2,x2APIC,POPCNT,TSCDLT,AESNI,XSAVE,OSXSAVE,AVX,F16C,RDRAND\u003e\nApr 10 18:05:54 laptop kernel:   AMD Features=0x28100800\u003cSYSCALL,NX,RDTSCP,LM\u003e\nApr 10 18:05:54 laptop kernel:   AMD Features2=0x1\u003cLAHF\u003e\nApr 10 18:05:54 laptop kernel:   Structured Extended Features=0x281\u003cFSGSBASE,SMEP,ERMS\u003e\nApr 10 18:05:54 laptop kernel:   Structured Extended Features3=0x9c000400\u003cMD_CLEAR,IBPB,STIBP,L1DFL,SSBD\u003e\nApr 10 18:05:54 laptop kernel:   XSAVE Features=0x1\u003cXSAVEOPT\u003e\nApr 10 18:05:54 laptop kernel:   VT-x: PAT,HLT,MTF,PAUSE,EPT,UG,VPID\nApr 10 18:05:54 laptop kernel:   TSC: P-state invariant, performance statistics\nApr 10 18:05:54 laptop kernel: real memory  = 17179869184 (16384 MB)\nApr 10 18:05:54 laptop kernel: avail memory = 16438591488 (15677 MB)\nApr 10 18:05:54 laptop kernel: Event timer \"LAPIC\" quality 600\nApr 10 18:05:54 laptop kernel: ACPI APIC Table: \u003cLENOVO TP-G2   \u003e\nApr 10 18:05:54 laptop kernel: FreeBSD/SMP: Multiprocessor System Detected: 4 CPUs\nApr 10 18:05:54 laptop kernel: FreeBSD/SMP: 1 package(s) x 2 core(s) x 2 hardware threads\n...(Same boot)...\nApr 22 08:41:13 laptop kernel: pid 31866 (firefox), jid 0, uid 1002, was killed: a thread waited too long to allocate a page\n\nNow on different hardware and on UFS.\n\nSep 29 22:21:38 laptop kernel: FreeBSD 14.1-RELEASE releng/14.1-n267679-10e31f0946d8 GENERIC amd64\nSep 29 22:21:38 laptop kernel: FreeBSD clang version 18.1.5 (https://github.com/llvm/llvm-project.git llvmorg-18.1.5-0-g617a15a9eac9)\nSep 29 22:21:38 laptop kernel: VT(vga): resolution 640x480\nSep 29 22:21:38 laptop kernel: CPU: Intel(R) Core(TM)2 Duo CPU     T9400  @ 2.53GHz (2527.07-MHz K8-class CPU)\nSep 29 22:21:38 laptop kernel:   Origin=\"GenuineIntel\"  Id=0x10676  Family=0x6  Model=0x17  Stepping=6\nSep 29 22:21:38 laptop kernel:   Features=0xbfebfbff\u003cFPU,VME,DE,PSE,TSC,MSR,PAE,MCE,CX8,APIC,SEP,MTRR,PGE,MCA,CMOV,PAT,PSE36,CLFLUSH,DTS,ACPI,MMX,FXSR,SSE,SSE2,SS,HTT,TM,PBE\u003e\nSep 29 22:21:38 laptop kernel:   Features2=0x8e3fd\u003cSSE3,DTES64,MON,DS_CPL,VMX,SMX,EST,TM2,SSSE3,CX16,xTPR,PDCM,SSE4.1\u003e\nSep 29 22:21:38 laptop kernel:   AMD Features=0x20100800\u003cSYSCALL,NX,LM\u003e\nSep 29 22:21:38 laptop kernel:   AMD Features2=0x1\u003cLAHF\u003e\nSep 29 22:21:38 laptop kernel:   VT-x: HLT,PAUSE\nSep 29 22:21:38 laptop kernel:   TSC: P-state invariant, performance statistics\nSep 29 22:21:38 laptop kernel: real memory  = 8589934592 (8192 MB)\nSep 29 22:21:38 laptop kernel: avail memory = 8165998592 (7787 MB)\nSep 29 22:21:38 laptop kernel: Event timer \"LAPIC\" quality 100\nSep 29 22:21:38 laptop kernel: ACPI APIC Table: \u003cLENOVO TP-7U   \u003e\nSep 29 22:21:38 laptop kernel: FreeBSD/SMP: Multiprocessor System Detected: 2 CPUs\nSep 29 22:21:38 laptop kernel: FreeBSD/SMP: 1 package(s) x 2 core(s)\nSep 29 22:21:38 laptop kernel: random: unblocking device.\nSep 29 22:21:38 laptop kernel: Firmware Warning (ACPI): 32/64X length mismatch in FADT/Pm1aControlBlock: 16/32 (20221020/tbfadt-748)\nSep 29 22:21:38 laptop kernel: Firmware Warning (ACPI): Invalid length for FADT/Pm1aControlBlock: 32, using default 16 (20221020/tbfadt-850)\nSep 29 22:21:38 laptop kernel: ioapic0: MADT APIC ID 1 != hw id 2\nSep 29 22:21:38 laptop kernel: ioapic0 \u003cVersion 2.0\u003e irqs 0-23\nSep 29 22:21:38 laptop kernel: Launching APs: 1\nSep 29 22:21:38 laptop kernel: random: entropy device external interface\n\nThis one is actually a different error...\n\nSep 30 17:03:53 laptop kernel: pid 6374 (firefox), jid 0, uid 1002, was killed: failed to reclaim memory\nSep 30 18:34:31 laptop kernel: pid 1586 (firefox), jid 0, uid 1002, was killed: failed to reclaim memory\nSep 30 19:09:41 laptop kernel: pid 68263 (firefox), jid 0, uid 1002, was killed: failed to reclaim memory\nSep 30 19:13:00 laptop kernel: pid 68948 (firefox), jid 0, uid 1002, was killed: failed to reclaim memory\nSep 30 19:13:01 laptop kernel: pid 2031 (firefox), jid 0, uid 1003, was killed: failed to reclaim memory\nSep 30 19:13:03 laptop kernel: pid 99186 (firefox), jid 0, uid 1002, was killed: failed to reclaim memory\n\nSystem didn't lock up nearly as bad, but clearly something was eating the memory.\n\nSince I kldunloaded zfs, the memory hasn't vanished yet."
}