{
 "id": 1331125,
 "bug_id": 280846,
 "attachment_id": 0,
 "creation_time": "2024-10-23T09:11:45Z",
 "creator": "marklmi26-fbsd@yahoo.com",
 "text": "(In reply to Mark Millard from comment #54)\n\nOne of the 3 more active firefox processes has\n989 MiByte resident and the other 2 are over\n500 MiBytes each at this point:\n\n 1526     0 root         29  29    0   3105Mi  733776Ki select   3  72:16   7.07% /usr/local/lib/firefox/firefox -contentproc {b91e352c-11e4-473a-bb58-eb4826e54ecf} 1512 8 tab\n 1525     0 root         28  20    0   3373Mi     989Mi select   2   4:25   0.28% /usr/local/lib/firefox/firefox -contentproc {744240e1-aa23-48b1-bded-f62a1fa4696a} 1512 7 tab\n 1524     0 root         29  20    0   3034Mi  668656Ki select   1   6:25   0.64% /usr/local/lib/firefox/firefox -contentproc {075167db-4164-41b8-b7df-4f99b4610ef9} 1512 6 tab\n\nAs for Free, it is down to: 2894Mi Free. Not yet small enough\nto be much memory pressure, nothing (much?) yet unswappable:\n\n991Mi Active, 3106Mi Inact, 194740Ki Laundry, 776320Ki Wired, . . ., 2891Mi Free,\n1347Mi MaxObsActive, 776848Ki MaxObsWired, 2230Mi MaxObs(Act+Wir+Lndry)\n\n[MaxObs(erved) figures are my additions to top.]\n\nreal memory  = 8569733120 (8172 MB)\navail memory = 8325320704 (7939 MB)\n\n# sysctl vm.domain | grep stat | sort # 4K page counts\nvm.domain.0.stats.active: 253516\nvm.domain.0.stats.actpdpgs: 14202998\nvm.domain.0.stats.free_count: 740954\nvm.domain.0.stats.free_min: 12880\nvm.domain.0.stats.free_reserved: 2713\nvm.domain.0.stats.free_severe: 7796\nvm.domain.0.stats.free_target: 43381\nvm.domain.0.stats.inactive: 795139\nvm.domain.0.stats.inactive_pps: 0\nvm.domain.0.stats.inactive_target: 65071\nvm.domain.0.stats.inactpdpgs: 0\nvm.domain.0.stats.laundpdpgs: 0\nvm.domain.0.stats.laundry: 48632\nvm.domain.0.stats.unswappable: 0\nvm.domain.0.stats.unswppdpgs: 0\n\nSo: Nothing yet unswappable.\n\n(Remember: context predates the patching and its commit.)"
}