{
 "id": 538146,
 "bug_id": 142624,
 "attachment_id": 0,
 "creation_time": "2010-01-11T14:10:46Z",
 "creator": "freebsd@centromere.net",
 "text": "`dmesg' produces the following:\nntoskrnl dummy called...\n\nThat exact line is printed, once per second(ish), when the wireless\ndriver (rtl8192se_sys.ko) is loaded. As a result, the entire buffer is\nfilled with the above message. I can give you dmesg.yesterday though:\n\nCopyright (c) 1992-2009 The FreeBSD Project.\nCopyright (c) 1979, 1980, 1983, 1986, 1988, 1989, 1991, 1992, 1993, 1994\n        The Regents of the University of California. All rights\nreserved. FreeBSD is a registered trademark of The FreeBSD Foundation.\nFreeBSD 8.0-RELEASE #0: Fri Nov 27 13:15:10 EST 2009\n    alex@orion.lan:/usr/obj/usr/src/sys/ORION\nTimecounter \"i8254\" frequency 1193182 Hz quality 0\nCPU: Intel(R) Core(TM)2 Duo CPU     P8600  @ 2.40GHz (2394.02-MHz\n686-class CPU) Origin = \"GenuineIntel\"  Id = 0x10676  Stepping = 6\n  Features=0xbfebfbff\u003cFPU,VME,DE,PSE,TSC,MSR,PAE,MCE,CX8,APIC,SEP,MTRR,PGE,MCA,CMOV,PAT,PSE36,CLFLUSH,DTS,ACPI,MMX,FXSR,SSE,SSE2,SS,HTT,TM,PBE\u003e\n  Features2=0x8e3fd\u003cSSE3,DTES64,MON,DS_CPL,VMX,SMX,EST,TM2,SSSE3,CX16,xTPR,PDCM,SSE4.1\u003e\n  AMD Features=0x20100000\u003cNX,LM\u003e\n  AMD Features2=0x1\u003cLAHF\u003e\n  TSC: P-state invariant\nreal memory  = 3221225472 (3072 MB)\navail memory = 3083636736 (2940 MB)\nACPI APIC Table: \u003cLENOVO TP-6D   \u003e\nFreeBSD/SMP: Multiprocessor System Detected: 2 CPUs\nFreeBSD/SMP: 1 package(s) x 2 core(s)\n cpu0 (BSP): APIC ID:  0\n cpu1 (AP): APIC ID:  1\nioapic0: Changing APIC ID to 1\nioapic0 \u003cVersion 2.0\u003e irqs 0-23 on motherboard\nkbd1 at kbdmux0\nno match for IoWMIQueryAllData\nno match for IoWMIOpenBlock\ncryptosoft0: \u003csoftware crypto\u003e on motherboard\nacpi0: \u003cLENOVO TP-6D\u003e on motherboard\nacpi0: [ITHREAD]\nacpi_ec0: \u003cEmbedded Controller: GPE 0x11, ECDT\u003e port 0x62,0x66 on acpi0\nacpi0: Power Button (fixed)\nacpi0: reservation of 0, a0000 (3) failed\nacpi0: reservation of 100000, bef00000 (3) failed\nTimecounter \"ACPI-fast\" frequency 3579545 Hz quality 1000\nacpi_timer0: \u003c24-bit timer at 3.579545MHz\u003e port 0x1008-0x100b on acpi0\nacpi_hpet0: \u003cHigh Precision Event Timer\u003e iomem 0xfed00000-0xfed003ff on\nacpi0 Timecounter \"HPET\" frequency 14318180 Hz quality 900\nacpi_lid0: \u003cControl Method Lid Switch\u003e on acpi0\nacpi_button0: \u003cSleep Button\u003e on acpi0\npcib0: \u003cACPI Host-PCI bridge\u003e port 0xcf8-0xcff on acpi0\npci0: \u003cACPI PCI bus\u003e on pcib0\nvgapci0: \u003cVGA-compatible display\u003e port 0x1800-0x1807 mem\n0xf2000000-0xf23fffff,0xd0000000-0xdfffffff irq 16 at device 2.0 on\npci0 agp0: \u003cIntel GM45 SVGA controller\u003e on vgapci0 agp0: detected\n32764k stolen memory agp0: aperture size is 256M\nvgapci1: \u003cVGA-compatible display\u003e mem 0xf2400000-0xf24fffff at device\n2.1 on pci0 pci0: \u003csimple comms\u003e at device 3.0 (no driver attached)\nem0: \u003cIntel(R) PRO/1000 Network Connection 6.9.14\u003e port 0x1840-0x185f\nmem 0xf2600000-0xf261ffff,0xf2625000-0xf2625fff irq 20 at device 25.0\non pci0 em0: Using MSI interrupt em0: [FILTER]\nem0: Ethernet address: 00:1f:16:01:d5:0d\nuhci0: \u003cIntel 82801I (ICH9) USB controller\u003e port 0x1860-0x187f irq 20\nat device 26.0 on pci0 uhci0: [ITHREAD]\nuhci0: LegSup = 0x0000\nusbus0: \u003cIntel 82801I (ICH9) USB controller\u003e on uhci0\nuhci1: \u003cIntel 82801I (ICH9) USB controller\u003e port 0x1880-0x189f irq 21\nat device 26.1 on pci0 uhci1: [ITHREAD]\nuhci1: LegSup = 0x0000\nusbus1: \u003cIntel 82801I (ICH9) USB controller\u003e on uhci1\nuhci2: \u003cIntel 82801I (ICH9) USB controller\u003e port 0x18a0-0x18bf irq 22\nat device 26.2 on pci0 uhci2: [ITHREAD]\nuhci2: LegSup = 0x0000\nusbus2: \u003cIntel 82801I (ICH9) USB controller\u003e on uhci2\nehci0: \u003cIntel 82801I (ICH9) USB 2.0 controller\u003e mem\n0xf2826c00-0xf2826fff irq 23 at device 26.7 on pci0 ehci0: [ITHREAD]\nusbus3: EHCI version 1.0\nusbus3: \u003cIntel 82801I (ICH9) USB 2.0 controller\u003e on ehci0\nhdac0: \u003cIntel 82801I High Definition Audio Controller\u003e mem\n0xf2620000-0xf2623fff irq 17 at device 27.0 on pci0 hdac0: HDA Driver\nRevision: 20090624_0136 hdac0: [ITHREAD]\npcib1: \u003cACPI PCI-PCI bridge\u003e irq 20 at device 28.0 on pci0\npci2: \u003cACPI PCI bus\u003e on pcib1\npcib2: \u003cACPI PCI-PCI bridge\u003e irq 21 at device 28.1 on pci0\npci3: \u003cACPI PCI bus\u003e on pcib2\nndis0: \u003cRealtek RTL8191SE Wireless LAN 802.11n PCI-E NIC\u003e port\n0x2000-0x20ff mem 0xf2500000-0xf2503fff irq 17 at device 0.0 on pci3\nndis0: [ITHREAD] ndis0: NDIS API version: 5.1\npcib3: \u003cACPI PCI-PCI bridge\u003e irq 23 at device 28.3 on pci0\npci5: \u003cACPI PCI bus\u003e on pcib3\nuhci3: \u003cIntel 82801I (ICH9) USB controller\u003e port 0x18c0-0x18df irq 16\nat device 29.0 on pci0 uhci3: [ITHREAD]\nuhci3: LegSup = 0x0000\nusbus4: \u003cIntel 82801I (ICH9) USB controller\u003e on uhci3\nuhci4: \u003cIntel 82801I (ICH9) USB controller\u003e port 0x18e0-0x18ff irq 17\nat device 29.1 on pci0 uhci4: [ITHREAD]\nuhci4: LegSup = 0x0000\nusbus5: \u003cIntel 82801I (ICH9) USB controller\u003e on uhci4\nuhci5: \u003cIntel 82801I (ICH9) USB controller\u003e port 0x1c00-0x1c1f irq 18\nat device 29.2 on pci0 uhci5: [ITHREAD]\nuhci5: LegSup = 0x0000\nusbus6: \u003cIntel 82801I (ICH9) USB controller\u003e on uhci5\nehci1: \u003cIntel 82801I (ICH9) USB 2.0 controller\u003e mem\n0xf2827000-0xf28273ff irq 19 at device 29.7 on pci0 ehci1: [ITHREAD]\nusbus7: EHCI version 1.0\nusbus7: \u003cIntel 82801I (ICH9) USB 2.0 controller\u003e on ehci1\npcib4: \u003cPCI-PCI bridge\u003e at device 30.0 on pci0\npci13: \u003cPCI bus\u003e on pcib4\nisab0: \u003cPCI-ISA bridge\u003e at device 31.0 on pci0\nisa0: \u003cISA bus\u003e on isab0\natapci0: \u003cIntel AHCI controller\u003e port\n0x1c48-0x1c4f,0x183c-0x183f,0x1c40-0x1c47,0x1838-0x183b,0x1c20-0x1c3f\nmem 0xf2826000-0xf28267ff irq 16 at device 31.2 on pci0 atapci0:\n[ITHREAD] atapci0: AHCI v1.20 controller with 4 3Gbps ports, PM not\nsupported ata2: \u003cATA channel 0\u003e on atapci0 ata2: [ITHREAD]\nata3: \u003cATA channel 1\u003e on atapci0\nata3: [ITHREAD]\npci0: \u003cserial bus, SMBus\u003e at device 31.3 (no driver attached)\nacpi_tz0: \u003cThermal Zone\u003e on acpi0\nacpi_tz1: \u003cThermal Zone\u003e on acpi0\natrtc0: \u003cAT realtime clock\u003e port 0x70-0x71 irq 8 on acpi0\natkbdc0: \u003cKeyboard controller (i8042)\u003e port 0x60,0x64 irq 1 on acpi0\natkbd0: \u003cAT Keyboard\u003e irq 1 on atkbdc0\nkbd0 at atkbd0\natkbd0: [GIANT-LOCKED]\natkbd0: [ITHREAD]\npsm0: \u003cPS/2 Mouse\u003e irq 12 on atkbdc0\npsm0: [GIANT-LOCKED]\npsm0: [ITHREAD]\npsm0: model Generic PS/2 mouse, device ID 0\nbattery0: \u003cACPI Control Method Battery\u003e on acpi0\nacpi_acad0: \u003cAC Adapter\u003e on acpi0\ncpu0: \u003cACPI CPU\u003e on acpi0\ncoretemp0: \u003cCPU On-Die Thermal Sensors\u003e on cpu0\nest0: \u003cEnhanced SpeedStep Frequency Control\u003e on cpu0\np4tcc0: \u003cCPU Frequency Thermal Control\u003e on cpu0\ncpu1: \u003cACPI CPU\u003e on acpi0\ncoretemp1: \u003cCPU On-Die Thermal Sensors\u003e on cpu1\nest1: \u003cEnhanced SpeedStep Frequency Control\u003e on cpu1\np4tcc1: \u003cCPU Frequency Thermal Control\u003e on cpu1\npmtimer0 on isa0\norm0: \u003cISA Option ROMs\u003e at iomem\n0xc0000-0xcffff,0xd0000-0xd0fff,0xd1000-0xd1fff,0xd2000-0xd2fff,0xde000-0xdf7ff,0xe0000-0xeffff\npnpid ORM0000 on isa0 sc0: \u003cSystem console\u003e at flags 0x100 on isa0 sc0:\nVGA \u003c16 virtual consoles, flags=0x300\u003e vga0: \u003cGeneric ISA VGA\u003e at port\n0x3c0-0x3df iomem 0xa0000-0xbffff on isa0 ata0 at port\n0x1f0-0x1f7,0x3f6 irq 14 on isa0 ata0: [ITHREAD]\nata1 at port 0x170-0x177,0x376 irq 15 on isa0\nata1: [ITHREAD]\nTimecounters tick every 1.000 msec\nvboxdrv: fAsync=0 offMin=0x489 offMax=0x76b\nusbus0: 12Mbps Full Speed USB v1.0\nusbus1: 12Mbps Full Speed USB v1.0\nusbus2: 12Mbps Full Speed USB v1.0\nusbus3: 480Mbps High Speed USB v2.0\nusbus4: 12Mbps Full Speed USB v1.0\nusbus5: 12Mbps Full Speed USB v1.0\nusbus6: 12Mbps Full Speed USB v1.0\nusbus7: 480Mbps High Speed USB v2.0\nad4: 152627MB \u003cHITACHI HTS723216L9SA60 FC2ZC50B\u003e at ata2-master SATA150\nhdac0: HDA Codec #0: Conexant CX20561 (Hermosa)\npcm0: \u003cHDA Conexant CX20561 (Hermosa) PCM #0 Analog\u003e at cad 0 nid 1 on\nhdac0 pcm1: \u003cHDA Conexant CX20561 (Hermosa) PCM #1 Analog\u003e at cad 0 nid\n1 on hdac0 ugen0.1: \u003cIntel\u003e at usbus0\nuhub0: \u003cIntel UHCI root HUB, class 9/0, rev 1.00/1.00, addr 1\u003e on usbus0\nugen1.1: \u003cIntel\u003e at usbus1\nuhub1: \u003cIntel UHCI root HUB, class 9/0, rev 1.00/1.00, addr 1\u003e on usbus1\nugen2.1: \u003cIntel\u003e at usbus2\nuhub2: \u003cIntel UHCI root HUB, class 9/0, rev 1.00/1.00, addr 1\u003e on usbus2\nugen3.1: \u003cIntel\u003e at usbus3\nuhub3: \u003cIntel EHCI root HUB, class 9/0, rev 2.00/1.00, addr 1\u003e on usbus3\nugen4.1: \u003cIntel\u003e at usbus4\nuhub4: \u003cIntel UHCI root HUB, class 9/0, rev 1.00/1.00, addr 1\u003e on usbus4\nugen5.1: \u003cIntel\u003e at usbus5\nuhub5: \u003cIntel UHCI root HUB, class 9/0, rev 1.00/1.00, addr 1\u003e on usbus5\nugen6.1: \u003cIntel\u003e at usbus6\nuhub6: \u003cIntel UHCI root HUB, class 9/0, rev 1.00/1.00, addr 1\u003e on usbus6\nugen7.1: \u003cIntel\u003e at usbus7\nuhub7: \u003cIntel EHCI root HUB, class 9/0, rev 2.00/1.00, addr 1\u003e on usbus7\nSMP: AP CPU #1 Launched!\nRoot mount waiting for: usbus7 usbus6 usbus5 usbus4 usbus3 usbus2\nusbus1 usbus0 uhub0: 2 ports with 2 removable, self powered\nuhub1: 2 ports with 2 removable, self powered\nuhub2: 2 ports with 2 removable, self powered\nuhub4: 2 ports with 2 removable, self powered\nuhub5: 2 ports with 2 removable, self powered\nuhub6: 2 ports with 2 removable, self powered\nRoot mount waiting for: usbus7 usbus3\nRoot mount waiting for: usbus7 usbus3\nuhub3: 6 ports with 6 removable, self powered\nuhub7: 6 ports with 6 removable, self powered\nugen3.2: \u003cvendor 0x17ef\u003e at usbus3\nTrying to mount root from ufs:/dev/label/root\nwlan0: Ethernet address: 00:24:2c:e7:2d:fd\nfuse4bsd: version 0.3.9-pre1, FUSE ABI 7.8\ntun0: link state changed to UP\nwlan0: promiscuous mode enabled\nwlan0: promiscuous mode disabled\nwlan0: promiscuous mode enabled\nwlan0: promiscuous mode disabled\nwlan0: promiscuous mode enabled\nwlan0: promiscuous mode disabled\n\nifconfig -a:\nem0: flags=8843\u003cUP,BROADCAST,RUNNING,SIMPLEX,MULTICAST\u003e metric 0 mtu\n1500 options=19b\u003cRXCSUM,TXCSUM,VLAN_MTU,VLAN_HWTAGGING,VLAN_HWCSUM,TSO4\u003e\n        ether 00:1f:16:01:d5:0d\n        media: Ethernet autoselect\n        status: no carrier\nndis0: flags=8843\u003cUP,BROADCAST,RUNNING,SIMPLEX,MULTICAST\u003e metric 0 mtu\n2290 ether 00:24:2c:e7:2d:fd\n        media: IEEE 802.11 Wireless Ethernet autoselect mode 11g\n        status: associated\nlo0: flags=8049\u003cUP,LOOPBACK,RUNNING,MULTICAST\u003e metric 0 mtu 16384\n        options=3\u003cRXCSUM,TXCSUM\u003e\n        inet6 fe80::1%lo0 prefixlen 64 scopeid 0x3\n        inet6 ::1 prefixlen 128\n        inet 127.0.0.1 netmask 0xff000000\nwlan0: flags=8843\u003cUP,BROADCAST,RUNNING,SIMPLEX,MULTICAST\u003e metric 0 mtu\n1500 ether 00:24:2c:e7:2d:fd\n        inet 192.168.1.187 netmask 0xffffff00 broadcast 192.168.1.255\n        media: IEEE 802.11 Wireless Ethernet OFDM/48Mbps mode 11g\n        status: associated\n        ssid skynet channel 6 (2437 Mhz 11g) bssid 00:28:10:00:28:10\n        country US authmode WPA2/802.11i privacy OFF txpower 0 bmiss 7\n        mcastrate 0.5 mgmtrate 0.5 scanvalid 60 protmode CTS roaming\nMANUAL bintval 0\ntun0: flags=8051\u003cUP,POINTOPOINT,RUNNING,MULTICAST\u003e metric 0 mtu 1500\n        inet6 2001:xxxx:xxxx:xxxx::2 prefixlen 64\n        Opened by PID 1045\n\ntun0 is openvpn, and the problem occurs regardless of whether or not I\ndisable it in /etc/rc.conf and reboot.\n\nvmstat -i:\ninterrupt                          total       rate\nirq1: atkbd0                       17936          0\nirq9: acpi0                       100563          2\nirq12: psm0                       314700          7\nirq16: uhci3+                     198993          4\nirq17: ndis0 uhci4                572410         13\nirq23: ehci0                          18          0\ncpu0: timer                     82926949       1999\nirq257: hdac0                     819925         19\ncpu1: timer                     82935265       1999\nTotal                          167886759       4048\n\n--\nAlex"
}