{
 "id": 424475,
 "bug_id": 119374,
 "attachment_id": 0,
 "creation_time": "2008-01-05T23:10:01Z",
 "creator": "maslanbsd@gmail.com",
 "text": "After updating from 7.0-BETA3 to 7.0-BETA4, it seems there is a bug in\nthe ATAPI or ATAPICAM driver.\n\nWhen burning a CD-R using cdrecord i got:\n#cdrecord -v dev=2,0,0 7.0-RC1-i386-disc2.iso\n\ncdrecord: No write mode specified.\ncdrecord: Asuming -tao mode.\ncdrecord: Future versions of cdrecord may have different drive dependent defaults.\ncdrecord: Continuing in 5 seconds...\nCdrecord-Clone 2.01 (i386-unknown-freebsd7.0) Copyright (C) 1995-2004 J\u0026#65533;rg Schilling\nTOC Type: 1 = CD-ROM\nscsidev: '2,0,0'\nscsibus: 2 target: 0 lun: 0\nUsing libscg version 'schily-0.8'.\nSCSI buffer size: 64512\natapi: 0\nDevice type    : Removable CD-ROM\nVersion        : 0\nResponse Format: 2\nCapabilities   : \nVendor_info    : 'MATSHITA'\nIdentifikation : 'DVD-RAM UJ-850S '\nRevision       : '1.05'\nDevice seems to be: Generic mmc2 DVD-R/DVD-RW.\nCurrent: 0x0009\nProfile: 0x0012 \nProfile: 0x002B \nProfile: 0x001B \nProfile: 0x001A \nProfile: 0x0016 \nProfile: 0x0015 \nProfile: 0x0013 \nProfile: 0x0014 \nProfile: 0x0011 \nProfile: 0x0010 \nProfile: 0x000A \nProfile: 0x0009 (current)\nProfile: 0x0008 \nProfile: 0x0002 \ncdrecord: This version of cdrecord does not include DVD-R/DVD-RW support code.\ncdrecord: If you need DVD-R/DVD-RW support, ask the Author for cdrecord-ProDVD.\ncdrecord: Free test versions and free keys for personal use are at ftp://ftp.berlios.de/pub/cdrecord/ProDVD/\nUsing generic SCSI-3/mmc   CD-R/CD-RW driver (mmc_cdr).\nDriver flags   : MMC-3 SWABAUDIO BURNFREE \nSupported modes: TAO PACKET SAO\nDrive buf size : 1310720 = 1280 KB\nFIFO size      : 4194304 = 4096 KB\nTrack 01: data   694 MB        \nTotal size:      797 MB (79:02.34) = 355676 sectors\nLout start:      798 MB (79:04/26) = 355676 sectors\nCurrent Secsize: 2048\nATIP info from disk:\n  Indicated writing power: 5\n  Is not unrestricted\n  Is not erasable\n  Disk sub type: Medium Type B, low Beta category (B-) (4)\n  ATIP start of lead in:  -11607 (97:27/18)\n  ATIP start of lead out: 359849 (79:59/74)\nDisk type:    Short strategy type (Phthalocyanine or similar)\nManuf. index: 18\nManufacturer: Plasmon Data systems Ltd.\nBlocks total: 359849 Blocks current: 359849 Blocks remaining: 4173\nStarting to write CD/DVD at speed 24 in real TAO mode for single session.\nLast chance to quit, starting real write    0 seconds. Operation starts.\nWaiting for reader process to fill input buffer ... input buffer ready.\nBURN-Free is OFF.\nPerforming OPC...\nStarting new track at sector: 0\nTrack 01:  611 of  694 MB written (fifo 100%) [buf  97%]  16.1x.cdrecord: Input/output error. write_g1: scsi sendcmd: retryable error\nCDB:  2A 00 00 04 C6 14 00 00 1F 00\nstatus: 0x2 (CHECK CONDITION)\nSense Bytes: F1 00 03 00 04 C3 A1 0A 00 2B 00 00 0C 00 00 00 00 00 00 00 00 00 00 00 00 00 00 00 00 00 00 00\nSense Key: 0x3 Medium Error, deferred error, Segment 0\nSense Code: 0x0C Qual 0x00 (write error) Fru 0x0\nSense flags: Blk 312225 (valid) \ncmd finished after 6.224s timeout 40s\n\nwrite track data: error after 640720896 bytes\ncdrecord: A write error occured.\ncdrecord: Please properly read the error message above.\nWriting  time:  318.593s\nAverage write speed  15.1x.\nMin drive buffer fill was 83%\nFixating...\n\n\nI always find a lot of error messages in dmesg like that:\nacd0: FAILURE - WRITE_BIG MEDIUM ERROR asc=0x0c ascq=0x00\n\nHere is a full dmesg:\n\nCopyright (c) 1992-2007 The FreeBSD Project.\nCopyright (c) 1979, 1980, 1983, 1986, 1988, 1989, 1991, 1992, 1993, 1994\n\tThe Regents of the University of California. All rights reserved.\nFreeBSD is a registered trademark of The FreeBSD Foundation.\nFreeBSD 7.0-BETA4 #0: Sun Dec  2 19:19:04 UTC 2007\n    root@logan.cse.buffalo.edu:/usr/obj/usr/src/sys/GENERIC\nTimecounter \"i8254\" frequency 1193182 Hz quality 0\nCPU: Intel(R) Core(TM) Duo CPU      T2250  @ 1.73GHz (1729.53-MHz 686-class CPU)\n  Origin = \"GenuineIntel\"  Id = 0x6ec  Stepping = 12\n  Features=0xbfe9fbff\u003cFPU,VME,DE,PSE,TSC,MSR,PAE,MCE,CX8,APIC,SEP,MTRR,PGE,MCA,CMOV,PAT,CLFLUSH,DTS,ACPI,MMX,FXSR,SSE,SSE2,SS,HTT,TM,PBE\u003e\n  Features2=0xc189\u003cSSE3,MON,EST,TM2,xTPR,PDCM\u003e\n  AMD Features=0x100000\u003cNX\u003e\n  Cores per package: 2\nreal memory  = 1063714816 (1014 MB)\navail memory = 1027284992 (979 MB)\nACPI APIC Table: \u003cHP     30BB    \u003e\nFreeBSD/SMP: Multiprocessor System Detected: 2 CPUs\n cpu0 (BSP): APIC ID:  0\n cpu1 (AP): APIC ID:  1\nioapic0: Changing APIC ID to 1\nioapic0 \u003cVersion 2.0\u003e irqs 0-23 on motherboard\nkbd1 at kbdmux0\nath_hal: 0.9.20.3 (AR5210, AR5211, AR5212, RF5111, RF5112, RF2413, RF5413)\nacpi0: \u003cHPQOEM SLIC-MPC\u003e on motherboard\nacpi0: [ITHREAD]\nacpi0: Power Button (fixed)\nTimecounter \"HPET\" frequency 14318180 Hz quality 900\nTimecounter \"ACPI-fast\" frequency 3579545 Hz quality 1000\nacpi_timer0: \u003c24-bit timer at 3.579545MHz\u003e port 0x1008-0x100b on acpi0\nacpi_ec0: \u003cEmbedded Controller: GPE 0x17\u003e port 0x62,0x66 on acpi0\ncpu0: \u003cACPI CPU\u003e on acpi0\nest0: \u003cEnhanced SpeedStep Frequency Control\u003e on cpu0\np4tcc0: \u003cCPU Frequency Thermal Control\u003e on cpu0\ncpu1: \u003cACPI CPU\u003e on acpi0\nest1: \u003cEnhanced SpeedStep Frequency Control\u003e on cpu1\np4tcc1: \u003cCPU Frequency Thermal Control\u003e on cpu1\nacpi_button0: \u003cPower Button\u003e on acpi0\nacpi_button1: \u003cSleep Button\u003e on acpi0\nacpi_acad0: \u003cAC Adapter\u003e on acpi0\nbattery0: \u003cACPI Control Method Battery\u003e on acpi0\nacpi_lid0: \u003cControl Method Lid Switch\u003e on acpi0\npcib0: \u003cACPI Host-PCI bridge\u003e port 0xcf8-0xcff on acpi0\npci0: \u003cACPI PCI bus\u003e on pcib0\nvgapci0: \u003cVGA-compatible display\u003e port 0x1800-0x1807 mem 0xd8100000-0xd817ffff,0xc0000000-0xcfffffff,0xd8200000-0xd823ffff irq 16 at device 2.0 on pci0\nagp0: \u003cIntel 82945GM (945GM GMCH) SVGA controller\u003e on vgapci0\nagp0: detected 7932k stolen memory\nagp0: aperture size is 256M\nvgapci1: \u003cVGA-compatible display\u003e mem 0xd8180000-0xd81fffff at device 2.1 on pci0\npcm0: \u003cIntel 82801G High Definition Audio Controller\u003e mem 0xd8240000-0xd8243fff irq 22 at device 27.0 on pci0\npcm0: [ITHREAD]\npcib1: \u003cACPI PCI-PCI bridge\u003e irq 17 at device 28.0 on pci0\npci2: \u003cACPI PCI bus\u003e on pcib1\npci2: \u003cnetwork\u003e at device 0.0 (no driver attached)\npcib2: \u003cACPI PCI-PCI bridge\u003e irq 16 at device 28.1 on pci0\npci3: \u003cACPI PCI bus\u003e on pcib2\nuhci0: \u003cUHCI (generic) USB controller\u003e port 0x1820-0x183f irq 23 at device 29.0 on pci0\nuhci0: [GIANT-LOCKED]\nuhci0: [ITHREAD]\nusb0: \u003cUHCI (generic) USB controller\u003e on uhci0\nusb0: USB revision 1.0\nuhub0: \u003cIntel UHCI root hub, class 9/0, rev 1.00/1.00, addr 1\u003e on usb0\nuhub0: 2 ports with 2 removable, self powered\nuhci1: \u003cUHCI (generic) USB controller\u003e port 0x1840-0x185f irq 19 at device 29.1 on pci0\nuhci1: [GIANT-LOCKED]\nuhci1: [ITHREAD]\nusb1: \u003cUHCI (generic) USB controller\u003e on uhci1\nusb1: USB revision 1.0\nuhub1: \u003cIntel UHCI root hub, class 9/0, rev 1.00/1.00, addr 1\u003e on usb1\nuhub1: 2 ports with 2 removable, self powered\nuhci2: \u003cUHCI (generic) USB controller\u003e port 0x1860-0x187f irq 18 at device 29.2 on pci0\nuhci2: [GIANT-LOCKED]\nuhci2: [ITHREAD]\nusb2: \u003cUHCI (generic) USB controller\u003e on uhci2\nusb2: USB revision 1.0\nuhub2: \u003cIntel UHCI root hub, class 9/0, rev 1.00/1.00, addr 1\u003e on usb2\nuhub2: 2 ports with 2 removable, self powered\nuhci3: \u003cUHCI (generic) USB controller\u003e port 0x1880-0x189f irq 16 at device 29.3 on pci0\nuhci3: [GIANT-LOCKED]\nuhci3: [ITHREAD]\nusb3: \u003cUHCI (generic) USB controller\u003e on uhci3\nusb3: USB revision 1.0\nuhub3: \u003cIntel UHCI root hub, class 9/0, rev 1.00/1.00, addr 1\u003e on usb3\nuhub3: 2 ports with 2 removable, self powered\nehci0: \u003cIntel 82801GB/R (ICH7) USB 2.0 controller\u003e mem 0xd8444000-0xd84443ff irq 23 at device 29.7 on pci0\nehci0: [GIANT-LOCKED]\nehci0: [ITHREAD]\nusb4: EHCI version 1.0\nusb4: companion controllers, 2 ports each: usb0 usb1 usb2 usb3\nusb4: \u003cIntel 82801GB/R (ICH7) USB 2.0 controller\u003e on ehci0\nusb4: USB revision 2.0\nuhub4: \u003cIntel EHCI root hub, class 9/0, rev 2.00/1.00, addr 1\u003e on usb4\nuhub4: 8 ports with 8 removable, self powered\nugen0: \u003cvendor 0x05ca product 0x1810, class 239/2, rev 2.00/1.00, addr 2\u003e on uhub4\npcib3: \u003cACPI PCI-PCI bridge\u003e at device 30.0 on pci0\npci5: \u003cACPI PCI bus\u003e on pcib3\nfwohci0: \u003c1394 Open Host Controller Interface\u003e mem 0xd8001000-0xd80017ff irq 16 at device 5.0 on pci5\nfwohci0: [FILTER]\nfwohci0: OHCI version 1.10 (ROM=0)\nfwohci0: No. of Isochronous channels is 4.\nfwohci0: EUI64 00:24:1b:00:22:79:01:00\nfwohci0: Phy 1394a available S400, 1 ports.\nfwohci0: Link S400, max_rec 2048 bytes.\nfirewire0: \u003cIEEE1394(FireWire) bus\u003e on fwohci0\nfwe0: \u003cEthernet over FireWire\u003e on firewire0\nif_fwe0: Fake Ethernet address: 02:24:1b:79:01:00\nfwe0: Ethernet address: 02:24:1b:79:01:00\nfwip0: \u003cIP over FireWire\u003e on firewire0\nfwip0: Firewire address: 00:24:1b:00:22:79:01:00 @ 0xfffe00000000, S400, maxrec 2048\nsbp0: \u003cSBP-2/SCSI over FireWire\u003e on firewire0\ndcons_crom0: \u003cdcons configuration ROM\u003e on firewire0\ndcons_crom0: bus_addr 0x1550000\nfwohci0: Initiate bus reset\nfwohci0: BUS reset\nfwohci0: node_id=0xc800ffc0, gen=1, CYCLEMASTER mode\npci5: \u003cbase peripheral\u003e at device 5.1 (no driver attached)\npci5: \u003cbase peripheral\u003e at device 5.2 (no driver attached)\npci5: \u003cbase peripheral\u003e at device 5.3 (no driver attached)\npci5: \u003cbase peripheral\u003e at device 5.4 (no driver attached)\nfxp0: \u003cIntel Pro/100 VE Network Connection\u003e port 0x4000-0x403f mem 0xd8000000-0xd8000fff irq 20 at device 8.0 on pci5\nmiibus0: \u003cMII bus\u003e on fxp0\ninphy0: \u003ci82562ET 10/100 media interface\u003e PHY 1 on miibus0\ninphy0:  10baseT, 10baseT-FDX, 100baseTX, 100baseTX-FDX, auto\nfxp0: Ethernet address: 00:1b:24:01:d2:3a\nfxp0: [ITHREAD]\nisab0: \u003cPCI-ISA bridge\u003e at device 31.0 on pci0\nisa0: \u003cISA bus\u003e on isab0\natapci0: \u003cIntel ICH7M SATA300 controller\u003e port 0x1f0-0x1f7,0x3f6,0x170-0x177,0x376,0x18b0-0x18bf at device 31.2 on pci0\nata0: \u003cATA channel 0\u003e on atapci0\nata0: [ITHREAD]\nata1: \u003cATA channel 1\u003e on atapci0\nata1: [ITHREAD]\npci0: \u003cserial bus, SMBus\u003e at device 31.3 (no driver attached)\nacpi_tz0: \u003cThermal Zone\u003e on acpi0\natkbdc0: \u003cKeyboard controller (i8042)\u003e port 0x60,0x64 irq 1 on acpi0\natkbd0: \u003cAT Keyboard\u003e irq 1 on atkbdc0\nkbd0 at atkbd0\natkbd0: [GIANT-LOCKED]\natkbd0: [ITHREAD]\npsm0: \u003cPS/2 Mouse\u003e irq 12 on atkbdc0\npsm0: [GIANT-LOCKED]\npsm0: [ITHREAD]\npsm0: model IntelliMouse, device ID 3\npmtimer0 on isa0\norm0: \u003cISA Option ROMs\u003e at iomem 0xce800-0xcffff,0xdf000-0xdf7ff,0xe0000-0xe17ff pnpid ORM0000 on isa0\nppc0: parallel port not found.\nsc0: \u003cSystem console\u003e at flags 0x100 on isa0\nsc0: VGA \u003c16 virtual consoles, flags=0x300\u003e\nsio0: configured irq 4 not in bitmap of probed irqs 0\nsio0: port may not be enabled\nsio0: configured irq 4 not in bitmap of probed irqs 0\nsio0: port may not be enabled\nsio0 at port 0x3f8-0x3ff irq 4 flags 0x10 on isa0\nsio0: type 8250 or not responding\nsio0: [FILTER]\nsio1: configured irq 3 not in bitmap of probed irqs 0\nsio1: port may not be enabled\nvga0: \u003cGeneric ISA VGA\u003e at port 0x3c0-0x3df iomem 0xa0000-0xbffff on isa0\nugen1: \u003cBroadcom Corp HP Integrated Module, class 224/1, rev 2.00/1.00, addr 2\u003e on uhub2\nTimecounters tick every 1.000 msec\nfirewire0: 1 nodes, maxhop \u003c= 0, cable IRM = 0 (me)\nfirewire0: bus manager 0 (me)\nad0: 114473MB \u003cFUJITSU MHV2120BH PL 892C\u003e at ata0-master SATA150\nacd0: DVDR \u003cMATSHITADVD-RAM UJ-850S/1.05\u003e at ata1-master PIO4\npcm0: \u003cHDA Codec: Conexant Venice\u003e\npcm0: \u003cHDA Driver Revision: 20071129_0050\u003e\nGEOM_LABEL: Label for provider ad0s1 is ntfs/WinXP.\nGEOM_LABEL: Label for provider ad0s5 is msdosfs/MOVIES.\nGEOM_LABEL: Label for provider ad0s6 is msdosfs/ .\nGEOM_LABEL: Label for provider ad0s7 is msdosfs/SHARE.\nGEOM_LABEL: Label for provider ad0s8 is ext2fs/Linux.\nacd0: FAILURE - INQUIRY ILLEGAL REQUEST asc=0x24 ascq=0x00 \ncd0 at ata1 bus 0 target 0 lun 0\ncd0: \u003cMATSHITA DVD-RAM UJ-850S 1.05\u003e Removable CD-ROM SCSI-0 device \ncd0: 16.000MB/s transfers\ncd0: Attempt to query device size failed: NOT READY, Medium not present\nSMP: AP CPU #1 Launched!\nTrying to mount root from ufs:/dev/ad0s3a\nGEOM_LABEL: Label msdosfs/MOVIES removed.\nGEOM_LABEL: Label msdosfs/  removed.\nGEOM_LABEL: Label msdosfs/SHARE removed.\nfuse4bsd: version 0.3.9-pre1, FUSE ABI 7.8\ndrm0: \u003cIntel i945GM\u003e on vgapci0\ninfo: [drm] AGP at 0xc0000000 256MB\ninfo: [drm] Initialized i915 1.5.0 20060119\ndrm0: [ITHREAD]\nacd0: FAILURE - READ_TOC ILLEGAL REQUEST asc=0x24 ascq=0x00 \nacd0: FAILURE - unknown CMD (0x03) ILLEGAL REQUEST asc=0x24 ascq=0x00 \nGEOM_LABEL: Label for provider acd0t01 is iso9660/ .\nacd0: FAILURE - READ_DVD_STRUCTURE ILLEGAL REQUEST asc=0x30 ascq=0x02 \nacd0: FAILURE - MODE_SELECT_BIG ILLEGAL REQUEST asc=0x26 ascq=0x00 \nacd0: FAILURE - MODE_SELECT_BIG ILLEGAL REQUEST asc=0x26 ascq=0x00 \nacd0: FAILURE - MODE_SELECT_BIG ILLEGAL REQUEST asc=0x26 ascq=0x00 \nacd0: FAILURE - MODE_SELECT_BIG ILLEGAL REQUEST asc=0x26 ascq=0x00 \nacd0: FAILURE - MODE_SELECT_BIG ILLEGAL REQUEST asc=0x26 ascq=0x00 \nacd0: FAILURE - READ_BUFFER ILLEGAL REQUEST asc=0x24 ascq=0x00 \nacd0: FAILURE - START_STOP ILLEGAL REQUEST asc=0x24 ascq=0x00 \nacd0: FAILURE - READ_TOC ILLEGAL REQUEST asc=0x24 ascq=0x00 \nacd0: FAILURE - WRITE_BIG MEDIUM ERROR asc=0x0c ascq=0x00 \nacd0: FAILURE - READ_DVD_STRUCTURE ILLEGAL REQUEST asc=0x30 ascq=0x02 \nacd0: FAILURE - MODE_SELECT_BIG ILLEGAL REQUEST asc=0x26 ascq=0x00 \nacd0: FAILURE - MODE_SELECT_BIG ILLEGAL REQUEST asc=0x26 ascq=0x00 \nacd0: FAILURE - MODE_SELECT_BIG ILLEGAL REQUEST asc=0x26 ascq=0x00 \nacd0: FAILURE - MODE_SELECT_BIG ILLEGAL REQUEST asc=0x26 ascq=0x00 \nacd0: FAILURE - MODE_SELECT_BIG ILLEGAL REQUEST asc=0x26 ascq=0x00 \nacd0: FAILURE - READ_BUFFER ILLEGAL REQUEST asc=0x24 ascq=0x00 \nacd0: FAILURE - START_STOP ILLEGAL REQUEST asc=0x24 ascq=0x00 \nacd0: FAILURE - READ_TOC ILLEGAL REQUEST asc=0x24 ascq=0x00 \nacd0: FAILURE - START_STOP ILLEGAL REQUEST asc=0x24 ascq=0x00 \n(cd0:ata1:0:0:0): STOP START UNIT. CDB: 1b 0 0 0 3 0 \n(cd0:ata1:0:0:0): CAM Status: SCSI Status Error\n(cd0:ata1:0:0:0): SCSI Status: Check Condition\n(cd0:ata1:0:0:0): ILLEGAL REQUEST asc:24,0\n(cd0:ata1:0:0:0): Invalid field in CDB\n(cd0:ata1:0:0:0): Unretryable error\nacd0: FAILURE - START_STOP ILLEGAL REQUEST asc=0x24 ascq=0x00 \n(cd0:ata1:0:0:0): STOP START UNIT. CDB: 1b 0 0 0 3 0 \n(cd0:ata1:0:0:0): CAM Status: SCSI Status Error\n(cd0:ata1:0:0:0): SCSI Status: Check Condition\n(cd0:ata1:0:0:0): ILLEGAL REQUEST asc:24,0\n(cd0:ata1:0:0:0): Invalid field in CDB\n(cd0:ata1:0:0:0): Unretryable error\nacd0: FAILURE - READ_BIG ILLEGAL REQUEST asc=0x64 ascq=0x00 \n(cd0:ata1:0:0:0): READ(10). CDB: 28 0 0 3 fb 96 0 0 2 0 \n(cd0:ata1:0:0:0): CAM Status: SCSI Status Error\n(cd0:ata1:0:0:0): SCSI Status: Check Condition\n(cd0:ata1:0:0:0): ILLEGAL REQUEST csi:0,1d,0,0 asc:64,0\n(cd0:ata1:0:0:0): Illegal mode for this track\n(cd0:ata1:0:0:0): Unretryable error\n(cd0:ata1:0:0:0): cddone: got error 0x6 back\nacd0: FAILURE - READ_DVD_STRUCTURE ILLEGAL REQUEST asc=0x30 ascq=0x02 \nacd0: FAILURE - MODE_SELECT_BIG ILLEGAL REQUEST asc=0x26 ascq=0x00 \nacd0: FAILURE - MODE_SELECT_BIG ILLEGAL REQUEST asc=0x26 ascq=0x00 \nacd0: FAILURE - MODE_SELECT_BIG ILLEGAL REQUEST asc=0x26 ascq=0x00 \nacd0: FAILURE - MODE_SELECT_BIG ILLEGAL REQUEST asc=0x26 ascq=0x00 \nacd0: FAILURE - MODE_SELECT_BIG ILLEGAL REQUEST asc=0x26 ascq=0x00 \nacd0: FAILURE - READ_BUFFER ILLEGAL REQUEST asc=0x24 ascq=0x00 \nacd0: FAILURE - START_STOP ILLEGAL REQUEST asc=0x24 ascq=0x00 \nacd0: FAILURE - READ_TOC ILLEGAL REQUEST asc=0x24 ascq=0x00 \nacd0: FAILURE - WRITE_BIG MEDIUM ERROR asc=0x0c ascq=0x00"
}