{
 "id": 95524,
 "bug_id": 30373,
 "attachment_id": 0,
 "creation_time": "2003-12-09T17:50:55Z",
 "creator": "frefo697@student.liu.se",
 "text": "Hello Ceri\n\nHere's the dmesg for the system Im running on:\n\nCopyright (c) 1992-2003 The FreeBSD Project.\nCopyright (c) 1979, 1980, 1983, 1986, 1988, 1989, 1991, 1992, 1993, 1994\n\tThe Regents of the University of California. All rights reserved.\nFreeBSD 5.1-RELEASE #0: Mon Dec  8 23:45:45 CET 2003\n    root@brodrost.236.219.27.255:/usr/src/sys/i386/compile/MYKERNEL\nPreloaded elf kernel \"/boot/kernel/kernel\" at 0xc048e000.\nPreloaded elf module \"/boot/kernel/acpi.ko\" at 0xc048e21c.\nTimecounter \"i8254\"  frequency 1193182 Hz\nTimecounter \"TSC\"  frequency 1852059119 Hz\nCPU: AMD Athlon(tm) XP 2500+ (1852.06-MHz 686-class CPU)\n  Origin = \"AuthenticAMD\"  Id = 0x6a0  Stepping = 0\n  Features=0x383fbff\u003cFPU,VME,DE,PSE,TSC,MSR,PAE,MCE,CX8,APIC,SEP,MTRR,PGE,MCA,CMOV,PAT,PSE36,MMX,FXSR,SSE\u003e\n  AMD Features=0xc0400000\u003cAMIE,DSP,3DNow!\u003e\nreal memory  = 535756800 (510 MB)\navail memory = 515399680 (491 MB)\nPentium Pro MTRR support enabled\nnpx0: \u003cmath processor\u003e on motherboard\nnpx0: INT 16 interface\nacpi0: \u003cKT600  AWRDACPI\u003e on motherboard\npcibios: BIOS version 2.10\nUsing $PIR table, 9 entries at 0xc00fcde0\nacpi0: power button is handled as a fixed feature programming model.\nTimecounter \"ACPI-fast\"  frequency 3579545 Hz\nacpi_timer0: \u003c24-bit timer at 3.579545MHz\u003e port 0x4008-0x400b on acpi0\nacpi_cpu0: \u003cCPU\u003e on acpi0\nacpi_tz0: \u003cthermal zone\u003e on acpi0\nacpi_button0: \u003cPower Button\u003e on acpi0\nacpi_button1: \u003cSleep Button\u003e on acpi0\npcib0: \u003cACPI Host-PCI bridge\u003e port 0xcf8-0xcff on acpi0\npci0: \u003cACPI PCI bus\u003e on pcib0\nagp0: \u003cVIA Generic host to PCI bridge\u003e mem 0xe8000000-0xebffffff at device 0.0 on pci0\npcib1: \u003cPCI-PCI bridge\u003e at device 1.0 on pci0\npci1: \u003cPCI bus\u003e on pcib1\npci1: \u003cdisplay, VGA\u003e at device 0.0 (no driver attached)\npci0: \u003cmultimedia, audio\u003e at device 9.0 (no driver attached)\npci0: \u003cinput device\u003e at device 9.1 (no driver attached)\nrl0: \u003cRealTek 8139 10/100BaseTX\u003e port 0xd800-0xd8ff mem 0xee000000-0xee0000ff irq 10 at device 10.0 on pci0\nrl0: Realtek 8139B detected. Warning, this may be unstable in autoselect mode\nrl0: Ethernet address: 00:40:95:0b:48:bf\nmiibus0: \u003cMII bus\u003e on rl0\nrlphy0: \u003cRealTek internal media interface\u003e on miibus0\nrlphy0:  10baseT, 10baseT-FDX, 100baseTX, 100baseTX-FDX, auto\nuhci0: \u003cVIA 83C572 USB controller\u003e port 0xdc00-0xdc1f irq 11 at device 16.0 on pci0\nusb0: \u003cVIA 83C572 USB controller\u003e on uhci0\nusb0: USB revision 1.0\nuhub0: VIA UHCI root hub, class 9/0, rev 1.00/1.00, addr 1\nuhub0: 2 ports with 2 removable, self powered\nums0: Logitech product 0xc032, rev 1.00/1.01, addr 2, iclass 3/1\ndevice_probe_and_attach: ums0 attach returned 6\nugen0: Logitech product 0xc032, rev 1.00/1.01, addr 2\nugen0: setting configuration index 0 failed\ndevice_probe_and_attach: ugen0 attach returned 6\nuhci1: \u003cVIA 83C572 USB controller\u003e port 0xe000-0xe01f irq 12 at device 16.1 on pci0\nusb1: \u003cVIA 83C572 USB controller\u003e on uhci1\nusb1: USB revision 1.0\nuhub1: VIA UHCI root hub, class 9/0, rev 1.00/1.00, addr 1\nuhub1: 2 ports with 2 removable, self powered\nuhci2: \u003cVIA 83C572 USB controller\u003e port 0xe400-0xe41f irq 10 at device 16.2 on pci0\nusb2: \u003cVIA 83C572 USB controller\u003e on uhci2\nusb2: USB revision 1.0\nuhub2: VIA UHCI root hub, class 9/0, rev 1.00/1.00, addr 1\nuhub2: 2 ports with 2 removable, self powered\nuhub2: port error, restarting port 1\nuhub2: port error, giving up port 1\nuhub2: port error, restarting port 2\npci0: \u003cserial bus, USB\u003e at device 16.3 (no driver attached)\nisab0: \u003cPCI-ISA bridge\u003e at device 17.0 on pci0\nisa0: \u003cISA bus\u003e on isab0\natapci0: \u003cVIA 8235 UDMA133 controller\u003e port 0xe800-0xe80f at device 17.1 on pci0\nata0: at 0x1f0 irq 14 on atapci0\nata1: at 0x170 irq 15 on atapci0\nvr0: \u003cVIA VT6102 Rhine II 10/100BaseTX\u003e port 0xec00-0xecff mem 0xee002000-0xee0020ff irq 11 at device 18.0 on pci0\nvr0: Ethernet address: 00:50:8d:4f:2d:e9\nmiibus1: \u003cMII bus\u003e on vr0\nukphy0: \u003cGeneric IEEE 802.3u media interface\u003e on miibus1\nukphy0:  10baseT, 10baseT-FDX, 100baseTX, 100baseTX-FDX, auto\nfdc0: \u003cEnhanced floppy controller (i82077, NE72065 or clone)\u003e port 0x3f7,0x3f2-0x3f5 irq 6 drq 2 on acpi0\nfdc0: FIFO enabled, 8 bytes threshold\nfd0: \u003c1440-KB 3.5\" drive\u003e on fdc0 drive 0\natkbdc0: \u003cKeyboard controller (i8042)\u003e port 0x64,0x60 irq 1 on acpi0\natkbd0: \u003cAT Keyboard\u003e flags 0x1 irq 1 on atkbdc0\nkbd0 at atkbd0\npmtimer0 on isa0\nsc0: \u003cSystem console\u003e at flags 0x100 on isa0\nsc0: VGA \u003c16 virtual consoles, flags=0x300\u003e\nvga0: \u003cGeneric ISA VGA\u003e at port 0x3c0-0x3df iomem 0xa0000-0xbffff on isa0\nTimecounters tick every 10.000 msec\nad0: 117246MB \u003cMaxtor 6Y120L0\u003e [238216/16/63] at ata0-master UDMA133\nad1: 19470MB \u003cQUANTUM FIREBALL CX20.4A\u003e [39560/16/63] at ata0-slave UDMA66\nacd0: CD-RW \u003cCD-RW IDE5224\u003e at ata1-master PIO4\nMounting root from ufs:/dev/ad0s3a\n\nAs you can see, the interesting part here probably is this\nuhci0: \u003cVIA 83C572 USB controller\u003e port 0xdc00-0xdc1f irq 11 at device 16.0 on pci0\nusb0: \u003cVIA 83C572 USB controller\u003e on uhci0\nusb0: USB revision 1.0\nuhub0: VIA UHCI root hub, class 9/0, rev 1.00/1.00, addr 1\nuhub0: 2 ports with 2 removable, self powered\nums0: Logitech product 0xc032, rev 1.00/1.01, addr 2, iclass 3/1\ndevice_probe_and_attach: ums0 attach returned 6\nugen0: Logitech product 0xc032, rev 1.00/1.01, addr 2\nugen0: setting configuration index 0 failed\ndevice_probe_and_attach: ugen0 attach returned 6\nuhci1: \u003cVIA 83C572 USB controller\u003e port 0xe000-0xe01f irq 12 at device 16.1 on pci0\nusb1: \u003cVIA 83C572 USB controller\u003e on uhci1\nusb1: USB revision 1.0\nuhub1: VIA UHCI root hub, class 9/0, rev 1.00/1.00, addr 1\nuhub1: 2 ports with 2 removable, self powered\nuhci2: \u003cVIA 83C572 USB controller\u003e port 0xe400-0xe41f irq 10 at device 16.2 on pci0\nusb2: \u003cVIA 83C572 USB controller\u003e on uhci2\nusb2: USB revision 1.0\nuhub2: VIA UHCI root hub, class 9/0, rev 1.00/1.00, addr 1\nuhub2: 2 ports with 2 removable, self powered\nuhub2: port error, restarting port 1\nuhub2: port error, giving up port 1\nuhub2: port error, restarting port 2\n\nId like to add that the time it actually takes to run through this part is HUGE. It's like a week or so :) The mouse is recieving power since I can see the lights shining on it, and apparently it does actually recognize the mouse in some way since it at least gets the \"Logitech\" part right...however thats the end of it. After that it all goes to hell on a stick, and not the cute-BSD-demon-stick way.\n\nAnd here's my current kernel config, note that it might very well not be the most efficient kernel made ever, but its here for debugging in any case.\n\n# $FreeBSD: src/sys/i386/conf/GENERIC,v 1.384.2.2 2003/05/31 15:18:41 scottl Exp $\n\nmachine\t\ti386\ncpu\t\tI686_CPU\nident\t\tGENERIC\n\noptions \tSCHED_4BSD\t\t#4BSD scheduler\noptions \tINET\t\t\t#InterNETworking\noptions \tINET6\t\t\t#IPv6 communications protocols\noptions \tFFS\t\t\t#Berkeley Fast Filesystem\noptions \tSOFTUPDATES\t\t#Enable FFS soft updates support\noptions \tUFS_ACL\t\t\t#Support for access control lists\noptions \tUFS_DIRHASH\t\t#Improve performance on big directories\noptions \tMD_ROOT\t\t\t#MD is a potential root device\noptions \tNFSCLIENT\t\t#Network Filesystem Client\noptions \tNFSSERVER\t\t#Network Filesystem Server\noptions \tNFS_ROOT\t\t#NFS usable as root device, requires NFSCLIENT\noptions \tMSDOSFS\t\t\t#MSDOS Filesystem\noptions \tCD9660\t\t\t#ISO 9660 Filesystem\noptions \tPROCFS\t\t\t#Process filesystem (requires PSEUDOFS)\noptions \tPSEUDOFS\t\t#Pseudo-filesystem framework\noptions \tCOMPAT_43\t\t#Compatible with BSD 4.3 [KEEP THIS!]\noptions \tCOMPAT_FREEBSD4\t\t#Compatible with FreeBSD4\noptions \tSCSI_DELAY=15000\t#Delay (in ms) before probing SCSI\noptions \tKTRACE\t\t\t#ktrace(1) support\noptions \tSYSVSHM\t\t\t#SYSV-style shared memory\noptions \tSYSVMSG\t\t\t#SYSV-style message queues\noptions \tSYSVSEM\t\t\t#SYSV-style semaphores\noptions \t_KPOSIX_PRIORITY_SCHEDULING #Posix P1003_1B real-time extensions\noptions \tKBD_INSTALL_CDEV\t# install a CDEV entry in /dev\noptions \tAHC_REG_PRETTY_PRINT\t# Print register bitfields in debug\n\t\t\t\t\t# output.  Adds ~128k to driver.\noptions \tAHD_REG_PRETTY_PRINT\t# Print register bitfields in debug\n\t\t\t\t\t# output.  Adds ~215k to driver.\n\noptions \tINVARIANT_SUPPORT\t#Extra sanity checks of internal structures, required by INVARIANTS\n\ndevice\t\tisa\ndevice\t\teisa\ndevice\t\tpci\n\n# Floppy drives\ndevice\t\tfdc\n\n# ATA and ATAPI devices\ndevice\t\tata\ndevice\t\tatadisk\t\t\t# ATA disk drives\ndevice\t\tatapicd\t\t\t# ATAPI CDROM drives\ndevice\t\tatapifd\t\t\t# ATAPI floppy drives\ndevice\t\tatapist\t\t\t# ATAPI tape drives\noptions \tATA_STATIC_ID\t\t#Static device numbering\n\n\n# SCSI peripherals\ndevice\t\tscbus\t\t# SCSI bus (required)\ndevice\t\tch\t\t# SCSI media changers\ndevice\t\tda\t\t# Direct Access (disks)\ndevice\t\tsa\t\t# Sequential Access (tape etc)\ndevice\t\tcd\t\t# CD\ndevice\t\tpass\t\t# Passthrough device (direct SCSI access)\ndevice\t\tses\t\t# SCSI Environmental Services (and AF-TE)\n\n# atkbdc0 controls both the keyboard and the PS/2 mouse\ndevice\t\tatkbdc\t\t# AT keyboard controller\ndevice\t\tatkbd\t\t# AT keyboard\ndevice\t\tpsm\t\t# PS/2 mouse\n\ndevice\t\tvga\t\t# VGA video card driver\n\ndevice\t\tsplash\t\t# Splash screen and screen saver support\n\n# syscons is the default console driver, resembling an SCO console\ndevice\t\tsc\n\n# Enable this for the pcvt (VT220 compatible) console driver\ndevice\t\tvt\noptions \tXSERVER\t\t\t# support for X server on a vt console\noptions \tFAT_CURSOR\t\t# start with block cursor\n\ndevice\t\tagp\t\t# support several AGP chipsets\n\n# Floating point support - do not disable.\ndevice\t\tnpx\n\n# Add suspend/resume support for the i8254.\ndevice\t\tpmtimer\n\n# PCI Ethernet NICs that use the common MII bus controller code.\n# NOTE: Be sure to keep the 'device miibus' line in order to use these NICs!\ndevice\t\tmiibus\t\t# MII bus support\ndevice\t\trl\t\t# RealTek 8129/8139\ndevice\t\tvr\t\t# VIA Rhine, Rhine II\n\n# Pseudo devices - the number indicates how many units to allocate.\ndevice\t\trandom\t\t# Entropy device\ndevice\t\tloop\t\t# Network loopback\ndevice\t\tether\t\t# Ethernet support\ndevice\t\tpty\t\t# Pseudo-ttys (telnet etc)\ndevice\t\tmd\t\t# Memory \"disks\"\ndevice\t\tgif\t\t# IPv6 and IPv4 tunneling\ndevice\t\tfaith\t\t# IPv6-to-IPv4 relaying (translation)\n\n# USB support\ndevice\t\tuhci\t\t# UHCI PCI-\u003eUSB interface\ndevice\t\tohci\t\t# OHCI PCI-\u003eUSB interface\ndevice\t\tusb\t\t# USB Bus (required)\ndevice\t\tugen\t\t# Generic\ndevice\t\tuhid\t\t# \"Human Interface Devices\"\ndevice\t\tums\t\t# Mouse\n\nHope this helps a bit. If you need more specific debug information, just tell me and Ill get it for you (if I know how that is).\n\nRegards\n/ Fredrik"
}