{
 "id": 541178,
 "bug_id": 143215,
 "attachment_id": 0,
 "creation_time": "2010-01-25T19:20:09Z",
 "creator": "rfarmer@predatorlabs.net",
 "text": "On a Netra X1, I am trying to upgrade from 8.0 to CURRENT, I get the following when booting the new kernel (GENERIC with no modifications):\n\nOK boot -s\njumping to kernel entry at 0xc0088000.\nGDB: no debug ports present\nKDB: debugger backends: ddb\nKDB: current backend: ddb\nCopyright (c) 1992-2010 The FreeBSD Project.\nCopyright (c) 1979, 1980, 1983, 1986, 1988, 1989, 1991, 1992, 1993, 1994\n\tThe Regents of the University of California. All rights reserved.\nFreeBSD is a registered trademark of The FreeBSD Foundation.\nFreeBSD 9.0-CURRENT #0 r202962: Mon Jan 25 09:59:53 PST 2010\n    rfarmer@netra.predatorlabs.net:/obj/usr/src/sys/GENERIC sparc64\nWARNING: WITNESS option enabled, expect reduced performance.\nreal memory  = 939524096 (896 MB)\navail memory = 895680512 (854 MB)\ncpu0: Sun Microsystems UltraSparc-IIe Processor (500.00 MHz CPU)\nispfw: registered firmware \u003cisp_1000\u003e\nispfw: registered firmware \u003cisp_1040\u003e\nispfw: registered firmware \u003cisp_1040_it\u003e\nispfw: registered firmware \u003cisp_1080\u003e\nispfw: registered firmware \u003cisp_1080_it\u003e\nispfw: registered firmware \u003cisp_12160\u003e\nispfw: registered firmware \u003cisp_12160_it\u003e\nispfw: registered firmware \u003cisp_2100\u003e\nispfw: registered firmware \u003cisp_2200\u003e\nispfw: registered firmware \u003cisp_2300\u003e\nispfw: registered firmware \u003cisp_2322\u003e\nispfw: registered firmware \u003cisp_2400\u003e\nispfw: registered firmware \u003cisp_2400_multi\u003e\nispfw: registered firmware \u003cisp_2500\u003e\nispfw: registered firmware \u003cisp_2500_multi\u003e\nkbd0 at kbdmux0\nnexus0: \u003cOpen Firmware Nexus device\u003e\npcib0: \u003cU2P UPA-PCI bridge\u003e mem 0x1fe00000000-0x1fe0000ffff,0x1fe01000000-0x1fe010000ff irq 2032,2030,2031,2021 on nexus0\npcib0: Sabre, impl 0, version 0, IGN 0x1f, bus A, 66MHz\npcib0: DVMA map: 0x60000000 to 0x63ffffff 8192 entries\npcib0: [FILTER]\npcib0: [FILTER]\npcib0: [GIANT-LOCKED]\npcib0: [ITHREAD]\npcib0: [FILTER]\npci0: \u003cOFW PCI bus\u003e on pcib0\nisab0: \u003cPCI-ISA bridge\u003e at device 7.0 on pci0\nisa0: \u003cISA bus\u003e on isab0\npci0: \u003cold, non-VGA display device\u003e at device 3.0 (no driver attached)\ndc0: \u003cDavicom DM9102A 10/100BaseTX\u003e port 0x10000-0x100ff mem 0-0xff at device 12.0 on pci0\nmiibus0: \u003cMII bus\u003e on dc0\namphy0: \u003cDM9102 10/100 media interface\u003e PHY 1 on miibus0\namphy0:  10baseT, 10baseT-FDX, 100baseTX, 100baseTX-FDX, auto\ndc0: Ethernet address: 00:03:ba:0f:df:0d\ndc0: [ITHREAD]\ndc1: \u003cDavicom DM9102A 10/100BaseTX\u003e port 0x10100-0x101ff mem 0x2000-0x20ff at device 5.0 on pci0\nmiibus1: \u003cMII bus\u003e on dc1\namphy1: \u003cDM9102 10/100 media interface\u003e PHY 1 on miibus1\namphy1:  10baseT, 10baseT-FDX, 100baseTX, 100baseTX-FDX, auto\ndc1: Ethernet address: 00:03:ba:0f:df:0d\ndc1: [ITHREAD]\nohci0: \u003cAcerLabs M5237 (Aladdin-V) USB controller\u003e mem 0x1000000-0x1000fff at device 10.0 on pci0\nohci0: [ITHREAD]\nusbus0: \u003cAcerLabs M5237 (Aladdin-V) USB controller\u003e on ohci0\natapci0: \u003cAcerLabs M5229 UDMA66 controller\u003e port 0x10200-0x10207,0x10218-0x1021b,0x10210-0x10217,0x10208-0x1020b,0x10220-0x1022f at device 13.0 on pci0\natapci0: [ITHREAD]\natapci0: using PIO transfers above 137GB as workaround for 48bit DMA access bug, expect reduced performance\nata2: \u003cATA channel 0\u003e on atapci0\nata2: [ITHREAD]\nata3: \u003cATA channel 1\u003e on atapci0\nata3: [ITHREAD]\nnexus0: \u003csyscons\u003e type unknown (no driver attached)\nrtc0: \u003cReal-Time Clock\u003e at port 0x70-0x71 on isa0\nuart0: \u003c16550 or compatible\u003e at port 0x3f8-0x3ff irq 43 on isa0\nuart0: [FILTER]\nuart0: console (9600,n,8,1)\nuart1: \u003c16550 or compatible\u003e at port 0x2e8-0x2ef irq 43 on isa0\nuart1: [FILTER]\nTimecounter \"tick\" frequency 500000000 Hz quality 1000\nTimecounters tick every 1.000 msec\nusbus0: 12Mbps Full Speed USB v1.0\npanic: blockable sleep lock (sleep mutex) system map @ /usr/src/sys/vm/vm_map.c:3532\ncpuid = 0\nKDB: enter: panic\n[thread pid 12 tid 100027 ]\nStopped at      kdb_enter+0x80: ta              %xcc, 1\ndb\u003e bt\nTracing pid 12 tid 100027 td 0xfffff800011e6000\npanic() at panic+0x20c\nwitness_checkorder() at witness_checkorder+0x108\n_mtx_lock_flags() at _mtx_lock_flags+0x110\n_vm_map_lock_read() at _vm_map_lock_read+0x1c\nvm_map_lookup() at vm_map_lookup+0x4c\nvm_fault() at vm_fault+0x70\ntrap_pfault() at trap_pfault+0x338\ntrap() at trap+0x354\n-- fast data access mmu miss tar=0xdeadc000 %o7=0xc03c2f54 --\n_mtx_lock_spin_failed() at _mtx_lock_spin_failed+0x38\n_thread_lock_flags() at _thread_lock_flags+0x20c\nsleepq_signal() at sleepq_signal+0x1a4\ncv_signal() at cv_signal+0x2c\n_sema_post() at _sema_post+0x50\nata_completed() at ata_completed+0xad4\nata_finish() at ata_finish+0x58\nata_interrupt() at ata_interrupt+0x13c\nata_generic_intr() at ata_generic_intr+0x18\nintr_event_execute_handlers() at intr_event_execute_handlers+0x150\nithread_loop() at ithread_loop+0xf8\nfork_exit() at fork_exit+0x9c\nfork_trampoline() at fork_trampoline+0x8\ndb\u003e \n\nI'm not familiar with debugging kernel issues so tell me if I need to provide more information."
}