{
 "id": 616922,
 "bug_id": 158264,
 "attachment_id": 0,
 "creation_time": "2011-06-24T18:30:21Z",
 "creator": "gondim@intnet.com.br",
 "text": "With linux and windows server 2008 the problem does not happen.\nBut with FreeBSD 8.2 the hardware shut down and power on after some time working.\n\nMy dmesg:\n\nCopyright (c) 1992-2011 The FreeBSD Project.\nCopyright (c) 1979, 1980, 1983, 1986, 1988, 1989, 1991, 1992, 1993, 1994\n        The Regents of the University of California. All rights reserved.\nFreeBSD is a registered trademark of The FreeBSD Foundation.\nFreeBSD 8.2-STABLE #0: Thu Jun 23 04:13:40 BRT 2011\n    root@zeus.linuxinfo.com.br:/usr/obj/usr/src/sys/GONDIM amd64\nTimecounter \"i8254\" frequency 1193182 Hz quality 0\nCPU: Intel(R) Xeon(R) CPU           E5606  @ 2.13GHz (2133.32-MHz K8-class CPU)\n  Origin = \"GenuineIntel\"  Id = 0x206c2  Family = 6  Model = 2c  Stepping = 2\n  Features=0xbfebfbff\u003cFPU,VME,DE,PSE,TSC,MSR,PAE,MCE,CX8,APIC,SEP,MTRR,PGE,MCA,CMOV,PAT,PSE36,CLFLUSH,DTS,ACPI,MMX,FXSR,SSE,SSE2,SS,HTT,TM,PBE\u003e\n  Features2=0x29ee3ff\u003cSSE3,PCLMULQDQ,DTES64,MON,DS_CPL,VMX,SMX,EST,TM2,SSSE3,CX16,xTPR,PDCM,PCID,DCA,SSE4.1,SSE4.2,POPCNT,AESNI\u003e\n  AMD Features=0x2c100800\u003cSYSCALL,NX,Page1GB,RDTSCP,LM\u003e\n  AMD Features2=0x1\u003cLAHF\u003e\n  TSC: P-state invariant\nreal memory  = 8589934592 (8192 MB)\navail memory = 8150536192 (7772 MB)\nACPI APIC Table: \u003cINTEL  S5500BC \u003e\nFreeBSD/SMP: Multiprocessor System Detected: 8 CPUs\nFreeBSD/SMP: 2 package(s) x 4 core(s)\n cpu0 (BSP): APIC ID:  0\n cpu1 (AP): APIC ID:  2\n cpu2 (AP): APIC ID: 18\n cpu3 (AP): APIC ID: 20\n cpu4 (AP): APIC ID: 32\n cpu5 (AP): APIC ID: 34\n cpu6 (AP): APIC ID: 50\n cpu7 (AP): APIC ID: 52\nioapic0 \u003cVersion 2.0\u003e irqs 0-23 on motherboard\nioapic1 \u003cVersion 2.0\u003e irqs 24-47 on motherboard\nlapic0: Forcing LINT1 to edge trigger\nkbd1 at kbdmux0\ncryptosoft0: \u003csoftware crypto\u003e on motherboard\nacpi0: \u003cINTEL S5500BC\u003e on motherboard\nacpi0: [ITHREAD]\nacpi0: Power Button (fixed)\nTimecounter \"ACPI-fast\" frequency 3579545 Hz quality 1000\nacpi_timer0: \u003c24-bit timer at 3.579545MHz\u003e port 0x408-0x40b on acpi0\ncpu0: \u003cACPI CPU\u003e on acpi0\ncpu1: \u003cACPI CPU\u003e on acpi0\ncpu2: \u003cACPI CPU\u003e on acpi0\ncpu3: \u003cACPI CPU\u003e on acpi0\ncpu4: \u003cACPI CPU\u003e on acpi0\ncpu5: \u003cACPI CPU\u003e on acpi0\ncpu6: \u003cACPI CPU\u003e on acpi0\ncpu7: \u003cACPI CPU\u003e on acpi0\npcib0: \u003cACPI Host-PCI bridge\u003e port 0xcf8-0xcff on acpi0\npci0: \u003cACPI PCI bus\u003e on pcib0\npcib1: \u003cACPI PCI-PCI bridge\u003e irq 28 at device 1.0 on pci0\npci1: \u003cACPI PCI bus\u003e on pcib1\nem0: \u003cIntel(R) PRO/1000 Network Connection 7.2.3\u003e port 0x1000-0x101f mem 0xb1a00000-0xb1a1ffff,0xb1900000-0xb19fffff,0xb1a20000-0xb1a23fff irq 28 at device 0.0 on pci1\nem0: Using MSIX interrupts with 3 vectors\nem0: [ITHREAD]\nem0: [ITHREAD]\nem0: [ITHREAD]\nem0: Ethernet address: 00:1e:67:07:9d:cd\npcib2: \u003cACPI PCI-PCI bridge\u003e irq 24 at device 3.0 on pci0\npci2: \u003cACPI PCI bus\u003e on pcib2\npcib3: \u003cACPI PCI-PCI bridge\u003e irq 30 at device 7.0 on pci0\npci3: \u003cACPI PCI bus\u003e on pcib3\npcib4: \u003cACPI PCI-PCI bridge\u003e irq 32 at device 9.0 on pci0\npci4: \u003cACPI PCI bus\u003e on pcib4\npci0: \u003cbase peripheral, interrupt controller\u003e at device 16.0 (no driver attached)\npci0: \u003cbase peripheral, interrupt controller\u003e at device 16.1 (no driver attached)\npci0: \u003cbase peripheral, interrupt controller\u003e at device 17.0 (no driver attached)\npci0: \u003cbase peripheral, interrupt controller\u003e at device 17.1 (no driver attached)\npci0: \u003cbase peripheral, interrupt controller\u003e at device 20.0 (no driver attached)\npci0: \u003cbase peripheral, interrupt controller\u003e at device 20.1 (no driver attached)\npci0: \u003cbase peripheral, interrupt controller\u003e at device 20.2 (no driver attached)\npci0: \u003cbase peripheral, interrupt controller\u003e at device 20.3 (no driver attached)\npci0: \u003cbase peripheral\u003e at device 22.0 (no driver attached)\npci0: \u003cbase peripheral\u003e at device 22.1 (no driver attached)\npci0: \u003cbase peripheral\u003e at device 22.2 (no driver attached)\npci0: \u003cbase peripheral\u003e at device 22.3 (no driver attached)\npci0: \u003cbase peripheral\u003e at device 22.4 (no driver attached)\npci0: \u003cbase peripheral\u003e at device 22.5 (no driver attached)\npci0: \u003cbase peripheral\u003e at device 22.6 (no driver attached)\npci0: \u003cbase peripheral\u003e at device 22.7 (no driver attached)\nem1: \u003cIntel(R) PRO/1000 Network Connection 7.2.3\u003e port 0x20e0-0x20ff mem 0xb1b00000-0xb1b1ffff,0xb1b43000-0xb1b43fff irq 20 at device 25.0 on pci0\nem1: Using an MSI interrupt\nem1: [FILTER]\nem1: Ethernet address: 00:1e:67:07:9d:cc\nuhci0: \u003cIntel 82801JI (ICH10) USB controller USB-D\u003e port 0x20c0-0x20df irq 19 at device 26.0 on pci0\nuhci0: [ITHREAD]\nusbus0: \u003cIntel 82801JI (ICH10) USB controller USB-D\u003e on uhci0\nuhci1: \u003cIntel 82801JI (ICH10) USB controller USB-E\u003e port 0x20a0-0x20bf irq 19 at device 26.1 on pci0\nuhci1: [ITHREAD]\nusbus1: \u003cIntel 82801JI (ICH10) USB controller USB-E\u003e on uhci1\nuhci2: \u003cIntel 82801JI (ICH10) USB controller USB-F\u003e port 0x2080-0x209f irq 19 at device 26.2 on pci0\nuhci2: [ITHREAD]\nusbus2: \u003cIntel 82801JI (ICH10) USB controller USB-F\u003e on uhci2\nehci0: \u003cIntel 82801JI (ICH10) USB 2.0 controller USB-B\u003e mem 0xb1b41000-0xb1b413ff irq 19 at device 26.7 on pci0\nehci0: [ITHREAD]\nusbus3: EHCI version 1.0\nusbus3: \u003cIntel 82801JI (ICH10) USB 2.0 controller USB-B\u003e on ehci0\npcib5: \u003cACPI PCI-PCI bridge\u003e irq 16 at device 28.0 on pci0\npci5: \u003cACPI PCI bus\u003e on pcib5\npcib6: \u003cACPI PCI-PCI bridge\u003e irq 16 at device 28.4 on pci0\npci6: \u003cACPI PCI bus\u003e on pcib6\nvgapci0: \u003cVGA-compatible display\u003e mem 0xb0000000-0xb0ffffff,0xb1800000-0xb1803fff,0xb1000000-0xb17fffff irq 16 at device 0.0 on pci6\nuhci3: \u003cIntel 82801JI (ICH10) USB controller USB-A\u003e port 0x2060-0x207f irq 16 at device 29.0 on pci0\nuhci3: [ITHREAD]\nusbus4: \u003cIntel 82801JI (ICH10) USB controller USB-A\u003e on uhci3\nuhci4: \u003cIntel 82801JI (ICH10) USB controller USB-B\u003e port 0x2040-0x205f irq 16 at device 29.1 on pci0\nuhci4: [ITHREAD]\nusbus5: \u003cIntel 82801JI (ICH10) USB controller USB-B\u003e on uhci4\nuhci5: \u003cIntel 82801JI (ICH10) USB controller USB-C\u003e port 0x2020-0x203f irq 16 at device 29.2 on pci0\nuhci5: [ITHREAD]\nusbus6: \u003cIntel 82801JI (ICH10) USB controller USB-C\u003e on uhci5\nehci1: \u003cIntel 82801JI (ICH10) USB 2.0 controller USB-A\u003e mem 0xb1b40000-0xb1b403ff irq 16 at device 29.7 on pci0\nehci1: [ITHREAD]\nusbus7: EHCI version 1.0\nusbus7: \u003cIntel 82801JI (ICH10) USB 2.0 controller USB-A\u003e on ehci1\npcib7: \u003cACPI PCI-PCI bridge\u003e at device 30.0 on pci0\npci7: \u003cACPI PCI bus\u003e on pcib7\nisab0: \u003cPCI-ISA bridge\u003e at device 31.0 on pci0\nisa0: \u003cISA bus\u003e on isab0\natapci0: \u003cIntel ICH10 SATA300 controller\u003e port 0x2158-0x215f,0x216c-0x216f,0x2150-0x2157,0x2168-0x216b,0x2130-0x213f,0x2120-0x212f irq 18 at device 31.2 on pci0\natapci0: [ITHREAD]\nata2: \u003cATA channel 0\u003e on atapci0\nata2: [ITHREAD]\nata3: \u003cATA channel 1\u003e on atapci0\nata3: [ITHREAD]\npci0: \u003cserial bus, SMBus\u003e at device 31.3 (no driver attached)\natapci1: \u003cIntel ICH10 SATA300 controller\u003e port 0x2148-0x214f,0x2164-0x2167,0x2140-0x2147,0x2160-0x2163,0x2110-0x211f,0x2100-0x210f irq 21 at device 31.5 on pci0\natapci1: [ITHREAD]\nata4: \u003cATA channel 0\u003e on atapci1\nata4: [ITHREAD]\nata5: \u003cATA channel 1\u003e on atapci1\nata5: [ITHREAD]\nacpi_button0: \u003cSleep Button\u003e on acpi0\natrtc0: \u003cAT realtime clock\u003e port 0x70-0x71,0x74-0x77 irq 8 on acpi0\nacpi_hpet0: \u003cHigh Precision Event Timer\u003e iomem 0xfed00000-0xfed003ff on acpi0\nTimecounter \"HPET\" frequency 14318180 Hz quality 900\nqpi0: \u003cQPI system bus\u003e on motherboard\npcib8: \u003cQPI Host-PCI bridge\u003e pcibus 255 on qpi0\npci255: \u003cPCI bus\u003e on pcib8\npcib9: \u003cQPI Host-PCI bridge\u003e pcibus 254 on qpi0\npci254: \u003cPCI bus\u003e on pcib9\norm0: \u003cISA Option ROMs\u003e at iomem 0xc0000-0xc7fff,0xc8000-0xc8fff,0xc9000-0xc9fff on isa0\natkbd: unable to set the command byte.\nsc0: \u003cSystem console\u003e at flags 0x100 on isa0\nsc0: VGA \u003c16 virtual consoles, flags=0x300\u003e\nvga0: \u003cGeneric ISA VGA\u003e at port 0x3c0-0x3df iomem 0xa0000-0xbffff on isa0\natkbdc0: \u003cKeyboard controller (i8042)\u003e at port 0x60,0x64 on isa0\natkbd0: \u003cAT Keyboard\u003e irq 1 on atkbdc0\nkbd0 at atkbd0\natkbd0: [GIANT-LOCKED]\natkbd0: [ITHREAD]\npsm0: unable to set the command byte.\nest0: \u003cEnhanced SpeedStep Frequency Control\u003e on cpu0\np4tcc0: \u003cCPU Frequency Thermal Control\u003e on cpu0\nest1: \u003cEnhanced SpeedStep Frequency Control\u003e on cpu1\np4tcc1: \u003cCPU Frequency Thermal Control\u003e on cpu1\nest2: \u003cEnhanced SpeedStep Frequency Control\u003e on cpu2\np4tcc2: \u003cCPU Frequency Thermal Control\u003e on cpu2\nest3: \u003cEnhanced SpeedStep Frequency Control\u003e on cpu3\np4tcc3: \u003cCPU Frequency Thermal Control\u003e on cpu3\nest4: \u003cEnhanced SpeedStep Frequency Control\u003e on cpu4\np4tcc4: \u003cCPU Frequency Thermal Control\u003e on cpu4\nest5: \u003cEnhanced SpeedStep Frequency Control\u003e on cpu5\np4tcc5: \u003cCPU Frequency Thermal Control\u003e on cpu5\nest6: \u003cEnhanced SpeedStep Frequency Control\u003e on cpu6\np4tcc6: \u003cCPU Frequency Thermal Control\u003e on cpu6\nest7: \u003cEnhanced SpeedStep Frequency Control\u003e on cpu7\np4tcc7: \u003cCPU Frequency Thermal Control\u003e on cpu7\nTimecounters tick every 1.000 msec\nIPsec: Initialized Security Association Processing.\nipfw2 (+ipv6) initialized, divert enabled, nat enabled, rule-based forwarding enabled, default to accept, logging disabled\nDUMMYNET 0 with IPv6 initialized (100409)\nload_dn_sched dn_sched FIFO loaded\nload_dn_sched dn_sched PRIO loaded\nload_dn_sched dn_sched QFQ loaded\nload_dn_sched dn_sched RR loaded\nload_dn_sched dn_sched WF2Q+ loaded\nusbus0: 12Mbps Full Speed USB v1.0\nusbus1: 12Mbps Full Speed USB v1.0\nusbus2: 12Mbps Full Speed USB v1.0\nusbus3: 480Mbps High Speed USB v2.0\nusbus4: 12Mbps Full Speed USB v1.0\nusbus5: 12Mbps Full Speed USB v1.0\nusbus6: 12Mbps Full Speed USB v1.0\nusbus7: 480Mbps High Speed USB v2.0\nugen0.1: \u003cIntel\u003e at usbus0\nuhub0: \u003cIntel UHCI root HUB, class 9/0, rev 1.00/1.00, addr 1\u003e on usbus0\nugen1.1: \u003cIntel\u003e at usbus1\nuhub1: \u003cIntel UHCI root HUB, class 9/0, rev 1.00/1.00, addr 1\u003e on usbus1\nugen2.1: \u003cIntel\u003e at usbus2\nuhub2: \u003cIntel UHCI root HUB, class 9/0, rev 1.00/1.00, addr 1\u003e on usbus2\nugen3.1: \u003cIntel\u003e at usbus3\nuhub3: \u003cIntel EHCI root HUB, class 9/0, rev 2.00/1.00, addr 1\u003e on usbus3\nugen4.1: \u003cIntel\u003e at usbus4\nuhub4: \u003cIntel UHCI root HUB, class 9/0, rev 1.00/1.00, addr 1\u003e on usbus4\nugen5.1: \u003cIntel\u003e at usbus5\nuhub5: \u003cIntel UHCI root HUB, class 9/0, rev 1.00/1.00, addr 1\u003e on usbus5\nugen6.1: \u003cIntel\u003e at usbus6\nuhub6: \u003cIntel UHCI root HUB, class 9/0, rev 1.00/1.00, addr 1\u003e on usbus6\nugen7.1: \u003cIntel\u003e at usbus7\nuhub7: \u003cIntel EHCI root HUB, class 9/0, rev 2.00/1.00, addr 1\u003e on usbus7\nad4: 953869MB \u003cSeagate ST31000528AS CC44\u003e at ata2-master UDMA100 SATA 3Gb/s\nacd0: DVDR \u003cHL-DT-ST DVDRAM GH22NS50/TN03\u003e at ata3-master UDMA100 SATA 1.5Gb/s\nlapic20: Forcing LINT1 to edge trigger\nSMP: AP CPU #3 Launched!\nlapic34: Forcing LINT1 to edge trigger\nSMP: AP CPU #5 Launched!\nlapic2: Forcing LINT1 to edge trigger\nSMP: AP CPU #1 Launched!\nlapic52: Forcing LINT1 to edge trigger\nSMP: AP CPU #7 Launched!\nlapic18: Forcing LINT1 to edge trigger\nSMP: AP CPU #2 Launched!\nlapic32: Forcing LINT1 to edge trigger\nSMP: AP CPU #4 Launched!\nlapic50: Forcing LINT1 to edge trigger\nSMP: AP CPU #6 Launched!\nRoot mount waiting for: usbus7 usbus6 usbus5 usbus4 usbus3 usbus2 usbus1 usbus0\nuhub0: 2 ports with 2 removable, self powered\nuhub1: 2 ports with 2 removable, self powered\nuhub2: 2 ports with 2 removable, self powered\nuhub4: 2 ports with 2 removable, self powered\nuhub5: 2 ports with 2 removable, self powered\nuhub6: 2 ports with 2 removable, self powered\nRoot mount waiting for: usbus7 usbus3\nRoot mount waiting for: usbus7 usbus3\nuhub3: 6 ports with 6 removable, self powered\nuhub7: 6 ports with 6 removable, self powered\nTrying to mount root from ufs:/dev/ad4s1a\n\nHow-To-Repeat: Only need to install the system and wait for some time."
}