{
 "id": 520831,
 "bug_id": 139053,
 "attachment_id": 0,
 "creation_time": "2009-09-23T16:08:09Z",
 "creator": "rene@reckschwardt.de",
 "text": "Hello,\n\nyou DMESG from 7.1\n\nregards\n\nGavin Atkinson schrieb:\n\u003e \n\u003e Hi,\n\u003e \n\u003e Don't worry about providing a backtrace, I can see what is happening. \n\u003e Can you try the patch at http://people.freebsd.org/~gavin/PRs/139053.diff ?\n\u003e This should at least fix the panic you are seeing.  Do you have any \n\u003e devices attached to your ciss controller?  If so, can you provide a \n\u003e dmesg from 7.x please?\n\u003e \n\u003e Thanks,\n\u003e \n\u003e Gavin\n\nCopyright (c) 1992-2009 The FreeBSD Project.\nCopyright (c) 1979, 1980, 1983, 1986, 1988, 1989, 1991, 1992, 1993, 1994\n\tThe Regents of the University of California. All rights reserved.\nFreeBSD is a registered trademark of The FreeBSD Foundation.\nFreeBSD 7.1-RELEASE #2: Sun Sep 20 20:55:05 CEST 2009\n     root@file.menny.local:/usr/obj/usr/src/sys/MYKERNEL\nTimecounter \"i8254\" frequency 1193182 Hz quality 0\nCPU: Intel(R) Xeon(TM) CPU 2.40GHz (2392.26-MHz 686-class CPU)\n   Origin = \"GenuineIntel\"  Id = 0xf27  Stepping = 7\n \nFeatures=0xbfebf9ff\u003cFPU,VME,DE,PSE,TSC,MSR,PAE,MCE,CX8,SEP,MTRR,PGE,MCA,CMOV,PAT,PSE36,CLFLUSH,DTS,ACPI,MMX,FXSR,SSE,SSE2,SS,HTT,TM,PBE\u003e\n   Features2=0x4400\u003cCNXT-ID,xTPR\u003e\n   Logical CPUs per core: 2\nreal memory  = 2147459072 (2047 MB)\navail memory = 2093953024 (1996 MB)\nkbd1 at kbdmux0\nath_hal: 0.9.20.3 (AR5210, AR5211, AR5212, RF5111, RF5112, RF2413, RF5413)\nacpi0: \u003cCOMPAQ D14\u003e on motherboard\nacpi0: [ITHREAD]\nacpi0: Power Button (fixed)\nTimecounter \"ACPI-safe\" frequency 3579545 Hz quality 850\nacpi_timer0: \u003c32-bit timer at 3.579545MHz\u003e port 0x920-0x923 on acpi0\npcib0: \u003cACPI Host-PCI bridge\u003e on acpi0\npci0: \u003cACPI PCI bus\u003e on pcib0\npcib1: \u003cPCI-PCI bridge\u003e at device 1.0 on pci0\npci1: \u003cPCI bus\u003e on pcib1\nvgapci0: \u003cVGA-compatible display\u003e port 0x3000-0x30ff mem \n0xf6000000-0xf6ffffff,0xf5ff0000-0xf5ff0fff at device 0.0 on pci1\npci1: \u003cbase peripheral\u003e at device 1.0 (no driver attached)\npci1: \u003cmemory\u003e at device 2.0 (no driver attached)\npci1: \u003cmemory\u003e at device 4.0 (no driver attached)\npci0: \u003cbase peripheral\u003e at device 5.0 (no driver attached)\nisab0: \u003cPCI-ISA bridge\u003e at device 15.0 on pci0\nisa0: \u003cISA bus\u003e on isab0\natapci0: \u003cServerWorks CSB5 UDMA100 controller\u003e port \n0x1f0-0x1f7,0x3f6,0x170-0x177,0x376,0x2000-0x200f at device 15.1 on pci0\nata0: \u003cATA channel 0\u003e on atapci0\nata0: [ITHREAD]\nata1: \u003cATA channel 1\u003e on atapci0\nata1: [ITHREAD]\nohci0: \u003cOHCI (generic) USB controller\u003e mem 0xf3fd0000-0xf3fd0fff irq 10 \nat device 15.2 on pci0\nohci0: [GIANT-LOCKED]\nohci0: [ITHREAD]\nusb0: OHCI version 1.0, legacy support\nusb0: SMM does not respond, resetting\nusb0: \u003cOHCI (generic) USB controller\u003e on ohci0\nusb0: USB revision 1.0\nuhub0: \u003c(0x1166) OHCI root hub, class 9/0, rev 1.00/1.00, addr 1\u003e on usb0\nuhub0: 4 ports with 4 removable, self powered\npcib2: \u003cACPI Host-PCI bridge\u003e on acpi0\npci2: \u003cACPI PCI bus\u003e on pcib2\nciss0: \u003cCompaq Smart Array 5300\u003e port 0x4000-0x40ff mem \n0xf7dc0000-0xf7dfffff,0xf7c00000-0xf7cfffff irq 5 at device 1.0 on pci2\nciss0: [ITHREAD]\npcib3: \u003cACPI Host-PCI bridge\u003e on acpi0\npci_link5: BIOS IRQ 3 for 5.2.INTA is invalid\npci_link4: BIOS IRQ 3 for 5.2.INTB is invalid\npci5: \u003cACPI PCI bus\u003e on pcib3\nciss1: \u003cHP Smart Array P600\u003e port 0x5000-0x50ff mem \n0xf7ff0000-0xf7ff1fff,0xf7f80000-0xf7fbffff irq 11 at device 1.0 on pci5\nciss1: [ITHREAD]\nem0: \u003cIntel(R) PRO/1000 Network Connection 6.9.6\u003e port 0x5400-0x543f mem \n0xf7f60000-0xf7f7ffff,0xf7f00000-0xf7f3ffff irq 9 at device 2.0 on pci5\nem0: [FILTER]\nem0: Ethernet address: 00:11:0a:58:8b:d0\nem1: \u003cIntel(R) PRO/1000 Network Connection 6.9.6\u003e port 0x5440-0x547f mem \n0xf7ee0000-0xf7efffff irq 5 at device 2.1 on pci5\nem1: [FILTER]\nem1: Ethernet address: 00:11:0a:58:8b:d1\nacpi_tz0: \u003cThermal Zone\u003e on acpi0\natkbdc0: \u003cKeyboard controller (i8042)\u003e port 0x60,0x64 irq 1 on acpi0\natkbd0: \u003cAT Keyboard\u003e irq 1 on atkbdc0\nkbd0 at atkbd0\natkbd0: [GIANT-LOCKED]\natkbd0: [ITHREAD]\nsio0: \u003cStandard PC COM port\u003e port 0x3f8-0x3ff irq 4 flags 0x10 on acpi0\nsio0: type 16550A\nsio0: [FILTER]\nfdc0: \u003cfloppy drive controller (FDE)\u003e port 0x3f2-0x3f5 irq 6 drq 2 on acpi0\nfdc0: [FILTER]\nfd0: \u003c1440-KB 3.5\" drive\u003e on fdc0 drive 0\ncpu0: \u003cACPI CPU\u003e on acpi0\np4tcc0: \u003cCPU Frequency Thermal Control\u003e on cpu0\npmtimer0 on isa0\norm0: \u003cISA Option ROMs\u003e at iomem \n0xc0000-0xc7fff,0xc8000-0xcbfff,0xcc000-0xcffff,0xd0000-0xd17ff,0xee000-0xeffff \npnpid ORM0000 on isa0\nppc0: \u003cParallel port\u003e at port 0x378-0x37f irq 7 on isa0\nppc0: Generic chipset (NIBBLE-only) in COMPATIBLE mode\nppbus0: \u003cParallel port bus\u003e on ppc0\nppbus0: [ITHREAD]\nppi0: \u003cParallel I/O\u003e on ppbus0\nplip0: \u003cPLIP network interface\u003e on ppbus0\nplip0: WARNING: using obsoleted IFF_NEEDSGIANT flag\nlpt0: \u003cPrinter\u003e on ppbus0\nlpt0: Interrupt-driven port\nppc0: [GIANT-LOCKED]\nppc0: [ITHREAD]\nsc0: \u003cSystem console\u003e at flags 0x100 on isa0\nsc0: VGA \u003c16 virtual consoles, flags=0x300\u003e\nsio1: configured irq 3 not in bitmap of probed irqs 0\nsio1: port may not be enabled\nvga0: \u003cGeneric ISA VGA\u003e at port 0x3c0-0x3df iomem 0xa0000-0xbffff on isa0\nTimecounter \"TSC\" frequency 2392256236 Hz quality 800\nTimecounters tick every 1.000 msec\nacd0: CDROM \u003cHL-DT-ST CD-ROM GCR-8480B/2.05\u003e at ata0-master PIO4\nda0 at ciss0 bus 0 target 0 lun 0\nda0: \u003cCOMPAQ RAID 1  VOLUME inte\u003e Fixed Direct Access SCSI-0 device\nda0: 135.168MB/s transfers\nda0: 34731MB (71130720 512 byte sectors: 255H 32S/T 8717C)\nda1 at ciss1 bus 0 target 0 lun 0\nda1: \u003cCOMPAQ RAID 5  VOLUME OK\u003e Fixed Direct Access SCSI-5 device\nda1: 135.168MB/s transfers\nda1: 2861512MB (5860378032 512 byte sectors: 255H 32S/T 65535C)\nGEOM: da1: corrupt or invalid GPT detected.\nGEOM: da1: GPT rejected -- may not be recoverable.\nTrying to mount root from ufs:/dev/da0s1a\nThis module (opensolaris) contains code covered by the\nCommon Development and Distribution License (CDDL)\nsee http://opensolaris.org/os/licensing/opensolaris_license/\nWARNING: ZFS is considered to be an experimental feature in FreeBSD.\nZFS filesystem version 6\nZFS storage pool version 6\nGEOM: da1: corrupt or invalid GPT detected.\nGEOM: da1: GPT rejected -- may not be recoverable.\nem0: link state changed to UP\npid 31677 (conftest), uid 0: exited on signal 11 (core dumped)"
}