{
 "id": 1098843,
 "bug_id": 245877,
 "attachment_id": 0,
 "creation_time": "2020-04-24T16:58:57Z",
 "creator": "raichoo@googlemail.com",
 "text": "Of course, thanks for looking into this!\n\n---\u003c\u003cBOOT\u003e\u003e---\nCopyright (c) 1992-2020 The FreeBSD Project.\nCopyright (c) 1979, 1980, 1983, 1986, 1988, 1989, 1991, 1992, 1993, 1994\n\tThe Regents of the University of California. All rights reserved.\nFreeBSD is a registered trademark of The FreeBSD Foundation.\nFreeBSD 13.0-CURRENT #2 r360249: Fri Apr 24 14:10:36 CEST 2020\n    raichoo@area51:/usr/obj/usr/src/amd64.amd64/sys/GENERIC-NODEBUG amd64\nFreeBSD clang version 10.0.0 (git@github.com:llvm/llvm-project.git llvmorg-10.0.0-0-gd32170dbd5b)\nVT(efifb): resolution 640x480\nCPU: Intel(R) Core(TM) i7-5500U CPU @ 2.40GHz (2394.51-MHz K8-class CPU)\n  Origin=\"GenuineIntel\"  Id=0x306d4  Family=0x6  Model=0x3d  Stepping=4\n  Features=0xbfebfbff\u003cFPU,VME,DE,PSE,TSC,MSR,PAE,MCE,CX8,APIC,SEP,MTRR,PGE,MCA,CMOV,PAT,PSE36,CLFLUSH,DTS,ACPI,MMX,FXSR,SSE,SSE2,SS,HTT,TM,PBE\u003e\n  Features2=0x7ffafbbf\u003cSSE3,PCLMULQDQ,DTES64,MON,DS_CPL,VMX,EST,TM2,SSSE3,SDBG,FMA,CX16,xTPR,PDCM,PCID,SSE4.1,SSE4.2,x2APIC,MOVBE,POPCNT,TSCDLT,AESNI,XSAVE,OSXSAVE,AVX,F16C,RDRAND\u003e\n  AMD Features=0x2c100800\u003cSYSCALL,NX,Page1GB,RDTSCP,LM\u003e\n  AMD Features2=0x121\u003cLAHF,ABM,Prefetch\u003e\n  Structured Extended Features=0x21c27ab\u003cFSGSBASE,TSCADJ,BMI1,AVX2,SMEP,BMI2,ERMS,INVPCID,NFPUSG,RDSEED,ADX,SMAP,PROCTRACE\u003e\n  XSAVE Features=0x1\u003cXSAVEOPT\u003e\n  VT-x: PAT,HLT,MTF,PAUSE,EPT,UG,VPID\n  TSC: P-state invariant, performance statistics\nreal memory  = 8589934592 (8192 MB)\navail memory = 8149950464 (7772 MB)\nEvent timer \"LAPIC\" quality 600\nACPI APIC Table: \u003cLENOVO TP-N14  \u003e\nFreeBSD/SMP: Multiprocessor System Detected: 4 CPUs\nFreeBSD/SMP: 1 package(s) x 2 core(s) x 2 hardware threads\nrandom: registering fast source Intel Secure Key RNG\nrandom: fast provider: \"Intel Secure Key RNG\"\nrandom: unblocking device.\nioapic0 \u003cVersion 2.0\u003e irqs 0-39\nLaunching APs: 1 2 3\nTimecounter \"TSC-low\" frequency 1197255032 Hz quality 1000\nCuse v0.1.36 @ /dev/cuse\nrandom: entropy device external interface\nWARNING: Device \"kbd\" is Giant locked and may be deleted before FreeBSD 13.0.\nkbd1 at kbdmux0\n000.000047 [4342] netmap_init               netmap: loaded module\n[ath_hal] loaded\nnexus0\nefirtc0: \u003cEFI Realtime Clock\u003e\nefirtc0: registered as a time-of-day clock, resolution 1.000000s\ncryptosoft0: \u003csoftware crypto\u003e\naesni0: \u003cAES-CBC,AES-CCM,AES-GCM,AES-ICM,AES-XTS\u003e\nacpi0: \u003cLENOVO TP-N14\u003e\nacpi_ec0: \u003cEmbedded Controller: GPE 0x24, ECDT\u003e port 0x62,0x66 on acpi0\nacpi0: Power Button (fixed)\ncpu0: \u003cACPI CPU\u003e on acpi0\nattimer0: \u003cAT timer\u003e port 0x40-0x43 irq 0 on acpi0\nTimecounter \"i8254\" frequency 1193182 Hz quality 0\nEvent timer \"i8254\" frequency 1193182 Hz quality 100\nhpet0: \u003cHigh Precision Event Timer\u003e iomem 0xfed00000-0xfed003ff on acpi0\nTimecounter \"HPET\" frequency 14318180 Hz quality 950\nEvent timer \"HPET\" frequency 14318180 Hz quality 550\nEvent timer \"HPET1\" frequency 14318180 Hz quality 440\nEvent timer \"HPET2\" frequency 14318180 Hz quality 440\nEvent timer \"HPET3\" frequency 14318180 Hz quality 440\nEvent timer \"HPET4\" frequency 14318180 Hz quality 440\natrtc0: \u003cAT realtime clock\u003e port 0x70-0x71 irq 8 on acpi0\natrtc0: registered as a time-of-day clock, resolution 1.000000s\nEvent timer \"RTC\" frequency 32768 Hz quality 0\nTimecounter \"ACPI-safe\" frequency 3579545 Hz quality 850\nacpi_timer0: \u003c24-bit timer at 3.579545MHz\u003e port 0x1808-0x180b on acpi0\nacpi_lid0: \u003cControl Method Lid Switch\u003e on acpi0\nacpi_button0: \u003cSleep Button\u003e on acpi0\npcib0: \u003cACPI Host-PCI bridge\u003e port 0xcf8-0xcff on acpi0\npci0: \u003cACPI PCI bus\u003e on pcib0\nvgapci0: \u003cVGA-compatible display\u003e port 0x3000-0x303f mem 0xf0000000-0xf0ffffff,0xe0000000-0xefffffff irq 16 at device 2.0 on pci0\nvgapci0: Boot video device\nhdac0: \u003cIntel Broadwell HDA Controller\u003e mem 0xf1230000-0xf1233fff at device 3.0 on pci0\nxhci0: \u003cBroadwell Integrated PCH-LP chipset USB 3.0 controller\u003e mem 0xf1220000-0xf122ffff at device 20.0 on pci0\nxhci0: 32 bytes context size, 64-bit DMA\nxhci0: Port routing mask set to 0xffffffff\nusbus0 on xhci0\nusbus0: 5.0Gbps Super Speed USB v3.0\npci0: \u003csimple comms\u003e at device 22.0 (no driver attached)\nem0: \u003cIntel(R) PRO/1000 Network Connection\u003e port 0x3060-0x307f mem 0xf1200000-0xf121ffff,0xf123d000-0xf123dfff at device 25.0 on pci0\nem0: Using 1024 TX descriptors and 1024 RX descriptors\nem0: Using an MSI interrupt\nem0: Ethernet address: 54:ee:75:61:c1:98\nem0: netmap queues/slots: TX 1/1024, RX 1/1024\nhdac1: \u003cIntel Broadwell HDA Controller\u003e mem 0xf1234000-0xf1237fff at device 27.0 on pci0\npcib1: \u003cACPI PCI-PCI bridge\u003e at device 28.0 on pci0\npcib2: \u003cACPI PCI-PCI bridge\u003e at device 28.1 on pci0\npci1: \u003cACPI PCI bus\u003e on pcib2\npci1: \u003cnetwork\u003e at device 0.0 (no driver attached)\npcib3: \u003cACPI PCI-PCI bridge\u003e at device 28.5 on pci0\npci2: \u003cACPI PCI bus\u003e on pcib3\nahci0: \u003cAHCI SATA controller\u003e mem 0xf1000000-0xf1001fff at device 0.0 on pci2\nahci0: AHCI v1.30 with 1 6Gbps ports, Port Multiplier not supported\nahcich0: \u003cAHCI channel\u003e at channel 0 on ahci0\nehci0: \u003cIntel Wildcat Point-LP USB 2.0 controller\u003e mem 0xf123c000-0xf123c3ff at device 29.0 on pci0\nusbus1: EHCI version 1.0\nusbus1 on ehci0\nusbus1: 480Mbps High Speed USB v2.0\nisab0: \u003cPCI-ISA bridge\u003e at device 31.0 on pci0\nisa0: \u003cISA bus\u003e on isab0\nacpi_tz0: \u003cThermal Zone\u003e on acpi0\natkbdc0: \u003cKeyboard controller (i8042)\u003e port 0x60,0x64 irq 1 on acpi0\natkbd0: \u003cAT Keyboard\u003e irq 1 on atkbdc0\nkbd0 at atkbd0\natkbd0: [GIANT-LOCKED]\npsm0: current command byte:0047\npsm: ENABLE_DEV return code:00fa\npsm: DISABLE_DEV return code:00fa\npsm: SEND_AUX_DEV_STATUS return code:00fa\npsm: status 00 02 64\npsm: SEND_DEV_ID return code:00fa\npsm: device ID: 0000\npsm: SET_RESOLUTION (0) 00fa\npsm: SET_SCALING11 return code:00fa\npsm: SET_SCALING11 return code:00fa\npsm: SET_SCALING11 return code:00fa\npsm: SEND_AUX_DEV_STATUS return code:00fa\npsm: status 00 00 64\npsm: SET_RESOLUTION (3) 00fa\npsm: SET_SCALING11 return code:00fa\npsm: SET_SCALING11 return code:00fa\npsm: SET_SCALING11 return code:00fa\npsm: SEND_AUX_DEV_STATUS return code:00fa\npsm: status 00 03 64\npsm: SET_RESOLUTION (3) 00fa\npsm: SET_SCALING11 return code:00fa\npsm: SET_SCALING11 return code:00fa\npsm: SET_SCALING11 return code:00fa\npsm: SEND_AUX_DEV_STATUS return code:00fa\npsm: status 00 03 64\npsm: SET_SCALING11 return code:00fa\npsm: SET_RESOLUTION (0) 00fa\npsm: SET_RESOLUTION (3) 00fa\npsm: SET_RESOLUTION (2) 00fa\npsm: SET_RESOLUTION (1) 00fa\npsm: SET_RESOLUTION (3) 00fa\npsm: SET_RESOLUTION (1) 00fa\npsm: SET_RESOLUTION (2) 00fa\npsm: SET_RESOLUTION (3) 00fa\npsm: SEND_AUX_DEV_DATA return code:00fa\npsm: data 08 00 00\npsm: SET_SAMPLING_RATE (200) 00fa\npsm: SET_SAMPLING_RATE (100) 00fa\npsm: SET_SAMPLING_RATE (80) 00fa\npsm: SEND_DEV_ID return code:00fa\npsm: device ID: 0000\npsm: SET_SAMPLING_RATE (200) 00fa\npsm: SET_SAMPLING_RATE (200) 00fa\npsm: SET_SAMPLING_RATE (80) 00fa\npsm: SEND_DEV_ID return code:00fa\npsm: device ID: 0000\npsm: SET_SAMPLING_RATE (200) 00fa\npsm: SET_SAMPLING_RATE (100) 00fa\npsm: SET_SAMPLING_RATE (80) 00fa\npsm: SET_SAMPLING_RATE (60) 00fa\npsm: SET_SAMPLING_RATE (40) 00fa\npsm: SET_SAMPLING_RATE (20) 00fa\npsm: SEND_DEV_ID return code:00fa\npsm: device ID: 0000\npsm: SEND_DEV_ID return code:00fa\npsm: device ID: 0000\nsynaptics: BEGIN init\npsm: SET_SCALING11 return code:00fa\npsm: SET_RESOLUTION (0) 00fa\npsm: SET_RESOLUTION (0) 00fa\npsm: SET_RESOLUTION (0) 00fa\npsm: SET_RESOLUTION (0) 00fa\npsm: SEND_AUX_DEV_STATUS return code:00fa\npsm: status 01 47 18\nSynaptics Touchpad v8.1\npsm: SET_RESOLUTION (0) 00fa\npsm: SET_RESOLUTION (0) 00fa\npsm: SET_RESOLUTION (0) 00fa\npsm: SET_RESOLUTION (3) 00fa\npsm: SEND_AUX_DEV_STATUS return code:00fa\npsm: status 01 e2 b1\n  Model information:\n   infoRot180: 0\n   infoPortrait: 0\n   infoSensor: 1\n   infoHardware: 113\n   infoNewAbs: 1\n   capPen: 0\n   infoSimplC: 1\n   infoGeometry: 1\npsm: SET_RESOLUTION (0) 00fa\npsm: SET_RESOLUTION (0) 00fa\npsm: SET_RESOLUTION (0) 00fa\npsm: SET_RESOLUTION (2) 00fa\npsm: SEND_AUX_DEV_STATUS return code:00fa\npsm: status f0 03 a3\npsm: SET_SCALING11 return code:00fa\npsm: SET_RESOLUTION (0) 00fa\npsm: SET_RESOLUTION (0) 00fa\npsm: SET_RESOLUTION (2) 00fa\npsm: SET_RESOLUTION (0) 00fa\npsm: SEND_AUX_DEV_STATUS return code:00fa\npsm: status 2d 80 44\n  Extended capabilities:\n   capExtended: 1\n   capMiddle: 0\n   nExtendedQueries: 7\n   capPassthrough: 1\n   capLowPower: 0\n   capMultiFingerReport: 1\n   capSleep: 0\n   capFourButtons: 0\n   capBallistics: 0\n   capMultiFinger: 1\n   capPalmDetect: 1\n   infoXupmm: 45\n   infoYupmm: 68\npsm: SET_SCALING11 return code:00fa\npsm: SET_RESOLUTION (0) 00fa\npsm: SET_RESOLUTION (0) 00fa\npsm: SET_RESOLUTION (2) 00fa\npsm: SET_RESOLUTION (1) 00fa\npsm: SEND_AUX_DEV_STATUS return code:00fa\npsm: status 94 33 00\n  Extended model ID:\n   verticalScroll: 0\n   horizontalScroll: 0\n   verticalWheel: 0\n   nExtendedButtons: 3\n   capEWmode: 1\npsm: SET_SCALING11 return code:00fa\npsm: SET_RESOLUTION (0) 00fa\npsm: SET_RESOLUTION (0) 00fa\npsm: SET_RESOLUTION (3) 00fa\npsm: SET_RESOLUTION (0) 00fa\npsm: SEND_AUX_DEV_STATUS return code:00fa\npsm: status 12 e8 00\npsm: SET_SCALING11 return code:00fa\npsm: SET_RESOLUTION (0) 00fa\npsm: SET_RESOLUTION (0) 00fa\npsm: SET_RESOLUTION (3) 00fa\npsm: SET_RESOLUTION (1) 00fa\npsm: SEND_AUX_DEV_STATUS return code:00fa\npsm: status b1 b6 94\npsm: SET_SCALING11 return code:00fa\npsm: SET_RESOLUTION (0) 00fa\npsm: SET_RESOLUTION (0) 00fa\npsm: SET_RESOLUTION (3) 00fa\npsm: SET_RESOLUTION (3) 00fa\npsm: SEND_AUX_DEV_STATUS return code:00fa\npsm: status 27 49 22\n  Continued capabilities:\n   capClickPad: 1\n   capDeluxeLEDs: 0\n   noAbsoluteFilter: 0\n   capReportsV: 1\n   capUniformClickPad: 0\n   capReportsMin: 1\n   capInterTouch: 1\n   capReportsMax: 1\n   capClearPad: 0\n   capAdvancedGestures: 0\n   capCoveredPad: 0\n   maximumXCoord: 5676\n   maximumYCoord: 4758\n   minimumXCoord: 1266\n   minimumYCoord: 1096\n  Clickpad capabilities:\n   forcePad: 0\n   topButtonPad: 0\n  Additional Buttons: 4\npsm: SET_RESOLUTION (0) 00fa\npsm: SET_RESOLUTION (0) 00fa\npsm: SET_RESOLUTION (0) 00fa\npsm: SET_RESOLUTION (1) 00fa\npsm: SEND_AUX_DEV_STATUS return code:00fa\npsm: status 33 00 40\npsm: SET_RESOLUTION (3) 00fa\npsm: SET_RESOLUTION (0) 00fa\npsm: SET_RESOLUTION (1) 00fa\npsm: SET_RESOLUTION (1) 00fa\npsm: SET_SAMPLING_RATE (20) 00fa\npsm: SET_RESOLUTION (0) 00fa\npsm: SET_RESOLUTION (0) 00fa\npsm: SET_RESOLUTION (0) 00fa\npsm: SET_RESOLUTION (3) 00fa\npsm: SET_SAMPLING_RATE (200) 00fa\npsm: setting pass-through mode.\npsm: SET_RESOLUTION (3) 00fa\npsm: SET_RESOLUTION (2) 00fa\npsm: SET_RESOLUTION (1) 00fa\npsm: SET_RESOLUTION (1) 00fa\npsm: SET_SAMPLING_RATE (20) 00fa\npsm: turning pass-through mode off.\npsm: SET_SCALING21 return code:00fa\npsm: SET_SCALING11 return code:00fa\npsm: SET_RESOLUTION (3) 00fa\npsm: SET_RESOLUTION (0) 00fa\npsm: SET_RESOLUTION (1) 00fa\npsm: SET_RESOLUTION (1) 00fa\npsm: SET_SAMPLING_RATE (20) 00fa\npsm: SET_RESOLUTION (0) 00fa\npsm: SET_RESOLUTION (0) 00fa\npsm: SET_RESOLUTION (0) 00fa\npsm: SET_RESOLUTION (3) 00fa\npsm: SET_SAMPLING_RATE (200) 00fa\npsm: setting pass-through mode.\npsm: SET_RESOLUTION (3) 00fa\npsm: SET_RESOLUTION (2) 00fa\npsm: SET_RESOLUTION (1) 00fa\npsm: SET_RESOLUTION (1) 00fa\npsm: SET_SAMPLING_RATE (20) 00fa\npsm: turning pass-through mode off.\npsm: SET_SCALING21 return code:00fa\npsm: SET_SCALING11 return code:00fa\npsm: SET_RESOLUTION (3) 00fa\npsm: SET_RESOLUTION (0) 00fa\npsm: SET_RESOLUTION (1) 00fa\npsm: SET_RESOLUTION (1) 00fa\npsm: SET_SAMPLING_RATE (20) 00fa\npsm: SET_RESOLUTION (0) 00fa\npsm: SET_RESOLUTION (0) 00fa\npsm: SET_RESOLUTION (0) 00fa\npsm: SET_RESOLUTION (3) 00fa\npsm: SET_SAMPLING_RATE (200) 00fa\npsm: setting pass-through mode.\npsm: SET_RESOLUTION (3) 00fa\npsm: SET_RESOLUTION (2) 00fa\npsm: SET_RESOLUTION (1) 00fa\npsm: SET_RESOLUTION (1) 00fa\npsm: SET_SAMPLING_RATE (20) 00fa\npsm: turning pass-through mode off.\npsm: SET_SCALING21 return code:00fa\npsm: SET_SCALING11 return code:00fa\npsm: SET_RESOLUTION (3) 00fa\npsm: SET_RESOLUTION (0) 00fa\npsm: SET_RESOLUTION (1) 00fa\npsm: SET_RESOLUTION (1) 00fa\npsm: SET_SAMPLING_RATE (20) 00fa\npsm: SET_RESOLUTION (0) 00fa\npsm: SET_RESOLUTION (0) 00fa\npsm: SET_RESOLUTION (0) 00fa\npsm: SET_RESOLUTION (3) 00fa\npsm: SET_SAMPLING_RATE (200) 00fa\npsm: setting pass-through mode.\npsm: SET_RESOLUTION (3) 00fa\npsm: SET_RESOLUTION (2) 00fa\npsm: SET_RESOLUTION (1) 00fa\npsm: SET_RESOLUTION (1) 00fa\npsm: SET_SAMPLING_RATE (20) 00fa\npsm: turning pass-through mode off.\npsm: SET_SCALING21 return code:00fa\npsm: SET_SCALING11 return code:00fa\npsm: SET_RESOLUTION (3) 00fa\npsm: SET_RESOLUTION (0) 00fa\npsm: SET_RESOLUTION (1) 00fa\npsm: SET_RESOLUTION (1) 00fa\npsm: SET_SAMPLING_RATE (20) 00fa\npsm: SET_RESOLUTION (0) 00fa\npsm: SET_RESOLUTION (0) 00fa\npsm: SET_RESOLUTION (0) 00fa\npsm: SET_RESOLUTION (3) 00fa\npsm: SET_SAMPLING_RATE (200) 00fa\npsm: setting pass-through mode.\npsm: SET_RESOLUTION (3) 00fa\npsm: SET_RESOLUTION (2) 00fa\npsm: SET_RESOLUTION (1) 00fa\npsm: SET_RESOLUTION (1) 00fa\npsm: SET_SAMPLING_RATE (20) 00fa\npsm: turning pass-through mode off.\npsm: SET_SCALING21 return code:00fa\npsm: SET_SCALING11 return code:00fa\npsm: SET_RESOLUTION (3) 00fa\npsm: SET_RESOLUTION (0) 00fa\npsm: SET_RESOLUTION (1) 00fa\npsm: SET_RESOLUTION (1) 00fa\npsm: SET_SAMPLING_RATE (20) 00fa\npsm: SET_RESOLUTION (0) 00fa\npsm: SET_RESOLUTION (0) 00fa\npsm: SET_RESOLUTION (0) 00fa\npsm: SET_RESOLUTION (3) 00fa\npsm: SET_SAMPLING_RATE (200) 00fa\npsm: setting pass-through mode.\npsm: SET_RESOLUTION (3) 00fa\npsm: SET_RESOLUTION (2) 00fa\npsm: SET_RESOLUTION (1) 00fa\npsm: SET_RESOLUTION (1) 00fa\npsm: SET_SAMPLING_RATE (20) 00fa\npsm: turning pass-through mode off.\npsm: SET_SCALING21 return code:00fa\npsm: SET_SCALING11 return code:00fa\npsm: SET_RESOLUTION (3) 00fa\npsm: SET_RESOLUTION (0) 00fa\npsm: SET_RESOLUTION (1) 00fa\npsm: SET_RESOLUTION (1) 00fa\npsm: SET_SAMPLING_RATE (20) 00fa\npsm: SET_RESOLUTION (0) 00fa\npsm: SET_RESOLUTION (0) 00fa\npsm: SET_RESOLUTION (0) 00fa\npsm: SET_RESOLUTION (3) 00fa\npsm: SET_SAMPLING_RATE (200) 00fa\npsm: setting pass-through mode.\npsm: SET_RESOLUTION (3) 00fa\npsm: SET_RESOLUTION (2) 00fa\npsm: SET_RESOLUTION (1) 00fa\npsm: SET_RESOLUTION (1) 00fa\npsm: SET_SAMPLING_RATE (20) 00fa\npsm: turning pass-through mode off.\npsm: SET_SCALING21 return code:00fa\npsm: SET_SCALING11 return code:00fa\npsm: SET_RESOLUTION (3) 00fa\npsm: SET_RESOLUTION (0) 00fa\npsm: SET_RESOLUTION (1) 00fa\npsm: SET_RESOLUTION (1) 00fa\npsm: SET_SAMPLING_RATE (20) 00fa\npsm: SET_RESOLUTION (0) 00fa\npsm: SET_RESOLUTION (0) 00fa\npsm: SET_RESOLUTION (0) 00fa\npsm: SET_RESOLUTION (3) 00fa\npsm: SET_SAMPLING_RATE (200) 00fa\npsm: setting pass-through mode.\npsm: SET_RESOLUTION (3) 00fa\npsm: SET_RESOLUTION (2) 00fa\npsm: SET_RESOLUTION (1) 00fa\npsm: SET_RESOLUTION (1) 00fa\npsm: SET_SAMPLING_RATE (20) 00fa\npsm: turning pass-through mode off.\npsm: SET_SCALING21 return code:00fa\npsm: SET_SCALING11 return code:00fa\npsm: SET_RESOLUTION (3) 00fa\npsm: SET_RESOLUTION (0) 00fa\npsm: SET_RESOLUTION (1) 00fa\npsm: SET_RESOLUTION (1) 00fa\npsm: SET_SAMPLING_RATE (20) 00fa\npsm: SET_RESOLUTION (0) 00fa\npsm: SET_RESOLUTION (0) 00fa\npsm: SET_RESOLUTION (0) 00fa\npsm: SET_RESOLUTION (3) 00fa\npsm: SET_SAMPLING_RATE (200) 00fa\npsm: setting pass-through mode.\npsm: SET_RESOLUTION (3) 00fa\npsm: SET_RESOLUTION (2) 00fa\npsm: SET_RESOLUTION (1) 00fa\npsm: SET_RESOLUTION (1) 00fa\npsm: SET_SAMPLING_RATE (20) 00fa\npsm: turning pass-through mode off.\npsm: SET_SCALING21 return code:00fa\npsm: SET_SCALING11 return code:00fa\npsm: SET_RESOLUTION (3) 00fa\npsm: SET_RESOLUTION (0) 00fa\npsm: SET_RESOLUTION (1) 00fa\npsm: SET_RESOLUTION (1) 00fa\npsm: SET_SAMPLING_RATE (20) 00fa\npsm: SET_RESOLUTION (0) 00fa\npsm: SET_RESOLUTION (0) 00fa\npsm: SET_RESOLUTION (0) 00fa\npsm: SET_RESOLUTION (3) 00fa\npsm: SET_SAMPLING_RATE (200) 00fa\npsm: setting pass-through mode.\npsm: SET_RESOLUTION (3) 00fa\npsm: SET_RESOLUTION (2) 00fa\npsm: SET_RESOLUTION (1) 00fa\npsm: SET_RESOLUTION (1) 00fa\npsm: SET_SAMPLING_RATE (20) 00fa\npsm: turning pass-through mode off.\npsm: SET_SCALING21 return code:00fa\npsm: SET_SCALING11 return code:00fa\npsm: SET_RESOLUTION (3) 00fa\npsm: SET_RESOLUTION (0) 00fa\npsm: SET_RESOLUTION (1) 00fa\npsm: SET_RESOLUTION (1) 00fa\npsm: SET_SAMPLING_RATE (20) 00fa\npsm: SET_RESOLUTION (0) 00fa\npsm: SET_RESOLUTION (0) 00fa\npsm: SET_RESOLUTION (0) 00fa\npsm: SET_RESOLUTION (3) 00fa\npsm: SET_SAMPLING_RATE (200) 00fa\npsm: setting pass-through mode.\npsm: SET_RESOLUTION (3) 00fa\npsm: SET_RESOLUTION (2) 00fa\npsm: SET_RESOLUTION (1) 00fa\npsm: SET_RESOLUTION (1) 00fa\npsm: SET_SAMPLING_RATE (20) 00fa\npsm: turning pass-through mode off.\npsm: SET_SCALING21 return code:00fa\npsm: SET_SCALING11 return code:00fa\npsm: SET_RESOLUTION (3) 00fa\npsm: SET_RESOLUTION (0) 00fa\npsm: SET_RESOLUTION (1) 00fa\npsm: SET_RESOLUTION (1) 00fa\npsm: SET_SAMPLING_RATE (20) 00fa\npsm: SET_RESOLUTION (0) 00fa\npsm: SET_RESOLUTION (0) 00fa\npsm: SET_RESOLUTION (0) 00fa\npsm: SET_RESOLUTION (3) 00fa\npsm: SET_SAMPLING_RATE (200) 00fa\nsynaptics: END init (7 buttons)\npsm0: found Synaptics Touchpad\npsm: SET_RESOLUTION (2) 00fa\npsm: SET_SAMPLING_RATE (100) 00fa\npsm: SET_SCALING11 return code:00fa\npsm: SEND_AUX_DEV_STATUS return code:00fa\npsm: status 00 02 64\npsm0: \u003cPS/2 Mouse\u003e irq 12 on atkbdc0\npsm0: [GIANT-LOCKED]\nWARNING: Device \"psm\" is Giant locked and may be deleted before FreeBSD 13.0.\npsm0: model Synaptics Touchpad, device ID 0-00, 7 buttons\npsm0: config:00004000, flags:00000008, packet size:6\npsm0: syncmask:c0, syncbits:00\nbattery0: \u003cACPI Control Method Battery\u003e on acpi0\nacpi_acad0: \u003cAC Adapter\u003e on acpi0\nest0: \u003cEnhanced SpeedStep Frequency Control\u003e on cpu0\nZFS filesystem version: 5\nZFS storage pool version: features support (5000)\nTimecounters tick every 1.000 msec\nObsolete code will be removed soon: random(9) is the obsolete Park-Miller LCG from 1988\nhdacc0: \u003cIntel Broadwell HDA CODEC\u003e at cad 0 on hdac0\nhdaa0: \u003cIntel Broadwell Audio Function Group\u003e at nid 1 on hdacc0\npcm0: \u003cIntel Broadwell (HDMI/DP 8ch)\u003e at nid 3 on hdaa0\nhdacc1: \u003cRealtek ALC292 HDA CODEC\u003e at cad 0 on hdac1\nhdaa1: \u003cRealtek ALC292 Audio Function Group\u003e at nid 1 on hdacc1\npcm1: \u003cRealtek ALC292 (Analog 2.0+HP/2.0)\u003e at nid 20,21 and 26 on hdaa1\npcm2: \u003cRealtek ALC292 (Internal Analog Mic)\u003e at nid 18 on hdaa1\nada0 at ahcich0 bus 0 scbus0 target 0 lun 0\nada0: \u003cSAMSUNG MZHPV512HDGL-000L1 BXW25L0Q\u003e ACS-2 ATA SATA 3.x device\nada0: Serial Number S1WUNYAG607087\nada0: 600.000MB/s transfers (SATA 3.x, UDMA6, PIO 8192bytes)\nada0: Command Queueing enabled\nada0: 488386MB (1000215216 512 byte sectors)\nugen0.1: \u003c0x8086 XHCI root HUB\u003e at usbus0\nugen1.1: \u003cIntel EHCI root HUB\u003e at usbus1\nTrying to mount root from zfs:zroot/ROOT/r360249 []...\nuhub0 on usbus0\nuhub0: \u003c0x8086 XHCI root HUB, class 9/0, rev 3.00/1.00, addr 1\u003e on usbus0\nuhub1 on usbus1\nuhub1: \u003cIntel EHCI root HUB, class 9/0, rev 2.00/1.00, addr 1\u003e on usbus1\nGEOM_ELI: Device ada0p4.eli created.\nGEOM_ELI: Encryption: AES-XTS 256\nGEOM_ELI:     Crypto: software\nRoot mount waiting for: usbus0 usbus1\nuhub0: 15 ports with 15 removable, self powered\nRoot mount waiting for: usbus0 usbus1\nuhub1: 3 ports with 3 removable, self powered\nugen0.2: \u003cSierra Wireless Inc. Sierra Wireless EM7345 4G LTE\u003e at usbus0\nRoot mount waiting for: usbus0 usbus1\nugen0.3: \u003cvendor 0x138a product 0x0017\u003e at usbus0\nugen1.2: \u003cvendor 0x8087 product 0x8001\u003e at usbus1\nuhub2 on uhub1\nuhub2: \u003cvendor 0x8087 product 0x8001, class 9/0, rev 2.00/0.03, addr 2\u003e on usbus1\nuhub2: 8 ports with 8 removable, self powered\nugen0.4: \u003cvendor 0x8087 product 0x0a2a\u003e at usbus0\nugen0.5: \u003cChicony Electronics Co.,Ltd. Integrated Camera\u003e at usbus0\nGEOM_ELI: Device ada0p3.eli created.\nGEOM_ELI: Encryption: AES-XTS 128\nGEOM_ELI:     Crypto: software\ndrmn0: \u003cdrmn\u003e on vgapci0\nvgapci0: child drmn0 requested pci_enable_io\nvgapci0: child drmn0 requested pci_enable_io\n[drm] Unable to create a private tmpfs mount, hugepage support will be disabled(-19).\nSuccessfully added WC MTRR for [0xe0000000-0xefffffff]: 0; \n[drm] Got stolen memory base 0xce000000, size 0x2000000\n[drm] Supports vblank timestamp caching Rev 2 (21.10.2013).\n[drm] Driver supports precise vblank timestamp query.\n[drm] Connector eDP-1: get mode from tunables:\n[drm]   - kern.vt.fb.modes.eDP-1\n[drm]   - kern.vt.fb.default_mode\n[drm] Connector DP-1: get mode from tunables:\n[drm]   - kern.vt.fb.modes.DP-1\n[drm]   - kern.vt.fb.default_mode\n[drm] Connector HDMI-A-1: get mode from tunables:\n[drm]   - kern.vt.fb.modes.HDMI-A-1\n[drm]   - kern.vt.fb.default_mode\n[drm] Connector DP-2: get mode from tunables:\n[drm]   - kern.vt.fb.modes.DP-2\n[drm]   - kern.vt.fb.default_mode\n[drm] Connector HDMI-A-2: get mode from tunables:\n[drm]   - kern.vt.fb.modes.HDMI-A-2\n[drm]   - kern.vt.fb.default_mode\n[drm] Initialized i915 1.6.0 20171222 for drmn0 on minor 0\nWARNING: Device \"fb\" is Giant locked and may be deleted before FreeBSD 13.0.\nVT: Replacing driver \"efifb\" with new \"fb\".\nstart FB_INFO:\ntype=11 height=1440 width=2560 depth=32\ncmsize=16 size=14745600\npbase=0xe0005000 vbase=0xfffff800e0005000\nname=drmn0 flags=0x0 stride=10240 bpp=32\ncmap[0]=0 cmap[1]=7f0000 cmap[2]=7f00 cmap[3]=c4a000\nend FB_INFO\ndrmn0: fb0: inteldrmfb frame buffer device\nlo0: link state changed to UP\n[drm] Reducing the compressed framebuffer size. This may lead to less power savings than a non-reduced-size. Try to increase stolen memory size if available in BIOS.\niwm0: \u003cIntel(R) Dual Band Wireless AC 7265\u003e mem 0xf1100000-0xf1101fff at device 0.0 on pci1\niwm0: hw rev 0x210, fw ver 22.361476.0, address 4c:34:88:29:6c:ce\npchtherm0: \u003cWildcat Point Thermal Subsystem\u003e mem 0xf123b000-0xf123bfff at device 31.6 on pci0\ncdce0 on uhub0\ncdce0: \u003cSierra Wireless EM7345 4G LTE (NCM)\u003e on usbus0\nue0: \u003cUSB Ethernet\u003e on cdce0\nue0: Ethernet address: ff:ff:ff:ff:ff:ff\numodem0 on uhub0\numodem0: \u003cSierra Wireless EM7345 4G LTE\u003e on usbus0\numodem0: data interface 3, has no CM over data, has break\nwlan0: Ethernet address: 4c:34:88:29:6c:ce\nwlan0: link state changed to UP\npsm: SET_RESOLUTION (0) 00fa\npsm: SET_RESOLUTION (0) 00fa\npsm: SET_RESOLUTION (0) 00fa\npsm: SET_RESOLUTION (1) 00fa\npsm: SEND_AUX_DEV_STATUS return code:00fa\npsm: status 33 00 c5\npsm: ENABLE_DEV return code:00fa\npsm: SEND_AUX_DEV_STATUS return code:00fa\npsm: status 20 01 64\npsm: SET_SAMPLING_RATE (100) 00fa\npsm: SET_RESOLUTION (2) 00fa\npsm: SET_SCALING11 return code:00fa\npsm: SEND_AUX_DEV_STATUS return code:00fa\npsm: status 20 02 64\nhdac0: Unexpected unsolicited response from address 0: 00000000\n[...plenty of what's on the last line...]"
}