{
 "id": 558243,
 "bug_id": 146708,
 "attachment_id": 0,
 "creation_time": "2010-05-18T18:23:34Z",
 "creator": "freebsd@spatula.net",
 "text": "Here's the dmesg for completeness:\n\nPreloaded elf kernel \"/boot/kernel/kernel\" at 0xc0a92000.\nPreloaded elf module \"/boot/kernel/if_bge.ko\" at 0xc0a92188.\nmodule_register: module bge/miibus already exists!\nModule bge/miibus failed to register: 17\nmodule_register: module pci/bge already exists!\nModule pci/bge failed to register: 17\nTimecounter \"i8254\" frequency 1193182 Hz quality 0\nCalibrating TSC clock ... TSC clock: 2992516148 Hz\nCPU: Intel(R) Pentium(R) 4 CPU 3.00GHz (2992.52-MHz 686-class CPU)\n  Origin = \"GenuineIntel\"  Id = 0xf41  Family = f  Model = 4  Stepping = 1\n\nFeatures=0xbfebfbff\u003cFPU,VME,DE,PSE,TSC,MSR,PAE,MCE,CX8,APIC,SEP,MTRR,PGE,MCA,CMOV,PAT,PSE36,CLFLUSH,DTS,ACPI,MMX,FXSR,SSE,SSE2,SS,HTT,TM,PBE\u003e\n  Features2=0x441d\u003cSSE3,DTES64,MON,DS_CPL,CNXT-ID,xTPR\u003e\n  AMD Features=0x100000\u003cNX\u003e\n  TSC: P-state invariant\n\nInstruction TLB: 4 KB, 2 MB or 4 MB pages, fully associative, 128 entries\nData TLB: 4 KB or 4 MB pages, fully associative, 64 entries\n1st-level data cache: 16 KB, 8-way set associative, sectored cache, 64 byte\nline size\nTrace cache: 12K-uops, 8-way set associative\n2nd-level cache: 1 MB, 8-way set associative, sectored cache, 64 byte line\nsize\nL2 cache: 1024 kbytes, 8-way associative, 64 bytes/line\nreal memory  = 2147483648 (2048 MB)\nPhysical memory chunk(s):\n0x0000000000001000 - 0x000000000009dfff, 643072 bytes (157 pages)\n0x0000000000100000 - 0x00000000003fffff, 3145728 bytes (768 pages)\n0x0000000000c26000 - 0x000000007d2b3fff, 2087247872 bytes (509582 pages)\navail memory = 2085847040 (1989 MB)\nTable 'FACP' at 0x7f6e30c0\nTable 'MCFG' at 0x7f6e7340\nTable 'APIC' at 0x7f6e7240\nAPIC: Found table at 0x7f6e7240\nMP Configuration Table version 1.4 found at 0xc00f1e24\nAPIC: Using the MADT enumerator.\nMADT: Found CPU APIC ID 0 ACPI ID 0: enabled\nSMP: Added CPU 0 (AP)\nMADT: Found CPU APIC ID 1 ACPI ID 1: disabled\nMADT: Found CPU APIC ID 2 ACPI ID 2: disabled\nMADT: Found CPU APIC ID 3 ACPI ID 3: disabled\nACPI APIC Table: \u003cIntelR AWRDACPI\u003e\nAPIC: CPU 0 has ACPI ID 0\nbios32: Found BIOS32 Service Directory header at 0xc00f99f0\nbios32: Entry = 0xfa000 (c00fa000)  Rev = 0  Len = 1\npcibios: PCI BIOS entry at 0xf0000+0xa030\npnpbios: Found PnP BIOS data at 0xc00fabf0\npnpbios: Entry = f0000:ac20  Rev = 1.0\nOther BIOS signatures found:\nx86bios:   IVT 0x000000-0x0004ff at 0xc0000000\nx86bios:  SSEG 0x010000-0x01ffff at 0xc559b000\nx86bios:  EBDA 0x09f000-0x09ffff at 0xc009f000\nx86bios:   ROM 0x0a0000-0x0effff at 0xc00a0000\nULE: setup cpu 0\nACPI: RSDP 0xf7b80 00014 (v0 IntelR)\nACPI: RSDT 0x7f6e3040 00030 (v1 IntelR AWRDACPI 42302E31 AWRD 00000000)\nACPI: FACP 0x7f6e30c0 00074 (v1 IntelR AWRDACPI 42302E31 AWRD 00000000)\nACPI: DSDT 0x7f6e3180 0407D (v1 INTELR AWRDACPI 00001000 MSFT 0100000E)\nACPI: FACS 0x7f6e0000 00040\nACPI: MCFG 0x7f6e7340 0003C (v1 IntelR AWRDACPI 42302E31 AWRD 00000000)\nACPI: APIC 0x7f6e7240 00090 (v1 IntelR AWRDACPI 42302E31 AWRD 00000000)\nMADT: Found IO APIC ID 4, Interrupt 0 at 0xfec00000\nioapic0: Routing external 8259A's -\u003e intpin 0\nMADT: Found IO APIC ID 5, Interrupt 24 at 0xfec84400\nMADT: Interrupt override: source 0, irq 2\nioapic0: Routing IRQ 0 -\u003e intpin 2\nMADT: Interrupt override: source 9, irq 9\nioapic0: intpin 9 trigger: level\nlapic0: Routing NMI -\u003e LINT1\nlapic0: LINT1 trigger: edge\nlapic0: LINT1 polarity: high\nMADT: Ignoring local NMI routed to ACPI CPU 1\nMADT: Ignoring local NMI routed to ACPI CPU 2\nMADT: Ignoring local NMI routed to ACPI CPU 3\nioapic0 \u003cVersion 2.0\u003e irqs 0-23 on motherboard\nioapic1 \u003cVersion 2.0\u003e irqs 24-47 on motherboard\ncpu0 BSP:\n     ID: 0x00000000   VER: 0x00050014 LDR: 0x00000000 DFR: 0xffffffff\n  lint0: 0x00010700 lint1: 0x00000400 TPR: 0x00000000 SVR: 0x000001ff\n  timer: 0x000100ef therm: 0x00010000 err: 0x000000f0 pmc: 0x00010400\nkbd: new array size 4\nkbd1 at kbdmux0\nmem: \u003cmemory\u003e\nPentium Pro MTRR support enabled\nnull: \u003cnull device, zero device\u003e\nVESA: information block\n0000   56 45 53 41 00 03 00 01 00 02 01 00 00 00 40 00\n0010   00 02 7b 00 00 01 31 01 00 02 43 01 00 02 65 01\n0020   00 02 00 00 00 00 00 00 00 00 00 00 00 00 00 00\n0030   00 00 00 00 00 00 00 00 00 00 00 00 00 00 00 00\n0040   60 01 61 01 62 01 63 01 64 01 65 01 66 01 67 01\n0050   68 01 3c 01 4d 01 5c 01 3a 01 4b 01 5a 01 07 01\n0060   1a 01 1b 01 05 01 17 01 18 01 12 01 14 01 15 01\n0070   01 01 03 01 11 01 ff ff 00 00 00 00 00 00 00 00\n0080   00 00 00 00 00 00 00 00 00 00 00 00 00 00 00 00\n0090   00 00 00 00 00 00 00 00 00 00 00 00 00 00 00 00\n00a0   00 00 00 00 00 00 00 00 00 00 00 00 00 00 00 00\n00b0   00 00 00 00 00 00 00 00 00 00 00 00 00 00 00 00\n00c0   00 00 00 00 00 00 00 00 00 00 00 00 00 00 00 00\n00d0   00 00 00 00 00 00 00 00 00 00 00 00 00 00 00 00\n00e0   00 00 00 00 00 00 00 00 00 00 00 00 00 00 00 00\n00f0   00 00 00 00 00 00 00 00 00 00 00 00 00 00 00 00\n0100   49 6e 74 65 6c 28 72 29 45 37 32 32 31 20 47 72\n0110   61 70 68 69 63 73 20 43 68 69 70 20 41 63 63 65\n0120   6c 65 72 61 74 65 64 20 56 47 41 20 42 49 4f 53\n0130   00 49 6e 74 65 6c 20 43 6f 72 70 6f 72 61 74 69\n0140   6f 6e 00 49 6e 74 65 6c 28 72 29 45 37 32 32 31\n0150   20 47 72 61 70 68 69 63 73 20 43 6f 6e 74 72 6f\n0160   6c 6c 65 72 00 48 61 72 64 77 61 72 65 20 56 65\n0170   72 73 69 6f 6e 20 30 2e 30 00 00 00 00 00 00 00\n0180   00 00 00 00 00 00 00 00 00 00 00 00 00 00 00 00\n0190   00 00 00 00 00 00 00 00 00 00 00 00 00 00 00 00\n01a0   00 00 00 00 00 00 00 00 00 00 00 00 00 00 00 00\n01b0   00 00 00 00 00 00 00 00 00 00 00 00 00 00 00 00\n01c0   00 00 00 00 00 00 00 00 00 00 00 00 00 00 00 00\n01d0   00 00 00 00 00 00 00 00 00 00 00 00 00 00 00 00\n01e0   00 00 00 00 00 00 00 00 00 00 00 00 00 00 00 00\n01f0   00 00 00 00 00 00 00 00 00 00 00 00 00 00 00 00\nVESA: 17 mode(s) found\nVESA: v3.0, 7872k memory, flags:0x1, mode table:0xc55cc040 (2000040)\nVESA: Intel(r)E7221 Graphics Chip Accelerated VGA BIOS\nVESA: Intel Corporation Intel(r)E7221 Graphics Controller Hardware Version\n0.0\nio: \u003cI/O\u003e\nrandom: \u003centropy source, Software, Yarrow\u003e\nnpx0: INT 16 interface\nacpi0: \u003cIntelR AWRDACPI\u003e on motherboard\nPCIe: Memory Mapped configuration base @ 0xe0000000\npcibios: BIOS version 3.00\nioapic0: routing intpin 9 (ISA IRQ 9) to lapic 0 vector 48\nacpi0: [MPSAFE]\nacpi0: [ITHREAD]\nacpi0: Power Button (fixed)\nacpi0: wakeup code va 0xc5598000 pa 0x1000\nAcpiOsDerivePciId: \\\\_SB_.PCI0.PX40.PIRQ -\u003e bus 0 dev 31 func 0\nAcpiOsDerivePciId: \\\\_SB_.PCI0.PX40.PIR2 -\u003e bus 0 dev 31 func 0\nacpi0: reservation of 0, a0000 (3) failed\nacpi0: reservation of 100000, 7f5e0000 (3) failed\nACPI timer: 1/0 1/0 1/0 1/0 1/0 1/0 1/0 1/0 1/0 1/0 -\u003e 10\nTimecounter \"ACPI-fast\" frequency 3579545 Hz quality 1000\nacpi_timer0: \u003c24-bit timer at 3.579545MHz\u003e port 0x408-0x40b on acpi0\ncpu0: \u003cACPI CPU\u003e on acpi0\ncpu0: switching to generic Cx mode\npci_link0:        Index  IRQ  Rtd  Ref  IRQs\n  Initial Probe       0   10   N     0  3 4 5 7 9 10 12 14 15\n  Validation          0   10   N     0  3 4 5 7 9 10 12 14 15\n  After Disable       0  255   N     0  3 4 5 7 9 10 12 14 15\npci_link1:        Index  IRQ  Rtd  Ref  IRQs\n  Initial Probe       0  255   N     0  3 4 5 7 9 10 12 14 15\n  Validation          0  255   N     0  3 4 5 7 9 10 12 14 15\n  After Disable       0  255   N     0  3 4 5 7 9 10 12 14 15\npci_link2:        Index  IRQ  Rtd  Ref  IRQs\n  Initial Probe       0    5   N     0  3 4 5 7 9 10 12 14 15\n  Validation          0    5   N     0  3 4 5 7 9 10 12 14 15\n  After Disable       0  255   N     0  3 4 5 7 9 10 12 14 15\npci_link3:        Index  IRQ  Rtd  Ref  IRQs\n  Initial Probe       0   12   N     0  3 4 5 7 9 10 12 14 15\n  Validation          0   12   N     0  3 4 5 7 9 10 12 14 15\n  After Disable       0  255   N     0  3 4 5 7 9 10 12 14 15\npci_link4:        Index  IRQ  Rtd  Ref  IRQs\n  Initial Probe       0  255   N     0  3 4 5 7 9 10 12 14 15\n  Validation          0  255   N     0  3 4 5 7 9 10 12 14 15\n  After Disable       0  255   N     0  3 4 5 7 9 10 12 14 15\npci_link5:        Index  IRQ  Rtd  Ref  IRQs\n  Initial Probe       0  255   N     0  3 4 5 7 9 10 12 14 15\n  Validation          0  255   N     0  3 4 5 7 9 10 12 14 15\n  After Disable       0  255   N     0  3 4 5 7 9 10 12 14 15\npci_link6:        Index  IRQ  Rtd  Ref  IRQs\n  Initial Probe       0  255   N     0  3 4 5 7 9 10 12 14 15\n  Validation          0  255   N     0  3 4 5 7 9 10 12 14 15\n  After Disable       0  255   N     0  3 4 5 7 9 10 12 14 15\npci_link7:        Index  IRQ  Rtd  Ref  IRQs\n  Initial Probe       0    7   N     0  3 4 5 7 9 10 12 14 15\n  Validation          0    7   N     0  3 4 5 7 9 10 12 14 15\n  After Disable       0  255   N     0  3 4 5 7 9 10 12 14 15\nacpi_button0: \u003cPower Button\u003e on acpi0\npcib0: \u003cACPI Host-PCI bridge\u003e port 0xcf8-0xcff on acpi0\npci0: \u003cACPI PCI bus\u003e on pcib0\npci0: domain=0, physical bus=0\nfound-\u003e vendor=0x8086, dev=0x2588, revid=0x05\n        domain=0, bus=0, slot=0, func=0\n        class=06-00-00, hdrtype=0x00, mfdev=0\n        cmdreg=0x0006, statreg=0x2090, cachelnsz=0 (dwords)\n        lattimer=0x00 (0 ns), mingnt=0x00 (0 ns), maxlat=0x00 (0 ns)\nfound-\u003e vendor=0x8086, dev=0x2589, revid=0x05\n        domain=0, bus=0, slot=1, func=0\n        class=06-04-00, hdrtype=0x01, mfdev=0\n        cmdreg=0x0107, statreg=0x0010, cachelnsz=8 (dwords)\n        lattimer=0x00 (0 ns), mingnt=0x02 (500 ns), maxlat=0x00 (0 ns)\n        intpin=a, irq=10\n        powerspec 2  supports D0 D3  current D0\n        MSI supports 1 message\npcib0: matched entry for 0.1.INTA\npcib0: slot 1 INTA hardwired to IRQ 16\nfound-\u003e vendor=0x8086, dev=0x258a, revid=0x05\n        domain=0, bus=0, slot=2, func=0\n        class=03-00-00, hdrtype=0x00, mfdev=0\n        cmdreg=0x0007, statreg=0x0090, cachelnsz=0 (dwords)\n        lattimer=0x00 (0 ns), mingnt=0x00 (0 ns), maxlat=0x00 (0 ns)\n        intpin=a, irq=10\n        powerspec 2  supports D0 D3  current D0\n        map[10]: type Memory, range 32, base 0xd1a00000, size 19, enabled\n        map[14]: type I/O Port, range 32, base 0xe000, size  3, enabled\n        map[18]: type Prefetchable Memory, range 32, base 0xc0000000, size\n28, enabled\n        map[1c]: type Memory, range 32, base 0xd1a80000, size 18, enabled\npcib0: matched entry for 0.2.INTA\npcib0: slot 2 INTA hardwired to IRQ 16\nfound-\u003e vendor=0x8086, dev=0x2660, revid=0x03\n        domain=0, bus=0, slot=28, func=0\n        class=06-04-00, hdrtype=0x01, mfdev=1\n        cmdreg=0x0107, statreg=0x0010, cachelnsz=8 (dwords)\n        lattimer=0x00 (0 ns), mingnt=0x02 (500 ns), maxlat=0x00 (0 ns)\n        intpin=a, irq=10\n        powerspec 2  supports D0 D3  current D0\n        MSI supports 1 message\npcib0: matched entry for 0.28.INTA\npcib0: slot 28 INTA hardwired to IRQ 16\nfound-\u003e vendor=0x8086, dev=0x2664, revid=0x03\n        domain=0, bus=0, slot=28, func=2\n        class=06-04-00, hdrtype=0x01, mfdev=1\n        cmdreg=0x0107, statreg=0x0010, cachelnsz=8 (dwords)\n        lattimer=0x00 (0 ns), mingnt=0x02 (500 ns), maxlat=0x00 (0 ns)\n        intpin=c, irq=5\n        powerspec 2  supports D0 D3  current D0\n        MSI supports 1 message\npcib0: matched entry for 0.28.INTC\npcib0: slot 28 INTC hardwired to IRQ 18\nfound-\u003e vendor=0x8086, dev=0x2666, revid=0x03\n        domain=0, bus=0, slot=28, func=3\n        class=06-04-00, hdrtype=0x01, mfdev=1\n        cmdreg=0x0107, statreg=0x0010, cachelnsz=8 (dwords)\n        lattimer=0x00 (0 ns), mingnt=0x02 (500 ns), maxlat=0x00 (0 ns)\n        intpin=d, irq=12\n        powerspec 2  supports D0 D3  current D0\n        MSI supports 1 message\npcib0: matched entry for 0.28.INTD\npcib0: slot 28 INTD hardwired to IRQ 19\nfound-\u003e vendor=0x8086, dev=0x244e, revid=0xd3\n        domain=0, bus=0, slot=30, func=0\n        class=06-04-01, hdrtype=0x01, mfdev=0\n        cmdreg=0x0107, statreg=0x0010, cachelnsz=0 (dwords)\n        lattimer=0x00 (0 ns), mingnt=0x02 (500 ns), maxlat=0x00 (0 ns)\nfound-\u003e vendor=0x8086, dev=0x2640, revid=0x03\n        domain=0, bus=0, slot=31, func=0\n        class=06-01-00, hdrtype=0x00, mfdev=1\n        cmdreg=0x0107, statreg=0x0200, cachelnsz=0 (dwords)\n        lattimer=0x00 (0 ns), mingnt=0x00 (0 ns), maxlat=0x00 (0 ns)\nfound-\u003e vendor=0x8086, dev=0x266f, revid=0x03\n        domain=0, bus=0, slot=31, func=1\n        class=01-01-8a, hdrtype=0x00, mfdev=0\n        cmdreg=0x0005, statreg=0x0288, cachelnsz=0 (dwords)\n        lattimer=0x00 (0 ns), mingnt=0x00 (0 ns), maxlat=0x00 (0 ns)\n        intpin=a, irq=255\n        map[20]: type I/O Port, range 32, base 0xf000, size  4, enabled\nfound-\u003e vendor=0x8086, dev=0x266a, revid=0x03\n        domain=0, bus=0, slot=31, func=3\n        class=0c-05-00, hdrtype=0x00, mfdev=0\n        cmdreg=0x0001, statreg=0x0280, cachelnsz=0 (dwords)\n        lattimer=0x00 (0 ns), mingnt=0x00 (0 ns), maxlat=0x00 (0 ns)\n        intpin=b, irq=12\n        map[20]: type I/O Port, range 32, base 0x500, size  5, enabled\npcib0: matched entry for 0.31.INTB\npcib0: slot 31 INTB hardwired to IRQ 19\npcib1: \u003cACPI PCI-PCI bridge\u003e irq 16 at device 1.0 on pci0\npcib1:   domain            0\npcib1:   secondary bus     1\npcib1:   subordinate bus   2\npcib1:   I/O decode        0xd000-0xdfff\npcib1:   memory decode     0xd0000000-0xd17fffff\npcib1:   no prefetched decode\npcib1: could not get PCI interrupt routing table for \\\\_SB_.PCI0.P1AB -\nAE_NOT_FOUND\npci1: \u003cACPI PCI bus\u003e on pcib1\npci1: domain=0, physical bus=1\nfound-\u003e vendor=0x8086, dev=0x032c, revid=0x09\n        domain=0, bus=1, slot=0, func=0\n        class=06-04-00, hdrtype=0x01, mfdev=1\n        cmdreg=0x0107, statreg=0x0010, cachelnsz=16 (dwords)\n        lattimer=0x00 (0 ns), mingnt=0x02 (500 ns), maxlat=0x00 (0 ns)\n        powerspec 2  supports D0 D3  current D0\n        MSI supports 1 message, 64 bit\nfound-\u003e vendor=0x8086, dev=0x0326, revid=0x09\n        domain=0, bus=1, slot=0, func=1\n        class=08-00-20, hdrtype=0x00, mfdev=1\n        cmdreg=0x0006, statreg=0x0010, cachelnsz=0 (dwords)\n        lattimer=0x00 (0 ns), mingnt=0x00 (0 ns), maxlat=0x00 (0 ns)\n        powerspec 2  supports D0 D3  current D0\n        map[10]: type Memory, range 32, base 0xd1000000, size 12, enabled\npcib1: requested memory range 0xd1000000-0xd1000fff: good\npcib2: \u003cACPI PCI-PCI bridge\u003e at device 0.0 on pci1\npcib2:   domain            0\npcib2:   secondary bus     2\npcib2:   subordinate bus   2\npcib2:   I/O decode        0xd000-0xdfff\npcib2:   memory decode     0xd0000000-0xd0ffffff\npcib2:   no prefetched decode\npci2: \u003cACPI PCI bus\u003e on pcib2\npci2: domain=0, physical bus=2\nfound-\u003e vendor=0x13c1, dev=0x1001, revid=0x01\n        domain=0, bus=2, slot=1, func=0\n        class=01-04-00, hdrtype=0x00, mfdev=0\n        cmdreg=0x0017, statreg=0x02b0, cachelnsz=8 (dwords)\n        lattimer=0x20 (960 ns), mingnt=0x09 (2250 ns), maxlat=0x00 (0 ns)\n        intpin=a, irq=10\n        powerspec 1  supports D0 D1 D3  current D0\n        map[10]: type I/O Port, range 32, base 0xd000, size  4, enabled\npcib2: requested I/O range 0xd000-0xd00f: in range\npcib1: requested I/O range 0xd000-0xd00f: in range\n        map[14]: type Memory, range 32, base 0xd0810000, size  4, enabled\npcib2: requested memory range 0xd0810000-0xd081000f: good\npcib1: requested memory range 0xd0810000-0xd081000f: good\n        map[18]: type Memory, range 32, base 0xd0000000, size 23, enabled\npcib2: requested memory range 0xd0000000-0xd07fffff: good\npcib1: requested memory range 0xd0000000-0xd07fffff: good\npcib2: matched entry for 2.1.INTA\npcib2: slot 1 INTA hardwired to IRQ 24\ntwe0: \u003c3ware Storage Controller. Driver version 1.50.01.002\u003e port\n0xd000-0xd00f mem 0xd0810000-0xd081000f,0xd0000000-0xd07fffff irq 24 at\ndevice 1.0 on pci2\ntwe0: Reserved 0x10 bytes for rid 0x10 type 4 at 0xd000\nioapic1: routing intpin 0 (PCI IRQ 24) to lapic 0 vector 49\ntwe0: [GIANT-LOCKED]\ntwe0: [ITHREAD]\ntwe0: AEN: \u003csoft reset\u003e\ntwe0: 2 ports, Firmware FE8S 1.05.00.068, BIOS BE7X 1.08.00.048\ntwe0: Monitor ME7X 1.01.00.040, PCB Rev5    , Achip 3.20    , Pchip 1.30-66\ntwe0: port 0: WDC WD800JD-00LSA0                       76319MB\ntwe0: port 1: WDC WD800JD-00LSA0                       76319MB\nvgapci0: \u003cVGA-compatible display\u003e port 0xe000-0xe007 mem\n0xd1a00000-0xd1a7ffff,0xc0000000-0xcfffffff,0xd1a80000-0xd1abffff irq 16 at\ndevice 2.0 on pci0\nagp0: \u003cIntel E7221 SVGA controller\u003e on vgapci0\nvgapci0: Reserved 0x10000000 bytes for rid 0x18 type 3 at 0xc0000000\nvgapci0: Reserved 0x80000 bytes for rid 0x10 type 3 at 0xd1a00000\nvgapci0: Reserved 0x40000 bytes for rid 0x1c type 3 at 0xd1a80000\nagp0: detected 7932k stolen memory\nagp0: aperture size is 256M\npcib3: \u003cACPI PCI-PCI bridge\u003e irq 16 at device 28.0 on pci0\npcib3:   domain            0\npcib3:   secondary bus     3\npcib3:   subordinate bus   3\npcib3:   I/O decode        0xf000-0xfff\npcib3:   no prefetched decode\npci3: \u003cACPI PCI bus\u003e on pcib3\npci3: domain=0, physical bus=3\npcib4: \u003cACPI PCI-PCI bridge\u003e irq 18 at device 28.2 on pci0\npcib4:   domain            0\npcib4:   secondary bus     4\npcib4:   subordinate bus   4\npcib4:   I/O decode        0xf000-0xfff\npcib4:   memory decode     0xd1800000-0xd18fffff\npcib4:   no prefetched decode\npci4: \u003cACPI PCI bus\u003e on pcib4\npci4: domain=0, physical bus=4\nfound-\u003e vendor=0x14e4, dev=0x1659, revid=0x11\n        domain=0, bus=4, slot=0, func=0\n        class=02-00-00, hdrtype=0x00, mfdev=0\n        cmdreg=0x0006, statreg=0x0010, cachelnsz=8 (dwords)\n        lattimer=0x00 (0 ns), mingnt=0x00 (0 ns), maxlat=0x00 (0 ns)\n        intpin=a, irq=5\n        powerspec 2  supports D0 D3  current D0\n        MSI supports 8 messages, 64 bit\n        map[10]: type Memory, range 64, base 0xd1800000, size 16, enabled\npcib4: requested memory range 0xd1800000-0xd180ffff: good\npcib4: matched entry for 4.0.INTA\npcib4: slot 0 INTA hardwired to IRQ 18\npci0:4:0:0: bad VPD cksum, remain 14\nbge0: \u003cBroadcom NetXtreme Gigabit Ethernet Controller, ASIC rev. 0x004101\u003e\nmem 0xd1800000-0xd180ffff irq 18 at device 0.0 on pci4\nbge0: Reserved 0x10000 bytes for rid 0x10 type 3 at 0xd1800000\nbge0: adjust device control 0x2000 -\u003e 0x5000\nbge0: CHIP ID 0x00004101; ASIC REV 0x04; CHIP REV 0x41; PCI-E\nmiibus0: \u003cMII bus\u003e on bge0\nbrgphy0: \u003cBCM5750 10/100/1000baseTX PHY\u003e PHY 1 on miibus0\nbrgphy0: OUI 0x000818, model 0x0018, rev. 0\nbrgphy0:  10baseT, 10baseT-FDX, 100baseTX, 100baseTX-FDX, 1000baseT,\n1000baseT-FDX, auto\nbge0: bpf attached\nbge0: Ethernet address: 00:30:48:83:b6:1c\nioapic0: routing intpin 18 (PCI IRQ 18) to lapic 0 vector 50\nbge0: [MPSAFE]\nbge0: [ITHREAD]\npcib5: \u003cACPI PCI-PCI bridge\u003e irq 19 at device 28.3 on pci0\npcib5:   domain            0\npcib5:   secondary bus     5\npcib5:   subordinate bus   5\npcib5:   I/O decode        0xf000-0xfff\npcib5:   memory decode     0xd1900000-0xd19fffff\npcib5:   no prefetched decode\npci5: \u003cACPI PCI bus\u003e on pcib5\npci5: domain=0, physical bus=5\nfound-\u003e vendor=0x14e4, dev=0x1659, revid=0x11\n        domain=0, bus=5, slot=0, func=0\n        class=02-00-00, hdrtype=0x00, mfdev=0\n        cmdreg=0x0006, statreg=0x0010, cachelnsz=8 (dwords)\n        lattimer=0x00 (0 ns), mingnt=0x00 (0 ns), maxlat=0x00 (0 ns)\n        intpin=a, irq=12\n        powerspec 2  supports D0 D3  current D0\n        MSI supports 8 messages, 64 bit\n        map[10]: type Memory, range 64, base 0xd1900000, size 16, enabled\npcib5: requested memory range 0xd1900000-0xd190ffff: good\npcib5: matched entry for 5.0.INTA\npcib5: slot 0 INTA hardwired to IRQ 19\npci0:5:0:0: bad VPD cksum, remain 14\nbge1: \u003cBroadcom NetXtreme Gigabit Ethernet Controller, ASIC rev. 0x004101\u003e\nmem 0xd1900000-0xd190ffff irq 19 at device 0.0 on pci5\nbge1: Reserved 0x10000 bytes for rid 0x10 type 3 at 0xd1900000\nbge1: adjust device control 0x2000 -\u003e 0x5000\nbge1: CHIP ID 0x00004101; ASIC REV 0x04; CHIP REV 0x41; PCI-E\nmiibus1: \u003cMII bus\u003e on bge1\nbrgphy1: \u003cBCM5750 10/100/1000baseTX PHY\u003e PHY 1 on miibus1\nbrgphy1: OUI 0x000818, model 0x0018, rev. 0\nbrgphy1:  10baseT, 10baseT-FDX, 100baseTX, 100baseTX-FDX, 1000baseT,\n1000baseT-FDX, auto\nbge1: bpf attached\nbge1: Ethernet address: 00:30:48:83:b6:1d\nioapic0: routing intpin 19 (PCI IRQ 19) to lapic 0 vector 51\nbge1: [MPSAFE]\nbge1: [ITHREAD]\npcib6: \u003cACPI PCI-PCI bridge\u003e at device 30.0 on pci0\npcib6:   domain            0\npcib6:   secondary bus     6\npcib6:   subordinate bus   6\npcib6:   I/O decode        0xf000-0xfff\npcib6:   no prefetched decode\npcib6:   Subtractively decoded bridge.\npci6: \u003cACPI PCI bus\u003e on pcib6\npci6: domain=0, physical bus=6\nisab0: \u003cPCI-ISA bridge\u003e at device 31.0 on pci0\nisa0: \u003cISA bus\u003e on isab0\natapci0: \u003cIntel ICH6 UDMA100 controller\u003e port\n0x1f0-0x1f7,0x3f6,0x170-0x177,0x376,0xf000-0xf00f at device 31.1 on pci0\natapci0: Reserved 0x10 bytes for rid 0x20 type 4 at 0xf000\nata0: \u003cATA channel 0\u003e on atapci0\natapci0: Reserved 0x8 bytes for rid 0x10 type 4 at 0x1f0\natapci0: Reserved 0x1 bytes for rid 0x14 type 4 at 0x3f6\nata0: reset tp1 mask=03 ostat0=50 ostat1=01\nata0: stat0=0x00 err=0x01 lsb=0x14 msb=0xeb\nata0: stat1=0x01 err=0x04 lsb=0x00 msb=0x00\nata0: reset tp2 stat0=00 stat1=01 devices=0x10000\nioapic0: routing intpin 14 (ISA IRQ 14) to lapic 0 vector 52\nata0: [MPSAFE]\nata0: [ITHREAD]\nata1: \u003cATA channel 1\u003e on atapci0\natapci0: Reserved 0x8 bytes for rid 0x18 type 4 at 0x170\natapci0: Reserved 0x1 bytes for rid 0x1c type 4 at 0x376\nata1: reset tp1 mask=03 ostat0=7f ostat1=7f\nata1: stat0=0x7f err=0x7f lsb=0x7f msb=0x7f\nata1: stat0=0x7f err=0x7f lsb=0x7f msb=0x7f\nata1: stat0=0x7f err=0x7f lsb=0x7f msb=0x7f\nata1: stat0=0x7f err=0x7f lsb=0x7f msb=0x7f\nata1: stat0=0x7f err=0x7f lsb=0x7f msb=0x7f\nata1: stat0=0x7f err=0x7f lsb=0x7f msb=0x7f\nata1: stat0=0x7f err=0x7f lsb=0x7f msb=0x7f\nata1: stat0=0x7f err=0x7f lsb=0x7f msb=0x7f\nata1: stat0=0x7f err=0x7f lsb=0x7f msb=0x7f\nata1: stat0=0x7f err=0x7f lsb=0x7f msb=0x7f\nata1: stat0=0x7f err=0x7f lsb=0x7f msb=0x7f\nata1: stat0=0x7f err=0x7f lsb=0x7f msb=0x7f\nata1: stat1=0x7f err=0x7f lsb=0x7f msb=0x7f\nata1: reset tp2 stat0=ff stat1=ff devices=0x0\nioapic0: routing intpin 15 (ISA IRQ 15) to lapic 0 vector 53\nata1: [MPSAFE]\nata1: [ITHREAD]\npci0: \u003cserial bus, SMBus\u003e at device 31.3 (no driver attached)\natrtc0: \u003cAT realtime clock\u003e port 0x70-0x73 irq 8 on acpi0\natrtc0: registered as a time-of-day clock (resolution 1000000us)\nfdc0: \u003cfloppy drive controller\u003e port 0x3f0-0x3f5,0x3f7 irq 6 drq 2 on acpi0\nfdc0: ic_type 90 part_id 80\nioapic0: routing intpin 6 (ISA IRQ 6) to lapic 0 vector 54\nfdc0: [FILTER]\nfd0: \u003c1440-KB 3.5\" drive\u003e on fdc0 drive 0\nuart0: \u003c16550 or compatible\u003e port 0x3f8-0x3ff irq 4 flags 0x10 on acpi0\nioapic0: routing intpin 4 (ISA IRQ 4) to lapic 0 vector 55\nuart0: [FILTER]\nuart0: fast interrupt\nuart0: console (9600,n,8,1)\npnp_identify: Trying Read_Port at 203\npnp_identify: Trying Read_Port at 243\npnp_identify: Trying Read_Port at 283\npnp_identify: Trying Read_Port at 2c3\npnp_identify: Trying Read_Port at 303\npnp_identify: Trying Read_Port at 343\npnp_identify: Trying Read_Port at 383\npnp_identify: Trying Read_Port at 3c3\nPNP Identify complete\nisa_probe_children: disabling PnP devices\npmtimer0 on isa0\nata: ata0 already exists; skipping it\nata: ata1 already exists; skipping it\nfdc: fdc0 already exists; skipping it\nsc: sc0 already exists; skipping it\nuart: uart0 already exists; skipping it\nvga: vga0 already exists; skipping it\nisa_probe_children: probing non-PnP devices\norm0: \u003cISA Option ROM\u003e at iomem 0xcc000-0xccfff pnpid ORM0000 on isa0\nsc0: \u003cSystem console\u003e at flags 0x100 on isa0\nsc0: VGA \u003c16 virtual consoles, flags=0x300\u003e\nsc0: fb0, kbd1, terminal emulator: scteken (teken terminal)\nvga0: \u003cGeneric ISA VGA\u003e at port 0x3c0-0x3df iomem 0xa0000-0xbffff on isa0\nadv0: not probed (disabled)\naha0: not probed (disabled)\naic0: not probed (disabled)\natkbdc0: \u003cKeyboard controller (i8042)\u003e at port 0x60,0x64 on isa0\natkbd0: \u003cAT Keyboard\u003e irq 1 on atkbdc0\nkbd0 at atkbd0\nkbd0: atkbd0, generic (0), config:0x0, flags:0x3f0000\nioapic0: routing intpin 1 (ISA IRQ 1) to lapic 0 vector 56\natkbd0: [GIANT-LOCKED]\natkbd0: [ITHREAD]\npsm0: current command byte:0067\npsm0: failed to reset the aux device.\nbt0: not probed (disabled)\ncs0: not probed (disabled)\ned0: not probed (disabled)\nfe0: not probed (disabled)\nie0: not probed (disabled)\nlnc0: not probed (disabled)\npcic0 failed to probe at port 0x3e0 iomem 0xd0000 on isa0\npcic1: not probed (disabled)\nppc0 failed to probe at irq 7 on isa0\nsn0: not probed (disabled)\nuart1: \u003cns8250\u003e failed to probe at port 0x2f8-0x2ff irq 3 on isa0\nuart2: not probed (disabled)\nuart3: not probed (disabled)\nvt0: not probed (disabled)\nisa_probe_children: probing PnP devices\np4tcc0: \u003cCPU Frequency Thermal Control\u003e on cpu0\nDevice configuration finished.\nReducing kern.maxvnodes 135838 -\u003e 100000\nprocfs registered\nlapic: Divisor 2, Frequency 99750530 Hz\nTimecounter \"TSC\" frequency 2992516148 Hz quality 800\nTimecounters tick every 1.000 msec\nvlan: initialized, using hash tables with chaining\nipfw2 (+ipv6) initialized, divert enabled, nat loadable, rule-based\nforwarding disabled, default to deny, logging disabled\npcic1: not probed (disabled)\nppc0 failed to probe at irq 7 on isa0\nsn0: not probed (disabled)\nuart1: \u003cns8250\u003e failed to probe at port 0x2f8-0x2ff irq 3 on isa0\nuart2: not probed (disabled)\nuart3: not probed (disabled)\nvt0: not probed (disabled)\nisa_probe_children: probing PnP devices\np4tcc0: \u003cCPU Frequency Thermal Control\u003e on cpu0\nDevice configuration finished.\nReducing kern.maxvnodes 135838 -\u003e 100000\nprocfs registered\nlapic: Divisor 2, Frequency 99750530 Hz\nTimecounter \"TSC\" frequency 2992516148 Hz quality 800\nTimecounters tick every 1.000 msec\nvlan: initialized, using hash tables with chaining\nipfw2 (+ipv6) initialized, divert enabled, nat loadable, rule-based\nforwarding disabled, default to deny, logging disabled\nipfw0: bpf attached\nDUMMYNET with IPv6 initialized (100131)\nlo0: bpf attached\nload_dn_sched dn_sched FIFO loaded\nload_dn_sched dn_sched PRIO loaded\nload_dn_sched dn_sched QFQ loaded\nload_dn_sched dn_sched RR loaded\nload_dn_sched dn_sched WF2Q+ loaded\nata0: Identifying devices: 00010000\nata0: New devices: 00010000\nata0-master: pio=PIO4 wdma=WDMA2 udma=UDMA33 cable=40 wire\nacd0: setting UDMA33\nacd0: \u003cCD-224E/1.9A\u003e CDROM drive at ata0 as master\nacd0: read 4134KB/s (4134KB/s), 128KB buffer, UDMA33\nacd0: Reads: CDR, CDRW, CDDA stream, packet\nacd0: Writes:\nacd0: Audio: play, 256 volume levels\nacd0: Mechanism: ejectable tray, unlocked\nacd0: Medium: no/blank disc\nata1: Identifying devices: 00000000\nata1: New devices: 00000000\ntwed0: \u003cUnit 0, TwinStor, Normal\u003e on twe0\ntwed0: 76318MB (156299440 sectors)\nATA PseudoRAID loaded\nGEOM: new disk twed0\nTrying to mount root from ufs:/dev/twed0s1a\nWARNING: / was not properly dismounted\nct_to_ts([2010-05-18 04:04:30]) = 1274155470.000000000\nstart_init: trying /sbin/init\nWARNING: /db was not properly dismounted\n/db: mount pending error: blocks 1536 files 2\nWARNING: /home was not properly dismounted\nWARNING: /tmp was not properly dismounted\nWARNING: /usr was not properly dismounted\nWARNING: /var was not properly dismounted\n/var: mount pending error: blocks 4 files 1\nWARNING: /web was not properly dismounted\n/web: mount pending error: blocks 76 files 2\nbge1: link UP\nbge1: link state changed to UP\n\n\n\nAnd here's what fsck had to say when it ran after the reboot:\n\nMay 18 04:06:56 turing fsck: /dev/twed0s2f: Reclaimed: 0 directories, -9\nfiles, -1565 fragments\nMay 18 04:06:56 turing fsck: /dev/twed0s2f: 11318 files, 1498574 used,\n4736757 free (1661 frags, 591887 blocks, 0.0% fragmentation)\nMay 18 04:07:16 turing fsck: /dev/twed0s2d: 11898 files, 2957829 used,\n1103234 free (3538 frags, 137462 blocks, 0.1% fragmentation)\nMay 18 04:07:21 turing fsck: /dev/twed0s1f: 1381 files, 524105 used, 488910\nfree (118 frags, 61099 blocks, 0.0% fragmentation)\nMay 18 04:09:56 turing fsck: /dev/twed0s1d: UNREF FILE I=171636  OWNER=root\nMODE=100555\nMay 18 04:09:56 turing fsck: /dev/twed0s1d: SIZE=877576 MTIME=May  5 13:48\n2010  (CLEARED)\nMay 18 04:09:56 turing fsck: /dev/twed0s1d: UNREF FILE I=189564  OWNER=root\nMODE=100444\nMay 18 04:09:56 turing fsck: /dev/twed0s1d: SIZE=845304 MTIME=Apr  7 15:50\n2010  (CLEARED)\nMay 18 04:09:56 turing fsck: /dev/twed0s1d: UNREF FILE I=189621  OWNER=root\nMODE=100444\nMay 18 04:09:56 turing fsck: /dev/twed0s1d: SIZE=204496 MTIME=Apr  7 15:50\n2010  (CLEARED)\nMay 18 04:09:56 turing fsck: /dev/twed0s1d: UNREF FILE I=190109  OWNER=root\nMODE=100444\nMay 18 04:09:56 turing fsck: /dev/twed0s1d: SIZE=70584 MTIME=Apr  7 15:49\n2010  (CLEARED)\nMay 18 04:09:56 turing fsck: /dev/twed0s1d: UNREF FILE I=190174  OWNER=root\nMODE=100444\nMay 18 04:09:56 turing fsck: /dev/twed0s1d: SIZE=43484 MTIME=Apr  7 15:49\n2010  (CLEARED)\nMay 18 04:09:56 turing fsck: /dev/twed0s1d: UNREF FILE I=190261  OWNER=root\nMODE=100444\nMay 18 04:09:56 turing fsck: /dev/twed0s1d: SIZE=73972 MTIME=Apr  7 15:49\n2010  (CLEARED)\nMay 18 04:09:56 turing fsck: /dev/twed0s1d: UNREF FILE I=190262  OWNER=root\nMODE=100444\nMay 18 04:09:56 turing fsck: /dev/twed0s1d: SIZE=28080 MTIME=Apr  7 15:49\n2010  (CLEARED)\nMay 18 04:09:56 turing fsck: /dev/twed0s1d: UNREF FILE I=494650  OWNER=root\nMODE=100755\nMay 18 04:09:56 turing fsck: /dev/twed0s1d: SIZE=25921 MTIME=May  5 13:46\n2010  (CLEARED)\nMay 18 04:09:56 turing fsck: /dev/twed0s1d: UNREF FILE I=494684  OWNER=root\nMODE=100755\nMay 18 04:09:56 turing fsck: /dev/twed0s1d: SIZE=26541 MTIME=May  5 13:46\n2010  (CLEARED)\nMay 18 04:09:56 turing fsck: /dev/twed0s1d: UNREF FILE I=494685  OWNER=root\nMODE=100755\nMay 18 04:09:56 turing fsck: /dev/twed0s1d: SIZE=20386 MTIME=May  5 13:46\n2010  (CLEARED)\nMay 18 04:09:56 turing fsck: /dev/twed0s1d: UNREF FILE I=494686  OWNER=root\nMODE=100755\nMay 18 04:09:56 turing fsck: /dev/twed0s1d: SIZE=71642 MTIME=May  5 13:46\n2010  (CLEARED)\nMay 18 04:09:56 turing fsck: /dev/twed0s1d: UNREF FILE I=494689  OWNER=root\nMODE=100755\nMay 18 04:09:56 turing fsck: /dev/twed0s1d: SIZE=20265 MTIME=May  5 13:46\n2010  (CLEARED)\nMay 18 04:09:56 turing fsck: /dev/twed0s1d: UNREF FILE I=494695  OWNER=root\nMODE=100755\nMay 18 04:09:56 turing fsck: /dev/twed0s1d: SIZE=16221 MTIME=May  5 13:46\n2010  (CLEARED)\nMay 18 04:09:56 turing fsck: /dev/twed0s1d: UNREF FILE I=494696  OWNER=root\nMODE=100755\nMay 18 04:09:56 turing fsck: /dev/twed0s1d: SIZE=16162 MTIME=May  5 13:46\n2010  (CLEARED)\nMay 18 04:09:56 turing fsck: /dev/twed0s1d: UNREF FILE I=494698  OWNER=root\nMODE=100755\nMay 18 04:09:56 turing fsck: /dev/twed0s1d: SIZE=16100 MTIME=May  5 13:46\n2010  (CLEARED)\nMay 18 04:09:56 turing fsck: /dev/twed0s1d: UNREF FILE I=494699  OWNER=root\nMODE=100755\nMay 18 04:09:56 turing fsck: /dev/twed0s1d: SIZE=14528 MTIME=May  5 13:46\n2010  (CLEARED)\nMay 18 04:09:56 turing fsck: /dev/twed0s1d: UNREF FILE I=494701  OWNER=root\nMODE=100755\nMay 18 04:09:56 turing fsck: /dev/twed0s1d: SIZE=20885 MTIME=May  5 13:46\n2010  (CLEARED)\nMay 18 04:09:56 turing fsck: /dev/twed0s1d: UNREF FILE I=494703  OWNER=root\nMODE=100755\nMay 18 04:09:56 turing fsck: /dev/twed0s1d: SIZE=21181 MTIME=May  5 13:46\n2010  (CLEARED)\nMay 18 04:09:56 turing fsck: /dev/twed0s1d: UNREF FILE I=494704  OWNER=root\nMODE=100755\nMay 18 04:09:56 turing fsck: /dev/twed0s1d: SIZE=76567 MTIME=May  5 13:46\n2010  (CLEARED)\nMay 18 04:09:56 turing fsck: /dev/twed0s1d: UNREF FILE I=494714  OWNER=root\nMODE=100755\nMay 18 04:09:56 turing fsck: /dev/twed0s1d: SIZE=54118 MTIME=May  5 13:46\n2010  (CLEARED)\nMay 18 04:09:56 turing fsck: /dev/twed0s1d: UNREF FILE I=494715  OWNER=root\nMODE=100755\nMay 18 04:09:56 turing fsck: /dev/twed0s1d: SIZE=19793 MTIME=May  5 13:47\n2010  (CLEARED)\nMay 18 04:09:56 turing fsck: /dev/twed0s1d: Reclaimed: 0 directories, 21\nfiles, 0 fragments\nMay 18 04:09:56 turing fsck: /dev/twed0s1d: 368165 files, 2945567 used,\n1115496 free (227160 frags, 111042 blocks, 5.6% fragmentation)\nMay 18 04:10:05 turing fsck: /dev/twed0s1e: UNREF FILE I=141341  OWNER=root\nMODE=140666\nMay 18 04:10:05 turing fsck: /dev/twed0s1e: SIZE=0 MTIME=May  5 07:47 2010\n(CLEARED)\nMay 18 04:10:05 turing fsck: /dev/twed0s1e: LINK COUNT FILE I=212183\nOWNER=operator MODE=100400\nMay 18 04:10:05 turing fsck: /dev/twed0s1e: SIZE=2048 MTIME=May 18 03:44\n2010  COUNT 2 SHOULD BE 1 (ADJUSTED)\nMay 18 04:10:05 turing fsck: /dev/twed0s1e: UNREF FILE I=212258\nOWNER=operator MODE=100400\nMay 18 04:10:05 turing fsck: /dev/twed0s1e: SIZE=2048 MTIME=May 18 02:44\n2010  (CLEARED)\nMay 18 04:10:05 turing fsck: /dev/twed0s1e: LINK COUNT FILE I=212263\nOWNER=operator MODE=100400\nMay 18 04:10:05 turing fsck: /dev/twed0s1e: SIZE=2048 MTIME=May 18 03:11\n2010  COUNT 2 SHOULD BE 1 (ADJUSTED)\nMay 18 04:10:05 turing fsck: /dev/twed0s1e: LINK COUNT FILE I=212568\nOWNER=operator MODE=100400\nMay 18 04:10:05 turing fsck: /dev/twed0s1e: SIZE=2048 MTIME=May 18 03:00\n2010  COUNT 2 SHOULD BE 1 (ADJUSTED)\nMay 18 04:10:05 turing fsck: /dev/twed0s1e: LINK COUNT FILE I=212642\nOWNER=operator MODE=100400\nMay 18 04:10:05 turing fsck: /dev/twed0s1e: SIZE=2048 MTIME=May 18 03:33\n2010  COUNT 2 SHOULD BE 1 (ADJUSTED)\nMay 18 04:10:05 turing fsck: /dev/twed0s1e: LINK COUNT FILE I=212827\nOWNER=operator MODE=100400\nMay 18 04:10:05 turing fsck: /dev/twed0s1e: SIZE=2048 MTIME=May 18 03:55\n2010  COUNT 2 SHOULD BE 1 (ADJUSTED)\nMay 18 04:10:05 turing fsck: /dev/twed0s1e: LINK COUNT FILE I=212835\nOWNER=operator MODE=100400\nMay 18 04:10:05 turing fsck: /dev/twed0s1e: SIZE=2048 MTIME=May 18 02:55\n2010  COUNT 2 SHOULD BE 1 (ADJUSTED)\nMay 18 04:10:05 turing fsck: /dev/twed0s1e: LINK COUNT FILE I=212836\nOWNER=operator MODE=100400\nMay 18 04:10:05 turing fsck: /dev/twed0s1e: SIZE=2048 MTIME=May 18 03:22\n2010  COUNT 2 SHOULD BE 1 (ADJUSTED)\nMay 18 04:10:05 turing fsck: /dev/twed0s1e: Reclaimed: 0 directories, 2\nfiles, 1 fragments\nMay 18 04:10:05 turing fsck: /dev/twed0s1e: 15331 files, 308881 used, 704133\nfree (893 frags, 87905 blocks, 0.1% fragmentation)\nMay 18 04:11:54 turing fsck: /dev/twed0s2e: INCORRECT BLOCK COUNT I=895152\n(1059840 should be 65984) (CORRECTED)\nMay 18 04:11:54 turing fsck: /dev/twed0s2e: UNREF FILE I=4498502  OWNER=www\nMODE=100644\nMay 18 04:11:54 turing fsck: /dev/twed0s2e: SIZE=54347 MTIME=May 18 04:00\n2010  (CLEARED)\nMay 18 04:11:54 turing fsck: /dev/twed0s2e: UNREF FILE I=4498503  OWNER=www\nMODE=100644\nMay 18 04:11:54 turing fsck: /dev/twed0s2e: SIZE=71053 MTIME=May 18 04:00\n2010  (CLEARED)\nMay 18 04:11:54 turing fsck: /dev/twed0s2e: Reclaimed: 0 directories, 4\nfiles, 247059 fragments\nMay 18 04:11:54 turing fsck: /dev/twed0s2e: 50278 files, 17490319 used,\n2574020 free (20276 frags, 319218 blocks, 0.1% fragmentation)\n\nAnd the mounts corresponding to those:\n/dev/twed0s1a on / (ufs, local, noatime)\ndevfs on /dev (devfs, local, multilabel)\n/dev/twed0s2f on /db (ufs, local, noatime, soft-updates)\n/dev/twed0s2d on /home (ufs, local, noatime, soft-updates)\n/dev/twed0s1f on /tmp (ufs, local, noatime, soft-updates)\n/dev/twed0s1d on /usr (ufs, local, noatime, soft-updates)\n/dev/twed0s1e on /var (ufs, local, noatime, soft-updates)\n/dev/twed0s2e on /web (ufs, local, noatime, soft-updates)\nprocfs on /proc (procfs, local)\ndevfs on /var/named/dev (devfs, local, multilabel)"
}