{
 "id": 620441,
 "bug_id": 158950,
 "attachment_id": 0,
 "creation_time": "2011-07-15T18:50:08Z",
 "creator": "kirk@ba23.org",
 "text": "I can get fsx to run okay if I disable the mmap operations, using the -RW command line options.\nWhen I enable the mmap operations, fsx appears to fail.\n\nSee \"How to repeat\" for the fsx output.\n\nThis is the output of the boot rom and the kernel booting.\n         __  __                      _ _\n        |  \\/  | __ _ _ ____   _____| | |\n        | |\\/| |/ _` | '__\\ \\ / / _ \\ | |\n        | |  | | (_| | |   \\ V /  __/ | |\n        |_|  |_|\\__,_|_|    \\_/ \\___|_|_|\n _   _     ____              _\n| | | |   | __ )  ___   ___ | |_ \n| | | |___|  _ \\ / _ \\ / _ \\| __| \n| |_| |___| |_) | (_) | (_) | |_ \n \\___/    |____/ \\___/ \\___/ \\__| \n ** MARVELL BOARD: SHEEVA PLUG LE \n\nU-Boot 1.1.4 (Mar 19 2009 - 16:06:59) Marvell version: 3.4.16\n\nU-Boot code: 00600000 -\u003e 0067FFF0  BSS: -\u003e 006CEE80\n\nSoc: 88F6281 A0 (DDR2)\nCPU running @ 1200Mhz L2 running @ 400Mhz\nSysClock = 400Mhz , TClock = 200Mhz \n\nDRAM CAS Latency = 5 tRP = 5 tRAS = 18 tRCD=6\nDRAM CS[0] base 0x00000000   size 256MB \nDRAM CS[1] base 0x10000000   size 256MB \nDRAM Total size 512MB  16bit width\nFlash:  0 kB\nAddresses 8M - 0M are saved for the U-Boot usage.\nMem malloc Initialization (8M - 7M): Done\nNAND:512 MB\n\nCPU : Marvell Feroceon (Rev 1)\n\nStreaming disabled \nWrite allocate disabled\n\n\nUSB 0: host mode\nPEX 0: interface detected no Link.\nNet:   egiga0 [PRIME], egiga1\nHit any key to stop autoboot:  0 \nUsing egiga0 device\nTFTP from server 192.168.1.23; our IP address is 192.168.1.79\nFilename 'node79.bin'.\nLoad address: 0x900000\nLoading: #################################################################\n[...]\n\ndone\nBytes transferred = 2997752 (2dbdf8 hex)\n## Starting application at 0x00900000 ...\n dtbp = 0xc0bba550\nKDB: debugger backends: ddb\nKDB: current backend: ddb\nCopyright (c) 1992-2011 The FreeBSD Project.\nCopyright (c) 1979, 1980, 1983, 1986, 1988, 1989, 1991, 1992, 1993, 1994\nThe Regents of the University of California. All rights reserved.\nFreeBSD is a registered trademark of The FreeBSD Foundation.\nFreeBSD 9.0-CURRENT #0: Fri Jul 15 17:08:59 IST 2011\n    toor@freenas:/usr/obj/arm.arm/usr/src/sys/NODE79 arm\nCPU: Feroceon 88FR131 rev 1 (Marvell core)\n  DC enabled IC enabled WB enabled EABT branch prediction enabled\n  16KB/32B 4-way Instruction cache\n  16KB/32B 4-way write-back-locking-C Data cache\nreal memory  = 536870912 (512 MB)\navail memory = 520232960 (496 MB)\nSOC: Marvell 88F6281 rev A0, TClock 200MHz\nsimplebus0: \u003cFlattened device tree simple bus\u003e on fdtbus0\nic0: \u003cMarvell Integrated Interrupt Controller\u003e mem 0xf1020200-0xf102023b on simplebus0\ntimer0: \u003cMarvell CPU Timer\u003e mem 0xf1020300-0xf102032f irq 1 on simplebus0\nEvent timer \"CPUTimer0\" frequency 200000000 Hz quality 1000\nTimecounter \"CPUTimer1\" frequency 200000000 Hz quality 1000\ngpio0: \u003cMarvell Integrated GPIO Controller\u003e mem 0xf1010100-0xf101011f irq 35,36,37,38,39,40,41 on simplebus0\nrtc0: \u003cMarvell Integrated RTC\u003e mem 0xf1010300-0xf1010307 on simplebus0\nmge0: \u003cMarvell Gigabit Ethernet controller\u003e mem 0xf1072000-0xf1073fff irq 12,13,14,11,46 on simplebus0\nmge0: Ethernet address: 00:50:43:01:d6:c8\nmiibus0: \u003cMII bus\u003e on mge0\ne1000phy0: \u003cMarvell 88E1116R Gigabit PHY\u003e PHY 0 on miibus0\ne1000phy0:  none, 10baseT, 10baseT-FDX, 100baseTX, 100baseTX-FDX, 1000baseT, 1000baseT-master, 1000baseT-FDX, 1000baseT-FDX-master, auto\nuart0: \u003c16550 or compatible\u003e mem 0xf1012000-0xf101201f irq 33 on simplebus0\nuart0: console (1066,n,8,1)\nuart1: \u003c16550 or compatible\u003e mem 0xf1012100-0xf101211f irq 34 on simplebus0\nehci0: \u003cMarvell Integrated USB 2.0 controller\u003e mem 0xf1050000-0xf1050fff irq 48,19 on simplebus0\nusbus0: EHCI version 1.0\nusbus0: set host controller mode\nusbus0: \u003cMarvell Integrated USB 2.0 controller\u003e on ehci0\nTimecounters tick every 1.000 msec\nusbus0: 480Mbps High Speed USB v2.0\nbootpc_init: wired to interface 'mge0'\nSending DHCP Discover packet from interface mge0 (00:50:43:01:d6:c8)\nugen0.1: \u003cMarvell\u003e at usbus0\nuhub0: \u003cMarvell EHCI root HUB, class 9/0, rev 2.00/1.00, addr 1\u003e on usbus0\nmge0: link state changed to UP\nuhub0: 1 port with 1 removable, self powered\nReceived DHCP Offer packet on mge0 from 192.168.1.23 (accepted) (no root path)\nugen0.2: \u003cKingston\u003e at usbus0\numass0: \u003cKingston DataTraveler 102, class 0/0, rev 2.00/1.00, addr 2\u003e on usbus0\numass0:  SCSI over Bulk-Only; quirks = 0x0000\numass0:0:0:-1: Attached to scbus0\n\nda0 at umass-sim0 bus 0 scbus0 target 0 lun 0\nda0: \u003cKingston DataTraveler 102 PMAP\u003e Removable Direct Access SCSI-0 device \nda0: 40.000MB/s transfers\nda0: 3745MB (7669824 512 byte sectors: 255H 63S/T 477C)\nSending DHCP Request packet from interface mge0 (00:50:43:01:d6:c8)\nReceived DHCP Ack packet on mge0 from 192.168.1.23 (accepted) (got root path)\nmge0 at 192.168.1.79 server 192.168.1.23 boot file node79.bin\nsubnet mask 255.255.255.0 router 192.168.1.101 root_server 192.168.1.23 rootfs /export/tank/freebsd/arm8le hostname node79 \nAdjusted interface mge0\nTrying to mount root from nfs: []...\nNFS ROOT: 192.168.1.23:/export/tank/freebsd/arm8le\nInterface mge0 IP-Address 192.168.1.79 Broadcast 192.168.1.255 \nSetting hostuuid: 4e548f07-9f3f-11e0-8815-00504301d6c8.\nSetting hostid: 0xb812a530.\nEntropy harvesting: interrupts ethernet point_to_point kickstart.\nStarting file system checks:\nmount_nfs: can't update /var/db/mounttab for 192.168.1.23:/export/tank/freebsd/arm8le\nMounting local file systems:.\nStarting Network: lo0.\nlo0: flags=8049\u003cUP,LOOPBACK,RUNNING,MULTICAST\u003e metric 0 mtu 16384\noptions=3\u003cRXCSUM,TXCSUM\u003e\ninet 127.0.0.1 netmask 0xff000000 \nStarting devd.\ndevd: cannot open pid file: Operation not supported\nMounting NFS file systems:.\nCreating and/or trimming log files.\nStarting syslogd.\nsyslogd: cannot open pid file: Operation not supported\nELF ldconfig path: /lib /usr/lib /usr/lib/compat /usr/local/lib\nStarting rpcbind.\nJul 15 17:20:09 node79 rpcbind: cannot get information for udp6\nJul 15 17:20:09 node79 rpcbind: cannot get information for tcp6\nNFS access cache time=60\nClearing /tmp.\nStarting lockd.\nJul 15 17:20:11 node79 kernel: NLM: failed to contact remote rpcbind, stat = 0, port = 0\nJul 15 17:20:11 node79 kernel: Can't start NLM - unable to contact NSM\nStarting local daemons:.\nUpdating motd:.\nStarting sshd.\n\nFri Jul 15 17:20:13 UTC 2011\n\nFreeBSD/arm (node79) (ttyu0)\n\nlogin:\n\nHow-To-Repeat: This is a USB key.\n\nnode79# newfs /dev/da0s2a\nReduced frags per cylinder group from 94088 to 94048 to enlarge last cyl group\n/dev/da0s2a: 2945.0MB (6031360 sectors) block size 16384, fragment size 2048\n        using 17 cylinder groups of 183.69MB, 11756 blks, 23552 inodes.\nsuper-block backups (for fsck -b #) at:\n 160, 376352, 752544, 1128736, 1504928, 1881120, 2257312, 2633504, 3009696,\n 3385888, 3762080, 4138272, 4514464, 4890656, 5266848, 5643040, 6019232\nnode79# /sbin/mount -o noclusterr,noclusterw /dev/da0s2a /mnt\nnode79# cd /mnt\nnode79# fsx sheevaplug\ntruncating to largest ever: 0x13e76\nREAD BAD DATA: offset = 0xf369, size = 0xbd47\nOFFSET  GOOD    BAD     RANGE\n0x f400 0x0593  0x0000  0x   9f\noperation# (mod 256) for the bad data unknown, check HOLE and EXTEND ops\nLOG DUMP (9 total operations):\n1(1 mod 256): TRUNCATE UP       from 0x0 to 0x13e76     ******WWWW\n2(2 mod 256): WRITE     0x17098 thru 0x26857    (0xf7c0 bytes) HOLE\n3(3 mod 256): READ      0xc73e thru 0x1b801     (0xf0c4 bytes)  ***RRRR***\n4(4 mod 256): MAPWRITE 0x32e00 thru 0x331fc     (0x3fd bytes)\n5(5 mod 256): MAPWRITE 0x7ac1 thru 0x11029      (0x9569 bytes)  ******WWWW\n6(6 mod 256): READ      0x1f62e thru 0x2177f    (0x2152 bytes)\n7(7 mod 256): WRITE     0x756 thru 0xede        (0x789 bytes)\n8(8 mod 256): READ      0x18f13 thru 0x27d18    (0xee06 bytes)\n9(9 mod 256): READ      0xf369 thru 0x1b0af     (0xbd47 bytes)  ***RRRR***\nCorrect content saved for comparison\n(maybe hexdump \"sheevaplug\" vs \"sheevaplug.fsxgood\")\nnode79# cmp sheevaplug*\nsheevaplug sheevaplug.fsxgood differ: char 62465, line 63"
}