{
 "id": 349145,
 "bug_id": 103332,
 "attachment_id": 0,
 "creation_time": "2006-09-17T18:50:25Z",
 "creator": "artemkm@yahoo.com",
 "text": "If \"link0\" option used for  Intel 82550, network adapter will work only with ICMP. If  link0 is off (ifconfig fxp1 -link0) card will work correctly. This behaviour is fair for both IA32 and AMD64 architecture.\n\nIn FreeBSD 4.11 (IA 32) option \"link0\" work correctly.\n\nHardware:\n\ndmesg:\n\nCopyright (c) 1992-2006 The FreeBSD Project.\nCopyright (c) 1979, 1980, 1983, 1986, 1988, 1989, 1991, 1992, 1993, 1994\n        The Regents of the University of California. All rights reserved.\nFreeBSD 6.1-RELEASE-p6 #0: Sat Sep  9 23:18:27 MSD 2006\n    root@test:/usr/obj/usr/src/sys/my\nACPI APIC Table: \u003cAMIINT VIA_K8  \u003e\nTimecounter \"i8254\" frequency 1193182 Hz quality 0\nCPU: AMD Athlon(tm) 64 Processor 3200+ (2000.08-MHz K8-class CPU)\n  Origin = \"AuthenticAMD\"  Id = 0xf48  Stepping = 8\n  Features=0x78bfbff\u003cFPU,VME,DE,PSE,TSC,MSR,PAE,MCE,CX8,APIC,SEP,MTRR,PGE,MCA,CMOV,PAT,PSE36,CLFLUSH,MMX,FXSR,SSE,SSE2\u003e\n  AMD Features=0xe0500800\u003cSYSCALL,NX,MMX+,LM,3DNow+,3DNow\u003e\nreal memory  = 1073676288 (1023 MB)\navail memory = 1027653632 (980 MB)\nioapic0 \u003cVersion 0.3\u003e irqs 0-23 on motherboard\nkbd1 at kbdmux0\nacpi0: \u003cAMIINT VIA_K8\u003e on motherboard\nacpi0: Power Button (fixed)\nTimecounter \"ACPI-fast\" frequency 3579545 Hz quality 1000\nacpi_timer0: \u003c24-bit timer at 3.579545MHz\u003e port 0x808-0x80b on acpi0\ncpu0: \u003cACPI CPU\u003e on acpi0\ndevice_attach: acpi_perf0 attach returned 6\nacpi_throttle0: \u003cACPI CPU Throttling\u003e on cpu0\ndevice_attach: acpi_perf0 attach returned 6\nacpi_button0: \u003cPower Button\u003e on acpi0\npcib0: \u003cACPI Host-PCI bridge\u003e port 0xcf8-0xcff on acpi0\npci0: \u003cACPI PCI bus\u003e on pcib0\nagp0: \u003cVIA 8385 host to PCI bridge\u003e mem 0xd0000000-0xd7ffffff at device 0.0 on pci0\npcib1: \u003cPCI-PCI bridge\u003e at device 1.0 on pci0\npci1: \u003cPCI bus\u003e on pcib1\ndrm0: \u003cATI Radeon RV280 9200\u003e port 0xa800-0xa8ff mem 0xc0000000-0xc7ffffff,0xcfaf0000-0xcfafffff irq 16 at device 0.0 on pci1\ninfo: [drm] AGP at 0xd0000000 128MB\ninfo: [drm] Initialized radeon 1.19.0 20050911\npci1: \u003cdisplay\u003e at device 0.1 (no driver attached)\nfxp0: \u003cIntel 82559 Pro/100 Ethernet\u003e port 0xe400-0xe43f mem 0xcfffe000-0xcfffefff,0xcfe00000-0xcfefffff irq 17 at device 6.0 on pci0\nmiibus0: \u003cMII bus\u003e on fxp0\ninphy0: \u003ci82555 10/100 media interface\u003e on miibus0\ninphy0:  10baseT, 10baseT-FDX, 100baseTX, 100baseTX-FDX, auto\nfxp0: Ethernet address: 00:90:27:28:93:d1\npcm0: \u003cCreative Audigy 2 (EMU10K2)\u003e port 0xe000-0xe03f irq 18 at device 7.0 on pci0\npcm0: \u003cSigmaTel STAC9721/23 AC97 Codec\u003e\nfwohci0: \u003c1394 Open Host Controller Interface\u003e mem 0xcfffd800-0xcfffdfff,0xcfff8000-0xcfffbfff irq 19 at device 7.2 on pci0\nfwohci0: OHCI version 1.10 (ROM=0)\nfwohci0: No. of Isochronous channels is 4.\nfwohci0: EUI64 00:02:3c:01:51:07:d4:d2\nfwohci0: Phy 1394a available S400, 2 ports.\nfwohci0: Link S400, max_rec 2048 bytes.\nfirewire0: \u003cIEEE1394(FireWire) bus\u003e on fwohci0\nfwe0: \u003cEthernet over FireWire\u003e on firewire0\nif_fwe0: Fake Ethernet address: 02:02:3c:07:d4:d2\nfwe0: Ethernet address: 02:02:3c:07:d4:d2\nfwe0: if_start running deferred for Giant\nsbp0: \u003cSBP-2/SCSI over FireWire\u003e on firewire0\nfwohci0: Initiate bus reset\nfwohci0: node_id=0xc800ffc0, gen=1, CYCLEMASTER mode\nfirewire0: 1 nodes, maxhop \u003c= 0, cable IRM = 0 (me)\nfirewire0: bus manager 0 (me)\nfxp1: \u003cIntel 82550 Pro/100 Ethernet\u003e port 0xdc00-0xdc3f mem 0xcfffc000-0xcfffcfff,0xcffa0000-0xcffbffff irq 19 at device 8.0 on pci0\nmiibus1: \u003cMII bus\u003e on fxp1\ninphy1: \u003ci82555 10/100 media interface\u003e on miibus1\ninphy1:  10baseT, 10baseT-FDX, 100baseTX, 100baseTX-FDX, auto\nfxp1: Ethernet address: 00:02:b3:4c:d8:4a\nahc0: \u003cAdaptec 19160B Ultra160 SCSI adapter\u003e port 0xe800-0xe8ff mem 0xcffff000-0xcfffffff irq 17 at device 10.0 on pci0\nahc0: [GIANT-LOCKED]\naic7892: Ultra160 Wide Channel A, SCSI Id=7, 32/253 SCBs\natapci0: \u003cVIA 6420 SATA150 controller\u003e port 0xd800-0xd807,0xd400-0xd403,0xd000-0xd007,0xcc00-0xcc03,0xc800-0xc80f,0xc400-0xc4ff irq 20 at device 15.0 on pci0\nata2: \u003cATA channel 0\u003e on atapci0\nata3: \u003cATA channel 1\u003e on atapci0\natapci1: \u003cVIA 8237 UDMA133 controller\u003e port 0x1f0-0x1f7,0x3f6,0x170-0x177,0x376,0xfc00-0xfc0f at device 15.1 on pci0\nata0: \u003cATA channel 0\u003e on atapci1\nata1: \u003cATA channel 1\u003e on atapci1\nuhci0: \u003cVIA 83C572 USB controller\u003e port 0xb400-0xb41f irq 21 at device 16.0 on pci0\nuhci0: [GIANT-LOCKED]\nusb0: \u003cVIA 83C572 USB controller\u003e on uhci0\nusb0: USB revision 1.0\nuhub0: VIA UHCI root hub, class 9/0, rev 1.00/1.00, addr 1\nuhub0: 2 ports with 2 removable, self powered\nuhci1: \u003cVIA 83C572 USB controller\u003e port 0xb800-0xb81f irq 21 at device 16.1 on pci0\nuhci1: [GIANT-LOCKED]\nusb1: \u003cVIA 83C572 USB controller\u003e on uhci1\nusb1: USB revision 1.0\nuhub1: VIA UHCI root hub, class 9/0, rev 1.00/1.00, addr 1\nuhub1: 2 ports with 2 removable, self powered\nuhci2: \u003cVIA 83C572 USB controller\u003e port 0xbc00-0xbc1f irq 21 at device 16.2 on pci0\nuhci2: [GIANT-LOCKED]\nusb2: \u003cVIA 83C572 USB controller\u003e on uhci2\nusb2: USB revision 1.0\nuhub2: VIA UHCI root hub, class 9/0, rev 1.00/1.00, addr 1\nuhub2: 2 ports with 2 removable, self powered\nuhci3: \u003cVIA 83C572 USB controller\u003e port 0xc000-0xc01f irq 21 at device 16.3 on pci0\nuhci3: [GIANT-LOCKED]\nusb3: \u003cVIA 83C572 USB controller\u003e on uhci3\nusb3: USB revision 1.0\nuhub3: VIA UHCI root hub, class 9/0, rev 1.00/1.00, addr 1\nuhub3: 2 ports with 2 removable, self powered\nehci0: \u003cVIA VT6202 USB 2.0 controller\u003e mem 0xcfffd600-0xcfffd6ff irq 21 at device 16.4 on pci0\nehci0: [GIANT-LOCKED]\nusb4: EHCI version 1.0\nusb4: companion controllers, 2 ports each: usb0 usb1 usb2 usb3\nusb4: \u003cVIA VT6202 USB 2.0 controller\u003e on ehci0\nusb4: USB revision 2.0\nuhub4: VIA EHCI root hub, class 9/0, rev 2.00/1.00, addr 1\nuhub4: 8 ports with 8 removable, self powered\nisab0: \u003cPCI-ISA bridge\u003e at device 17.0 on pci0\nisa0: \u003cISA bus\u003e on isab0\nacpi_button1: \u003cSleep Button\u003e on acpi0\nfdc0: \u003cfloppy drive controller\u003e port 0x3f2-0x3f3,0x3f4-0x3f5,0x3f7 irq 6 drq 2 on acpi0\nfdc0: [FAST]\nfd0: \u003c1440-KB 3.5\" drive\u003e on fdc0 drive 0\nsio0: configured irq 4 not in bitmap of probed irqs 0\nsio0: port may not be enabled\nsio0: \u003c16550A-compatible COM port\u003e port 0x3f8-0x3ff irq 4 flags 0x10 on acpi0\nsio0: type 16550A\natkbdc0: \u003cKeyboard controller (i8042)\u003e port 0x60,0x64 irq 1 on acpi0\natkbd0: \u003cAT Keyboard\u003e flags 0x1 irq 1 on atkbdc0\nkbd0 at atkbd0\natkbd0: [GIANT-LOCKED]\norm0: \u003cISA Option ROMs\u003e at iomem 0xc0000-0xccfff,0xd2800-0xd37ff,0xd3800-0xd4fff on isa0\nsc0: \u003cSystem console\u003e at flags 0x100 on isa0\nsc0: VGA \u003c16 virtual consoles, flags=0x300\u003e\nsio1: configured irq 3 not in bitmap of probed irqs 0\nsio1: port may not be enabled\nvga0: \u003cGeneric ISA VGA\u003e at port 0x3c0-0x3df iomem 0xa0000-0xbffff on isa0\nums0: Logitech USB-PS/2 Optical Mouse, rev 2.00/11.10, addr 2, iclass 3/1\nums0: 3 buttons and Z dir.\nTimecounter \"TSC\" frequency 2000082479 Hz quality 800\nTimecounters tick every 1.000 msec\nipfw2 (+ipv6) initialized, divert loadable, rule-based forwarding disabled, default to deny, logging disabled\nWaiting 5 seconds for SCSI devices to settle\nad0: 58643MB \u003cIC35L060AVVA07 0 VA3OA50K\u003e at ata0-master UDMA100\nacd0: DVDR \u003cTEAC DV-W58G-A/U4S2\u003e at ata1-master UDMA33\nacd1: CDRW \u003cCR-48XATE/1.0E\u003e at ata1-slave UDMA33\nda0 at ahc0 bus 0 target 0 lun 0\nda0: \u003cSEAGATE ST373307LW 0007\u003e Fixed Direct Access SCSI-3 device\nda0: 160.000MB/s transfers (80.000MHz, offset 63, 16bit), Tagged Queueing Enabled\nda0: 70007MB (143374744 512 byte sectors: 255H 63S/T 8924C)\nda1 at ahc0 bus 0 target 1 lun 0\nda1: \u003cSEAGATE ST373207LW 0003\u003e Fixed Direct Access SCSI-3 device\nda1: 160.000MB/s transfers (80.000MHz, offset 63, 16bit), Tagged Queueing Enabled\nda1: 70007MB (143374744 512 byte sectors: 255H 63S/T 8924C)\n........\nfxp1: Microcode loaded, int_delay: 1000 usec  bundle_max: 6\n\n\n\npciconf -lv\nagp0@pci0:0:0:  class=0x060000 card=0x31881106 chip=0x31881106 rev=0x01 hdr=0x00\n    vendor   = 'VIA Technologies Inc'\n    device   = 'Apollo K8T800 CPU to PCI Bridge'\n    class    = bridge\n    subclass = HOST-PCI\npcib1@pci0:1:0: class=0x060400 card=0x00000080 chip=0xb1881106 rev=0x00 hdr=0x01\n    vendor   = 'VIA Technologies Inc'\n    device   = 'Apollo K8HTB CPU to AGP 2.0/3.0 Bridge'\n    class    = bridge\n    subclass = PCI-PCI\nfxp0@pci0:6:0:  class=0x020000 card=0x000c8086 chip=0x12298086 rev=0x08 hdr=0x00\n    vendor   = 'Intel Corporation'\n    device   = '82550/1/7/8/9 EtherExpress PRO/100(B) Ethernet Adapter'\n    class    = network\n    subclass = ethernet\npcm0@pci0:7:0:  class=0x040100 card=0x20021102 chip=0x00041102 rev=0x04 hdr=0x00\n    vendor   = 'Creative Labs'\n    device   = 'SoundBlaster Audigy Audigy Audio Processor'\n    class    = multimedia\n    subclass = audio\nemujoy0@pci0:7:1:       class=0x098000 card=0x00401102 chip=0x70031102 rev=0x04 hdr=0x00\n    vendor   = 'Creative Labs'\n    device   = 'EMU10K2 Audigy Gameport'\n    class    = input device\nfwohci0@pci0:7:2:       class=0x0c0010 card=0x00101102 chip=0x40011102 rev=0x04 hdr=0x00\n    vendor   = 'Creative Labs'\n    device   = 'EMU10K2 Audigy IEEE1394 Firewire Controller'\n    class    = serial bus\n    subclass = FireWire\nfxp1@pci0:8:0:  class=0x020000 card=0x00408086 chip=0x12298086 rev=0x0d hdr=0x00\n    vendor   = 'Intel Corporation'\n    device   = '82550/1/7/8/9 EtherExpress PRO/100(B) Ethernet Adapter'\n    class    = network\n    subclass = ethernet\nahc0@pci0:10:0: class=0x010000 card=0x62a19005 chip=0x00819005 rev=0x02 hdr=0x00\n    vendor   = 'Adaptec Inc'\n    device   = '19160 AIC-7892B Ultra160 SCSI Adapter'\n    class    = mass storage\n    subclass = SCSI\natapci0@pci0:15:0:      class=0x010400 card=0x70201462 chip=0x31491106 rev=0x80 hdr=0x00\n    vendor   = 'VIA Technologies Inc'\n    device   = 'VT8237  VT6410 SATA RAID Controller'\n    class    = mass storage\n    subclass = RAID\natapci1@pci0:15:1:      class=0x01018a card=0x70201462 chip=0x05711106 rev=0x06 hdr=0x00\n    vendor   = 'VIA Technologies Inc'\n    device   = 'VT82xxxx EIDE Controller (All VIA Chipsets)'\n    class    = mass storage\n    subclass = ATA\nuhci0@pci0:16:0:        class=0x0c0300 card=0x70201462 chip=0x30381106 rev=0x81 hdr=0x00\n    vendor   = 'VIA Technologies Inc'\n    device   = 'VT82xxxxx UHCI USB 1.1 Controller (All VIA Chipsets)'\n    class    = serial bus\n    subclass = USB\nuhci1@pci0:16:1:        class=0x0c0300 card=0x70201462 chip=0x30381106 rev=0x81 hdr=0x00\n    vendor   = 'VIA Technologies Inc'\n    device   = 'VT82xxxxx UHCI USB 1.1 Controller (All VIA Chipsets)'\n    class    = serial bus\n    subclass = USB\nuhci2@pci0:16:2:        class=0x0c0300 card=0x70201462 chip=0x30381106 rev=0x81 hdr=0x00\n    vendor   = 'VIA Technologies Inc'\n    device   = 'VT82xxxxx UHCI USB 1.1 Controller (All VIA Chipsets)'\n    class    = serial bus\n    subclass = USB\nuhci3@pci0:16:3:        class=0x0c0300 card=0x70201462 chip=0x30381106 rev=0x81 hdr=0x00\n    vendor   = 'VIA Technologies Inc'\n    device   = 'VT82xxxxx UHCI USB 1.1 Controller (All VIA Chipsets)'\n    class    = serial bus\n    subclass = USB\nehci0@pci0:16:4:        class=0x0c0320 card=0x70201462 chip=0x31041106 rev=0x86 hdr=0x00\n    vendor   = 'VIA Technologies Inc'\n    device   = 'VT6202 USB 2.0 Enhanced Host Controller'\n    class    = serial bus\n    subclass = USB\nisab0@pci0:17:0:        class=0x060100 card=0x32271106 chip=0x32271106 rev=0x00 hdr=0x00\n    vendor   = 'VIA Technologies Inc'\n    device   = 'VT8237 PCI-to-ISA Bridge'\n    class    = bridge\n    subclass = PCI-ISA\nhostb0@pci0:24:0:       class=0x060000 card=0x00000000 chip=0x11001022 rev=0x00 hdr=0x00\n    vendor   = 'Advanced Micro Devices (AMD)'\n    device   = 'Athlon 64 / Opteron HyperTransport Technology Configuration'\n    class    = bridge\n    subclass = HOST-PCI\nhostb1@pci0:24:1:       class=0x060000 card=0x00000000 chip=0x11011022 rev=0x00 hdr=0x00\n    vendor   = 'Advanced Micro Devices (AMD)'\n    device   = 'Athlon 64 / Opteron Address Map'\n    class    = bridge\n    subclass = HOST-PCI\nhostb2@pci0:24:2:       class=0x060000 card=0x00000000 chip=0x11021022 rev=0x00 hdr=0x00\n    vendor   = 'Advanced Micro Devices (AMD)'\n    device   = 'Athlon 64 / Opteron DRAM Controller'\n    class    = bridge\n    subclass = HOST-PCI\nhostb3@pci0:24:3:       class=0x060000 card=0x00000000 chip=0x11031022 rev=0x00 hdr=0x00\n    vendor   = 'Advanced Micro Devices (AMD)'\n    device   = 'Athlon 64 / Opteron Miscellaneous Control'\n    class    = bridge\n    subclass = HOST-PCI\ndrm0@pci1:0:0:  class=0x030000 card=0x0130174b chip=0x59601002 rev=0x01 hdr=0x00\n    vendor   = 'ATI Technologies Inc'\n    device   = 'RV280 Radeon 9200 Pro'\n    class    = display\n    subclass = VGA\nnone0@pci1:0:1: class=0x038000 card=0x0131174b chip=0x59401002 rev=0x01 hdr=0x00\n    vendor   = 'ATI Technologies Inc'\n    device   = 'RV280 Radeon 9200 Pro - Secondary'\n    class    = display\n\nfxp1@pci0:8:0:  class=0x020000 card=0x00408086 chip=0x12298086 rev=0x0d hdr=0x00\n    vendor   = 'Intel Corporation'\n    device   = '82550/1/7/8/9 EtherExpress PRO/100(B) Ethernet Adapter'\n    class    = network\n    subclass = ethernet\n\n\nifconfig fxp1\n\nfxp1: flags=9843\u003cUP,BROADCAST,RUNNING,SIMPLEX,LINK0,MULTICAST\u003e mtu 1500\n        options=b\u003cRXCSUM,TXCSUM,VLAN_MTU\u003e\n        inet 192.168.11.43 netmask 0xffffff00 broadcast 192.168.11.255\n        ether 00:02:b3:4c:d8:4a\n        media: Ethernet autoselect (100baseTX \u003cfull-duplex\u003e)\n        status: active\n\nHow-To-Repeat: Hardvare: intel 82550 card\n\nifconfig fxp_ link0"
}