{
 "id": 693235,
 "bug_id": 173859,
 "attachment_id": 0,
 "creation_time": "2012-11-23T12:40:00Z",
 "creator": "marc@mpeters.org",
 "text": "We are experiencing low throughput on interncontinental connections with\nour FreeBSD Servers. We made several tests and are wondering, why this\nwould be. The first tests were on an IPSEC VPN between our datacenter in\nDE and Santa Clara, CA. We are connected with two gigabit uplinks in\neach DC. Pushing data by scp between our FreeBSD servers takes ages.\nStarting with several MB/s it drops to 60-70KB/s:\n\n[root@freebsd ~]# ls -alh test.tgz\n-rw-r-----  1 root  wheel    58M Oct  5  2010 test.tgz\n[root@freebsd ~]# scp test.tgz 172.16.3.10:.\nPassword:\ntest.tgz       28%   17MB  75.3KB/s   09:32 ETA\n\n\nFor comparision, we did a similiar test with Linux, which didn't show\nthis behaviour:\n\nroot@linux:~# scp jdk-6u33-linux-x64.bin 172.16.4.50:\nroot@172.16.4.50's password:\njdk-6u33-linux-x64.bin                                             100%\n  69MB   3.4MB/s   00:21\nroot@linux:~#\n\n\nOtherwise, the servers are really fast, when copying data to a machine\nnearby:\n\n[root@freebsd ~]# ls -alh test\n-rw-r--r--  1 root  wheel     1G Nov 21 13:43 test\n[root@freebsd ~]# scp test 172.16.3.11:\nPassword:\ntest                                     100% 1000MB  38.5MB/s   00:26\n\n\nIntercontinental ftp downloads are the same:\n\n[root@freebsd ~]# fetch\nftp://ftp1.us.freebsd.org/pub/FreeBSD/releases/amd64/amd64/ISO-IMAGES/9.1/FreeBSD-9.1-RC3-amd64-bootonly.iso\nFreeBSD-9.1-RC3-amd64-bootonly.iso           100% of  146 MB   46 MBps\n\n[root@freebsd ~]# fetch\nftp://ftp1.us.freebsd.org/pub/FreeBSD/releases/amd64/amd64/ISO-IMAGES/9.1/FreeBSD-9.1-RC3-amd64-disc1.iso\n\nFreeBSD-9.1-RC3-amd64-disc1.iso         100% of  685 MB   36 MBps 00m00s\n\n[root@freebsd ~]# fetch\nftp://ftp1.de.freebsd.org/pub/FreeBSD/releases/amd64/amd64/ISO-IMAGES/9.1/FreeBSD-9.1-RC3-amd64-disc1.iso\nFreeBSD-9.1-RC3-amd64-disc1.iso         0% of  685 MB   13 kBps 14h49m^C\n\n\nLinux:\n\nroot@linux:~# wget\nftp://ftp1.de.freebsd.org/pub/FreeBSD/releases/amd64/amd64/ISO-IMAGES/9.1/FreeBSD-9.1-RC3-amd64-disc1.iso\n--2012-11-21 15:07:57--\nftp://ftp1.de.freebsd.org/pub/FreeBSD/releases/amd64/amd64/ISO-IMAGES/9.1/FreeBSD-9.1-RC3-amd64-disc1.iso\n           =\u003e `FreeBSD-9.1-RC3-amd64-disc1.iso'\nResolving ftp1.de.freebsd.org... 137.226.34.42\nConnecting to ftp1.de.freebsd.org|137.226.34.42|:21... connected.\nLogging in as anonymous ... Logged in!\n==\u003e SYST ... done.    ==\u003e PWD ... done.\n==\u003e TYPE I ... done.  ==\u003e CWD (1)\n/pub/FreeBSD/releases/amd64/amd64/ISO-IMAGES/9.1 ... done.\n==\u003e SIZE FreeBSD-9.1-RC3-amd64-disc1.iso ... 718800896\n==\u003e PASV ... done.    ==\u003e RETR FreeBSD-9.1-RC3-amd64-disc1.iso ... done.\nLength: 718800896 (686M) (unauthoritative)\n\n100%[=====================================================================\u003e]\n718,800,896 19.1M/s   in 61s\n\n2012-11-21 15:09:01 (11.2 MB/s) - `FreeBSD-9.1-RC3-amd64-disc1.iso'\nsaved [718800896]\n\n\nDoing some googling brought up a lot of tuning hints, but nothing worked\nfor us. We tweaked some sysctls:\n\nkern.ipc.maxsockbuf=16777216\nnet.inet.tcp.sendbuf_max=16777216\nnet.inet.tcp.recvbuf_max=16777216\nnet.inet.tcp.sendbuf_inc=16384\nnet.inet.tcp.recvbuf_inc=524288\nnet.inet.tcp.hostcache.expire=1\n\nbut to no good. Disabling MSI and TSO4 for the card didn't change\nanything, too.\n\n\"netstat -nia\" showed no errors or collisions; same for the Linux hosts.\n\nping times through an IPSEC tunnel or to the external addresses are expected for somewhat 10k kilometers distance:\n\nIPSEC:\nping 172.16.3.10\nPING 172.16.3.10 (172.16.3.10) 56(84) bytes of data.\n64 bytes from 172.16.3.10: icmp_req=1 ttl=62 time=155 ms\n64 bytes from 172.16.3.10: icmp_req=2 ttl=62 time=156 ms\n64 bytes from 172.16.3.10: icmp_req=3 ttl=62 time=155 ms\n64 bytes from 172.16.3.10: icmp_req=4 ttl=62 time=156 ms\n64 bytes from 172.16.3.10: icmp_req=5 ttl=62 time=156 ms\n\nexternal address:\nping 8.35.XXX.XXX\nPING 8.35.XXX.XXX (8.35.XXX.XXX) 56(84) bytes of data.\n64 bytes from 8.35.XXX.XXX: icmp_req=1 ttl=47 time=163 ms\n64 bytes from 8.35.XXX.XXX: icmp_req=2 ttl=47 time=159 ms\n64 bytes from 8.35.XXX.XXX: icmp_req=3 ttl=47 time=149 ms\n64 bytes from 8.35.XXX.XXX: icmp_req=4 ttl=47 time=154 ms\n64 bytes from 8.35.XXX.XXX: icmp_req=5 ttl=47 time=156 ms\n64 bytes from 8.35.XXX.XXX: icmp_req=6 ttl=47 time=153 ms\n64 bytes from 8.35.XXX.XXX: icmp_req=7 ttl=47 time=155 ms\n\nThe machines are all HP DL360G7 with bce cards.\n\n# ifconfig:\nbce0: flags=8843\u003cUP,BROADCAST,RUNNING,SIMPLEX,MULTICAST\u003e metric 0 mtu 1500\n\toptions=c01bb\u003cRXCSUM,TXCSUM,VLAN_MTU,VLAN_HWTAGGING,JUMBO_MTU,VLAN_HWCSUM,TSO4,VLAN_HWTSO,LINKSTATE\u003e\n\tether ac:16:2d:b7:00:f4\n\tinet 172.16.3.10 netmask 0xffffff00 broadcast 172.16.3.255\n\tinet6 fe80::ae16:2dff:feb7:f4%bce0 prefixlen 64 scopeid 0x1\n\tnd6 options=29\u003cPERFORMNUD,IFDISABLED,AUTO_LINKLOCAL\u003e\n\tmedia: Ethernet autoselect (1000baseT \u003cfull-duplex\u003e)\n\tstatus: active\nbce1: flags=8843\u003cUP,BROADCAST,RUNNING,SIMPLEX,MULTICAST\u003e metric 0 mtu 1500\n\toptions=c01bb\u003cRXCSUM,TXCSUM,VLAN_MTU,VLAN_HWTAGGING,JUMBO_MTU,VLAN_HWCSUM,TSO4,VLAN_HWTSO,LINKSTATE\u003e\n\tether ac:16:2d:b7:00:f6\n\tinet 172.17.3.10 netmask 0xfffff800 broadcast 172.17.7.255\n\tinet6 fe80::ae16:2dff:feb7:f6%bce1 prefixlen 64 scopeid 0x2\n\tnd6 options=29\u003cPERFORMNUD,IFDISABLED,AUTO_LINKLOCAL\u003e\n\tmedia: Ethernet autoselect (1000baseT \u003cfull-duplex,master\u003e)\n\tstatus: active\nbce2: flags=8802\u003cBROADCAST,SIMPLEX,MULTICAST\u003e metric 0 mtu 1500\n\toptions=c01bb\u003cRXCSUM,TXCSUM,VLAN_MTU,VLAN_HWTAGGING,JUMBO_MTU,VLAN_HWCSUM,TSO4,VLAN_HWTSO,LINKSTATE\u003e\n\tether ac:16:2d:b7:00:fc\n\tnd6 options=29\u003cPERFORMNUD,IFDISABLED,AUTO_LINKLOCAL\u003e\n\tmedia: Ethernet autoselect\nbce3: flags=8802\u003cBROADCAST,SIMPLEX,MULTICAST\u003e metric 0 mtu 1500\n\toptions=c01bb\u003cRXCSUM,TXCSUM,VLAN_MTU,VLAN_HWTAGGING,JUMBO_MTU,VLAN_HWCSUM,TSO4,VLAN_HWTSO,LINKSTATE\u003e\n\tether ac:16:2d:b7:00:fe\n\tnd6 options=29\u003cPERFORMNUD,IFDISABLED,AUTO_LINKLOCAL\u003e\n\tmedia: Ethernet autoselect\nlo0: flags=8049\u003cUP,LOOPBACK,RUNNING,MULTICAST\u003e metric 0 mtu 16384\n\toptions=600003\u003cRXCSUM,TXCSUM,RXCSUM_IPV6,TXCSUM_IPV6\u003e\n\tinet6 ::1 prefixlen 128\n\tinet6 fe80::1%lo0 prefixlen 64 scopeid 0xb\n\tinet 127.0.0.1 netmask 0xff000000\n\tnd6 options=21\u003cPERFORMNUD,AUTO_LINKLOCAL\u003e\n\n# dmesg:\nCopyright (c) 1992-2012 The FreeBSD Project.\nCopyright (c) 1979, 1980, 1983, 1986, 1988, 1989, 1991, 1992, 1993, 1994\n\tThe Regents of the University of California. All rights reserved.\nFreeBSD is a registered trademark of The FreeBSD Foundation.\nFreeBSD 9.1-RC2 #0 r241106: Mon Oct  1 18:26:44 UTC 2012\n    root@farrell.cse.buffalo.edu:/usr/obj/usr/src/sys/GENERIC amd64\nCPU: Intel(R) Xeon(R) CPU           X5660  @ 2.80GHz (2800.16-MHz\nK8-class CPU)\n  Origin = \"GenuineIntel\"  Id = 0x206c2  Family = 6  Model = 2c\nStepping = 2\n\nFeatures=0xbfebfbff\u003cFPU,VME,DE,PSE,TSC,MSR,PAE,MCE,CX8,APIC,SEP,MTRR,PGE,MCA,CMOV,PAT,PSE36,CLFLUSH,DTS,ACPI,MMX,FXSR,SSE,SSE2,SS,HTT,TM,PBE\u003e\n\nFeatures2=0x29ee3ff\u003cSSE3,PCLMULQDQ,DTES64,MON,DS_CPL,VMX,SMX,EST,TM2,SSSE3,CX16,xTPR,PDCM,PCID,DCA,SSE4.1,SSE4.2,POPCNT,AESNI\u003e\n  AMD Features=0x2c100800\u003cSYSCALL,NX,Page1GB,RDTSCP,LM\u003e\n  AMD Features2=0x1\u003cLAHF\u003e\n  TSC: P-state invariant, performance statistics\nreal memory  = 34359738368 (32768 MB)\navail memory = 33095315456 (31562 MB)\nEvent timer \"LAPIC\" quality 600\nACPI APIC Table: \u003cHP     ProLiant\u003e\nFreeBSD/SMP: Multiprocessor System Detected: 24 CPUs\nFreeBSD/SMP: 2 package(s) x 6 core(s) x 2 SMT threads\n cpu0 (BSP): APIC ID:  0\n cpu1 (AP): APIC ID:  1\n cpu2 (AP): APIC ID:  2\n cpu3 (AP): APIC ID:  3\n cpu4 (AP): APIC ID:  4\n cpu5 (AP): APIC ID:  5\n cpu6 (AP): APIC ID: 16\n cpu7 (AP): APIC ID: 17\n cpu8 (AP): APIC ID: 18\n cpu9 (AP): APIC ID: 19\n cpu10 (AP): APIC ID: 20\n cpu11 (AP): APIC ID: 21\n cpu12 (AP): APIC ID: 32\n cpu13 (AP): APIC ID: 33\n cpu14 (AP): APIC ID: 34\n cpu15 (AP): APIC ID: 35\n cpu16 (AP): APIC ID: 36\n cpu17 (AP): APIC ID: 37\n cpu18 (AP): APIC ID: 48\n cpu19 (AP): APIC ID: 49\n cpu20 (AP): APIC ID: 50\n cpu21 (AP): APIC ID: 51\n cpu22 (AP): APIC ID: 52\n cpu23 (AP): APIC ID: 53\nACPI Warning: Invalid length for Pm1aControlBlock: 32, using default 16\n(20110527/tbfadt-638)\nACPI Warning: Invalid length for Pm2ControlBlock: 32, using default 8\n(20110527/tbfadt-638)\nioapic1 \u003cVersion 2.0\u003e irqs 24-47 on motherboard\nioapic0 \u003cVersion 2.0\u003e irqs 0-23 on motherboard\nkbd1 at kbdmux0\nctl: CAM Target Layer loaded\nacpi0: \u003cHP ProLiant\u003e on motherboard\nacpi0: Power Button (fixed)\ncpu0: \u003cACPI CPU\u003e on acpi0\ncpu1: \u003cACPI CPU\u003e on acpi0\ncpu2: \u003cACPI CPU\u003e on acpi0\ncpu3: \u003cACPI CPU\u003e on acpi0\ncpu4: \u003cACPI CPU\u003e on acpi0\ncpu5: \u003cACPI CPU\u003e on acpi0\ncpu6: \u003cACPI CPU\u003e on acpi0\ncpu7: \u003cACPI CPU\u003e on acpi0\ncpu8: \u003cACPI CPU\u003e on acpi0\ncpu9: \u003cACPI CPU\u003e on acpi0\ncpu10: \u003cACPI CPU\u003e on acpi0\ncpu11: \u003cACPI CPU\u003e on acpi0\ncpu12: \u003cACPI CPU\u003e on acpi0\ncpu13: \u003cACPI CPU\u003e on acpi0\ncpu14: \u003cACPI CPU\u003e on acpi0\ncpu15: \u003cACPI CPU\u003e on acpi0\ncpu16: \u003cACPI CPU\u003e on acpi0\ncpu17: \u003cACPI CPU\u003e on acpi0\ncpu18: \u003cACPI CPU\u003e on acpi0\ncpu19: \u003cACPI CPU\u003e on acpi0\ncpu20: \u003cACPI CPU\u003e on acpi0\ncpu21: \u003cACPI CPU\u003e on acpi0\ncpu22: \u003cACPI CPU\u003e on acpi0\ncpu23: \u003cACPI CPU\u003e on acpi0\nattimer0: \u003cAT timer\u003e port 0x40-0x43 irq 0 on acpi0\nTimecounter \"i8254\" frequency 1193182 Hz quality 0\nEvent timer \"i8254\" frequency 1193182 Hz quality 100\nhpet0: \u003cHigh Precision Event Timer\u003e iomem 0xfed00000-0xfed003ff on acpi0\nTimecounter \"HPET\" frequency 14318180 Hz quality 950\nEvent timer \"HPET\" frequency 14318180 Hz quality 450\nEvent timer \"HPET1\" frequency 14318180 Hz quality 440\nEvent timer \"HPET2\" frequency 14318180 Hz quality 440\nEvent timer \"HPET3\" frequency 14318180 Hz quality 440\natrtc0: \u003cAT realtime clock\u003e port 0x70-0x71 on acpi0\nEvent timer \"RTC\" frequency 32768 Hz quality 0\nTimecounter \"ACPI-safe\" frequency 3579545 Hz quality 850\nacpi_timer0: \u003c24-bit timer at 3.579545MHz\u003e port 0x908-0x90b on acpi0\npcib0: \u003cACPI Host-PCI bridge\u003e on acpi0\npci0: \u003cACPI PCI bus\u003e on pcib0\npcib1: \u003cACPI PCI-PCI bridge\u003e at device 1.0 on pci0\npci5: \u003cACPI PCI bus\u003e on pcib1\nciss0: \u003cHP Smart Array P410i\u003e port 0x4000-0x40ff mem\n0xfbe00000-0xfbffffff,0xfbdf0000-0xfbdf0fff irq 28 at device 0.0 on pci5\nciss0: PERFORMANT Transport\npcib2: \u003cACPI PCI-PCI bridge\u003e at device 2.0 on pci0\npci12: \u003cACPI PCI bus\u003e on pcib2\npcib3: \u003cACPI PCI-PCI bridge\u003e at device 3.0 on pci0\npci9: \u003cACPI PCI bus\u003e on pcib3\npcib4: \u003cACPI PCI-PCI bridge\u003e at device 4.0 on pci0\npci13: \u003cACPI PCI bus\u003e on pcib4\npcib5: \u003cACPI PCI-PCI bridge\u003e at device 5.0 on pci0\npci14: \u003cACPI PCI bus\u003e on pcib5\npcib6: \u003cACPI PCI-PCI bridge\u003e at device 6.0 on pci0\npci15: \u003cACPI PCI bus\u003e on pcib6\npcib7: \u003cACPI PCI-PCI bridge\u003e at device 7.0 on pci0\npci3: \u003cACPI PCI bus\u003e on pcib7\nbce0: \u003cHP NC382i DP Multifunction Gigabit Server Adapter (C0)\u003e mem\n0xf4000000-0xf5ffffff irq 30 at device 0.0 on pci3\nmiibus0: \u003cMII bus\u003e on bce0\nbrgphy0: \u003cBCM5709 10/100/1000baseT PHY\u003e PHY 1 on miibus0\nbrgphy0:  10baseT, 10baseT-FDX, 100baseTX, 100baseTX-FDX, 1000baseT,\n1000baseT-master, 1000baseT-FDX, 1000baseT-FDX-master, auto, auto-flow\nbce0: Ethernet address: ac:16:2d:b7:00:f4\nbce0: ASIC (0x57092003); Rev (C0); Bus (PCIe x4, 2.5Gbps); B/C (5.2.3);\nBufs (RX:2;TX:2;PG:8); Flags (SPLT|MSI|MFW); MFW (NCSI 2.0.12)\nCoal (RX:6,6,18,18; TX:20,20,80,80)\nbce1: \u003cHP NC382i DP Multifunction Gigabit Server Adapter (C0)\u003e mem\n0xf2000000-0xf3ffffff irq 37 at device 0.1 on pci3\nmiibus1: \u003cMII bus\u003e on bce1\nbrgphy1: \u003cBCM5709 10/100/1000baseT PHY\u003e PHY 1 on miibus1\nbrgphy1:  10baseT, 10baseT-FDX, 100baseTX, 100baseTX-FDX, 1000baseT,\n1000baseT-master, 1000baseT-FDX, 1000baseT-FDX-master, auto, auto-flow\nbce1: Ethernet address: ac:16:2d:b7:00:f6\nbce1: ASIC (0x57092003); Rev (C0); Bus (PCIe x4, 2.5Gbps); B/C (5.2.3);\nBufs (RX:2;TX:2;PG:8); Flags (SPLT|MSI|MFW); MFW (NCSI 2.0.12)\nCoal (RX:6,6,18,18; TX:20,20,80,80)\npcib8: \u003cACPI PCI-PCI bridge\u003e at device 8.0 on pci0\npci4: \u003cACPI PCI bus\u003e on pcib8\nbce2: \u003cHP NC382i DP Multifunction Gigabit Server Adapter (C0)\u003e mem\n0xf8000000-0xf9ffffff irq 31 at device 0.0 on pci4\nmiibus2: \u003cMII bus\u003e on bce2\nbrgphy2: \u003cBCM5709 10/100/1000baseT PHY\u003e PHY 1 on miibus2\nbrgphy2:  10baseT, 10baseT-FDX, 100baseTX, 100baseTX-FDX, 1000baseT,\n1000baseT-master, 1000baseT-FDX, 1000baseT-FDX-master, auto, auto-flow\nbce2: Ethernet address: ac:16:2d:b7:00:fc\nbce2: ASIC (0x57092003); Rev (C0); Bus (PCIe x4, 2.5Gbps); B/C (5.2.3);\nBufs (RX:2;TX:2;PG:8); Flags (SPLT|MSI|MFW); MFW (NCSI 2.0.12)\nCoal (RX:6,6,18,18; TX:20,20,80,80)\nbce3: \u003cHP NC382i DP Multifunction Gigabit Server Adapter (C0)\u003e mem\n0xf6000000-0xf7ffffff irq 39 at device 0.1 on pci4\nmiibus3: \u003cMII bus\u003e on bce3\nbrgphy3: \u003cBCM5709 10/100/1000baseT PHY\u003e PHY 1 on miibus3\nbrgphy3:  10baseT, 10baseT-FDX, 100baseTX, 100baseTX-FDX, 1000baseT,\n1000baseT-master, 1000baseT-FDX, 1000baseT-FDX-master, auto, auto-flow\nbce3: Ethernet address: ac:16:2d:b7:00:fe\nbce3: ASIC (0x57092003); Rev (C0); Bus (PCIe x4, 2.5Gbps); B/C (5.2.3);\nBufs (RX:2;TX:2;PG:8); Flags (SPLT|MSI|MFW); MFW (NCSI 2.0.12)\nCoal (RX:6,6,18,18; TX:20,20,80,80)\npcib9: \u003cACPI PCI-PCI bridge\u003e at device 9.0 on pci0\npci6: \u003cACPI PCI bus\u003e on pcib9\npcib10: \u003cACPI PCI-PCI bridge\u003e at device 10.0 on pci0\npci16: \u003cACPI PCI bus\u003e on pcib10\npci0: \u003cbase peripheral, interrupt controller\u003e at device 20.0 (no driver\nattached)\npci0: \u003cbase peripheral, interrupt controller\u003e at device 20.1 (no driver\nattached)\npci0: \u003cbase peripheral, interrupt controller\u003e at device 20.2 (no driver\nattached)\npcib11: \u003cACPI PCI-PCI bridge\u003e at device 28.0 on pci0\npci17: \u003cACPI PCI bus\u003e on pcib11\npcib12: \u003cACPI PCI-PCI bridge\u003e at device 28.4 on pci0\npci2: \u003cACPI PCI bus\u003e on pcib12\npci2: \u003cbase peripheral\u003e at device 0.0 (no driver attached)\npci2: \u003cbase peripheral\u003e at device 0.2 (no driver attached)\nuhci0: \u003cUHCI (generic) USB controller\u003e port 0x3c00-0x3c1f irq 17 at\ndevice 0.4 on pci2\nusbus0 on uhci0\nuhci1: \u003cIntel 82801JI (ICH10) USB controller USB-A\u003e port 0x1000-0x101f\nirq 20 at device 29.0 on pci0\nusbus1 on uhci1\nuhci2: \u003cIntel 82801JI (ICH10) USB controller USB-B\u003e port 0x1020-0x103f\nirq 23 at device 29.1 on pci0\nusbus2 on uhci2\nuhci3: \u003cIntel 82801JI (ICH10) USB controller USB-C\u003e port 0x1040-0x105f\nirq 22 at device 29.2 on pci0\nusbus3 on uhci3\nuhci4: \u003cIntel 82801JI (ICH10) USB controller USB-F\u003e port 0x1060-0x107f\nirq 23 at device 29.3 on pci0\nusbus4 on uhci4\nehci0: \u003cIntel 82801JI (ICH10) USB 2.0 controller USB-A\u003e mem\n0xf1bf0000-0xf1bf03ff irq 20 at device 29.7 on pci0\nusbus5: EHCI version 1.0\nusbus5 on ehci0\npcib13: \u003cACPI PCI-PCI bridge\u003e at device 30.0 on pci0\npci1: \u003cACPI PCI bus\u003e on pcib13\nvgapci0: \u003cVGA-compatible display\u003e port 0x2000-0x20ff mem\n0xe8000000-0xefffffff,0xf1cf0000-0xf1cfffff irq 23 at device 3.0 on pci1\nisab0: \u003cPCI-ISA bridge\u003e at device 31.0 on pci0\nisa0: \u003cISA bus\u003e on isab0\natapci0: \u003cIntel ICH10 SATA300 controller\u003e port\n0x1080-0x1087,0x1088-0x108b,0x1090-0x1097,0x1098-0x109b,0x10a0-0x10af,0x10b0-0x10bf\nirq 17 at device 31.2 on pci0\nata2: \u003cATA channel\u003e at channel 0 on atapci0\nata3: \u003cATA channel\u003e at channel 1 on atapci0\nacpi_tz0: \u003cThermal Zone\u003e on acpi0\natkbdc0: \u003cKeyboard controller (i8042)\u003e port 0x60,0x64 irq 1 on acpi0\natkbd0: \u003cAT Keyboard\u003e irq 1 on atkbdc0\nkbd0 at atkbd0\natkbd0: [GIANT-LOCKED]\nuart0: \u003cNon-standard ns8250 class UART with FIFOs\u003e port 0x3f8-0x3ff irq\n4 flags 0x10 on acpi0\nqpi0: \u003cQPI system bus\u003e on motherboard\norm0: \u003cISA Option ROM\u003e at iomem 0xc0000-0xcafff on isa0\nsc0: \u003cSystem console\u003e at flags 0x100 on isa0\nsc0: VGA \u003c16 virtual consoles, flags=0x300\u003e\nvga0: \u003cGeneric ISA VGA\u003e at port 0x3c0-0x3df iomem 0xa0000-0xbffff on isa0\nppc0: cannot reserve I/O port range\nuart1: \u003cNon-standard ns8250 class UART with FIFOs\u003e at port 0x2f8-0x2ff\nirq 3 on isa0\nest0: \u003cEnhanced SpeedStep Frequency Control\u003e on cpu0\nest: CPU supports Enhanced Speedstep, but is not recognized.\nest: cpu_vendor GenuineIntel, msr 16\ndevice_attach: est0 attach returned 6\np4tcc0: \u003cCPU Frequency Thermal Control\u003e on cpu0\nest1: \u003cEnhanced SpeedStep Frequency Control\u003e on cpu1\nest: CPU supports Enhanced Speedstep, but is not recognized.\nest: cpu_vendor GenuineIntel, msr 16\ndevice_attach: est1 attach returned 6\np4tcc1: \u003cCPU Frequency Thermal Control\u003e on cpu1\nest2: \u003cEnhanced SpeedStep Frequency Control\u003e on cpu2\nest: CPU supports Enhanced Speedstep, but is not recognized.\nest: cpu_vendor GenuineIntel, msr 16\ndevice_attach: est2 attach returned 6\np4tcc2: \u003cCPU Frequency Thermal Control\u003e on cpu2\nest3: \u003cEnhanced SpeedStep Frequency Control\u003e on cpu3\nest: CPU supports Enhanced Speedstep, but is not recognized.\nest: cpu_vendor GenuineIntel, msr 16\ndevice_attach: est3 attach returned 6\np4tcc3: \u003cCPU Frequency Thermal Control\u003e on cpu3\nest4: \u003cEnhanced SpeedStep Frequency Control\u003e on cpu4\nest: CPU supports Enhanced Speedstep, but is not recognized.\nest: cpu_vendor GenuineIntel, msr 16\ndevice_attach: est4 attach returned 6\np4tcc4: \u003cCPU Frequency Thermal Control\u003e on cpu4\nest5: \u003cEnhanced SpeedStep Frequency Control\u003e on cpu5\nest: CPU supports Enhanced Speedstep, but is not recognized.\nest: cpu_vendor GenuineIntel, msr 16\ndevice_attach: est5 attach returned 6\np4tcc5: \u003cCPU Frequency Thermal Control\u003e on cpu5\nest6: \u003cEnhanced SpeedStep Frequency Control\u003e on cpu6\nest: CPU supports Enhanced Speedstep, but is not recognized.\nest: cpu_vendor GenuineIntel, msr 16\ndevice_attach: est6 attach returned 6\np4tcc6: \u003cCPU Frequency Thermal Control\u003e on cpu6\nest7: \u003cEnhanced SpeedStep Frequency Control\u003e on cpu7\nest: CPU supports Enhanced Speedstep, but is not recognized.\nest: cpu_vendor GenuineIntel, msr 16\ndevice_attach: est7 attach returned 6\np4tcc7: \u003cCPU Frequency Thermal Control\u003e on cpu7\nest8: \u003cEnhanced SpeedStep Frequency Control\u003e on cpu8\nest: CPU supports Enhanced Speedstep, but is not recognized.\nest: cpu_vendor GenuineIntel, msr 16\ndevice_attach: est8 attach returned 6\np4tcc8: \u003cCPU Frequency Thermal Control\u003e on cpu8\nest9: \u003cEnhanced SpeedStep Frequency Control\u003e on cpu9\nest: CPU supports Enhanced Speedstep, but is not recognized.\nest: cpu_vendor GenuineIntel, msr 16\ndevice_attach: est9 attach returned 6\np4tcc9: \u003cCPU Frequency Thermal Control\u003e on cpu9\nest10: \u003cEnhanced SpeedStep Frequency Control\u003e on cpu10\nest: CPU supports Enhanced Speedstep, but is not recognized.\nest: cpu_vendor GenuineIntel, msr 16\ndevice_attach: est10 attach returned 6\np4tcc10: \u003cCPU Frequency Thermal Control\u003e on cpu10\nest11: \u003cEnhanced SpeedStep Frequency Control\u003e on cpu11\nest: CPU supports Enhanced Speedstep, but is not recognized.\nest: cpu_vendor GenuineIntel, msr 16\ndevice_attach: est11 attach returned 6\np4tcc11: \u003cCPU Frequency Thermal Control\u003e on cpu11\nest12: \u003cEnhanced SpeedStep Frequency Control\u003e on cpu12\nest: CPU supports Enhanced Speedstep, but is not recognized.\nest: cpu_vendor GenuineIntel, msr 16\ndevice_attach: est12 attach returned 6\np4tcc12: \u003cCPU Frequency Thermal Control\u003e on cpu12\nest13: \u003cEnhanced SpeedStep Frequency Control\u003e on cpu13\nest: CPU supports Enhanced Speedstep, but is not recognized.\nest: cpu_vendor GenuineIntel, msr 16\ndevice_attach: est13 attach returned 6\np4tcc13: \u003cCPU Frequency Thermal Control\u003e on cpu13\nest14: \u003cEnhanced SpeedStep Frequency Control\u003e on cpu14\nest: CPU supports Enhanced Speedstep, but is not recognized.\nest: cpu_vendor GenuineIntel, msr 16\ndevice_attach: est14 attach returned 6\np4tcc14: \u003cCPU Frequency Thermal Control\u003e on cpu14\nest15: \u003cEnhanced SpeedStep Frequency Control\u003e on cpu15\nest: CPU supports Enhanced Speedstep, but is not recognized.\nest: cpu_vendor GenuineIntel, msr 16\ndevice_attach: est15 attach returned 6\np4tcc15: \u003cCPU Frequency Thermal Control\u003e on cpu15\nest16: \u003cEnhanced SpeedStep Frequency Control\u003e on cpu16\nest: CPU supports Enhanced Speedstep, but is not recognized.\nest: cpu_vendor GenuineIntel, msr 16\ndevice_attach: est16 attach returned 6\np4tcc16: \u003cCPU Frequency Thermal Control\u003e on cpu16\nest17: \u003cEnhanced SpeedStep Frequency Control\u003e on cpu17\nest: CPU supports Enhanced Speedstep, but is not recognized.\nest: cpu_vendor GenuineIntel, msr 16\ndevice_attach: est17 attach returned 6\np4tcc17: \u003cCPU Frequency Thermal Control\u003e on cpu17\nest18: \u003cEnhanced SpeedStep Frequency Control\u003e on cpu18\nest: CPU supports Enhanced Speedstep, but is not recognized.\nest: cpu_vendor GenuineIntel, msr 16\ndevice_attach: est18 attach returned 6\np4tcc18: \u003cCPU Frequency Thermal Control\u003e on cpu18\nest19: \u003cEnhanced SpeedStep Frequency Control\u003e on cpu19\nest: CPU supports Enhanced Speedstep, but is not recognized.\nest: cpu_vendor GenuineIntel, msr 16\ndevice_attach: est19 attach returned 6\np4tcc19: \u003cCPU Frequency Thermal Control\u003e on cpu19\nest20: \u003cEnhanced SpeedStep Frequency Control\u003e on cpu20\nest: CPU supports Enhanced Speedstep, but is not recognized.\nest: cpu_vendor GenuineIntel, msr 16\ndevice_attach: est20 attach returned 6\np4tcc20: \u003cCPU Frequency Thermal Control\u003e on cpu20\nest21: \u003cEnhanced SpeedStep Frequency Control\u003e on cpu21\nest: CPU supports Enhanced Speedstep, but is not recognized.\nest: cpu_vendor GenuineIntel, msr 16\ndevice_attach: est21 attach returned 6\np4tcc21: \u003cCPU Frequency Thermal Control\u003e on cpu21\nest22: \u003cEnhanced SpeedStep Frequency Control\u003e on cpu22\nest: CPU supports Enhanced Speedstep, but is not recognized.\nest: cpu_vendor GenuineIntel, msr 16\ndevice_attach: est22 attach returned 6\np4tcc22: \u003cCPU Frequency Thermal Control\u003e on cpu22\nest23: \u003cEnhanced SpeedStep Frequency Control\u003e on cpu23\nest: CPU supports Enhanced Speedstep, but is not recognized.\nest: cpu_vendor GenuineIntel, msr 16\ndevice_attach: est23 attach returned 6\np4tcc23: \u003cCPU Frequency Thermal Control\u003e on cpu23\nZFS filesystem version 5\nZFS storage pool version 28\nTimecounters tick every 1.000 msec\nusbus0: 12Mbps Full Speed USB v1.0\nusbus1: 12Mbps Full Speed USB v1.0\nusbus2: 12Mbps Full Speed USB v1.0\nusbus3: 12Mbps Full Speed USB v1.0\nusbus4: 12Mbps Full Speed USB v1.0\nusbus5: 480Mbps High Speed USB v2.0\nugen0.1: \u003c0x103c\u003e at usbus0\nuhub0: \u003c0x103c UHCI root HUB, class 9/0, rev 1.00/1.00, addr 1\u003e on usbus0\nugen1.1: \u003cIntel\u003e at usbus1\nuhub1: \u003cIntel UHCI root HUB, class 9/0, rev 1.00/1.00, addr 1\u003e on usbus1\nugen2.1: \u003cIntel\u003e at usbus2\nuhub2: \u003cIntel UHCI root HUB, class 9/0, rev 1.00/1.00, addr 1\u003e on usbus2\nugen3.1: \u003cIntel\u003e at usbus3\nuhub3: \u003cIntel UHCI root HUB, class 9/0, rev 1.00/1.00, addr 1\u003e on usbus3\nugen4.1: \u003cIntel\u003e at usbus4\nuhub4: \u003cIntel UHCI root HUB, class 9/0, rev 1.00/1.00, addr 1\u003e on usbus4\nugen5.1: \u003cIntel\u003e at usbus5\nuhub5: \u003cIntel EHCI root HUB, class 9/0, rev 2.00/1.00, addr 1\u003e on usbus5\nuhub0: 2 ports with 2 removable, self powered\nuhub1: 2 ports with 2 removable, self powered\nuhub2: 2 ports with 2 removable, self powered\nuhub3: 2 ports with 2 removable, self powered\nuhub4: 2 ports with 2 removable, self powered\nugen0.2: \u003cHP\u003e at usbus0\nukbd0: \u003cVirtual Keyboard \u003e on usbus0\nkbd2 at ukbd0\nums0: \u003cVirtual Mouse\u003e on usbus0\n(probe0:ciss0:0:0:0): REPORT LUNS. CDB: a0 0 0 0 0 0 0 0 0 10 0 0\n(probe0:ciss0:0:0:0): CAM status: SCSI Status Error\n(probe0:ciss0:0:0:0): SCSI status: Check Condition\n(probe0:ciss0:0:0:0): SCSI sense: ILLEGAL REQUEST asc:20,0 (Invalid\ncommand operation code)\n(probe0:ciss0:0:0:0): Error 22, Unretryable error\nda0 at ciss0 bus 0 scbus0 target 0 lun 0\nda0: \u003cCOMPAQ RAID 1(1VOLUME OK\u003e Fixed Direct Access SCSI-5 device\nda0: 135.168MB/s transfers\nda0: Command Queueing enabled\nda0: 286070MB (585871964 512 byte sectors: 255H 32S/T 65535C)\nSMP: AP CPU #1 Launched!\ncd0 at ata2 bus 0 scbus2 target 0 lun 0\ncd0: \u003chp DVD A  DS8A8SH KHE4\u003e Removable CD-ROM SCSI-0 device\nSMP: AP CPU #12 Launched!\ncd0: 150.000MB/s transfers (SATA 1.x, UDMA5, ATAPI 12bytes, PIO 8192bytes)\ncd0: Attempt to query device size failed: NOT READY, Medium not present\n- tray closed\nSMP: AP CPU #11 Launched!\nSMP: AP CPU #19 Launched!\nSMP: AP CPU #10 Launched!\nSMP: AP CPU #22 Launched!\nSMP: AP CPU #8 Launched!\nSMP: AP CPU #16 Launched!\nSMP: AP CPU #9 Launched!\nSMP: AP CPU #23 Launched!\nSMP: AP CPU #21 Launched!\nSMP: AP CPU #3 Launched!\nSMP: AP CPU #14 Launched!\nSMP: AP CPU #6 Launched!\nSMP: AP CPU #17 Launched!\nSMP: AP CPU #7 Launched!\nSMP: AP CPU #20 Launched!\nSMP: AP CPU #5 Launched!\nSMP: AP CPU #13 Launched!\nSMP: AP CPU #2 Launched!\nSMP: AP CPU #18 Launched!\nSMP: AP CPU #4 Launched!\nSMP: AP CPU #15 Launched!\nTimecounter \"TSC-low\" frequency 10938126 Hz quality 1000\nuhub5: 8 ports with 8 removable, self powered\nTrying to mount root from ufs:/dev/da0p2 [rw]...\nbce0: link state changed to UP\nbce0: Gigabit link up!\nbce0: Gigabit link up!\nbce0: Gigabit link up!\nbce1: link state changed to UP\nbce1: Gigabit link up!\nbce1: Gigabit link up!\nbce1: Gigabit link up!"
}