{
 "id": 411983,
 "bug_id": 116765,
 "attachment_id": 0,
 "creation_time": "2007-09-30T15:40:00Z",
 "creator": "list@understudy.net",
 "text": "gtk20 fails to compile when being made through either portupgrade or a make install clean directly on the port.\n\ngtkcupsutils.c: In function `_post_send':\ngtkcupsutils.c:620: warning: long unsigned int format, different type arg (arg 3)\ngtkcupsutils.c:631: error: dereferencing pointer to incomplete type\ngtkcupsutils.c: In function `_get_send':\ngtkcupsutils.c:970: error: dereferencing pointer to incomplete type\ngmake[4]: *** [gtkcupsutils.lo] Error 1\ngmake[4]: Leaving directory `/usr/ports/x11-toolkits/gtk20/work/gtk+-2.10.14/modules/printbackends/cups'\ngmake[3]: *** [all-recursive] Error 1\ngmake[3]: Leaving directory `/usr/ports/x11-toolkits/gtk20/work/gtk+-2.10.14/modules/printbackends'\ngmake[2]: *** [all-recursive] Error 1\ngmake[2]: Leaving directory `/usr/ports/x11-toolkits/gtk20/work/gtk+-2.10.14/modules'\ngmake[1]: *** [all-recursive] Error 1\ngmake[1]: Leaving directory `/usr/ports/x11-toolkits/gtk20/work/gtk+-2.10.14'\ngmake: *** [all] Error 2\n*** Error code 2\n\n\nmake clean efforts result no change\nremoving gtk+-2.10.14.tar.bz2 and make fetch new file result no change\n\nGargoyle# dmesg\nCopyright (c) 1992-2007 The FreeBSD Project.\nCopyright (c) 1979, 1980, 1983, 1986, 1988, 1989, 1991, 1992, 1993, 1994\n        The Regents of the University of California. All rights reserved.\nFreeBSD is a registered trademark of The FreeBSD Foundation.\nFreeBSD 6.2-STABLE #7: Tue Aug 14 10:37:09 EDT 2007\n    root@Gargoyle.brendhanhorne.com:/usr/obj/usr/src/sys/BLACKHOLE\nWARNING: debug.mpsafenet forced to 0 as aio requires Giant\nWARNING: MPSAFE network stack disabled, expect reduced performance.\nTimecounter \"i8254\" frequency 1193182 Hz quality 0\nCPU: Intel(R) Pentium(R) M processor 1.70GHz (1698.57-MHz 686-class CPU)\n  Origin = \"GenuineIntel\"  Id = 0x6d6  Stepping = 6\n  Features=0xafe9f9bf\u003cFPU,VME,DE,PSE,TSC,MSR,MCE,CX8,SEP,MTRR,PGE,MCA,CMOV,PAT,CLFLUSH,DTS,ACPI,MMX,FXSR,SSE,SSE2,SS,TM,PBE\u003e\n  Features2=0x180\u003cEST,TM2\u003e\nreal memory  = 1609957376 (1535 MB)\navail memory = 1568481280 (1495 MB)\nkbd1 at kbdmux0\nkqemu version 0x00010300\nkqemu: KQEMU installed, max_locked_mem=781744kB.\nath_hal: 0.9.20.3 (AR5210, AR5211, AR5212, RF5111, RF5112, RF2413, RF5413)\nacpi0: \u003cIBM TP-1R\u003e on motherboard\nacpi_ec0: \u003cEmbedded Controller: GPE 0x1c, ECDT\u003e port 0x62,0x66 on acpi0\nacpi0: Power Button (fixed)\nTimecounter \"ACPI-fast\" frequency 3579545 Hz quality 1000\nacpi_timer0: \u003c24-bit timer at 3.579545MHz\u003e port 0x1008-0x100b on acpi0\ncpu0: \u003cACPI CPU\u003e on acpi0\nacpi_perf0: \u003cACPI CPU Frequency Control\u003e on cpu0\nacpi_throttle0: \u003cACPI CPU Throttling\u003e on cpu0\nacpi_lid0: \u003cControl Method Lid Switch\u003e on acpi0\nacpi_button0: \u003cSleep Button\u003e on acpi0\npcib0: \u003cACPI Host-PCI bridge\u003e port 0xcf8-0xcff on acpi0\npci0: \u003cACPI PCI bus\u003e on pcib0\nagp0: \u003cIntel 82855 host to AGP bridge\u003e mem 0xd0000000-0xdfffffff at device 0.0 on pci0\npcib1: \u003cACPI PCI-PCI bridge\u003e at device 1.0 on pci0\npci1: \u003cACPI PCI bus\u003e on pcib1\ndrm0: \u003cATI Radeon LW RV200 Mobility 7500 M7\u003e port 0x3000-0x30ff mem 0xe0000000-0xe7ffffff,0xc0100000-0xc010ffff irq 11 at device 0.0 on pci1\ninfo: [drm] AGP at 0xd0000000 256MB\ninfo: [drm] Initialized radeon 1.25.0 20060524\nuhci0: \u003cIntel 82801DB (ICH4) USB controller USB-A\u003e port 0x1800-0x181f irq 11 at device 29.0 on pci0\nuhci0: [GIANT-LOCKED]\nusb0: \u003cIntel 82801DB (ICH4) USB controller USB-A\u003e on uhci0\nusb0: USB revision 1.0\nuhub0: Intel UHCI root hub, class 9/0, rev 1.00/1.00, addr 1\nuhub0: 2 ports with 2 removable, self powered\nuhci1: \u003cIntel 82801DB (ICH4) USB controller USB-B\u003e port 0x1820-0x183f irq 11 at device 29.1 on pci0\nuhci1: [GIANT-LOCKED]\nusb1: \u003cIntel 82801DB (ICH4) USB controller USB-B\u003e on uhci1\nusb1: USB revision 1.0\nuhub1: Intel UHCI root hub, class 9/0, rev 1.00/1.00, addr 1\nuhub1: 2 ports with 2 removable, self powered\nuhci2: \u003cIntel 82801DB (ICH4) USB controller USB-C\u003e port 0x1840-0x185f irq 11 at device 29.2 on pci0\nuhci2: [GIANT-LOCKED]\nusb2: \u003cIntel 82801DB (ICH4) USB controller USB-C\u003e on uhci2\nusb2: USB revision 1.0\nuhub2: Intel UHCI root hub, class 9/0, rev 1.00/1.00, addr 1\nuhub2: 2 ports with 2 removable, self powered\nehci0: \u003cIntel 82801DB/L/M (ICH4) USB 2.0 controller\u003e mem 0xc0000000-0xc00003ff irq 11 at device 29.7 on pci0\nehci0: [GIANT-LOCKED]\nusb3: EHCI version 1.0\nusb3: companion controllers, 2 ports each: usb0 usb1 usb2\nusb3: \u003cIntel 82801DB/L/M (ICH4) USB 2.0 controller\u003e on ehci0\nusb3: USB revision 2.0\nuhub3: Intel EHCI root hub, class 9/0, rev 2.00/1.00, addr 1\nuhub3: 6 ports with 6 removable, self powered\npcib2: \u003cACPI PCI-PCI bridge\u003e at device 30.0 on pci0\npci2: \u003cACPI PCI bus\u003e on pcib2\ncbb0: \u003cPCI-CardBus Bridge\u003e mem 0xb0000000-0xb0000fff irq 11 at device 0.0 on pci2\ncardbus0: \u003cCardBus bus\u003e on cbb0\npccard0: \u003c16-bit PCCard bus\u003e on cbb0\ncbb1: \u003cPCI-CardBus Bridge\u003e mem 0xb1000000-0xb1000fff irq 11 at device 0.1 on pci2\ncardbus1: \u003cCardBus bus\u003e on cbb1\npccard1: \u003c16-bit PCCard bus\u003e on cbb1\nem0: \u003cIntel(R) PRO/1000 Network Connection Version - 6.2.9\u003e port 0x8000-0x803f mem 0xc0220000-0xc023ffff,0xc0200000-0xc020ffff irq 11 at device 1.0 on pci2\nem0: Ethernet address: 00:11:25:2e:d7:ff\nem0: [GIANT-LOCKED]\niwi0: \u003cIntel(R) PRO/Wireless 2200BG\u003e mem 0xc0214000-0xc0214fff irq 11 at device 2.0 on pci2\niwi0: Ethernet address: 00:0e:35:75:38:77\niwi0: [GIANT-LOCKED]\nisab0: \u003cPCI-ISA bridge\u003e at device 31.0 on pci0\nisa0: \u003cISA bus\u003e on isab0\natapci0: \u003cIntel ICH4 UDMA100 controller\u003e port 0x1f0-0x1f7,0x3f6,0x170-0x177,0x376,0x1860-0x186f at device 31.1 on pci0\nata0: \u003cATA channel 0\u003e on atapci0\nata1: \u003cATA channel 1\u003e on atapci0\npci0: \u003cserial bus, SMBus\u003e at device 31.3 (no driver attached)\npcm0: \u003cIntel ICH4 (82801DB)\u003e port 0x1c00-0x1cff,0x18c0-0x18ff mem 0xc0000c00-0xc0000dff,0xc0000800-0xc00008ff irq 11 at device 31.5 on pci0\npcm0: \u003cAnalog Devices AD1981B AC97 Codec\u003e\npci0: \u003csimple comms, generic modem\u003e at device 31.6 (no driver attached)\nacpi_tz0: \u003cThermal Zone\u003e on acpi0\natkbdc0: \u003cKeyboard controller (i8042)\u003e port 0x60,0x64 irq 1 on acpi0\natkbd0: \u003cAT Keyboard\u003e irq 1 on atkbdc0\nkbd0 at atkbd0\natkbd0: [GIANT-LOCKED]\npsm0: \u003cPS/2 Mouse\u003e irq 12 on atkbdc0\npsm0: [GIANT-LOCKED]\npsm0: model Generic PS/2 mouse, device ID 0\nfdc0: \u003cfloppy drive controller (FDE)\u003e port 0x3f0-0x3f5,0x3f7 irq 6 drq 2 on acpi0\nfdc0: [FAST]\nsio0: configured irq 4 not in bitmap of probed irqs 0\nsio0: port may not be enabled\nsio0: \u003c16550A-compatible COM port\u003e port 0x3f8-0x3ff irq 4 flags 0x10 on acpi0\nsio0: type 8250 or not responding\nppc0: \u003cStandard parallel printer port\u003e port 0x3bc-0x3be irq 7 on acpi0\nppc0: Generic chipset (NIBBLE-only) in COMPATIBLE mode\nppbus0: \u003cParallel port bus\u003e on ppc0\nplip0: \u003cPLIP network interface\u003e on ppbus0\nlpt0: \u003cPrinter\u003e on ppbus0\nlpt0: Interrupt-driven port\nppi0: \u003cParallel I/O\u003e on ppbus0\nsio1: configured irq 3 not in bitmap of probed irqs 0\nsio1: port may not be enabled\nbattery0: \u003cACPI Control Method Battery\u003e on acpi0\nacpi_acad0: \u003cAC Adapter\u003e on acpi0\nsio1: configured irq 3 not in bitmap of probed irqs 0\nsio1: port may not be enabled\npmtimer0 on isa0\norm0: \u003cISA Option ROMs\u003e at iomem 0xc0000-0xcffff,0xd0000-0xd0fff,0xd1000-0xd1fff,0xdc000-0xdffff,0xe0000-0xeffff on isa0\nsc0: \u003cSystem console\u003e at flags 0x100 on isa0\nsc0: VGA \u003c16 virtual consoles, flags=0x300\u003e\nsio1: configured irq 3 not in bitmap of probed irqs 0\nsio1: port may not be enabled\nvga0: \u003cGeneric ISA VGA\u003e at port 0x3c0-0x3df iomem 0xa0000-0xbffff on isa0\nTimecounter \"TSC\" frequency 1698567592 Hz quality 800\nTimecounters tick every 1.000 msec\nad0: 114473MB \u003cWDC WD1200UE-00KVT0 01.03K01\u003e at ata0-master UDMA100\nacd0: CDRW \u003cHL-DT-STCD-RW/DVD DRIVE GCC-4242N/0201\u003e at ata1-master UDMA33\nTrying to mount root from ufs:/dev/ad0s1a\n\nHow-To-Repeat: portupgrade gtk20\nor\ncd /usr/ports/x11-toolkits/gtk20 \u0026\u0026 make clean \u0026\u0026 make install clean \u0026\u0026 rehash"
}