{
 "id": 397455,
 "bug_id": 113672,
 "attachment_id": 0,
 "creation_time": "2007-06-14T09:30:00Z",
 "creator": "tmueko@kommunity.net",
 "text": "Kenel Panic with AEWIN CB6971\nhttp://www.aewin.com.tw/htm/cb_6971.htm\n\n\nCopyright (c) 1992-2006 The FreeBSD Project.\nCopyright (c) 1979, 1980, 1983, 1986, 1988, 1989, 1991, 1992, 1993, 1994\n        The Regents of the University of California. All rights reserved.\nFreeBSD 6.1-RELEASE-p10 #0: Sun Oct 29 01:44:26 UTC 2006\n    sullrich@builder.livebsd.com:/usr/obj.pfSense/usr/src/sys/pfSense_wrap.6\nTimecounter \"i8254\" frequency 1193182 Hz quality 0\nCPU: Geode(TM) Integrated Processor by AMD PCS (499.90-MHz 586-class CPU)\n  Origin = \"AuthenticAMD\"  Id = 0x5a2  Stepping = 2\n  Features=0x88a93d\u003cFPU,DE,PSE,TSC,MSR,CX8,SEP,PGE,CMOV,CLFLUSH,MMX\u003e\n  AMD Features=0xc0400000\u003cMMX+,3DNow+,3DNow\u003e\nreal memory  = 528154624 (503 MB)\navail memory = 507568128 (484 MB)\nwlan: mac acl policy registered\nK6-family MTRR support enabled (2 registers)\nath_hal: 0.9.16.16 (AR5210, AR5211, AR5212, RF5111, RF5112, RF2413, RF5413)\ncpu0 on motherboard\npcib0: \u003cHost to PCI bridge\u003e pcibus 0 on motherboard\npci0: \u003cPCI bus\u003e on pcib0\npci0: \u003cdisplay, VGA\u003e at device 1.1 (no driver attached)\npci0: \u003cencrypt/decrypt\u003e at device 1.2 (no driver attached)\nre0: \u003cRealTek 8139C+ 10/100BaseTX\u003e port 0xf600-0xf6ff mem 0xeffff000-0xeffff0ff irq 10 at device 9.0 on pci0\nmiibus0: \u003cMII bus\u003e on re0\nrlphy0: \u003cRealTek internal media interface\u003e on miibus0\nrlphy0:  10baseT, 10baseT-FDX, 100baseTX, 100baseTX-FDX, auto\nre0: Ethernet address: 00:0d:48:38:01:81\nre1: \u003cRealTek 8139C+ 10/100BaseTX\u003e port 0xfc00-0xfcff mem 0xefffe000-0xefffe0ff irq 11 at device 10.0 on pci0\nmiibus1: \u003cMII bus\u003e on re1\nrlphy1: \u003cRealTek internal media interface\u003e on miibus1\nrlphy1:  10baseT, 10baseT-FDX, 100baseTX, 100baseTX-FDX, auto\nre1: Ethernet address: 00:0d:48:38:01:82\nre1: diagnostic failed, failed to receive packet in loopback mode\nre1: attach aborted due to hardware diag failure\nkernel trap 12 with interrupts disabled\n\n\nFatal trap 12: page fault while in kernel mode\nfault virtual address   = 0x74\nfault code              = supervisor read, page not present\ninstruction pointer     = 0x20:0xc0631621\nstack pointer           = 0x28:0xc0c20aec\nframe pointer           = 0x28:0xc0c20af0\ncode segment            = base 0x0, limit 0xfffff, type 0x1b\n                        = DPL 0, pres 1, def32 1, gran 1\nprocessor eflags        = resume, IOPL = 0\ncurrent process         = 0 (swapper)\ntrap number             = 12\npanic: page fault\nUptime: 1s\nAutomatic reboot in 15 seconds - press a key on the console to abort\n--\u003e Press a key on the console to reboot,\n--\u003e or switch off the system now.\n\nFix: \n\nDisable ehci in Kernel config\n\"device ehci\"\n\nThis is dmesg with working Kernel:\n\nCopyright (c) 1992-2007 The FreeBSD Project.\nCopyright (c) 1979, 1980, 1983, 1986, 1988, 1989, 1991, 1992, 1993, 1994\n        The Regents of the University of California. All rights reserved.\nFreeBSD is a registered trademark of The FreeBSD Foundation.\nFreeBSD 6.2-RELEASE-p4 #7: Wed Jun 13 17:45:16 CEST 2007\nTimecounter \"i8254\" frequency 1193182 Hz quality 0\nCPU: Geode(TM) Integrated Processor by AMD PCS (499.91-MHz 586-class CPU)\n  Origin = \"AuthenticAMD\"  Id = 0x5a2  Stepping = 2\n  Features=0x88a93d\u003cFPU,DE,PSE,TSC,MSR,CX8,SEP,PGE,CMOV,CLFLUSH,MMX\u003e\n  AMD Features=0xc0400000\u003cMMX+,3DNow+,3DNow\u003e\nreal memory  = 528154624 (503 MB)\navail memory = 507404288 (483 MB)\nkbd1 at kbdmux0\nK6-family MTRR support enabled (2 registers)\nath_hal: 0.9.17.2 (AR5210, AR5211, AR5212, RF5111, RF5112, RF2413, RF5413)\ncpu0 on motherboard\npcib0: \u003cHost to PCI bridge\u003e pcibus 0 on motherboard\npci0: \u003cPCI bus\u003e on pcib0\npci0: \u003cdisplay, VGA\u003e at device 1.1 (no driver attached)\npci0: \u003cencrypt/decrypt, entertainment crypto\u003e at device 1.2 (no driver attached)\nre0: \u003cRealTek 8139C+ 10/100BaseTX\u003e port 0xf600-0xf6ff mem 0xeffff000-0xeffff0ff irq 10 at device 9.0 on pci0\nmiibus0: \u003cMII bus\u003e on re0\nrlphy0: \u003cRealTek internal media interface\u003e on miibus0\nrlphy0:  10baseT, 10baseT-FDX, 100baseTX, 100baseTX-FDX, auto\nre0: Ethernet address: 00:0d:48:38:01:81\nre0: [FAST]\nre1: \u003cRealTek 8139C+ 10/100BaseTX\u003e port 0xfc00-0xfcff mem 0xefffe000-0xefffe0ff irq 11 at device 10.0 on pci0\nmiibus1: \u003cMII bus\u003e on re1\nrlphy1: \u003cRealTek internal media interface\u003e on miibus1\nrlphy1:  10baseT, 10baseT-FDX, 100baseTX, 100baseTX-FDX, auto\nre1: Ethernet address: 00:0d:48:38:01:82\nre1: [FAST]\nre2: \u003cRealTek 8139C+ 10/100BaseTX\u003e port 0xfa00-0xfaff mem 0xefffd000-0xefffd0ff irq 7 at device 11.0 on pci0\nmiibus2: \u003cMII bus\u003e on re2\nrlphy2: \u003cRealTek internal media interface\u003e on miibus2\nrlphy2:  10baseT, 10baseT-FDX, 100baseTX, 100baseTX-FDX, auto\nre2: Ethernet address: 00:0d:48:38:01:83\nre2: [FAST]\nre3: \u003cRealTek 8139C+ 10/100BaseTX\u003e port 0xf800-0xf8ff mem 0xefffc000-0xefffc0ff irq 5 at device 12.0 on pci0\nmiibus3: \u003cMII bus\u003e on re3\nrlphy3: \u003cRealTek internal media interface\u003e on miibus3\nrlphy3:  10baseT, 10baseT-FDX, 100baseTX, 100baseTX-FDX, auto\nre3: Ethernet address: 00:0d:48:38:01:84\nre3: [FAST]\nisab0: \u003cPCI-ISA bridge\u003e port 0x6000-0x6007,0x6100-0x61ff,0x6200-0x623f,0x9d00-0x9d7f,0x9c00-0x9c3f at device 15.0 on pci0\nisa0: \u003cISA bus\u003e on isab0\natapci0: \u003cGENERIC ATA controller\u003e port 0x1f0-0x1f7,0x3f6,0x170-0x177,0x376,0xff00-0xff0f at device 15.2 on pci0\nata0: \u003cATA channel 0\u003e on atapci0\nata1: \u003cATA channel 1\u003e on atapci0\nohci0: \u003cOHCI (generic) USB controller\u003e mem 0xefffb000-0xefffbfff irq 10 at device 15.4 on pci0\nohci0: [GIANT-LOCKED]\nusb0: OHCI version 1.0, legacy support\nusb0: SMM does not respond, resetting\nusb0: \u003cOHCI (generic) USB controller\u003e on ohci0\nusb0: USB revision 1.0\nuhub0: AMD OHCI root hub, class 9/0, rev 1.00/1.00, addr 1\nuhub0: 4 ports with 4 removable, self powered\npci0: \u003cserial bus, USB\u003e at device 15.5 (no driver attached)\npmtimer0 on isa0\norm0: \u003cISA Option ROMs\u003e at iomem 0xc0000-0xc7fff,0xef000-0xeffff on isa0\nfdc0: \u003cEnhanced floppy controller\u003e at port 0x3f0-0x3f5,0x3f7 irq 6 drq 2 on isa0\nfdc0: [FAST]\nppc0: parallel port not found.\nsc0: \u003cSystem console\u003e at flags 0x100 on isa0\nsc0: VGA \u003c16 virtual consoles, flags=0x300\u003e\nsio0 at port 0x3f8-0x3ff irq 4 flags 0x30 on isa0\nsio0: type 16550A, console\nsio1 at port 0x2f8-0x2ff irq 3 on isa0\nsio1: type 16550A\nvga0: \u003cGeneric ISA VGA\u003e at port 0x3c0-0x3df iomem 0xa0000-0xbffff on isa0\natkbdc1: \u003cKeyboard controller (i8042)\u003e at port 0x60,0x64 irq 1 on isa0\ndevice_attach: atkbdc1 attach returned 12\nunknown: \u003cPNP0c01\u003e can't assign resources (memory)\nunknown: \u003cPNP0c02\u003e can't assign resources (memory)\nunknown: \u003cPNP0501\u003e can't assign resources (port)\nunknown: \u003cPNP0700\u003e can't assign resources (port)\nunknown: \u003cPNP0501\u003e can't assign resources (port)\nTimecounter \"TSC\" frequency 499905595 Hz quality 800\nTimecounters tick every 10.000 msec\nFast IPsec: Initialized Security Association Processing.\nad0: 488MB \u003cSanDisk SDCFB-512 Rev 0.00\u003e at ata0-master PIO4\nHow-To-Repeat: Install GENERIC FreeBSD-Kernel"
}