{
 "id": 520300,
 "bug_id": 138938,
 "attachment_id": 0,
 "creation_time": "2009-09-18T16:50:03Z",
 "creator": "aplsms@gmail.com",
 "text": "Synaptics support doesn't work on FreeBSD. But works fine with linux\nand windows on the same hardware.\n\n#cat /boot/loader.conf\nopensolaris_load=\"YES\"\nzfs_load=\"YES\"\nvfs.root.mountfrom=\"zfs:zroot\"\nsem_load=\"YES\"\nsound_load=\"YES\"\nsnd_ich_load=\"YES\"\nsnd_hda_load=\"YES\"\nhw.psm.synaptics_support=1\n\n\n#sysctl hw.psm\nhw.psm.tap_timeout: 125000\nhw.psm.tap_threshold: 25\n\n\nCopyright (c) 1992-2009 The FreeBSD Project.\nCopyright (c) 1979, 1980, 1983, 1986, 1988, 1989, 1991, 1992, 1993, 1994\n\tThe Regents of the University of California. All rights reserved.\nFreeBSD is a registered trademark of The FreeBSD Foundation.\nFreeBSD 8.0-BETA4 #4: Wed Sep 16 22:44:11 PDT 2009\n    root@f8l.apl:/usr/obj/usr/src/sys/LAPTOP\nPreloaded elf kernel \"/boot/kernel/kernel\" at 0xc0d9b000.\nPreloaded elf module \"/boot/kernel/zfs.ko\" at 0xc0d9b14c.\nPreloaded elf module \"/boot/kernel/opensolaris.ko\" at 0xc0d9b1f4.\nPreloaded elf module \"/boot/kernel/sound.ko\" at 0xc0d9b2a4.\nPreloaded elf module \"/boot/kernel/snd_hda.ko\" at 0xc0d9b350.\nPreloaded elf module \"/boot/kernel/snd_ich.ko\" at 0xc0d9b3fc.\nPreloaded /boot/zfs/zpool.cache \"/boot/zfs/zpool.cache\" at 0xc0d9b4a8.\nTimecounter \"i8254\" frequency 1193182 Hz quality 0\nCalibrating TSC clock ... TSC clock: 1798484335 Hz\nCPU: Intel(R) Pentium(R) M processor 1.80GHz (1798.48-MHz 686-class CPU)\n  Origin = \"GenuineIntel\"  Id = 0x6d6  Stepping = 6\n  Features=0xafe9f9bf\u003cFPU,VME,DE,PSE,TSC,MSR,MCE,CX8,SEP,MTRR,PGE,MCA,CMOV,PAT,CLFLUSH,DTS,ACPI,MMX,FXSR,SSE,SSE2,SS,TM,PBE\u003e\n  Features2=0x180\u003cEST,TM2\u003e\n\nInstruction TLB: 4 KB Pages, 4-way set associative, 128 entries\nData TLB: 4 KB Pages, 4-way set associative, 128 entries\nInstruction TLB: 4 MB pages, fully associative, 2 entries\n2nd-level cache: 2-MB, 8-way set associative, 64-byte line size\n1st-level instruction cache: 32 KB, 8-way set associative, 64 byte line size\nData TLB: 4 MB Pages, 4-way set associative, 8 entries\n1st-level data cache: 32 KB, 8-way set associative, 64 byte line size\nreal memory  = 2147483648 (2048 MB)\nPhysical memory chunk(s):\n0x0000000000001000 - 0x000000000009dfff, 643072 bytes (157 pages)\n0x0000000000100000 - 0x00000000003fffff, 3145728 bytes (768 pages)\n0x0000000001026000 - 0x000000007db59fff, 2092122112 bytes (510772 pages)\navail memory = 2090872832 (1994 MB)\nbios32: Found BIOS32 Service Directory header at 0xc00ffe80\nbios32: Entry = 0xffe90 (c00ffe90)  Rev = 0  Len = 1\npcibios: PCI BIOS entry at 0xf0000+0xc96e\npnpbios: Found PnP BIOS data at 0xc00fe2d0\npnpbios: Entry = f0000:e2f4  Rev = 1.0\npnpbios: Event flag at 4b4\nOther BIOS signatures found:\nULE: setup cpu 0\nsnd_unit_init() u=0x00ff8000 [512] d=0x00007c00 [32] c=0x000003ff [1024]\nfeeder_register: snd_unit=-1 snd_maxautovchans=16 latency=5 feeder_rate_min=1 feeder_rate_max=2016000 feeder_rate_round=25\nwlan: \u003c802.11 Link Layer\u003e\nrandom: \u003centropy source, Software, Yarrow\u003e\nnfslock: pseudo-device\nio: \u003cI/O\u003e\nkbd: new array size 4\nkbd1 at kbdmux0\nVESA: information block\n56 45 53 41 00 02 00 01 00 01 01 00 00 00 22 00 \n00 01 ff 01 00 01 19 01 00 01 2f 01 00 01 34 01 \n00 01 82 01 0d 01 0e 01 0f 01 20 01 92 01 93 01 \n94 01 95 01 96 01 a2 01 a3 01 a4 01 a5 01 a6 01 \nVESA: 60 mode(s) found\nVESA: v2.0, 32704k memory, flags:0x1, mode table:0xc0ad63c2 (1000022)\nVESA: ATI MOBILITY RADEON 9000\nVESA: ATI Technologies Inc. M9   01.00\nmem: \u003cmemory\u003e\nPentium Pro MTRR support enabled\nnull: \u003cnull device, zero device\u003e\nACPI: RSDP 0xfdf00 00014 (v0 DELL  )\nACPI: RSDT 0x7fff0000 0002C (v1 DELL    CPi R   27D5061D ASL  00000061)\nACPI: FACP 0x7fff0400 00074 (v1 DELL    CPi R   27D5061D ASL  00000061)\nACPI: DSDT 0x7fff0c00 02E1A (v1 INT430 SYSFexxx 00001001 MSFT 0100000E)\nACPI: FACS 0x7ffff800 00040\nACPI: ASF! 0x7fff0800 0005B (v16 DELL    CPi R   27D5061D ASL  00000061)\nnpx0: INT 16 interface\nacpi0: \u003cDELL CPi R  \u003e on motherboard\nacpi0: [MPSAFE]\nacpi0: [ITHREAD]\nacpi0: wakeup code va 0xc50c0000 pa 0x1000\natpic: Programming IRQ9 as level/low\npci_open(1):\tmode 1 addr port (0x0cf8) is 0x80010014\npci_open(1a):\tmode1res=0x80000000 (0x80000000)\npci_cfgcheck:\tdevice 0 [class=060000] [hdr=00] is there (id=33408086)\npcibios: BIOS version 2.10\nacpi_bus_number: root bus has no _BBN, assuming 0\nAcpiOsDerivePciId: \\\\_SB_.PCI0.ISAB.PIR1 -\u003e bus 0 dev 31 func 0\nacpi_bus_number: root bus has no _BBN, assuming 0\nAcpiOsDerivePciId: \\\\_SB_.PCI0.ISAB.PIR2 -\u003e bus 0 dev 31 func 0\nacpi0: reservation of 0, 9fc00 (3) failed\nacpi0: reservation of 100000, 7fef0000 (3) failed\nACPI timer: 1/1 1/0 1/0 1/0 1/0 1/0 1/0 1/0 1/0 1/0 -\u003e 10\nTimecounter \"ACPI-fast\" frequency 3579545 Hz quality 1000\nacpi_timer0: \u003c24-bit timer at 3.579545MHz\u003e port 0x808-0x80b on acpi0\npci_link0:        Index  IRQ  Rtd  Ref  IRQs\n  Initial Probe       0   11   N     0  9 10 11\n  Validation          0   11   N     0  9 10 11\n  After Disable       0  255   N     0  9 10 11\npci_link1:        Index  IRQ  Rtd  Ref  IRQs\n  Initial Probe       0   11   N     0  5 7\n  Validation          0  255   N     0  5 7\n  After Disable       0  255   N     0  5 7\npci_link2:        Index  IRQ  Rtd  Ref  IRQs\n  Initial Probe       0   11   N     0  9 10 11\n  Validation          0   11   N     0  9 10 11\n  After Disable       0  255   N     0  9 10 11\npci_link3:        Index  IRQ  Rtd  Ref  IRQs\n  Initial Probe       0   11   N     0  5 7 9 10 11\n  Validation          0   11   N     0  5 7 9 10 11\n  After Disable       0  255   N     0  5 7 9 10 11\npci_link4:        Index  IRQ  Rtd  Ref  IRQs\n  Initial Probe       0  255   N     0  3 4 5 6 7 9 10 11 12 14 15\n  Validation          0  255   N     0  3 4 5 6 7 9 10 11 12 14 15\n  After Disable       0  255   N     0  3 4 5 6 7 9 10 11 12 14 15\npci_link5:        Index  IRQ  Rtd  Ref  IRQs\n  Initial Probe       0   11   N     0  3 4 5 6 7 9 10 11 12 14 15\n  Validation          0   11   N     0  3 4 5 6 7 9 10 11 12 14 15\n  After Disable       0  255   N     0  3 4 5 6 7 9 10 11 12 14 15\nacpi_acad0: \u003cAC Adapter\u003e on acpi0\nbattery0: \u003cACPI Control Method Battery\u003e on acpi0\nbattery1: \u003cACPI Control Method Battery\u003e on acpi0\nacpi_lid0: \u003cControl Method Lid Switch\u003e on acpi0\nacpi_button0: \u003cPower Button\u003e on acpi0\nacpi_button1: \u003cSleep Button\u003e on acpi0\npcib0: \u003cACPI Host-PCI bridge\u003e port 0xcf8-0xcff on acpi0\nACPI: Found matching pin for 0.31.INTA at func 1: 255\nACPI: Found matching pin for 0.31.INTB at func 5: 11\npci_link1: BIOS IRQ 11 for 0.31.INTB is invalid\nACPI: Found matching pin for 0.29.INTA at func 0: 11\nACPI: Found matching pin for 0.29.INTB at func 1: 11\nACPI: Found matching pin for 0.29.INTC at func 2: 11\nACPI: Found matching pin for 0.29.INTD at func 7: 11\npci0: \u003cACPI PCI bus\u003e on pcib0\npci0: domain=0, physical bus=0\nfound-\u003e\tvendor=0x8086, dev=0x3340, revid=0x03\n\tdomain=0, bus=0, slot=0, func=0\n\tclass=06-00-00, hdrtype=0x00, mfdev=0\n\tcmdreg=0x0106, statreg=0x2090, cachelnsz=0 (dwords)\n\tlattimer=0x00 (0 ns), mingnt=0x00 (0 ns), maxlat=0x00 (0 ns)\n\tmap[10]: type Prefetchable Memory, range 32, base 0xe0000000, size 27, enabled\nfound-\u003e\tvendor=0x8086, dev=0x3341, revid=0x03\n\tdomain=0, bus=0, slot=1, func=0\n\tclass=06-04-00, hdrtype=0x01, mfdev=0\n\tcmdreg=0x0107, statreg=0x00a0, cachelnsz=0 (dwords)\n\tlattimer=0x20 (960 ns), mingnt=0x0c (3000 ns), maxlat=0x00 (0 ns)\nfound-\u003e\tvendor=0x8086, dev=0x24c2, revid=0x01\n\tdomain=0, bus=0, slot=29, func=0\n\tclass=0c-03-00, hdrtype=0x00, mfdev=1\n\tcmdreg=0x0005, statreg=0x0280, cachelnsz=0 (dwords)\n\tlattimer=0x00 (0 ns), mingnt=0x00 (0 ns), maxlat=0x00 (0 ns)\n\tintpin=a, irq=11\n\tmap[20]: type I/O Port, range 32, base 0xbf80, size  5, enabled\npcib0: matched entry for 0.29.INTA (src \\\\_SB_.PCI0.LNKA:0)\npcib0: slot 29 INTA routed to irq 11 via \\\\_SB_.PCI0.LNKA\nfound-\u003e\tvendor=0x8086, dev=0x24c4, revid=0x01\n\tdomain=0, bus=0, slot=29, func=1\n\tclass=0c-03-00, hdrtype=0x00, mfdev=0\n\tcmdreg=0x0005, statreg=0x0280, cachelnsz=0 (dwords)\n\tlattimer=0x00 (0 ns), mingnt=0x00 (0 ns), maxlat=0x00 (0 ns)\n\tintpin=b, irq=11\n\tmap[20]: type I/O Port, range 32, base 0xbf40, size  5, enabled\npcib0: matched entry for 0.29.INTB (src \\\\_SB_.PCI0.LNKD:0)\npcib0: slot 29 INTB routed to irq 11 via \\\\_SB_.PCI0.LNKD\nfound-\u003e\tvendor=0x8086, dev=0x24c7, revid=0x01\n\tdomain=0, bus=0, slot=29, func=2\n\tclass=0c-03-00, hdrtype=0x00, mfdev=0\n\tcmdreg=0x0005, statreg=0x0280, cachelnsz=0 (dwords)\n\tlattimer=0x00 (0 ns), mingnt=0x00 (0 ns), maxlat=0x00 (0 ns)\n\tintpin=c, irq=11\n\tmap[20]: type I/O Port, range 32, base 0xbf20, size  5, enabled\npcib0: matched entry for 0.29.INTC (src \\\\_SB_.PCI0.LNKC:0)\npcib0: slot 29 INTC routed to irq 11 via \\\\_SB_.PCI0.LNKC\nfound-\u003e\tvendor=0x8086, dev=0x24cd, revid=0x01\n\tdomain=0, bus=0, slot=29, func=7\n\tclass=0c-03-20, hdrtype=0x00, mfdev=0\n\tcmdreg=0x0106, statreg=0x0290, cachelnsz=0 (dwords)\n\tlattimer=0x00 (0 ns), mingnt=0x00 (0 ns), maxlat=0x00 (0 ns)\n\tintpin=d, irq=11\n\tpowerspec 2  supports D0 D3  current D0\n\tmap[10]: type Memory, range 32, base 0xf4fffc00, size 10, enabled\npcib0: matched entry for 0.29.INTD (src \\\\_SB_.PCI0.LNKH:0)\npcib0: slot 29 INTD routed to irq 11 via \\\\_SB_.PCI0.LNKH\nfound-\u003e\tvendor=0x8086, dev=0x2448, revid=0x81\n\tdomain=0, bus=0, slot=30, func=0\n\tclass=06-04-00, hdrtype=0x01, mfdev=0\n\tcmdreg=0x0107, statreg=0x8080, cachelnsz=0 (dwords)\n\tlattimer=0x00 (0 ns), mingnt=0x04 (1000 ns), maxlat=0x00 (0 ns)\nfound-\u003e\tvendor=0x8086, dev=0x24cc, revid=0x01\n\tdomain=0, bus=0, slot=31, func=0\n\tclass=06-01-00, hdrtype=0x00, mfdev=1\n\tcmdreg=0x010f, statreg=0x0280, cachelnsz=0 (dwords)\n\tlattimer=0x00 (0 ns), mingnt=0x00 (0 ns), maxlat=0x00 (0 ns)\nfound-\u003e\tvendor=0x8086, dev=0x24ca, revid=0x01\n\tdomain=0, bus=0, slot=31, func=1\n\tclass=01-01-8a, hdrtype=0x00, mfdev=0\n\tcmdreg=0x0005, statreg=0x0280, cachelnsz=0 (dwords)\n\tlattimer=0x00 (0 ns), mingnt=0x00 (0 ns), maxlat=0x00 (0 ns)\n\tintpin=a, irq=255\n\tmap[20]: type I/O Port, range 32, base 0xbfa0, size  4, enabled\n\tmap[24]: type Memory, range 32, base 0, size 10, memory disabled\nfound-\u003e\tvendor=0x8086, dev=0x24c5, revid=0x01\n\tdomain=0, bus=0, slot=31, func=5\n\tclass=04-01-00, hdrtype=0x00, mfdev=0\n\tcmdreg=0x0007, statreg=0x0290, cachelnsz=0 (dwords)\n\tlattimer=0x00 (0 ns), mingnt=0x00 (0 ns), maxlat=0x00 (0 ns)\n\tintpin=b, irq=11\n\tpowerspec 2  supports D0 D3  current D0\n\tmap[10]: type I/O Port, range 32, base 0xb800, size  8, enabled\n\tmap[14]: type I/O Port, range 32, base 0xbc40, size  6, enabled\n\tmap[18]: type Memory, range 32, base 0xf4fff800, size  9, enabled\n\tmap[1c]: type Memory, range 32, base 0xf4fff400, size  8, enabled\npcib0: matched entry for 0.31.INTB (src \\\\_SB_.PCI0.LNKB:0)\npci_link1: Picked IRQ 9 with weight 0\npcib0: slot 31 INTB routed to irq 9 via \\\\_SB_.PCI0.LNKB\nfound-\u003e\tvendor=0x8086, dev=0x24c6, revid=0x01\n\tdomain=0, bus=0, slot=31, func=6\n\tclass=07-03-00, hdrtype=0x00, mfdev=0\n\tcmdreg=0x0005, statreg=0x0290, cachelnsz=0 (dwords)\n\tlattimer=0x00 (0 ns), mingnt=0x00 (0 ns), maxlat=0x00 (0 ns)\n\tintpin=b, irq=11\n\tpowerspec 2  supports D0 D3  current D0\n\tmap[10]: type I/O Port, range 32, base 0xb400, size  8, enabled\n\tmap[14]: type I/O Port, range 32, base 0xb080, size  7, enabled\npcib0: matched entry for 0.31.INTB (src \\\\_SB_.PCI0.LNKB:0)\npcib0: slot 31 INTB routed to irq 9 via \\\\_SB_.PCI0.LNKB\nagp0: \u003cIntel 82855 host to AGP bridge\u003e on hostb0\nhostb0: Reserved 0x8000000 bytes for rid 0x10 type 3 at 0xe0000000\nagp0: allocating GATT for aperture of size 128M\npcib1: \u003cACPI PCI-PCI bridge\u003e at device 1.0 on pci0\npcib1:   domain            0\npcib1:   secondary bus     1\npcib1:   subordinate bus   1\npcib1:   I/O decode        0xc000-0xcfff\npcib1:   memory decode     0xfc000000-0xfdffffff\npcib1:   prefetched decode 0xe8000000-0xefffffff\nACPI: Found matching pin for 1.0.INTA at func 0: 11\npci1: \u003cACPI PCI bus\u003e on pcib1\npci1: domain=0, physical bus=1\nfound-\u003e\tvendor=0x1002, dev=0x4c66, revid=0x02\n\tdomain=0, bus=1, slot=0, func=0\n\tclass=03-00-00, hdrtype=0x00, mfdev=0\n\tcmdreg=0x01a7, statreg=0x02b0, cachelnsz=8 (dwords)\n\tlattimer=0x20 (960 ns), mingnt=0x08 (2000 ns), maxlat=0x00 (0 ns)\n\tintpin=a, irq=11\n\tpowerspec 2  supports D0 D1 D2 D3  current D0\n\tmap[10]: type Prefetchable Memory, range 32, base 0xe8000000, size 27, enabled\npcib1: requested memory range 0xe8000000-0xefffffff: good\n\tmap[14]: type I/O Port, range 32, base 0xc000, size  8, enabled\npcib1: requested I/O range 0xc000-0xc0ff: in range\n\tmap[18]: type Memory, range 32, base 0xfcff0000, size 16, enabled\npcib1: requested memory range 0xfcff0000-0xfcffffff: good\npcib1: matched entry for 1.0.INTA (src \\\\_SB_.PCI0.LNKA:0)\npcib1: slot 0 INTA routed to irq 11 via \\\\_SB_.PCI0.LNKA\nvgapci0: \u003cVGA-compatible display\u003e port 0xc000-0xc0ff mem 0xe8000000-0xefffffff,0xfcff0000-0xfcffffff irq 11 at device 0.0 on pci1\nuhci0: \u003cIntel 82801DB (ICH4) USB controller USB-A\u003e port 0xbf80-0xbf9f irq 11 at device 29.0 on pci0\nuhci0: Reserved 0x20 bytes for rid 0x20 type 4 at 0xbf80\nuhci0: [MPSAFE]\nuhci0: [ITHREAD]\nuhci0: LegSup = 0x0000\nusbus0: \u003cIntel 82801DB (ICH4) USB controller USB-A\u003e on uhci0\nuhci1: \u003cIntel 82801DB (ICH4) USB controller USB-B\u003e port 0xbf40-0xbf5f irq 11 at device 29.1 on pci0\nuhci1: Reserved 0x20 bytes for rid 0x20 type 4 at 0xbf40\nuhci1: [MPSAFE]\nuhci1: [ITHREAD]\nuhci1: LegSup = 0x0000\nusbus1: \u003cIntel 82801DB (ICH4) USB controller USB-B\u003e on uhci1\nuhci2: \u003cIntel 82801DB (ICH4) USB controller USB-C\u003e port 0xbf20-0xbf3f irq 11 at device 29.2 on pci0\nuhci2: Reserved 0x20 bytes for rid 0x20 type 4 at 0xbf20\nuhci2: [MPSAFE]\nuhci2: [ITHREAD]\nuhci2: LegSup = 0x0000\nusbus2: \u003cIntel 82801DB (ICH4) USB controller USB-C\u003e on uhci2\nehci0: \u003cIntel 82801DB/L/M (ICH4) USB 2.0 controller\u003e mem 0xf4fffc00-0xf4ffffff irq 11 at device 29.7 on pci0\nehci0: Reserved 0x400 bytes for rid 0x10 type 3 at 0xf4fffc00\nehci0: [MPSAFE]\nehci0: [ITHREAD]\nusbus3: EHCI version 1.0\nusbus3: \u003cIntel 82801DB/L/M (ICH4) USB 2.0 controller\u003e on ehci0\npcib2: \u003cACPI PCI-PCI bridge\u003e at device 30.0 on pci0\npcib2:   domain            0\npcib2:   secondary bus     2\npcib2:   subordinate bus   2\npcib2:   I/O decode        0xd000-0xefff\npcib2:   memory decode     0xf6000000-0xfbffffff\npcib2:   no prefetched decode\npcib2:   Subtractively decoded bridge.\nACPI: Found matching pin for 2.1.INTA at func 0: 255\nACPI: Found matching pin for 2.1.INTA at func 1: 255\nACPI: Found matching pin for 2.3.INTA at func 0: 11\npci_link1: BIOS IRQ 11 for 2.3.INTA is invalid\nACPI: Found matching pin for 2.0.INTA at func 0: 11\npci2: \u003cACPI PCI bus\u003e on pcib2\npci2: domain=0, physical bus=2\nfound-\u003e\tvendor=0x14e4, dev=0x165d, revid=0x01\n\tdomain=0, bus=2, slot=0, func=0\n\tclass=02-00-00, hdrtype=0x00, mfdev=0\n\tcmdreg=0x0116, statreg=0x02b0, cachelnsz=8 (dwords)\n\tlattimer=0x20 (960 ns), mingnt=0x40 (16000 ns), maxlat=0x00 (0 ns)\n\tintpin=a, irq=11\n\tpowerspec 2  supports D0 D3  current D0\n\tMSI supports 8 messages, 64 bit\n\tmap[10]: type Memory, range 64, base 0xfaff0000, size 16, enabled\npcib2: requested memory range 0xfaff0000-0xfaffffff: good\npcib2: matched entry for 2.0.INTA (src \\\\_SB_.PCI0.LNKC:0)\npcib2: slot 0 INTA routed to irq 11 via \\\\_SB_.PCI0.LNKC\nfound-\u003e\tvendor=0x1217, dev=0x7113, revid=0x20\n\tdomain=0, bus=2, slot=1, func=0\n\tclass=06-07-00, hdrtype=0x02, mfdev=1\n\tcmdreg=0x0000, statreg=0x0410, cachelnsz=0 (dwords)\n\tlattimer=0x20 (960 ns), mingnt=0x40 (16000 ns), maxlat=0x00 (0 ns)\n\tintpin=a, irq=255\n\tpowerspec 2  supports D0 D1 D2 D3  current D0\n\tmap[10]: type Memory, range 32, base 0, size 12, memory disabled\nfound-\u003e\tvendor=0x1217, dev=0x7113, revid=0x20\n\tdomain=0, bus=2, slot=1, func=1\n\tclass=06-07-00, hdrtype=0x02, mfdev=1\n\tcmdreg=0x0000, statreg=0x0410, cachelnsz=0 (dwords)\n\tlattimer=0x20 (960 ns), mingnt=0x40 (16000 ns), maxlat=0x00 (0 ns)\n\tintpin=a, irq=255\n\tpowerspec 2  supports D0 D1 D2 D3  current D0\n\tmap[10]: type Memory, range 32, base 0, size 12, memory disabled\nfound-\u003e\tvendor=0x14e4, dev=0x4320, revid=0x03\n\tdomain=0, bus=2, slot=3, func=0\n\tclass=02-80-00, hdrtype=0x00, mfdev=0\n\tcmdreg=0x0106, statreg=0x0000, cachelnsz=0 (dwords)\n\tlattimer=0x20 (960 ns), mingnt=0x00 (0 ns), maxlat=0x00 (0 ns)\n\tintpin=a, irq=11\n\tmap[10]: type Memory, range 32, base 0xfafee000, size 13, enabled\npcib2: requested memory range 0xfafee000-0xfafeffff: good\npcib2: matched entry for 2.3.INTA (src \\\\_SB_.PCI0.LNKB:0)\npcib2: slot 3 INTA routed to irq 9 via \\\\_SB_.PCI0.LNKB\npci0:2:0:0: bad VPD cksum, remain 14\nbge0: \u003cBroadcom NetXtreme Gigabit Ethernet Controller, ASIC rev. 0x3001\u003e mem 0xfaff0000-0xfaffffff irq 11 at device 0.0 on pci2\nbge0: Reserved 0x10000 bytes for rid 0x10 type 3 at 0xfaff0000\nbge0: CHIP ID 0x30010000; ASIC REV 0x03; CHIP REV 0x30; PCI\nmiibus0: \u003cMII bus\u003e on bge0\nbrgphy0: \u003cBCM5705 10/100/1000baseTX PHY\u003e PHY 1 on miibus0\nbrgphy0: OUI 0x000818, model 0x001a, rev. 1\nbrgphy0:  10baseT, 10baseT-FDX, 100baseTX, 100baseTX-FDX, 1000baseT, 1000baseT-FDX, auto\nbge0: bpf attached\nbge0: Ethernet address: 00:11:43:46:cc:a7\nbge0: [MPSAFE]\nbge0: [ITHREAD]\ncbb0: \u003cO2Micro OZ711E1 PCI-CardBus Bridge\u003e at device 1.0 on pci2\npcib2: cbb0 requested memory range 0x0-0xffffffff: good\ncbb0: Lazy allocation of 0x1000 bytes rid 0x10 type 3 at 0x80000000\ncbb0: Reserved 0x1000 bytes for rid 0x10 type 3 at 0x80000000\ncardbus0: \u003cCardBus bus\u003e on cbb0\npccard0: \u003c16-bit PCCard bus\u003e on cbb0\npcib2: matched entry for 2.1.INTA (src \\\\_SB_.PCI0.LNKD:0)\npcib2: slot 1 INTA routed to irq 11 via \\\\_SB_.PCI0.LNKD\ncbb0: [MPSAFE]\ncbb0: [FILTER]\ncbb0: PCI Configuration space:\n  0x00: 0x71131217 0x04100007 0x06070020 0x00822000 \n  0x10: 0x80000000 0x020000a0 0x20040302 0xfffff000 \n  0x20: 0x00000000 0xfffff000 0x00000000 0x0000fffd \n  0x30: 0x00000001 0x0000fffd 0x00000001 0x0440010b \n  0x40: 0x011d1028 0x00000001 0x00000000 0x00000000 \n  0x50: 0x00000000 0x00000000 0x00000000 0x00000000 \n  0x60: 0x00000000 0x00000000 0x00000000 0x00000000 \n  0x70: 0x00000000 0x00000000 0x00000000 0x00000000 \n  0x80: 0x00000000 0x00000000 0x00000000 0x018c1882 \n  0x90: 0x00350003 0x00000000 0x00000000 0x00000000 \n  0xa0: 0xfe020001 0x00c04000 0x00000000 0x00000009 \n  0xb0: 0x00000000 0x00000000 0x00000000 0x00000000 \n  0xc0: 0x00000000 0x00000000 0x00000000 0x00000000 \n  0xd0: 0x08004000 0x80820bea 0x00000000 0x00400000 \n  0xe0: 0x00828000 0x00000000 0x00000000 0x00000000 \n  0xf0: 0x00000000 0x00000000 0x00000000 0x00000000 \ncbb1: \u003cO2Micro OZ711E1 PCI-CardBus Bridge\u003e at device 1.1 on pci2\npcib2: cbb1 requested memory range 0x0-0xffffffff: good\ncbb1: Lazy allocation of 0x1000 bytes rid 0x10 type 3 at 0x80001000\ncbb1: Reserved 0x1000 bytes for rid 0x10 type 3 at 0x80001000\ncardbus1: \u003cCardBus bus\u003e on cbb1\npccard1: \u003c16-bit PCCard bus\u003e on cbb1\npcib2: matched entry for 2.1.INTA (src \\\\_SB_.PCI0.LNKD:0)\npcib2: slot 1 INTA routed to irq 11 via \\\\_SB_.PCI0.LNKD\ncbb1: [MPSAFE]\ncbb1: [FILTER]\ncbb1: PCI Configuration space:\n  0x00: 0x71131217 0x04100007 0x06070020 0x00822000 \n  0x10: 0x80001000 0x020000a0 0x20060502 0xfffff000 \n  0x20: 0x00000000 0xfffff000 0x00000000 0x0000fffd \n  0x30: 0x00000001 0x0000fffd 0x00000001 0x0440010b \n  0x40: 0x011d1028 0x00000001 0x00000000 0x00000000 \n  0x50: 0x00000000 0x00000000 0x00000000 0x00000000 \n  0x60: 0x00000000 0x00000000 0x00000000 0x00000000 \n  0x70: 0x00000000 0x00000000 0x00000000 0x00000000 \n  0x80: 0x00000000 0x00000000 0x00000000 0x018c1882 \n  0x90: 0x00350003 0x00000000 0x00000000 0x00000000 \n  0xa0: 0xfe020001 0x00c04000 0x00000000 0x00000009 \n  0xb0: 0x00000000 0x00000000 0x00000000 0x00000000 \n  0xc0: 0x00000000 0x00000000 0x00000000 0x00000000 \n  0xd0: 0x08004000 0x80800bea 0x00000000 0x04400000 \n  0xe0: 0x00828000 0x00000000 0x00000000 0x00000000 \n  0xf0: 0x00000000 0x00000000 0x00000000 0x00000000 \nbwi0: \u003cBroadcom BCM4306 802.11b/g Wireless Lan\u003e mem 0xfafee000-0xfafeffff irq 9 at device 3.0 on pci2\nbwi0: Reserved 0x2000 bytes for rid 0x10 type 3 at 0xfafee000\nbwi0: [MPSAFE]\nbwi0: [ITHREAD]\nbwi0: BBP: id 0x4306, rev 0x3, pkg 0\nbwi0: MAC: rev 5\nbwi0: PHY: type 2, rev 2, ver 2\nbwi0: RF: manu 0x17f, type 0x2050, rev 2\nbwi0: invalid antenna gain in sprom\nbwi0: WARNING: using obsoleted if_watchdog interface\nbwi0: 11b rates: 1Mbps 2Mbps 5.5Mbps 11Mbps\nbwi0: 11g rates: 1Mbps 2Mbps 5.5Mbps 11Mbps 6Mbps 9Mbps 12Mbps 18Mbps 24Mbps 36Mbps 48Mbps 54Mbps\nisab0: \u003cPCI-ISA bridge\u003e at device 31.0 on pci0\nisa0: \u003cISA bus\u003e on isab0\natapci0: \u003cIntel ICH4 UDMA100 controller\u003e port 0x1f0-0x1f7,0x3f6,0x170-0x177,0x376,0xbfa0-0xbfaf at device 31.1 on pci0\natapci0: Reserved 0x10 bytes for rid 0x20 type 4 at 0xbfa0\nata0: \u003cATA channel 0\u003e on atapci0\natapci0: Reserved 0x8 bytes for rid 0x10 type 4 at 0x1f0\natapci0: Reserved 0x1 bytes for rid 0x14 type 4 at 0x3f6\nata0: reset tp1 mask=03 ostat0=50 ostat1=00\nata0: stat0=0x80 err=0x80 lsb=0x80 msb=0x80\nata0: stat0=0x80 err=0x80 lsb=0x80 msb=0x80\nata0: stat0=0x80 err=0x80 lsb=0x80 msb=0x80\nata0: stat0=0x80 err=0x80 lsb=0x80 msb=0x80\nata0: stat0=0x80 err=0x80 lsb=0x80 msb=0x80\nata0: stat0=0x80 err=0x80 lsb=0x80 msb=0x80\nata0: stat0=0x80 err=0x80 lsb=0x80 msb=0x80\nata0: stat0=0x50 err=0x01 lsb=0x00 msb=0x00\nata0: stat1=0x00 err=0x01 lsb=0x00 msb=0x00\nata0: reset tp2 stat0=50 stat1=00 devices=0x1\nata0: [MPSAFE]\nata0: [ITHREAD]\nata1: \u003cATA channel 1\u003e on atapci0\natapci0: Reserved 0x8 bytes for rid 0x18 type 4 at 0x170\natapci0: Reserved 0x1 bytes for rid 0x1c type 4 at 0x376\nata1: reset tp1 mask=03 ostat0=50 ostat1=01\nata1: stat0=0x10 err=0x01 lsb=0x14 msb=0xeb\nata1: stat1=0x01 err=0x04 lsb=0x00 msb=0x00\nata1: reset tp2 stat0=10 stat1=01 devices=0x10000\nata1: [MPSAFE]\nata1: [ITHREAD]\npcm0: \u003cIntel ICH4 (82801DB)\u003e port 0xb800-0xb8ff,0xbc40-0xbc7f mem 0xf4fff800-0xf4fff9ff,0xf4fff400-0xf4fff4ff irq 9 at device 31.5 on pci0\npcm0: Reserved 0x200 bytes for rid 0x18 type 3 at 0xf4fff800\npcm0: Reserved 0x100 bytes for rid 0x1c type 3 at 0xf4fff400\npcm0: [MPSAFE]\npcm0: [ITHREAD]\npcm0: \u003cSigmaTel STAC9750/51 AC97 Codec (id = 0x83847650)\u003e\npcm0: Codec features headphone, 20 bit DAC, 20 bit ADC, 5 bit master volume, SigmaTel 3D Enhancement\npcm0: Primary codec extended features variable rate PCM, reserved 1, AMAP, reserved 4\npcm0: ac97 codec dac ready count: 0\npcm0: Mixer \"vol\":\npcm0: Mixer \"pcm\":\npcm0: Mixer \"speaker\":\npcm0: Mixer \"line\":\npcm0: Mixer \"mic\":\npcm0: Mixer \"cd\":\npcm0: Mixer \"rec\":\npcm0: Mixer \"igain\":\npcm0: Mixer \"ogain\":\npcm0: Mixer \"line1\":\npcm0: Mixer \"phin\":\npcm0: Mixer \"phout\":\npcm0: Mixer \"video\":\npcm0: clone manager: deadline=750ms flags=0x8000001e\npcm0: sndbuf_setmap 1d00000, 4000; 0xe5a00000 -\u003e 1d00000\npcm0: sndbuf_setmap 1d04000, 4000; 0xe5a04000 -\u003e 1d04000\npci0: \u003csimple comms, generic modem\u003e at device 31.6 (no driver attached)\nacpi_tz0: \u003cThermal Zone\u003e on acpi0\npsmcpnp0: \u003cPS/2 mouse port\u003e irq 12 on acpi0\natkbdc0: \u003cKeyboard controller (i8042)\u003e port 0x60,0x64 irq 1 on acpi0\natkbd0: \u003cAT Keyboard\u003e irq 1 on atkbdc0\natkbd: the current kbd controller command byte 0065\natkbd: keyboard ID 0x41ab (2)\nkbd0 at atkbd0\nkbd0: atkbd0, AT 101/102 (2), config:0x0, flags:0x3d0000\natkbd0: [GIANT-LOCKED]\natkbd0: [ITHREAD]\npsm0: current command byte:0065\npsm0: \u003cPS/2 Mouse\u003e irq 12 on atkbdc0\npsm0: [GIANT-LOCKED]\npsm0: [ITHREAD]\npsm0: model GlidePoint, device ID 0-00, 3 buttons\npsm0: config:00000000, flags:00000008, packet size:3\npsm0: syncmask:c0, syncbits:00\natrtc0: \u003cAT realtime clock\u003e port 0x70-0x71,0x72-0x77 irq 8 on acpi0\natrtc0: registered as a time-of-day clock (resolution 1000000us)\nuart0: \u003c16550 or compatible\u003e port 0x3f8-0x3ff irq 4 flags 0x10 on acpi0\nuart0: [FILTER]\nuart0: fast interrupt\nppc0: using extended I/O port range\nppc0: SPP ECP  ECP+EPP\nppc0: \u003cParallel port\u003e port 0x378-0x37f,0x778-0x77b irq 7 drq 1 on acpi0\nppc0: SMC-like chipset (ECP/EPP/PS2/NIBBLE) in COMPATIBLE mode\nppc0: FIFO with 16/16/8 bytes threshold\nppc0: [MPSAFE]\nppc0: [ITHREAD]\nppbus0: \u003cParallel port bus\u003e on ppc0\nplip0: \u003cPLIP network interface\u003e on ppbus0\nplip0: bpf attached\nplip0: [MPSAFE]\nplip0: [ITHREAD]\nlpt0: \u003cPrinter\u003e on ppbus0\nlpt0: [MPSAFE]\nlpt0: [ITHREAD]\nlpt0: Interrupt-driven port\nppi0: \u003cParallel I/O\u003e on ppbus0\ncpu0: \u003cACPI CPU\u003e on acpi0\nest0: \u003cEnhanced SpeedStep Frequency Control\u003e on cpu0\np4tcc0: \u003cCPU Frequency Thermal Control\u003e on cpu0\npnp_identify: Trying Read_Port at 203\npnp_identify: Trying Read_Port at 243\npnp_identify: Trying Read_Port at 283\npnp_identify: Trying Read_Port at 2c3\npnp_identify: Trying Read_Port at 303\npnp_identify: Trying Read_Port at 343\npnp_identify: Trying Read_Port at 383\npnp_identify: Trying Read_Port at 3c3\nPNP Identify complete\nisa_probe_children: disabling PnP devices\npmtimer0 on isa0\nata: ata0 already exists; skipping it\nata: ata1 already exists; skipping it\natkbdc: atkbdc0 already exists; skipping it\natrtc: atrtc0 already exists; skipping it\nppc: ppc0 already exists; skipping it\nsc: sc0 already exists; skipping it\nuart: uart0 already exists; skipping it\nisa_probe_children: probing non-PnP devices\norm0: \u003cISA Option ROM\u003e at iomem 0xc0000-0xcffff pnpid ORM0000 on isa0\nsc0: \u003cSystem console\u003e at flags 0x100 on isa0\nsc0: VGA \u003c16 virtual consoles, flags=0x300\u003e\nsc0: fb0, kbd1, terminal emulator: scteken (teken terminal)\nvga0: \u003cGeneric ISA VGA\u003e at port 0x3c0-0x3df iomem 0xa0000-0xbffff on isa0\nfdc0 failed to probe at port 0x3f0 irq 6 drq 2 on isa0\nuart1: \u003cns8250\u003e failed to probe at port 0x2f8-0x2ff irq 3 on isa0\nisa_probe_children: probing PnP devices\nDevice configuration finished.\nReducing kern.maxvnodes 134088 -\u003e 100000\nprocfs registered\nZFS NOTICE: prefetch is disabled by default on i386 - add enable to tunable to change.\nZFS WARNING: Recommended minimum kmem_size is 512MB; expect unstable behavior.\n             Consider tuning vm.kmem_size and vm.kmem_size_max\n             in /boot/loader.conf.\nZFS filesystem version 13\nZFS storage pool version 13\nTimecounter \"TSC\" frequency 1798484335 Hz quality 800\nTimecounters tick every 1.000 msec\nlo0: bpf attached\nata0: Identifying devices: 00000001\nata0: New devices: 00000001\nusbus0: 12Mbps Full Speed USB v1.0\nusbus1: 12Mbps Full Speed USB v1.0\nusbus2: 12Mbps Full Speed USB v1.0\nusbus3: 480Mbps High Speed USB v2.0\nacpi_acad0: acline initialization start\nacpi_acad0: On Line\nacpi_acad0: acline initialization done, tried 1 times\nbattery0: battery initialization start\nata0-master: pio=PIO4 wdma=WDMA2 udma=UDMA66 cable=80 wire\nugen0.1: \u003cIntel\u003e at usbus0\nuhub0: \u003cIntel UHCI root HUB, class 9/0, rev 1.00/1.00, addr 1\u003e on usbus0\nugen1.1: \u003cIntel\u003e at usbus1\nuhub1: \u003cIntel UHCI root HUB, class 9/0, rev 1.00/1.00, addr 1\u003e on usbus1\nugen2.1: \u003cIntel\u003e at usbus2\nuhub2: \u003cIntel UHCI root HUB, class 9/0, rev 1.00/1.00, addr 1\u003e on usbus2\nugen3.1: \u003cIntel\u003e at usbus3\nuhub3: \u003cIntel EHCI root HUB, class 9/0, rev 2.00/1.00, addr 1\u003e on usbus3\nad0: setting PIO4 on ICH4 chip\nad0: setting UDMA66 on ICH4 chip\nbattery0: battery initialization done, tried 1 times\nbattery1: battery initialization start\nad0: 19077MB \u003cIBM DJSA-220 JS4OAC0A\u003e at ata0-master UDMA66\nad0: 39070080 sectors [38760C/16H/63S] 16 sectors/interrupt 1 depth queue\nGEOM: new disk ad0\npcib2: pccard1 requested memory range 0x88000000-0xffffffff: good\npccard1: CIS version PC Card Standard 7.0\npccard1: CIS info: O2Micro, SmartCardBus Reader, V1.0\npccard1: Manufacturer code 0xffff, product 0x1\npccard1: function 0: unspecified, ccr addr 0x220 mask 0x1\npccard1: function 0, config table entry 1: I/O card; irq mask 0xbeb8; iomask 0x5, iospace 0-0x1f; memspace 0-0xff; io16 irqlevel\npccard1: \u003cunknown card\u003e (manufacturer=0xffff, product=0x0001, function_type=-1) at function 0\npccard1:    CIS info: O2Micro, SmartCardBus Reader, V1.0\nuhub0: 2 ports with 2 removable, self powered\nuhub1: 2 ports with 2 removable, self powered\nuhub2: 2 ports with 2 removable, self powered\nad0: Intel check1 failed\nad0: Adaptec check1 failed\nad0: LSI (v3) check1 failed\nad0: LSI (v2) check1 failed\nad0: FreeBSD check1 failed\nata1: Identifying devices: 00010000\nata1: New devices: 00010000\nata1-master: pio=PIO4 wdma=WDMA2 udma=UDMA33 cable=40 wire\nacd0: setting PIO4 on ICH4 chip\nacd0: setting UDMA33 on ICH4 chip\nacd0: \u003cTSSTcorp DVD+/-RW TS-L632D/DE03\u003e DVDR drive at ata1 as master\nacd0: read 4134KB/s (4134KB/s) write 172KB/s (4134KB/s), 2048KB buffer, UDMA33\nacd0: Reads: CDR, CDRW, CDDA stream, DVDROM, DVDR, packet\nacd0: Writes: CDR, CDRW, DVDR, test write, burnproof\nacd0: Audio: play, 256 volume levels\nacd0: Mechanism: ejectable tray, unlocked\nacd0: Medium: no/blank disc\npcm0: measured ac97 link rate at 48021 Hz, will use 48000 Hz\nATA PseudoRAID loaded\nRoot mount waiting for: usbus3\nRoot mount waiting for: usbus3\nRoot mount waiting for: usbus3\nuhub3: 6 ports with 6 removable, self powered\nTrying to mount root from zfs:zroot\nct_to_ts([2009-09-18 07:48:50]) = 1253260130.000000000\nstart_init: trying /sbin/init\nLinux ELF exec handler installed\nlinprocfs registered\npcib2: pccard1 requested memory range 0x88000000-0xffffffff: good\nbattery1: battery initialization failed, giving up\nwlan0: bpf attached\nwlan0: bpf attached\nwlan0: Ethernet address: 00:0b:7d:1a:5b:aa\nfirmware: 'bwi_v3_ucode' version 0: 0 bytes loaded at 0xc88e63d4\nfirmware: 'bwi_v3_ucode11' version 0: 21680 bytes loaded at 0xc88e63d4\nfirmware: 'bwi_v3_ucode2' version 0: 16360 bytes loaded at 0xc88eb884\nfirmware: 'bwi_v3_ucode4' version 0: 20096 bytes loaded at 0xc88ef86c\nfirmware: 'bwi_v3_ucode5' version 0: 22280 bytes loaded at 0xc88f46ec\nfirmware: 'bwi_v3_a0g0bsinitvals2' version 0: 18 bytes loaded at 0xc88f9df4\nfirmware: 'bwi_v3_a0g0bsinitvals5' version 0: 158 bytes loaded at 0xc88f9e06\nfirmware: 'bwi_v3_a0g0initvals2' version 0: 2520 bytes loaded at 0xc88f9ea4\nfirmware: 'bwi_v3_a0g0initvals5' version 0: 1818 bytes loaded at 0xc88fa87c\nfirmware: 'bwi_v3_a0g1bsinitvals5' version 0: 158 bytes loaded at 0xc88faf96\nfirmware: 'bwi_v3_a0g1initvals5' version 0: 1818 bytes loaded at 0xc88fb034\nfirmware: 'bwi_v3_b0g0bsinitvals2' version 0: 18 bytes loaded at 0xc88fb74e\nfirmware: 'bwi_v3_b0g0bsinitvals5' version 0: 158 bytes loaded at 0xc88fb760\nfirmware: 'bwi_v3_b0g0initvals2' version 0: 2520 bytes loaded at 0xc88fb7fe\nfirmware: 'bwi_v3_b0g0initvals5' version 0: 1818 bytes loaded at 0xc88fc1d6\nfirmware: 'bwi_v3_pcm4' version 0: 1320 bytes loaded at 0xc88fc8f0\nfirmware: 'bwi_v3_pcm5' version 0: 1320 bytes loaded at 0xc88fce18\nbwi0: firmware rev 0x0127, patch level 0x000e\nwlan0: link state changed to UP\nbwi0: need multicast update callback\nbwi0: need multicast update callback\nbwi0: need multicast update callback\nwlan0: link state changed to DOWN\nwlan0: link state changed to UP\nbwi0: need multicast update callback\nbwi0: need multicast update callback\nwlan0: link state changed to DOWN\nwlan0: link state changed to UP\nacd0: FAILURE - READ_BIG MEDIUM ERROR asc=0x11 ascq=0x05 \ndrm0: \u003cATI Radeon Lf RV250 Mobility 9000 M9 / FireMV 2400 PCI\u003e on vgapci0\nvgapci0: Reserved 0x10000 bytes for rid 0x18 type 3 at 0xfcff0000\nvgapci0: child drm0 requested pci_enable_busmaster\ninfo: [drm] AGP at 0xe0000000 128MB\ninfo: [drm] Initialized radeon 1.29.0 20080528\nvgapci0: Reserved 0x8000000 bytes for rid 0x10 type 3 at 0xe8000000\nagp0: Setting AGP v2 mode 4\ninfo: [drm] Setting GART location based on new memory map\ninfo: [drm] Loading R200 Microcode\ninfo: [drm] writeback test succeeded in 2 usecs\ndrm0: [MPSAFE]\ndrm0: [ITHREAD]\n\nHow-To-Repeat: just boot GENERIC kerel with enabling synaptics support in .loader.conf\non Dell Latitude D600."
}