{
 "id": 394270,
 "bug_id": 113021,
 "attachment_id": 0,
 "creation_time": "2007-05-26T06:40:04Z",
 "creator": "wangjiaz@gmail.com",
 "text": "The onboard NIC (RealTek 8168/8111B PCIe Gigabit Ethernet) can be\nrecognized correctly, but it doesn't work.\n\n======================================================================\ndmesg\n======================================================================\nCopyright (c) 1992-2007 The FreeBSD Project.\nCopyright (c) 1979, 1980, 1983, 1986, 1988, 1989, 1991, 1992, 1993, 1994\n\tThe Regents of the University of California. All rights reserved.\nFreeBSD is a registered trademark of The FreeBSD Foundation.\nFreeBSD 6.2-STABLE-200704 #0: Sun Apr  1 08:57:24 UTC 2007\n    root@palmer.cse.buffalo.edu:/usr/obj/usr/src/sys/SMP\nTimecounter \"i8254\" frequency 1193182 Hz quality 0\nCPU: AMD Athlon(tm) 64 X2 Dual Core Processor 3600+ (1899.94-MHz K8-class CPU)\n  Origin = \"AuthenticAMD\"  Id = 0x60fb1  Stepping = 1\n  Features=0x178bfbff\u003cFPU,VME,DE,PSE,TSC,MSR,PAE,MCE,CX8,APIC,SEP,MTRR,PGE,MCA,CMOV,PAT,PSE36,CLFLUSH,MMX,FXSR,SSE,SSE2,HTT\u003e\n  Features2=0x2001\u003cSSE3,CX16\u003e\n  AMD Features=0xea500800\u003cSYSCALL,NX,MMX+,FFXSR,RDTSCP,LM,3DNow!+,3DNow!\u003e\n  AMD Features2=0x11f\u003cLAHF,CMP,SVM,ExtAPIC,CR8,\u003cb8\u003e\u003e\n  Cores per package: 2\nreal memory  = 4831838208 (4608 MB)\navail memory = 3995082752 (3810 MB)\nACPI APIC Table: \u003cATI    ASUSACPI\u003e\nFreeBSD/SMP: Multiprocessor System Detected: 2 CPUs\n cpu0 (BSP): APIC ID:  0\n cpu1 (AP): APIC ID:  1\nioapic0: Changing APIC ID to 2\nioapic0 \u003cVersion 2.1\u003e irqs 0-23 on motherboard\nkbd1 at kbdmux0\nath_hal: 0.9.20.3 (AR5210, AR5211, AR5212, RF5111, RF5112, RF2413, RF5413)\nacpi0: \u003cATI ASUSACPI\u003e on motherboard\n    ACPI-0438: *** Error: Looking up [LNKC] in namespace, AE_NOT_FOUND\nSearchNode 0xffffff0000c69880 StartNode 0xffffff0000c69880 ReturnNode 0\n    ACPI-0438: *** Error: Looking up [LNKD] in namespace, AE_NOT_FOUND\nSearchNode 0xffffff0000c69700 StartNode 0xffffff0000c69700 ReturnNode 0\n    ACPI-0438: *** Error: Looking up [LNKA] in namespace, AE_NOT_FOUND\nSearchNode 0xffffff0000c8d980 StartNode 0xffffff0000c8d980 ReturnNode 0\n    ACPI-0438: *** Error: Looking up [LNKB] in namespace, AE_NOT_FOUND\nSearchNode 0xffffff0000c8d800 StartNode 0xffffff0000c8d800 ReturnNode 0\n    ACPI-0438: *** Error: Looking up [LNKC] in namespace, AE_NOT_FOUND\nSearchNode 0xffffff0000c8d680 StartNode 0xffffff0000c8d680 ReturnNode 0\n    ACPI-0438: *** Error: Looking up [LNKD] in namespace, AE_NOT_FOUND\nSearchNode 0xffffff0000c8d500 StartNode 0xffffff0000c8d500 ReturnNode 0\n    ACPI-0438: *** Error: Looking up [LNKA] in namespace, AE_NOT_FOUND\nSearchNode 0xffffff0000c8d380 StartNode 0xffffff0000c8d380 ReturnNode 0\nacpi0: Power Button (fixed)\nTimecounter \"ACPI-fast\" frequency 3579545 Hz quality 1000\nacpi_timer0: \u003c32-bit timer at 3.579545MHz\u003e port 0x4008-0x400b on acpi0\ncpu0: \u003cACPI CPU\u003e on acpi0\ncpu1: \u003cACPI CPU\u003e on acpi0\nacpi_button0: \u003cPower Button\u003e on acpi0\npcib0: \u003cACPI Host-PCI bridge\u003e port 0xcf8-0xcff on acpi0\npci0: \u003cACPI PCI bus\u003e on pcib0\npcib0: HT Bridge at 0:1:0 has non-default MSI window 0x0\npcib0: HT Bridge at 0:7:0 has non-default MSI window 0x0\npcib0: HT Bridge at 0:20:0 has non-default MSI window 0x0\npcib1: \u003cACPI PCI-PCI bridge\u003e at device 1.0 on pci0\npci1: \u003cACPI PCI bus\u003e on pcib1\npci1: \u003cdisplay, VGA\u003e at device 5.0 (no driver attached)\npcib2: \u003cACPI PCI-PCI bridge\u003e at device 7.0 on pci0\npci2: \u003cACPI PCI bus\u003e on pcib2\nre0: \u003cRealTek 8168/8111B PCIe Gigabit Ethernet\u003e port 0xee00-0xeeff mem 0xfdaff000-0xfdafffff irq 19 at device 0.0 on pci2\nmiibus0: \u003cMII bus\u003e on re0\nrgephy0: \u003cRTL8169S/8110S media interface\u003e on miibus0\nrgephy0:  10baseT, 10baseT-FDX, 100baseTX, 100baseTX-FDX, 1000baseT, 1000baseT-FDX, auto\nre0: Ethernet address: 00:18:f3:10:9e:73\nre0: [FAST]\natapci0: \u003cGENERIC ATA controller\u003e port 0xff00-0xff07,0xfe00-0xfe03,0xfd00-0xfd07,0xfc00-0xfc03,0xfb00-0xfb0f mem 0xfe02f000-0xfe02f3ff irq 22 at device 18.0 on pci0\nata2: \u003cATA channel 0\u003e on atapci0\nata3: \u003cATA channel 1\u003e on atapci0\nohci0: \u003cOHCI (generic) USB controller\u003e mem 0xfe02e000-0xfe02efff irq 16 at device 19.0 on pci0\nohci0: [GIANT-LOCKED]\nusb0: OHCI version 1.0, legacy support\nusb0: SMM does not respond, resetting\nusb0: \u003cOHCI (generic) USB controller\u003e on ohci0\nusb0: USB revision 1.0\nuhub0: ATI OHCI root hub, class 9/0, rev 1.00/1.00, addr 1\nuhub0: 2 ports with 2 removable, self powered\nohci1: \u003cOHCI (generic) USB controller\u003e mem 0xfe02d000-0xfe02dfff irq 17 at device 19.1 on pci0\nohci1: [GIANT-LOCKED]\nusb1: OHCI version 1.0, legacy support\nusb1: SMM does not respond, resetting\nusb1: \u003cOHCI (generic) USB controller\u003e on ohci1\nusb1: USB revision 1.0\nuhub1: ATI OHCI root hub, class 9/0, rev 1.00/1.00, addr 1\nuhub1: 2 ports with 2 removable, self powered\nohci2: \u003cOHCI (generic) USB controller\u003e mem 0xfe02c000-0xfe02cfff irq 18 at device 19.2 on pci0\nohci2: [GIANT-LOCKED]\nusb2: OHCI version 1.0, legacy support\nusb2: SMM does not respond, resetting\nusb2: \u003cOHCI (generic) USB controller\u003e on ohci2\nusb2: USB revision 1.0\nuhub2: ATI OHCI root hub, class 9/0, rev 1.00/1.00, addr 1\nuhub2: 2 ports with 2 removable, self powered\nohci3: \u003cOHCI (generic) USB controller\u003e mem 0xfe02b000-0xfe02bfff irq 17 at device 19.3 on pci0\nohci3: [GIANT-LOCKED]\nusb3: OHCI version 1.0, legacy support\nusb3: SMM does not respond, resetting\nusb3: \u003cOHCI (generic) USB controller\u003e on ohci3\nusb3: USB revision 1.0\nuhub3: ATI OHCI root hub, class 9/0, rev 1.00/1.00, addr 1\nuhub3: 2 ports with 2 removable, self powered\nohci4: \u003cOHCI (generic) USB controller\u003e mem 0xfe02a000-0xfe02afff irq 18 at device 19.4 on pci0\nohci4: [GIANT-LOCKED]\nusb4: OHCI version 1.0, legacy support\nusb4: SMM does not respond, resetting\nusb4: \u003cOHCI (generic) USB controller\u003e on ohci4\nusb4: USB revision 1.0\nuhub4: ATI OHCI root hub, class 9/0, rev 1.00/1.00, addr 1\nuhub4: 2 ports with 2 removable, self powered\nehci0: \u003cEHCI (generic) USB 2.0 controller\u003e mem 0xfe029000-0xfe0290ff irq 19 at device 19.5 on pci0\nehci0: [GIANT-LOCKED]\nusb5: EHCI version 1.0\nusb5: companion controllers, 2 ports each: usb0 usb1 usb2 usb3 usb4\nusb5: \u003cEHCI (generic) USB 2.0 controller\u003e on ehci0\nusb5: USB revision 2.0\nuhub5: ATI EHCI root hub, class 9/0, rev 2.00/1.00, addr 1\nuhub5: 10 ports with 10 removable, self powered\npci0: \u003cserial bus, SMBus\u003e at device 20.0 (no driver attached)\natapci1: \u003cGENERIC ATA controller\u003e port 0x1f0-0x1f7,0x3f6,0x170-0x177,0x376,0xf900-0xf90f at device 20.1 on pci0\nata0: \u003cATA channel 0\u003e on atapci1\nata1: \u003cATA channel 1\u003e on atapci1\npci0: \u003cmultimedia\u003e at device 20.2 (no driver attached)\nisab0: \u003cPCI-ISA bridge\u003e at device 20.3 on pci0\nisa0: \u003cISA bus\u003e on isab0\npcib3: \u003cACPI PCI-PCI bridge\u003e at device 20.4 on pci0\npci3: \u003cACPI PCI bus\u003e on pcib3\nrl0: \u003cRealTek 8139 10/100BaseTX\u003e port 0xce00-0xceff mem 0xfdeff000-0xfdeff0ff irq 20 at device 5.0 on pci3\nmiibus1: \u003cMII bus\u003e on rl0\nrlphy0: \u003cRealTek internal media interface\u003e on miibus1\nrlphy0:  10baseT, 10baseT-FDX, 100baseTX, 100baseTX-FDX, auto\nrl0: Ethernet address: 00:19:e0:09:e5:e7\nacpi_tz0: \u003cThermal Zone\u003e on acpi0\nsio0: \u003c16550A-compatible COM port\u003e port 0x3f8-0x3ff irq 4 flags 0x10 on acpi0\nsio0: type 16550A\nppc0: \u003cStandard parallel printer port\u003e port 0x378-0x37f irq 7 on acpi0\nppc0: Generic chipset (EPP/NIBBLE) in COMPATIBLE mode\nppbus0: \u003cParallel port bus\u003e on ppc0\nplip0: \u003cPLIP network interface\u003e on ppbus0\nlpt0: \u003cPrinter\u003e on ppbus0\nlpt0: Interrupt-driven port\nppi0: \u003cParallel I/O\u003e on ppbus0\natkbdc0: \u003cKeyboard controller (i8042)\u003e port 0x60,0x64 irq 1 on acpi0\natkbd0: \u003cAT Keyboard\u003e irq 1 on atkbdc0\nkbd0 at atkbd0\natkbd0: [GIANT-LOCKED]\nacpi_hpet0: \u003cHigh Precision Event Timer\u003e iomem 0xfed00000-0xfed003ff irq 0,8 on acpi0\ndevice_attach: acpi_hpet0 attach returned 12\nacpi_hpet0: \u003cHigh Precision Event Timer\u003e iomem 0xfed00000-0xfed003ff irq 0,8 on acpi0\ndevice_attach: acpi_hpet0 attach returned 12\nsc0: \u003cSystem console\u003e at flags 0x100 on isa0\nsc0: VGA \u003c16 virtual consoles, flags=0x300\u003e\nsio1: configured irq 3 not in bitmap of probed irqs 0\nsio1: port may not be enabled\nvga0: \u003cGeneric ISA VGA\u003e at port 0x3c0-0x3df iomem 0xa0000-0xbffff on isa0\nTimecounters tick every 1.000 msec\nacd0: DVDR \u003cNEC DVD RW ND-4570A/1.02\u003e at ata0-master UDMA33\nad4: 239372MB \u003cWDC WD2500YS-01SHB1 20.06C06\u003e at ata2-master UDMA33\nad6: 239372MB \u003cWDC WD2500YS-01SHB1 20.06C06\u003e at ata3-master UDMA33\nSMP: AP CPU #1 Launched!\nTrying to mount root from ufs:/dev/ad4s1a\n\n\n===================================================================\nifconfig\n===================================================================\nre0: flags=8843\u003cUP,BROADCAST,RUNNING,SIMPLEX,MULTICAST\u003e mtu 1500\n\toptions=1b\u003cRXCSUM,TXCSUM,VLAN_MTU,VLAN_HWTAGGING\u003e\n\tinet 192.168.1.130 netmask 0xffffff00 broadcast 192.168.1.255\n\tether 00:18:f3:10:9e:73\n\tmedia: Ethernet autoselect (100baseTX \u003cfull-duplex\u003e)\n\tstatus: active\nrl0: flags=8802\u003cBROADCAST,SIMPLEX,MULTICAST\u003e mtu 1500\n\toptions=8\u003cVLAN_MTU\u003e\n\tether 00:19:e0:09:e5:e7\n\tmedia: Ethernet autoselect\n\tstatus: no carrier\nplip0: flags=108810\u003cPOINTOPOINT,SIMPLEX,MULTICAST,NEEDSGIANT\u003e mtu 1500\nlo0: flags=8049\u003cUP,LOOPBACK,RUNNING,MULTICAST\u003e mtu 16384\n\tinet6 fe80::1%lo0 prefixlen 64 scopeid 0x4 \n\tinet6 ::1 prefixlen 128 \n\tinet 127.0.0.1 netmask 0xff000000 \n\n\n====================================================================\nnetstat -r\n====================================================================\nRouting tables\n\nInternet:\nDestination        Gateway            Flags    Refs      Use  Netif Expire\ndefault            192.168.1.1        UGS         0        0    re0\nlocalhost          localhost          UH          0       12    lo0\n192.168.1          link#1             UC          0        0    re0\n192.168.1.1        link#1             UHLW        2        0    re0\n\nInternet6:\nDestination        Gateway            Flags      Netif Expire\nlocalhost          localhost          UHL         lo0\nfe80::%lo0         fe80::1%lo0        U           lo0\nfe80::1%lo0        link#4             UHL         lo0\nff01:4::           fe80::1%lo0        UC          lo0\nff02::%lo0         fe80::1%lo0        UC          lo0\n\n\n===================================================================\ntcpdump (when ping 192.168.1.1)\n===================================================================\n13:20:07.734051 IP 192.168.1.130 \u003e 192.168.1.1: ICMP echo request, id 33795, seq 0, length 64\n13:20:07.734502 IP 192.168.1.1 \u003e 192.168.1.130: ICMP echo reply, id 33795, seq 0, length 64\n13:20:08.735362 IP 192.168.1.130 \u003e 192.168.1.1: ICMP echo request, id 33795, seq 1, length 64\n13:20:08.735530 00:00:00:00:00:00 (oui Ethernet) \u003e 00:00:00:00:00:00 (oui Ethernet) Null Information, send seq 0, rcv seq 0, Flags [Command], length 84\n13:20:09.736352 IP 192.168.1.130 \u003e 192.168.1.1: ICMP echo request, id 33795, seq 2, length 64\n13:20:09.736503 00:00:00:00:00:00 (oui Ethernet) \u003e 00:00:00:00:00:00 (oui Ethernet) Null Information, send seq 0, rcv seq 0, Flags [Command], length 84\n13:20:10.737360 IP 192.168.1.130 \u003e 192.168.1.1: ICMP echo request, id 33795, seq 3, length 64\n13:20:10.737505 00:00:00:00:00:00 (oui Ethernet) \u003e 00:00:00:00:00:00 (oui Ethernet) Null Information, send seq 0, rcv seq 0, Flags [Command], length 84\n13:20:11.738365 IP 192.168.1.130 \u003e 192.168.1.1: ICMP echo request, id 33795, seq 4, length 64\n13:20:11.738514 00:00:00:00:00:00 (oui Ethernet) \u003e 00:00:00:00:00:00 (oui Ethernet) Null Information, send seq 0, rcv seq 0, Flags [Command], length 84\n13:20:12.739372 IP 192.168.1.130 \u003e 192.168.1.1: ICMP echo request, id 33795, seq 5, length 64\n13:20:12.739519 00:00:00:00:00:00 (oui Ethernet) \u003e 00:00:00:00:00:00 (oui Ethernet) Null Information, send seq 0, rcv seq 0, Flags [Command], length 84\n13:20:13.740382 IP 192.168.1.130 \u003e 192.168.1.1: ICMP echo request, id 33795, seq 6, length 64\n13:20:13.740532 00:00:00:00:00:00 (oui Ethernet) \u003e 00:00:00:00:00:00 (oui Ethernet) Null Information, send seq 0, rcv seq 0, Flags [Command], length 84\n13:20:14.741385 IP 192.168.1.130 \u003e 192.168.1.1: ICMP echo request, id 33795, seq 7, length 64\n13:20:14.741540 00:00:00:00:00:00 (oui Ethernet) \u003e 00:00:00:00:00:00 (oui Ethernet) Null Information, send seq 0, rcv seq 0, Flags [Command], length 84\n13:20:15.742393 IP 192.168.1.130 \u003e 192.168.1.1: ICMP echo request, id 33795, seq 8, length 64\n13:20:15.742538 00:00:00:00:00:00 (oui Ethernet) \u003e 00:00:00:00:00:00 (oui Ethernet) Null Information, send seq 0, rcv seq 0, Flags [Command], length 84\n13:20:16.743399 IP 192.168.1.130 \u003e 192.168.1.1: ICMP echo request, id 33795, seq 9, length 64\n13:20:16.743564 00:00:00:00:00:00 (oui Ethernet) \u003e 00:00:00:00:00:00 (oui Ethernet) Null Information, send seq 0, rcv seq 0, Flags [Command], length 84\n13:20:17.744406 IP 192.168.1.130 \u003e 192.168.1.1: ICMP echo request, id 33795, seq 10, length 64\n13:20:17.744554 00:00:00:00:00:00 (oui Ethernet) \u003e 00:00:00:00:00:00 (oui Ethernet) Null Information, send seq 0, rcv seq 0, Flags [Command], length 84\n13:20:18.745415 IP 192.168.1.130 \u003e 192.168.1.1: ICMP echo request, id 33795, seq 11, length 64\n13:20:18.745562 00:00:00:00:00:00 (oui Ethernet) \u003e 00:00:00:00:00:00 (oui Ethernet) Null Information, send seq 0, rcv seq 0, Flags [Command], length 84\n13:20:19.746420 IP 192.168.1.130 \u003e 192.168.1.1: ICMP echo request, id 33795, seq 12, length 64\n13:20:19.746570 00:00:00:00:00:00 (oui Ethernet) \u003e 00:00:00:00:00:00 (oui Ethernet) Null Information, send seq 0, rcv seq 0, Flags [Command], length 84\n13:20:20.747427 IP 192.168.1.130 \u003e 192.168.1.1: ICMP echo request, id 33795, seq 13, length 64\n13:20:20.747578 00:00:00:00:00:00 (oui Ethernet) \u003e 00:00:00:00:00:00 (oui Ethernet) Null Information, send seq 0, rcv seq 0, Flags [Command], length 84\n13:20:21.253232 arp who-has 192.168.1.120 tell 192.168.1.1\n13:20:21.748435 IP 192.168.1.130 \u003e 192.168.1.1: ICMP echo request, id 33795, seq 14, length 64\n13:20:21.748594 00:00:00:00:00:00 (oui Ethernet) \u003e 00:00:00:00:00:00 (oui Ethernet) Null Information, send seq 0, rcv seq 0, Flags [Command], length 84\n13:20:22.749442 IP 192.168.1.130 \u003e 192.168.1.1: ICMP echo request, id 33795, seq 15, length 64\n13:20:22.749595 00:00:00:00:00:00 (oui Ethernet) \u003e 00:00:00:00:00:00 (oui Ethernet) Null Information, send seq 0, rcv seq 0, Flags [Command], length 84\n13:20:23.750446 IP 192.168.1.130 \u003e 192.168.1.1: ICMP echo request, id 33795, seq 16, length 64\n13:20:23.750607 00:00:00:00:00:00 (oui Ethernet) \u003e 00:00:00:00:00:00 (oui Ethernet) Null Information, send seq 0, rcv seq 0, Flags [Command], length 84\n13:20:24.751456 IP 192.168.1.130 \u003e 192.168.1.1: ICMP echo request, id 33795, seq 17, length 64\n13:20:24.751604 00:00:00:00:00:00 (oui Ethernet) \u003e 00:00:00:00:00:00 (oui Ethernet) Null Information, send seq 0, rcv seq 0, Flags [Command], length 84\n13:20:25.752462 IP 192.168.1.130 \u003e 192.168.1.1: ICMP echo request, id 33795, seq 18, length 64\n13:20:25.752607 00:00:00:00:00:00 (oui Ethernet) \u003e 00:00:00:00:00:00 (oui Ethernet) Null Information, send seq 0, rcv seq 0, Flags [Command], length 84\n13:20:26.753467 IP 192.168.1.130 \u003e 192.168.1.1: ICMP echo request, id 33795, seq 19, length 64\n13:20:26.753626 00:00:00:00:00:00 (oui Ethernet) \u003e 00:00:00:00:00:00 (oui Ethernet) Null Information, send seq 0, rcv seq 0, Flags [Command], length 84\n13:20:27.754474 IP 192.168.1.130 \u003e 192.168.1.1: ICMP echo request, id 33795, seq 20, length 64\n13:20:27.754631 00:00:00:00:00:00 (oui Ethernet) \u003e 00:00:00:00:00:00 (oui Ethernet) Null Information, send seq 0, rcv seq 0, Flags [Command], length 84\n13:20:28.755484 IP 192.168.1.130 \u003e 192.168.1.1: ICMP echo request, id 33795, seq 21, length 64\n13:20:28.755631 00:00:00:00:00:00 (oui Ethernet) \u003e 00:00:00:00:00:00 (oui Ethernet) Null Information, send seq 0, rcv seq 0, Flags [Command], length 84\n13:20:30.535945 IP 192.168.1.102.netbios-dgm \u003e 192.168.1.255.netbios-dgm: NBT UDP PACKET(138)\n\nHow-To-Repeat: 1) install FreeBSD 6.2 on ASUS M2A-VM\n2) configure re0, set it up\n3) ping the gateway 192.168.1.1; loss rate is above 50%"
}