{
 "id": 546460,
 "bug_id": 144315,
 "attachment_id": 0,
 "creation_time": "2010-02-26T09:30:01Z",
 "creator": "shelma.box@gmail.com",
 "text": "Server: Dell poweredge 2650\n\nAfter adding to the ipfw rule:\n   ${fw} add 10400 netgraph tablearg ip from table\\(1\\) to any\n   ${fw} add 10500 netgraph tablearg ip from any to table\\(4\\)\n\nin the /var/log/messages I see:\nFeb 26 13:08:12 shape kernel: fxp0: SCB timeout: 0x80 0x0 0x50 0x600\nFeb 26 13:08:16 shape last message repeated 125 times\nFeb 26 13:08:20 shape kernel: fxp0: device timeout\nFeb 26 13:08:37 shape kernel: fxp0: SCB timeout: 0x80 0x0 0x50 0x600\nFeb 26 13:08:39 shape last message repeated 125 times\nFeb 26 13:08:43 shape kernel: fxp0: device timeout\nFeb 26 13:08:52 shape kernel: fxp0: SCB timeout: 0x80 0x0 0x50 0x600\nFeb 26 13:08:53 shape last message repeated 125 times\nFeb 26 13:08:57 shape kernel: fxp0: device timeout\n\nand server reboot...\n\ncreating ng_car node:\n/usr/sbin/ngctl mkpeer ipfw: car $UP upper\n/usr/sbin/ngctl name ipfw:$UP $NAME\n/usr/sbin/ngctl connect $NAME: ipfw: lower $LOW\n/usr/sbin/ngctl msg $NAME: setconf { upstream={ cbs=$CBS ebs=$EBS cir=$OBW greenAction=1 yellowAction=1 redAction=2 mode=$MOD } downstream={ cbs=$CBS ebs=$EBS cir=$BW greenAction=1 yellowAction=1 redAction=2 mode=$MOD } }\n#add UIP in table\n/sbin/ipfw table 1 add $UIP/32 $UP\n/sbin/ipfw table 4 add $UIP/32 $LOW\n\ndmesg:\nFeb 26 13:11:46 shape syslogd: kernel boot file is /boot/kernel/kernel\nFeb 26 13:11:46 shape kernel: Copyright (c) 1992-2010 The FreeBSD Project.\nFeb 26 13:11:46 shape kernel: Copyright (c) 1979, 1980, 1983, 1986, 1988, 1989, 1991, 1992, 1993, 1994\nFeb 26 13:11:46 shape kernel: The Regents of the University of California. All rights reserved.\nFeb 26 13:11:46 shape kernel: FreeBSD is a registered trademark of The FreeBSD Foundation.\nFeb 26 13:11:46 shape kernel: FreeBSD 8.0-STABLE #4: Wed Feb 24 17:20:29 YEKT 2010\nFeb 26 13:11:46 shape kernel: shelma@shape.hostelnet.ru:/usr/obj/usr/src/sys/SHAPE i386\nFeb 26 13:11:46 shape kernel: Timecounter \"i8254\" frequency 1193182 Hz quality 0\nFeb 26 13:11:46 shape kernel: CPU: Intel(R) Xeon(TM) CPU 3.20GHz (3192.22-MHz 686-class CPU)\nFeb 26 13:11:46 shape kernel: Origin = \"GenuineIntel\"  Id = 0xf43  Stepping = 3\nFeb 26 13:11:46 shape kernel: Features=0xbfebfbff\u003cFPU,VME,DE,PSE,TSC,MSR,PAE,MCE,CX8,APIC,SEP,MTRR,PGE,MCA,CMOV,PAT,PSE36,CLFLUSH,DTS,ACPI,MMX,FXSR,SSE,SSE2,SS,HTT,TM,PBE\u003e\nFeb 26 13:11:46 shape kernel: Features2=0x641d\u003cSSE3,DTES64,MON,DS_CPL,CNXT-ID,CX16,xTPR\u003e\nFeb 26 13:11:46 shape kernel: AMD Features=0x20100000\u003cNX,LM\u003e\nFeb 26 13:11:46 shape kernel: TSC: P-state invariant\nFeb 26 13:11:46 shape kernel: real memory  = 2147483648 (2048 MB)\nFeb 26 13:11:46 shape kernel: avail memory = 2090606592 (1993 MB)\nFeb 26 13:11:46 shape kernel: ACPI APIC Table: \u003cDELL   PE BKC  \u003e\nFeb 26 13:11:46 shape kernel: FreeBSD/SMP: Multiprocessor System Detected: 2 CPUs\nFeb 26 13:11:46 shape kernel: FreeBSD/SMP: 2 package(s) x 1 core(s)\nFeb 26 13:11:46 shape kernel: cpu0 (BSP): APIC ID:  0\nFeb 26 13:11:46 shape kernel: cpu1 (AP): APIC ID:  6\nFeb 26 13:11:46 shape kernel: ioapic0: Changing APIC ID to 7\nFeb 26 13:11:46 shape kernel: ioapic1: Changing APIC ID to 8\nFeb 26 13:11:46 shape kernel: ioapic2: Changing APIC ID to 9\nFeb 26 13:11:46 shape kernel: ioapic3: Changing APIC ID to 10\nFeb 26 13:11:46 shape kernel: ioapic0 \u003cVersion 2.0\u003e irqs 0-23 on motherboard\nFeb 26 13:11:46 shape kernel: ioapic1 \u003cVersion 2.0\u003e irqs 32-55 on motherboard\nFeb 26 13:11:46 shape kernel: ioapic2 \u003cVersion 2.0\u003e irqs 64-87 on motherboard\nFeb 26 13:11:46 shape kernel: ioapic3 \u003cVersion 2.0\u003e irqs 96-119 on motherboard\nFeb 26 13:11:46 shape kernel: kbd1 at kbdmux0\nFeb 26 13:11:46 shape kernel: acpi0: \u003cDELL PE BKC\u003e on motherboard\nFeb 26 13:11:46 shape kernel: acpi0: [ITHREAD]\nFeb 26 13:11:46 shape kernel: acpi0: Power Button (fixed)\nFeb 26 13:11:46 shape kernel: Timecounter \"ACPI-safe\" frequency 3579545 Hz quality 850\nFeb 26 13:11:46 shape kernel: acpi_timer0: \u003c24-bit timer at 3.579545MHz\u003e port 0x808-0x80b on acpi0\nFeb 26 13:11:46 shape kernel: acpi_hpet0: \u003cHigh Precision Event Timer\u003e iomem 0xfed00000-0xfed003ff on acpi0\nFeb 26 13:11:46 shape kernel: Timecounter \"HPET\" frequency 14318180 Hz quality 900\nFeb 26 13:11:46 shape kernel: pcib0: \u003cACPI Host-PCI bridge\u003e port 0xcf8-0xcff on acpi0\nFeb 26 13:11:46 shape kernel: pci0: \u003cACPI PCI bus\u003e on pcib0\nFeb 26 13:11:46 shape kernel: pcib1: \u003cACPI PCI-PCI bridge\u003e at device 2.0 on pci0\nFeb 26 13:11:46 shape kernel: pci1: \u003cACPI PCI bus\u003e on pcib1\nFeb 26 13:11:46 shape kernel: pcib2: \u003cACPI PCI-PCI bridge\u003e at device 0.0 on pci1\nFeb 26 13:11:46 shape kernel: pci2: \u003cACPI PCI bus\u003e on pcib2\nFeb 26 13:11:46 shape kernel: amr0: \u003cLSILogic MegaRAID 1.53\u003e mem 0xd80f0000-0xd80fffff,0xdfec0000-0xdfefffff irq 46 at device 14.0 on pci2\nFeb 26 13:11:46 shape kernel: amr0: [ITHREAD]\nFeb 26 13:11:46 shape kernel: amr0: delete logical drives supported by controller\nFeb 26 13:11:46 shape kernel: amr0: \u003cLSILogic PERC 4e/Di\u003e Firmware 521S, BIOS H430, 256MB RAM\nFeb 26 13:11:46 shape kernel: pcib3: \u003cACPI PCI-PCI bridge\u003e at device 0.2 on pci1\nFeb 26 13:11:46 shape kernel: pci3: \u003cACPI PCI bus\u003e on pcib3\nFeb 26 13:11:46 shape kernel: pcib4: \u003cACPI PCI-PCI bridge\u003e at device 4.0 on pci0\nFeb 26 13:11:46 shape kernel: pci4: \u003cACPI PCI bus\u003e on pcib4\nFeb 26 13:11:46 shape kernel: pcib5: \u003cACPI PCI-PCI bridge\u003e at device 5.0 on pci0\nFeb 26 13:11:46 shape kernel: pci5: \u003cACPI PCI bus\u003e on pcib5\nFeb 26 13:11:46 shape kernel: pcib6: \u003cACPI PCI-PCI bridge\u003e at device 0.0 on pci5\nFeb 26 13:11:46 shape kernel: pci6: \u003cACPI PCI bus\u003e on pcib6\nFeb 26 13:11:46 shape kernel: em0: \u003cIntel(R) PRO/1000 Network Connection 6.9.14\u003e port 0xecc0-0xecff mem 0xdfbe0000-0xdfbfffff irq 64 at device 7.0 on pci6\nFeb 26 13:11:46 shape kernel: em0: [FILTER]\nFeb 26 13:11:46 shape kernel: em0: Ethernet address: 00:14:22:1a:11:32\nFeb 26 13:11:46 shape kernel: pcib7: \u003cACPI PCI-PCI bridge\u003e at device 0.2 on pci5\nFeb 26 13:11:46 shape kernel: pci7: \u003cACPI PCI bus\u003e on pcib7\nFeb 26 13:11:46 shape kernel: em1: \u003cIntel(R) PRO/1000 Network Connection 6.9.14\u003e port 0xdcc0-0xdcff mem 0xdf9e0000-0xdf9fffff irq 65 at device 8.0 on pci7\nFeb 26 13:11:46 shape kernel: em1: [FILTER]\nFeb 26 13:11:46 shape kernel: em1: Ethernet address: 00:14:22:1a:11:33\nFeb 26 13:11:46 shape kernel: pcib8: \u003cACPI PCI-PCI bridge\u003e at device 6.0 on pci0\nFeb 26 13:11:46 shape kernel: pci8: \u003cACPI PCI bus\u003e on pcib8\nFeb 26 13:11:46 shape kernel: pcib9: \u003cACPI PCI-PCI bridge\u003e at device 0.0 on pci8\nFeb 26 13:11:46 shape kernel: pci9: \u003cACPI PCI bus\u003e on pcib9\nFeb 26 13:11:46 shape kernel: fxp0: \u003cIntel 82559 Pro/100 Ethernet\u003e port 0xccc0-0xccff mem 0xdf6ff000-0xdf6fffff,0xdf500000-0xdf5fffff irq 106 at device 4.0 on pci9\nFeb 26 13:11:46 shape kernel: miibus0: \u003cMII bus\u003e on fxp0\nFeb 26 13:11:46 shape kernel: inphy0: \u003ci82555 10/100 media interface\u003e PHY 1 on miibus0\nFeb 26 13:11:46 shape kernel: inphy0:  10baseT, 10baseT-FDX, 100baseTX, 100baseTX-FDX, auto\nFeb 26 13:11:46 shape kernel: fxp0: Ethernet address: 00:06:29:77:92:72\nFeb 26 13:11:46 shape kernel: fxp0: [ITHREAD]\nFeb 26 13:11:46 shape kernel: pcib10: \u003cACPI PCI-PCI bridge\u003e at device 0.2 on pci8\nFeb 26 13:11:46 shape kernel: pci10: \u003cACPI PCI bus\u003e on pcib10\nFeb 26 13:11:46 shape kernel: em2: \u003cIntel(R) PRO/1000 Network Connection 6.9.14\u003e port 0xbcc0-0xbcff mem 0xdf3e0000-0xdf3fffff,0xdf380000-0xdf3bffff irq 96 at device 2.0 on pci10\nFeb 26 13:11:46 shape kernel: em2: [FILTER]\nFeb 26 13:11:46 shape kernel: em2: Ethernet address: 00:02:a5:4e:9c:e4\nFeb 26 13:11:46 shape kernel: em3: \u003cIntel(R) PRO/1000 Network Connection 6.9.14\u003e port 0xbc80-0xbcbf mem 0xdf3c0000-0xdf3dffff,0xdf340000-0xdf37ffff irq 97 at device 2.1 on pci10\nFeb 26 13:11:46 shape kernel: em3: [FILTER]\nFeb 26 13:11:46 shape kernel: em3: Ethernet address: 00:02:a5:4e:9c:e5\nFeb 26 13:11:46 shape kernel: uhci0: \u003cIntel 82801EB (ICH5) USB controller USB-A\u003e port 0x9ce0-0x9cff irq 16 at device 29.0 on pci0\nFeb 26 13:11:46 shape kernel: uhci0: [ITHREAD]\nFeb 26 13:11:46 shape kernel: usbus0: \u003cIntel 82801EB (ICH5) USB controller USB-A\u003e on uhci0\nFeb 26 13:11:46 shape kernel: pcib11: \u003cACPI PCI-PCI bridge\u003e at device 30.0 on pci0\nFeb 26 13:11:46 shape kernel: pci11: \u003cACPI PCI bus\u003e on pcib11\nFeb 26 13:11:46 shape kernel: pci11: \u003cunknown\u003e at device 5.0 (no driver attached)\nFeb 26 13:11:46 shape kernel: uart2: \u003cNon-standard ns8250 class UART with FIFOs\u003e port 0xac80-0xacbf mem 0xdf0ff000-0xdf0fffff,0xd7f00000-0xd7f7ffff irq 21 at device 5.1 on pci11\nFeb 26 13:11:46 shape kernel: uart2: [FILTER]\nFeb 26 13:11:46 shape kernel: pci11: \u003cunknown\u003e at device 5.2 (no driver attached)\nFeb 26 13:11:46 shape kernel: atapci0: \u003cSiI 680 UDMA133 controller\u003e port 0xacf0-0xacf7,0xace4-0xace7,0xacd8-0xacdf,0xacd0-0xacd3,0xac70-0xac7f mem 0xdf0fec00-0xdf0fecff irq 23 at device 6.0 on pci11\nFeb 26 13:11:46 shape kernel: atapci0: [ITHREAD]\nFeb 26 13:11:46 shape kernel: ata2: \u003cATA channel 0\u003e on atapci0\nFeb 26 13:11:46 shape kernel: ata2: [ITHREAD]\nFeb 26 13:11:46 shape kernel: ata3: \u003cATA channel 1\u003e on atapci0\nFeb 26 13:11:46 shape kernel: ata3: [ITHREAD]\nFeb 26 13:11:46 shape kernel: vgapci0: \u003cVGA-compatible display\u003e port 0xa800-0xa8ff mem 0xc8000000-0xcfffffff,0xdf0e0000-0xdf0effff irq 18 at device 13.0 on pci11\nFeb 26 13:11:46 shape kernel: isab0: \u003cPCI-ISA bridge\u003e at device 31.0 on pci0\nFeb 26 13:11:46 shape kernel: isa0: \u003cISA bus\u003e on isab0\nFeb 26 13:11:46 shape kernel: atapci1: \u003cIntel ICH5 UDMA100 controller\u003e port 0x1f0-0x1f7,0x3f6,0x170-0x177,0x376,0xfc00-0xfc0f at device 31.1 on pci0\nFeb 26 13:11:46 shape kernel: ata0: \u003cATA channel 0\u003e on atapci1\nFeb 26 13:11:46 shape kernel: ata0: [ITHREAD]\nFeb 26 13:11:46 shape kernel: ata1: \u003cATA channel 1\u003e on atapci1\nFeb 26 13:11:46 shape kernel: ata1: [ITHREAD]\nFeb 26 13:11:46 shape kernel: atrtc0: \u003cAT realtime clock\u003e port 0x70-0x7f irq 8 on acpi0\nFeb 26 13:11:46 shape kernel: fdc0: \u003cfloppy drive controller\u003e port 0x3f0-0x3f5,0x3f7 irq 6 drq 2 on acpi0\nFeb 26 13:11:46 shape kernel: fdc0: does not respond\nFeb 26 13:11:46 shape kernel: device_attach: fdc0 attach returned 6\nFeb 26 13:11:46 shape kernel: atkbdc0: \u003cKeyboard controller (i8042)\u003e port 0x60,0x64 irq 1 on acpi0\nFeb 26 13:11:46 shape kernel: atkbd0: \u003cAT Keyboard\u003e irq 1 on atkbdc0\nFeb 26 13:11:46 shape kernel: kbd0 at atkbd0\nFeb 26 13:11:46 shape kernel: atkbd0: [GIANT-LOCKED]\nFeb 26 13:11:46 shape kernel: atkbd0: [ITHREAD]\nFeb 26 13:11:46 shape kernel: uart0: \u003c16550 or compatible\u003e port 0x3f8-0x3ff irq 4 flags 0x10 on acpi0\nFeb 26 13:11:46 shape kernel: uart0: [FILTER]\nFeb 26 13:11:46 shape kernel: cpu0: \u003cACPI CPU\u003e on acpi0\nFeb 26 13:11:46 shape kernel: p4tcc0: \u003cCPU Frequency Thermal Control\u003e on cpu0\nFeb 26 13:11:46 shape kernel: cpu1: \u003cACPI CPU\u003e on acpi0\nFeb 26 13:11:46 shape kernel: p4tcc1: \u003cCPU Frequency Thermal Control\u003e on cpu1\nFeb 26 13:11:46 shape kernel: fdc0: \u003cfloppy drive controller\u003e port 0x3f0-0x3f5,0x3f7 irq 6 drq 2 on acpi0\nFeb 26 13:11:46 shape kernel: fdc0: does not respond\nFeb 26 13:11:46 shape kernel: device_attach: fdc0 attach returned 6\nFeb 26 13:11:46 shape kernel: pmtimer0 on isa0\nFeb 26 13:11:46 shape kernel: orm0: \u003cISA Option ROMs\u003e at iomem 0xc0000-0xcafff,0xd2000-0xd37ff,0xd3800-0xd4fff,0xd5000-0xd5fff,0xec000-0xeffff pnpid ORM0000 on isa0\nFeb 26 13:11:46 shape kernel: sc0: \u003cSystem console\u003e at flags 0x100 on isa0\nFeb 26 13:11:46 shape kernel: sc0: VGA \u003c16 virtual consoles, flags=0x300\u003e\nFeb 26 13:11:46 shape kernel: vga0: \u003cGeneric ISA VGA\u003e at port 0x3c0-0x3df iomem 0xa0000-0xbffff on isa0\nFeb 26 13:11:46 shape kernel: Timecounters tick every 1.000 msec\nFeb 26 13:11:46 shape kernel: ipfw2 (+ipv6) initialized, divert loadable, nat enabled, rule-based forwarding enabled, default to accept, logging disabled\nFeb 26 13:11:46 shape kernel: usbus0: 12Mbps Full Speed USB v1.0\nFeb 26 13:11:46 shape kernel: ugen0.1: \u003cIntel\u003e at usbus0\nFeb 26 13:11:46 shape kernel: uhub0: \u003cIntel UHCI root HUB, class 9/0, rev 1.00/1.00, addr 1\u003e on usbus0\nFeb 26 13:11:46 shape kernel: acd0: DVDROM \u003cTEAC DVD-ROM DV-28E-C/D.4E\u003e at ata0-master UDMA33\nFeb 26 13:11:46 shape kernel: acd1: CDROM \u003cVIRTUALCDROM DRIVE/\u003e at ata2-slave PIO3\nFeb 26 13:11:46 shape kernel: amr0: delete logical drives supported by controller\nFeb 26 13:11:46 shape kernel: amrd0: \u003cLSILogic MegaRAID logical drive\u003e on amr0\nFeb 26 13:11:46 shape kernel: amrd0: 69880MB (143114240 sectors) RAID 1 (optimal)\nFeb 26 13:11:46 shape kernel: SMP: AP CPU #1 Launched!\nFeb 26 13:11:46 shape kernel: Root mount waiting for: usbus0\nFeb 26 13:11:46 shape kernel: uhub0: 2 ports with 2 removable, self powered\nFeb 26 13:11:46 shape kernel: Root mount waiting for: usbus0\nFeb 26 13:11:46 shape kernel: ugen0.2: \u003cDell\u003e at usbus0\nFeb 26 13:11:46 shape kernel: ukbd0: \u003cDell DRAC4, class 0/0, rev 1.10/0.00, addr 2\u003e on usbus0\nFeb 26 13:11:46 shape kernel: kbd2 at ukbd0\nFeb 26 13:11:46 shape kernel: ums0: \u003cDell DRAC4, class 0/0, rev 1.10/0.00, addr 2\u003e on usbus0\nFeb 26 13:11:46 shape kernel: ums0: 3 buttons and [Z] coordinates ID=0\nFeb 26 13:11:46 shape kernel: Trying to mount root from ufs:/dev/amrd0s1a\n\nHow-To-Repeat: /usr/sbin/ngctl mkpeer ipfw: car $UP upper\n/usr/sbin/ngctl name ipfw:$UP $NAME\n/usr/sbin/ngctl connect $NAME: ipfw: lower $LOW\n/usr/sbin/ngctl msg $NAME: setconf { upstream={ cbs=$CBS ebs=$EBS cir=$OBW greenAction=1 yellowAction=1 redAction=2 mode=$MOD } downstream={ cbs=$CBS ebs=$EBS cir=$BW greenAction=1 yellowAction=1 redAction=2 mode=$MOD } }\n\n/sbin/ipfw table 1 add $UIP/32 $UP\n/sbin/ipfw table 4 add $UIP/32 $LOW\n\n\n${fw} add 10400 netgraph tablearg ip from table\\(1\\) to any\n${fw} add 10500 netgraph tablearg ip from any to table\\(4\\)"
}