{
 "id": 947555,
 "bug_id": 221501,
 "attachment_id": 0,
 "creation_time": "2017-08-14T02:07:01Z",
 "creator": "open.source@ribose.com",
 "text": "It is possible to panic 11.0-RELEASE by mounting a malformed msdosfs image.\n\nThe malformed msdosfs image can be found at the github URL at the bottom of this message.\n\nConsole output:\npanic: vm_fault: fault on nofault entry, addr: fffffe003d591000\ncpuid = 0\nKDB: stack backtrace:\n#0 0xffffffff80b24077 at kdb_backtrace+0x67\n#1 0xffffffff80ad93e2 at vpanic+0x182\n#2 0xffffffff80ad9253 at panic+0x43\n#3 0xffffffff80e12601 at vm_fault_hold+0x2721\n#4 0xffffffff80e0fe98 at vm_fault+0x78\n#5 0xffffffff80fa0e39 at trap_pfault+0x78\n#6 0xffffffff80fa04cc at trap+0x26c\n#7 0xffffffff80f84141 at calltrap+0x8\n#8 0xffffffff8098e8f6 at msdosfs_mount+0x10f6\n#9 0xffffffff80ba1ae0 at vfs_donmount+0xf90\n#10 0xffffffff80ba0b22 at sys_nmount+0x72\n#11 0xffffffff80fa168e at amd64_syscall+0x4ce\n#12 0xffffffff80f8442b at Xfast_syscall+0xfb\nUptime: 4m39s\nDumping 116 out of 991 MB\n\ndmesg:\nCopyright (c) 1992-2016 The FreeBSD Project.\nCopyright (c) 1979, 1980, 1983, 1986, 1988, 1989, 1991, 1992, 1993, 1994\n\tThe Regents of the University of California. All rights reserved.\nFreeBSD is a registered trademark of The FreeBSD Foundation.\nFreeBSD 11.0-RELEASE-p1 #0 r306420: Thu Sep 29 01:43:23 UTC 2016\n    root@releng2.nyi.freebsd.org:/usr/obj/usr/src/sys/GENERIC amd64\nFreeBSD clang version 3.8.0 (tags/RELEASE_380/final 262564) (based on LLVM 3.8.0)\nVT(vga): text 80x25\nCPU: Intel(R) Core(TM) i7-4850HQ CPU @ 2.30GHz (2294.74-MHz K8-class CPU)\n  Origin=\"GenuineIntel\"  Id=0x40661  Family=0x6  Model=0x46  Stepping=1\n  Features=0x783fbff\u003cFPU,VME,DE,PSE,TSC,MSR,PAE,MCE,CX8,APIC,SEP,MTRR,PGE,MCA,CMOV,PAT,PSE36,MMX,FXSR,SSE,SSE2\u003e\n  Features2=0x5ed8220b\u003cSSE3,PCLMULQDQ,MON,SSSE3,CX16,SSE4.1,SSE4.2,MOVBE,POPCNT,AESNI,XSAVE,OSXSAVE,AVX,RDRAND\u003e\n  AMD Features=0x28100800\u003cSYSCALL,NX,RDTSCP,LM\u003e\n  AMD Features2=0x21\u003cLAHF,ABM\u003e\n  Structured Extended Features=0x2000\u003cNFPUSG\u003e\n  TSC: P-state invariant\nreal memory  = 1073676288 (1023 MB)\navail memory = 996921344 (950 MB)\nEvent timer \"LAPIC\" quality 400\nACPI APIC Table: \u003cVBOX   VBOXAPIC\u003e\nrandom: unblocking device.\nioapic0: Changing APIC ID to 1\nioapic0 \u003cVersion 2.0\u003e irqs 0-23 on motherboard\nrandom: entropy device external interface\nkbd1 at kbdmux0\nnetmap: loaded module\nmodule_register_init: MOD_LOAD (vesa, 0xffffffff8101c950, 0) error 19\nrandom: registering fast source Intel Secure Key RNG\nrandom: fast provider: \"Intel Secure Key RNG\"\nvtvga0: \u003cVT VGA driver\u003e on motherboard\ncryptosoft0: \u003csoftware crypto\u003e on motherboard\nacpi0: \u003cVBOX VBOXXSDT\u003e on motherboard\nacpi0: Power Button (fixed)\nacpi0: Sleep Button (fixed)\ncpu0: \u003cACPI CPU\u003e on acpi0\nattimer0: \u003cAT timer\u003e port 0x40-0x43,0x50-0x53 on acpi0\nTimecounter \"i8254\" frequency 1193182 Hz quality 0\nEvent timer \"i8254\" frequency 1193182 Hz quality 100\nTimecounter \"ACPI-fast\" frequency 3579545 Hz quality 900\nacpi_timer0: \u003c32-bit timer at 3.579545MHz\u003e port 0x4008-0x400b on acpi0\npcib0: \u003cACPI Host-PCI bridge\u003e port 0xcf8-0xcff on acpi0\npci0: \u003cACPI PCI bus\u003e on pcib0\nisab0: \u003cPCI-ISA bridge\u003e at device 1.0 on pci0\nisa0: \u003cISA bus\u003e on isab0\natapci0: \u003cIntel PIIX4 UDMA33 controller\u003e port 0x1f0-0x1f7,0x3f6,0x170-0x177,0x376,0xd000-0xd00f at device 1.1 on pci0\nata0: \u003cATA channel\u003e at channel 0 on atapci0\nata1: \u003cATA channel\u003e at channel 1 on atapci0\nvgapci0: \u003cVGA-compatible display\u003e mem 0xe0000000-0xe0ffffff irq 18 at device 2.0 on pci0\nvgapci0: Boot video device\nem0: \u003cIntel(R) PRO/1000 Legacy Network Connection 1.1.0\u003e port 0xd010-0xd017 mem 0xf0000000-0xf001ffff irq 19 at device 3.0 on pci0\nem0: Ethernet address: 08:00:27:dd:aa:53\nem0: netmap queues/slots: TX 1/256, RX 1/256\nohci0: \u003cApple KeyLargo/Intrepid USB controller\u003e mem 0xf0804000-0xf0804fff irq 22 at device 6.0 on pci0\nusbus0 on ohci0\npci0: \u003cbridge\u003e at device 7.0 (no driver attached)\nehci0: \u003cIntel 82801FB (ICH6) USB 2.0 controller\u003e mem 0xf0805000-0xf0805fff irq 19 at device 11.0 on pci0\nusbus1: EHCI version 1.0\nusbus1 on ehci0\nbattery0: \u003cACPI Control Method Battery\u003e on acpi0\nacpi_acad0: \u003cAC Adapter\u003e on acpi0\natkbdc0: \u003cKeyboard controller (i8042)\u003e port 0x60,0x64 irq 1 on acpi0\natkbd0: \u003cAT Keyboard\u003e irq 1 on atkbdc0\nkbd0 at atkbd0\natkbd0: [GIANT-LOCKED]\npsm0: \u003cPS/2 Mouse\u003e irq 12 on atkbdc0\npsm0: [GIANT-LOCKED]\npsm0: model IntelliMouse Explorer, device ID 4\norm0: \u003cISA Option ROMs\u003e at iomem 0xc0000-0xc7fff,0xe2000-0xe2fff on isa0\nvga0: \u003cGeneric ISA VGA\u003e at port 0x3c0-0x3df iomem 0xa0000-0xbffff on isa0\natrtc0: \u003cAT realtime clock\u003e at port 0x70 irq 8 on isa0\nEvent timer \"RTC\" frequency 32768 Hz quality 0\nppc0: cannot reserve I/O port range\nTimecounters tick every 1.000 msec\nnvme cam probe device init\nusbus0: 12Mbps Full Speed USB v1.0\nusbus1: 480Mbps High Speed USB v2.0\nugen0.1: \u003cApple\u003e at usbus0\nuhub0: \u003cApple OHCI root HUB, class 9/0, rev 1.00/1.00, addr 1\u003e on usbus0\nugen1.1: \u003cIntel\u003e at usbus1\nuhub1: \u003cIntel EHCI root HUB, class 9/0, rev 2.00/1.00, addr 1\u003e on usbus1\ncd0 at ata1 bus 0 scbus1 target 0 lun 0\ncd0: \u003cVBOX CD-ROM 1.0\u003e Removable CD-ROM SCSI device\ncd0: Serial Number VB2-01700376\ncd0: 33.300MB/s transfers (UDMA2, ATAPI 12bytes, PIO 65534bytes)\ncd0: Attempt to query device size failed: NOT READY, Medium not present\nada0 at ata0 bus 0 scbus0 target 0 lun 0\nada0: \u003cVBOX HARDDISK 1.0\u003e ATA-6 device\nada0: Serial Number VBa8519eec-bd0b8736\nada0: 33.300MB/s transfers (UDMA2, PIO 65536bytes)\nada0: 16384MB (33554432 512 byte sectors)\ntaskqgroup_adjust failed cnt: 1 stride: 1 mp_ncpus: 1 smp_started: 0\ntaskqgroup_adjust failed cnt: 1 stride: 1 mp_ncpus: 1 smp_started: 0\nTimecounter \"TSC-low\" frequency 1147371524 Hz quality 1000\nTrying to mount root from ufs:/dev/ada0s1a [rw]...\nuhub0: 12 ports with 12 removable, self powered\nem0: link state changed to UP\nuhub1: 12 ports with 12 removable, self powered\n\nA copy of the malformed msdosfs image, dmesg, and console output can be found here:\nhttps://github.com/riboseinc/fuzzbsd/tree/master/results/freebsd_11.0/msdos/12\n\nThis submission is in response to the Ribose Retrace Challenge. The Bug Challenge encourages finding bugs (any bug AND security vulnerabilities) in well-known software (OSS / proprietary) using retrace (https://github.com/riboseinc/retrace)."
}