{
 "id": 463069,
 "bug_id": 127248,
 "attachment_id": 0,
 "creation_time": "2008-09-09T15:10:00Z",
 "creator": "alexey@zhtw.org.ru",
 "text": "In our university we are using FreeBSD on Digital Alpha. We used to use DEC servers to connect our serial terminals to the servers via LAT (/usr/ports/net/latd). Now we're trying to replace the DEC servers with COM to USB adapters. We conneced all the terminals through the USB hub to one of our servers and it almost worked. We got getty prompt on the terminals but after awhile (in 10-20 minutes) getty prompt hands and in a few seconds the system crashes.\n\nThis is /var/run/dmesg.boot:\n\nCopyright (c) 1992-2008 The FreeBSD Project.\nCopyright (c) 1979, 1980, 1983, 1986, 1988, 1989, 1991, 1992, 1993, 1994\n\tThe Regents of the University of California. All rights reserved.\nFreeBSD is a registered trademark of The FreeBSD Foundation.\nFreeBSD 6.3-STABLE #2: Thu Aug  7 22:10:49 MSD 2008\n    root@axp5.umc8.mai.ru:/usr/obj/usr/src/sys/AXP5\nEB164\nDigital AlphaPC 164LX 599 MHz, 598MHz\n8192 byte page size, 1 processor.\nCPU: EV56 (21164A) major=7 minor=2 extensions=0x1\u003cBWX\u003e\nOSF PAL rev: 0x1000200020117\nreal memory  = 534691840 (509 MB)\navail memory = 512630784 (488 MB)\nath_hal: 0.9.20.3 (AR5210, AR5211, AR5212, RF5111, RF5112, RF2413, RF5413, REGOPS_FUNC)\ncia0: \u003c2117x Core Logic chipset\u003e\ncia0: Pyxis, pass 1\ncia0: extended capabilities: 1\u003cBWEN\u003e\npcib0: \u003c2117x PCI host bus adapter\u003e on cia0\npci0: \u003cPCI bus\u003e on pcib0\nahc0: \u003cAdaptec aic7899 Ultra160 SCSI adapter\u003e port 0x10000-0x100ff mem 0x82040000-0x82040fff irq 0 at device 6.0 on pci0\nahc0: interrupting at CIA irq 0\nahc0: [GIANT-LOCKED]\naic7899: Ultra160 Wide Channel A, SCSI Id=7, 32/253 SCBs\nahc1: \u003cAdaptec aic7899 Ultra160 SCSI adapter\u003e port 0x10100-0x101ff mem 0x82041000-0x82041fff irq 7 at device 6.1 on pci0\nahc1: interrupting at CIA irq 7\nahc1: [GIANT-LOCKED]\naic7899: Ultra160 Wide Channel B, SCSI Id=7, 32/253 SCBs\nuhci0: \u003cVIA 83C572 USB controller\u003e port 0x10300-0x1031f irq 1 at device 7.0 on pci0\nuhci0: interrupting at CIA irq 1\nuhci0: [GIANT-LOCKED]\nusb0: \u003cVIA 83C572 USB controller\u003e on uhci0\nusb0: USB revision 1.0\nuhub0: VIA UHCI root hub, class 9/0, rev 1.00/1.00, addr 1\nuhub0: 2 ports with 2 removable, self powered\nuhci1: \u003cVIA 83C572 USB controller\u003e port 0x10320-0x1033f irq 8 at device 7.1 on pci0\nuhci1: interrupting at CIA irq 8\nuhci1: [GIANT-LOCKED]\nusb1: \u003cVIA 83C572 USB controller\u003e on uhci1\nusb1: USB revision 1.0\nuhub1: VIA UHCI root hub, class 9/0, rev 1.00/1.00, addr 1\nuhub1: 2 ports with 2 removable, self powered\npci0: \u003cserial bus, USB\u003e at device 7.2 (no driver attached)\nisab0: \u003cPCI-ISA bridge\u003e at device 8.0 on pci0\nisa0: \u003cISA bus\u003e on isab0\nrl0: \u003cRealTek 8139 10/100BaseTX\u003e port 0x10200-0x102ff mem 0x82042100-0x820421ff irq 3 at device 9.0 on pci0\nmiibus0: \u003cMII bus\u003e on rl0\nrlphy0: \u003cRealTek internal media interface\u003e on miibus0\nrlphy0:  10baseT, 10baseT-FDX, 100baseTX, 100baseTX-FDX, auto\nrl0: Ethernet address: 00:14:d1:11:03:cb\nrl0: interrupting at CIA irq 3\natapci0: \u003cSiI CMD 646 WDMA2 controller\u003e port 0x1f0-0x1f7,0x3f6,0x170-0x177,0x376,0x10350-0x1035f irq 5 at device 11.0 on pci0\nata0: \u003cATA channel 0\u003e on atapci0\nata0: interrupting at ISA irq 14\nata1: \u003cATA channel 1\u003e on atapci0\nata1: interrupting at ISA irq 15\natkbdc0: \u003cKeyboard controller (i8042)\u003e at port 0x60,0x64 on isa0\natkbd0: \u003cAT Keyboard\u003e irq 1 on atkbdc0\natkbd0: interrupting at ISA irq 1\natkbd0: [GIANT-LOCKED]\nfdc0: \u003cEnhanced floppy controller\u003e at port 0x3f0-0x3f5,0x3f7 irq 6 drq 2 on isa0\nfdc0: interrupting at ISA irq 6\nfdc0: [FAST]\nfd0: \u003c1440-KB 3.5\" drive\u003e on fdc0 drive 0\nmcclock0: \u003cMC146818A real time clock\u003e at port 0x70-0x71 on isa0\nppc0: \u003cParallel port\u003e at port 0x3bc-0x3c3 irq 7 on isa0\nppc0: Generic chipset (EPP/NIBBLE) in COMPATIBLE mode\nppbus0: \u003cParallel port bus\u003e on ppc0\nlpt0: \u003cPrinter\u003e on ppbus0\nlpt0: Polled port\nppi0: \u003cParallel I/O\u003e on ppbus0\nppc0: interrupting at ISA irq 7\nsio0 at port 0x3f8-0x3ff irq 4 flags 0x10 on isa0\nsio0: type 16550A, console\nsio0: interrupting at ISA irq 4\nsio1 at port 0x2f8-0x2ff irq 3 flags 0x80 on isa0\nsio1: type 16550A\nsio1: interrupting at ISA irq 3\nuhub2: vendor 0x05e3 USB2.0 Hub, class 9/0, rev 2.00/7.02, addr 2\nuhub2: 4 ports with 4 removable, self powered\nuhub3: vendor 0x05e3 USB2.0 Hub, class 9/0, rev 2.00/7.02, addr 3\nuhub3: 4 ports with 4 removable, self powered\nucom0: Prolific Technology Inc. USB-Serial Controller, rev 1.10/3.00, addr 4\nucom1: Prolific Technology Inc. USB-Serial Controller, rev 1.10/3.00, addr 5\nuhub4: vendor 0x05e3 USB2.0 Hub, class 9/0, rev 2.00/7.02, addr 6\nuhub4: 4 ports with 4 removable, self powered\nucom2: Prolific Technology Inc. USB-Serial Controller, rev 1.10/3.00, addr 7\nucom3: Prolific Technology Inc. USB-Serial Controller, rev 1.10/3.00, addr 8\nucom4: Prolific Technology Inc. USB-Serial Controller, rev 1.10/3.00, addr 9\nucom5: Prolific Technology Inc. USB-Serial Controller, rev 1.10/3.00, addr 10\nucom6: Prolific Technology Inc. USB-Serial Controller, rev 1.10/3.00, addr 11\nTimecounter \"i8254\" frequency 1193182 Hz quality 0\nTimecounter \"alpha\" frequency 598802395 Hz quality 800\nTimecounters tick every 0.976 msec\nipfw2 (+ipv6) initialized, divert enabled, rule-based forwarding enabled, default to deny, logging disabled\nWaiting 5 seconds for SCSI devices to settle\nacd0: CDRW \u003cRICOH DVD+RW MP5240/1.19\u003e at ata0-master WDMA2\nda0 at ahc1 bus 0 target 0 lun 0\nda0: \u003cSEAGATE ST336737LW 0105\u003e Fixed Direct Access SCSI-3 device \nda0: 160.000MB/s transfers (80.000MHz, offset 31, 16bit), Tagged Queueing Enabled\nda0: 35242MB (72176566 512 byte sectors: 255H 63S/T 4492C)\nda1 at ahc1 bus 0 target 1 lun 0\nda1: \u003cSEAGATE ST336737LW 0105\u003e Fixed Direct Access SCSI-3 device \nda1: 160.000MB/s transfers (80.000MHz, offset 31, 16bit), Tagged Queueing Enabled\nda1: 35242MB (72176566 512 byte sectors: 255H 63S/T 4492C)\ncd0 at ata0 bus 0 target 0 lun 0\ncd0: \u003cRICOH DVD+RW MP5240 1.19\u003e Removable CD-ROM SCSI-0 device \ncd0: 16.000MB/s transfers\ncd0: Attempt to query device size failed: NOT READY, Medium not present\nGEOM_MIRROR: Device gm0 created (id=1667621675).\nGEOM_MIRROR: Device gm0: provider da0 detected.\nGEOM_MIRROR: Device gm0: provider da1 detected.\nGEOM_MIRROR: Device gm0: provider da1 activated.\nGEOM_MIRROR: Device gm0: provider mirror/gm0 launched.\nGEOM_MIRROR: Device gm0: rebuilding provider da0.\nTrying to mount root from ufs:/dev/mirror/gm0a\nWARNING: / was not properly dismounted\nWARNING: /tmp was not properly dismounted\nWARNING: /usr was not properly dismounted\nfuse4bsd: version 0.3.9-pre1, FUSE ABI 7.8\nrl0: promiscuous mode enabled\nucom3: ucomreadcb: IOERROR\nucom0: ucomreadcb: IOERROR\nucom6: ucomreadcb: IOERROR\nucom1: ucomreadcb: IOERROR\nucom2: ucomreadcb: IOERROR\nucom5: ucomreadcb: IOERROR\nucom4: ucomreadcb: IOERROR\nuhub3: at uhub2 port 4 (addr 3) disconnected\nucom0: at uhub3 port 1 (addr 4) disconnected\nucom0: uplcom_set_line_status: STALLED\nucom0: uplcom_set_line_status: STALLED\nPurging 2 threads from cuaU0\nucom0: uplcom_set_line_status: STALLED\nPurging 2 threads from cuaU0\nPurging 2 threads from cuaU0\nPurging 2 threads from cuaU0\nPurging 2 threads from cuaU0\nPurging 2 threads from cuaU0\nPurging 2 threads from cuaU0\nPurging 2 threads from cuaU0\nPurging 2 threads from cuaU0\nAll threads purged from cuaU0\nAll threads purged from ttyU0\nucom0: detached\nucom1: at uhub3 port 2 (addr 5) disconnected\nucom1: uplcom_set_line_status: STALLED\nucom1: uplcom_set_line_status: STALLED\nPurging 2 threads from cuaU1\nucom1: uplcom_set_line_status: STALLED\nPurging 2 threads from cuaU1\nPurging 2 threads from cuaU1\nPurging 2 threads from cuaU1\nPurging 2 threads from cuaU1\nPurging 2 threads from cuaU1\nPurging 2 threads from cuaU1\nPurging 2 threads from cuaU1\nPurging 2 threads from cuaU1\nAll threads purged from cuaU1\nAll threads purged from ttyU1\nucom1: detached\nuhub4: at uhub3 port 3 (addr 6) disconnected\nucom2: at uhub4 port 1 (addr 7) disconnected\nucom2: uplcom_set_line_status: STALLED\nucom2: uplcom_set_line_status: STALLED\nPurging 2 threads from cuaU2\nucom2: uplcom_set_line_status: STALLED\nPurging 2 threads from cuaU2\nPurging 2 threads from cuaU2\nPurging 2 threads from cuaU2\nPurging 2 threads from cuaU2\nPurging 2 threads from cuaU2\nPurging 2 threads from cuaU2\nPurging 2 threads from cuaU2\nPurging 2 threads from cuaU2\nAll threads purged from cuaU2\nAll threads purged from ttyU2\nucom2: detached\nucom3: at uhub4 port 2 (addr 8) disconnected\nucom3: uplcom_set_line_status: STALLED\nAll threads purged from cuaU3\nAll threads purged from ttyU3\nucom3: detached\nucom4: at uhub4 port 3 (addr 9) disconnected\nucom4: uplcom_set_line_status: STALLED\nucom4: uplcom_set_line_status: STALLED\nPurging 2 threads from cuaU4\nucom4: uplcom_set_line_status: STALLED\nPurging 2 threads from cuaU4\nPurging 2 threads from cuaU4\nPurging 2 threads from cuaU4\nPurging 2 threads from cuaU4\nPurging 2 threads from cuaU4\nPurging 2 threads from cuaU4\nPurging 2 threads from cuaU4\nPurging 2 threads from cuaU4\nAll threads purged from cuaU4\nAll threads purged from ttyU4\nucom4: detached\nucom5: at uhub4 port 4 (addr 10) disconnected\nucom5: uplcom_set_line_status: STALLED\nucom5: uplcom_set_line_status: STALLED\nPurging 2 threads from cuaU5\nucom5: uplcom_set_line_status: STALLED\nPurging 2 threads from cuaU5\nPurging 2 threads from cuaU5\nPurging 2 threads from cuaU5\nPurging 2 threads from cuaU5\nPurging 2 threads from cuaU5\nPurging 2 threads from cuaU5\nPurging 2 threads from cuaU5\nPurging 2 threads from cuaU5\nAll threads purged from cuaU5\nAll threads purged from ttyU5\nucom5: detached\nuhub4: detached\nucom6: at uhub3 port 4 (addr 11) disconnected\nucom6: uplcom_set_line_status: STALLED\nucom6: uplcom_set_line_status: STALLED\nPurging 2 threads from cuaU6\nucom6: uplcom_set_line_status: STALLED\nPurging 2 threads from cuaU6\nPurging 2 threads from cuaU6\nPurging 2 threads from cuaU6\nPurging 2 threads from cuaU6\nPurging 2 threads from cuaU6\nPurging 2 threads from cuaU6\nPurging 2 threads from cuaU6\nPurging 2 threads from cuaU6\nAll threads purged from cuaU6\nAll threads purged from ttyU6\nucom6: detached\nuhub3: detached\nuhub3: vendor 0x05e3 USB2.0 Hub, class 9/0, rev 2.00/7.02, addr 3\nuhub3: 4 ports with 4 removable, self powered\nucom0: Prolific Technology Inc. USB-Serial Controller, rev 1.10/3.00, addr 4\nucom1: Prolific Technology Inc. USB-Serial Controller, rev 1.10/3.00, addr 5\nuhub4: vendor 0x05e3 USB2.0 Hub, class 9/0, rev 2.00/7.02, addr 6\nuhub4: 4 ports with 4 removable, self powered\nucom2: Prolific Technology Inc. USB-Serial Controller, rev 1.10/3.00, addr 7\nucom3: Prolific Technology Inc. USB-Serial Controller, rev 1.10/3.00, addr 8\nucom4: Prolific Technology Inc. USB-Serial Controller, rev 1.10/3.00, addr 9\nucom5: Prolific Technology Inc. USB-Serial Controller, rev 1.10/3.00, addr 10\nucom6: Prolific Technology Inc. USB-Serial Controller, rev 1.10/3.00, addr 11\nucom4: ucomreadcb: IOERROR\nucom6: ucomreadcb: IOERROR\nucom5: ucomreadcb: IOERROR\nucom2: ucomreadcb: IOERROR\nucom1: ucomreadcb: IOERROR\nucom0: ucomreadcb: IOERROR\nuhub2: at uhub1 port 2 (addr 2) disconnected\nuhub3: at uhub2 port 4 (addr 3) disconnected\nucom0: at uhub3 port 1 (addr 4) disconnected\nucom0: uplcom_set_line_status: STALLED\nucom0: uplcom_set_line_status: STALLED\nPurging 2 threads from cuaU0\nucom0: uplcom_set_line_status: STALLED\nPurging 2 threads from cuaU0\nPurging 2 threads from cuaU0\nPurging 2 threads from cuaU0\nPurging 2 threads from cuaU0\nPurging 2 threads from cuaU0\nPurging 2 threads from cuaU0\nPurging 2 threads from cuaU0\nPurging 2 threads from cuaU0\nAll threads purged from cuaU0\nAll threads purged from ttyU0\nucom0: detached\nucom1: at uhub3 port 2 (addr 5) disconnected\nucom1: uplcom_set_line_status: STALLED\nucom1: uplcom_set_line_status: STALLED\nPurging 2 threads from cuaU1\nucom1: uplcom_set_line_status: STALLED\nPurging 2 threads from cuaU1\nPurging 2 threads from cuaU1\nPurging 2 threads from cuaU1\nPurging 2 threads from cuaU1\nPurging 2 threads from cuaU1\nPurging 2 threads from cuaU1\nPurging 2 threads from cuaU1\nPurging 2 threads from cuaU1\nAll threads purged from cuaU1\nAll threads purged from ttyU1\nucom1: detached\nuhub4: at uhub3 port 3 (addr 6) disconnected\nucom2: at uhub4 port 1 (addr 7) disconnected\nucom2: uplcom_set_line_status: STALLED\nucom2: uplcom_set_line_status: STALLED\nPurging 2 threads from cuaU2\nucom2: uplcom_set_line_status: STALLED\nPurging 2 threads from cuaU2\nPurging 2 threads from cuaU2\nPurging 2 threads from cuaU2\nPurging 2 threads from cuaU2\nPurging 2 threads from cuaU2\nPurging 2 threads from cuaU2\nPurging 2 threads from cuaU2\nPurging 2 threads from cuaU2\nAll threads purged from cuaU2\nAll threads purged from ttyU2\nucom2: detached\nucom3: at uhub4 port 2 (addr 8) disconnected\nAll threads purged from cuaU3\nAll threads purged from ttyU3\nucom3: detached\nucom4: at uhub4 port 3 (addr 9) disconnected\nucom4: uplcom_set_line_status: STALLED\nucom4: uplcom_set_line_status: STALLED\nPurging 2 threads from cuaU4\nucom4: uplcom_set_line_status: STALLED\nPurging 2 threads from cuaU4\nPurging 2 threads from cuaU4\nPurging 2 threads from cuaU4\nPurging 2 threads from cuaU4\nPurging 2 threads from cuaU4\nPurging 2 threads from cuaU4\nPurging 2 threads from cuaU4\nPurging 2 threads from cuaU4\nAll threads purged from cuaU4\nAll threads purged from ttyU4\nucom4: detached\nucom5: at uhub4 port 4 (addr 10) disconnected\nucom5: uplcom_set_line_status: STALLED\nucom5: uplcom_set_line_status: STALLED\nPurging 2 threads from cuaU5\nucom5: uplcom_set_line_status: STALLED\nPurging 2 threads from cuaU5\nPurging 2 threads from cuaU5\nPurging 2 threads from cuaU5\nPurging 2 threads from cuaU5\nPurging 2 threads from cuaU5\nPurging 2 threads from cuaU5\nPurging 2 threads from cuaU5\nPurging 2 threads from cuaU5\nAll threads purged from cuaU5\nAll threads purged from ttyU5\nucom5: detached\nuhub4: detached\nucom6: at uhub3 port 4 (addr 11) disconnected\nucom6: uplcom_set_line_status: STALLED\nucom6: uplcom_set_line_status: STALLED\nPurging 2 threads from cuaU6\nucom6: uplcom_set_line_status: STALLED\nPurging 2 threads from cuaU6\nPurging 2 threads from cuaU6\nPurging 2 threads from cuaU6\nPurging 2 threads from cuaU6\nPurging 2 threads from cuaU6\nPurging 2 threads from cuaU6\nPurging 2 threads from cuaU6\nPurging 2 threads from cuaU6\nAll threads purged from cuaU6\nAll threads purged from ttyU6\n\nfatal kernel trap:\n\n    trap entry     = 0x2 (memory management fault)\n    cpuid          = 0\n    faulting va    = 0x18\n    type           = access violation\n    cause          = load instructon\n    pc             = 0xfffffc00005b9094\n    ra             = 0xfffffc00005b9374\n    sp             = 0xfffffe0010281a80\n    curthread      = 0xfffffc001f510810\n        pid = 27, comm = usb1\n\npanic: trap\ncpuid = 0\nGEOM_MIRROR: Device gm0: rebuilding provider da0 stopped.\nUptime: 11m46s\nCannot dump. No dump device defined.\nAutomatic reboot in 15 seconds - press a key on the console to abort\nRebooting...\n\n\nLet me know if you need any additional information.\n\nFix: \n\nDon't know how to fix the problem.\nHow-To-Repeat: To repeat the problem you need to connect many serial terminals via com-\u003eusb adapter to the server and run getty's on them, login and make some activities."
}