{
 "id": 455569,
 "bug_id": 125736,
 "attachment_id": 0,
 "creation_time": "2008-07-23T11:16:15Z",
 "creator": "avedischev@moskb.ru",
 "text": "I got the same problem as described Alex Keda,\n\nIf I try to load with ukbd_load=\"YES\" stirng in my /boot/loader.conf\n\nComputer is hang up on keyboard detection during boot.\n\ndmesg:\n\nFreeBSD powercharge.moskb.local 7.0-RELEASE-p3 FreeBSD 7.0-RELEASE-p3 #2: Mon Jul 14 19:26:22 MSD 2008     andy@powercharge.moskb.local:/usr/obj/usr/src/sys/MYKERN  i386\nCopyright (c) 1992-2008 The FreeBSD Project.\nCopyright (c) 1979, 1980, 1983, 1986, 1988, 1989, 1991, 1992, 1993, 1994\n\tThe Regents of the University of California. All rights reserved.\nFreeBSD is a registered trademark of The FreeBSD Foundation.\nFreeBSD 7.0-RELEASE-p3 #2: Mon Jul 14 19:26:22 MSD 2008\n    andy@powercharge.moskb.local:/usr/obj/usr/src/sys/MYKERN\nTimecounter \"i8254\" frequency 1193182 Hz quality 0\nCPU: Intel(R) Pentium(R) 4 CPU 3.00GHz (2990.43-MHz 686-class CPU)\n  Origin = \"GenuineIntel\"  Id = 0xf41  Stepping = 1\n  Features=0xbfebfbff\u003cFPU,VME,DE,PSE,TSC,MSR,PAE,MCE,CX8,APIC,SEP,MTRR,PGE,MCA,CMOV,PAT,PSE36,CLFLUSH,DTS,ACPI,MMX,FXSR,SSE,SSE2,SS,HTT,TM,PBE\u003e\n  Features2=0x641d\u003cSSE3,RSVD2,MON,DS_CPL,CNXT-ID,CX16,xTPR\u003e\n  AMD Features=0x20000000\u003cLM\u003e\n  Logical CPUs per core: 2\nreal memory  = 1602093056 (1527 MB)\navail memory = 1556140032 (1484 MB)\nACPI APIC Table: \u003cCOMPAQ GRANTSD \u003e\nFreeBSD/SMP: Multiprocessor System Detected: 2 CPUs\n cpu0 (BSP): APIC ID:  0\n cpu1 (AP): APIC ID:  1\nioapic0: Changing APIC ID to 1\nioapic0 \u003cVersion 2.0\u003e irqs 0-23 on motherboard\nkbd1 at kbdmux0\nath_hal: 0.9.20.3 (AR5210, AR5211, AR5212, RF5111, RF5112, RF2413, RF5413)\nhptrr: HPT RocketRAID controller driver v1.1 (Jul 14 2008 19:25:58)\nacpi0: \u003cCOMPAQ CPQ0968\u003e on motherboard\nacpi0: [ITHREAD]\nacpi0: Power Button (fixed)\nacpi0: reservation of 0, a0000 (3) failed\nacpi0: reservation of 100000, 5ff00000 (3) failed\nTimecounter \"ACPI-safe\" frequency 3579545 Hz quality 850\nacpi_timer0: \u003c24-bit timer at 3.579545MHz\u003e port 0xf808-0xf80b on acpi0\ncpu0: \u003cACPI CPU\u003e on acpi0\np4tcc0: \u003cCPU Frequency Thermal Control\u003e on cpu0\ncpu1: \u003cACPI CPU\u003e on acpi0\np4tcc1: \u003cCPU Frequency Thermal Control\u003e on cpu1\npcib0: \u003cACPI Host-PCI bridge\u003e port 0xcf8-0xcff on acpi0\npci0: \u003cACPI PCI bus\u003e on pcib0\nvgapci0: \u003cVGA-compatible display\u003e port 0x1800-0x1807 mem 0xcfd00000-0xcfd7ffff,0xe0000000-0xefffffff,0xcfd80000-0xcfdbffff irq 16 at device 2.0 on pci0\nagp0: \u003cIntel 82915G (915G GMCH) SVGA controller\u003e on vgapci0\nagp0: detected 7932k stolen memory\nagp0: aperture size is 256M\npcib1: \u003cACPI PCI-PCI bridge\u003e at device 28.0 on pci0\npci32: \u003cACPI PCI bus\u003e on pcib1\npcib2: \u003cACPI PCI-PCI bridge\u003e irq 17 at device 28.1 on pci0\npci64: \u003cACPI PCI bus\u003e on pcib2\nbge0: \u003cBroadcom NetXtreme Gigabit Ethernet Controller, ASIC rev. 0x4001\u003e mem 0xf0400000-0xf040ffff irq 17 at device 0.0 on pci64\nmiibus0: \u003cMII bus\u003e on bge0\nbrgphy0: \u003cBCM5750 10/100/1000baseTX PHY\u003e PHY 1 on miibus0\nbrgphy0:  10baseT, 10baseT-FDX, 100baseTX, 100baseTX-FDX, 1000baseT, 1000baseT-FDX, auto\nbge0: Ethernet address: 00:14:c2:57:91:d3\nbge0: [ITHREAD]\nuhci0: \u003cIntel 82801FB/FR/FW/FRW (ICH6) USB controller USB-A\u003e port 0x1440-0x145f irq 20 at device 29.0 on pci0\nuhci0: [GIANT-LOCKED]\nuhci0: [ITHREAD]\nusb0: \u003cIntel 82801FB/FR/FW/FRW (ICH6) USB controller USB-A\u003e on uhci0\nusb0: USB revision 1.0\nuhub0: \u003cIntel UHCI root hub, class 9/0, rev 1.00/1.00, addr 1\u003e on usb0\nuhub0: 2 ports with 2 removable, self powered\nuhci1: \u003cIntel 82801FB/FR/FW/FRW (ICH6) USB controller USB-B\u003e port 0x1460-0x147f irq 18 at device 29.1 on pci0\nuhci1: [GIANT-LOCKED]\nuhci1: [ITHREAD]\nusb1: \u003cIntel 82801FB/FR/FW/FRW (ICH6) USB controller USB-B\u003e on uhci1\nusb1: USB revision 1.0\nuhub1: \u003cIntel UHCI root hub, class 9/0, rev 1.00/1.00, addr 1\u003e on usb1\nuhub1: 2 ports with 2 removable, self powered\nuhci2: \u003cIntel 82801FB/FR/FW/FRW (ICH6) USB controller USB-C\u003e port 0x1480-0x149f irq 21 at device 29.2 on pci0\nuhci2: [GIANT-LOCKED]\nuhci2: [ITHREAD]\nusb2: \u003cIntel 82801FB/FR/FW/FRW (ICH6) USB controller USB-C\u003e on uhci2\nusb2: USB revision 1.0\nuhub2: \u003cIntel UHCI root hub, class 9/0, rev 1.00/1.00, addr 1\u003e on usb2\nuhub2: 2 ports with 2 removable, self powered\nuhci3: \u003cIntel 82801FB/FR/FW/FRW (ICH6) USB controller USB-D\u003e port 0x14a0-0x14bf irq 22 at device 29.3 on pci0\nuhci3: [GIANT-LOCKED]\nuhci3: [ITHREAD]\nusb3: \u003cIntel 82801FB/FR/FW/FRW (ICH6) USB controller USB-D\u003e on uhci3\nusb3: USB revision 1.0\nuhub3: \u003cIntel UHCI root hub, class 9/0, rev 1.00/1.00, addr 1\u003e on usb3\nuhub3: 2 ports with 2 removable, self powered\nehci0: \u003cIntel 82801FB (ICH6) USB 2.0 controller\u003e mem 0xcfdc0000-0xcfdc03ff irq 20 at device 29.7 on pci0\nehci0: [GIANT-LOCKED]\nehci0: [ITHREAD]\nusb4: EHCI version 1.0\nusb4: companion controllers, 2 ports each: usb0 usb1 usb2 usb3\nusb4: \u003cIntel 82801FB (ICH6) USB 2.0 controller\u003e on ehci0\nusb4: USB revision 2.0\nuhub4: \u003cIntel EHCI root hub, class 9/0, rev 2.00/1.00, addr 1\u003e on usb4\nuhub4: 8 ports with 8 removable, self powered\npcib3: \u003cACPI PCI-PCI bridge\u003e at device 30.0 on pci0\npci5: \u003cACPI PCI bus\u003e on pcib3\npcm0: \u003cIntel ICH6 (82801FB)\u003e port 0x1000-0x10ff,0x1400-0x143f mem 0xcfdc0400-0xcfdc05ff,0xcfdc0600-0xcfdc06ff irq 21 at device 30.2 on pci0\npcm0: [ITHREAD]\npcm0: \u003cAnalog Devices AD1981B AC97 Codec\u003e\nisab0: \u003cPCI-ISA bridge\u003e at device 31.0 on pci0\nisa0: \u003cISA bus\u003e on isab0\natapci0: \u003cIntel ICH6 UDMA100 controller\u003e port 0x1f0-0x1f7,0x3f6,0x170-0x177,0x376,0x14e0-0x14ef irq 17 at device 31.1 on pci0\nata0: \u003cATA channel 0\u003e on atapci0\nata0: [ITHREAD]\nata1: \u003cATA channel 1\u003e on atapci0\nata1: [ITHREAD]\natapci1: \u003cIntel ICH6 SATA150 controller\u003e port 0x1818-0x181f,0x1830-0x1833,0x1820-0x1827,0x1834-0x1837,0x14f0-0x14ff irq 19 at device 31.2 on pci0\natapci1: [ITHREAD]\nata2: \u003cATA channel 0\u003e on atapci1\nata2: [ITHREAD]\nata3: \u003cATA channel 1\u003e on atapci1\nata3: [ITHREAD]\nacpi_button0: \u003cPower Button\u003e on acpi0\natkbdc0: \u003cKeyboard controller (i8042)\u003e port 0x60,0x64 irq 1 on acpi0\natkbd0: \u003cAT Keyboard\u003e irq 1 on atkbdc0\nkbd0 at atkbd0\natkbd0: [GIANT-LOCKED]\natkbd0: [ITHREAD]\npsm0: \u003cPS/2 Mouse\u003e irq 12 on atkbdc0\npsm0: [GIANT-LOCKED]\npsm0: [ITHREAD]\npsm0: model IntelliMouse, device ID 3\nsio0: \u003cStandard PC COM port\u003e port 0x3f8-0x3ff irq 4 flags 0x10 on acpi0\nsio0: type 16550A\nsio0: [FILTER]\nfdc0: \u003cfloppy drive controller\u003e port 0x3f0-0x3f5,0x3f7 irq 6 drq 2 on acpi0\nfdc0: [FILTER]\npmtimer0 on isa0\norm0: \u003cISA Option ROMs\u003e at iomem 0xc0000-0xca7ff,0xca800-0xcb7ff,0xcb800-0xcd7ff pnpid ORM0000 on isa0\nppc0: \u003cParallel port\u003e at port 0x378-0x37f irq 7 on isa0\nppc0: SMC-like chipset (ECP/EPP/PS2/NIBBLE) in COMPATIBLE mode\nppc0: FIFO with 16/16/13 bytes threshold\nppbus0: \u003cParallel port bus\u003e on ppc0\nppbus0: [ITHREAD]\nplip0: \u003cPLIP network interface\u003e on ppbus0\nlpt0: \u003cPrinter\u003e on ppbus0\nlpt0: Interrupt-driven port\nppi0: \u003cParallel I/O\u003e on ppbus0\nppc0: [GIANT-LOCKED]\nppc0: [ITHREAD]\nsc0: \u003cSystem console\u003e at flags 0x100 on isa0\nsc0: VGA \u003c16 virtual consoles, flags=0x300\u003e\nsio1: configured irq 3 not in bitmap of probed irqs 0\nsio1: port may not be enabled\nvga0: \u003cGeneric ISA VGA\u003e at port 0x3c0-0x3df iomem 0xa0000-0xbffff on isa0\nTimecounters tick every 1.000 msec\nhptrr: no controller detected.\nacd0: DVDROM \u003cHL-DT-STDVD-ROM GDR8164B/0B10\u003e at ata0-master UDMA40\nad4: 76319MB \u003cWDC WD800JD-60LUA0 07.01D07\u003e at ata2-master SATA150\nSMP: AP CPU #1 Launched!\nTrying to mount root from ufs:/dev/ad4s1a"
}