{
 "id": 1061298,
 "bug_id": 234031,
 "attachment_id": 0,
 "creation_time": "2019-08-10T11:57:57Z",
 "creator": "dpolyg@gmail.com",
 "text": "Hit the same issue while trying to boot kernel and world compiled from\nbase/head sources (13-CURRENT) with TARGET_ARCH=aarch64 via\nnetwork. So the loader.efi is also somehow affected and this is\nnot only ISO-images and not only amd64 related issue.\nAdd it is still present :(\n\n...(log skipped)...\n\nBOOTP broadcast 1\nDHCP client bound to address 192.168.1.201 (1 ms)\nUsing ethernet@ff540000 device\nTFTP from server 192.168.1.102; our IP address is 192.168.1.201\nFilename 'boot/loader.efi'.\nLoad address: 0x800800\nLoading: #################################################################\n         ##############################################################\n         3.9 MiB/s\ndone\nBytes transferred = 646512 (9dd70 hex)\nSpeed: 1000, full duplex\nUsing ethernet@ff540000 device\nTFTP from server 192.168.1.102; our IP address is 192.168.1.201\nFilename 'boot/loader.efi'.\nLoad address: 0x2080000\nLoading: #################################################################\n         ##############################################################\n         3.9 MiB/s\ndone\nBytes transferred = 646512 (9dd70 hex)\nSpeed: 1000, full duplex\nUsing ethernet@ff540000 device\nTFTP from server 192.168.1.102; our IP address is 192.168.1.201\nFilename 'boot/dtb/rockchip/rk3328-rock64.dtb'.\nLoad address: 0x1f00000\nLoading: ##########\n         3.4 MiB/s\ndone\nBytes transferred = 49194 (c02a hex)\nScanning disk rksdmmc@ff500000.blk...\nCard did not respond to voltage select!\nScanning disk rksdmmc@ff520000.blk...\nDisk rksdmmc@ff520000.blk not ready\nFound 2 disks\nConsoles: EFI console\n    Reading loader env vars from /efi/freebsd/loader.env\nFreeBSD/arm64 EFI loader, Revision 1.1\n(Sat Aug 10 14:11:30 JST 2019 denis@buildarm)\n\n   Command line arguments: loader.efi\n   EFI version: 2.70\n   EFI Firmware: Das U-Boot (rev 8217.1792)\n   Console: efi (0)\n   Load Path: /boot\\dtb\\rockchip\\rk3328-rock64\n   Load Device: /VenHw(e61d73b9-a384-4acc-aeab-82e828f3628b)/MAC(82d605ceda87,0x1)\nSetting currdev to net0:\nSpeed: 1000, full duplex\nnet0: cannot set rx. filters (status=3)\nSetting currdev to net0:\nStartup error in /boot/lua/loader.lua:\nLUA ERROR: cannot open /boot/lua/loader.lua: no such file or directory.\n\ncan't load 'kernel'\n\nType '?' for a list of commands, 'help' for more detailed help.\nOK"
}