{
 "id": 347842,
 "bug_id": 103041,
 "attachment_id": 0,
 "creation_time": "2006-11-27T03:08:54Z",
 "creator": "ports@logvinov.com",
 "text": "Hello! \n\nSame problem with FreeBSD 6.2-RC1 and Intel SE7230NH1-E.\n\n# kldload ipmi\nsio1: configured irq 3 not in bitmap of probed irqs 0\nsio1: port may not be enabled\nipmi0: \u003cIPMI System Interface\u003e port 0x2048-0x204b mem 0x481a0000-0x481a0fff irq 16 at device 0.4 on pci4\nipmi0: using KSC interface\nipmi0: KCS: Failed to read address\nipmi0: KCS: Failed to read address\nipmi0: KCS: Failed to read address\nipmi0: Failed GET_DEVICE_ID: 5\n\n# kldunload ipmi\n\nFatal trap 12: page fault while in kernel mode \ncpuid = 0; apic id = 00\nfault virtual address = 0x0\nfault code = supervisor read, page not present\ninstruction pointer = 0x20:0xc04b6251\nstack pointer = 0x28:0xe724db84\nframe pointer = 0x28:0xe724db84\ncode segment = base 0x0, limit 0xfffff, type 0x1b = DPL 0, pres 1, def32 1, gran 1 \nprocessor eflags = interrupt enabled, resume, IOPL = 0 \ncurrent process = 1260 (kldunload) \ntrap number = 12\npanic: page fault \ncpuid = 0\nUptime: 25s\n\n# kgdb /boot/kernel/kernel vmcore.1\n[GDB will not be able to debug user-mode threads: /usr/lib/libthread_db.so: Undefined symbol \"ps_pglobal_lookup\"]\nGNU gdb 6.1.1 [FreeBSD]\nCopyright 2004 Free Software Foundation, Inc.\nGDB is free software, covered by the GNU General Public License, and you are\nwelcome to change it and/or distribute copies of it under certain conditions.\nType \"show copying\" to see the conditions.\nThere is absolutely no warranty for GDB.  Type \"show warranty\" for details.\nThis GDB was configured as \"i386-marcel-freebsd\".\n(no debugging symbols found)...Attempt to extract a component of a value that is not a structure pointer.\n(kgdb) bt\n#0  0xc0506661 in doadump ()\n#1  0xc0506cc9 in boot ()\n#2  0xc05072e7 in panic ()\n#3  0xc065e228 in trap_fatal ()\n#4  0xc065e4c8 in trap_pfault ()\n#5  0xc065e8b0 in trap ()\n#6  0xc064927a in calltrap ()\n#7  0xc04b6251 in devfs_destroy ()\n#8  0xc04d3187 in destroy_devl ()\n#9  0xc04d3390 in destroy_dev ()\n#10 0xc4f6cf95 in ?? ()\n#11 0x00000000 in ?? ()\n#12 0x00000000 in ?? ()\n#13 0xc4f7119d in ?? ()\n#14 0x00000381 in ?? ()\n#15 0xc47af680 in ?? ()\n#16 0xc47af680 in ?? ()\n#17 0xc47af680 in ?? ()\n#18 0x00000000 in ?? ()\n#19 0xe724dc08 in ?? ()\n#20 0xc05201f1 in device_detach ()\n#21 0xc4f42854 in ?? ()\n#22 0xc06b9558 in device_shutdown_method_default ()\n#23 0xc4f7117a in ?? ()\n#24 0xc4f72350 in ?? ()\n#25 0xc4a9b050 in ?? ()\n#26 0xc47af680 in ?? ()\n#27 0x00000000 in ?? ()\n#28 0xe724dc28 in ?? ()\n#29 0xc05204bb in devclass_delete_driver ()\nPrevious frame inner to this frame (corrupt stack?)\n(kgdb)\n\n# dmesg\nCopyright (c) 1992-2006 The FreeBSD Project.\nCopyright (c) 1979, 1980, 1983, 1986, 1988, 1989, 1991, 1992, 1993, 1994\n        The Regents of the University of California. All rights reserved.\nFreeBSD is a registered trademark of The FreeBSD Foundation.\nFreeBSD 6.2-RC1 #3: Mon Nov 27 11:01:20 YAKT 2006\n    user@host:/usr/obj/usr/src/sys/AKA\nTimecounter \"i8254\" frequency 1193182 Hz quality 0\nCPU: Intel(R) Pentium(R) D CPU 3.00GHz (2998.50-MHz 686-class CPU)\n  Origin = \"GenuineIntel\"  Id = 0xf62  Stepping = 2\n  Features=0xbfebfbff\u003cFPU,VME,DE,PSE,TSC,MSR,PAE,MCE,CX8,APIC,SEP,MTRR,PGE,MCA,CMOV,PAT,PSE36,CLFLUSH,DTS,ACPI,MMX,FXSR,SSE,SSE2,SS,HTT,TM,PBE\u003e\n  Features2=0xe43d\u003cSSE3,RSVD2,MON,DS_CPL,VMX,CNTX-ID,CX16,\u003cb14\u003e,\u003cb15\u003e\u003e\n  AMD Features=0x20000000\u003cLM\u003e\n  AMD Features2=0x1\u003cLAHF\u003e\n  Cores per package: 2\nreal memory  = 1072128000 (1022 MB)\navail memory = 1044226048 (995 MB)\nACPI APIC Table: \u003cINTEL  04DT044 \u003e\nFreeBSD/SMP: Multiprocessor System Detected: 2 CPUs\n cpu0 (BSP): APIC ID:  0\n cpu1 (AP): APIC ID:  1\nioapic0: Changing APIC ID to 5\nioapic1: WARNING: intbase 30 != expected base 24\nioapic0 \u003cVersion 2.0\u003e irqs 0-23 on motherboard\nioapic1 \u003cVersion 2.0\u003e irqs 30-53 on motherboard\nkbd1 at kbdmux0\nacpi0: \u003cINTEL 04DT044\u003e on motherboard\nacpi0: Power Button (fixed)\nTimecounter \"ACPI-fast\" frequency 3579545 Hz quality 1000\nacpi_timer0: \u003c24-bit timer at 3.579545MHz\u003e port 0x408-0x40b on acpi0\ncpu0: \u003cACPI CPU\u003e on acpi0\ncpu1: \u003cACPI CPU\u003e on acpi0\nacpi_button0: \u003cSleep Button\u003e on acpi0\npcib0: \u003cACPI Host-PCI bridge\u003e port 0xcf8-0xcff on acpi0\npci0: \u003cACPI PCI bus\u003e on pcib0\npcib1: \u003cACPI PCI-PCI bridge\u003e at device 28.0 on pci0\npci1: \u003cACPI PCI bus\u003e on pcib1\npcib2: \u003cACPI PCI-PCI bridge\u003e at device 0.0 on pci1\npci2: \u003cACPI PCI bus\u003e on pcib2\npcib3: \u003cACPI PCI-PCI bridge\u003e at device 28.4 on pci0\npci3: \u003cACPI PCI bus\u003e on pcib3\npcib4: \u003cACPI PCI-PCI bridge\u003e at device 28.5 on pci0\npci4: \u003cACPI PCI bus\u003e on pcib4\nem0: \u003cIntel(R) PRO/1000 Network Connection Version - 6.2.9\u003e port 0x2000-0x201f mem 0x48180000-0x4819ffff,0x48100000-0x4817ffff irq 17 at device 0.0 on pci4\nem0: Ethernet address: 00:13:20:d6:12:bb\natapci0: \u003cGENERIC ATA controller\u003e port 0x2040-0x2047,0x2050-0x2053,0x2038-0x203f,0x204c-0x204f,0x2020-0x202f irq 18 at device 0.2 on pci4\nata2: \u003cATA channel 0\u003e on atapci0\nata3: \u003cATA channel 1\u003e on atapci0\npci4: \u003csimple comms, UART\u003e at device 0.3 (no driver attached)\npci4: \u003cserial bus\u003e at device 0.4 (no driver attached)\nuhci0: \u003cUHCI (generic) USB controller\u003e port 0x3080-0x309f irq 23 at device 29.0 on pci0\nuhci0: [GIANT-LOCKED]\nusb0: \u003cUHCI (generic) USB controller\u003e on uhci0\nusb0: USB revision 1.0\nuhub0: Intel UHCI root hub, class 9/0, rev 1.00/1.00, addr 1\nuhub0: 2 ports with 2 removable, self powered\nuhci1: \u003cUHCI (generic) USB controller\u003e port 0x3060-0x307f irq 19 at device 29.1 on pci0\nuhci1: [GIANT-LOCKED]\nusb1: \u003cUHCI (generic) USB controller\u003e on uhci1\nusb1: USB revision 1.0\nuhub1: Intel UHCI root hub, class 9/0, rev 1.00/1.00, addr 1\nuhub1: 2 ports with 2 removable, self powered\nuhci2: \u003cUHCI (generic) USB controller\u003e port 0x3040-0x305f irq 18 at device 29.2 on pci0\nuhci2: [GIANT-LOCKED]\nusb2: \u003cUHCI (generic) USB controller\u003e on uhci2\nusb2: USB revision 1.0\nuhub2: Intel UHCI root hub, class 9/0, rev 1.00/1.00, addr 1\nuhub2: 2 ports with 2 removable, self powered\nuhci3: \u003cUHCI (generic) USB controller\u003e port 0x3020-0x303f irq 16 at device 29.3 on pci0\nuhci3: [GIANT-LOCKED]\nusb3: \u003cUHCI (generic) USB controller\u003e on uhci3\nusb3: USB revision 1.0\nuhub3: Intel UHCI root hub, class 9/0, rev 1.00/1.00, addr 1\nuhub3: 2 ports with 2 removable, self powered\nehci0: \u003cIntel 82801GB/R (ICH7) USB 2.0 controller\u003e mem 0x48200400-0x482007ff irq 23 at device 29.7 on pci0\nehci0: [GIANT-LOCKED]\nusb4: EHCI version 1.0\nusb4: companion controllers, 2 ports each: usb0 usb1 usb2 usb3\nusb4: \u003cIntel 82801GB/R (ICH7) USB 2.0 controller\u003e on ehci0\nusb4: USB revision 2.0\nuhub4: Intel EHCI root hub, class 9/0, rev 2.00/1.00, addr 1\nuhub4: 8 ports with 8 removable, self powered\npcib5: \u003cACPI PCI-PCI bridge\u003e at device 30.0 on pci0\npci5: \u003cACPI PCI bus\u003e on pcib5\npci5: \u003cdisplay, VGA\u003e at device 4.0 (no driver attached)\nem1: \u003cIntel(R) PRO/1000 Network Connection Version - 6.2.9\u003e port 0x1100-0x113f mem 0x48020000-0x4803ffff,0x48000000-0x4801ffff irq 17 at device 5.0 on pci5\nem1: Ethernet address: 00:13:20:d6:12:bc\nisab0: \u003cPCI-ISA bridge\u003e at device 31.0 on pci0\nisa0: \u003cISA bus\u003e on isab0\natapci1: \u003cIntel ICH7 UDMA100 controller\u003e port 0x1f0-0x1f7,0x3f6,0x170-0x177,0x376,0x30b0-0x30bf irq 18 at device 31.1 on pci0\nata0: \u003cATA channel 0\u003e on atapci1\nata1: \u003cATA channel 1\u003e on atapci1\natapci2: \u003cIntel ICH7 SATA300 controller\u003e port 0x30c8-0x30cf,0x30e4-0x30e7,0x30c0-0x30c7,0x30e0-0x30e3,0x30a0-0x30af mem 0x48200000-0x482003ff irq 19 at device 31.2 on pci0\natapci2: AHCI Version 01.10 controller with 4 ports detected\nata4: \u003cATA channel 0\u003e on atapci2\nata5: \u003cATA channel 1\u003e on atapci2\nata6: \u003cATA channel 2\u003e on atapci2\nata7: \u003cATA channel 3\u003e on atapci2\nichsmb0: \u003cSMBus controller\u003e port 0x3000-0x301f irq 19 at device 31.3 on pci0\nichsmb0: [GIANT-LOCKED]\nsmbus0: \u003cSystem Management Bus\u003e on ichsmb0\natkbdc0: \u003cKeyboard controller (i8042)\u003e port 0x60,0x64 irq 1 on acpi0\natkbd0: \u003cAT Keyboard\u003e irq 1 on atkbdc0\nkbd0 at atkbd0\natkbd0: [GIANT-LOCKED]\nsio0: \u003c16550A-compatible COM port\u003e port 0x3f8-0x3ff irq 4 flags 0x10 on acpi0\nsio0: type 16550A\norm0: \u003cISA Option ROM\u003e at iomem 0xc0000-0xcafff on isa0\nsc0: \u003cSystem console\u003e at flags 0x100 on isa0\nsc0: VGA \u003c16 virtual consoles, flags=0x300\u003e\nsio1: configured irq 3 not in bitmap of probed irqs 0\nsio1: port may not be enabled\nvga0: \u003cGeneric ISA VGA\u003e at port 0x3c0-0x3df iomem 0xa0000-0xbffff on isa0\nTimecounters tick every 1.000 msec\nipfw2 (+ipv6) initialized, divert loadable, rule-based forwarding enabled, default to deny, logging limited to 100 packets/entry by default\nacd0: DVDR \u003cPIONEER DVD-RW DVR-K16/1.33\u003e at ata0-master UDMA33\nad8: 152627MB \u003cWDC WD1600JS-00MHB0 02.01C03\u003e at ata4-master SATA300\nad10: 152627MB \u003cWDC WD1600JS-00MHB0 02.01C03\u003e at ata5-master SATA300\nar0: 152520MB \u003cLSILogic v3 MegaRAID RAID1\u003e status: READY\nar0: disk0 READY (master) using ad8 at ata4-master\nar0: disk1 READY (mirror) using ad10 at ata5-master\nSMP: AP CPU #1 Launched!\nTrying to mount root from ufs:/dev/ar0s1a\nWARNING: / was not properly dismounted\ncd0 at ata0 bus 0 target 0 lun 0\ncd0: \u003cPIONEER DVD-RW  DVR-K16 1.33\u003e Removable CD-ROM SCSI-0 device\ncd0: 33.000MB/s transfers\ncd0: Attempt to query device size failed: NOT READY, Medium not present\n\n# pciconf -lv\nhostb0@pci0:0:0:        class=0x060000 card=0x346a8086 chip=0x27788086 rev=0x00 hdr=0x00\n    vendor   = 'Intel Corporation'\n    device   = 'Server Memory Controller Hub'\n    class    = bridge\n    subclass = HOST-PCI\npcib1@pci0:28:0:        class=0x060400 card=0x00000040 chip=0x27d08086 rev=0x01 hdr=0x01\n    vendor   = 'Intel Corporation'\n    device   = '82801G (ICH7 Family) PCI Express Root Port'\n    class    = bridge\n    subclass = PCI-PCI\npcib3@pci0:28:4:        class=0x060400 card=0x00000040 chip=0x27e08086 rev=0x01 hdr=0x01\n    vendor   = 'Intel Corporation'\n    device   = '82801GR/GH/GHM (ICH7 Family) PCI Express Root Port'\n    class    = bridge\n    subclass = PCI-PCI\npcib4@pci0:28:5:        class=0x060400 card=0x00000040 chip=0x27e28086 rev=0x01 hdr=0x01\n    vendor   = 'Intel Corporation'\n    device   = '82801GR/GH/GHM (ICH7 Family) PCI Express Root Port'\n    class    = bridge\n    subclass = PCI-PCI\nuhci0@pci0:29:0:        class=0x0c0300 card=0x346a8086 chip=0x27c88086 rev=0x01 hdr=0x00\n    vendor   = 'Intel Corporation'\n    device   = '82801G (ICH7 Family) USB Universal Host Controller'\n    class    = serial bus\n    subclass = USB\nuhci1@pci0:29:1:        class=0x0c0300 card=0x346a8086 chip=0x27c98086 rev=0x01 hdr=0x00\n    vendor   = 'Intel Corporation'\n    device   = '82801G (ICH7 Family) USB Universal Host Controller'\n    class    = serial bus\n    subclass = USB\nuhci2@pci0:29:2:        class=0x0c0300 card=0x346a8086 chip=0x27ca8086 rev=0x01 hdr=0x00\n    vendor   = 'Intel Corporation'\n    device   = '82801G (ICH7 Family) USB Universal Host Controller'\n    class    = serial bus\n    subclass = USB\nuhci3@pci0:29:3:        class=0x0c0300 card=0x346a8086 chip=0x27cb8086 rev=0x01 hdr=0x00\n    vendor   = 'Intel Corporation'\n    device   = '82801G (ICH7 Family) USB Universal Host Controller'\n    class    = serial bus\n    subclass = USB\nehci0@pci0:29:7:        class=0x0c0320 card=0x346a8086 chip=0x27cc8086 rev=0x01 hdr=0x00\n    vendor   = 'Intel Corporation'\n    device   = '82801G (ICH7 Family) USB 2.0 Enhanced Host Controller'\n    class    = serial bus\n    subclass = USB\npcib5@pci0:30:0:        class=0x060401 card=0x00000050 chip=0x244e8086 rev=0xe1 hdr=0x01\n    vendor   = 'Intel Corporation'\n    device   = '82801BA/CA/DB/DBL/EB/ER/FB (ICH2/3/4/4/5/5/6), 6300ESB Hub Interface to PCI Bridge'\n    class    = bridge\n    subclass = PCI-PCI\nisab0@pci0:31:0:        class=0x060100 card=0x346a8086 chip=0x27b88086 rev=0x01 hdr=0x00\n    vendor   = 'Intel Corporation'\n    device   = '82801GB/GR (ICH7 Family) LPC Interface Controller'\n    class    = bridge\n    subclass = PCI-ISA\natapci1@pci0:31:1:      class=0x01018a card=0x346a8086 chip=0x27df8086 rev=0x01 hdr=0x00\n    vendor   = 'Intel Corporation'\n    device   = '82801G (ICH7 Family) Ultra ATA Storage Controller'\n    class    = mass storage\n    subclass = ATA\natapci2@pci0:31:2:      class=0x010400 card=0x346b8086 chip=0x27c38086 rev=0x01 hdr=0x00\n    vendor   = 'Intel Corporation'\n    device   = '82801GB I/O Controller Hub SATA cc=RAID'\n    class    = mass storage\n    subclass = RAID\nichsmb0@pci0:31:3:      class=0x0c0500 card=0x346a8086 chip=0x27da8086 rev=0x01 hdr=0x00\n    vendor   = 'Intel Corporation'\n    device   = '82801G (ICH7 Family) SMBus Controller'\n    class    = serial bus\n    subclass = SMBus\npcib2@pci1:0:0: class=0x060400 card=0x00000044 chip=0x032c8086 rev=0x09 hdr=0x01\n    vendor   = 'Intel Corporation'\n    device   = '6702PXH PCI Express-to-PCI Express Bridge'\n    class    = bridge\n    subclass = PCI-PCI\nem0@pci4:0:0:   class=0x020000 card=0x30a28086 chip=0x108c8086 rev=0x03 hdr=0x00\n    vendor   = 'Intel Corporation'\n    device   = 'PRO/1000 PM'\n    class    = network\n    subclass = ethernet\natapci0@pci4:0:2:       class=0x010185 card=0x00008086 chip=0x108d8086 rev=0x03 hdr=0x00\n    vendor   = 'Intel Corporation'\n    class    = mass storage\n    subclass = ATA\nnone0@pci4:0:3: class=0x070002 card=0x00008086 chip=0x108f8086 rev=0x03 hdr=0x00\n    vendor   = 'Intel Corporation'\n    class    = simple comms\n    subclass = UART\nnone1@pci4:0:4: class=0x0c0701 card=0x00008086 chip=0x108e8086 rev=0x03 hdr=0x00\n    vendor   = 'Intel Corporation'\n    class    = serial bus\nnone2@pci5:4:0: class=0x030000 card=0x515e8086 chip=0x515e1002 rev=0x02 hdr=0x00\n    vendor   = 'ATI Technologies Inc'\n    class    = display\n    subclass = VGA\nem1@pci5:5:0:   class=0x020000 card=0x30a18086 chip=0x10768086 rev=0x05 hdr=0x00\n    vendor   = 'Intel Corporation'\n    device   = '82547EI Gigabit Ethernet Controller'\n    class    = network\n    subclass = ethernet\n  \n\n--\nBest regards,\n Alexander                          mailto:ports@logvinov.com"
}