{
 "id": 1254171,
 "bug_id": 270632,
 "attachment_id": 0,
 "creation_time": "2023-04-08T00:25:46Z",
 "creator": "rajeev_v_pillai@yahoo.com",
 "text": "I don't think the type of drive matters. Here's the result on:\n\n```\n$ uname -a\nFreeBSD x202e.localdomain 13.1-RELEASE-p6 FreeBSD 13.1-RELEASE-p6 GENERIC amd64\n$ \n```\n\nUsing an md(4) device as you have:\n\n```\nroot@x202e:/tmp # mdconfig -s 512M\nmd0\nroot@x202e:/tmp # mke2fs -t ext4 /dev/md0\nmke2fs 1.47.0 (5-Feb-2023)\nCreating filesystem with 131072 4k blocks and 32768 inodes\nFilesystem UUID: 72469c07-7520-4c45-ae18-4a0129c7300b\nSuperblock backups stored on blocks: \n        32768, 98304\n\nAllocating group tables: done                            \nWriting inode tables: done                            \nCreating journal (4096 blocks): done\nWriting superblocks and filesystem accounting information: done\n\nroot@x202e:/tmp # mount -t ext2fs /dev/md0 /mnt\nroot@x202e:/tmp # echo 'hello world' \u003e/mnt/a.txt\nroot@x202e:/tmp # ed -s /mnt/a.txt \u003c\u003c\\EoF\n\u003e 1s/./\u0026/\n\u003e wq\n\u003e EoF\nroot@x202e:/tmp # cat /mnt/a.txt\nhello world\nroot@x202e:/tmp # umount /mnt\nroot@x202e:/tmp # mount -r -t ext2fs /dev/md0 /mnt\nroot@x202e:/tmp # hd /mnt/a.txt \n00000000  00 00 00 00 00 00 00 00  00 00 00 00              |............|\n0000000c\nroot@x202e:/tmp # \n```\n\nI will try with the latest -CURRENT snapshot tomorrow."
}