{
 "id": 1254144,
 "bug_id": 270632,
 "attachment_id": 0,
 "creation_time": "2023-04-07T17:31:41Z",
 "creator": "fsu@FreeBSD.org",
 "text": "Hi, Rajeev.\n\nThanks a lot for bug report and detailed reproducer.\n\nThe problem is, that I did not managed to reproduce the issue locally. I've tried VMWare and qemu VMs, but failed in both cases (see below).\n\nCould you please provide the dmesg description of your USB thumb drive.\n\nAlso, it would be great if you will be able to reproduce it on main kernel and check the same reproducer on ufs.\n\n=== VMWare player FreeBSD guest:\nroot@fb:~ # mdconfig -s 1G\nmd0\nroot@fb:~ # mkfs.ext4 /dev/md0\nmke2fs 1.47.0 (5-Feb-2023)\nCreating filesystem with 262144 4k blocks and 65536 inodes\nFilesystem UUID: 6431b66c-ddaa-466c-abbe-add74f0465d4\nSuperblock backups stored on blocks:\n        32768, 98304, 163840, 229376\n\nAllocating group tables: done\nWriting inode tables: done\nCreating journal (8192 blocks): done\nWriting superblocks and filesystem accounting information: done\n\nroot@fb:~ # mount -t ext2fs /dev/md0 /mnt\nroot@fb:~ # echo 'hello world' \u003e/mnt/a.txt\nroot@fb:~ # ed -s /mnt/a.txt \u003c\u003c\\EoF\n\u003e 1s/./\u0026/\n\u003e wq\n\u003e EoF\nroot@fb:~ # cat /mnt/a.txt\nhello world\nroot@fb:~ # umount /mnt\nroot@fb:~ # mount -r -t ext2fs /dev/da0p1 /mnt\nmount: /dev/da0p1: Invalid fstype: Invalid argument\nroot@fb:~ # mount -r -t ext2fs /dev/md0 /mnt\nroot@fb:~ # hexdump -C /mnt/a.txt\n00000000  68 65 6c 6c 6f 20 77 6f  72 6c 64 0a              |hello world.|\n0000000c\nroot@fb:~ # cat /mnt/a.txt\nhello world\n\n\n=== Flash drive, connected to VMWare player FreeBSD guest:\nugen1.2: \u003cSamsung Flash Drive FIT\u003e at usbus1\numass0 on uhub1\numass0: \u003cSamsung Flash Drive FIT, class 0/0, rev 3.10/11.00, addr 2\u003e on usbus1\numass0:  SCSI over Bulk-Only; quirks = 0x4000\numass0:3:0: Attached to scbus3\nda1 at umass-sim0 bus 0 scbus3 target 0 lun 0\nda1: \u003cSamsung Flash Drive FIT 1100\u003e Removable Direct Access SPC-4 SCSI device\nda1: Serial Number 0321821010021934\nda1: 40.000MB/s transfers\nda1: 122376MB (250626566 512 byte sectors)\nda1: quirks=0x2\u003cNO_6_BYTE\u003e\nroot@fb:~ # ls /dev | grep da\nda0\nda0s1\nda0s1a\nda0s1b\nda1\nda1p1\nda1p2\nroot@fb:~ # mount -t ext2fs /dev/da1p1 /mnt\nroot@fb:~ # echo 'hello world' \u003e/mnt/a.txt\nroot@fb:~ # ed -s /mnt/a.txt \u003c\u003c\\EoF\n\u003e 1s/./\u0026/\n\u003e wq\n\u003e EoF\nroot@fb:~ # cat /mnt/a.txt\nhello world\nroot@fb:~ # umount /mnt\nroot@fb:~ # mount -r -t ext2fs /dev/da1p1 /mnt\nroot@fb:~ # hexdump -C /mnt/a.txt\n00000000  68 65 6c 6c 6f 20 77 6f  72 6c 64 0a              |hello world.|\n0000000c\nroot@fb:~ # umount /mnt\n\n\n=== qemu emulated usb drive:\nroot@fb:~ # mke2fs -L thumbdrive -t ext4 /dev/da0\nmke2fs 1.47.0 (5-Feb-2023)\nCreating filesystem with 1048576 4k blocks and 262144 inodes\nFilesystem UUID: 203eaac3-f303-42e7-976c-6e12138e2b1f\nSuperblock backups stored on blocks: \n\t32768, 98304, 163840, 229376, 294912, 819200, 884736\n\nAllocating group tables: done                            \nWriting inode tables: done                            \nCreating journal (16384 blocks): done\nWriting superblocks and filesystem accounting information: done \n\nroot@fb:~ # mount -t ext2fs /dev/da0p1 /mnt\nmount: /dev/da0p1: Invalid fstype: Invalid argument\nroot@fb:~ # mount -t ext2fs /dev/da0 /mnt\nroot@fb:~ # echo 'hello world' \u003e/mnt/a.txt\nroot@fb:~ # ed -s /mnt/a.txt \u003c\u003c\\EoF\n\u003e 1s/./\u0026/\n\u003e wq\n\u003e EoF\nroot@fb:~ # cat /mnt/a.txt\nhello world\nroot@fb:~ # umount /mnt\nroot@fb:~ # mount -r -t ext2fs /dev/da0 /mnt\nroot@fb:~ # hexdump -C /mnt/a.txt\n00000000  68 65 6c 6c 6f 20 77 6f  72 6c 64 0a              |hello world.|\n0000000c\n\nFor all cases:\nroot@fb:~ # uname -a\nFreeBSD fb 14.0-CURRENT FreeBSD 14.0-CURRENT #0 main-n261872-1fb7d2cf999e: Thu Mar 30 10:18:47 UTC 2023     root@releng1.nyi.freebsd.org:/usr/obj/usr/src/amd64.amd64/sys/GENERIC amd64"
}