{
 "id": 1254694,
 "bug_id": 270632,
 "attachment_id": 0,
 "creation_time": "2023-04-10T18:17:02Z",
 "creator": "marklmi26-fbsd@yahoo.com",
 "text": "(In reply to Mark Millard from comment #12)\n\nI replaced the media content with a 13.2-RELEASE image and\nrepeated the experiment with the script. The result was the\nsame failure (\\0 bytes).\n\nroot@generic:~ # uname -apKU\nFreeBSD generic 13.2-RELEASE FreeBSD 13.2-RELEASE releng/13.2-n254617-525ecfdad597 GENERIC arm64 aarch64 1302001 1302001\nroot@generic:~ # ./writes_nulls_check.sh \nThe package management tool is not yet installed on your system.\nDo you want to fetch and install it now? [y/N]: y\nBootstrapping pkg from pkg+http://pkg.FreeBSD.org/FreeBSD:13:aarch64/quarterly, please wait...\nVerifying signature with trusted certificate pkg.freebsd.org.2013102301... done\nInstalling pkg-1.19.1_1...\nExtracting pkg-1.19.1_1: 100%\nUpdating FreeBSD repository catalogue...\nFetching meta.conf: 100%    163 B   0.2kB/s    00:01    \nFetching packagesite.pkg: 100%    6 MiB   6.6MB/s    00:01    \nProcessing entries: 100%\nFreeBSD repository update completed. 31741 packages processed.\nAll repositories are up to date.\nUpdating database digests format: 100%\nThe following 6 package(s) will be affected (of 0 checked):\n\nNew packages to be INSTALLED:\n        e2fsprogs: 1.47.0\n        e2fsprogs-core: 1.47.0\n        e2fsprogs-libblkid: 1.47.0\n        e2fsprogs-libuuid: 1.47.0\n        gettext-runtime: 0.21.1\n        indexinfo: 0.3.1\n\nNumber of packages to be installed: 6\n\nThe process will require 8 MiB more space.\n2 MiB to be downloaded.\n\nProceed with this action? [y/N]: y\n[1/6] Fetching indexinfo-0.3.1.pkg: 100%    5 KiB   5.5kB/s    00:01    \n[2/6] Fetching e2fsprogs-core-1.47.0.pkg: 100%    1 MiB   1.2MB/s    00:01    \n[3/6] Fetching e2fsprogs-libblkid-1.47.0.pkg: 100%   31 KiB  31.5kB/s    00:01    \n[4/6] Fetching gettext-runtime-0.21.1.pkg: 100%  159 KiB 163.0kB/s    00:01    \n[5/6] Fetching e2fsprogs-libuuid-1.47.0.pkg: 100%   33 KiB  33.7kB/s    00:01    \n[6/6] Fetching e2fsprogs-1.47.0.pkg: 100%  294 KiB 301.0kB/s    00:01    \nChecking integrity... done (0 conflicting)\n[1/6] Installing indexinfo-0.3.1...\n[1/6] Extracting indexinfo-0.3.1: 100%\n[2/6] Installing e2fsprogs-libuuid-1.47.0...\n[2/6] Extracting e2fsprogs-libuuid-1.47.0: 100%\n[3/6] Installing e2fsprogs-libblkid-1.47.0...\n[3/6] Extracting e2fsprogs-libblkid-1.47.0: 100%\n[4/6] Installing gettext-runtime-0.21.1...\n[4/6] Extracting gettext-runtime-0.21.1: 100%\n[5/6] Installing e2fsprogs-core-1.47.0...\n[5/6] Extracting e2fsprogs-core-1.47.0: 100%\n[6/6] Installing e2fsprogs-1.47.0...\n[6/6] Extracting e2fsprogs-1.47.0: 100%\n=====\nMessage from e2fsprogs-core-1.47.0:\n\n--\nNote: this is a modified version of the e2fsprogs package, not the official\npackage. Report all building and run-time trouble that originates in the\npackage to the port maintainer, mandree@FreeBSD.org.\nmke2fs 1.47.0 (5-Feb-2023)\nCreating filesystem with 131072 4k blocks and 32768 inodes\nFilesystem UUID: 998ad939-1058-4b54-998b-1cbf34318363\nSuperblock backups stored on blocks: \n        32768, 98304\n\nAllocating group tables: done                            \nWriting inode tables: done                            \nCreating journal (4096 blocks): done\nWriting superblocks and filesystem accounting information: done\n\n00000000  00 00 00 00 00 00 00 00  00 00 00 00              |............|\n0000000c"
}