{
 "id": 993344,
 "bug_id": 228398,
 "attachment_id": 0,
 "creation_time": "2018-05-21T14:07:59Z",
 "creator": "vermaden@interia.pl",
 "text": "% cat /var/run/dmesg.boot \nCopyright (c) 1992-2018 The FreeBSD Project.\nCopyright (c) 1979, 1980, 1983, 1986, 1988, 1989, 1991, 1992, 1993, 1994\n        The Regents of the University of California. All rights reserved.\nFreeBSD is a registered trademark of The FreeBSD Foundation.\nFreeBSD 11.2-BETA2 #0 r333797: Fri May 18 20:46:24 UTC 2018\n    root@releng2.nyi.freebsd.org:/usr/obj/usr/src/sys/GENERIC amd64\nFreeBSD clang version 6.0.0 (tags/RELEASE_600/final 326565) (based on LLVM 6.0.0)\nVT(vga): resolution 640x480\nCPU: Intel(R) Core(TM) i5-2520M CPU @ 2.50GHz (2491.96-MHz K8-class CPU)\n  Origin=\"GenuineIntel\"  Id=0x206a7  Family=0x6  Model=0x2a  Stepping=7\n  Features=0xbfebfbff\u003cFPU,VME,DE,PSE,TSC,MSR,PAE,MCE,CX8,APIC,SEP,MTRR,PGE,MCA,CMOV,PAT,PSE36,CLFLUSH,DTS,ACPI,MMX,FXSR,SSE,SSE2,SS,HTT,TM,PBE\u003e\n  Features2=0x1fbae3ff\u003cSSE3,PCLMULQDQ,DTES64,MON,DS_CPL,VMX,SMX,EST,TM2,SSSE3,CX16,xTPR,PDCM,PCID,SSE4.1,SSE4.2,x2APIC,POPCNT,TSCDLT,AESNI,XSAVE,OSXSAVE,AVX\u003e\n  AMD Features=0x28100800\u003cSYSCALL,NX,RDTSCP,LM\u003e\n  AMD Features2=0x1\u003cLAHF\u003e\n  XSAVE Features=0x1\u003cXSAVEOPT\u003e\n  VT-x: PAT,HLT,MTF,PAUSE,EPT,UG,VPID\n  TSC: P-state invariant, performance statistics\nreal memory  = 8589934592 (8192 MB)\navail memory = 8143024128 (7765 MB)\nEvent timer \"LAPIC\" quality 600\nACPI APIC Table: \u003cLENOVO TP-8C   \u003e\nFreeBSD/SMP: Multiprocessor System Detected: 2 CPUs\nFreeBSD/SMP: 1 package(s) x 2 core(s)\nioapic0 \u003cVersion 2.0\u003e irqs 0-23 on motherboard\nSMP: AP CPU #1 Launched!\nTimecounter \"TSC-low\" frequency 1245977912 Hz quality 1000\nrandom: entropy device external interface\nkbd1 at kbdmux0\nnetmap: loaded module\nmodule_register_init: MOD_LOAD (vesa, 0xffffffff80ff4510, 0) error 19\nnexus0\nvtvga0: \u003cVT VGA driver\u003e on motherboard\ncryptosoft0: \u003csoftware crypto\u003e on motherboard\nacpi0: \u003cLENOVO TP-8C\u003e on motherboard\nacpi_ec0: \u003cEmbedded Controller: GPE 0x11, ECDT\u003e port 0x62,0x66 on acpi0\nacpi0: Power Button (fixed)\ncpu0: \u003cACPI CPU\u003e on acpi0\ncpu1: \u003cACPI CPU\u003e on acpi0\nattimer0: \u003cAT timer\u003e port 0x40-0x43 irq 0 on acpi0\nTimecounter \"i8254\" frequency 1193182 Hz quality 0\nEvent timer \"i8254\" frequency 1193182 Hz quality 100\nhpet0: \u003cHigh Precision Event Timer\u003e iomem 0xfed00000-0xfed003ff on acpi0\nTimecounter \"HPET\" frequency 14318180 Hz quality 950\nEvent timer \"HPET\" frequency 14318180 Hz quality 550\nEvent timer \"HPET1\" frequency 14318180 Hz quality 440\nEvent timer \"HPET2\" frequency 14318180 Hz quality 440\nEvent timer \"HPET3\" frequency 14318180 Hz quality 440\nEvent timer \"HPET4\" frequency 14318180 Hz quality 440\nEvent timer \"HPET5\" frequency 14318180 Hz quality 440\nEvent timer \"HPET6\" frequency 14318180 Hz quality 440\natrtc0: \u003cAT realtime clock\u003e port 0x70-0x71 irq 8 on acpi0\natrtc0: registered as a time-of-day clock, resolution 1.000000s\nEvent timer \"RTC\" frequency 32768 Hz quality 0\nTimecounter \"ACPI-fast\" frequency 3579545 Hz quality 900\nacpi_timer0: \u003c24-bit timer at 3.579545MHz\u003e port 0x408-0x40b on acpi0\nacpi_lid0: \u003cControl Method Lid Switch\u003e on acpi0\nacpi_button0: \u003cSleep Button\u003e on acpi0\npcib0: \u003cACPI Host-PCI bridge\u003e port 0xcf8-0xcff on acpi0\npci0: \u003cACPI PCI bus\u003e on pcib0\nvgapci0: \u003cVGA-compatible display\u003e port 0x4000-0x403f mem 0xf0000000-0xf03fffff,0xe0000000-0xefffffff irq 16 at device 2.0 on pci0\nvgapci0: Boot video device\npci0: \u003csimple comms\u003e at device 22.0 (no driver attached)\nem0: \u003cIntel(R) PRO/1000 Network Connection 7.6.1-k\u003e port 0x4080-0x409f mem 0xf1600000-0xf161ffff,0xf162b000-0xf162bfff irq 20 at device 25.0 on pci0\nem0: Using an MSI interrupt\nem0: Ethernet address: xx:xx:xx:xx:xx:xx\nem0: netmap queues/slots: TX 1/1024, RX 1/1024\nehci0: \u003cIntel Cougar Point USB 2.0 controller\u003e mem 0xf162a000-0xf162a3ff irq 16 at device 26.0 on pci0\nusbus0: EHCI version 1.0\nusbus0 on ehci0\nusbus0: 480Mbps High Speed USB v2.0\nhdac0: \u003cIntel Cougar Point HDA Controller\u003e mem 0xf1620000-0xf1623fff irq 22 at device 27.0 on pci0\npcib1: \u003cACPI PCI-PCI bridge\u003e irq 16 at device 28.0 on pci0\npcib1: [GIANT-LOCKED]\npcib2: \u003cACPI PCI-PCI bridge\u003e irq 17 at device 28.1 on pci0\npci1: \u003cACPI PCI bus\u003e on pcib2\niwn0: \u003cIntel Centrino Ultimate-N 6300\u003e mem 0xf1500000-0xf1501fff irq 17 at device 0.0 on pci1\npcib3: \u003cACPI PCI-PCI bridge\u003e irq 19 at device 28.3 on pci0\npcib3: [GIANT-LOCKED]\npci2: \u003cACPI PCI bus\u003e on pcib3\nsdhci_pci0: \u003cRICOH R5CE822 SD\u003e mem 0xf0d00000-0xf0d000ff irq 19 at device 0.0 on pci2\nsdhci_pci0: 1 slot(s) allocated\nmmc0: \u003cMMC/SD bus\u003e on sdhci_pci0\npcib4: \u003cACPI PCI-PCI bridge\u003e irq 16 at device 28.4 on pci0\npci3: \u003cACPI PCI bus\u003e on pcib4\nxhci0: \u003cNEC uPD720200 USB 3.0 controller\u003e mem 0xf0c00000-0xf0c01fff irq 16 at device 0.0 on pci3\nxhci0: 32 bytes context size, 32-bit DMA\nxhci0: Unable to map MSI-X table \nusbus1 on xhci0\nusbus1: 5.0Gbps Super Speed USB v3.0\nehci1: \u003cIntel Cougar Point USB 2.0 controller\u003e mem 0xf1629000-0xf16293ff irq 23 at device 29.0 on pci0\nusbus2: EHCI version 1.0\nusbus2 on ehci1\nusbus2: 480Mbps High Speed USB v2.0\nisab0: \u003cPCI-ISA bridge\u003e at device 31.0 on pci0\nisa0: \u003cISA bus\u003e on isab0\nahci0: \u003cIntel Cougar Point AHCI SATA controller\u003e port 0x40a8-0x40af,0x40b4-0x40b7,0x40a0-0x40a7,0x40b0-0x40b3,0x4060-0x407f mem 0xf1628000-0xf16287ff irq 19 at device 31.2 on pci0\nahci0: AHCI v1.30 with 6 6Gbps ports, Port Multiplier not supported\nahcich0: \u003cAHCI channel\u003e at channel 0 on ahci0\nahcich1: \u003cAHCI channel\u003e at channel 1 on ahci0\nahciem0: \u003cAHCI enclosure management bridge\u003e on ahci0\nacpi_tz0: \u003cThermal Zone\u003e on acpi0\natkbdc0: \u003cKeyboard controller (i8042)\u003e port 0x60,0x64 irq 1 on acpi0\natkbd0: \u003cAT Keyboard\u003e irq 1 on atkbdc0\nkbd0 at atkbd0\natkbd0: [GIANT-LOCKED]\npsm0: \u003cPS/2 Mouse\u003e irq 12 on atkbdc0\npsm0: [GIANT-LOCKED]\npsm0: model Generic PS/2 mouse, device ID 0\nbattery0: \u003cACPI Control Method Battery\u003e on acpi0\nbattery1: \u003cACPI Control Method Battery\u003e on acpi0\nacpi_acad0: \u003cAC Adapter\u003e on acpi0\norm0: \u003cISA Option ROM\u003e at iomem 0xc0000-0xcffff on isa0\nppc0: cannot reserve I/O port range\nest0: \u003cEnhanced SpeedStep Frequency Control\u003e on cpu0\nest1: \u003cEnhanced SpeedStep Frequency Control\u003e on cpu1\nZFS filesystem version: 5\nZFS storage pool version: features support (5000)\nTimecounters tick every 1.000 msec\nhdacc0: \u003cConexant CX20590 HDA CODEC\u003e at cad 0 on hdac0\nhdaa0: \u003cConexant CX20590 Audio Function Group\u003e at nid 1 on hdacc0\npcm0: \u003cConexant CX20590 (Analog 2.0+HP/2.0)\u003e at nid 31,25 and 27 on hdaa0\npcm1: \u003cConexant CX20590 (Internal Analog Mic)\u003e at nid 35 on hdaa0\nugen1.1: \u003c0x1033 XHCI root HUB\u003e at usbus1\nugen2.1: \u003cIntel EHCI root HUB\u003e at usbus2\nuhub0: \u003c0x1033 XHCI root HUB, class 9/0, rev 3.00/1.00, addr 1\u003e on usbus1\nuhub1: \u003cIntel EHCI root HUB, class 9/0, rev 2.00/1.00, addr 1\u003e on usbus2\nugen0.1: \u003cIntel EHCI root HUB\u003e at usbus0\nuhub2: \u003cIntel EHCI root HUB, class 9/0, rev 2.00/1.00, addr 1\u003e on usbus0\nmmc0: No compatible cards found on bus\nses0 at ahciem0 bus 0 scbus2 target 0 lun 0\nses0: \u003cAHCI SGPIO Enclosure 1.00 0001\u003e SEMB S-E-S 2.00 device\nses0: SEMB SES Device\nada0 at ahcich0 bus 0 scbus0 target 0 lun 0\nada0: \u003cCorsair Neutron XT SSD SAFC02.3\u003e ACS-2 ATA SATA 3.x device\nada0: Serial Number xxxxxxxxxxxxxxxxxxxxx\nada0: 600.000MB/s transfers (SATA 3.x, UDMA6, PIO 8192bytes)\nada0: Command Queueing enabled\nada0: 457862MB (937703088 512 byte sectors)\nTrying to mount root from zfs:sys/ROOT/default []...\nRoot mount waiting for: usbus2 usbus1 usbus0\nuhub0: 4 ports with 4 removable, self powered\nRoot mount waiting for: usbus2 usbus0\nuhub2: 3 ports with 3 removable, self powered\nuhub1: 3 ports with 3 removable, self powered\nugen0.2: \u003cvendor 0x8087 product 0x0024\u003e at usbus0\nuhub3 on uhub2\nuhub3: \u003cvendor 0x8087 product 0x0024, class 9/0, rev 2.00/0.00, addr 2\u003e on usbus0\nugen2.2: \u003cvendor 0x8087 product 0x0024\u003e at usbus2\nuhub4 on uhub1\nuhub4: \u003cvendor 0x8087 product 0x0024, class 9/0, rev 2.00/0.00, addr 2\u003e on usbus2\nRoot mount waiting for: usbus2 usbus0\nuhub3: 6 ports with 6 removable, self powered\nRoot mount waiting for: usbus2 usbus0\nuhub4: 8 ports with 8 removable, self powered\nugen0.3: \u003cvendor 0x17ef Lenovo USB Receiver\u003e at usbus0\nukbd0 on uhub3\nukbd0: \u003cvendor 0x17ef Lenovo USB Receiver, class 0/0, rev 2.00/1.22, addr 3\u003e on usbus0\nkbd2 at ukbd0\nugen2.3: \u003cLenovo F5521gw\u003e at usbus2\nrandom: unblocking device.\ninfo: [drm] Initialized drm 1.1.0 20060810\ndrmn0: \u003cIntel SandyBridge (M)\u003e on vgapci0\ninfo: [drm] Memory usable by graphics device = 2048M\ninfo: [drm] MTRR allocation failed.  Graphics performance may suffer.\nintel_iicbb0 on drmn0\niicbus0: \u003cPhilips I2C bus\u003e on iicbb0 addr 0xff\niic0: \u003cI2C generic I/O\u003e on iicbus0\niicbus1: \u003cPhilips I2C bus\u003e on intel_gmbus0\niic1: \u003cI2C generic I/O\u003e on iicbus1\nintel_iicbb1 on drmn0\niicbus2: \u003cPhilips I2C bus\u003e on iicbb1 addr 0xff\niic2: \u003cI2C generic I/O\u003e on iicbus2\niicbus3: \u003cPhilips I2C bus\u003e on intel_gmbus1\niic3: \u003cI2C generic I/O\u003e on iicbus3\nintel_iicbb2 on drmn0\niicbus4: \u003cPhilips I2C bus\u003e on iicbb2 addr 0xff\niic4: \u003cI2C generic I/O\u003e on iicbus4\niicbus5: \u003cPhilips I2C bus\u003e on intel_gmbus2\niic5: \u003cI2C generic I/O\u003e on iicbus5\nintel_iicbb3 on drmn0\niicbus6: \u003cPhilips I2C bus\u003e on iicbb3 addr 0xff\niic6: \u003cI2C generic I/O\u003e on iicbus6\niicbus7: \u003cPhilips I2C bus\u003e on intel_gmbus3\niic7: \u003cI2C generic I/O\u003e on iicbus7\nintel_iicbb4 on drmn0\niicbus8: \u003cPhilips I2C bus\u003e on iicbb4 addr 0xff\niic8: \u003cI2C generic I/O\u003e on iicbus8\niicbus9: \u003cPhilips I2C bus\u003e on intel_gmbus4\niic9: \u003cI2C generic I/O\u003e on iicbus9\nintel_iicbb5 on drmn0\niicbus10: \u003cPhilips I2C bus\u003e on iicbb5 addr 0xff\niic10: \u003cI2C generic I/O\u003e on iicbus10\niicbus11: \u003cPhilips I2C bus\u003e on intel_gmbus5\niic11: \u003cI2C generic I/O\u003e on iicbus11\ninfo: [drm] MSI enabled 1 message(s)\ninfo: [drm] Supports vblank timestamp caching Rev 1 (10.10.2010).\ninfo: [drm] Driver supports precise vblank timestamp query.\ndrmn0: taking over the fictitious range 0xe0000000-0xf0000000\ninfo: [drm] Connector LVDS-1: get mode from tunables:\ninfo: [drm]   - kern.vt.fb.modes.LVDS-1\ninfo: [drm]   - kern.vt.fb.default_mode\ninfo: [drm] Connector VGA-1: get mode from tunables:\ninfo: [drm]   - kern.vt.fb.modes.VGA-1\ninfo: [drm]   - kern.vt.fb.default_mode\nfbd0 on drmn0\nVT: Replacing driver \"vga\" with new \"fb\".\ninfo: [drm] Initialized i915 1.6.0 20080730 for drmn0 on minor 0\naesni0: \u003cAES-CBC,AES-XTS,AES-GCM,AES-ICM\u003e on motherboard\nfuse-freebsd: version 0.4.4, FUSE ABI 7.8\ncoretemp0: \u003cCPU On-Die Thermal Sensors\u003e on cpu0\ncoretemp1: \u003cCPU On-Die Thermal Sensors\u003e on cpu1\nichsmb0: \u003cIntel Cougar Point SMBus controller\u003e port 0xefa0-0xefbf mem 0xf1624000-0xf16240ff irq 18 at device 31.3 on pci0\nsmbus0: \u003cSystem Management Bus\u003e on ichsmb0\ninfo: [drm] Enabling RC6 states: RC6 on, RC6p off, RC6pp off\nums0 on uhub3\nums0: \u003cvendor 0x17ef Lenovo USB Receiver, class 0/0, rev 2.00/1.22, addr 3\u003e on usbus0\nums0: 5 buttons and [XYZT] coordinates ID=0\nuhid0 on uhub3\nuhid0: \u003cvendor 0x17ef Lenovo USB Receiver, class 0/0, rev 2.00/1.22, addr 3\u003e on usbus0\numodem0 on uhub4\numodem0: \u003cF5521gw Mobile Broadband Modem\u003e on usbus2\numodem0: data interface 2, has CM over data, has break\numodem1 on uhub4\numodem1: \u003cF5521gw Mobile Broadband Data Modem\u003e on usbus2\numodem1: data interface 4, has CM over data, has break\numodem2 on uhub4\numodem2: \u003cF5521gw Mobile Broadband GPS Port\u003e on usbus2\numodem2: data interface 10, has CM over data, has break\ncdce0 on uhub4\ncdce0: \u003cF5521gw Mobile Broadband Network Adapter\u003e on usbus2\nue0: \u003cUSB Ethernet\u003e on cdce0\nue0: Ethernet address: xx:xx:xx:xx:xx:xx"
}