{
 "id": 1152866,
 "bug_id": 254474,
 "attachment_id": 0,
 "creation_time": "2021-03-22T03:02:50Z",
 "creator": "matsuo.hiroshi.39@gmail.com",
 "text": "In order to try 13-RC3 on my box with Mellanox ConnectX-2 card,\nI checked out 13.0 branch and made a KERNCONF file from GENERIC\nadded and removed a few lines with reference to FreeBSD Infiniband Wiki.\n\nThis kernel ran into panic at boot time. On the other hand I have confirmed \nthat both\n  13-RC3 GENERIC kernel (and mlx4 drivers compiled as module)\n  12.2 custom kernel and mlx4 drivers not as module\nwork correctly.\n\nI don't know why mlx4 drivers compiled into 13.0 kernel causes panic.\n\n\n\n\n---\u003c\u003cBOOT\u003e\u003e---\nCopyright (c) 1992-2021 The FreeBSD Project.\nCopyright (c) 1979, 1980, 1983, 1986, 1988, 1989, 1991, 1992, 1993, 1994\n        The Regents of the University of California. All rights reserved.\nFreeBSD is a registered trademark of The FreeBSD Foundation.\nFreeBSD 13.0-RC3 #1: Mon Mar 22 18:37:58 JST 2021\n    matsuo@build:/usr/obj/usr/src/amd64.amd64/sys/MICROSERVER-PR amd64\nFreeBSD clang version 11.0.1 (git@github.com:llvm/llvm-project.git llvmorg-11.0.1-0-g43ff75f2c3fe)\nVT(vga): resolution 640x480\nCPU: AMD Turion(tm) II Neo N54L Dual-Core Processor (2196.39-MHz K8-class CPU)\n  Origin=\"AuthenticAMD\"  Id=0x100f63  Family=0x10  Model=0x6  Stepping=3\n  Features=0x178bfbff\u003cFPU,VME,DE,PSE,TSC,MSR,PAE,MCE,CX8,APIC,SEP,MTRR,PGE,MCA,CMOV,PAT,PSE36,CLFLUSH,MMX,FXSR,SSE,SSE2,HTT\u003e\n  Features2=0x802009\u003cSSE3,MON,CX16,POPCNT\u003e\n  AMD Features=0xee500800\u003cSYSCALL,NX,MMX+,FFXSR,Page1GB,RDTSCP,LM,3DNow!+,3DNow!\u003e\n  AMD Features2=0x837ff\u003cLAHF,CMP,SVM,ExtAPIC,CR8,ABM,SSE4A,MAS,Prefetch,OSVW,IBS,SKINIT,WDT,NodeId\u003e\n  SVM: NP,NRIP,NAsids=64\n  TSC: P-state invariant\nreal memory  = 8589934592 (8192 MB)\navail memory = 8249397248 (7867 MB)\nEvent timer \"LAPIC\" quality 100\nACPI APIC Table: \u003cHP     ProLiant\u003e\nFreeBSD/SMP: Multiprocessor System Detected: 2 CPUs\nFreeBSD/SMP: 1 package(s) x 2 core(s)\nrandom: unblocking device.\nFirmware Warning (ACPI): 32/64X length mismatch in FADT/Gpe0Block: 64/32 (20201113/tbfadt-748)\nioapic0 \u003cVersion 2.1\u003e irqs 0-23\nLaunching APs: 1\nTimecounter \"TSC-low\" frequency 1098192980 Hz quality 800\nKTLS: Initialized 2 threads\nrandom: entropy device external interface\n[ath_hal] loaded\nWARNING: Device \"kbd\" is Giant locked and may be deleted before FreeBSD 14.0.\nkbd1 at kbdmux0\n000.000052 [4350] netmap_init               netmap: loaded module\nnexus0\nvtvga0: \u003cVT VGA driver\u003e\ncryptosoft0: \u003csoftware crypto\u003e\naesni0: No AES or SHA support.\nacpi0: \u003cHP ProLiant\u003e\nacpi0: Power Button (fixed)\nacpi0: _OSC failed: AE_BUFFER_OVERFLOW\ncpu0: \u003cACPI CPU\u003e on acpi0\nattimer0: \u003cAT timer\u003e port 0x40-0x43 irq 0 on acpi0\nTimecounter \"i8254\" frequency 1193182 Hz quality 0\nEvent timer \"i8254\" frequency 1193182 Hz quality 100\natrtc0: \u003cAT realtime clock\u003e port 0x70-0x71 irq 8 on acpi0\natrtc0: registered as a time-of-day clock, resolution 1.000000s\nEvent timer \"RTC\" frequency 32768 Hz quality 0\nhpet0: \u003cHigh Precision Event Timer\u003e iomem 0xfed00000-0xfed003ff on acpi0\nTimecounter \"HPET\" frequency 14318180 Hz quality 950\nEvent timer \"HPET\" frequency 14318180 Hz quality 550\nEvent timer \"HPET1\" frequency 14318180 Hz quality 450\nTimecounter \"ACPI-safe\" frequency 3579545 Hz quality 850\nacpi_timer0: \u003c32-bit timer at 3.579545MHz\u003e port 0x808-0x80b on acpi0\napei0: \u003cACPI Platform Error Interface\u003e on acpi0\npcib0: \u003cACPI Host-PCI bridge\u003e port 0xcf8-0xcff on acpi0\npci0: \u003cACPI PCI bus\u003e on pcib0\npcib1: \u003cACPI PCI-PCI bridge\u003e at device 1.0 on pci0\npci1: \u003cACPI PCI bus\u003e on pcib1\nvgapci0: \u003cVGA-compatible display\u003e port 0xe000-0xe0ff mem 0xfa000000-0xfbffffff,0xfe7f0000-0xfe7fffff,0xfe600000-0xfe6fffff irq 18 at device 5.0 on pci1\nvgapci0: Boot video device\npcib2: \u003cACPI PCI-PCI bridge\u003e irq 18 at device 2.0 on pci0\npci2: \u003cACPI PCI bus\u003e on pcib2\npci2: \u003cserial bus\u003e at device 0.0 (no driver attached)\npcib3: \u003cACPI PCI-PCI bridge\u003e irq 18 at device 6.0 on pci0\npci3: \u003cACPI PCI bus\u003e on pcib3\nbge0: \u003cHP NC107i PCIe Gigabit Server Adapter, ASIC rev. 0x5784100\u003e mem 0xfe9f0000-0xfe9fffff irq 18 at device 0.0 on pci3\nbge0: CHIP ID 0x05784100; ASIC REV 0x5784; CHIP REV 0x57841; PCI-E\nmiibus0: \u003cMII bus\u003e on bge0\nbrgphy0: \u003cBCM5784 10/100/1000baseT PHY\u003e PHY 1 on miibus0\nbrgphy0:  10baseT, 10baseT-FDX, 100baseTX, 100baseTX-FDX, 1000baseT, 1000baseT-master, 1000baseT-FDX, 1000baseT-FDX-master, auto, auto-flow\nbge0: Using defaults for TSO: 65518/35/2048\nbge0: Ethernet address: fc:15:b4:90:34:f3\nahci0: \u003cAMD SB7x0/SB8x0/SB9x0 AHCI SATA controller\u003e port 0xd000-0xd007,0xc000-0xc003,0xb000-0xb007,0xa000-0xa003,0x9000-0x900f mem 0xfe5ffc00-0xfe5fffff irq 19 at device 17.0 on pci0\nahci0: AHCI v1.20 with 6 3Gbps ports, Port Multiplier supported\nahci0: quirks=0x22000\u003cATI_PMP_BUG,1MSI\u003e\nahcich0: \u003cAHCI channel\u003e at channel 0 on ahci0\nahcich1: \u003cAHCI channel\u003e at channel 1 on ahci0\nahcich2: \u003cAHCI channel\u003e at channel 2 on ahci0\nahcich3: \u003cAHCI channel\u003e at channel 3 on ahci0\nahcich4: \u003cAHCI channel\u003e at channel 4 on ahci0\nahcich5: \u003cAHCI channel\u003e at channel 5 on ahci0\nohci0: \u003cAMD SB7x0/SB8x0/SB9x0 USB controller\u003e mem 0xfe5fe000-0xfe5fefff irq 18 at device 18.0 on pci0\nusbus0 on ohci0\nusbus0: 12Mbps Full Speed USB v1.0\nehci0: \u003cAMD SB7x0/SB8x0/SB9x0 USB 2.0 controller\u003e mem 0xfe5ff800-0xfe5ff8ff irq 17 at device 18.2 on pci0\nusbus1: EHCI version 1.0\nusbus1 on ehci0\nusbus1: 480Mbps High Speed USB v2.0\nohci1: \u003cAMD SB7x0/SB8x0/SB9x0 USB controller\u003e mem 0xfe5fd000-0xfe5fdfff irq 18 at device 19.0 on pci0\nusbus2 on ohci1\nusbus2: 12Mbps Full Speed USB v1.0\nehci1: \u003cAMD SB7x0/SB8x0/SB9x0 USB 2.0 controller\u003e mem 0xfe5ff400-0xfe5ff4ff irq 17 at device 19.2 on pci0\nusbus3: EHCI version 1.0\nusbus3 on ehci1\nusbus3: 480Mbps High Speed USB v2.0\nisab0: \u003cPCI-ISA bridge\u003e at device 20.3 on pci0\nisa0: \u003cISA bus\u003e on isab0\npcib4: \u003cACPI PCI-PCI bridge\u003e at device 20.4 on pci0\npci4: \u003cACPI PCI bus\u003e on pcib4\nohci2: \u003cAMD SB7x0/SB8x0/SB9x0 USB controller\u003e mem 0xfe5fc000-0xfe5fcfff irq 18 at device 22.0 on pci0\nusbus4 on ohci2\nusbus4: 12Mbps Full Speed USB v1.0\nehci2: \u003cAMD SB7x0/SB8x0/SB9x0 USB 2.0 controller\u003e mem 0xfe5ff000-0xfe5ff0ff irq 17 at device 22.2 on pci0\nusbus5: EHCI version 1.0\nusbus5 on ehci2\nusbus5: 480Mbps High Speed USB v2.0\nacpi_button0: \u003cPower Button\u003e on acpi0\nhwpstate0: \u003cCool`n'Quiet 2.0\u003e on cpu0\nTimecounters tick every 1.000 msec\nZFS filesystem version: 5\nZFS storage pool version: features support (5000)\nugen2.1: \u003cATI OHCI root HUB\u003e at usbus2\nugen4.1: \u003cATI OHCI root HUB\u003e at usbus4\nuhub0 on usbus2\nuhub1 on usbus4\nuhub0: \u003cATI OHCI root HUB, class 9/0, rev 1.00/1.00, addr 1\u003e on usbus2\nuhub1: \u003cATI OHCI root HUB, class 9/0, rev 1.00/1.00, addr 1\u003e on usbus4\nugen1.1: \u003cATI EHCI root HUB\u003e at usbus1\nugen0.1: \u003cATI OHCI root HUB\u003e at usbus0\nuhub2 on usbus1\nuhub3 on usbus0\nuhub2: \u003cATI EHCI root HUB, class 9/0, rev 2.00/1.00, addr 1\u003e on usbus1\nuhub3: \u003cATI OHCI root HUB, class 9/0, rev 1.00/1.00, addr 1\u003e on usbus0\nmlx4_core0: \u003cmlx4_core\u003e mem 0xfe800000-0xfe8fffff,0xfd800000-0xfdffffff irq 18 at device 0.0 on pci2\nmlx4_core: Mellanox ConnectX core driver v3.6.0 (December 2020)\nmlx4_core: Initializing mlx4_core\nugen5.1: \u003cATI EHCI root HUB\u003e at usbus5\nuhub4 on usbus5\nuhub4: \u003cATI EHCI root HUB, class 9/0, rev 2.00/1.00, addr 1\u003e on usbus5\nugen3.1: \u003cATI EHCI root HUB\u003e at usbus3\nuhub5 on usbus3\nuhub5: \u003cATI EHCI root HUB, class 9/0, rev 2.00/1.00, addr 1\u003e on usbus3\nbge0: link state changed to UP\nada0 at ahcich0 bus 0 scbus0 target 0 lun 0\nada0: \u003cWDC WD30EZRX-00D8PB0 80.00A80\u003e ACS-2 ATA SATA 3.x device\nada0: Serial Number WD-WMC4N0D37EH5\nada0: 300.000MB/s transfers (SATA 2.x, UDMA6, PIO 8192bytes)\nada0: Command Queueing enabled\nada0: 2861588MB (5860533168 512 byte sectors)\nada0: quirks=0x1\u003c4K\u003e\nada1 at ahcich1 bus 0 scbus1 target 0 lun 0\nada1: \u003cWDC WD30EZRX-00D8PB0 80.00A80\u003e ACS-2 ATA SATA 3.x device\nada1: Serial Number WD-WMC4N0D7W637\nada1: 300.000MB/s transfers (SATA 2.x, UDMA6, PIO 8192bytes)\nada1: Command Queueing enabled\nada1: 2861588MB (5860533168 512 byte sectors)\nada1: quirks=0x1\u003c4K\u003e\nada2 at ahcich2 bus 0 scbus2 target 0 lun 0\nada2: \u003cWDC WD30EZRX-00D8PB0 80.00A80\u003e ACS-2 ATA SATA 3.x device\nada2: Serial Number WD-WMC4N0D6EVLR\nada2: 300.000MB/s transfers (SATA 2.x, UDMA6, PIO 8192bytes)\nada2: Command Queueing enabled\nada2: 2861588MB (5860533168 512 byte sectors)\nada2: quirks=0x1\u003c4K\u003e\nada3 at ahcich3 bus 0 scbus3 target 0 lun 0\nada3: \u003cWDC WD30EZRX-00D8PB0 80.00A80\u003e ACS-2 ATA SATA 3.x device\nada3: Serial Number WD-WMC4N0DA7JCC\nada3: 300.000MB/s transfers (SATA 2.x, UDMA6, PIO 8192bytes)\nada3: Command Queueing enabled\nada3: 2861588MB (5860533168 512 byte sectors)\nada3: quirks=0x1\u003c4K\u003e\nada4 at ahcich5 bus 0 scbus5 target 0 lun 0\nada4: \u003cWDC WD5000AAJS-55A8B2 01.03B01\u003e ATA8-ACS SATA 2.x device\nada4: Serial Number WD-WCASY8895731\nada4: 300.000MB/s transfers (SATA 2.x, UDMA6, PIO 8192bytes)\nada4: Command Queueing enabled\nada4: 476940MB (976773168 512 byte sectors)\nuhub1: 4 ports with 4 removable, self powered\nuhub3: 5 ports with 5 removable, self powered\nuhub0: 5 ports with 5 removable, self powered\nmlx4_core0: Old device ETS support detected\nmlx4_core0: Consider upgrading device FW.\nmlx4_core0: Unable to determine PCI device chain minimum BW\n\u003cmlx4_ib\u003e mlx4_ib_add: mlx4_ib: Mellanox ConnectX InfiniBand driver v3.6.0 (December 2020)\n\u003cmlx4_ib\u003e mlx4_ib_add: counter index 0 for port 1 allocated 0\n\u003cmlx4_ib\u003e mlx4_ib_add: counter index 1 for port 2 allocated 0\nib0: link state changed to DOWN\nib0: post srq failed for buf 0 (-22)\nib0: ipoib_cm_post_receive_srq failed for buf 0\n\n\nFatal trap 12: page fault while in kernel mode\ncpuid = 0; apic id = 00\nfault virtual address   = 0x1f4bd438\nfault code              = supervisor read data, page not present\ninstruction pointer     = 0x20:0xffffffff80ea7f03\nstack pointer           = 0x28:0xffffffff829ba990\nframe pointer           = 0x28:0xffffffff829ba9b0\ncode segment            = base 0x0, limit 0xfffff, type 0x1b\n                        = DPL 0, pres 1, long 1, def32 0, gran 1\nprocessor eflags        = interrupt enabled, resume, IOPL = 0\ncurrent process         = 0 (swapper)\ntrap number             = 12\npanic: page fault\ncpuid = 0\ntime = 5\nKDB: stack backtrace:\n#0 0xffffffff80c60b55 at kdb_backtrace+0x65\n#1 0xffffffff80c13771 at vpanic+0x181\n#2 0xffffffff80c135e3 at panic+0x43\n#3 0xffffffff81135187 at trap_fatal+0x387\n#4 0xffffffff811351df at trap_pfault+0x4f\n#5 0xffffffff8113483d at trap+0x27d\n#6 0xffffffff8110c028 at calltrap+0x8\n#7 0xffffffff80ea7794 at ipoib_cm_dev_cleanup+0x94\n#8 0xffffffff80ea6976 at ipoib_cm_dev_init+0x536\n#9 0xffffffff80eaf242 at ipoib_transport_dev_init+0xf2\n#10 0xffffffff80ea98d1 at ipoib_ib_dev_init+0x31\n#11 0xffffffff80eaaf07 at ipoib_dev_init+0x97\n#12 0xffffffff80eac812 at ipoib_add_one+0x312\n#13 0xffffffff80e71848 at ib_register_device+0x768\n#14 0xffffffff80ee2013 at mlx4_ib_add+0x1033\n#15 0xffffffff80f00d40 at mlx4_add_device+0x40\n#16 0xffffffff80f00c68 at mlx4_register_interface+0xb8\n\n\n\n\n\n\n\n\n\n\n----- KERNCONF diff ----------\n--- GENERIC\t2021-03-21 03:48:03.373297000 +0900\n+++ MICROSERVER-PR\t2021-03-22 09:22:06.646143000 +0900\n@@ -19,7 +19,7 @@\n # $FreeBSD$\n \n cpu\t\tHAMMER\n-ident\t\tGENERIC\n+ident\t\tMICROSERVER-PR\n \n makeoptions\tDEBUG=-g\t\t# Build kernel with gdb(1) debug symbols\n makeoptions\tWITH_CTF=1\t\t# Run ctfconvert(1) for DTrace support\n@@ -249,9 +249,23 @@\n \n # Nvidia/Mellanox Connect-X 4 and later, Ethernet only\n # mlx5ib requires ibcore infra and is not included by default\n-device\t\tmlx5\t\t\t# Base driver\n-device\t\tmlxfw\t\t\t# Firmware update\n-device\t\tmlx5en\t\t\t# Ethernet driver\n+#device\t\tmlx5\t\t\t# Base driver\n+#device\t\tmlxfw\t\t\t# Firmware update\n+#device\t\tmlx5en\t\t\t# Ethernet driver\n+\n+\n+# Mellanox\n+options        OFED\n+options        SDP\n+options        IPOIB_CM\n+\n+device         ipoib\n+device         mlx4\n+device         mlx4ib\n+device         mlx4en\n+device         mthca\n+\n+\n \n # PCI Ethernet NICs that use the common MII bus controller code.\n # NOTE: Be sure to keep the 'device miibus' line in order to use these NICs!"
}