{
 "id": 474402,
 "bug_id": 129550,
 "attachment_id": 0,
 "creation_time": "2008-12-10T15:30:01Z",
 "creator": "mike@nux.co.uk",
 "text": "Hi,\n\nWe have a problem with dell poweredge 1950 server and freebsd 7.\n\nThe machine is used as a jail host with one jail running (with ezjail-admin), other than the standard stuff like syslog and ssh the main progam causing any siginificant work is dovecot - this has been compiled with kqueue support.\n\nOther than the below is there any other information we can provide to diagnose this problem - the machine is a live server with about 250gb of Maildirs on it with about 200 users connected at the same time.\n\n\nFrom /var/log/messages:\n\nDec 10 10:00:39 redbus-lingo1950 su: razvan to root on /dev/ttyp0\nDec 10 14:21:49 redbus-lingo1950 kernel: \nDec 10 14:21:49 redbus-lingo1950 kernel: \nDec 10 14:21:49 redbus-lingo1950 kernel: Fatal trap 12: page fault while in kernel mode\nDec 10 14:21:49 redbus-lingo1950 kernel: cpuid = 3; apic id = 03\nDec 10 14:21:49 redbus-lingo1950 kernel: fault virtual address  = 0x0\nDec 10 14:21:49 redbus-lingo1950 kernel: fault code             = supervisor read, page not \nDec 10 14:21:49 redbus-lingo1950 kernel: present\nDec 10 14:21:49 redbus-lingo1950 kernel: instruction pointer    = 0x20:0x0\nDec 10 14:21:49 redbus-lingo1950 kernel: stack pointer          = 0x28:0xf4955a28\nDec 10 14:21:49 redbus-lingo1950 kernel: frame pointer          = 0x28:0xf4955a48\nDec 10 14:21:49 redbus-lingo1950 kernel: code segment           = base 0x0, limit 0xfffff, type 0x1b\nDec 10 14:21:49 redbus-lingo1950 kernel: = DPL 0,\nDec 10 14:21:49 redbus-lingo1950 kernel: \nDec 10 14:38:57 redbus-lingo1950 syslogd: kernel boot file is /boot/kernel/kernel\n\n\n\nredbus-lingo1950# kgdb kernel.debug /var/crash/vmcore.0\n[GDB will not be able to debug user-mode threads: /usr/lib/libthread_db.so: Undefined symbol \"ps_pglobal_lookup\"]\nGNU gdb 6.1.1 [FreeBSD]\nCopyright 2004 Free Software Foundation, Inc.\nGDB is free software, covered by the GNU General Public License, and you are\nwelcome to change it and/or distribute copies of it under certain conditions.\nType \"show copying\" to see the conditions.\nThere is absolutely no warranty for GDB.  Type \"show warranty\" for details.\nThis GDB was configured as \"i386-marcel-freebsd\".\n\nUnread portion of the kernel message buffer:\npres 1, def32 1, gran 1\nprocessor eflags        = interrupt enabled, resume, IOPL = 0\ncurrent process         = 57762 (imap)\ntrap number             = 12\npanic: page fault\ncpuid = 3\nUptime: 8d13h27m30s\nPhysical memory: 8175 MB\nDumping 475 MB: 460 444 428 412 396 380 364 348 332 316 300 284 268 252 236 220 204 188 172 156 140 124 108 92 76 60 44 28 12\n\n#0  doadump () at pcpu.h:195\n195             __asm __volatile(\"movl %%fs:0,%0\" : \"=r\" (td));\n(kgdb) list *0x20:0x0\nA syntax error in expression, near `:0x0'.\n(kgdb) list \"0x20:0x0\"\nNo source file named 0x20.\n(kgdb) backtrace\n#0  doadump () at pcpu.h:195\n#1  0xc04ed227 in boot (howto=260) at /usr/src/sys/kern/kern_shutdown.c:409\n#2  0xc04ed4e9 in panic (fmt=Variable \"fmt\" is not available.\n) at /usr/src/sys/kern/kern_shutdown.c:563\n#3  0xc072f24c in trap_fatal (frame=0xf49559e8, eva=0) at /usr/src/sys/i386/i386/trap.c:899\n#4  0xc072f4e0 in trap_pfault (frame=0xf49559e8, usermode=0, eva=0) at /usr/src/sys/i386/i386/trap.c:812\n#5  0xc072fe8c in trap (frame=0xf49559e8) at /usr/src/sys/i386/i386/trap.c:490\n#6  0xc071482b in calltrap () at /usr/src/sys/i386/i386/exception.s:139\n#7  0x00000000 in ?? ()\nPrevious frame inner to this frame (corrupt stack?)\n(kgdb) quit\n\n\n\n\n\nOther info:\n\nredbus-lingo1950# uname -a\nFreeBSD redbus-lingo1950.nux.co.uk 7.0-RELEASE-p6 FreeBSD 7.0-RELEASE-p6 #7: Tue Dec  2 00:48:03 GMT 2008     razvan@redbus-lingo1950.nux.co.uk:/usr/obj/usr/src/sys/PAE  i386\n\n\nredbus-lingo1950# mount\n/dev/mfid0s1a on / (ufs, local)\ndevfs on /dev (devfs, local)\n/dev/mfid0s1g on /home (ufs, local, soft-updates)\n/dev/mfid0s1e on /tmp (ufs, local, soft-updates)\n/dev/mfid0s1f on /usr (ufs, local, soft-updates)\n/dev/mfid0s1d on /var (ufs, local, soft-updates)\n/home/jails/basejail on /home/jails/mail.lingo24.com/basejail (nullfs, local, read-only)\ndevfs on /home/jails/mail.lingo24.com/dev (devfs, local)\n\n\nredbus-lingo1950# sysctl kern.sched.name\nkern.sched.name: ULE\n\n\nKernel config is standard PAE but with ULE and the following added:\n\n\n# make pf in kernel as wwell\n\ndevice          pf\ndevice          pflog\n\n# need to add nullfs\ndevice          nullfs\n\n\n\n\n\nredbus-lingo1950# dmesg\nCopyright (c) 1992-2008 The FreeBSD Project.\nCopyright (c) 1979, 1980, 1983, 1986, 1988, 1989, 1991, 1992, 1993, 1994\n        The Regents of the University of California. All rights reserved.\nFreeBSD is a registered trademark of The FreeBSD Foundation.\nFreeBSD 7.0-RELEASE-p6 #7: Tue Dec  2 00:48:03 GMT 2008\n    razvan@redbus-lingo1950.nux.co.uk:/usr/obj/usr/src/sys/PAE\nTimecounter \"i8254\" frequency 1193182 Hz quality 0\nCPU: Intel(R) Xeon(R) CPU           L5335  @ 2.00GHz (1997.03-MHz 686-class CPU)\n  Origin = \"GenuineIntel\"  Id = 0x6fb  Stepping = 11\n  Features=0xbfebfbff\u003cFPU,VME,DE,PSE,TSC,MSR,PAE,MCE,CX8,APIC,SEP,MTRR,PGE,MCA,CMOV,PAT,PSE36,CLFLUSH,DTS,ACPI,MMX,FXSR,SSE,SSE2,SS,HTT,TM,PBE\u003e\n  Features2=0x4e33d\u003cSSE3,RSVD2,MON,DS_CPL,VMX,TM2,SSSE3,CX16,xTPR,PDCM,DCA\u003e\n  AMD Features=0x20100000\u003cNX,LM\u003e\n  AMD Features2=0x1\u003cLAHF\u003e\n  Cores per package: 4\nreal memory  = 9395240960 (8960 MB)\navail memory = 8394002432 (8005 MB)\nACPI APIC Table: \u003cDELL   PE_SC3  \u003e\nFreeBSD/SMP: Multiprocessor System Detected: 8 CPUs\n cpu0 (BSP): APIC ID:  0\n cpu1 (AP): APIC ID:  1\n cpu2 (AP): APIC ID:  2\n cpu3 (AP): APIC ID:  3\n cpu4 (AP): APIC ID:  4\n cpu5 (AP): APIC ID:  5\n cpu6 (AP): APIC ID:  6\n cpu7 (AP): APIC ID:  7\nioapic0: Changing APIC ID to 8\nioapic0 \u003cVersion 2.0\u003e irqs 0-23 on motherboard\nregistered firmware set \u003cisp_1040\u003e\nregistered firmware set \u003cisp_1040_it\u003e\nregistered firmware set \u003cisp_1080\u003e\nregistered firmware set \u003cisp_1080_it\u003e\nregistered firmware set \u003cisp_12160\u003e\nregistered firmware set \u003cisp_12160_it\u003e\nregistered firmware set \u003cisp_2100\u003e\nregistered firmware set \u003cisp_2200\u003e\nregistered firmware set \u003cisp_2300\u003e\nregistered firmware set \u003cisp_2322\u003e\nregistered firmware set \u003cisp_2400\u003e\nkbd1 at kbdmux0\nacpi0: \u003cDELL PE_SC3\u003e on motherboard\nacpi0: [ITHREAD]\nacpi0: Power Button (fixed)\nTimecounter \"ACPI-fast\" frequency 3579545 Hz quality 1000\nacpi_timer0: \u003c24-bit timer at 3.579545MHz\u003e port 0x808-0x80b on acpi0\nacpi_hpet0: \u003cHigh Precision Event Timer\u003e iomem 0xfed00000-0xfed003ff on acpi0\nTimecounter \"HPET\" frequency 14318180 Hz quality 900\ncpu0: \u003cACPI CPU\u003e on acpi0\np4tcc0: \u003cCPU Frequency Thermal Control\u003e on cpu0\ncpu1: \u003cACPI CPU\u003e on acpi0\np4tcc1: \u003cCPU Frequency Thermal Control\u003e on cpu1\ncpu2: \u003cACPI CPU\u003e on acpi0\np4tcc2: \u003cCPU Frequency Thermal Control\u003e on cpu2\ncpu3: \u003cACPI CPU\u003e on acpi0\np4tcc3: \u003cCPU Frequency Thermal Control\u003e on cpu3\ncpu4: \u003cACPI CPU\u003e on acpi0\np4tcc4: \u003cCPU Frequency Thermal Control\u003e on cpu4\ncpu5: \u003cACPI CPU\u003e on acpi0\np4tcc5: \u003cCPU Frequency Thermal Control\u003e on cpu5\ncpu6: \u003cACPI CPU\u003e on acpi0\np4tcc6: \u003cCPU Frequency Thermal Control\u003e on cpu6\ncpu7: \u003cACPI CPU\u003e on acpi0\np4tcc7: \u003cCPU Frequency Thermal Control\u003e on cpu7\npcib0: \u003cACPI Host-PCI bridge\u003e port 0xcf8-0xcff on acpi0\npci0: \u003cACPI PCI bus\u003e on pcib0\npcib1: \u003cACPI PCI-PCI bridge\u003e at device 2.0 on pci0\npci4: \u003cACPI PCI bus\u003e on pcib1\npcib2: \u003cACPI PCI-PCI bridge\u003e at device 0.0 on pci4\npci5: \u003cACPI PCI bus\u003e on pcib2\npcib3: \u003cACPI PCI-PCI bridge\u003e at device 0.0 on pci5\npci6: \u003cACPI PCI bus\u003e on pcib3\npcib4: \u003cPCI-PCI bridge\u003e at device 0.0 on pci6\npci7: \u003cPCI bus\u003e on pcib4\nbce0: \u003cBroadcom NetXtreme II BCM5708 1000Base-T (B2)\u003e mem 0xf4000000-0xf5ffffff irq 16 at device 0.0 on pci7\nmiibus0: \u003cMII bus\u003e on bce0\nbrgphy0: \u003cBCM5708C 10/100/1000baseTX PHY\u003e PHY 1 on miibus0\nbrgphy0:  10baseT, 10baseT-FDX, 100baseTX, 100baseTX-FDX, 1000baseT, 1000baseT-FDX, auto\nbce0: Ethernet address: 00:1d:09:65:93:41\nbce0: [ITHREAD]\nbce0: ASIC (0x57081020); Rev (B2); Bus (PCI-X, 64-bit, 133MHz); F/W (0x03050C05); Flags( MFW MSI )\npcib5: \u003cACPI PCI-PCI bridge\u003e at device 1.0 on pci5\npci8: \u003cACPI PCI bus\u003e on pcib5\npcib6: \u003cPCI-PCI bridge\u003e at device 0.3 on pci4\npci9: \u003cPCI bus\u003e on pcib6\npcib7: \u003cACPI PCI-PCI bridge\u003e at device 3.0 on pci0\npci1: \u003cACPI PCI bus\u003e on pcib7\nmfi0: \u003cLSI MegaSAS 1078\u003e port 0xec00-0xecff mem 0xfc480000-0xfc4bffff,0xfc440000-0xfc47ffff irq 16 at device 0.0 on pci1\nmfi0: Megaraid SAS driver Ver 2.00 \nmfi0: 2433 (282234152s/0x0020/0) - Shutdown command received from host\nmfi0: 2434 (4278190083s/0x0020/0) - PCI 0x041000 0x0460 0x041028 0x041f0c: Firmware initialization started (PCI ID 0060/1000/1f0c/1028)\nmfi0: 2435 (4278190083s/0x0020/0) - Type 18: Firmware version 1.11.52-0349\nmfi0: 2436 (4278190083s/0x0008/0) - Battery Present\nmfi0: 2437 (4278190083s/0x0020/0) - Type 18: Package version 6.0.1-0080\nmfi0: 2438 (4278190101s/0x0004/0) - PD 32(e0/s255) event: Enclosure (SES) discovered on PD 20(c None/p0)\nmfi0: 2439 (4278190101s/0x0002/0) - PD 32(e32/s255) event: Inserted: Encl PD 20\nmfi0: 2440 (4278190101s/0x0002/0) - Type 29: Inserted: PD 20(c None/p0) Info: enclPd=20, scsiType=d, portMap=09, sasAddr=5001c030dd3f2b00,0000000000000000\nmfi0: 2441 (4278190101s/0x0002/0) - PD 00(e32/s0) event: Inserted: PD 00(e0x20/s0)\nmfi0: 2442 (4278190101s/0x0002/0) - Type 29: Inserted: PD 00(e0x20/s0) Info: enclPd=20, scsiType=0, portMap=00, sasAddr=5000c5000336be59,0000000000000000\nmfi0: 2443 (4278190101s/0x0002/0) - PD 01(e32/s1) event: Inserted: PD 01(e0x20/s1)\nmfi0: 2444 (4278190101s/0x0002/0) - Type 29: Inserted: PD 01(e0x20/s1) Info: enclPd=20, scsiType=0, portMap=01, sasAddr=5000c5000336b375,0000000000000000\nmfi0: 2445 (282234233s/0x0020/0) - Adapter ticks 282234233 elapsed 59s: Time established as 12/10/08 14:23:53; (59 seconds since power on)\nmfi0: 2446 (282234242s/0x0008/0) - Battery temperature is normal\nmfi0: 2447 (282234242s/0x0008/0) - Current capacity of the battery is above threshold\nmfi0: [ITHREAD]\npcib8: \u003cACPI PCI-PCI bridge\u003e at device 4.0 on pci0\npci10: \u003cACPI PCI bus\u003e on pcib8\npcib9: \u003cPCI-PCI bridge\u003e at device 5.0 on pci0\npci11: \u003cPCI bus\u003e on pcib9\npcib10: \u003cACPI PCI-PCI bridge\u003e at device 6.0 on pci0\npci12: \u003cACPI PCI bus\u003e on pcib10\npcib11: \u003cPCI-PCI bridge\u003e at device 7.0 on pci0\npci13: \u003cPCI bus\u003e on pcib11\npcib12: \u003cACPI PCI-PCI bridge\u003e at device 28.0 on pci0\npci2: \u003cACPI PCI bus\u003e on pcib12\npcib13: \u003cPCI-PCI bridge\u003e at device 0.0 on pci2\npci3: \u003cPCI bus\u003e on pcib13\nbce1: \u003cBroadcom NetXtreme II BCM5708 1000Base-T (B2)\u003e mem 0xf8000000-0xf9ffffff irq 16 at device 0.0 on pci3\nmiibus1: \u003cMII bus\u003e on bce1\nbrgphy1: \u003cBCM5708C 10/100/1000baseTX PHY\u003e PHY 1 on miibus1\nbrgphy1:  10baseT, 10baseT-FDX, 100baseTX, 100baseTX-FDX, 1000baseT, 1000baseT-FDX, auto\nbce1: Ethernet address: 00:1d:09:65:93:3f\nbce1: [ITHREAD]\nbce1: ASIC (0x57081020); Rev (B2); Bus (PCI-X, 64-bit, 133MHz); F/W (0x03050C05); Flags( MFW MSI )\npci0: \u003cserial bus, USB\u003e at device 29.0 (no driver attached)\npci0: \u003cserial bus, USB\u003e at device 29.1 (no driver attached)\npci0: \u003cserial bus, USB\u003e at device 29.2 (no driver attached)\npci0: \u003cserial bus, USB\u003e at device 29.3 (no driver attached)\npci0: \u003cserial bus, USB\u003e at device 29.7 (no driver attached)\npcib14: \u003cACPI PCI-PCI bridge\u003e at device 30.0 on pci0\npci14: \u003cACPI PCI bus\u003e on pcib14\nvgapci0: \u003cVGA-compatible display\u003e port 0xdc00-0xdcff mem 0xd8000000-0xdfffffff,0xfc2d0000-0xfc2dffff irq 19 at device 13.0 on pci14\nisab0: \u003cPCI-ISA bridge\u003e at device 31.0 on pci0\nisa0: \u003cISA bus\u003e on isab0\natapci0: \u003cIntel 63XXESB2 UDMA100 controller\u003e port 0x1f0-0x1f7,0x3f6,0x170-0x177,0x376,0xfc00-0xfc0f at device 31.1 on pci0\nata0: \u003cATA channel 0\u003e on atapci0\nata0: [ITHREAD]\nata1: \u003cATA channel 1\u003e on atapci0\nata1: [ITHREAD]\nfdc0: \u003cfloppy drive controller\u003e port 0x3f0-0x3f5,0x3f7 irq 6 drq 2 on acpi0\nfdc0: does not respond\ndevice_attach: fdc0 attach returned 6\nsio0: \u003c16550A-compatible COM port\u003e port 0x3f8-0x3ff irq 4 flags 0x10 on acpi0\nsio0: type 16550A, console\nsio0: [FILTER]\nsio1: \u003c16550A-compatible COM port\u003e port 0x2f8-0x2ff irq 3 on acpi0\nsio1: type 16550A\nsio1: [FILTER]\nfdc0: \u003cfloppy drive controller\u003e port 0x3f0-0x3f5,0x3f7 irq 6 drq 2 on acpi0\nfdc0: does not respond\ndevice_attach: fdc0 attach returned 6\npmtimer0 on isa0\norm0: \u003cISA Option ROMs\u003e at iomem 0xc0000-0xc8fff,0xc9000-0xc9fff,0xd2000-0xd2fff,0xec000-0xeffff pnpid ORM0000 on isa0\natkbdc0: \u003cKeyboard controller (i8042)\u003e at port 0x60,0x64 on isa0\natkbd0: \u003cAT Keyboard\u003e irq 1 on atkbdc0\nkbd0 at atkbd0\natkbd0: [GIANT-LOCKED]\natkbd0: [ITHREAD]\nppc0: parallel port not found.\nsc0: \u003cSystem console\u003e at flags 0x100 on isa0\nsc0: VGA \u003c16 virtual consoles, flags=0x100\u003e\nvga0: \u003cGeneric ISA VGA\u003e at port 0x3c0-0x3df iomem 0xa0000-0xbffff on isa0\nTimecounters tick every 1.000 msec\nacd0: CDROM \u003cTEAC CD-ROM CD-224E-N/3.AC\u003e at ata0-master UDMA33\nmfid0: \u003cMFI Logical Disk\u003e on mfi0\nmfid0: 380928MB (780140544 sectors) RAID volume '' is optimal\nSMP: AP CPU #1 Launched!\nSMP: AP CPU #7 Launched!\nSMP: AP CPU #2 Launched!\nSMP: AP CPU #4 Launched!\nSMP: AP CPU #6 Launched!\nSMP: AP CPU #5 Launched!\nSMP: AP CPU #3 Launched!\nTrying to mount root from ufs:/dev/mfid0s1a\nWARNING: / was not properly dismounted\nredbus-lingo1950#\n\nFix: \n\nunknown\nHow-To-Repeat: unknown"
}