{
 "id": 742136,
 "bug_id": 184658,
 "attachment_id": 0,
 "creation_time": "2013-12-10T14:10:00Z",
 "creator": "kbowling@freebsd.org",
 "text": "When booting 10.0-RC1, the systems stops responding with the message:\n\"pcib5: failed to allocate initial memory window: \u003caddress\u003e\"\nScreencap: http://i.imgur.com/6C8bfnW.jpg\n\nThis only happens if SR-IOV is enabled in the BIOS.  This seems to be a regression from 9.1 where I can boot with SR-IOV enabled.\n\nIt also only seems to trigger with the X520 add in 10gbe cards (ix driver).  Without those NICs, the system boots with SR-IOV enabled.\n\nlspci -v of a good boot with SR-IOV disabled:\n00:00.0 Host bridge: Intel Corporation 5520 I/O Hub to ESI Port (rev 13)\n        Subsystem: Inventec Corporation Device 0047\n        Flags: fast devsel, IRQ 255\n        Capabilities: [60] MSI: Enable- Count=1/2 Maskable+ 64bit-\n        Capabilities: [90] Express Root Port (Slot-), MSI 00\n        Capabilities: [e0] Power Management version 3\n\n00:01.0 PCI bridge: Intel Corporation 5520/5500/X58 I/O Hub PCI Express Root Port 1 (rev 13) (prog-if 00 [Normal decode])\n        Flags: bus master, fast devsel, latency 0\n        Bus: primary=00, secondary=01, subordinate=01, sec-latency=0\n        I/O behind bridge: 0000b000-0000bfff\n        Memory behind bridge: fb900000-fb9fffff\n        Capabilities: [40] Subsystem: Inventec Corporation Device 0047\n        Capabilities: [60] MSI: Enable- Count=1/2 Maskable+ 64bit-\n        Capabilities: [90] Express Root Port (Slot+), MSI 00\n        Capabilities: [e0] Power Management version 3\n\n00:03.0 PCI bridge: Intel Corporation 5520/5500/X58 I/O Hub PCI Express Root Port 3 (rev 13) (prog-if 00 [Normal decode])\n        Flags: bus master, fast devsel, latency 0\n        Bus: primary=00, secondary=02, subordinate=02, sec-latency=0\n        I/O behind bridge: 0000c000-0000cfff\n        Memory behind bridge: fba00000-fbafffff\n        Capabilities: [40] Subsystem: Inventec Corporation Device 0047\n        Capabilities: [60] MSI: Enable- Count=1/2 Maskable+ 64bit-\n        Capabilities: [90] Express Root Port (Slot+), MSI 00\n        Capabilities: [e0] Power Management version 3\n\n00:05.0 PCI bridge: Intel Corporation 5520/X58 I/O Hub PCI Express Root Port 5 (rev 13) (prog-if 00 [Normal decode])\n        Flags: bus master, fast devsel, latency 0\n        Bus: primary=00, secondary=03, subordinate=03, sec-latency=0\n        Capabilities: [40] Subsystem: Inventec Corporation Device 0047\n        Capabilities: [60] MSI: Enable- Count=1/2 Maskable+ 64bit-\n        Capabilities: [90] Express Root Port (Slot+), MSI 00\n        Capabilities: [e0] Power Management version 3\n\n00:07.0 PCI bridge: Intel Corporation 5520/5500/X58 I/O Hub PCI Express Root Port 7 (rev 13) (prog-if 00 [Normal decode])\n        Flags: bus master, fast devsel, latency 0\n        Bus: primary=00, secondary=04, subordinate=04, sec-latency=0\n        I/O behind bridge: 0000d000-0000dfff\n        Memory behind bridge: fbb00000-fbdfffff\n        Capabilities: [40] Subsystem: Inventec Corporation Device 0047\n        Capabilities: [60] MSI: Enable- Count=1/2 Maskable+ 64bit-\n        Capabilities: [90] Express Root Port (Slot+), MSI 00\n        Capabilities: [e0] Power Management version 3\n\n00:13.0 PIC: Intel Corporation 7500/5520/5500/X58 I/O Hub I/OxAPIC Interrupt Controller (rev 13) (prog-if 20 [IO(X)-APIC])\n        Flags: bus master, fast devsel, latency 0\n        Memory at fec8a000 (32-bit, non-prefetchable)\n        Capabilities: [6c] Power Management version 3\n\n00:14.0 PIC: Intel Corporation 7500/5520/5500/X58 I/O Hub System Management Registers (rev 13) (prog-if 00 [8259])\n        Flags: fast devsel\n        Capabilities: [40] Express Root Complex Integrated Endpoint, MSI 00\n\n00:14.1 PIC: Intel Corporation 7500/5520/5500/X58 I/O Hub GPIO and Scratch Pad Registers (rev 13) (prog-if 00 [8259])\n        Flags: fast devsel\n        Capabilities: [40] Express Root Complex Integrated Endpoint, MSI 00\n\n00:14.2 PIC: Intel Corporation 7500/5520/5500/X58 I/O Hub Control Status and RAS Registers (rev 13) (prog-if 00 [8259])\n        Flags: fast devsel\n        Capabilities: [40] Express Root Complex Integrated Endpoint, MSI 00\n\n00:14.3 PIC: Intel Corporation 7500/5520/5500/X58 I/O Hub Throttle Registers (rev 13) (prog-if 00 [8259])\n        Flags: fast devsel\n\n00:16.0 System peripheral: Intel Corporation 5520/5500/X58 Chipset QuickData Technology Device (rev 13)\n        Subsystem: Inventec Corporation Device 0047\n        Flags: bus master, fast devsel, latency 0, IRQ 43\n        Memory at fbef8000 (64-bit, non-prefetchable)\n        Capabilities: [80] MSI-X: Enable- Count=1 Masked-\n        Capabilities: [90] Express Root Complex Integrated Endpoint, MSI 00\n        Capabilities: [e0] Power Management version 3\n\n00:16.1 System peripheral: Intel Corporation 5520/5500/X58 Chipset QuickData Technology Device (rev 13)\n        Subsystem: Inventec Corporation Device 0047\n        Flags: bus master, fast devsel, latency 0, IRQ 44\n        Memory at fbef4000 (64-bit, non-prefetchable)\n        Capabilities: [80] MSI-X: Enable- Count=1 Masked-\n        Capabilities: [90] Express Root Complex Integrated Endpoint, MSI 00\n        Capabilities: [e0] Power Management version 3\n\n00:16.2 System peripheral: Intel Corporation 5520/5500/X58 Chipset QuickData Technology Device (rev 13)\n        Subsystem: Inventec Corporation Device 0047\n        Flags: bus master, fast devsel, latency 0, IRQ 45\n        Memory at fbef0000 (64-bit, non-prefetchable)\n        Capabilities: [80] MSI-X: Enable- Count=1 Masked-\n        Capabilities: [90] Express Root Complex Integrated Endpoint, MSI 00\n        Capabilities: [e0] Power Management version 3\n\n00:16.3 System peripheral: Intel Corporation 5520/5500/X58 Chipset QuickData Technology Device (rev 13)\n        Subsystem: Inventec Corporation Device 0047\n        Flags: bus master, fast devsel, latency 0, IRQ 46\n        Memory at fbeec000 (64-bit, non-prefetchable)\n        Capabilities: [80] MSI-X: Enable- Count=1 Masked-\n        Capabilities: [90] Express Root Complex Integrated Endpoint, MSI 00\n        Capabilities: [e0] Power Management version 3\n\n00:16.4 System peripheral: Intel Corporation 5520/5500/X58 Chipset QuickData Technology Device (rev 13)\n        Subsystem: Inventec Corporation Device 0047\n        Flags: bus master, fast devsel, latency 0, IRQ 43\n        Memory at fbee8000 (64-bit, non-prefetchable)\n        Capabilities: [80] MSI-X: Enable- Count=1 Masked-\n        Capabilities: [90] Express Root Complex Integrated Endpoint, MSI 00\n        Capabilities: [e0] Power Management version 3\n\n00:16.5 System peripheral: Intel Corporation 5520/5500/X58 Chipset QuickData Technology Device (rev 13)\n        Subsystem: Inventec Corporation Device 0047\n        Flags: bus master, fast devsel, latency 0, IRQ 44\n        Memory at fbee4000 (64-bit, non-prefetchable)\n        Capabilities: [80] MSI-X: Enable- Count=1 Masked-\n        Capabilities: [90] Express Root Complex Integrated Endpoint, MSI 00\n        Capabilities: [e0] Power Management version 3\n\n00:16.6 System peripheral: Intel Corporation 5520/5500/X58 Chipset QuickData Technology Device (rev 13)\n        Subsystem: Inventec Corporation Device 0047\n        Flags: bus master, fast devsel, latency 0, IRQ 45\n        Memory at fbee0000 (64-bit, non-prefetchable)\n        Capabilities: [80] MSI-X: Enable- Count=1 Masked-\n        Capabilities: [90] Express Root Complex Integrated Endpoint, MSI 00\n        Capabilities: [e0] Power Management version 3\n\n00:16.7 System peripheral: Intel Corporation 5520/5500/X58 Chipset QuickData Technology Device (rev 13)\n        Subsystem: Inventec Corporation Device 0047\n        Flags: bus master, fast devsel, latency 0, IRQ 46\n        Memory at fbedc000 (64-bit, non-prefetchable)\n        Capabilities: [80] MSI-X: Enable- Count=1 Masked-\n        Capabilities: [90] Express Root Complex Integrated Endpoint, MSI 00\n        Capabilities: [e0] Power Management version 3\n\n00:1d.0 USB controller: Intel Corporation 82801JI (ICH10 Family) USB UHCI Controller #1 (prog-if 00 [UHCI])\n        Subsystem: Inventec Corporation Device 0047\n        Flags: bus master, medium devsel, latency 0, IRQ 23\n        I/O ports at ac00\n        Capabilities: [50] PCI Advanced Features\n\n00:1d.1 USB controller: Intel Corporation 82801JI (ICH10 Family) USB UHCI Controller #2 (prog-if 00 [UHCI])\n        Subsystem: Inventec Corporation Device 0047\n        Flags: bus master, medium devsel, latency 0, IRQ 19\n        I/O ports at a880\n        Capabilities: [50] PCI Advanced Features\n\n00:1d.2 USB controller: Intel Corporation 82801JI (ICH10 Family) USB UHCI Controller #3 (prog-if 00 [UHCI])\n        Subsystem: Inventec Corporation Device 0047\n        Flags: bus master, medium devsel, latency 0, IRQ 18\n        I/O ports at a800\n        Capabilities: [50] PCI Advanced Features\n\n00:1d.7 USB controller: Intel Corporation 82801JI (ICH10 Family) USB2 EHCI Controller #1 (prog-if 20 [EHCI])\n        Subsystem: Inventec Corporation Device 0047\n        Flags: bus master, medium devsel, latency 0, IRQ 23\n        Memory at fbeda000 (32-bit, non-prefetchable)\n        Capabilities: [50] Power Management version 2\n        Capabilities: [58] Debug port: BAR=1 offset=00a0\n        Capabilities: [98] PCI Advanced Features\n\n00:1e.0 PCI bridge: Intel Corporation 82801 PCI Bridge (rev 90) (prog-if 01 [Subtractive decode])\n        Flags: bus master, fast devsel, latency 0\n        Bus: primary=00, secondary=05, subordinate=05, sec-latency=32\n        I/O behind bridge: 0000e000-0000efff\n        Memory behind bridge: faf00000-fb7fffff\n        Capabilities: [50] Subsystem: Inventec Corporation Device 0047\n\n00:1f.0 ISA bridge: Intel Corporation 82801JIR (ICH10R) LPC Interface Controller\n        Subsystem: Inventec Corporation Device 0047\n        Flags: bus master, medium devsel, latency 0\n        Capabilities: [e0] Vendor Specific Information: Len=0c \u003c?\u003e\n\n00:1f.2 SATA controller: Intel Corporation 82801JI (ICH10 Family) SATA AHCI Controller (prog-if 01 [AHCI 1.0])\n        Subsystem: Inventec Corporation Device 0047\n        Flags: bus master, 66MHz, medium devsel, latency 0, IRQ 19\n        I/O ports at 9c00\n        I/O ports at a480\n        I/O ports at a400\n        I/O ports at a080\n        I/O ports at a000\n        Memory at fbed8000 (32-bit, non-prefetchable)\n        Capabilities: [80] MSI: Enable+ Count=1/16 Maskable- 64bit-\n        Capabilities: [70] Power Management version 3\n        Capabilities: [a8] SATA HBA v1.0\n        Capabilities: [b0] PCI Advanced Features\n\n00:1f.3 SMBus: Intel Corporation 82801JI (ICH10 Family) SMBus Controller\n        Subsystem: Inventec Corporation Device 0047\n        Flags: medium devsel, IRQ 18\n        Memory at fbed6000 (64-bit, non-prefetchable)\n        I/O ports at 0400\n\n01:00.0 Ethernet controller: Intel Corporation 82576 Gigabit Network Connection (rev 01)\n        Subsystem: Inventec Corporation Device 004a\n        Flags: bus master, fast devsel, latency 0, IRQ 17\n        Memory at fb9e0000 (32-bit, non-prefetchable)\n        Memory at fb9c0000 (32-bit, non-prefetchable)\n        I/O ports at bc00\n        Memory at fb99c000 (32-bit, non-prefetchable)\n        Expansion ROM at fb9a0000 [disabled]\n        Capabilities: [40] Power Management version 3\n        Capabilities: [50] MSI: Enable- Count=1/1 Maskable+ 64bit+\n        Capabilities: [70] MSI-X: Enable+ Count=10 Masked-\n        Capabilities: [a0] Express Endpoint, MSI 00\n\n01:00.1 Ethernet controller: Intel Corporation 82576 Gigabit Network Connection (rev 01)\n        Subsystem: Inventec Corporation Device 004a\n        Flags: bus master, fast devsel, latency 0, IRQ 16\n        Memory at fb960000 (32-bit, non-prefetchable)\n        Memory at fb940000 (32-bit, non-prefetchable)\n        I/O ports at b880\n        Memory at fb91c000 (32-bit, non-prefetchable)\n        Expansion ROM at fb920000 [disabled]\n        Capabilities: [40] Power Management version 3\n        Capabilities: [50] MSI: Enable- Count=1/1 Maskable+ 64bit+\n        Capabilities: [70] MSI-X: Enable+ Count=10 Masked-\n        Capabilities: [a0] Express Endpoint, MSI 00\n\n02:00.0 Serial Attached SCSI controller: LSI Logic / Symbios Logic SAS2008 PCI-Express Fusion-MPT SAS-2 [Falcon] (rev 03)\n        Subsystem: Inventec Corporation Device 6019\n        Flags: bus master, fast devsel, latency 0, IRQ 24\n        I/O ports at c000\n        Memory at fba3c000 (64-bit, non-prefetchable)\n        Memory at fba40000 (64-bit, non-prefetchable)\n        Expansion ROM at fba80000 [disabled]\n        Capabilities: [50] Power Management version 3\n        Capabilities: [68] Express Endpoint, MSI 00\n        Capabilities: [d0] Vital Product Data\n        Capabilities: [a8] MSI: Enable- Count=1/1 Maskable- 64bit+\n        Capabilities: [c0] MSI-X: Enable+ Count=15 Masked-\n\n04:00.0 Ethernet controller: Intel Corporation Ethernet 10G 2P X520 Adapter (rev 01)\n        Subsystem: Intel Corporation 10GbE 2P X520 Adapter\n        Flags: bus master, fast devsel, latency 0, IRQ 16\n        Memory at fbd80000 (64-bit, non-prefetchable)\n        I/O ports at dc00\n        Memory at fbcfc000 (64-bit, non-prefetchable)\n        Expansion ROM at fbd00000 [disabled]\n        Capabilities: [40] Power Management version 3\n        Capabilities: [50] MSI: Enable- Count=1/1 Maskable+ 64bit+\n        Capabilities: [70] MSI-X: Enable+ Count=64 Masked-\n        Capabilities: [a0] Express Endpoint, MSI 00\n        Capabilities: [e0] Vital Product Data\n\n04:00.1 Ethernet controller: Intel Corporation Ethernet 10G 2P X520 Adapter (rev 01)\n        Subsystem: Intel Corporation 10GbE 2P X520 Adapter\n        Flags: bus master, fast devsel, latency 0, IRQ 17\n        Memory at fbc00000 (64-bit, non-prefetchable)\n        I/O ports at d880\n        Memory at fbb7c000 (64-bit, non-prefetchable)\n        Expansion ROM at fbb80000 [disabled]\n        Capabilities: [40] Power Management version 3\n        Capabilities: [50] MSI: Enable- Count=1/1 Maskable+ 64bit+\n        Capabilities: [70] MSI-X: Enable+ Count=64 Masked-\n        Capabilities: [a0] Express Endpoint, MSI 00\n        Capabilities: [e0] Vital Product Data\n\n05:04.0 VGA compatible controller: ASPEED Technology, Inc. ASPEED Graphics Family (rev 10) (prog-if 00 [VGA controller])\n        Subsystem: Inventec Corporation Device 0047\n        Flags: medium devsel, IRQ 16\n        Memory at fb000000 (32-bit, non-prefetchable)\n        Memory at fafe0000 (32-bit, non-prefetchable)\n        I/O ports at ec00\n        Capabilities: [40] Power Management version 3\n\n\ndmesg of a good boot with SR-IOV disabled:\n\nCopyright (c) 1992-2013 The FreeBSD Project.                                             \nCopyright (c) 1979, 1980, 1983, 1986, 1988, 1989, 1991, 1992, 1993, 1994                 \n        The Regents of the University of California. All rights reserved.\nFreeBSD is a registered trademark of The FreeBSD Foundation.\nFreeBSD 10.0-RC1 #0 r259068: Sat Dec  7 17:45:20 UTC 2013\n    root@snap.freebsd.org:/usr/obj/usr/src/sys/GENERIC amd64\nFreeBSD clang version 3.3 (tags/RELEASE_33/final 183502) 20130610\nCPU: Intel(R) Xeon(R) CPU           L5639  @ 2.13GHz (2133.45-MHz K8-class CPU)\n  Origin = \"GenuineIntel\"  Id = 0x206c2  Family = 0x6  Model = 0x2c  Stepping = 2\n  Features=0xbfebfbff\u003cFPU,VME,DE,PSE,TSC,MSR,PAE,MCE,CX8,APIC,SEP,MTRR,PGE,MCA,CMOV,PAT,PSE36,CLFLUSH,DTS,ACPI,MMX,FXSR,SSE,SSE2,SS,HTT,TM,PBE\u003e\n  Features2=0x29ee3ff\u003cSSE3,PCLMULQDQ,DTES64,MON,DS_CPL,VMX,SMX,EST,TM2,SSSE3,CX16,xTPR,PDCM,PCID,DCA,SSE4.1,SSE4.2,POPCNT,AESNI\u003e\n  AMD Features=0x2c100800\u003cSYSCALL,NX,Page1GB,RDTSCP,LM\u003e\n  AMD Features2=0x1\u003cLAHF\u003e\n  TSC: P-state invariant, performance statistics\nreal memory  = 51539607552 (49152 MB)\navail memory = 49993539584 (47677 MB)\nEvent timer \"LAPIC\" quality 600\nACPI APIC Table: \u003c091713 APIC2129\u003e\nFreeBSD/SMP: Multiprocessor System Detected: 24 CPUs\nFreeBSD/SMP: 2 package(s) x 6 core(s) x 2 SMT threads\n cpu0 (BSP): APIC ID:  0\n cpu1 (AP): APIC ID:  1\n cpu2 (AP): APIC ID:  2\n cpu3 (AP): APIC ID:  3\n cpu4 (AP): APIC ID:  4\n cpu5 (AP): APIC ID:  5\n cpu6 (AP): APIC ID: 16\n cpu7 (AP): APIC ID: 17\n cpu8 (AP): APIC ID: 18\n cpu9 (AP): APIC ID: 19\n cpu10 (AP): APIC ID: 20\n cpu11 (AP): APIC ID: 21\n cpu12 (AP): APIC ID: 32\n cpu13 (AP): APIC ID: 33\n cpu14 (AP): APIC ID: 34\n cpu15 (AP): APIC ID: 35\n cpu16 (AP): APIC ID: 36\n cpu17 (AP): APIC ID: 37\n cpu18 (AP): APIC ID: 48\n cpu19 (AP): APIC ID: 49\n cpu20 (AP): APIC ID: 50\n cpu21 (AP): APIC ID: 51\n cpu22 (AP): APIC ID: 52\n cpu23 (AP): APIC ID: 53\nioapic1: Changing APIC ID to 7\nioapic0 \u003cVersion 2.0\u003e irqs 0-23 on motherboard\nioapic1 \u003cVersion 2.0\u003e irqs 24-47 on motherboard\nrandom: \u003cSoftware, Yarrow\u003e initialized\nmodule_register_init: MOD_LOAD (vesa, 0xffffffff80cfa4a0, 0) error 19\nkbd1 at kbdmux0\nacpi0: \u003c091713 XSDT2129\u003e on motherboard\nacpi0: Power Button (fixed)\nacpi0: reservation of 0, a0000 (3) failed\nacpi0: reservation of 100000, bff00000 (3) failed\ncpu0: \u003cACPI CPU\u003e on acpi0\ncpu1: \u003cACPI CPU\u003e on acpi0\ncpu2: \u003cACPI CPU\u003e on acpi0\ncpu3: \u003cACPI CPU\u003e on acpi0\ncpu4: \u003cACPI CPU\u003e on acpi0\ncpu5: \u003cACPI CPU\u003e on acpi0\ncpu6: \u003cACPI CPU\u003e on acpi0\ncpu7: \u003cACPI CPU\u003e on acpi0\ncpu8: \u003cACPI CPU\u003e on acpi0\ncpu9: \u003cACPI CPU\u003e on acpi0\ncpu10: \u003cACPI CPU\u003e on acpi0\ncpu11: \u003cACPI CPU\u003e on acpi0\ncpu12: \u003cACPI CPU\u003e on acpi0\ncpu13: \u003cACPI CPU\u003e on acpi0\ncpu14: \u003cACPI CPU\u003e on acpi0\ncpu15: \u003cACPI CPU\u003e on acpi0\ncpu16: \u003cACPI CPU\u003e on acpi0\ncpu17: \u003cACPI CPU\u003e on acpi0\ncpu18: \u003cACPI CPU\u003e on acpi0\ncpu19: \u003cACPI CPU\u003e on acpi0\ncpu20: \u003cACPI CPU\u003e on acpi0\ncpu21: \u003cACPI CPU\u003e on acpi0\ncpu22: \u003cACPI CPU\u003e on acpi0\ncpu23: \u003cACPI CPU\u003e on acpi0\nattimer0: \u003cAT timer\u003e port 0x40-0x43 irq 0 on acpi0\nTimecounter \"i8254\" frequency 1193182 Hz quality 0\nEvent timer \"i8254\" frequency 1193182 Hz quality 100\natrtc0: \u003cAT realtime clock\u003e port 0x70-0x71 irq 8 on acpi0\nEvent timer \"RTC\" frequency 32768 Hz quality 0\nhpet0: \u003cHigh Precision Event Timer\u003e iomem 0xfed00000-0xfed003ff on acpi0\nTimecounter \"HPET\" frequency 14318180 Hz quality 950\nEvent timer \"HPET\" frequency 14318180 Hz quality 350\nEvent timer \"HPET1\" frequency 14318180 Hz quality 340\nEvent timer \"HPET2\" frequency 14318180 Hz quality 340\nEvent timer \"HPET3\" frequency 14318180 Hz quality 340\nTimecounter \"ACPI-fast\" frequency 3579545 Hz quality 900\nacpi_timer0: \u003c24-bit timer at 3.579545MHz\u003e port 0x808-0x80b on acpi0\npcib0: \u003cACPI Host-PCI bridge\u003e port 0xcf8-0xcff on acpi0\npci0: \u003cACPI PCI bus\u003e on pcib0\npcib1: \u003cACPI PCI-PCI bridge\u003e at device 1.0 on pci0\npci1: \u003cACPI PCI bus\u003e on pcib1\nigb0: \u003cIntel(R) PRO/1000 Network Connection version - 2.4.0\u003e port 0xbc00-0xbc1f mem 0xfb9e0000-0xfb9fffff,0xfb9c0000-0xfb9dffff,0xfb99c000-0xfb99ffff irq 17 at device 0.0 on pci1\nigb0: Using MSIX interrupts with 9 vectors\nigb0: Ethernet address: 00:26:6c:f0:05:84\nigb0: Bound queue 0 to cpu 0\nigb0: Bound queue 1 to cpu 1\nigb0: Bound queue 2 to cpu 2\nigb0: Bound queue 3 to cpu 3\nigb0: Bound queue 4 to cpu 4\nigb0: Bound queue 5 to cpu 5\nigb0: Bound queue 6 to cpu 6\nigb0: Bound queue 7 to cpu 7\nigb1: \u003cIntel(R) PRO/1000 Network Connection version - 2.4.0\u003e port 0xb880-0xb89f mem 0xfb960000-0xfb97ffff,0xfb940000-0xfb95ffff,0xfb91c000-0xfb91ffff irq 16 at device 0.1 on pci1\nigb1: Using MSIX interrupts with 9 vectors\nigb1: Ethernet address: 00:26:6c:f0:05:85\nigb1: Bound queue 0 to cpu 8\nigb1: Bound queue 1 to cpu 9\nigb1: Bound queue 2 to cpu 10\nigb1: Bound queue 3 to cpu 11\nigb1: Bound queue 4 to cpu 12\nigb1: Bound queue 5 to cpu 13\nigb1: Bound queue 6 to cpu 14\nigb1: Bound queue 7 to cpu 15\npcib2: \u003cACPI PCI-PCI bridge\u003e at device 3.0 on pci0\npci2: \u003cACPI PCI bus\u003e on pcib2\nmps0: \u003cLSI SAS2008\u003e port 0xc000-0xc0ff mem 0xfba3c000-0xfba3ffff,0xfba40000-0xfba7ffff irq 24 at device 0.0 on pci2\nmps0: Firmware: 16.00.00.00, Driver: 16.00.00.00-fbsd\nmps0: IOCCapabilities: 185c\u003cScsiTaskFull,DiagTrace,SnapBuf,EEDP,TransRetry,IR\u003e\npcib3: \u003cACPI PCI-PCI bridge\u003e at device 5.0 on pci0\npci3: \u003cACPI PCI bus\u003e on pcib3\npcib4: \u003cACPI PCI-PCI bridge\u003e at device 7.0 on pci0\npci4: \u003cACPI PCI bus\u003e on pcib4\nix0: \u003cIntel(R) PRO/10GbE PCI-Express Network Driver, Version - 2.5.15\u003e port 0xdc00-0xdc1f mem 0xfbd80000-0xfbdfffff,0xfbcfc000-0xfbcfffff irq 16 at device 0.0 on pci4\nix0: Using MSIX interrupts with 9 vectors\nix0: Ethernet address: a0:36:9f:24:63:78\nix0: PCI Express Bus: Speed 5.0GT/s Width x8\nix1: \u003cIntel(R) PRO/10GbE PCI-Express Network Driver, Version - 2.5.15\u003e port 0xd880-0xd89f mem 0xfbc00000-0xfbc7ffff,0xfbb7c000-0xfbb7ffff irq 17 at device 0.1 on pci4\nix1: Using MSIX interrupts with 9 vectors\nix1: Ethernet address: a0:36:9f:24:63:7a\nix1: PCI Express Bus: Speed 5.0GT/s Width x8\npci0: \u003cbase peripheral, interrupt controller\u003e at device 20.0 (no driver attached)\npci0: \u003cbase peripheral, interrupt controller\u003e at device 20.1 (no driver attached)\npci0: \u003cbase peripheral, interrupt controller\u003e at device 20.2 (no driver attached)\npci0: \u003cbase peripheral, interrupt controller\u003e at device 20.3 (no driver attached)\npci0: \u003cbase peripheral\u003e at device 22.0 (no driver attached)\npci0: \u003cbase peripheral\u003e at device 22.1 (no driver attached)\npci0: \u003cbase peripheral\u003e at device 22.2 (no driver attached)\npci0: \u003cbase peripheral\u003e at device 22.3 (no driver attached)\npci0: \u003cbase peripheral\u003e at device 22.4 (no driver attached)\npci0: \u003cbase peripheral\u003e at device 22.5 (no driver attached)\npci0: \u003cbase peripheral\u003e at device 22.6 (no driver attached)\npci0: \u003cbase peripheral\u003e at device 22.7 (no driver attached)\nuhci0: \u003cIntel 82801JI (ICH10) USB controller USB-A\u003e port 0xac00-0xac1f irq 23 at device 29.0 on pci0\nuhci0: LegSup = 0x2400\nusbus0 on uhci0\nuhci1: \u003cIntel 82801JI (ICH10) USB controller USB-B\u003e port 0xa880-0xa89f irq 19 at device 29.1 on pci0\nuhci1: LegSup = 0x2400\nusbus1 on uhci1\nuhci2: \u003cIntel 82801JI (ICH10) USB controller USB-C\u003e port 0xa800-0xa81f irq 18 at device 29.2 on pci0\nuhci2: LegSup = 0x2400\nusbus2 on uhci2\nehci0: \u003cIntel 82801JI (ICH10) USB 2.0 controller USB-A\u003e mem 0xfbeda000-0xfbeda3ff irq 23 at device 29.7 on pci0\nusbus3: EHCI version 1.0\nusbus3 on ehci0\npcib5: \u003cACPI PCI-PCI bridge\u003e at device 30.0 on pci0\npci5: \u003cACPI PCI bus\u003e on pcib5\nvgapci0: \u003cVGA-compatible display\u003e port 0xec00-0xec7f mem 0xfb000000-0xfb7fffff,0xfafe0000-0xfaffffff irq 16 at device 4.0 on pci5\nisab0: \u003cPCI-ISA bridge\u003e at device 31.0 on pci0\nisa0: \u003cISA bus\u003e on isab0\nahci0: \u003cIntel ICH10 AHCI SATA controller\u003e port 0x9c00-0x9c07,0xa480-0xa483,0xa400-0xa407,0xa080-0xa083,0xa000-0xa01f mem 0xfbed8000-0xfbed87ff irq 19 at device 31.2 on pci0\nahci0: AHCI v1.20 with 6 3Gbps ports, Port Multiplier not supported\nahcich0: \u003cAHCI channel\u003e at channel 0 on ahci0\nahcich1: \u003cAHCI channel\u003e at channel 1 on ahci0\nahcich2: \u003cAHCI channel\u003e at channel 2 on ahci0\nahcich3: \u003cAHCI channel\u003e at channel 3 on ahci0\nahcich4: \u003cAHCI channel\u003e at channel 4 on ahci0\nahcich5: \u003cAHCI channel\u003e at channel 5 on ahci0\nahciem0: \u003cAHCI enclosure management bridge\u003e on ahci0\npci0: \u003cserial bus, SMBus\u003e at device 31.3 (no driver attached)\nacpi_button0: \u003cPower Button\u003e on acpi0\nqpi0: \u003cQPI system bus\u003e on motherboard\npcib6: \u003cQPI Host-PCI bridge\u003e pcibus 255 on qpi0\npci255: \u003cPCI bus\u003e on pcib6\npcib7: \u003cQPI Host-PCI bridge\u003e pcibus 254 on qpi0\npci254: \u003cPCI bus\u003e on pcib7\norm0: \u003cISA Option ROM\u003e at iomem 0xc0000-0xc7fff on isa0\nsc0: \u003cSystem console\u003e at flags 0x100 on isa0\nsc0: CGA \u003c16 virtual consoles, flags=0x300\u003e\nvga0: \u003cGeneric ISA VGA\u003e at port 0x3d0-0x3db iomem 0xb8000-0xbffff on isa0\nppc0: cannot reserve I/O port range\nuart0: \u003c16550 or compatible\u003e at port 0x3f8-0x3ff irq 4 flags 0x10 on isa0\nuart1: \u003cNon-standard ns8250 class UART with FIFOs\u003e at port 0x2f8-0x2ff irq 3 on isa0\nest0: \u003cEnhanced SpeedStep Frequency Control\u003e on cpu0\np4tcc0: \u003cCPU Frequency Thermal Control\u003e on cpu0\nest1: \u003cEnhanced SpeedStep Frequency Control\u003e on cpu1\np4tcc1: \u003cCPU Frequency Thermal Control\u003e on cpu1\nest2: \u003cEnhanced SpeedStep Frequency Control\u003e on cpu2\np4tcc2: \u003cCPU Frequency Thermal Control\u003e on cpu2\nest3: \u003cEnhanced SpeedStep Frequency Control\u003e on cpu3\np4tcc3: \u003cCPU Frequency Thermal Control\u003e on cpu3\nest4: \u003cEnhanced SpeedStep Frequency Control\u003e on cpu4\np4tcc4: \u003cCPU Frequency Thermal Control\u003e on cpu4\nest5: \u003cEnhanced SpeedStep Frequency Control\u003e on cpu5\np4tcc5: \u003cCPU Frequency Thermal Control\u003e on cpu5\nest6: \u003cEnhanced SpeedStep Frequency Control\u003e on cpu6\np4tcc6: \u003cCPU Frequency Thermal Control\u003e on cpu6\nest7: \u003cEnhanced SpeedStep Frequency Control\u003e on cpu7\np4tcc7: \u003cCPU Frequency Thermal Control\u003e on cpu7\nest8: \u003cEnhanced SpeedStep Frequency Control\u003e on cpu8\np4tcc8: \u003cCPU Frequency Thermal Control\u003e on cpu8\nest9: \u003cEnhanced SpeedStep Frequency Control\u003e on cpu9\np4tcc9: \u003cCPU Frequency Thermal Control\u003e on cpu9\nest10: \u003cEnhanced SpeedStep Frequency Control\u003e on cpu10\np4tcc10: \u003cCPU Frequency Thermal Control\u003e on cpu10\nest11: \u003cEnhanced SpeedStep Frequency Control\u003e on cpu11\np4tcc11: \u003cCPU Frequency Thermal Control\u003e on cpu11\nest12: \u003cEnhanced SpeedStep Frequency Control\u003e on cpu12\np4tcc12: \u003cCPU Frequency Thermal Control\u003e on cpu12\nest13: \u003cEnhanced SpeedStep Frequency Control\u003e on cpu13\np4tcc13: \u003cCPU Frequency Thermal Control\u003e on cpu13\nest14: \u003cEnhanced SpeedStep Frequency Control\u003e on cpu14\np4tcc14: \u003cCPU Frequency Thermal Control\u003e on cpu14\nest15: \u003cEnhanced SpeedStep Frequency Control\u003e on cpu15\np4tcc15: \u003cCPU Frequency Thermal Control\u003e on cpu15\nest16: \u003cEnhanced SpeedStep Frequency Control\u003e on cpu16\np4tcc16: \u003cCPU Frequency Thermal Control\u003e on cpu16\nest17: \u003cEnhanced SpeedStep Frequency Control\u003e on cpu17\np4tcc17: \u003cCPU Frequency Thermal Control\u003e on cpu17\nest18: \u003cEnhanced SpeedStep Frequency Control\u003e on cpu18\np4tcc18: \u003cCPU Frequency Thermal Control\u003e on cpu18\nest19: \u003cEnhanced SpeedStep Frequency Control\u003e on cpu19\np4tcc19: \u003cCPU Frequency Thermal Control\u003e on cpu19\nest20: \u003cEnhanced SpeedStep Frequency Control\u003e on cpu20\np4tcc20: \u003cCPU Frequency Thermal Control\u003e on cpu20\nest21: \u003cEnhanced SpeedStep Frequency Control\u003e on cpu21\np4tcc21: \u003cCPU Frequency Thermal Control\u003e on cpu21\nest22: \u003cEnhanced SpeedStep Frequency Control\u003e on cpu22\np4tcc22: \u003cCPU Frequency Thermal Control\u003e on cpu22\nest23: \u003cEnhanced SpeedStep Frequency Control\u003e on cpu23\np4tcc23: \u003cCPU Frequency Thermal Control\u003e on cpu23\nZFS filesystem version: 5\nZFS storage pool version: features support (5000)\nTimecounters tick every 1.000 msec\nrandom: unblocking device.\nusbus0: 12Mbps Full Speed USB v1.0\nusbus1: 12Mbps Full Speed USB v1.0\nusbus2: 12Mbps Full Speed USB v1.0\nusbus3: 480Mbps High Speed USB v2.0\nugen0.1: \u003cIntel\u003e at usbus0\nuhub0: \u003cIntel UHCI root HUB, class 9/0, rev 1.00/1.00, addr 1\u003e on usbus0\nugen2.1: \u003cIntel\u003e at usbus2\nuhub1: \u003cIntel UHCI root HUB, class 9/0, rev 1.00/1.00, addr 1\u003e on usbus2\nugen1.1: \u003cIntel\u003e at usbus1\nuhub2: \u003cIntel UHCI root HUB, class 9/0, rev 1.00/1.00, addr 1\u003e on usbus1\nugen3.1: \u003cIntel\u003e at usbus3\nuhub3: \u003cIntel EHCI root HUB, class 9/0, rev 2.00/1.00, addr 1\u003e on usbus3\nuhub0: 2 ports with 2 removable, self powered\nuhub2: 2 ports with 2 removable, self powered\nuhub1: 2 ports with 2 removable, self powered\nuhub3: 6 ports with 6 removable, self powered\nugen3.2: \u003cAmerican Megatrends Inc.\u003e at usbus3\nuhub4: \u003cHub Interface\u003e on usbus3\nuhub4: 3 ports with 3 removable, self powered\nugen3.3: \u003cAmerican Megatrends Inc.\u003e at usbus3\nukbd0: \u003cKeyboard Interface\u003e on usbus3\nkbd0 at ukbd0\nses0 at ahciem0 bus 0 scbus7 target 0 lun 0\nses0: \u003cAHCI SGPIO Enclosure 1.00 0001\u003e SEMB S-E-S 2.00 device\nses0: SEMB SES Device\nda2 at mps0 bus 0 scbus0 target 5 lun 0\nda2: \u003cATA PLEXTOR PX-128M5 1.05\u003e Fixed Direct Access SCSI-6 device\nda2: Serial Number P02332102762       \nda2: 600.000MB/s transfers\nda2: Command Queueing enabled\nda2: 122104MB (250069680 512 byte sectors: 255H 63S/T 15566C)\nda0 at mps0 bus 0 scbus0 target 3 lun 0\nda0: \u003cATA WDC WD4000F9YZ-0 1A01\u003e Fixed Direct Access SCSI-6 device\nda0: Serial Number      WD-WCC130785613\nda0: 600.000MB/s transfers\nda0: Command Queueing enabled\nda0: 3815447MB (7814037168 512 byte sectors: 255H 63S/T 486401C)\nda1 at mps0 bus 0 scbus0 target 4 lun 0\nda1: \u003cATA WDC WD4000F9YZ-0 1A01\u003e Fixed Direct Access SCSI-6 device\nda1: Serial Number      WD-WCC131006381\nda1: 600.000MB/s transfers\nda1: Command Queueing enabled\nda1: 3815447MB (7814037168 512 byte sectors: 255H 63S/T 486401C)\nNetvsc initializing... SMP: AP CPU #1 Launched!\nSMP: AP CPU #13 Launched!\nSMP: AP CPU #10 Launched!\nSMP: AP CPU #15 Launched!\nSMP: AP CPU #9 Launched!\nSMP: AP CPU #17 Launched!\nSMP: AP CPU #8 Launched!\nSMP: AP CPU #23 Launched!\nSMP: AP CPU #5 Launched!\nSMP: AP CPU #20 Launched!\nSMP: AP CPU #4 Launched!\nSMP: AP CPU #21 Launched!\nSMP: AP CPU #2 Launched!\nSMP: AP CPU #19 Launched!\nSMP: AP CPU #6 Launched!\nSMP: AP CPU #18 Launched!\nSMP: AP CPU #7 Launched!\nSMP: AP CPU #16 Launched!\nSMP: AP CPU #3 Launched!\nSMP: AP CPU #22 Launched!\nSMP: AP CPU #11 Launched!\nSMP: AP CPU #12 Launched!\nSMP: AP CPU #14 Launched!\nTimecounter \"TSC\" frequency 2133452828 Hz quality 1000\nTrying to mount root from zfs:zroot/ROOT/default []...\nums0: \u003cMouse Interface\u003e on usbus3\nums0: 3 buttons and [Z] coordinates ID=0\n\nHow-To-Repeat: Enable SR-IOV, have an intel X520 installed in a Dell C6100 node"
}