{
 "id": 661222,
 "bug_id": 167106,
 "attachment_id": 0,
 "creation_time": "2012-04-19T20:10:10Z",
 "creator": "claudius@ambtec.de",
 "text": "kernel switches timecounter after reboots from TSC-low to HPET and vice versa\n\nApr 19 19:38:07 server kernel: FreeBSD 9.0-RELEASE #2: Thu Apr 19 19:09:14 CEST 2012\nApr 19 19:38:07 server kernel: SMP: passed TSC synchronization test\n\nApr 19 20:06:37 server kernel: FreeBSD 9.0-RELEASE #2: Thu Apr 19 19:09:14 CEST 2012\nApr 19 20:06:37 server kernel: SMP: failed TSC synchronization test\n\nBase Board Information\n        Manufacturer: ASUSTeK COMPUTER INC.\n        Product Name: P8H67-M PRO\n\nBIOS Information\n        Vendor: American Megatrends Inc.\n        Version: 3604\n        Release Date: 02/23/2012\n\ndmesg:\n\nCopyright (c) 1992-2012 The FreeBSD Project.\nCopyright (c) 1979, 1980, 1983, 1986, 1988, 1989, 1991, 1992, 1993, 1994\n\tThe Regents of the University of California. All rights reserved.\nFreeBSD is a registered trademark of The FreeBSD Foundation.\nFreeBSD 9.0-RELEASE #2: Thu Apr 19 19:09:14 CEST 2012\n    claudius@server.ambtec.de:/usr/obj/usr/src/sys/CUSTOM amd64\nCPU: Intel(R) Core(TM) i7-2600 CPU @ 3.40GHz (3411.56-MHz K8-class CPU)\n  Origin = \"GenuineIntel\"  Id = 0x206a7  Family = 6  Model = 2a  Stepping = 7\n  Features=0xbfebfbff\u003cFPU,VME,DE,PSE,TSC,MSR,PAE,MCE,CX8,APIC,SEP,MTRR,PGE,MCA,CMOV,PAT,PSE36,CLFLUSH,DTS,ACPI,MMX,FXSR,SSE,SSE2,SS,HTT,TM,PBE\u003e\n  Features2=0x17bae3ff\u003cSSE3,PCLMULQDQ,DTES64,MON,DS_CPL,VMX,SMX,EST,TM2,SSSE3,CX16,xTPR,PDCM,PCID,SSE4.1,SSE4.2,x2APIC,POPCNT,TSCDLT,AESNI,XSAVE,AVX\u003e\n  AMD Features=0x28100800\u003cSYSCALL,NX,RDTSCP,LM\u003e\n  AMD Features2=0x1\u003cLAHF\u003e\n  TSC: P-state invariant, performance statistics\nreal memory  = 17179869184 (16384 MB)\navail memory = 16436305920 (15674 MB)\nEvent timer \"LAPIC\" quality 600\nACPI APIC Table: \u003cALASKA A M I\u003e\nFreeBSD/SMP: Multiprocessor System Detected: 8 CPUs\nFreeBSD/SMP: 1 package(s) x 4 core(s) x 2 SMT threads\n cpu0 (BSP): APIC ID:  0\n cpu1 (AP): APIC ID:  1\n cpu2 (AP): APIC ID:  2\n cpu3 (AP): APIC ID:  3\n cpu4 (AP): APIC ID:  4\n cpu5 (AP): APIC ID:  5\n cpu6 (AP): APIC ID:  6\n cpu7 (AP): APIC ID:  7\nioapic0 \u003cVersion 2.0\u003e irqs 0-23 on motherboard\nkbd1 at kbdmux0\ncryptosoft0: \u003csoftware crypto\u003e on motherboard\naesni0: \u003cAES-CBC,AES-XTS\u003e on motherboard\nacpi0: \u003cALASKA A M I\u003e on motherboard\nACPI Error: [RAMB] Namespace lookup failure, AE_NOT_FOUND (20110527/psargs-392)\nACPI Exception: AE_NOT_FOUND, Could not execute arguments for [RAMW] (Region) (20110527/nsinit-380)\nacpi0: Power Button (fixed)\nacpi0: reservation of 67, 1 (4) failed\nTimecounter \"ACPI-fast\" frequency 3579545 Hz quality 900\nacpi_timer0: \u003c24-bit timer at 3.579545MHz\u003e port 0x408-0x40b on acpi0\ncpu0: \u003cACPI CPU\u003e on acpi0\ncpu1: \u003cACPI CPU\u003e on acpi0\ncpu2: \u003cACPI CPU\u003e on acpi0\ncpu3: \u003cACPI CPU\u003e on acpi0\ncpu4: \u003cACPI CPU\u003e on acpi0\ncpu5: \u003cACPI CPU\u003e on acpi0\ncpu6: \u003cACPI CPU\u003e on acpi0\ncpu7: \u003cACPI CPU\u003e on acpi0\npcib0: \u003cACPI Host-PCI bridge\u003e port 0xcf8-0xcff on acpi0\npci0: \u003cACPI PCI bus\u003e on pcib0\npcib1: \u003cACPI PCI-PCI bridge\u003e irq 16 at device 1.0 on pci0\npci1: \u003cACPI PCI bus\u003e on pcib1\nvgapci0: \u003cVGA-compatible display\u003e port 0xf000-0xf03f mem 0xf7800000-0xf7bfffff,0xe0000000-0xefffffff irq 16 at device 2.0 on pci0\npci0: \u003csimple comms\u003e at device 22.0 (no driver attached)\nehci0: \u003cEHCI (generic) USB 2.0 controller\u003e mem 0xf7d04000-0xf7d043ff irq 23 at device 26.0 on pci0\nusbus0: EHCI version 1.0\nusbus0: \u003cEHCI (generic) USB 2.0 controller\u003e on ehci0\npcib2: \u003cACPI PCI-PCI bridge\u003e irq 16 at device 28.0 on pci0\npci2: \u003cACPI PCI bus\u003e on pcib2\npcib3: \u003cACPI PCI-PCI bridge\u003e irq 17 at device 28.5 on pci0\npci3: \u003cACPI PCI bus\u003e on pcib3\nxhci0: \u003cXHCI (generic) USB 3.0 controller\u003e mem 0xf7c00000-0xf7c07fff irq 17 at device 0.0 on pci3\nxhci0: 32 byte context size.\nusbus1 on xhci0\npcib4: \u003cACPI PCI-PCI bridge\u003e irq 18 at device 28.6 on pci0\npci4: \u003cACPI PCI bus\u003e on pcib4\nre0: \u003cRealTek 8168/8111 B/C/CP/D/DP/E PCIe Gigabit Ethernet\u003e port 0xe000-0xe0ff mem 0xf0004000-0xf0004fff,0xf0000000-0xf0003fff irq 18 at device 0.0 on pci4\nre0: Using 1 MSI-X message\nre0: Chip rev. 0x2c000000\nre0: MAC rev. 0x00000000\nmiibus0: \u003cMII bus\u003e on re0\nrgephy0: \u003cRTL8169S/8110S/8211 1000BASE-T media interface\u003e PHY 1 on miibus0\nrgephy0:  none, 10baseT, 10baseT-FDX, 10baseT-FDX-flow, 100baseTX, 100baseTX-FDX, 100baseTX-FDX-flow, 1000baseT, 1000baseT-master, 1000baseT-FDX, 1000baseT-FDX-master, 1000baseT-FDX-flow, 1000baseT-FDX-flow-master, auto, auto-flow\nre0: Ethernet address: 54:04:a6:7e:eb:34\npcib5: \u003cACPI PCI-PCI bridge\u003e irq 19 at device 28.7 on pci0\npci5: \u003cACPI PCI bus\u003e on pcib5\npcib6: \u003cACPI PCI-PCI bridge\u003e irq 19 at device 0.0 on pci5\npci6: \u003cACPI PCI bus\u003e on pcib6\nehci1: \u003cEHCI (generic) USB 2.0 controller\u003e mem 0xf7d03000-0xf7d033ff irq 23 at device 29.0 on pci0\nusbus2: EHCI version 1.0\nusbus2: \u003cEHCI (generic) USB 2.0 controller\u003e on ehci1\nisab0: \u003cPCI-ISA bridge\u003e at device 31.0 on pci0\nisa0: \u003cISA bus\u003e on isab0\nahci0: \u003cIntel Cougar Point AHCI SATA controller\u003e port 0xf0b0-0xf0b7,0xf0a0-0xf0a3,0xf090-0xf097,0xf080-0xf083,0xf060-0xf07f mem 0xf7d02000-0xf7d027ff irq 19 at device 31.2 on pci0\nahci0: AHCI v1.30 with 6 6Gbps ports, Port Multiplier not supported\nahcich0: \u003cAHCI channel\u003e at channel 0 on ahci0\nahcich1: \u003cAHCI channel\u003e at channel 1 on ahci0\npci0: \u003cserial bus, SMBus\u003e at device 31.3 (no driver attached)\nacpi_button0: \u003cPower Button\u003e on acpi0\nacpi_tz0: \u003cThermal Zone\u003e on acpi0\nacpi_tz1: \u003cThermal Zone\u003e on acpi0\nhpet0: \u003cHigh Precision Event Timer\u003e iomem 0xfed00000-0xfed003ff on acpi0\nTimecounter \"HPET\" frequency 14318180 Hz quality 950\nEvent timer \"HPET\" frequency 14318180 Hz quality 550\natrtc0: \u003cAT realtime clock\u003e port 0x70-0x77 irq 8 on acpi0\natrtc0: Warning: Couldn't map I/O.\nEvent timer \"RTC\" frequency 32768 Hz quality 0\nattimer0: \u003cAT timer\u003e port 0x40-0x43,0x50-0x53 irq 0 on acpi0\nTimecounter \"i8254\" frequency 1193182 Hz quality 0\nEvent timer \"i8254\" frequency 1193182 Hz quality 100\natkbdc0: \u003cKeyboard controller (i8042)\u003e port 0x60,0x64 irq 1 on acpi0\natkbd0: \u003cAT Keyboard\u003e irq 1 on atkbdc0\nkbd0 at atkbd0\natkbd0: [GIANT-LOCKED]\nsc0: \u003cSystem console\u003e at flags 0x100 on isa0\nsc0: VGA \u003c16 virtual consoles, flags=0x300\u003e\nvga0: \u003cGeneric ISA VGA\u003e at port 0x3c0-0x3df iomem 0xa0000-0xbffff on isa0\ncoretemp0: \u003cCPU On-Die Thermal Sensors\u003e on cpu0\nest0: \u003cEnhanced SpeedStep Frequency Control\u003e on cpu0\np4tcc0: \u003cCPU Frequency Thermal Control\u003e on cpu0\ncoretemp1: \u003cCPU On-Die Thermal Sensors\u003e on cpu1\nest1: \u003cEnhanced SpeedStep Frequency Control\u003e on cpu1\np4tcc1: \u003cCPU Frequency Thermal Control\u003e on cpu1\ncoretemp2: \u003cCPU On-Die Thermal Sensors\u003e on cpu2\nest2: \u003cEnhanced SpeedStep Frequency Control\u003e on cpu2\np4tcc2: \u003cCPU Frequency Thermal Control\u003e on cpu2\ncoretemp3: \u003cCPU On-Die Thermal Sensors\u003e on cpu3\nest3: \u003cEnhanced SpeedStep Frequency Control\u003e on cpu3\np4tcc3: \u003cCPU Frequency Thermal Control\u003e on cpu3\ncoretemp4: \u003cCPU On-Die Thermal Sensors\u003e on cpu4\nest4: \u003cEnhanced SpeedStep Frequency Control\u003e on cpu4\np4tcc4: \u003cCPU Frequency Thermal Control\u003e on cpu4\ncoretemp5: \u003cCPU On-Die Thermal Sensors\u003e on cpu5\nest5: \u003cEnhanced SpeedStep Frequency Control\u003e on cpu5\np4tcc5: \u003cCPU Frequency Thermal Control\u003e on cpu5\ncoretemp6: \u003cCPU On-Die Thermal Sensors\u003e on cpu6\nest6: \u003cEnhanced SpeedStep Frequency Control\u003e on cpu6\np4tcc6: \u003cCPU Frequency Thermal Control\u003e on cpu6\ncoretemp7: \u003cCPU On-Die Thermal Sensors\u003e on cpu7\nest7: \u003cEnhanced SpeedStep Frequency Control\u003e on cpu7\np4tcc7: \u003cCPU Frequency Thermal Control\u003e on cpu7\nZFS filesystem version 5\nZFS storage pool version 28\nTimecounters tick every 1.000 msec\nusbus0: 480Mbps High Speed USB v2.0\nusbus1: 5.0Gbps Super Speed USB v3.0\nusbus2: 480Mbps High Speed USB v2.0\nugen0.1: \u003cIntel\u003e at usbus0\nuhub0: \u003cIntel EHCI root HUB, class 9/0, rev 2.00/1.00, addr 1\u003e on usbus0\nugen1.1: \u003c0x1b21\u003e at usbus1\nuhub1: \u003c0x1b21 XHCI root HUB, class 9/0, rev 3.00/1.00, addr 1\u003e on usbus1\nugen2.1: \u003cIntel\u003e at usbus2\nuhub2: \u003cIntel EHCI root HUB, class 9/0, rev 2.00/1.00, addr 1\u003e on usbus2\nada0 at ahcich0 bus 0 scbus0 target 0 lun 0\nada0: \u003cST3000DM001-9YN166 CC47\u003e ATA-8 SATA 3.x device\nada0: 600.000MB/s transfers (SATA 3.x, UDMA6, PIO 8192bytes)\nada0: Command Queueing enabled\nada0: 2861588MB (5860533168 512 byte sectors: 16H 63S/T 16383C)\nada1 at ahcich1 bus 0 scbus1 target 0 lun 0\nada1: \u003cST3000DM001-9YN166 CC47\u003e ATA-8 SATA 3.x device\nada1: 600.000MB/s transfers (SATA 3.x, UDMA6, PIO 8192bytes)\nada1: Command Queueing enabled\nada1: 2861588MB (5860533168 512 byte sectors: 16H 63S/T 16383C)\nSMP: AP CPU #1 Launched!\nSMP: AP CPU #5 Launched!\nSMP: AP CPU #6 Launched!\nSMP: AP CPU #2 Launched!\nSMP: AP CPU #4 Launched!\nSMP: AP CPU #3 Launched!\nSMP: AP CPU #7 Launched!\nTimecounter \"TSC-low\" frequency 13326397 Hz quality 1000\nGEOM_MIRROR: Device mirror/swap launched (2/2).\nuhub1: 4 ports with 4 removable, self powered\nTrying to mount root from zfs:system/rootfs [rw,noatime]...\nuhub0: 2 ports with 2 removable, self powered\nuhub2: 2 ports with 2 removable, self powered\nugen0.2: \u003cvendor 0x8087\u003e at usbus0\nuhub3: \u003cvendor 0x8087 product 0x0024, class 9/0, rev 2.00/0.00, addr 2\u003e on usbus0\nugen2.2: \u003cvendor 0x8087\u003e at usbus2\nuhub4: \u003cvendor 0x8087 product 0x0024, class 9/0, rev 2.00/0.00, addr 2\u003e on usbus2\nuhub3: 6 ports with 6 removable, self powered\nuhub4: 8 ports with 8 removable, self powered\nGEOM_ELI: Device mirror/swap.eli created.\nGEOM_ELI: Encryption: AES-XTS 256\nGEOM_ELI:     Crypto: hardware\n\nHow-To-Repeat: For my system it is sufficient to reboot, I first noticed this after a\npower failure because the ntp drift changed from -3ppm to +20ppm but it\ndoes not happen every time, in 10 reboots I got 4 timecounter changes."
}