{
 "id": 526150,
 "bug_id": 140150,
 "attachment_id": 0,
 "creation_time": "2009-10-31T20:10:01Z",
 "creator": "hrkfdn@gmail.com",
 "text": "When reading (audio) CDs, the CD driver ends up in a FAILURE loop. If this happens for example during boot-time, it won't finish booting FreeBSD because it will never get any further than reading the CD label.\nI started having this error with the first 7.0 releases, if I remember correctly. The drive works fine with other OSes, so I'm pretty sure it's not a hardware issue. It also doesn't matter, whether the CDs are copy-protected or not. The CDs have no scratches whatsoever.\n\nThis is what dmesg spits out when it happens:\nacd0: TIMEOUT - READ_CD retrying (1 retry left)\nacd0: TIMEOUT - READ_CD retrying (0 retries left)\nacd0: FAILURE - READ_CD timed out\nacd0: TIMEOUT - READ_CD retrying (1 retry left)\nacd0: TIMEOUT - READ_CD retrying (0 retries left)\nacd0: FAILURE - READ_CD timed out\nacd0: TIMEOUT - READ_CD retrying (1 retry left)\nacd0: TIMEOUT - READ_CD retrying (0 retries left)\nacd0: FAILURE - READ_CD timed out\nacd0: TIMEOUT - READ_CD retrying (1 retry left)\nacd0: TIMEOUT - READ_CD retrying (0 retries left)\nacd0: FAILURE - READ_CD timed out\nacd0: TIMEOUT - READ_CD retrying (1 retry left)\n\nComplete dmesg:\nCopyright (c) 1992-2009 The FreeBSD Project.\nCopyright (c) 1979, 1980, 1983, 1986, 1988, 1989, 1991, 1992, 1993, 1994\n\tThe Regents of the University of California. All rights reserved.\nFreeBSD is a registered trademark of The FreeBSD Foundation.\nFreeBSD 8.0-RC2 #0: Sun Oct 25 17:21:02 CET 2009\n    root@sun.univer.se:/usr/obj/usr/src/sys/HYDROGEN\nTimecounter \"i8254\" frequency 1193182 Hz quality 0\nCPU: Intel(R) Core(TM)2 Quad CPU    Q6600  @ 2.40GHz (2400.10-MHz 686-class CPU)\n  Origin = \"GenuineIntel\"  Id = 0x6fb  Stepping = 11\n  Features=0xbfebfbff\u003cFPU,VME,DE,PSE,TSC,MSR,PAE,MCE,CX8,APIC,SEP,MTRR,PGE,MCA,CMOV,PAT,PSE36,CLFLUSH,DTS,ACPI,MMX,FXSR,SSE,SSE2,SS,HTT,TM,PBE\u003e\n  Features2=0xe3bd\u003cSSE3,DTES64,MON,DS_CPL,VMX,EST,TM2,SSSE3,CX16,xTPR,PDCM\u003e\n  AMD Features=0x20100000\u003cNX,LM\u003e\n  AMD Features2=0x1\u003cLAHF\u003e\n  TSC: P-state invariant\nreal memory  = 4294967296 (4096 MB)\navail memory = 3404492800 (3246 MB)\nACPI APIC Table: \u003cGBT    GBTUACPI\u003e\nFreeBSD/SMP: Multiprocessor System Detected: 4 CPUs\nFreeBSD/SMP: 1 package(s) x 4 core(s)\n cpu0 (BSP): APIC ID:  0\n cpu1 (AP): APIC ID:  1\n cpu2 (AP): APIC ID:  2\n cpu3 (AP): APIC ID:  3\nioapic0: Changing APIC ID to 2\nioapic0 \u003cVersion 2.0\u003e irqs 0-23 on motherboard\nkbd1 at kbdmux0\nacpi0: \u003cGBT GBTUACPI\u003e on motherboard\nacpi0: [ITHREAD]\nacpi0: Power Button (fixed)\nacpi0: reservation of 0, a0000 (3) failed\nacpi0: reservation of 100000, cfde0000 (3) failed\nTimecounter \"ACPI-fast\" frequency 3579545 Hz quality 1000\nacpi_timer0: \u003c24-bit timer at 3.579545MHz\u003e port 0x408-0x40b on acpi0\nacpi_hpet0: \u003cHigh Precision Event Timer\u003e iomem 0xfed00000-0xfed003ff on acpi0\nTimecounter \"HPET\" frequency 14318180 Hz quality 900\nacpi_button0: \u003cPower Button\u003e on acpi0\npcib0: \u003cACPI Host-PCI bridge\u003e port 0xcf8-0xcff on acpi0\npci0: \u003cACPI PCI bus\u003e on pcib0\npcib1: \u003cPCI-PCI bridge\u003e irq 16 at device 1.0 on pci0\npci1: \u003cPCI bus\u003e on pcib1\nvgapci0: \u003cVGA-compatible display\u003e port 0xb000-0xb07f mem 0xe4000000-0xe4ffffff,0xd0000000-0xdfffffff,0xe5000000-0xe5ffffff irq 16 at device 0.0 on pci1\nnvidia0: \u003cGeForce 7600 GT\u003e on vgapci0\nvgapci0: child nvidia0 requested pci_enable_busmaster\nvgapci0: child nvidia0 requested pci_enable_io\nvgapci0: child nvidia0 requested pci_enable_io\nnvidia0: [GIANT-LOCKED]\nnvidia0: [ITHREAD]\npci0: \u003cserial bus, USB\u003e at device 26.0 (no driver attached)\npci0: \u003cserial bus, USB\u003e at device 26.1 (no driver attached)\npci0: \u003cserial bus, USB\u003e at device 26.2 (no driver attached)\nehci0: \u003cEHCI (generic) USB 2.0 controller\u003e mem 0xe9205000-0xe92053ff irq 18 at device 26.7 on pci0\nehci0: [ITHREAD]\nusbus0: EHCI version 1.0\nusbus0: \u003cEHCI (generic) USB 2.0 controller\u003e on ehci0\nhdac0: \u003cIntel 82801J High Definition Audio Controller\u003e mem 0xe9200000-0xe9203fff irq 22 at device 27.0 on pci0\nhdac0: HDA Driver Revision: 20090624_0136\nhdac0: [ITHREAD]\npcib2: \u003cACPI PCI-PCI bridge\u003e irq 16 at device 28.0 on pci0\npci2: \u003cACPI PCI bus\u003e on pcib2\npcib3: \u003cACPI PCI-PCI bridge\u003e irq 16 at device 28.4 on pci0\npci3: \u003cACPI PCI bus\u003e on pcib3\natapci0: \u003cJMicron JMB368 UDMA133 controller\u003e port 0xc000-0xc007,0xc100-0xc103,0xc200-0xc207,0xc300-0xc303,0xc400-0xc40f irq 16 at device 0.0 on pci3\natapci0: [ITHREAD]\nata2: \u003cATA channel 0\u003e on atapci0\nata2: [ITHREAD]\npcib4: \u003cACPI PCI-PCI bridge\u003e irq 17 at device 28.5 on pci0\npci4: \u003cACPI PCI bus\u003e on pcib4\nre0: \u003cRealTek 8168/8168B/8168C/8168CP/8168D/8168DP/8111B/8111C/8111CP/8111DP PCIe Gigabit Ethernet\u003e port 0xd000-0xd0ff mem 0xe9010000-0xe9010fff,0xe9000000-0xe900ffff irq 17 at device 0.0 on pci4\nre0: Using 1 MSI messages\nre0: Chip rev. 0x3c000000\nre0: MAC rev. 0x00400000\nmiibus0: \u003cMII bus\u003e on re0\nrgephy0: \u003cRTL8169S/8110S/8211B media interface\u003e PHY 1 on miibus0\nrgephy0:  10baseT, 10baseT-FDX, 100baseTX, 100baseTX-FDX, 1000baseT, 1000baseT-FDX, auto\nre0: Ethernet address: 00:1f:d0:8e:95:4c\nre0: [FILTER]\npci0: \u003cserial bus, USB\u003e at device 29.0 (no driver attached)\npci0: \u003cserial bus, USB\u003e at device 29.1 (no driver attached)\npci0: \u003cserial bus, USB\u003e at device 29.2 (no driver attached)\nehci1: \u003cEHCI (generic) USB 2.0 controller\u003e mem 0xe9204000-0xe92043ff irq 23 at device 29.7 on pci0\nehci1: [ITHREAD]\nusbus1: EHCI version 1.0\nusbus1: \u003cEHCI (generic) USB 2.0 controller\u003e on ehci1\npcib5: \u003cACPI PCI-PCI bridge\u003e at device 30.0 on pci0\npci5: \u003cACPI PCI bus\u003e on pcib5\npci5: \u003cmultimedia\u003e at device 0.0 (no driver attached)\nisab0: \u003cPCI-ISA bridge\u003e at device 31.0 on pci0\nisa0: \u003cISA bus\u003e on isab0\natapci1: \u003cIntel ICH10 SATA300 controller\u003e port 0x1f0-0x1f7,0x3f6,0x170-0x177,0x376,0xf000-0xf00f,0xf100-0xf10f at device 31.2 on pci0\nata0: \u003cATA channel 0\u003e on atapci1\nata0: [ITHREAD]\nata1: \u003cATA channel 1\u003e on atapci1\nata1: [ITHREAD]\npci0: \u003cserial bus, SMBus\u003e at device 31.3 (no driver attached)\natapci2: \u003cIntel ICH10 SATA300 controller\u003e port 0xe700-0xe707,0xe800-0xe803,0xe900-0xe907,0xea00-0xea03,0xeb00-0xeb0f,0xec00-0xec0f irq 19 at device 31.5 on pci0\natapci2: [ITHREAD]\nata3: \u003cATA channel 0\u003e on atapci2\nata3: [ITHREAD]\nata4: \u003cATA channel 1\u003e on atapci2\nata4: [ITHREAD]\natrtc0: \u003cAT realtime clock\u003e port 0x70-0x73 on acpi0\natkbdc0: \u003cKeyboard controller (i8042)\u003e port 0x60,0x64 irq 1 on acpi0\natkbd0: \u003cAT Keyboard\u003e irq 1 on atkbdc0\nkbd0 at atkbd0\natkbd0: [GIANT-LOCKED]\natkbd0: [ITHREAD]\npsm0: \u003cPS/2 Mouse\u003e irq 12 on atkbdc0\npsm0: [GIANT-LOCKED]\npsm0: [ITHREAD]\npsm0: model IntelliMouse Explorer, device ID 4\ncpu0: \u003cACPI CPU\u003e on acpi0\ncoretemp0: \u003cCPU On-Die Thermal Sensors\u003e on cpu0\nest0: \u003cEnhanced SpeedStep Frequency Control\u003e on cpu0\nest: CPU supports Enhanced Speedstep, but is not recognized.\nest: cpu_vendor GenuineIntel, msr 926092606000926\ndevice_attach: est0 attach returned 6\np4tcc0: \u003cCPU Frequency Thermal Control\u003e on cpu0\ncpu1: \u003cACPI CPU\u003e on acpi0\ncoretemp1: \u003cCPU On-Die Thermal Sensors\u003e on cpu1\nest1: \u003cEnhanced SpeedStep Frequency Control\u003e on cpu1\nest: CPU supports Enhanced Speedstep, but is not recognized.\nest: cpu_vendor GenuineIntel, msr 926092606000926\ndevice_attach: est1 attach returned 6\np4tcc1: \u003cCPU Frequency Thermal Control\u003e on cpu1\ncpu2: \u003cACPI CPU\u003e on acpi0\ncoretemp2: \u003cCPU On-Die Thermal Sensors\u003e on cpu2\nest2: \u003cEnhanced SpeedStep Frequency Control\u003e on cpu2\nest: CPU supports Enhanced Speedstep, but is not recognized.\nest: cpu_vendor GenuineIntel, msr 926092606000926\ndevice_attach: est2 attach returned 6\np4tcc2: \u003cCPU Frequency Thermal Control\u003e on cpu2\ncpu3: \u003cACPI CPU\u003e on acpi0\ncoretemp3: \u003cCPU On-Die Thermal Sensors\u003e on cpu3\nest3: \u003cEnhanced SpeedStep Frequency Control\u003e on cpu3\nest: CPU supports Enhanced Speedstep, but is not recognized.\nest: cpu_vendor GenuineIntel, msr 926092606000926\ndevice_attach: est3 attach returned 6\np4tcc3: \u003cCPU Frequency Thermal Control\u003e on cpu3\npmtimer0 on isa0\nsc0: \u003cSystem console\u003e at flags 0x100 on isa0\nsc0: VGA \u003c16 virtual consoles, flags=0x300\u003e\nvga0: \u003cGeneric ISA VGA\u003e at port 0x3c0-0x3df iomem 0xa0000-0xbffff on isa0\nTimecounters tick every 1.000 msec\nusbus0: 480Mbps High Speed USB v2.0\nusbus1: 480Mbps High Speed USB v2.0\nad0: 305241MB \u003cSeagate ST3320620AS 3.AAC\u003e at ata0-master SATA300\nad2: 305244MB \u003cSeagate ST3320620AS 3.AAK\u003e at ata1-master SATA300\nugen0.1: \u003cIntel\u003e at usbus0\nuhub0: \u003cIntel EHCI root HUB, class 9/0, rev 2.00/1.00, addr 1\u003e on usbus0\nugen1.1: \u003cIntel\u003e at usbus1\nuhub1: \u003cIntel EHCI root HUB, class 9/0, rev 2.00/1.00, addr 1\u003e on usbus1\nacd0: DVDR \u003cBENQ DVD LS DW1655/BCIB\u003e at ata2-slave UDMA33\nhdac0: HDA Codec #2: Realtek ALC888\npcm0: \u003cHDA Realtek ALC888 PCM #0 Analog\u003e at cad 2 nid 1 on hdac0\npcm1: \u003cHDA Realtek ALC888 PCM #1 Analog\u003e at cad 2 nid 1 on hdac0\npcm2: \u003cHDA Realtek ALC888 PCM #2 Digital\u003e at cad 2 nid 1 on hdac0\nuhub0: 6 ports with 6 removable, self powered\nuhub1: 6 ports with 6 removable, self powered\nacd0: FAILURE - INQUIRY ILLEGAL REQUEST asc=0x24 ascq=0x00 \n(probe0:ata2:0:1:0): TEST UNIT READY. CDB: 0 0 0 0 0 0 \n(probe0:ata2:0:1:0): CAM Status: SCSI Status Error\n(probe0:ata2:0:1:0): SCSI Status: Check Condition\n(probe0:ata2:0:1:0): NOT READY asc:3a,0\n(probe0:ata2:0:1:0): Medium not present\n(probe0:ata2:0:1:0): Unretryable error\nacd0: FAILURE - INQUIRY ILLEGAL REQUEST asc=0x24 ascq=0x00 \nSMP: AP CPU #1 Launched!\nSMP: AP CPU #2 Launched!\nSMP: AP CPU #3 Launched!\ncd0 at ata2 bus 0 target 1 lun 0\ncd0: \u003cBENQ DVD LS DW1655 BCIB\u003e Removable CD-ROM SCSI-0 device \ncd0: 33.000MB/s transfers\ncd0: Attempt to query device size failed: NOT READY, Medium not present\nTrying to mount root from ufs:/dev/ad0s1a\nre0: link state changed to UP"
}