{
 "id": 564211,
 "bug_id": 147862,
 "attachment_id": 0,
 "creation_time": "2010-06-15T07:00:04Z",
 "creator": "draconian.burns@gmail.com",
 "text": "PC-BSD 8.1-BETA1 Diagnostic Sheet\nGenerated: Sun Jun 13 14:49:13 PDT 2010\n\n-----------------Dmesg Output-------------------------\n\nCopyright (c) 1992-2010 The FreeBSD Project.\nCopyright (c) 1979, 1980, 1983, 1986, 1988, 1989, 1991, 1992, 1993, 1994\n\tThe Regents of the University of California. All rights reserved.\nFreeBSD is a registered trademark of The FreeBSD Foundation.\nFreeBSD 8.1-PRERELEASE #1: Tue Jun  1 22:41:58 UTC 2010\n    root@build8x64.pcbsd.org:/usr/obj/storage/builds/pcbsd-build81-x64/fbsd-source/8.1/sys/PCBSD amd64\nTimecounter \"i8254\" frequency 1193182 Hz quality 0\nCPU: Intel(R) Core(TM)2 Duo CPU     T7250  @ 2.00GHz (1995.02-MHz K8-class CPU)\n  Origin = \"GenuineIntel\"  Id = 0x6fd  Family = 6  Model = f  Stepping = 13\n  Features=0xbfebfbff\u003cFPU,VME,DE,PSE,TSC,MSR,PAE,MCE,CX8,APIC,SEP,MTRR,PGE,MCA,CMOV,PAT,PSE36,CLFLUSH,DTS,ACPI,MMX,FXSR,SSE,SSE2,SS,HTT,TM,PBE\u003e\n  Features2=0xe3bd\u003cSSE3,DTES64,MON,DS_CPL,VMX,EST,TM2,SSSE3,CX16,xTPR,PDCM\u003e\n  AMD Features=0x20100800\u003cSYSCALL,NX,LM\u003e\n  AMD Features2=0x1\u003cLAHF\u003e\n  TSC: P-state invariant\nreal memory  = 4294967296 (4096 MB)\navail memory = 4100603904 (3910 MB)\nACPI APIC Table: \u003cDELL   M08    \u003e\nFreeBSD/SMP: Multiprocessor System Detected: 2 CPUs\nFreeBSD/SMP: 1 package(s) x 2 core(s)\n cpu0 (BSP): APIC ID:  0\n cpu1 (AP): APIC ID:  1\nioapic0: Changing APIC ID to 2\nioapic0 \u003cVersion 2.0\u003e irqs 0-23 on motherboard\nCuse4BSD v0.1.11 @ /dev/cuse\nkbd1 at kbdmux0\ncryptosoft0: \u003csoftware crypto\u003e on motherboard\nacpi0: \u003cDELL M08    \u003e on motherboard\nacpi0: [ITHREAD]\nacpi_hpet0: \u003cHigh Precision Event Timer\u003e iomem 0xfed00000-0xfed003ff on acpi0\nTimecounter \"HPET\" frequency 14318180 Hz quality 900\nacpi0: reservation of 0, 9f000 (3) failed\nacpi0: reservation of 100000, df55a800 (3) failed\nTimecounter \"ACPI-fast\" frequency 3579545 Hz quality 1000\nacpi_timer0: \u003c24-bit timer at 3.579545MHz\u003e port 0x1008-0x100b on acpi0\ncpu0: \u003cACPI CPU\u003e on acpi0\ncpu1: \u003cACPI CPU\u003e on acpi0\npcib0: \u003cACPI Host-PCI bridge\u003e port 0xcf8-0xcff on acpi0\npci0: \u003cACPI PCI bus\u003e on pcib0\nvgapci0: \u003cVGA-compatible display\u003e port 0xefe8-0xefef mem 0xf6e00000-0xf6efffff,0xe0000000-0xefffffff irq 16 at device 2.0 on pci0\nagp0: \u003cIntel GM965 SVGA controller\u003e on vgapci0\nagp0: detected 7676k stolen memory\nagp0: aperture size is 256M\nvgapci1: \u003cVGA-compatible display\u003e mem 0xf6f00000-0xf6ffffff at device 2.1 on pci0\nuhci0: \u003cIntel 82801H (ICH8) USB controller USB-D\u003e port 0x6f20-0x6f3f irq 20 at device 26.0 on pci0\nuhci0: [ITHREAD]\nuhci0: LegSup = 0x2f00\nusbus0: \u003cIntel 82801H (ICH8) USB controller USB-D\u003e on uhci0\nuhci1: \u003cIntel 82801H (ICH8) USB controller USB-E\u003e port 0x6f00-0x6f1f irq 21 at device 26.1 on pci0\nuhci1: [ITHREAD]\nuhci1: LegSup = 0x2f00\nusbus1: \u003cIntel 82801H (ICH8) USB controller USB-E\u003e on uhci1\nehci0: \u003cIntel 82801H (ICH8) USB 2.0 controller USB2-B\u003e mem 0xfed1c400-0xfed1c7ff irq 22 at device 26.7 on pci0\nehci0: [ITHREAD]\nusbus2: EHCI version 1.0\nusbus2: \u003cIntel 82801H (ICH8) USB 2.0 controller USB2-B\u003e on ehci0\npci0: \u003cmultimedia, HDA\u003e at device 27.0 (no driver attached)\npcib1: \u003cACPI PCI-PCI bridge\u003e at device 28.0 on pci0\npci11: \u003cACPI PCI bus\u003e on pcib1\npcib2: \u003cACPI PCI-PCI bridge\u003e at device 28.1 on pci0\npci12: \u003cACPI PCI bus\u003e on pcib2\nwpi0: \u003cIntel(R) PRO/Wireless 3945ABG\u003e mem 0xf6cff000-0xf6cfffff irq 17 at device 0.0 on pci12\nwpi0: Driver Revision 20071127\nwpi0: Hardware Revision (0x1)\nadding chan 1 (2412MHz) flags=0x2b maxpwr=15 passive=0, offset 2\nadding chan 2 (2417MHz) flags=0x2b maxpwr=15 passive=0, offset 4\nadding chan 3 (2422MHz) flags=0x2b maxpwr=15 passive=0, offset 6\nadding chan 4 (2427MHz) flags=0x2b maxpwr=15 passive=0, offset 8\nadding chan 5 (2432MHz) flags=0x2b maxpwr=15 passive=0, offset 10\nadding chan 6 (2437MHz) flags=0x2b maxpwr=15 passive=0, offset 12\nadding chan 7 (2442MHz) flags=0x2b maxpwr=15 passive=0, offset 14\nadding chan 8 (2447MHz) flags=0x2b maxpwr=15 passive=0, offset 16\nadding chan 9 (2452MHz) flags=0x2b maxpwr=15 passive=0, offset 18\nadding chan 10 (2457MHz) flags=0x2b maxpwr=15 passive=0, offset 20\nadding chan 11 (2462MHz) flags=0x2b maxpwr=14 passive=0, offset 22\nadding chan 36 (5180MHz) flags=0xa1 maxpwr=14 passive=1, offset 23\nadding chan 40 (5200MHz) flags=0xa1 maxpwr=14 passive=1, offset 24\nadding chan 44 (5220MHz) flags=0xa1 maxpwr=14 passive=1, offset 25\nadding chan 48 (5240MHz) flags=0xa1 maxpwr=14 passive=1, offset 26\nadding chan 52 (5260MHz) flags=0xb1 maxpwr=14 passive=1, offset 27\nadding chan 56 (5280MHz) flags=0xb1 maxpwr=14 passive=1, offset 28\nadding chan 60 (5300MHz) flags=0xb1 maxpwr=14 passive=1, offset 29\nadding chan 64 (5320MHz) flags=0xb1 maxpwr=14 passive=1, offset 30\nadding chan 149 (5745MHz) flags=0x21 maxpwr=16 passive=1, offset 31\nadding chan 153 (5765MHz) flags=0x21 maxpwr=16 passive=1, offset 32\nadding chan 157 (5785MHz) flags=0x21 maxpwr=16 passive=1, offset 33\nadding chan 161 (5805MHz) flags=0x21 maxpwr=16 passive=1, offset 34\nadding chan 165 (5825MHz) flags=0x21 maxpwr=16 passive=1, offset 35\npower group 0: chan=1 maxpwr=48 temp=-200\n\tsample 0: index=13 power=44\n\tsample 1: index=29 power=32\n\tsample 2: index=47 power=12\n\tsample 3: index=58 power=2\n\tsample 4: index=77 power=-17\npower group 1: chan=44 maxpwr=52 temp=-203\n\tsample 0: index=12 power=46\n\tsample 1: index=19 power=38\n\tsample 2: index=32 power=24\n\tsample 3: index=43 power=14\n\tsample 4: index=77 power=-18\npower group 2: chan=64 maxpwr=52 temp=-201\n\tsample 0: index=12 power=48\n\tsample 1: index=20 power=41\n\tsample 2: index=33 power=28\n\tsample 3: index=44 power=17\n\tsample 4: index=77 power=-14\npower group 3: chan=116 maxpwr=49 temp=-200\n\tsample 0: index=12 power=40\n\tsample 1: index=20 power=32\n\tsample 2: index=36 power=16\n\tsample 3: index=48 power=6\n\tsample 4: index=77 power=-22\npower group 4: chan=153 maxpwr=47 temp=-199\n\tsample 0: index=10 power=39\n\tsample 1: index=20 power=29\n\tsample 2: index=32 power=17\n\tsample 3: index=42 power=9\n\tsample 4: index=77 power=-23\nwpi0: Regulatory Domain: MoW1\nwpi0: Hardware Type: B\nwpi0: Hardware Revision: ?\nwpi0: SKU does support 802.11a\nwpi0: [ITHREAD]\npcib3: \u003cACPI PCI-PCI bridge\u003e at device 28.5 on pci0\npci9: \u003cACPI PCI bus\u003e on pcib3\nbge0: \u003cBroadcom NetXtreme Gigabit Ethernet Controller, ASIC rev. 0x00a002\u003e mem 0xf6bf0000-0xf6bfffff irq 17 at device 0.0 on pci9\nmiibus0: \u003cMII bus\u003e on bge0\nbrgphy0: \u003cBCM5755 10/100/1000baseTX PHY\u003e PHY 1 on miibus0\nbrgphy0:  10baseT, 10baseT-FDX, 100baseTX, 100baseTX-FDX, 1000baseT, 1000baseT-FDX, auto\nbge0: Ethernet address: 00:21:70:bb:be:06\nbge0: [FILTER]\nuhci2: \u003cIntel 82801H (ICH8) USB controller USB-A\u003e port 0x6f80-0x6f9f irq 20 at device 29.0 on pci0\nuhci2: [ITHREAD]\nuhci2: LegSup = 0x2f00\nusbus3: \u003cIntel 82801H (ICH8) USB controller USB-A\u003e on uhci2\nuhci3: \u003cIntel 82801H (ICH8) USB controller USB-B\u003e port 0x6f60-0x6f7f irq 21 at device 29.1 on pci0\nuhci3: [ITHREAD]\nuhci3: LegSup = 0x2f00\nusbus4: \u003cIntel 82801H (ICH8) USB controller USB-B\u003e on uhci3\nuhci4: \u003cIntel 82801H (ICH8) USB controller USB-C\u003e port 0x6f40-0x6f5f irq 22 at device 29.2 on pci0\nuhci4: [ITHREAD]\nuhci4: LegSup = 0x2f00\nusbus5: \u003cIntel 82801H (ICH8) USB controller USB-C\u003e on uhci4\nehci1: \u003cIntel 82801H (ICH8) USB 2.0 controller USB2-A\u003e mem 0xfed1c000-0xfed1c3ff irq 20 at device 29.7 on pci0\nehci1: [ITHREAD]\nusbus6: EHCI version 1.0\nusbus6: \u003cIntel 82801H (ICH8) USB 2.0 controller USB2-A\u003e on ehci1\npcib4: \u003cACPI PCI-PCI bridge\u003e at device 30.0 on pci0\npci3: \u003cACPI PCI bus\u003e on pcib4\ncbb0: \u003cPCI-CardBus Bridge\u003e at device 1.0 on pci3\ncardbus0: \u003cCardBus bus\u003e on cbb0\npccard0: \u003c16-bit PCCard bus\u003e on cbb0\ncbb0: [FILTER]\nfwohci0: \u003c1394 Open Host Controller Interface\u003e mem 0xf6aff000-0xf6afffff,0xf6afe800-0xf6afefff irq 19 at device 1.4 on pci3\nfwohci0: [ITHREAD]\nfwohci0: OHCI version 1.10 (ROM=0)\nfwohci0: No. of Isochronous channels is 8.\nfwohci0: EUI64 34:4f:c0:00:3a:5a:45:e1\nfwohci0: Phy 1394a available S400, 1 ports.\nfwohci0: Link S400, max_rec 2048 bytes.\nfirewire0: \u003cIEEE1394(FireWire) bus\u003e on fwohci0\nfwe0: \u003cEthernet over FireWire\u003e on firewire0\nif_fwe0: Fake Ethernet address: 36:4f:c0:5a:45:e1\nfwe0: Ethernet address: 36:4f:c0:5a:45:e1\nfwip0: \u003cIP over FireWire\u003e on firewire0\nfwip0: Firewire address: 34:4f:c0:00:3a:5a:45:e1 @ 0xfffe00000000, S400, maxrec 2048\ndcons_crom0: \u003cdcons configuration ROM\u003e on firewire0\ndcons_crom0: bus_addr 0x266c000\nfwohci0: Initiate bus reset\nfwohci0: fwohci_intr_core: BUS reset\nfwohci0: fwohci_intr_core: node_id=0x00000000, SelfID Count=1, CYCLEMASTER mode\nisab0: \u003cPCI-ISA bridge\u003e at device 31.0 on pci0\nisa0: \u003cISA bus\u003e on isab0\natapci0: \u003cIntel ICH8M UDMA100 controller\u003e port 0x1f0-0x1f7,0x3f6,0x170-0x177,0x376,0x6fa0-0x6faf irq 16 at device 31.1 on pci0\nata0: \u003cATA channel 0\u003e on atapci0\nata0: [ITHREAD]\natapci1: \u003cIntel ICH8M SATA300 controller\u003e port 0x6eb0-0x6eb7,0x6eb8-0x6ebb,0x6ec0-0x6ec7,0x6ec8-0x6ecb,0x6ee0-0x6eef,0xeff0-0xefff irq 18 at device 31.2 on pci0\natapci1: [ITHREAD]\nata2: \u003cATA channel 0\u003e on atapci1\nata2: [ITHREAD]\nata3: \u003cATA channel 1\u003e on atapci1\nata3: [ITHREAD]\npci0: \u003cserial bus, SMBus\u003e at device 31.3 (no driver attached)\nacpi_lid0: \u003cControl Method Lid Switch\u003e on acpi0\nacpi_button0: \u003cPower Button\u003e on acpi0\nacpi_button1: \u003cSleep Button\u003e on acpi0\nacpi_acad0: \u003cAC Adapter\u003e on acpi0\nbattery0: \u003cACPI Control Method Battery\u003e on acpi0\nbattery1: \u003cACPI Control Method Battery\u003e on acpi0\nacpi_tz0: \u003cThermal Zone\u003e on acpi0\natkbdc0: \u003cKeyboard controller (i8042)\u003e port 0x60,0x64,0x62,0x66 irq 1 on acpi0\natkbd0: \u003cAT Keyboard\u003e irq 1 on atkbdc0\nkbd0 at atkbd0\natkbd0: [GIANT-LOCKED]\natkbd0: [ITHREAD]\npsm0: \u003cPS/2 Mouse\u003e flags 0x1000 irq 12 on atkbdc0\npsm0: [GIANT-LOCKED]\npsm0: [ITHREAD]\npsm0: model GlidePoint, device ID 0\natrtc0: \u003cAT realtime clock\u003e port 0x70-0x71,0x72-0x77 irq 8 on acpi0\nuart0: \u003c16550 or compatible\u003e port 0x3f8-0x3ff irq 4 flags 0x10 on acpi0\nuart0: [FILTER]\norm0: \u003cISA Option ROMs\u003e at iomem 0xc0000-0xcefff,0xcf000-0xcffff on isa0\nsc0: \u003cSystem console\u003e at flags 0x100 on isa0\nsc0: VGA \u003c16 virtual consoles, flags=0x300\u003e\nvga0: \u003cGeneric ISA VGA\u003e at port 0x3c0-0x3df iomem 0xa0000-0xbffff on isa0\nppc0: cannot reserve I/O port range\nest0: \u003cEnhanced SpeedStep Frequency Control\u003e on cpu0\np4tcc0: \u003cCPU Frequency Thermal Control\u003e on cpu0\nest1: \u003cEnhanced SpeedStep Frequency Control\u003e on cpu1\np4tcc1: \u003cCPU Frequency Thermal Control\u003e on cpu1\nfirewire0: 1 nodes, maxhop \u003c= 0 cable IRM irm(0)  (me) \nfirewire0: bus manager 0 \nZFS NOTICE: Prefetch is disabled by default if less than 4GB of RAM is present;\n            to enable, add \"vfs.zfs.prefetch_disable=0\" to /boot/loader.conf.\nZFS filesystem version 3\nZFS storage pool version 14\nTimecounters tick every 1.000 msec\nusbus0: 12Mbps Full Speed USB v1.0\nusbus1: 12Mbps Full Speed USB v1.0\nusbus2: 480Mbps High Speed USB v2.0\nusbus3: 12Mbps Full Speed USB v1.0\nusbus4: 12Mbps Full Speed USB v1.0\nusbus5: 12Mbps Full Speed USB v1.0\nusbus6: 480Mbps High Speed USB v2.0\nugen0.1: \u003cIntel\u003e at usbus0\nuhub0: \u003cIntel UHCI root HUB, class 9/0, rev 1.00/1.00, addr 1\u003e on usbus0\nugen1.1: \u003cIntel\u003e at usbus1\nuhub1: \u003cIntel UHCI root HUB, class 9/0, rev 1.00/1.00, addr 1\u003e on usbus1\nugen2.1: \u003cIntel\u003e at usbus2\nuhub2: \u003cIntel EHCI root HUB, class 9/0, rev 2.00/1.00, addr 1\u003e on usbus2\nugen3.1: \u003cIntel\u003e at usbus3\nuhub3: \u003cIntel UHCI root HUB, class 9/0, rev 1.00/1.00, addr 1\u003e on usbus3\nugen4.1: \u003cIntel\u003e at usbus4\nuhub4: \u003cIntel UHCI root HUB, class 9/0, rev 1.00/1.00, addr 1\u003e on usbus4\nugen5.1: \u003cIntel\u003e at usbus5\nuhub5: \u003cIntel UHCI root HUB, class 9/0, rev 1.00/1.00, addr 1\u003e on usbus5\nugen6.1: \u003cIntel\u003e at usbus6\nuhub6: \u003cIntel EHCI root HUB, class 9/0, rev 2.00/1.00, addr 1\u003e on usbus6\nacd0: DVDR \u003cHL-DT-ST DVD+/-RW GSA-T21N/A102\u003e at ata0-master UDMA33 \nad4: 238475MB \u003cSeagate ST9250410AS 0002SDM1\u003e at ata2-master UDMA100 SATA 3Gb/s\nuhub0: 2 ports with 2 removable, self powered\nuhub1: 2 ports with 2 removable, self powered\nuhub3: 2 ports with 2 removable, self powered\nuhub4: 2 ports with 2 removable, self powered\nuhub5: 2 ports with 2 removable, self powered\nGEOM_JOURNAL: Journal 2855078879: ad4p5 contains data.\nGEOM_JOURNAL: Journal 2855078879: ad4p5 contains journal.\nGEOM_JOURNAL: Journal ad4p5 clean.\nuhub2: 4 ports with 4 removable, self powered\nuhub6: 6 ports with 6 removable, self powered\nugen3.2: \u003cvendor 0x0461\u003e at usbus3\nums0: \u003cvendor 0x0461 USB Optical Mouse, class 0/0, rev 2.00/2.00, addr 2\u003e on usbus3\nums0: 3 buttons and [XYZ] coordinates ID=0\nacd0: FAILURE - INQUIRY ILLEGAL REQUEST asc=0x24 ascq=0x00 sks=0x40 0x00 0x01\n(probe0:ata0:0:0:0): TEST UNIT READY. CDB: 0 0 0 0 0 0 \n(probe0:ata0:0:0:0): CAM status: SCSI Status Error\n(probe0:ata0:0:0:0): SCSI status: Check Condition\n(probe0:ata0:0:0:0): SCSI sense: NOT READY csi:0,0,bb,0 asc:3a,0 (Medium not present)\nSMP: AP CPU #1 Launched!\ncd0 at ata0 bus 0 scbus0 target 0 lun 0\ncd0: \u003cHL-DT-ST DVD+-RW GSA-T21N A102\u003e Removable CD-ROM SCSI-0 device \ncd0: 33.000MB/s transfers\ncd0: Attempt to query device size failed: NOT READY, Medium not present\nTrying to mount root from ufs:/dev/label/rootfs0\nugen5.2: \u003cvendor 0x0b97\u003e at usbus5\nuhub7: \u003cvendor 0x0b97 product 0x7761, class 9/0, rev 1.10/1.10, addr 2\u003e on usbus5\nuhub7: 4 ports with 3 removable, self powered\nWARNING: TMPFS is considered to be a highly experimental feature in FreeBSD.\nugen5.3: \u003cO2\u003e at usbus5\nwpi0: timeout resetting Tx ring 1\nwpi0: timeout resetting Tx ring 3\nwpi0: timeout resetting Tx ring 4\nmicrocode alive notification version 10e02 alive 1\nmicrocode alive notification version 10e02 alive 1\nwlan0: Ethernet address: 00:21:70:bb:be:06\nwpi0: need multicast update callback\nwpi0: need multicast update callback\nwpi0: need multicast update callback\nwpi0: need multicast update callback\nwpi_newstate: INIT -\u003e SCAN flags 0x0\nwpi_newstate: SCAN -\u003e AUTH flags 0x0\nconfig chan 6 flags 8005 cck f ofdm 15\nwpi_newstate: AUTH -\u003e ASSOC flags 0x0\nwpi_newstate: ASSOC -\u003e RUN flags 0x0\nconfig chan 6 flags 8035\nwpi0: need multicast update callback\nwpi0: need multicast update callback\nwpi0: need multicast update callback\nhdac0: \u003cIntel 82801H High Definition Audio Controller\u003e mem 0xf6dfc000-0xf6dfffff irq 21 at device 27.0 on pci0\nhdac0: HDA Driver Revision: 20100226_0142\nhdac0: [ITHREAD]\nhdac0: HDA Codec #0: Sigmatel STAC9205X\nhdac0: HDA Codec #1: Conexant (Unknown)\npcm0: \u003cHDA Sigmatel STAC9205X PCM #0 Analog\u003e at cad 0 nid 1 on hdac0\nwpi0: need multicast update callback\nwpi0: need multicast update callback\nwpi0: need multicast update callback\ndrm0: \u003cIntel i965GM\u003e on vgapci0\ninfo: [drm] MSI enabled 1 message(s)\nvgapci0: child drm0 requested pci_enable_busmaster\ninfo: [drm] AGP at 0xe0000000 256MB\ninfo: [drm] Initialized i915 1.6.0 20080730\ndrm0: [ITHREAD]\nBeacon miss: 20 \u003e= 7\nBeacon miss: 21 \u003e= 7\nwpi_newstate: RUN -\u003e SCAN flags 0x0\nwlan0: link state changed to DOWN\nlagg0: link state changed to DOWN\nBeacon miss: 22 \u003e= 7\nBeacon miss: 23 \u003e= 7\nwpi0: scan timeout\nmicrocode alive notification version 10e02 alive 1\nmicrocode alive notification version 10e02 alive 1\n\n-----------------Messages Output----------------------\n\nJun 13 03:13:55 pcbsd-8202 python: hp-systray[3018]: warning: No hp: or hpfax: devices found in any installed CUPS queue. Exiting.\nJun 13 03:16:05 pcbsd-8202 ntpd[2016]: time reset -0.421444 s\nJun 13 03:16:05 pcbsd-8202 ntpd[2016]: kernel time sync status change 2001\nJun 13 03:23:10 pcbsd-8202 wpa_supplicant[436]: WPA: Group rekeying completed with 00:1d:7e:f5:53:b4 [GTK=CCMP]\nJun 13 03:53:10 pcbsd-8202 wpa_supplicant[436]: WPA: Group rekeying completed with 00:1d:7e:f5:53:b4 [GTK=CCMP]\nJun 13 04:23:10 pcbsd-8202 wpa_supplicant[436]: WPA: Group rekeying completed with 00:1d:7e:f5:53:b4 [GTK=CCMP]\nJun 13 04:53:10 pcbsd-8202 wpa_supplicant[436]: WPA: Group rekeying completed with 00:1d:7e:f5:53:b4 [GTK=CCMP]\nJun 13 05:20:13 pcbsd-8202 wpa_supplicant[436]: CTRL-EVENT-DISCONNECTED - Disconnect event - remove keys\nJun 13 05:20:13 pcbsd-8202 kernel: Beacon miss: 20 \u003e= 7\nJun 13 05:20:13 pcbsd-8202 kernel: Beacon miss: 21 \u003e= 7\nJun 13 05:20:13 pcbsd-8202 kernel: wpi_newstate: RUN -\u003e SCAN flags 0x0\nJun 13 05:20:13 pcbsd-8202 kernel: wlan0: link state changed to DOWN\nJun 13 05:20:13 pcbsd-8202 kernel: lagg0: link state changed to DOWN\nJun 13 05:20:14 pcbsd-8202 kernel: Beacon miss: 22 \u003e= 7\nJun 13 05:20:14 pcbsd-8202 kernel: Beacon miss: 23 \u003e= 7\nJun 13 05:20:18 pcbsd-8202 kernel: wpi0: scan timeout\nJun 13 05:20:18 pcbsd-8202 kernel: microcode alive notification version 10e02 alive 1\nJun 13 05:20:18 pcbsd-8202 kernel: microcode alive notification version 10e02 alive 1\nJun 13 05:31:04 pcbsd-8202 ntpd[2016]: time reset +0.170227 s\nJun 13 14:48:27 pcbsd-8202 su: draconian to root on /dev/pts/2\n\n------------------pciconf-----------------------------\n\nhostb0@pci0:0:0:0:\tclass=0x060000 card=0x01f91028 chip=0x2a008086 rev=0x0c hdr=0x00\n    vendor     = 'Intel Corporation'\n    device     = 'Mobile PM965/GM965/GL960 Express Processor to DRAM Controller'\n    class      = bridge\n    subclass   = HOST-PCI\nvgapci0@pci0:0:2:0:\tclass=0x030000 card=0x01f91028 chip=0x2a028086 rev=0x0c hdr=0x00\n    vendor     = 'Intel Corporation'\n    device     = 'Mobile 965 Express Integrated Graphics Controller'\n    class      = display\n    subclass   = VGA\nvgapci1@pci0:0:2:1:\tclass=0x038000 card=0x01f91028 chip=0x2a038086 rev=0x0c hdr=0x00\n    vendor     = 'Intel Corporation'\n    device     = 'Mobile 965 Express Integrated Graphics Controller'\n    class      = display\nuhci0@pci0:0:26:0:\tclass=0x0c0300 card=0x01f91028 chip=0x28348086 rev=0x02 hdr=0x00\n    vendor     = 'Intel Corporation'\n    device     = '82801H (ICH8 Family) USB UHCI *4'\n    class      = serial bus\n    subclass   = USB\nuhci1@pci0:0:26:1:\tclass=0x0c0300 card=0x01f91028 chip=0x28358086 rev=0x02 hdr=0x00\n    vendor     = 'Intel Corporation'\n    device     = '82801H (ICH8 Family) USB UHCI *5'\n    class      = serial bus\n    subclass   = USB\nehci0@pci0:0:26:7:\tclass=0x0c0320 card=0x01f91028 chip=0x283a8086 rev=0x02 hdr=0x00\n    vendor     = 'Intel Corporation'\n    device     = 'ICH8 Enhanced USB2 Enhanced Host Controller (81EC1043 (?))'\n    class      = serial bus\n    subclass   = USB\nhdac0@pci0:0:27:0:\tclass=0x040300 card=0x01f91028 chip=0x284b8086 rev=0x02 hdr=0x00\n    vendor     = 'Intel Corporation'\n    device     = 'Intel audio controller embedded with the 82801H chipset ( ICH8 chipset ) (82801H)'\n    class      = multimedia\n    subclass   = HDA\npcib1@pci0:0:28:0:\tclass=0x060400 card=0x01f91028 chip=0x283f8086 rev=0x02 hdr=0x01\n    vendor     = 'Intel Corporation'\n    device     = '82801H (ICH8 Family) PCIe Port 1'\n    class      = bridge\n    subclass   = PCI-PCI\npcib2@pci0:0:28:1:\tclass=0x060400 card=0x01f91028 chip=0x28418086 rev=0x02 hdr=0x01\n    vendor     = 'Intel Corporation'\n    device     = '82801H (ICH8 Family) PCIe Port 2'\n    class      = bridge\n    subclass   = PCI-PCI\npcib3@pci0:0:28:5:\tclass=0x060400 card=0x01f91028 chip=0x28498086 rev=0x02 hdr=0x01\n    vendor     = 'Intel Corporation'\n    device     = '82801H (ICH8 Family) PCIe Port 6'\n    class      = bridge\n    subclass   = PCI-PCI\nuhci2@pci0:0:29:0:\tclass=0x0c0300 card=0x01f91028 chip=0x28308086 rev=0x02 hdr=0x00\n    vendor     = 'Intel Corporation'\n    device     = '82801H (ICH8 Family) USB UHCI *1'\n    class      = serial bus\n    subclass   = USB\nuhci3@pci0:0:29:1:\tclass=0x0c0300 card=0x01f91028 chip=0x28318086 rev=0x02 hdr=0x00\n    vendor     = 'Intel Corporation'\n    device     = '82801H (ICH8 Family) USB UHCI *2'\n    class      = serial bus\n    subclass   = USB\nuhci4@pci0:0:29:2:\tclass=0x0c0300 card=0x01f91028 chip=0x28328086 rev=0x02 hdr=0x00\n    vendor     = 'Intel Corporation'\n    device     = '82801H (ICH8 Family) USB UHCI *3'\n    class      = serial bus\n    subclass   = USB\nehci1@pci0:0:29:7:\tclass=0x0c0320 card=0x01f91028 chip=0x28368086 rev=0x02 hdr=0x00\n    vendor     = 'Intel Corporation'\n    device     = '82801H (ICH8 Family) USB2 EHCI *1'\n    class      = serial bus\n    subclass   = USB\npcib4@pci0:0:30:0:\tclass=0x060401 card=0x01f91028 chip=0x24488086 rev=0xf2 hdr=0x01\n    vendor     = 'Intel Corporation'\n    device     = '82801 Family (ICH2/3/4/5/6/7/8/9-M) Hub Interface to PCI Bridge'\n    class      = bridge\n    subclass   = PCI-PCI\nisab0@pci0:0:31:0:\tclass=0x060100 card=0x01f91028 chip=0x28158086 rev=0x02 hdr=0x00\n    vendor     = 'Intel Corporation'\n    device     = '82801HEM (ICH8M-E) LPC Interface Controller'\n    class      = bridge\n    subclass   = PCI-ISA\natapci0@pci0:0:31:1:\tclass=0x01018a card=0x01f91028 chip=0x28508086 rev=0x02 hdr=0x00\n    vendor     = 'Intel Corporation'\n    device     = '82801H (ICH8 Family) Ultra ATA Storage Controllers'\n    class      = mass storage\n    subclass   = ATA\natapci1@pci0:0:31:2:\tclass=0x01018f card=0x01f91028 chip=0x28288086 rev=0x02 hdr=0x00\n    vendor     = 'Intel Corporation'\n    device     = '82801 (ICH8M) 3 port SATA Controller'\n    class      = mass storage\n    subclass   = ATA\nnone0@pci0:0:31:3:\tclass=0x0c0500 card=0x01f91028 chip=0x283e8086 rev=0x02 hdr=0x00\n    vendor     = 'Intel Corporation'\n    device     = 'SM Bus Controller (PCIVEN_8086\u0026DEV_283E\u0026SUBSYS_FF641179\u0026REV_033\u0026B1B)'\n    class      = serial bus\n    subclass   = SMBus\nwpi0@pci0:12:0:0:\tclass=0x028000 card=0x10208086 chip=0x42228086 rev=0x02 hdr=0x00\n    vendor     = 'Intel Corporation'\n    device     = 'Intel 3945ABG Wireless LAN controller (10208086)'\n    class      = network\nbge0@pci0:9:0:0:\tclass=0x020000 card=0x01f91028 chip=0x167314e4 rev=0x02 hdr=0x00\n    vendor     = 'Broadcom Corporation'\n    device     = 'NetXtreme BCM5755M Gigabit Ethernet PCIe'\n    class      = network\n    subclass   = ethernet\ncbb0@pci0:3:1:0:\tclass=0x060700 card=0x01f91028 chip=0x71351217 rev=0x21 hdr=0x02\n    vendor     = 'O2 Micro Inc'\n    device     = 'MemoryCardBus Contoller (OZ711EZ1)'\n    class      = bridge\n    subclass   = PCI-CardBus\nfwohci0@pci0:3:1:4:\tclass=0x0c0010 card=0x01f91028 chip=0x00f71217 rev=0x02 hdr=0x00\n    vendor     = 'O2 Micro Inc'\n    device     = '1394 Open Host Controller Interface (0x00f71217)'\n    class      = serial bus\n    subclass   = FireWire\n\n------------------xorg.conf---------------------------\n\n# Xorg.conf file generated for PC-BSD\n\nSection \"ServerLayout\"\n    Identifier     \"XFree86 Configured\"\n    Screen      0  \"Screen0\" 0 0\n    InputDevice    \"Mouse0\" \"CorePointer\"\n    InputDevice    \"Keyboard0\" \"CoreKeyboard\"\n    Option\t   \"Clone\" \"off\"\n    Option\t   \"AIGLX\" \"true\"\nEndSection\n\nSection \"ServerFlags\"\n        Option \"AutoAddDevices\" \"False\"\n        Option \"AllowEmptyInput\" \"Off\"\nEndSection\n\nSection \"Files\"\n    ModulePath      \"/usr/local/lib/xorg/modules\"\n    FontPath        \"/Programs/fonts/\"\n    FontPath        \"/usr/local/lib/X11/fonts/cyrillic/\"\n    FontPath        \"/usr/local/lib/X11/fonts/TrueType/\"\n    FontPath        \"/usr/local/lib/X11/fonts/webfonts/\"\n    FontPath        \"/usr/local/lib/X11/fonts/misc/\"\n    FontPath        \"/usr/local/lib/X11/fonts/TTF/\"\n    FontPath        \"/usr/local/lib/X11/fonts/Type1/\"\n    FontPath        \"/usr/local/lib/X11/fonts/CID/\"\n    FontPath        \"/usr/local/lib/X11/fonts/75dpi/\"\n    FontPath        \"/usr/local/lib/X11/fonts/100dpi/\"\n    FontPath        \"/usr/local/lib/X11/fonts/dejavu/\"\n    FontPath        \"/usr/local/lib/X11/fonts/local/\"\nEndSection\n\nSection \"Module\"\n    Load           \"ddc\"\n    Load           \"dbe\"\n    Load\t   \"dri\"\n    Load\t   \"dri2\"\n    Load           \"extmod\"\n    Load\t   \"glx\"\nEndSection\n\nSection \"InputDevice\"\n    Identifier     \"Keyboard0\"\n    Driver         \"keyboard\"\n    Option         \"XkbModel\" \"pc105\"\n    Option         \"XkbLayout\" \"us\"\n    Option         \"XkbVariant\" \"\"\nEndSection\n\nSection \"InputDevice\"\n    Identifier     \"Mouse0\"\n    Driver         \"mouse\"\n    Option         \"Protocol\" \"auto\"\n    Option         \"Device\" \"/dev/sysmouse\"\n    Option         \"Buttons\" \"6\"\n    Option         \"ZAxisMapping\" \"4 5\"\n    Option         \"Emulate3Buttons\"\nEndSection\n\nSection \"DRI\"\n    Mode 0666\nEndSection\n\nSection \"Extensions\" \n    Option\t\"Composite\" \"Enable\"\nEndSection\n\nSection \"Monitor\"\n    Identifier     \"Monitor0\"\n    VendorName     \"Monitor Vendor\"\n    ModelName      \"Monitor Model\"\nEndSection\n\n\nSection \"Device\"\n    Identifier      \"Card0\"\n    Screen           0\n    Option         \"AllowGLXWithComposite\" \"True\"\n    Option         \"RenderAccel\" \"True\"\n    Option         \"AddARGBGLXVisuals\" \"True\"\n    Option         \"XAANoOffscreenPixmaps\" \"True\"\n    Option\t   \"DRI\" \"True\"\n    Driver         \"intel\"\n    VendorName     \"Intel Video Driver\"\n    BusID      \"PCI:0:2:0\"\nEndSection\n\n\nSection \"Screen\"\n    Identifier     \"Screen0\"\n    Device         \"Card0\"\n    Monitor        \"Monitor0\"\n    DefaultDepth   24\n    SubSection     \"Display\"\n        Depth      24 \n        Modes      \"1280x800\"\n    EndSubSection\nEndSection\n\n------------------RC File-----------------------------\n\nbackground_dhclient=\"YES\" \ncompat5x_enable=\"YES\" \nsshd_enable=\"YES\" \nusbd_enable=\"YES\" \ndevd_enable=\"YES\" \ndevfs_system_ruleset=\"devfsrules_common\" \nldconfig_paths=\"/usr/lib/compat /usr/local/lib /usr/local/kde4/lib /usr/local/lib/compat/pkg\"\n\n# Disable Sendmail by default\nsendmail_enable=\"NONE\"\n\n# Enable console mouse\nmoused_type=\"auto\" \nmoused_enable=\"YES\" \n\n# Enable the pcbsd startup / shutdown scripts\npcbsdinit_enable=\"YES\"\n \n#Enable samba server \nsamba_enable=\"YES\" \nwinbindd_enable=\"YES\"\n \n# Disable LPD  \nlpd_enable=\"NO\" \n \n# Enable CUPS \ncupsd_enable=\"YES\" \nlinux_enable=\"YES\"\n \n# FSCK Enhancements \nfsck_y_enable=\"YES\" \n \n# Denyhosts Startup \ndenyhosts_enable=\"YES\" \n\n# powerd: adaptive speed while on AC power, adaptive while on battery power\npowerd_enable=\"YES\"\npowerd_flags=\"-a adaptive -b adaptive\" # set CPU frequency\n\n# enable HAL / DBUS\ndbus_enable=\"YES\"\npolkitd_enable=\"YES\"\nhald_enable=\"YES\"\n\n# Enables support for HPLIP\nhpiod_enable=\"NO\"\nhpssd_enable=\"NO\"\n\n# Enable the firewall\npf_rules=\"/etc/pf.conf\"\npf_enable=\"YES\"\npf_flags=\"\"\n\n# Enable sound-support\nsnddetect_enable=\"YES\"\nmixer_enable=\"YES\"\n\n# Enable avahi_daemon\navahi_daemon_enable=\"YES\"\n\n# Run the port jail\nportjail_enable=\"YES\"\n\n# Added for sound support in the portjail, access to /dev/random, /dev/null, etc.\njail_pcbsd_devfs_enable=\"YES\"\n\n# Start the swapmonitor\nswapmonitor_enable=\"YES\"\n\n# Enable IPV6 support\nipv6_enable=\"YES\"\n\n# Enable BSDStats\nbsdstats_enable=\"YES\"\n\n# Enable webcamd\nwebcamd_enable=\"YES\"\nntpd_enable=\"YES\"\nntpd_sync_on_start=\"YES\"\nkeymap=\"us.iso\"\n# Auto-Enabled NICs from pc-sysinstall\nifconfig_bge0=\"up\"\nifconfig_wpi0=\"`ifconfig bge0 ether`\"\nifconfig_wpi0=\"ether ${ifconfig_wpi0##*ether }\"\nwlans_wpi0=\"wlan0\"\ncloned_interfaces=\"lagg0\"\nifconfig_lagg0=\"laggproto failover laggport bge0 laggport wlan0 DHCP\"\nhostname=\"pcbsd-8202\"\nifconfig_wlan0=\"WPA\"\n\n------------------Loader File-------------------------\n\n# Kernel Options\nkern.ipc.shmseg=1024\nkern.ipc.shmmni=1024\n\n# Enable the splash screen\nvesa_load=\"YES\"\nsplash_pcx_load=\"YES\"\nbitmap_load=\"YES\"\nbitmap_name=\"/boot/loading-screen.pcx\"\n\n# Load Wireless Support\nif_ipw_load=\"YES\"\nif_iwi_load=\"YES\"\nif_wpi_load=\"YES\"\nif_iwn_load=\"YES\"\nlegal.intel_ipw.license_ack=1\nlegal.intel_iwi.license_ack=1\nlegal.intel_wpi.license_ack=1\nlegal.intel_iwn.license_ack=1\n\n# Enable usb Webcam Support\ncuse4bsd_load=\"YES\"\npwc_load=\"YES\"\n\n# Load mmc card-reader support\nmmc_load=\"YES\"\nmmcsd_load=\"YES\"\n\n# Load additional sata device support\nahci_load=\"YES\"\nsiis_load=\"YES\"\nsdhci_load=\"YES\"\n\n# Load support for scd\nscd_load=\"YES\"\n\n# Load sound-support\nsound_load=\"YES\"\nsnd_uaudio_load=\"YES\"\n\n# Load geom support\ngeom_journal_load=\"YES\"\ngeom_uzip_load=\"YES\"\ngeom_mirror_load=\"YES\"\ngeom_eli_load=\"YES\"\n\n# Load File-System Support\nlibiconv_load=\"YES\"\nlibmchain_load=\"YES\"\ncd9660_iconv_load=\"YES\"\nmsdosfs_iconv_load=\"YES\"\nntfs_load=\"YES\"\nntfs_iconv_load=\"YES\"\nudf_load=\"YES\"\nudf_iconv_load=\"YES\"\nzfs_load=\"YES\"\ntmpfs_load=\"YES\"\nsem_load=\"YES\"\n\n------------------Free Space--------------------------\n\nFilesystem         1M-blocks  Used  Avail Capacity  Mounted on\n/dev/label/rootfs0      1978   462   1357    25%    /\ndevfs                      0     0      0   100%    /dev\n/dev/label/var0          989    83    826     9%    /var\n/dev/label/usr0       218070 11158 189465     6%    /usr\nprocfs                     0     0      0   100%    /proc\nlinprocfs                  0     0      0   100%    /compat/linux/proc\ntmpfs                  12208     0  12208     0%    /tmp\n/tmp                   12208     0  12208     0%    /usr/jails/portjail/tmp\n/media                  1978   462   1357    25%    /usr/jails/portjail/media\n/usr/home             218070 11158 189465     6%    /usr/jails/portjail/usr/home\ndevfs                      0     0      0   100%    /usr/jails/portjail/dev\nprocfs                     0     0      0   100%    /usr/jails/portjail/proc\n\n------------------System Processes--------------------\n\nlast pid: 85472;  load averages:  0.55,  0.47,  0.44  up 0+11:37:19    14:49:13\n152 processes: 2 running, 150 sleeping\n\nMem: 322M Active, 157M Inact, 303M Wired, 8412K Cache, 154M Buf, 3142M Free\nSwap: 9216M Total, 9216M Free\n\n\n  PID USERNAME    THR PRI NICE   SIZE    RES STATE   C   TIME   WCPU COMMAND\n85258 root          1  56    0   119M 29212K select  0   0:07 16.26% kdeinit4\n 2851 draconian     1  54    0   249M 53292K CPU0    0 221:59 16.16% kdeinit4\n 2652 root          1  47    0   500M   374M select  1   4:54  2.88% Xorg\n85245 root          2  76    0   192M 46732K select  0   0:02  1.17% kcmshell4\n 2934 draconian     1  45    0   523M 94520K select  0  16:11  0.59% kdeinit4\n 2913 draconian     1  44    0   246M 61124K select  0   2:31  0.29% kwin\n 3005 draconian     1  44    0   233M 53620K select  0   8:43  0.10% kdeinit4\n 2984 draconian     2  44    0   463M 70504K select  1   4:57  0.00% kdeinit4\n 2024 root          1  44    0  6896K  1308K select  1   3:28  0.00% powerd\n 3153 draconian    13  44    0   143M 35784K ucond   0   1:45  0.00% mysqld\n 3172 draconian     1  44    0   217M 46628K select  0   1:42  0.00% korgac\n 2658 haldaemon     2  65    0 29520K  5732K piperd  1   1:37  0.00% hald\n 3007 draconian     2  44    0   150M 34420K select  1   1:36  0.00% SystemUpdaterTray\n 1882 root          1  76    0  8264K  1792K wait    0   1:15  0.00% sh\n 3062 draconian     2  45    0   150M 30612K select  0   0:53  0.00% pc-nettray\n 3063 draconian     2  45    0   150M 30556K select  0   0:49  0.00% pc-nettray\n 2712 root          1  44    0 11500K  1932K select  1   0:25  0.00% hald-addon-storage\n 2016 root          1  44    0 11872K  2832K select  1   0:08  0.00% ntpd\n\nHow-To-Repeat: Happens daily without warning"
}