{
 "id": 599596,
 "bug_id": 154833,
 "attachment_id": 0,
 "creation_time": "2011-02-17T00:10:10Z",
 "creator": "al@o.dp.ua",
 "text": "Copyright (c) 1992-2011 The FreeBSD Project.\nCopyright (c) 1979, 1980, 1983, 1986, 1988, 1989, 1991, 1992, 1993, 1994\n        The Regents of the University of California. All rights reserved.\nFreeBSD is a registered trademark of The FreeBSD Foundation.\nFreeBSD 8.2-RC3 #0: Thu Feb 17 01:30:32 EET 2011\n    root@b5.o.dp.ua:/usr/obj/d01/src/sys/xen_o_dp_ua_2011-02-17 i386\nXen reported: 2812.420 MHz processor.\nTimecounter \"ixen\" frequency 1953125 Hz quality 0\nCPU: AMD Athlon(tm) II X4 630 Processor (2812.42-MHz 686-class CPU)\n  Origin = \"AuthenticAMD\"  Id = 0x100f52  Family = 10  Model = 5  Stepping = 2\n  Features=0x1783fbff\u003cFPU,VME,DE,PSE,TSC,MSR,PAE,MCE,CX8,APIC,SEP,MTRR,PGE,MCA,CMOV,PAT,PSE36,MMX,FXSR,SSE,SSE2,HTT\u003e\n  Features2=0x802009\u003cSSE3,MON,CX16,POPCNT\u003e\n  AMD Features=0xee500800\u003cSYSCALL,NX,MMX+,FFXSR,Page1GB,RDTSCP,LM,3DNow!+,3DNow!\u003e\n  AMD Features2=0x37ff\u003cLAHF,CMP,SVM,ExtAPIC,CR8,ABM,SSE4A,MAS,Prefetch,OSVW,IBS,SKINIT,WDT\u003e\n  TSC: P-state invariant\nData TLB: 48 entries, fully associative\nInstruction TLB: 32 entries, fully associative\nL1 data cache: 64 kbytes, 64 bytes/line, 1 lines/tag, 2-way associative\nL1 instruction cache: 64 kbytes, 64 bytes/line, 1 lines/tag, 2-way associative\nL2 internal cache: 512 kbytes, 64 bytes/line, 1 lines/tag, 8-way associative\nreal memory  = 268435456 (256 MB)\nPhysical memory chunk(s):\n0x0000000000584000 - 0x000000000fafbfff, 257392640 bytes (62840 pages)\navail memory = 253796352 (242 MB)\nAPIC: Using the MPTable enumerator.\nSMP: Added CPU 0 (BSP)\nSMP: Added CPU 1 (AP)\nSMP: Added CPU 2 (AP)\nULE: setup cpu 0\n[XEN] IPI cpu=0 irq=128 vector=RESCHEDULE_VECTOR (0)\n[XEN] IPI cpu=0 irq=129 vector=CALL_FUNCTION_VECTOR (1)\nEvent-channel device installed.\nio: \u003cI/O\u003e\nmem: \u003cmemory\u003e\nrandom: \u003centropy source, Software, Yarrow\u003e\nnull: \u003cnull device, zero device\u003e\nnfslock: pseudo-device\n[XEN] xen_rtc_probe: probing Hypervisor RTC clock\nrtc0: \u003cXen Hypervisor Clock\u003e on motherboard\n[XEN] xen_rtc_attach: attaching Hypervisor RTC clock\nrtc0: registered as a time-of-day clock (resolution 1000000us)\nxs_probe: Probe retuns 0\nxenstore0: \u003cXenStore\u003e on motherboard\nGrant table initialized\nxc0: \u003cXen Console\u003e on motherboard\nDevice configuration finished.\nprocfs registered\nTimecounters tick every 1.000 msec\n[XEN] hypervisor wallclock nudged; nudging TOD.\nIP Filter: v4.1.28 initialized.  Default = pass all, Logging = disabled\nipfw2 (+ipv6) initialized, divert enabled, nat enabled, rule-based forwarding enabled, default to accept, logging disabled\nipfw0: bpf attached\nDUMMYNET with IPv6 initialized (100131)\nload_dn_sched dn_sched PRIO loaded\nload_dn_sched dn_sched QFQ loaded\nload_dn_sched dn_sched RR loaded\nload_dn_sched dn_sched WF2Q+ loaded\nlo0: bpf attached\nload_dn_sched dn_sched FIFO loaded\nxenbusb_front0: \u003cXen Frontend Devices\u003e on xenstore0\nxn0: \u003cVirtual Network Interface\u003e at device/vif/0 on xenbusb_front0\nxn0: bpf attached\nxn0: Ethernet address: 00:0c:29:2e:61:85\nxenbusb_back0: \u003cXen Backend Devices\u003e on xenstore0\nxctrl0: \u003cXen Control Device\u003e on xenstore0\nxbd0: 2000MB \u003cVirtual Block Device\u003e at device/vbd/5696 on xenbusb_front0\nxbd0: attaching as ad3\nGEOM: new disk ad3\nxbd1: 2000MB \u003cVirtual Block Device\u003e at device/vbd/768 on xenbusb_front0\nxbd1: attaching as ad0\nxbd2: 4000MB \u003cVirtual Block Device\u003e at device/vbd/832 on xenbusb_front0\nxbd2: attaching as ad1\nxbd3: 2171MB \u003cVirtual Block Device\u003e at device/vbd/5632 on xenbusb_front0\nxbd3: attaching as ad2\nGEOM: new disk ad0\nGEOM: new disk ad1\nGEOM: new disk ad2\nGEOM: ad3s1: geometry does not match label (16h,63s != 64h,63s).\nGEOM_JOURNAL: Journal 3740793249: ad1 contains data.\nGEOM_JOURNAL: Journal 3740793249: ad1 contains journal.\nGEOM_JOURNAL: Journal ad1 clean.\nGEOM_JOURNAL: BIO_FLUSH not supported by ad1.\nGEOM_JOURNAL: Journal 2828271165: ad0p1 contains data.\nGEOM_JOURNAL: Journal 2828271165: ad0p2 contains journal.\nGEOM_JOURNAL: Journal ad0p1 clean.\nGEOM_JOURNAL: BIO_FLUSH not supported by ad0p2.\nGEOM_JOURNAL: BIO_FLUSH not supported by ad0p1.\nTrying to mount root from ufs:/dev/ad0p1.journal\nrtc0: [XEN] xen_rtc_gettime\nrtc0: [XEN] xen_rtc_gettime: wallclock 1297818112 sec; 999999742 nsec\nrtc0: [XEN] xen_rtc_gettime: uptime 89773 sec; 600952714 nsec\nrtc0: [XEN] xen_rtc_gettime: TOD 1297907886 sec; 600952456 nsec\nstart_init: trying /sbin/init\nSetting hostuuid: da977cac-8720-ab23-7df6-926e10d5829e.\nSetting hostid: 0xba292a57.\nEntropy harvesting: interrupts ethernet point_to_point kickstart.\nswapon: /dev/ad0s1b: No such file or directory\nStarting file system checks:\n/dev/ad0p1.journal: FILE SYSTEM CLEAN; SKIPPING CHECKS\nMounting local file systems:.\nSetting hostname: b5.o.dp.ua.\nxn0: link state changed to DOWN\nxn0: link state changed to UP\nStarting Network: lo0 xn0.\nlo0: flags=8049\u003cUP,LOOPBACK,RUNNING,MULTICAST\u003e metric 0 mtu 16384\n        options=3\u003cRXCSUM,TXCSUM\u003e\n        inet6 fe80::1%lo0 prefixlen 64 scopeid 0x2\n        inet6 ::1 prefixlen 128\n        inet 127.0.0.1 netmask 0xff000000\n        nd6 options=3\u003cPERFORMNUD,ACCEPT_RTADV\u003e\nxn0: flags=8843\u003cUP,BROADCAST,RUNNING,SIMPLEX,MULTICAST\u003e metric 0 mtu 1500\n        ether 00:0c:29:2e:61:85\n        inet 10.222.10.85 netmask 0xfffffff0 broadcast 10.222.10.95\n        media: Ethernet manual\n        status: active\nadd net default: gateway 10.222.10.81\nAdditional routing options: IP gateway=YES.\nStarting devd.\nCreating and/or trimming log files.\nStarting syslogd.\nELF ldconfig path: /lib /usr/lib /usr/lib/compat /usr/local/lib\na.out ldconfig path: /usr/lib/aout /usr/lib/compat/aout\nClearing /tmp (X related).\nUpdating motd:.\nStarting sshd.\nStarting cron.\nStarting default mousedmoused: unable to open /dev/psm0: No such file or directory"
}