{
 "id": 918758,
 "bug_id": 216091,
 "attachment_id": 0,
 "creation_time": "2017-01-27T00:49:31Z",
 "creator": "coppolajj@gmail.com",
 "text": "(In reply to Sean Farley from comment #1)\nSo I think I have tried the suggestion with the following setup:\n\nifconfig_em0=\"up\"\nifconfig_iwn0=\"ether 00:1c:25:9d:ec:60\"\nwlans_iwn0=\"wlan0\"\nifconfig_wlan0=\"WPA\"\ncloned_interfaces=\"lagg0\"\nifconfig_lagg0=\"laggproto failover laggport em0 laggport wlan0 DHCP\"\n\nThis is very similar to the setup from the handbook, 30.7. Link Aggregation and Failover, Example 30.3 (https://www.freebsd.org/doc/en/books/handbook/network-aggregation.html).\n\nBut this causes bigger problems, like panic messages (\"iwn_panicked: controller panicked, iv_state = 5; restarting\") and wireless never working, but perhaps I am not setting it up properly???\n\nHere's the log from boot:\nJan 25 22:02:04 bsdThinkpad kernel: Copyright (c) 1992-2016 The FreeBSD Project.\nJan 25 22:02:04 bsdThinkpad kernel: Copyright (c) 1979, 1980, 1983, 1986, 1988, 1989, 1991, 1992, 1993, 1994\nJan 25 22:02:04 bsdThinkpad kernel: The Regents of the University of California. All rights reserved.\nJan 25 22:02:04 bsdThinkpad kernel: FreeBSD is a registered trademark of The FreeBSD Foundation.\nJan 25 22:02:04 bsdThinkpad kernel: FreeBSD 11.0-RELEASE-p1 #0 r306420: Thu Sep 29 01:43:23 UTC 2016\nJan 25 22:02:04 bsdThinkpad kernel: root@releng2.nyi.freebsd.org:/usr/obj/usr/src/sys/GENERIC amd64\nJan 25 22:02:04 bsdThinkpad kernel: FreeBSD clang version 3.8.0 (tags/RELEASE_380/final 262564) (based on LLVM 3.8.0)\nJan 25 22:02:04 bsdThinkpad kernel: VT(vga): resolution 640x480\nJan 25 22:02:04 bsdThinkpad kernel: module_register: cannot register mmc/mmcsd from kernel; already loaded from mmcsd.ko\nJan 25 22:02:04 bsdThinkpad kernel: Module mmc/mmcsd failed to register: 17\nJan 25 22:02:04 bsdThinkpad kernel: CPU: Intel(R) Core(TM)2 Duo CPU     T9400  @ 2.53GHz (2527.06-MHz K8-class CPU)\nJan 25 22:02:04 bsdThinkpad kernel: Origin=\"GenuineIntel\"  Id=0x10676  Family=0x6  Model=0x17  Stepping=6\nJan 25 22:02:04 bsdThinkpad kernel: Features=0xbfebfbff\u003cFPU,VME,DE,PSE,TSC,MSR,PAE,MCE,CX8,APIC,SEP,MTRR,PGE,MCA,CMOV,PAT,PSE36,CLFLUSH,DTS,ACPI,MMX,FXSR,SSE,SSE2,SS,HTT,TM,PBE\u003e\nJan 25 22:02:04 bsdThinkpad kernel: Features2=0x8e3fd\u003cSSE3,DTES64,MON,DS_CPL,VMX,SMX,EST,TM2,SSSE3,CX16,xTPR,PDCM,SSE4.1\u003e\nJan 25 22:02:04 bsdThinkpad kernel: AMD Features=0x20100800\u003cSYSCALL,NX,LM\u003e\nJan 25 22:02:04 bsdThinkpad kernel: AMD Features2=0x1\u003cLAHF\u003e\nJan 25 22:02:04 bsdThinkpad kernel: VT-x: (disabled in BIOS) HLT,PAUSE\nJan 25 22:02:04 bsdThinkpad kernel: TSC: P-state invariant, performance statistics\nJan 25 22:02:04 bsdThinkpad kernel: real memory  = 4294967296 (4096 MB)\nJan 25 22:02:04 bsdThinkpad kernel: avail memory = 3980619776 (3796 MB)\nJan 25 22:02:04 bsdThinkpad kernel: Event timer \"LAPIC\" quality 400\nJan 25 22:02:04 bsdThinkpad kernel: ACPI APIC Table: \u003cLENOVO TP-7U   \u003e\nJan 25 22:02:04 bsdThinkpad kernel: FreeBSD/SMP: Multiprocessor System Detected: 2 CPUs\nJan 25 22:02:04 bsdThinkpad kernel: FreeBSD/SMP: 1 package(s) x 2 core(s)\nJan 25 22:02:04 bsdThinkpad kernel: random: unblocking device.\nJan 25 22:02:04 bsdThinkpad kernel: ACPI BIOS Warning (bug): 32/64X length mismatch in FADT/Pm1aControlBlock: 16/32 (20160527/tbfadt-650)\nJan 25 22:02:04 bsdThinkpad kernel: ACPI BIOS Warning (bug): Invalid length for FADT/Pm1aControlBlock: 32, using default 16 (20160527/tbfadt-733)\nJan 25 22:02:04 bsdThinkpad kernel: ioapic0: Changing APIC ID to 1\nJan 25 22:02:04 bsdThinkpad kernel: ioapic0 \u003cVersion 2.0\u003e irqs 0-23 on motherboard\nJan 25 22:02:04 bsdThinkpad kernel: random: entropy device external interface\nJan 25 22:02:04 bsdThinkpad kernel: kbd1 at kbdmux0\nJan 25 22:02:04 bsdThinkpad kernel: netmap: loaded module\nJan 25 22:02:04 bsdThinkpad kernel: module_register_init: MOD_LOAD (vesa, 0xffffffff8101c950, 0) error 19\nJan 25 22:02:04 bsdThinkpad kernel: vtvga0: \u003cVT VGA driver\u003e on motherboard\nJan 25 22:02:04 bsdThinkpad kernel: cryptosoft0: \u003csoftware crypto\u003e on motherboard\nJan 25 22:02:04 bsdThinkpad kernel: acpi0: \u003cLENOVO TP-7U\u003e on motherboard\nJan 25 22:02:04 bsdThinkpad kernel: CPU0: local APIC error 0x40\nJan 25 22:02:04 bsdThinkpad kernel: acpi_ec0: \u003cEmbedded Controller: GPE 0x11, ECDT\u003e port 0x62,0x66 on acpi0\nJan 25 22:02:04 bsdThinkpad kernel: acpi0: Power Button (fixed)\nJan 25 22:02:04 bsdThinkpad kernel: cpu0: \u003cACPI CPU\u003e on acpi0\nJan 25 22:02:04 bsdThinkpad kernel: cpu1: \u003cACPI CPU\u003e on acpi0\nJan 25 22:02:04 bsdThinkpad kernel: attimer0: \u003cAT timer\u003e port 0x40-0x43 irq 0 on acpi0\nJan 25 22:02:04 bsdThinkpad kernel: Timecounter \"i8254\" frequency 1193182 Hz quality 0\nJan 25 22:02:04 bsdThinkpad kernel: Event timer \"i8254\" frequency 1193182 Hz quality 100\nJan 25 22:02:04 bsdThinkpad kernel: hpet0: \u003cHigh Precision Event Timer\u003e iomem 0xfed00000-0xfed003ff on acpi0\nJan 25 22:02:04 bsdThinkpad kernel: Timecounter \"HPET\" frequency 14318180 Hz quality 950\nJan 25 22:02:04 bsdThinkpad kernel: Event timer \"HPET\" frequency 14318180 Hz quality 450\nJan 25 22:02:04 bsdThinkpad kernel: Event timer \"HPET1\" frequency 14318180 Hz quality 440\nJan 25 22:02:04 bsdThinkpad kernel: Event timer \"HPET2\" frequency 14318180 Hz quality 440\nJan 25 22:02:04 bsdThinkpad kernel: Event timer \"HPET3\" frequency 14318180 Hz quality 440\nJan 25 22:02:04 bsdThinkpad kernel: atrtc0: \u003cAT realtime clock\u003e port 0x70-0x71 irq 8 on acpi0\nJan 25 22:02:04 bsdThinkpad kernel: Event timer \"RTC\" frequency 32768 Hz quality 0\nJan 25 22:02:04 bsdThinkpad kernel: Timecounter \"ACPI-fast\" frequency 3579545 Hz quality 900\nJan 25 22:02:04 bsdThinkpad kernel: acpi_timer0: \u003c24-bit timer at 3.579545MHz\u003e port 0x1008-0x100b on acpi0\nJan 25 22:02:04 bsdThinkpad kernel: acpi_lid0: \u003cControl Method Lid Switch\u003e on acpi0\nJan 25 22:02:04 bsdThinkpad kernel: acpi_button0: \u003cSleep Button\u003e on acpi0\nJan 25 22:02:04 bsdThinkpad kernel: pcib0: \u003cACPI Host-PCI bridge\u003e port 0xcf8-0xcff on acpi0\nJan 25 22:02:04 bsdThinkpad kernel: pci0: \u003cACPI PCI bus\u003e on pcib0\nJan 25 22:02:04 bsdThinkpad kernel: vgapci0: \u003cVGA-compatible display\u003e port 0x1800-0x1807 mem 0xf4400000-0xf47fffff,0xd0000000-0xdfffffff irq 16 at device 2.0 on pci0\nJan 25 22:02:04 bsdThinkpad kernel: agp0: \u003cIntel GM45 SVGA controller\u003e on vgapci0\nJan 25 22:02:04 bsdThinkpad kernel: agp0: aperture size is 256M, detected 32764k stolen memory\nJan 25 22:02:04 bsdThinkpad kernel: vgapci0: Boot video device\nJan 25 22:02:04 bsdThinkpad kernel: vgapci1: \u003cVGA-compatible display\u003e mem 0xf4200000-0xf42fffff at device 2.1 on pci0\nJan 25 22:02:04 bsdThinkpad kernel: pci0: \u003csimple comms\u003e at device 3.0 (no driver attached)\nJan 25 22:02:04 bsdThinkpad kernel: atapci0: \u003cIntel ATA controller\u003e port 0x1828-0x182f,0x180c-0x180f,0x1820-0x1827,0x1808-0x180b,0x1810-0x181f irq 18 at device 3.2 on pci0\nJan 25 22:02:04 bsdThinkpad kernel: ata2: \u003cATA channel\u003e at channel 0 on atapci0\nJan 25 22:02:04 bsdThinkpad kernel: ata3: \u003cATA channel\u003e at channel 1 on atapci0\nJan 25 22:02:04 bsdThinkpad kernel: uart2: \u003cMobile 4 Series Chipset KT Controller\u003e port 0x1830-0x1837 mem 0xfc324000-0xfc324fff irq 17 at device 3.3 on pci0\nJan 25 22:02:04 bsdThinkpad kernel: em0: \u003cIntel(R) PRO/1000 Network Connection 7.6.1-k\u003e port 0x1840-0x185f mem 0xfc100000-0xfc11ffff,0xfc325000-0xfc325fff irq 20 at device 25.0 on pci0\nJan 25 22:02:04 bsdThinkpad kernel: em0: Using an MSI interrupt\nJan 25 22:02:04 bsdThinkpad kernel: em0: Ethernet address: 00:1c:25:9d:ec:60\nJan 25 22:02:04 bsdThinkpad kernel: em0: netmap queues/slots: TX 1/1024, RX 1/1024\nJan 25 22:02:04 bsdThinkpad kernel: uhci0: \u003cIntel 82801I (ICH9) USB controller\u003e port 0x1860-0x187f irq 20 at device 26.0 on pci0\nJan 25 22:02:04 bsdThinkpad kernel: usbus0 on uhci0\nJan 25 22:02:04 bsdThinkpad kernel: uhci1: \u003cIntel 82801I (ICH9) USB controller\u003e port 0x1880-0x189f irq 21 at device 26.1 on pci0\nJan 25 22:02:04 bsdThinkpad kernel: usbus1 on uhci1\nJan 25 22:02:04 bsdThinkpad kernel: uhci2: \u003cIntel 82801I (ICH9) USB controller\u003e port 0x18a0-0x18bf irq 22 at device 26.2 on pci0\nJan 25 22:02:04 bsdThinkpad kernel: usbus2 on uhci2\nJan 25 22:02:04 bsdThinkpad kernel: ehci0: \u003cIntel 82801I (ICH9) USB 2.0 controller\u003e mem 0xfc326c00-0xfc326fff irq 23 at device 26.7 on pci0\nJan 25 22:02:04 bsdThinkpad kernel: usbus3: EHCI version 1.0\nJan 25 22:02:04 bsdThinkpad kernel: usbus3 on ehci0\nJan 25 22:02:04 bsdThinkpad kernel: hdac0: \u003cIntel 82801I HDA Controller\u003e mem 0xfc320000-0xfc323fff irq 17 at device 27.0 on pci0\nJan 25 22:02:04 bsdThinkpad kernel: pcib1: \u003cACPI PCI-PCI bridge\u003e irq 20 at device 28.0 on pci0\nJan 25 22:02:04 bsdThinkpad kernel: pcib1: [GIANT-LOCKED]\nJan 25 22:02:04 bsdThinkpad kernel: pcib2: \u003cACPI PCI-PCI bridge\u003e irq 21 at device 28.1 on pci0\nJan 25 22:02:04 bsdThinkpad kernel: pcib2: [GIANT-LOCKED]\nJan 25 22:02:04 bsdThinkpad kernel: pci1: \u003cACPI PCI bus\u003e on pcib2\nJan 25 22:02:04 bsdThinkpad kernel: iwn0: \u003cIntel WiFi Link 5100\u003e mem 0xf4300000-0xf4301fff irq 17 at device 0.0 on pci1\nJan 25 22:02:04 bsdThinkpad kernel: pcib3: \u003cACPI PCI-PCI bridge\u003e irq 22 at device 28.2 on pci0\nJan 25 22:02:04 bsdThinkpad kernel: pcib3: [GIANT-LOCKED]\nJan 25 22:02:04 bsdThinkpad kernel: pci2: \u003cACPI PCI bus\u003e on pcib3\nJan 25 22:02:04 bsdThinkpad kernel: pci2: \u003cmemory\u003e at device 0.0 (no driver attached)\nJan 25 22:02:04 bsdThinkpad kernel: pcib4: \u003cACPI PCI-PCI bridge\u003e irq 23 at device 28.3 on pci0\nJan 25 22:02:04 bsdThinkpad kernel: pcib4: [GIANT-LOCKED]\nJan 25 22:02:04 bsdThinkpad kernel: pcib5: \u003cACPI PCI-PCI bridge\u003e irq 20 at device 28.4 on pci0\nJan 25 22:02:04 bsdThinkpad kernel: pcib5: [GIANT-LOCKED]\nJan 25 22:02:04 bsdThinkpad kernel: uhci3: \u003cIntel 82801I (ICH9) USB controller\u003e port 0x18c0-0x18df irq 16 at device 29.0 on pci0\nJan 25 22:02:04 bsdThinkpad kernel: usbus4 on uhci3\nJan 25 22:02:04 bsdThinkpad kernel: uhci4: \u003cIntel 82801I (ICH9) USB controller\u003e port 0x18e0-0x18ff irq 17 at device 29.1 on pci0\nJan 25 22:02:04 bsdThinkpad kernel: usbus5 on uhci4\nJan 25 22:02:04 bsdThinkpad kernel: uhci5: \u003cIntel 82801I (ICH9) USB controller\u003e port 0x1c00-0x1c1f irq 18 at device 29.2 on pci0\nJan 25 22:02:04 bsdThinkpad kernel: usbus6 on uhci5\nJan 25 22:02:04 bsdThinkpad kernel: ehci1: \u003cIntel 82801I (ICH9) USB 2.0 controller\u003e mem 0xfc327000-0xfc3273ff irq 19 at device 29.7 on pci0\nJan 25 22:02:04 bsdThinkpad kernel: usbus7: EHCI version 1.0\nJan 25 22:02:04 bsdThinkpad kernel: usbus7 on ehci1\nJan 25 22:02:04 bsdThinkpad kernel: pcib6: \u003cACPI PCI-PCI bridge\u003e at device 30.0 on pci0\nJan 25 22:02:04 bsdThinkpad kernel: pci3: \u003cACPI PCI bus\u003e on pcib6\nJan 25 22:02:04 bsdThinkpad kernel: cbb0: \u003cRF5C476 PCI-CardBus Bridge\u003e mem 0xf4800000-0xf4800fff irq 16 at device 0.0 on pci3\nJan 25 22:02:04 bsdThinkpad kernel: cardbus0: \u003cCardBus bus\u003e on cbb0\nJan 25 22:02:04 bsdThinkpad kernel: pccard0: \u003c16-bit PCCard bus\u003e on cbb0\nJan 25 22:02:04 bsdThinkpad kernel: pci3: \u003cserial bus, FireWire\u003e at device 0.1 (no driver attached)\nJan 25 22:02:04 bsdThinkpad kernel: isab0: \u003cPCI-ISA bridge\u003e at device 31.0 on pci0\nJan 25 22:02:04 bsdThinkpad kernel: isa0: \u003cISA bus\u003e on isab0\nJan 25 22:02:04 bsdThinkpad kernel: ahci0: \u003cIntel ICH9M AHCI SATA controller\u003e port 0x1c48-0x1c4f,0x183c-0x183f,0x1c40-0x1c47,0x1838-0x183b,0x1c20-0x1c3f mem 0xfc326000-0xfc3267ff irq 16 at device 31.2 on pci0\nJan 25 22:02:04 bsdThinkpad kernel: ahci0: AHCI v1.20 with 4 3Gbps ports, Port Multiplier not supported\nJan 25 22:02:04 bsdThinkpad kernel: ahcich0: \u003cAHCI channel\u003e at channel 0 on ahci0\nJan 25 22:02:04 bsdThinkpad kernel: ahcich1: \u003cAHCI channel\u003e at channel 1 on ahci0\nJan 25 22:02:04 bsdThinkpad kernel: acpi_tz0: \u003cThermal Zone\u003e on acpi0\nJan 25 22:02:04 bsdThinkpad kernel: acpi_tz1: \u003cThermal Zone\u003e on acpi0\nJan 25 22:02:04 bsdThinkpad kernel: atkbdc0: \u003cKeyboard controller (i8042)\u003e port 0x60,0x64 irq 1 on acpi0\nJan 25 22:02:04 bsdThinkpad kernel: atkbd0: \u003cAT Keyboard\u003e irq 1 on atkbdc0\nJan 25 22:02:04 bsdThinkpad kernel: kbd0 at atkbd0\nJan 25 22:02:04 bsdThinkpad kernel: atkbd0: [GIANT-LOCKED]\nJan 25 22:02:04 bsdThinkpad kernel: psm0: \u003cPS/2 Mouse\u003e irq 12 on atkbdc0\nJan 25 22:02:04 bsdThinkpad kernel: psm0: [GIANT-LOCKED]\nJan 25 22:02:04 bsdThinkpad kernel: psm0: model Generic PS/2 mouse, device ID 0\nJan 25 22:02:04 bsdThinkpad kernel: battery0: \u003cACPI Control Method Battery\u003e on acpi0\nJan 25 22:02:04 bsdThinkpad kernel: acpi_acad0: \u003cAC Adapter\u003e on acpi0\nJan 25 22:02:04 bsdThinkpad kernel: orm0: \u003cISA Option ROMs\u003e at iomem 0xc0000-0xcffff,0xd0000-0xd0fff,0xd1000-0xd1fff,0xd2000-0xd2fff,0xde000-0xdf7ff,0xe0000-0xeffff on isa0\nJan 25 22:02:04 bsdThinkpad kernel: ppc0: cannot reserve I/O port range\nJan 25 22:02:04 bsdThinkpad kernel: coretemp0: \u003cCPU On-Die Thermal Sensors\u003e on cpu0\nJan 25 22:02:04 bsdThinkpad kernel: est0: \u003cEnhanced SpeedStep Frequency Control\u003e on cpu0\nJan 25 22:02:04 bsdThinkpad kernel: coretemp1: \u003cCPU On-Die Thermal Sensors\u003e on cpu1\nJan 25 22:02:04 bsdThinkpad kernel: est1: \u003cEnhanced SpeedStep Frequency Control\u003e on cpu1\nJan 25 22:02:04 bsdThinkpad kernel: usbus0: 12Mbps Full Speed USB v1.0\nJan 25 22:02:04 bsdThinkpad kernel: fuse-freebsd: version 0.4.4, FUSE ABI 7.8\nJan 25 22:02:04 bsdThinkpad kernel: ZFS NOTICE: Prefetch is disabled by default if less than 4GB of RAM is present;\nJan 25 22:02:04 bsdThinkpad kernel: to enable, add \"vfs.zfs.prefetch_disable=0\" to /boot/loader.conf.\nJan 25 22:02:04 bsdThinkpad kernel: ZFS filesystem version: 5\nJan 25 22:02:04 bsdThinkpad kernel: ZFS storage pool version: features support (5000)\nJan 25 22:02:04 bsdThinkpad kernel: Timecounters tick every 1.000 msec\nJan 25 22:02:04 bsdThinkpad kernel: nvme cam probe device init\nJan 25 22:02:04 bsdThinkpad kernel: hdacc0: \u003cConexant CX20561 (Hermosa) HDA CODEC\u003e at cad 0 on hdac0\nJan 25 22:02:04 bsdThinkpad kernel: hdaa0: \u003cConexant CX20561 (Hermosa) Audio Function Group\u003e at nid 1 on hdacc0\nJan 25 22:02:04 bsdThinkpad kernel: pcm0: \u003cConexant CX20561 (Hermosa) (Analog 2.0+HP/2.0)\u003e at nid 26,22 and 24 on hdaa0\nJan 25 22:02:04 bsdThinkpad kernel: pcm1: \u003cConexant CX20561 (Hermosa) (Internal Analog Mic)\u003e at nid 29 on hdaa0\nJan 25 22:02:04 bsdThinkpad kernel: unknown: \u003cConexant CX20561 (Hermosa) HDA CODEC Modem Function Group\u003e at nid 2 on hdacc0 (no driver attached)\nJan 25 22:02:04 bsdThinkpad kernel: usbus1: 12Mbps Full Speed USB v1.0\nJan 25 22:02:04 bsdThinkpad kernel: usbus2: 12Mbps Full Speed USB v1.0\nJan 25 22:02:04 bsdThinkpad kernel: ugen0.1: \u003cIntel\u003e at usbus0\nJan 25 22:02:04 bsdThinkpad kernel: ugen1.1: \u003cIntel\u003e at usbus1\nJan 25 22:02:04 bsdThinkpad kernel: uhub0: \u003cIntel UHCI root HUB, class 9/0, rev 1.00/1.00, addr 1\u003e on usbus0\nJan 25 22:02:04 bsdThinkpad kernel: uhub1: \u003cIntel UHCI root HUB, class 9/0, rev 1.00/1.00, addr 1\u003e on usbus1\nJan 25 22:02:04 bsdThinkpad kernel: ugen2.1: \u003cIntel\u003e at usbus2\nJan 25 22:02:04 bsdThinkpad kernel: uhub2: \u003cIntel UHCI root HUB, class 9/0, rev 1.00/1.00, addr 1\u003e on usbus2\nJan 25 22:02:04 bsdThinkpad kernel: usbus3: 480Mbps High Speed USB v2.0\nJan 25 22:02:04 bsdThinkpad kernel: usbus4: 12Mbps Full Speed USB v1.0\nJan 25 22:02:04 bsdThinkpad kernel: usbus5: 12Mbps Full Speed USB v1.0\nJan 25 22:02:04 bsdThinkpad kernel: ugen3.1: \u003cIntel\u003e at usbus3\nJan 25 22:02:04 bsdThinkpad kernel: ugen4.1: \u003cIntel\u003e at usbus4\nJan 25 22:02:04 bsdThinkpad kernel: uhub3: \u003cIntel EHCI root HUB, class 9/0, rev 2.00/1.00, addr 1\u003e on usbus3\nJan 25 22:02:04 bsdThinkpad kernel: uhub4: \u003cIntel UHCI root HUB, class 9/0, rev 1.00/1.00, addr 1\u003e on usbus4\nJan 25 22:02:04 bsdThinkpad kernel: ugen5.1: \u003cIntel\u003e at usbus5\nJan 25 22:02:04 bsdThinkpad kernel: uhub5: \u003cIntel UHCI root HUB, class 9/0, rev 1.00/1.00, addr 1\u003e on usbus5\nJan 25 22:02:04 bsdThinkpad kernel: usbus6: 12Mbps Full Speed USB v1.0\nJan 25 22:02:04 bsdThinkpad kernel: usbus7: 480Mbps High Speed USB v2.0\nJan 25 22:02:04 bsdThinkpad kernel: ugen6.1: \u003cIntel\u003e at usbus6\nJan 25 22:02:04 bsdThinkpad kernel: ugen7.1: \u003cIntel\u003e at usbus7\nJan 25 22:02:04 bsdThinkpad kernel: uhub6: \u003cIntel UHCI root HUB, class 9/0, rev 1.00/1.00, addr 1\u003e on usbus6\nJan 25 22:02:04 bsdThinkpad kernel: uhub7: \u003cIntel EHCI root HUB, class 9/0, rev 2.00/1.00, addr 1\u003e on usbus7\nJan 25 22:02:04 bsdThinkpad kernel: uhub0: 2 ports with 2 removable, self powered\nJan 25 22:02:04 bsdThinkpad kernel: uhub1: 2 ports with 2 removable, self powered\nJan 25 22:02:04 bsdThinkpad kernel: uhub2: 2 ports with 2 removable, self powered\nJan 25 22:02:04 bsdThinkpad kernel: uhub4: 2 ports with 2 removable, self powered\nJan 25 22:02:04 bsdThinkpad kernel: uhub5: 2 ports with 2 removable, self powered\nJan 25 22:02:04 bsdThinkpad kernel: uhub6: 2 ports with 2 removable, self powered\nJan 25 22:02:04 bsdThinkpad kernel: ada0 at ahcich0 bus 0 scbus2 target 0 lun 0\nJan 25 22:02:04 bsdThinkpad kernel: ada0: \u003cKINGSTON SV300S37A60G 505ABBF0\u003e ATA8-ACS SATA 3.x device\nJan 25 22:02:04 bsdThinkpad kernel: cd0 at ahcich1 bus 0 scbus3 target 0 lun 0\nJan 25 22:02:04 bsdThinkpad kernel: cd0: \u003cOptiarc DVD RW AD-7910S 1.D0\u003e Removable CD-ROM SCSI device\nJan 25 22:02:04 bsdThinkpad kernel: cd0: Serial Number 89V1P74E11\nJan 25 22:02:04 bsdThinkpad kernel: cd0: 150.000MB/s transfers (SATA 1.x, UDMA5, ATAPI 12bytes, PIO 8192bytes)\nJan 25 22:02:04 bsdThinkpad kernel: cd0: Attempt to query device size failed: NOT READY, Medium not present\nJan 25 22:02:04 bsdThinkpad kernel: ada0: Serial Number 50026B733400CF7B\nJan 25 22:02:04 bsdThinkpad kernel: ada0: 300.000MB/s transfers (SATA 2.x, UDMA6, PIO 8192bytes)\nJan 25 22:02:04 bsdThinkpad kernel: ada0: Command Queueing enabled\nJan 25 22:02:04 bsdThinkpad kernel: ada0: 57241MB (117231408 512 byte sectors)\nJan 25 22:02:04 bsdThinkpad kernel: uhub3: 6 ports with 6 removable, self powered\nJan 25 22:02:04 bsdThinkpad kernel: SMP: AP CPU #1 Launched!\nJan 25 22:02:04 bsdThinkpad kernel: Timecounter \"TSC-low\" frequency 1263529868 Hz quality 1000\nJan 25 22:02:04 bsdThinkpad kernel: Trying to mount root from zfs:zroot/ROOT/default []...\nJan 25 22:02:04 bsdThinkpad kernel: Root mount waiting for: usbus7 usbus3\nJan 25 22:02:04 bsdThinkpad kernel: uhub7: 6 ports with 6 removable, self powered\nJan 25 22:02:04 bsdThinkpad kernel: Root mount waiting for: usbus3\nJan 25 22:02:04 bsdThinkpad kernel: ugen3.2: \u003cChicony Electronics Co., Ltd.\u003e at usbus3\nJan 25 22:02:04 bsdThinkpad kernel: ugen1.2: \u003cvendor 0x08ff\u003e at usbus1\nJan 25 22:02:04 bsdThinkpad kernel: ugen1.3: \u003cLenovo Computer Corp\u003e at usbus1\nJan 25 22:02:04 bsdThinkpad kernel: wlan0: Ethernet address: 00:21:6b:92:ba:42\nJan 25 22:02:04 bsdThinkpad kernel: lagg0: link state changed to DOWN\nJan 25 22:02:04 bsdThinkpad kernel: iwn0: iwn_read_firmware: ucode rev=0x08530501\nJan 25 22:02:04 bsdThinkpad kernel: wlan0: link state changed to UP\nJan 25 22:02:04 bsdThinkpad kernel: lagg0: link state changed to UP\nJan 25 22:02:04 bsdThinkpad kernel: ubt0: \u003cLenovo Computer Corp ThinkPad Bluetooth with Enhanced Data Rate II, class 224/1, rev 2.00/3.99, addr 3\u003e on usbus1\nJan 25 22:02:04 bsdThinkpad kernel: wlan0: link state changed to DOWN\nJan 25 22:02:04 bsdThinkpad kernel: lagg0: link state changed to DOWN\nJan 25 22:02:04 bsdThinkpad kernel: iwn0: scan timeout\nJan 25 22:02:04 bsdThinkpad kernel: iwn0: iwn_read_firmware: ucode rev=0x08530501\nJan 25 22:02:04 bsdThinkpad kernel: wlan0: link state changed to UP\nJan 25 22:02:04 bsdThinkpad kernel: lagg0: link state changed to UP\nJan 25 22:02:04 bsdThinkpad kernel: wlan0: link state changed to DOWN\nJan 25 22:02:04 bsdThinkpad kernel: lagg0: link state changed to DOWN\nJan 25 22:02:04 bsdThinkpad kernel: iwn0: scan timeout\nJan 25 22:02:04 bsdThinkpad kernel: iwn0: iwn_read_firmware: ucode rev=0x08530501\nJan 25 22:02:04 bsdThinkpad kernel: wlan0: link state changed to UP\nJan 25 22:02:04 bsdThinkpad kernel: lagg0: link state changed to UP\nJan 25 22:02:04 bsdThinkpad kernel: wlan0: link state changed to DOWN\nJan 25 22:02:04 bsdThinkpad kernel: lagg0: link state changed to DOWN\nJan 25 22:02:04 bsdThinkpad kernel: iwn0: scan timeout\nJan 25 22:02:04 bsdThinkpad kernel: iwn0: iwn_read_firmware: ucode rev=0x08530501\nJan 25 22:02:04 bsdThinkpad kernel: wlan0: link state changed to UP\nJan 25 22:02:04 bsdThinkpad kernel: lagg0: link state changed to UP\nJan 25 22:02:04 bsdThinkpad kernel: wlan0: link state changed to DOWN\nJan 25 22:02:04 bsdThinkpad kernel: lagg0: link state changed to DOWN\nJan 25 22:02:04 bsdThinkpad kernel: wlan0: link state changed to UP\nJan 25 22:02:04 bsdThinkpad kernel: lagg0: link state changed to UP\nJan 25 22:02:04 bsdThinkpad kernel: wlan0: link state changed to DOWN\nJan 25 22:02:04 bsdThinkpad kernel: lagg0: link state changed to DOWN\nJan 25 22:02:04 bsdThinkpad kernel: iwn0: scan timeout\nJan 25 22:02:04 bsdThinkpad kernel: iwn0: iwn_read_firmware: ucode rev=0x08530501\nJan 25 22:02:04 bsdThinkpad kernel: wlan0: link state changed to UP\nJan 25 22:02:04 bsdThinkpad kernel: iwn0: iwn_intr: fatal firmware error\nJan 25 22:02:04 bsdThinkpad kernel: lagg0: link state changed to UP\nJan 25 22:02:04 bsdThinkpad kernel: firmware error log:\nJan 25 22:02:04 bsdThinkpad kernel: error type      = \"BAD_COMMAND\" (0x00000007)\nJan 25 22:02:04 bsdThinkpad kernel: program counter = 0x0000275C\nJan 25 22:02:04 bsdThinkpad kernel: source line     = 0x00000428\nJan 25 22:02:04 bsdThinkpad kernel: error data      = 0x0000000000000000\nJan 25 22:02:04 bsdThinkpad kernel: branch link     = 0x0000275A0000275A\nJan 25 22:02:04 bsdThinkpad kernel: interrupt link  = 0x0000091600000000\nJan 25 22:02:04 bsdThinkpad kernel: time            = 11866\nJan 25 22:02:04 bsdThinkpad kernel: driver status:\nJan 25 22:02:04 bsdThinkpad kernel: tx ring  0: qid=0  cur=0   queued=0  \nJan 25 22:02:04 bsdThinkpad kernel: tx ring  1: qid=1  cur=0   queued=0  \nJan 25 22:02:04 bsdThinkpad kernel: tx ring  2: qid=2  cur=0   queued=0  \nJan 25 22:02:04 bsdThinkpad kernel: tx ring  3: qid=3  cur=2   queued=0  \nJan 25 22:02:04 bsdThinkpad kernel: tx ring  4: qid=4  cur=0   queued=0  \nJan 25 22:02:04 bsdThinkpad kernel: tx ring  5: qid=5  cur=0   queued=0  \nJan 25 22:02:04 bsdThinkpad kernel: tx ring  6: qid=6  cur=0   queued=0  \nJan 25 22:02:04 bsdThinkpad kernel: tx ring  7: qid=7  cur=0   queued=0  \nJan 25 22:02:04 bsdThinkpad kernel: tx ring  8: qid=8  cur=0   queued=0  \nJan 25 22:02:04 bsdThinkpad kernel: tx ring  9: qid=9  cur=148 queued=0  \nJan 25 22:02:04 bsdThinkpad kernel: tx ring 10: qid=10 cur=0   queued=0  \nJan 25 22:02:04 bsdThinkpad kernel: tx ring 11: qid=11 cur=0   queued=0  \nJan 25 22:02:04 bsdThinkpad kernel: tx ring 12: qid=12 cur=0   queued=0  \nJan 25 22:02:04 bsdThinkpad kernel: tx ring 13: qid=13 cur=0   queued=0  \nJan 25 22:02:04 bsdThinkpad kernel: tx ring 14: qid=14 cur=0   queued=0  \nJan 25 22:02:04 bsdThinkpad kernel: tx ring 15: qid=15 cur=0   queued=0  \nJan 25 22:02:04 bsdThinkpad kernel: tx ring 16: qid=16 cur=0   queued=0  \nJan 25 22:02:04 bsdThinkpad kernel: tx ring 17: qid=17 cur=0   queued=0  \nJan 25 22:02:04 bsdThinkpad kernel: tx ring 18: qid=18 cur=0   queued=0  \nJan 25 22:02:04 bsdThinkpad kernel: tx ring 19: qid=19 cur=0   queued=0  \nJan 25 22:02:04 bsdThinkpad kernel: rx ring: cur=2\nJan 25 22:02:04 bsdThinkpad kernel: iwn0: iwn_panicked: controller panicked, iv_state = 5; restarting\nJan 25 22:02:04 bsdThinkpad kernel: wlan0: link state changed to DOWN\nJan 25 22:02:04 bsdThinkpad kernel: lagg0: link state changed to DOWN\nJan 25 22:02:04 bsdThinkpad kernel: iwn0: iwn_read_firmware: ucode rev=0x08530501\nJan 25 22:02:04 bsdThinkpad kernel: wlan0: link state changed to UP\nJan 25 22:02:04 bsdThinkpad kernel: lagg0: link state changed to UP\nJan 25 22:02:04 bsdThinkpad kernel: wlan0: link state changed to DOWN\nJan 25 22:02:04 bsdThinkpad kernel: lagg0: link state changed to DOWN\nJan 25 22:02:04 bsdThinkpad kernel: iwn0: scan timeout\nJan 25 22:02:04 bsdThinkpad kernel: iwn0: iwn_read_firmware: ucode rev=0x08530501\nJan 25 22:02:04 bsdThinkpad kernel: WARNING: attempt to domain_add(bluetooth) after domainfinalize()\nJan 25 22:02:04 bsdThinkpad kernel: WARNING: attempt to domain_add(netgraph) after domainfinalize()\nJan 25 22:02:04 bsdThinkpad kernel: wlan0: link state changed to UP\nJan 25 22:02:04 bsdThinkpad kernel: lagg0: link state changed to UP\nJan 25 22:02:04 bsdThinkpad kernel: iwn0: iwn_intr: fatal firmware error\nJan 25 22:02:04 bsdThinkpad kernel: firmware error log:\nJan 25 22:02:04 bsdThinkpad kernel: error type      = \"SYSASSERT\" (0x00000005)\nJan 25 22:02:04 bsdThinkpad kernel: program counter = 0x0001DE80\nJan 25 22:02:04 bsdThinkpad kernel: source line     = 0x0000008E\nJan 25 22:02:04 bsdThinkpad kernel: error data      = 0x0000008E000000A8\nJan 25 22:02:04 bsdThinkpad kernel: branch link     = 0x0001DF940001DF94\nJan 25 22:02:04 bsdThinkpad kernel: interrupt link  = 0x0000091600000000\nJan 25 22:02:04 bsdThinkpad kernel: time            = 14120\nJan 25 22:02:04 bsdThinkpad kernel: driver status:\nJan 25 22:02:04 bsdThinkpad kernel: tx ring  0: qid=0  cur=0   queued=0  \nJan 25 22:02:04 bsdThinkpad kernel: tx ring  1: qid=1  cur=0   queued=0  \nJan 25 22:02:04 bsdThinkpad kernel: tx ring  2: qid=2  cur=0   queued=0  \nJan 25 22:02:04 bsdThinkpad kernel: tx ring  3: qid=3  cur=2   queued=0  \nJan 25 22:02:04 bsdThinkpad kernel: tx ring  4: qid=4  cur=0   queued=0  \nJan 25 22:02:04 bsdThinkpad kernel: tx ring  5: qid=5  cur=0   queued=0  \nJan 25 22:02:04 bsdThinkpad kernel: tx ring  6: qid=6  cur=0   queued=0  \nJan 25 22:02:04 bsdThinkpad kernel: tx ring  7: qid=7  cur=0   queued=0  \nJan 25 22:02:04 bsdThinkpad kernel: tx ring  8: qid=8  cur=0   queued=0  \nJan 25 22:02:04 bsdThinkpad kernel: tx ring  9: qid=9  cur=40  queued=0  \nJan 25 22:02:04 bsdThinkpad kernel: tx ring 10: qid=10 cur=0   queued=0  \nJan 25 22:02:04 bsdThinkpad kernel: tx ring 11: qid=11 cur=0   queued=0  \nJan 25 22:02:04 bsdThinkpad kernel: tx ring 12: qid=12 cur=0   queued=0  \nJan 25 22:02:04 bsdThinkpad kernel: tx ring 13: qid=13 cur=0   queued=0  \nJan 25 22:02:04 bsdThinkpad kernel: tx ring 14: qid=14 cur=0   queued=0  \nJan 25 22:02:04 bsdThinkpad kernel: tx ring 15: qid=15 cur=0   queued=0  \nJan 25 22:02:04 bsdThinkpad kernel: tx ring 16: qid=16 cur=0   queued=0  \nJan 25 22:02:04 bsdThinkpad kernel: tx ring 17: qid=17 cur=0   queued=0  \nJan 25 22:02:04 bsdThinkpad kernel: tx ring 18: qid=18 cur=0   queued=0  \nJan 25 22:02:04 bsdThinkpad kernel: tx ring 19: qid=19 cur=0   queued=0  \nJan 25 22:02:04 bsdThinkpad kernel: rx ring: cur=42\nJan 25 22:02:04 bsdThinkpad kernel: iwn0: iwn_panicked: controller panicked, iv_state = 5; restarting\nJan 25 22:02:04 bsdThinkpad kernel: wlan0: link state changed to DOWN\nJan 25 22:02:04 bsdThinkpad kernel: lagg0: link state changed to DOWN\nJan 25 22:02:04 bsdThinkpad kernel: iwn0: iwn_read_firmware: ucode rev=0x08530501\nJan 25 22:02:04 bsdThinkpad root: /etc/rc: WARNING: $xrdp_sesman_enable is not set properly - see rc.conf(5).\nJan 25 22:02:04 bsdThinkpad ntpd[975]: ntpd 4.2.8p8-a (1): Starting\nJan 25 22:02:05 bsdThinkpad ntpd[976]: leapsecond file ('/var/db/ntpd.leap-seconds.list'): good hash signature\nJan 25 22:02:05 bsdThinkpad ntpd[976]: leapsecond file ('/var/db/ntpd.leap-seconds.list'): loaded, expire=2017-06-01T00:00:00Z last=2017-01-01T00:00:00Z ofs=37\nJan 25 22:02:08 bsdThinkpad dhclient[545]: send_packet: Network is down\nJan 25 22:02:16 bsdThinkpad dhclient[545]: send_packet: Network is down\nJan 25 22:02:19 bsdThinkpad kernel: info: [drm] Initialized drm 1.1.0 20060810\nJan 25 22:02:19 bsdThinkpad kernel: drmn0: \u003cMobile Intel® GM45 Express Chipset\u003e on vgapci0\nJan 25 22:02:19 bsdThinkpad kernel: iicbus0: \u003cPhilips I2C bus\u003e on iicbb0 addr 0xff\nJan 25 22:02:19 bsdThinkpad kernel: iic0: \u003cI2C generic I/O\u003e on iicbus0\nJan 25 22:02:19 bsdThinkpad kernel: iic1: \u003cI2C generic I/O\u003e on iicbus1\nJan 25 22:02:19 bsdThinkpad kernel: iicbus2: \u003cPhilips I2C bus\u003e on iicbb1 addr 0x0\nJan 25 22:02:19 bsdThinkpad kernel: iic2: \u003cI2C generic I/O\u003e on iicbus2\nJan 25 22:02:19 bsdThinkpad kernel: iic3: \u003cI2C generic I/O\u003e on iicbus3\nJan 25 22:02:19 bsdThinkpad kernel: iicbus4: \u003cPhilips I2C bus\u003e on iicbb2 addr 0x0\nJan 25 22:02:19 bsdThinkpad kernel: iic4: \u003cI2C generic I/O\u003e on iicbus4\nJan 25 22:02:19 bsdThinkpad kernel: iic5: \u003cI2C generic I/O\u003e on iicbus5\nJan 25 22:02:19 bsdThinkpad kernel: iicbus6: \u003cPhilips I2C bus\u003e on iicbb3 addr 0x0\nJan 25 22:02:19 bsdThinkpad kernel: iic6: \u003cI2C generic I/O\u003e on iicbus6\nJan 25 22:02:19 bsdThinkpad kernel: iic7: \u003cI2C generic I/O\u003e on iicbus7\nJan 25 22:02:19 bsdThinkpad kernel: iicbus8: \u003cPhilips I2C bus\u003e on iicbb4 addr 0x0\nJan 25 22:02:19 bsdThinkpad kernel: iic8: \u003cI2C generic I/O\u003e on iicbus8\nJan 25 22:02:19 bsdThinkpad kernel: iic9: \u003cI2C generic I/O\u003e on iicbus9\nJan 25 22:02:19 bsdThinkpad kernel: iicbus10: \u003cPhilips I2C bus\u003e on iicbb5 addr 0x0\nJan 25 22:02:19 bsdThinkpad kernel: iic10: \u003cI2C generic I/O\u003e on iicbus10\nJan 25 22:02:19 bsdThinkpad kernel: iic11: \u003cI2C generic I/O\u003e on iicbus11\nJan 25 22:02:19 bsdThinkpad kernel: info: [drm] MSI enabled 1 message(s)\nJan 25 22:02:19 bsdThinkpad kernel: info: [drm] Supports vblank timestamp caching Rev 1 (10.10.2010).\nJan 25 22:02:19 bsdThinkpad kernel: info: [drm] Driver supports precise vblank timestamp query.\nJan 25 22:02:19 bsdThinkpad kernel: info: [drm] GMBUS [i915 gmbus dpb] timed out, falling back to bit banging on pin 5\nJan 25 22:02:19 bsdThinkpad kernel: drmn0: taking over the fictitious range 0xd0000000-0xe0000000\nJan 25 22:02:19 bsdThinkpad kernel: info: [drm] Connector LVDS-1: get mode from tunables:\nJan 25 22:02:19 bsdThinkpad kernel: info: [drm]   - kern.vt.fb.modes.LVDS-1\nJan 25 22:02:19 bsdThinkpad kernel: info: [drm]   - kern.vt.fb.default_mode\nJan 25 22:02:19 bsdThinkpad kernel: info: [drm] Connector VGA-1: get mode from tunables:\nJan 25 22:02:19 bsdThinkpad kernel: info: [drm]   - kern.vt.fb.modes.VGA-1\nJan 25 22:02:19 bsdThinkpad kernel: info: [drm]   - kern.vt.fb.default_mode\nJan 25 22:02:19 bsdThinkpad kernel: info: [drm] Connector HDMI-A-1: get mode from tunables:\nJan 25 22:02:19 bsdThinkpad kernel: info: [drm]   - kern.vt.fb.modes.HDMI-A-1\nJan 25 22:02:19 bsdThinkpad kernel: info: [drm]   - kern.vt.fb.default_mode\nJan 25 22:02:19 bsdThinkpad kernel: info: [drm] Connector DP-1: get mode from tunables:\nJan 25 22:02:19 bsdThinkpad kernel: info: [drm]   - kern.vt.fb.modes.DP-1\nJan 25 22:02:19 bsdThinkpad kernel: info: [drm]   - kern.vt.fb.default_mode\nJan 25 22:02:19 bsdThinkpad kernel: info: [drm] Connector HDMI-A-2: get mode from tunables:\nJan 25 22:02:19 bsdThinkpad kernel: info: [drm]   - kern.vt.fb.modes.HDMI-A-2\nJan 25 22:02:19 bsdThinkpad kernel: info: [drm]   - kern.vt.fb.default_mode\nJan 25 22:02:19 bsdThinkpad kernel: info: [drm] Connector DP-2: get mode from tunables:\nJan 25 22:02:19 bsdThinkpad kernel: info: [drm]   - kern.vt.fb.modes.DP-2\nJan 25 22:02:19 bsdThinkpad kernel: info: [drm]   - kern.vt.fb.default_mode\nJan 25 22:02:19 bsdThinkpad kernel: info: [drm] Connector DP-3: get mode from tunables:\nJan 25 22:02:19 bsdThinkpad kernel: info: [drm]   - kern.vt.fb.modes.DP-3\nJan 25 22:02:19 bsdThinkpad kernel: info: [drm]   - kern.vt.fb.default_mode\nJan 25 22:02:19 bsdThinkpad kernel: fbd0 on drmn0\nJan 25 22:02:19 bsdThinkpad kernel: VT: Replacing driver \"vga\" with new \"fb\".\nJan 25 22:02:19 bsdThinkpad kernel: info: [drm] Initialized i915 1.6.0 20080730 for drmn0 on minor 0\nJan 25 22:02:23 bsdThinkpad dhclient[545]: send_packet: Network is down\nJan 25 22:02:53 bsdThinkpad last message repeated 2 times\nJan 25 22:03:07 bsdThinkpad dhclient[545]: send_packet: Network is down\nJan 25 22:03:18 bsdThinkpad dhclient: New IP Address (lagg0): 192.168.1.100\nJan 25 22:03:18 bsdThinkpad dhclient: New Subnet Mask (lagg0): 255.255.255.0\nJan 25 22:03:18 bsdThinkpad dhclient: New Broadcast Address (lagg0): 192.168.1.255\nJan 25 22:03:18 bsdThinkpad dhclient: New Routers (lagg0): 192.168.1.254\nJan 25 22:03:19 bsdThinkpad dhclient: New Routers (lagg0): 192.168.1.254\nJan 25 22:03:22 bsdThinkpad wpa_supplicant[340]: wlan0: CTRL-EVENT-SSID-REENABLED id=0 ssid=\"claracast\"\nJan 25 22:03:22 bsdThinkpad wpa_supplicant[340]: wlan0: Trying to associate with 38:3b:c8:06:b8:3a (SSID='claracast' freq=2412 MHz)\nJan 25 22:03:22 bsdThinkpad kernel: wlan0: link state changed to UP\nJan 25 22:03:22 bsdThinkpad kernel: lagg0: link state changed to UP\nJan 25 22:03:22 bsdThinkpad wpa_supplicant[340]: wlan0: Associated with 38:3b:c8:06:b8:3a\nJan 25 22:03:22 bsdThinkpad dhclient[545]: send_packet: No buffer space available\nJan 25 22:03:28 bsdThinkpad last message repeated 2 times\nJan 25 22:03:32 bsdThinkpad wpa_supplicant[340]: wlan0: Authentication with 38:3b:c8:06:b8:3a timed out.\nJan 25 22:03:32 bsdThinkpad kernel: wlan0: link state changed to DOWN\nJan 25 22:03:32 bsdThinkpad kernel: lagg0: link state changed to DOWN\nJan 25 22:03:32 bsdThinkpad wpa_supplicant[340]: wlan0: CTRL-EVENT-DISCONNECTED bssid=38:3b:c8:06:b8:3a reason=3 locally_generated=1\nJan 25 22:03:32 bsdThinkpad wpa_supplicant[340]: wlan0: CTRL-EVENT-SSID-TEMP-DISABLED id=0 ssid=\"claracast\" auth_failures=6 duration=126 reason=CONN_FAILED\nJan 25 22:03:35 bsdThinkpad dhclient[545]: send_packet: Network is down\nJan 25 22:03:37 bsdThinkpad kernel: iwn0: device timeout\nJan 25 22:03:37 bsdThinkpad kernel: iwn0: iwn_read_firmware: ucode rev=0x08530501\nJan 25 22:03:37 bsdThinkpad kernel: iwn0: scan timeout\nJan 25 22:03:37 bsdThinkpad kernel: iwn0: iwn_read_firmware: ucode rev=0x08530501\nJan 25 22:03:41 bsdThinkpad dhclient[545]: send_packet: Network is down"
}