{
 "id": 919812,
 "bug_id": 216091,
 "attachment_id": 0,
 "creation_time": "2017-02-02T02:34:24Z",
 "creator": "coppolajj@gmail.com",
 "text": "I tried these suggested settings:\n\nifconfig_em0=\"up\"\nwlans_iwn0=\"wlan0\"\nifconfig_wlan0=\"ether 00:1c:25:9d:ec:60 WPA\"\ncloned_interfaces=\"lagg0\"\nifconfig_lagg0=\"laggproto failover laggport em0 laggport wlan0 DHCP\"\n\nbut there is no improvement, I still get the  messages like:\n\"iwn0: iwn_read_firmware: ucode rev=0x08530501\" and wlan0's link state going UP and DOWN numerous times.\n\nFeb  1 21:29:42 bsdThinkpad kernel: Copyright (c) 1992-2016 The FreeBSD Project.\nFeb  1 21:29:42 bsdThinkpad kernel: Copyright (c) 1979, 1980, 1983, 1986, 1988, 1989, 1991, 1992, 1993, 1994\nFeb  1 21:29:42 bsdThinkpad kernel: The Regents of the University of California. All rights reserved.\nFeb  1 21:29:42 bsdThinkpad kernel: FreeBSD is a registered trademark of The FreeBSD Foundation.\nFeb  1 21:29:42 bsdThinkpad kernel: FreeBSD 11.0-RELEASE-p1 #0 r306420: Thu Sep 29 01:43:23 UTC 2016\nFeb  1 21:29:42 bsdThinkpad kernel: root@releng2.nyi.freebsd.org:/usr/obj/usr/src/sys/GENERIC amd64\nFeb  1 21:29:42 bsdThinkpad kernel: FreeBSD clang version 3.8.0 (tags/RELEASE_380/final 262564) (based on LLVM 3.8.0)\nFeb  1 21:29:42 bsdThinkpad kernel: VT(vga): resolution 640x480\nFeb  1 21:29:42 bsdThinkpad kernel: module_register: cannot register mmc/mmcsd from kernel; already loaded from mmcsd.ko\nFeb  1 21:29:42 bsdThinkpad kernel: Module mmc/mmcsd failed to register: 17\nFeb  1 21:29:42 bsdThinkpad kernel: CPU: Intel(R) Core(TM)2 Duo CPU     T9400  @ 2.53GHz (2527.06-MHz K8-class CPU)\nFeb  1 21:29:42 bsdThinkpad kernel: Origin=\"GenuineIntel\"  Id=0x10676  Family=0x6  Model=0x17  Stepping=6\nFeb  1 21:29:42 bsdThinkpad kernel: Features=0xbfebfbff\u003cFPU,VME,DE,PSE,TSC,MSR,PAE,MCE,CX8,APIC,SEP,MTRR,PGE,MCA,CMOV,PAT,PSE36,CLFLUSH,DTS,ACPI,MMX,FXSR,SSE,SSE2,SS,HTT,TM,PBE\u003e\nFeb  1 21:29:42 bsdThinkpad kernel: Features2=0x8e3fd\u003cSSE3,DTES64,MON,DS_CPL,VMX,SMX,EST,TM2,SSSE3,CX16,xTPR,PDCM,SSE4.1\u003e\nFeb  1 21:29:42 bsdThinkpad kernel: AMD Features=0x20100800\u003cSYSCALL,NX,LM\u003e\nFeb  1 21:29:42 bsdThinkpad kernel: AMD Features2=0x1\u003cLAHF\u003e\nFeb  1 21:29:42 bsdThinkpad kernel: VT-x: (disabled in BIOS) HLT,PAUSE\nFeb  1 21:29:42 bsdThinkpad kernel: TSC: P-state invariant, performance statistics\nFeb  1 21:29:42 bsdThinkpad kernel: real memory  = 4294967296 (4096 MB)\nFeb  1 21:29:42 bsdThinkpad kernel: avail memory = 3980619776 (3796 MB)\nFeb  1 21:29:42 bsdThinkpad kernel: Event timer \"LAPIC\" quality 400\nFeb  1 21:29:42 bsdThinkpad kernel: ACPI APIC Table: \u003cLENOVO TP-7U   \u003e\nFeb  1 21:29:42 bsdThinkpad kernel: FreeBSD/SMP: Multiprocessor System Detected: 2 CPUs\nFeb  1 21:29:42 bsdThinkpad kernel: FreeBSD/SMP: 1 package(s) x 2 core(s)\nFeb  1 21:29:42 bsdThinkpad kernel: random: unblocking device.\nFeb  1 21:29:42 bsdThinkpad kernel: ACPI BIOS Warning (bug): 32/64X length mismatch in FADT/Pm1aControlBlock: 16/32 (20160527/tbfadt-650)\nFeb  1 21:29:42 bsdThinkpad kernel: ACPI BIOS Warning (bug): Invalid length for FADT/Pm1aControlBlock: 32, using default 16 (20160527/tbfadt-733)\nFeb  1 21:29:42 bsdThinkpad kernel: ioapic0: Changing APIC ID to 1\nFeb  1 21:29:42 bsdThinkpad kernel: ioapic0 \u003cVersion 2.0\u003e irqs 0-23 on motherboard\nFeb  1 21:29:42 bsdThinkpad kernel: random: entropy device external interface\nFeb  1 21:29:42 bsdThinkpad kernel: kbd1 at kbdmux0\nFeb  1 21:29:42 bsdThinkpad kernel: netmap: loaded module\nFeb  1 21:29:42 bsdThinkpad kernel: module_register_init: MOD_LOAD (vesa, 0xffffffff8101c950, 0) error 19\nFeb  1 21:29:42 bsdThinkpad kernel: vtvga0: \u003cVT VGA driver\u003e on motherboard\nFeb  1 21:29:42 bsdThinkpad kernel: cryptosoft0: \u003csoftware crypto\u003e on motherboard\nFeb  1 21:29:42 bsdThinkpad kernel: acpi0: \u003cLENOVO TP-7U\u003e on motherboard\nFeb  1 21:29:42 bsdThinkpad kernel: CPU0: local APIC error 0x40\nFeb  1 21:29:42 bsdThinkpad kernel: acpi_ec0: \u003cEmbedded Controller: GPE 0x11, ECDT\u003e port 0x62,0x66 on acpi0\nFeb  1 21:29:42 bsdThinkpad kernel: acpi0: Power Button (fixed)\nFeb  1 21:29:42 bsdThinkpad kernel: cpu0: \u003cACPI CPU\u003e on acpi0\nFeb  1 21:29:42 bsdThinkpad kernel: cpu1: \u003cACPI CPU\u003e on acpi0\nFeb  1 21:29:42 bsdThinkpad kernel: attimer0: \u003cAT timer\u003e port 0x40-0x43 irq 0 on acpi0\nFeb  1 21:29:42 bsdThinkpad kernel: Timecounter \"i8254\" frequency 1193182 Hz quality 0\nFeb  1 21:29:42 bsdThinkpad kernel: Event timer \"i8254\" frequency 1193182 Hz quality 100\nFeb  1 21:29:42 bsdThinkpad kernel: hpet0: \u003cHigh Precision Event Timer\u003e iomem 0xfed00000-0xfed003ff on acpi0\nFeb  1 21:29:42 bsdThinkpad kernel: Timecounter \"HPET\" frequency 14318180 Hz quality 950\nFeb  1 21:29:42 bsdThinkpad kernel: Event timer \"HPET\" frequency 14318180 Hz quality 450\nFeb  1 21:29:42 bsdThinkpad kernel: Event timer \"HPET1\" frequency 14318180 Hz quality 440\nFeb  1 21:29:42 bsdThinkpad kernel: Event timer \"HPET2\" frequency 14318180 Hz quality 440\nFeb  1 21:29:42 bsdThinkpad kernel: Event timer \"HPET3\" frequency 14318180 Hz quality 440\nFeb  1 21:29:42 bsdThinkpad kernel: atrtc0: \u003cAT realtime clock\u003e port 0x70-0x71 irq 8 on acpi0\nFeb  1 21:29:42 bsdThinkpad kernel: Event timer \"RTC\" frequency 32768 Hz quality 0\nFeb  1 21:29:42 bsdThinkpad kernel: Timecounter \"ACPI-fast\" frequency 3579545 Hz quality 900\nFeb  1 21:29:42 bsdThinkpad kernel: acpi_timer0: \u003c24-bit timer at 3.579545MHz\u003e port 0x1008-0x100b on acpi0\nFeb  1 21:29:42 bsdThinkpad kernel: acpi_lid0: \u003cControl Method Lid Switch\u003e on acpi0\nFeb  1 21:29:42 bsdThinkpad kernel: acpi_button0: \u003cSleep Button\u003e on acpi0\nFeb  1 21:29:42 bsdThinkpad kernel: pcib0: \u003cACPI Host-PCI bridge\u003e port 0xcf8-0xcff on acpi0\nFeb  1 21:29:42 bsdThinkpad kernel: pci0: \u003cACPI PCI bus\u003e on pcib0\nFeb  1 21:29:42 bsdThinkpad kernel: vgapci0: \u003cVGA-compatible display\u003e port 0x1800-0x1807 mem 0xf4400000-0xf47fffff,0xd0000000-0xdfffffff irq 16 at device 2.0 on pci0\nFeb  1 21:29:42 bsdThinkpad kernel: agp0: \u003cIntel GM45 SVGA controller\u003e on vgapci0\nFeb  1 21:29:42 bsdThinkpad kernel: agp0: aperture size is 256M, detected 32764k stolen memory\nFeb  1 21:29:42 bsdThinkpad kernel: vgapci0: Boot video device\nFeb  1 21:29:42 bsdThinkpad kernel: vgapci1: \u003cVGA-compatible display\u003e mem 0xf4200000-0xf42fffff at device 2.1 on pci0\nFeb  1 21:29:42 bsdThinkpad kernel: pci0: \u003csimple comms\u003e at device 3.0 (no driver attached)\nFeb  1 21:29:42 bsdThinkpad kernel: atapci0: \u003cIntel ATA controller\u003e port 0x1828-0x182f,0x180c-0x180f,0x1820-0x1827,0x1808-0x180b,0x1810-0x181f irq 18 at device 3.2 on pci0\nFeb  1 21:29:42 bsdThinkpad kernel: ata2: \u003cATA channel\u003e at channel 0 on atapci0\nFeb  1 21:29:42 bsdThinkpad kernel: ata3: \u003cATA channel\u003e at channel 1 on atapci0\nFeb  1 21:29:42 bsdThinkpad kernel: uart2: \u003cMobile 4 Series Chipset KT Controller\u003e port 0x1830-0x1837 mem 0xfc324000-0xfc324fff irq 17 at device 3.3 on pci0\nFeb  1 21:29:42 bsdThinkpad kernel: em0: \u003cIntel(R) PRO/1000 Network Connection 7.6.1-k\u003e port 0x1840-0x185f mem 0xfc100000-0xfc11ffff,0xfc325000-0xfc325fff irq 20 at device 25.0 on pci0\nFeb  1 21:29:42 bsdThinkpad kernel: em0: Using an MSI interrupt\nFeb  1 21:29:42 bsdThinkpad kernel: em0: Ethernet address: 00:1c:25:9d:ec:60\nFeb  1 21:29:42 bsdThinkpad kernel: em0: netmap queues/slots: TX 1/1024, RX 1/1024\nFeb  1 21:29:42 bsdThinkpad kernel: uhci0: \u003cIntel 82801I (ICH9) USB controller\u003e port 0x1860-0x187f irq 20 at device 26.0 on pci0\nFeb  1 21:29:42 bsdThinkpad kernel: usbus0 on uhci0\nFeb  1 21:29:42 bsdThinkpad kernel: uhci1: \u003cIntel 82801I (ICH9) USB controller\u003e port 0x1880-0x189f irq 21 at device 26.1 on pci0\nFeb  1 21:29:42 bsdThinkpad kernel: usbus1 on uhci1\nFeb  1 21:29:42 bsdThinkpad kernel: uhci2: \u003cIntel 82801I (ICH9) USB controller\u003e port 0x18a0-0x18bf irq 22 at device 26.2 on pci0\nFeb  1 21:29:42 bsdThinkpad kernel: usbus2 on uhci2\nFeb  1 21:29:42 bsdThinkpad kernel: ehci0: \u003cIntel 82801I (ICH9) USB 2.0 controller\u003e mem 0xfc326c00-0xfc326fff irq 23 at device 26.7 on pci0\nFeb  1 21:29:42 bsdThinkpad kernel: usbus3: EHCI version 1.0\nFeb  1 21:29:42 bsdThinkpad kernel: usbus3 on ehci0\nFeb  1 21:29:42 bsdThinkpad kernel: hdac0: \u003cIntel 82801I HDA Controller\u003e mem 0xfc320000-0xfc323fff irq 17 at device 27.0 on pci0\nFeb  1 21:29:42 bsdThinkpad kernel: pcib1: \u003cACPI PCI-PCI bridge\u003e irq 20 at device 28.0 on pci0\nFeb  1 21:29:42 bsdThinkpad kernel: pcib1: [GIANT-LOCKED]\nFeb  1 21:29:42 bsdThinkpad kernel: pcib2: \u003cACPI PCI-PCI bridge\u003e irq 21 at device 28.1 on pci0\nFeb  1 21:29:42 bsdThinkpad kernel: pcib2: [GIANT-LOCKED]\nFeb  1 21:29:42 bsdThinkpad kernel: pci1: \u003cACPI PCI bus\u003e on pcib2\nFeb  1 21:29:42 bsdThinkpad kernel: iwn0: \u003cIntel WiFi Link 5100\u003e mem 0xf4300000-0xf4301fff irq 17 at device 0.0 on pci1\nFeb  1 21:29:42 bsdThinkpad kernel: pcib3: \u003cACPI PCI-PCI bridge\u003e irq 22 at device 28.2 on pci0\nFeb  1 21:29:42 bsdThinkpad kernel: pcib3: [GIANT-LOCKED]\nFeb  1 21:29:42 bsdThinkpad kernel: pci2: \u003cACPI PCI bus\u003e on pcib3\nFeb  1 21:29:42 bsdThinkpad kernel: pci2: \u003cmemory\u003e at device 0.0 (no driver attached)\nFeb  1 21:29:42 bsdThinkpad kernel: pcib4: \u003cACPI PCI-PCI bridge\u003e irq 23 at device 28.3 on pci0\nFeb  1 21:29:42 bsdThinkpad kernel: pcib4: [GIANT-LOCKED]\nFeb  1 21:29:42 bsdThinkpad kernel: pcib5: \u003cACPI PCI-PCI bridge\u003e irq 20 at device 28.4 on pci0\nFeb  1 21:29:42 bsdThinkpad kernel: pcib5: [GIANT-LOCKED]\nFeb  1 21:29:42 bsdThinkpad kernel: uhci3: \u003cIntel 82801I (ICH9) USB controller\u003e port 0x18c0-0x18df irq 16 at device 29.0 on pci0\nFeb  1 21:29:42 bsdThinkpad kernel: usbus4 on uhci3\nFeb  1 21:29:42 bsdThinkpad kernel: uhci4: \u003cIntel 82801I (ICH9) USB controller\u003e port 0x18e0-0x18ff irq 17 at device 29.1 on pci0\nFeb  1 21:29:42 bsdThinkpad kernel: usbus5 on uhci4\nFeb  1 21:29:42 bsdThinkpad kernel: uhci5: \u003cIntel 82801I (ICH9) USB controller\u003e port 0x1c00-0x1c1f irq 18 at device 29.2 on pci0\nFeb  1 21:29:42 bsdThinkpad kernel: usbus6 on uhci5\nFeb  1 21:29:42 bsdThinkpad kernel: ehci1: \u003cIntel 82801I (ICH9) USB 2.0 controller\u003e mem 0xfc327000-0xfc3273ff irq 19 at device 29.7 on pci0\nFeb  1 21:29:42 bsdThinkpad kernel: usbus7: EHCI version 1.0\nFeb  1 21:29:42 bsdThinkpad kernel: usbus7 on ehci1\nFeb  1 21:29:42 bsdThinkpad kernel: pcib6: \u003cACPI PCI-PCI bridge\u003e at device 30.0 on pci0\nFeb  1 21:29:42 bsdThinkpad kernel: pci3: \u003cACPI PCI bus\u003e on pcib6\nFeb  1 21:29:42 bsdThinkpad kernel: cbb0: \u003cRF5C476 PCI-CardBus Bridge\u003e mem 0xf4800000-0xf4800fff irq 16 at device 0.0 on pci3\nFeb  1 21:29:42 bsdThinkpad kernel: cardbus0: \u003cCardBus bus\u003e on cbb0\nFeb  1 21:29:42 bsdThinkpad kernel: pccard0: \u003c16-bit PCCard bus\u003e on cbb0\nFeb  1 21:29:42 bsdThinkpad kernel: pci3: \u003cserial bus, FireWire\u003e at device 0.1 (no driver attached)\nFeb  1 21:29:42 bsdThinkpad kernel: isab0: \u003cPCI-ISA bridge\u003e at device 31.0 on pci0\nFeb  1 21:29:42 bsdThinkpad kernel: isa0: \u003cISA bus\u003e on isab0\nFeb  1 21:29:42 bsdThinkpad kernel: ahci0: \u003cIntel ICH9M AHCI SATA controller\u003e port 0x1c48-0x1c4f,0x183c-0x183f,0x1c40-0x1c47,0x1838-0x183b,0x1c20-0x1c3f mem 0xfc326000-0xfc3267ff irq 16 at device 31.2 on pci0\nFeb  1 21:29:42 bsdThinkpad kernel: ahci0: AHCI v1.20 with 4 3Gbps ports, Port Multiplier not supported\nFeb  1 21:29:42 bsdThinkpad kernel: ahcich0: \u003cAHCI channel\u003e at channel 0 on ahci0\nFeb  1 21:29:42 bsdThinkpad kernel: ahcich1: \u003cAHCI channel\u003e at channel 1 on ahci0\nFeb  1 21:29:42 bsdThinkpad kernel: acpi_tz0: \u003cThermal Zone\u003e on acpi0\nFeb  1 21:29:42 bsdThinkpad kernel: acpi_tz1: \u003cThermal Zone\u003e on acpi0\nFeb  1 21:29:42 bsdThinkpad kernel: atkbdc0: \u003cKeyboard controller (i8042)\u003e port 0x60,0x64 irq 1 on acpi0\nFeb  1 21:29:42 bsdThinkpad kernel: atkbd0: \u003cAT Keyboard\u003e irq 1 on atkbdc0\nFeb  1 21:29:42 bsdThinkpad kernel: kbd0 at atkbd0\nFeb  1 21:29:42 bsdThinkpad kernel: atkbd0: [GIANT-LOCKED]\nFeb  1 21:29:42 bsdThinkpad kernel: psm0: \u003cPS/2 Mouse\u003e irq 12 on atkbdc0\nFeb  1 21:29:42 bsdThinkpad kernel: psm0: [GIANT-LOCKED]\nFeb  1 21:29:42 bsdThinkpad kernel: psm0: model Generic PS/2 mouse, device ID 0\nFeb  1 21:29:42 bsdThinkpad kernel: battery0: \u003cACPI Control Method Battery\u003e on acpi0\nFeb  1 21:29:42 bsdThinkpad kernel: acpi_acad0: \u003cAC Adapter\u003e on acpi0\nFeb  1 21:29:42 bsdThinkpad kernel: orm0: \u003cISA Option ROMs\u003e at iomem 0xc0000-0xcffff,0xd0000-0xd0fff,0xd1000-0xd1fff,0xd2000-0xd2fff,0xde000-0xdf7ff,0xe0000-0xeffff on isa0\nFeb  1 21:29:42 bsdThinkpad kernel: ppc0: cannot reserve I/O port range\nFeb  1 21:29:42 bsdThinkpad kernel: coretemp0: \u003cCPU On-Die Thermal Sensors\u003e on cpu0\nFeb  1 21:29:42 bsdThinkpad kernel: est0: \u003cEnhanced SpeedStep Frequency Control\u003e on cpu0\nFeb  1 21:29:42 bsdThinkpad kernel: coretemp1: \u003cCPU On-Die Thermal Sensors\u003e on cpu1\nFeb  1 21:29:42 bsdThinkpad kernel: est1: \u003cEnhanced SpeedStep Frequency Control\u003e on cpu1\nFeb  1 21:29:42 bsdThinkpad kernel: usbus0: 12Mbps Full Speed USB v1.0\nFeb  1 21:29:42 bsdThinkpad kernel: fuse-freebsd: version 0.4.4, FUSE ABI 7.8\nFeb  1 21:29:42 bsdThinkpad kernel: ZFS NOTICE: Prefetch is disabled by default if less than 4GB of RAM is present;\nFeb  1 21:29:42 bsdThinkpad kernel: to enable, add \"vfs.zfs.prefetch_disable=0\" to /boot/loader.conf.\nFeb  1 21:29:42 bsdThinkpad kernel: ZFS filesystem version: 5\nFeb  1 21:29:42 bsdThinkpad kernel: ZFS storage pool version: features support (5000)\nFeb  1 21:29:42 bsdThinkpad kernel: Timecounters tick every 1.000 msec\nFeb  1 21:29:42 bsdThinkpad kernel: nvme cam probe device init\nFeb  1 21:29:42 bsdThinkpad kernel: hdacc0: \u003cConexant CX20561 (Hermosa) HDA CODEC\u003e at cad 0 on hdac0\nFeb  1 21:29:42 bsdThinkpad kernel: hdaa0: \u003cConexant CX20561 (Hermosa) Audio Function Group\u003e at nid 1 on hdacc0\nFeb  1 21:29:42 bsdThinkpad kernel: pcm0: \u003cConexant CX20561 (Hermosa) (Analog 2.0+HP/2.0)\u003e at nid 26,22 and 24 on hdaa0\nFeb  1 21:29:42 bsdThinkpad kernel: pcm1: \u003cConexant CX20561 (Hermosa) (Internal Analog Mic)\u003e at nid 29 on hdaa0\nFeb  1 21:29:42 bsdThinkpad kernel: unknown: \u003cConexant CX20561 (Hermosa) HDA CODEC Modem Function Group\u003e at nid 2 on hdacc0 (no driver attached)\nFeb  1 21:29:42 bsdThinkpad kernel: usbus1: 12Mbps Full Speed USB v1.0\nFeb  1 21:29:42 bsdThinkpad kernel: usbus2: 12Mbps Full Speed USB v1.0\nFeb  1 21:29:42 bsdThinkpad kernel: ugen0.1: \u003cIntel\u003e at usbus0\nFeb  1 21:29:42 bsdThinkpad kernel: ugen1.1: \u003cIntel\u003e at usbus1\nFeb  1 21:29:42 bsdThinkpad kernel: uhub0: \u003cIntel UHCI root HUB, class 9/0, rev 1.00/1.00, addr 1\u003e on usbus0\nFeb  1 21:29:42 bsdThinkpad kernel: ugen2.1: \u003cIntel\u003e at usbus2\nFeb  1 21:29:42 bsdThinkpad kernel: uhub1: \u003cIntel UHCI root HUB, class 9/0, rev 1.00/1.00, addr 1\u003e on usbus1\nFeb  1 21:29:42 bsdThinkpad kernel: uhub2: \u003cIntel UHCI root HUB, class 9/0, rev 1.00/1.00, addr 1\u003e on usbus2\nFeb  1 21:29:42 bsdThinkpad kernel: usbus3: 480Mbps High Speed USB v2.0\nFeb  1 21:29:42 bsdThinkpad kernel: usbus4: 12Mbps Full Speed USB v1.0\nFeb  1 21:29:42 bsdThinkpad kernel: usbus5: 12Mbps Full Speed USB v1.0\nFeb  1 21:29:42 bsdThinkpad kernel: ugen3.1: \u003cIntel\u003e at usbus3\nFeb  1 21:29:42 bsdThinkpad kernel: ugen4.1: \u003cIntel\u003e at usbus4\nFeb  1 21:29:42 bsdThinkpad kernel: uhub3: \u003cIntel EHCI root HUB, class 9/0, rev 2.00/1.00, addr 1\u003e on usbus3\nFeb  1 21:29:42 bsdThinkpad kernel: uhub4: \u003cIntel UHCI root HUB, class 9/0, rev 1.00/1.00, addr 1\u003e on usbus4\nFeb  1 21:29:42 bsdThinkpad kernel: ugen5.1: \u003cIntel\u003e at usbus5\nFeb  1 21:29:42 bsdThinkpad kernel: uhub5: \u003cIntel UHCI root HUB, class 9/0, rev 1.00/1.00, addr 1\u003e on usbus5\nFeb  1 21:29:42 bsdThinkpad kernel: usbus6: 12Mbps Full Speed USB v1.0\nFeb  1 21:29:42 bsdThinkpad kernel: usbus7: 480Mbps High Speed USB v2.0\nFeb  1 21:29:42 bsdThinkpad kernel: ugen6.1: \u003cIntel\u003e at usbus6\nFeb  1 21:29:42 bsdThinkpad kernel: uhub6: \u003cIntel UHCI root HUB, class 9/0, rev 1.00/1.00, addr 1\u003e on usbus6\nFeb  1 21:29:42 bsdThinkpad kernel: ugen7.1: \u003cIntel\u003e at usbus7\nFeb  1 21:29:42 bsdThinkpad kernel: uhub7: \u003cIntel EHCI root HUB, class 9/0, rev 2.00/1.00, addr 1\u003e on usbus7\nFeb  1 21:29:42 bsdThinkpad kernel: uhub0: 2 ports with 2 removable, self powered\nFeb  1 21:29:42 bsdThinkpad kernel: uhub1: 2 ports with 2 removable, self powered\nFeb  1 21:29:42 bsdThinkpad kernel: uhub2: 2 ports with 2 removable, self powered\nFeb  1 21:29:42 bsdThinkpad kernel: uhub4: 2 ports with 2 removable, self powered\nFeb  1 21:29:42 bsdThinkpad kernel: uhub5: 2 ports with 2 removable, self powered\nFeb  1 21:29:42 bsdThinkpad kernel: uhub6: 2 ports with 2 removable, self powered\nFeb  1 21:29:42 bsdThinkpad kernel: ada0 at ahcich0 bus 0 scbus2 target 0 lun 0\nFeb  1 21:29:42 bsdThinkpad kernel: ada0: \u003cKINGSTON SV300S37A60G 505ABBF0\u003e ATA8-ACS SATA 3.x device\nFeb  1 21:29:42 bsdThinkpad kernel: cd0 at ahcich1 bus 0 scbus3 target 0 lun 0\nFeb  1 21:29:42 bsdThinkpad kernel: cd0: \u003cOptiarc DVD RW AD-7910S 1.D0\u003e Removable CD-ROM SCSI device\nFeb  1 21:29:42 bsdThinkpad kernel: cd0: Serial Number 89V1P74E11\nFeb  1 21:29:42 bsdThinkpad kernel: cd0: 150.000MB/s transfers (SATA 1.x, UDMA5, ATAPI 12bytes, PIO 8192bytes)\nFeb  1 21:29:42 bsdThinkpad kernel: cd0: Attempt to query device size failed: NOT READY, Medium not present\nFeb  1 21:29:42 bsdThinkpad kernel: ada0: Serial Number 50026B733400CF7B\nFeb  1 21:29:42 bsdThinkpad kernel: ada0: 300.000MB/s transfers (SATA 2.x, UDMA6, PIO 8192bytes)\nFeb  1 21:29:42 bsdThinkpad kernel: ada0: Command Queueing enabled\nFeb  1 21:29:42 bsdThinkpad kernel: ada0: 57241MB (117231408 512 byte sectors)\nFeb  1 21:29:42 bsdThinkpad kernel: uhub3: 6 ports with 6 removable, self powered\nFeb  1 21:29:42 bsdThinkpad kernel: SMP: AP CPU #1 Launched!\nFeb  1 21:29:42 bsdThinkpad kernel: Timecounter \"TSC-low\" frequency 1263530485 Hz quality 1000\nFeb  1 21:29:42 bsdThinkpad kernel: Trying to mount root from zfs:zroot/ROOT/default []...\nFeb  1 21:29:42 bsdThinkpad kernel: Root mount waiting for: usbus7 usbus3\nFeb  1 21:29:42 bsdThinkpad kernel: uhub7: 6 ports with 6 removable, self powered\nFeb  1 21:29:42 bsdThinkpad kernel: Root mount waiting for: usbus3\nFeb  1 21:29:42 bsdThinkpad kernel: ugen3.2: \u003cChicony Electronics Co., Ltd.\u003e at usbus3\nFeb  1 21:29:42 bsdThinkpad kernel: ugen1.2: \u003cvendor 0x08ff\u003e at usbus1\nFeb  1 21:29:42 bsdThinkpad kernel: ugen1.3: \u003cLenovo Computer Corp\u003e at usbus1\nFeb  1 21:29:42 bsdThinkpad kernel: wlan0: Ethernet address: 00:21:6b:92:ba:42\nFeb  1 21:29:42 bsdThinkpad kernel: lagg0: link state changed to DOWN\nFeb  1 21:29:42 bsdThinkpad kernel: iwn0: iwn_read_firmware: ucode rev=0x08530501\nFeb  1 21:29:42 bsdThinkpad kernel: wlan0: link state changed to UP\nFeb  1 21:29:42 bsdThinkpad kernel: lagg0: link state changed to UP\nFeb  1 21:29:42 bsdThinkpad kernel: wlan0: link state changed to DOWN\nFeb  1 21:29:42 bsdThinkpad kernel: lagg0: link state changed to DOWN\nFeb  1 21:29:42 bsdThinkpad kernel: iwn0: iwn_read_firmware: ucode rev=0x08530501\nFeb  1 21:29:42 bsdThinkpad kernel: iwn0: iwn_read_firmware: ucode rev=0x08530501\nFeb  1 21:29:42 bsdThinkpad kernel: ubt0: \u003cLenovo Computer Corp ThinkPad Bluetooth with Enhanced Data Rate II, class 224/1, rev 2.00/3.99, addr 3\u003e on usbus1\nFeb  1 21:29:42 bsdThinkpad kernel: wlan0: link state changed to UP\nFeb  1 21:29:42 bsdThinkpad kernel: lagg0: link state changed to UP\nFeb  1 21:29:42 bsdThinkpad kernel: wlan0: link state changed to DOWN\nFeb  1 21:29:42 bsdThinkpad kernel: lagg0: link state changed to DOWN\nFeb  1 21:29:42 bsdThinkpad kernel: iwn0: scan timeout\nFeb  1 21:29:42 bsdThinkpad kernel: iwn0: iwn_read_firmware: ucode rev=0x08530501\nFeb  1 21:29:42 bsdThinkpad kernel: wlan0: link state changed to UP\nFeb  1 21:29:42 bsdThinkpad kernel: lagg0: link state changed to UP\nFeb  1 21:29:42 bsdThinkpad kernel: wlan0: link state changed to DOWN\nFeb  1 21:29:42 bsdThinkpad kernel: lagg0: link state changed to DOWN\nFeb  1 21:29:42 bsdThinkpad kernel: iwn0: scan timeout\nFeb  1 21:29:42 bsdThinkpad kernel: iwn0: iwn_read_firmware: ucode rev=0x08530501\nFeb  1 21:29:42 bsdThinkpad kernel: wlan0: link state changed to UP\nFeb  1 21:29:42 bsdThinkpad kernel: lagg0: link state changed to UP\nFeb  1 21:29:42 bsdThinkpad kernel: WARNING: attempt to domain_add(bluetooth) after domainfinalize()\nFeb  1 21:29:42 bsdThinkpad kernel: WARNING: attempt to domain_add(netgraph) after domainfinalize()\nFeb  1 21:29:53 bsdThinkpad root: /etc/rc: WARNING: $xrdp_sesman_enable is not set properly - see rc.conf(5).\nFeb  1 21:29:53 bsdThinkpad ntpd[966]: ntpd 4.2.8p8-a (1): Starting\nFeb  1 21:29:53 bsdThinkpad ntpd[967]: leapsecond file ('/var/db/ntpd.leap-seconds.list'): good hash signature\nFeb  1 21:29:53 bsdThinkpad ntpd[967]: leapsecond file ('/var/db/ntpd.leap-seconds.list'): loaded, expire=2017-06-01T00:00:00Z last=2017-01-01T00:00:00Z ofs=37\nFeb  1 21:30:08 bsdThinkpad kernel: info: [drm] Initialized drm 1.1.0 20060810\nFeb  1 21:30:09 bsdThinkpad kernel: drmn0: \u003cMobile Intel® GM45 Express Chipset\u003e on vgapci0\nFeb  1 21:30:09 bsdThinkpad kernel: iicbus0: \u003cPhilips I2C bus\u003e on iicbb0 addr 0xff\nFeb  1 21:30:09 bsdThinkpad kernel: iic0: \u003cI2C generic I/O\u003e on iicbus0\nFeb  1 21:30:09 bsdThinkpad kernel: iic1: \u003cI2C generic I/O\u003e\nFeb  1 21:30:09 bsdThinkpad kernel: on iicbus1\nFeb  1 21:30:09 bsdThinkpad kernel: iicbus2: \u003cPhilips I2C bus\u003e on iicbb1 addr 0x0\nFeb  1 21:30:09 bsdThinkpad kernel: iic2: \u003cI2C generic I/O\u003e on iicbus2\nFeb  1 21:30:09 bsdThinkpad kernel: iic3: \u003cI2C generic I/O\u003e on iicbus3\nFeb  1 21:30:09 bsdThinkpad kernel: iicbus4: \u003cPhilips I2C bus\u003e on iicbb2 addr 0x0\nFeb  1 21:30:09 bsdThinkpad kernel: iic4: \u003cI2C generic I/O\u003e on iicbus4\nFeb  1 21:30:09 bsdThinkpad kernel: iic5: \u003cI2C generic I/O\u003e on iicbus5\nFeb  1 21:30:09 bsdThinkpad kernel: iicbus6: \u003cPhilips I2C bus\u003e on iicbb3 addr 0x0\nFeb  1 21:30:09 bsdThinkpad kernel: iic6: \u003cI2C generic I/O\u003e on iicbus6\nFeb  1 21:30:09 bsdThinkpad kernel: iic7: \u003cI2C generic I/O\u003e on iicbus7\nFeb  1 21:30:09 bsdThinkpad kernel: iicbus8: \u003cPhilips I2C bus\u003e on iicbb4 addr 0x0\nFeb  1 21:30:09 bsdThinkpad kernel: iic8: \u003cI2C generic I/O\u003e on iicbus8\nFeb  1 21:30:09 bsdThinkpad kernel: iic9: \u003cI2C generic I/O\u003e on iicbus9\nFeb  1 21:30:09 bsdThinkpad kernel: iicbus10: \u003cPhilips I2C bus\u003e on iicbb5 addr 0x0\nFeb  1 21:30:09 bsdThinkpad kernel: iic10: \u003cI2C generic I/O\u003e on iicbus10\nFeb  1 21:30:09 bsdThinkpad kernel: iic11: \u003cI2C generic I/O\u003e on iicbus11\nFeb  1 21:30:09 bsdThinkpad kernel: info: [drm] MSI enabled 1 message(s)\nFeb  1 21:30:09 bsdThinkpad kernel: info: [drm] Supports vblank timestamp caching Rev 1 (10.10.2010).\nFeb  1 21:30:09 bsdThinkpad kernel: info: [drm] Driver supports precise vblank timestamp query.\nFeb  1 21:30:09 bsdThinkpad kernel: info: [drm] GMBUS [i915 gmbus dpb] timed out, falling back to bit banging on pin 5\nFeb  1 21:30:09 bsdThinkpad kernel: drmn0: taking over the fictitious range 0xd0000000-0xe0000000\nFeb  1 21:30:09 bsdThinkpad kernel: info: [drm] Connector LVDS-1: get mode from tunables:\nFeb  1 21:30:09 bsdThinkpad kernel: info: [drm]   - kern.vt.fb.modes.LVDS-1\nFeb  1 21:30:09 bsdThinkpad kernel: info: [drm]   - kern.vt.fb.default_mode\nFeb  1 21:30:09 bsdThinkpad kernel: info: [drm] Connector VGA-1: get mode from tunables:\nFeb  1 21:30:09 bsdThinkpad kernel: info: [drm]   - kern.vt.fb.modes.VGA-1\nFeb  1 21:30:09 bsdThinkpad kernel: info: [drm]   - kern.vt.fb.default_mode\nFeb  1 21:30:09 bsdThinkpad kernel: info: [drm] Connector HDMI-A-1: get mode from tunables:\nFeb  1 21:30:09 bsdThinkpad kernel: info: [drm]   - kern.vt.fb.modes.HDMI-A-1\nFeb  1 21:30:09 bsdThinkpad kernel: info: [drm]   - kern.vt.fb.default_mode\nFeb  1 21:30:09 bsdThinkpad kernel: info: [drm] Connector DP-1: get mode from tunables:\nFeb  1 21:30:09 bsdThinkpad kernel: info: [drm]   - kern.vt.fb.modes.DP-1\nFeb  1 21:30:09 bsdThinkpad kernel: info: [drm]   - kern.vt.fb.default_mode\nFeb  1 21:30:09 bsdThinkpad kernel: info: [drm] Connector HDMI-A-2: get mode from tunables:\nFeb  1 21:30:09 bsdThinkpad kernel: info: [drm]   - kern.vt.fb.modes.HDMI-A-2\nFeb  1 21:30:09 bsdThinkpad kernel: info: [drm]   - kern.vt.fb.default_mode\nFeb  1 21:30:09 bsdThinkpad kernel: info: [drm] Connector DP-2: get mode from tunables:\nFeb  1 21:30:09 bsdThinkpad kernel: info: [drm]   - kern.vt.fb.modes.DP-2\nFeb  1 21:30:09 bsdThinkpad kernel: info: [drm]   - kern.vt.fb.default_mode\nFeb  1 21:30:09 bsdThinkpad kernel: info: [drm] Connector DP-3: get mode from tunables:\nFeb  1 21:30:09 bsdThinkpad kernel: info: [drm]   - kern.vt.fb.modes.DP-3\nFeb  1 21:30:09 bsdThinkpad kernel: info: [drm]   - kern.vt.fb.default_mode\nFeb  1 21:30:09 bsdThinkpad kernel: fbd0 on drmn0\nFeb  1 21:30:09 bsdThinkpad kernel: VT: Replacing driver \"vga\" with new \"fb\".\nFeb  1 21:30:09 bsdThinkpad kernel: info: [drm] Initialized i915 1.6.0 20080730 for drmn0 on minor 0"
}