{
 "id": 635493,
 "bug_id": 161974,
 "attachment_id": 0,
 "creation_time": "2011-10-24T18:40:01Z",
 "creator": "stigberth@gmail.com",
 "text": "Hello, list.\n\nI've been trying to install FreeBSD 9.0-beta3 amd64 on a machine with the following hardware:\nMotherboard: MSI K8N Neo2-Platinum\nCPU: AMD Athlon64 3000+ (1800 MHz)\nRAM: 1 GB (2 x 512 MB) DDR2\nDisk: Western Digital Caviar® Green 1TB\n\nThe story is as follows:\nBefore you think it; I disabled IOAPIC in the BIOS as I have an nforce3 chipset for these installation tests (and it's perhaps not even related to this problem).\n\nI decided to re-install my \"server\" box which was running FreeBSD 8.1 x86 after many power outages and corruption on the filesystem. Initially I had only 1x 1TB disk of the model mentioned above. When I, after a succesful installation and using the guided partitioning scheme with GPT, could not boot the machine, I blamed the HDD and went out and bought another 1TB disk. I plugged it in, ran the installer again, same defaults, and same symptom. The symptom is that the PC freezes at the step where it checks connected devices such as HDDs and CDROM. I can not even enter the BIOS.\n\nI took the disks out of the machine, put them into another machine, booted up the newest Ubuntu, and ran the following command to clean the beginning of the disks:\ndd if=/dev/zero of=/dev/sda1 /* for the first disk */\nand\ndd if=/dev/zero of=/dev/sda2 /* for the second disk */\n\nI then put them back into the machine with which I was having problems. It now booted properly, and I could run the installer again. This time, I used MBR partitioning table. I finished the installer, removed the medium and rebooted. Same symptoms as above. PC freezes at the step where it checks connected devices such as HDDs and CDROM. I can not even enter the BIOS.\n\nSomeone from #bsddev on efnet adviced me to dd-zero-wipe both the start and the end of the disks. To be sure, I ran these dd commands:\ndd if=/dev/zero of=/dev/sda1 bs=1M    /* for the first disk */\ndd if=/dev/zero of=/dev/sda2 bs=1M    /* for the second disk */\nand let them run over the entirety of both the disks; wiping them completely with zeroes.\n\nThis time with totally cleaned disks, I installed FreeBSD 9.0-beta3 amd64 again with MBR. I decided NOT to try with GPT as I wasn't sure my BIOS was compatible with GUID partition table. I finished the installer, removed the medium and rebooted. Same symptoms as above. PC freezes at the step where it checks connected devices such as HDDs and CDROM. I can not even enter the BIOS.\n\nAt this point I gave up and installed FreeBSD 8.2 amd64 with no errors and the machine booted and is running FreeBSD happily now.\n\nI have included some output here. Unfortunately I don't have a dd output of a non-working MBR install.\n\n###############\n\n\nputty# dd if=/dev/ad4 bs=512 count=4 |hd\n00000000  fc 31 c0 8e c0 8e d8 8e  d0 bc 00 7c be 1a 7c bf  |.1.........|..|.|\n00000010  1a 06 b9 e6 01 f3 a4 e9  00 8a 31 f6 bb be 07 b1  |..........1.....|\n00000020  04 38 2f 74 08 7f 75 85  f6 75 71 89 de 80 c3 10  |.8/t..u..uq.....|\n00000030  e2 ef 85 f6 75 02 cd 18  80 fa 80 72 0b 8a 36 75  |....u......r..6u|\n00000040  04 80 c6 80 38 f2 72 02  8a 14 89 e7 8a 74 01 8b  |....8.r......t..|\n00000050  4c 02 bb 00 7c f6 06 bd  07 80 74 2d 51 53 bb aa  |L...|.....t-QS..|\n00000060  55 b4 41 cd 13 72 20 81  fb 55 aa 75 1a f6 c1 01  |U.A..r ..U.u....|\n00000070  74 15 5b 66 6a 00 66 ff  74 08 06 53 6a 01 6a 10  |t.[fj.f.t..Sj.j.|\n00000080  89 e6 b8 00 42 eb 05 5b  59 b8 01 02 cd 13 89 fc  |....B..[Y.......|\n00000090  72 0f 81 bf fe 01 55 aa  75 0c ff e3 be b9 06 eb  |r.....U.u.......|\n000000a0  11 be d1 06 eb 0c be f0  06 eb 07 bb 07 00 b4 0e  |................|\n000000b0  cd 10 ac 84 c0 75 f4 eb  fe 49 6e 76 61 6c 69 64  |.....u...Invalid|\n000000c0  20 70 61 72 74 69 74 69  6f 6e 20 74 61 62 6c 65  | partition table|\n000000d0  00 45 72 72 6f 72 20 6c  6f 61 64 69 6e 67 20 6f  |.Error loading o|\n000000e0  70 65 72 61 74 69 6e 67  20 73 79 73 74 65 6d 00  |perating system.|\n000000f0  4d 69 73 73 69 6e 67 20  6f 70 65 72 61 74 69 6e  |Missing operatin|\n00000100  67 20 73 79 73 74 65 6d  00 90 90 90 90 90 90 90  |g system........|\n00000110  90 90 90 90 90 90 90 90  90 90 90 90 90 90 90 90  |................|\n*\n000001b0  90 90 90 90 90 90 90 90  90 90 90 90 90 80 80 01  |................|\n000001c0  01 00 a5 0f ff ff 3f 00  00 00 71 6d 70 74 00 00  |......?...qmpt..|\n000001d0  00 00 00 00 00 00 00 00  00 00 00 00 00 00 00 00  |................|\n*\n000001f0  00 00 00 00 00 00 00 00  00 00 00 00 00 00 55 aa  |..............U.|\n00000200  00 00 00 00 00 00 00 00  00 00 00 00 00 00 00 00  |................|\n*\n4+0 records in\n4+0 records out\n2048 bytes transferred in 0.023271 secs (88007 bytes/sec)\n00000800\n\n\n\nputty% cat dmesg.txt\nCopyright (c) 1992-2011 The FreeBSD Project.\nCopyright (c) 1979, 1980, 1983, 1986, 1988, 1989, 1991, 1992, 1993, 1994\n        The Regents of the University of California. All rights reserved.\nFreeBSD is a registered trademark of The FreeBSD Foundation.\nFreeBSD 8.2-RELEASE #0: Thu Feb 17 02:41:51 UTC 2011\n    root@mason.cse.buffalo.edu:/usr/obj/usr/src/sys/GENERIC amd64\nTimecounter \"i8254\" frequency 1193182 Hz quality 0\nCPU: AMD Athlon(tm) 64 Processor 3000+ (1808.26-MHz K8-class CPU)\n  Origin = \"AuthenticAMD\"  Id = 0x10ff0  Family = f  Model = 1f  Stepping = 0\n  Features=0x78bfbff\u003cFPU,VME,DE,PSE,TSC,MSR,PAE,MCE,CX8,APIC,SEP,MTRR,PGE,MCA,CMOV,PAT,PSE36,CLFLUSH,MMX,FXSR,SSE,SSE2\u003e\n  AMD Features=0xe2500800\u003cSYSCALL,NX,MMX+,FFXSR,LM,3DNow!+,3DNow!\u003e\n  AMD Features2=0x1\u003cLAHF\u003e\nreal memory  = 1073741824 (1024 MB)\navail memory = 1018232832 (971 MB)\nACPI APIC Table: \u003cNvidia AWRDACPI\u003e\nioapic0 \u003cVersion 1.1\u003e irqs 0-23 on motherboard\nkbd1 at kbdmux0\nacpi0: \u003cNvidia AWRDACPI\u003e on motherboard\nacpi0: [ITHREAD]\nacpi0: Power Button (fixed)\nacpi0: reservation of 0, a0000 (3) failed\nacpi0: reservation of 100000, 3fef0000 (3) failed\nTimecounter \"ACPI-fast\" frequency 3579545 Hz quality 1000\nacpi_timer0: \u003c24-bit timer at 3.579545MHz\u003e port 0x4008-0x400b on acpi0\ncpu0: \u003cACPI CPU\u003e on acpi0\nacpi_button0: \u003cPower Button\u003e on acpi0\npcib0: \u003cACPI Host-PCI bridge\u003e port 0xcf8-0xcff,0xcf0-0xcf3 on acpi0\npci0: \u003cACPI PCI bus\u003e on pcib0\nagp0: \u003cNVIDIA nForce3-250 AGP Controller\u003e on hostb0\nisab0: \u003cPCI-ISA bridge\u003e at device 1.0 on pci0\nisa0: \u003cISA bus\u003e on isab0\npci0: \u003cserial bus, SMBus\u003e at device 1.1 (no driver attached)\nohci0: \u003cOHCI (generic) USB controller\u003e mem 0xfe02f000-0xfe02ffff irq 21 at device 2.0 on pci0\nohci0: [ITHREAD]\nusbus0: \u003cOHCI (generic) USB controller\u003e on ohci0\nohci1: \u003cOHCI (generic) USB controller\u003e mem 0xfe02e000-0xfe02efff irq 22 at device 2.1 on pci0\nohci1: [ITHREAD]\nusbus1: \u003cOHCI (generic) USB controller\u003e on ohci1\nehci0: \u003cNVIDIA nForce3 250 USB 2.0 controller\u003e mem 0xfe02d000-0xfe02d0ff irq 23 at device 2.2 on pci0\nehci0: [ITHREAD]\nusbus2: EHCI version 1.0\nusbus2: \u003cNVIDIA nForce3 250 USB 2.0 controller\u003e on ehci0\nnfe0: \u003cNVIDIA nForce3 MCP7 Networking Adapter\u003e port 0xf000-0xf007 mem 0xfe02c000-0xfe02cfff irq 21 at device 5.0 on pci0\nmiibus0: \u003cMII bus\u003e on nfe0\ne1000phy0: \u003cMarvell 88E1111 Gigabit PHY\u003e PHY 1 on miibus0\ne1000phy0:  10baseT, 10baseT-FDX, 100baseTX, 100baseTX-FDX, 1000baseT, 1000baseT-master, 1000baseT-FDX, 1000baseT-FDX-master, auto, auto-flow\nnfe0: Ethernet address: 00:11:09:dd:1b:51\nnfe0: [FILTER]\npci0: \u003cmultimedia, audio\u003e at device 6.0 (no driver attached)\natapci0: \u003cnVidia nForce3 Pro UDMA133 controller\u003e port 0x1f0-0x1f7,0x3f6,0x170-0x177,0x376,0xdc00-0xdc0f at device 8.0 on pci0\nata0: \u003cATA channel 0\u003e on atapci0\nata0: [ITHREAD]\nata1: \u003cATA channel 1\u003e on atapci0\nata1: [ITHREAD]\natapci1: \u003cnVidia nForce3 Pro SATA150 controller\u003e port 0x9e0-0x9e7,0xbe0-0xbe3,0x960-0x967,0xb60-0xb63,0xc800-0xc80f,0xc400-0xc47f irq 23 at device 9.0 on pci0\natapci1: [ITHREAD]\nata2: \u003cATA channel 0\u003e on atapci1\nata2: [ITHREAD]\nata3: \u003cATA channel 1\u003e on atapci1\nata3: [ITHREAD]\natapci2: \u003cnVidia nForce3 Pro SATA150 controller\u003e port 0x9f0-0x9f7,0xbf0-0xbf3,0x970-0x977,0xb70-0xb73,0xb000-0xb00f,0xac00-0xac7f irq 20 at device 10.0 on pci0\natapci2: [ITHREAD]\nata4: \u003cATA channel 0\u003e on atapci2\nata4: [ITHREAD]\nata5: \u003cATA channel 1\u003e on atapci2\nata5: [ITHREAD]\npcib1: \u003cACPI PCI-PCI bridge\u003e at device 11.0 on pci0\npci1: \u003cACPI PCI bus\u003e on pcib1\nvgapci0: \u003cVGA-compatible display\u003e port 0x9c00-0x9cff mem 0xe8000000-0xefffffff,0xfdff0000-0xfdffffff irq 16 at device 0.0 on pci1\nvgapci1: \u003cVGA-compatible display\u003e mem 0xe0000000-0xe7ffffff,0xfdfe0000-0xfdfeffff at device 0.1 on pci1\npcib2: \u003cACPI PCI-PCI bridge\u003e at device 14.0 on pci0\npci2: \u003cACPI PCI bus\u003e on pcib2\nrl0: \u003cRealTek 8139 10/100BaseTX\u003e port 0x8c00-0x8cff mem 0xfdeff000-0xfdeff0ff irq 17 at device 7.0 on pci2\nmiibus1: \u003cMII bus\u003e on rl0\nrlphy0: \u003cRealTek internal media interface\u003e PHY 0 on miibus1\nrlphy0:  10baseT, 10baseT-FDX, 100baseTX, 100baseTX-FDX, auto\nrl0: Ethernet address: 00:0e:2e:63:9a:4b\nrl0: [ITHREAD]\nrl1: \u003cRealTek 8139 10/100BaseTX\u003e port 0x8800-0x88ff mem 0xfdefe000-0xfdefe0ff irq 18 at device 8.0 on pci2\nmiibus2: \u003cMII bus\u003e on rl1\nrlphy1: \u003cRealTek internal media interface\u003e PHY 0 on miibus2\nrlphy1:  10baseT, 10baseT-FDX, 100baseTX, 100baseTX-FDX, auto\nrl1: Ethernet address: 00:c1:26:10:8f:57\nrl1: [ITHREAD]\nfwohci0: \u003cVIA Fire II (VT6306)\u003e port 0x8400-0x847f mem 0xfdefd000-0xfdefd7ff irq 19 at device 12.0 on pci2\nfwohci0: [ITHREAD]\nfwohci0: OHCI version 1.0 (ROM=1)\nfwohci0: No. of Isochronous channels is 4.\nfwohci0: EUI64 00:10:dc:00:00:7c:88:3b\nfwohci0: Phy 1394a available S400, 3 ports.\nfwohci0: Link S400, max_rec 2048 bytes.\nfirewire0: \u003cIEEE1394(FireWire) bus\u003e on fwohci0\ndcons_crom0: \u003cdcons configuration ROM\u003e on firewire0\ndcons_crom0: bus_addr 0x13cc000\nfwe0: \u003cEthernet over FireWire\u003e on firewire0\nif_fwe0: Fake Ethernet address: 02:10:dc:7c:88:3b\nfwe0: Ethernet address: 02:10:dc:7c:88:3b\nfwip0: \u003cIP over FireWire\u003e on firewire0\nfwip0: Firewire address: 00:10:dc:00:00:7c:88:3b @ 0xfffe00000000, S400, maxrec 2048\nfwohci0: Initiate bus reset\nfwohci0: fwohci_intr_core: BUS reset\nfwohci0: fwohci_intr_core: node_id=0x00000000, SelfID Count=1, CYCLEMASTER mode\nre0: \u003cRealTek 8169/8169S/8169SB(L)/8110S/8110SB(L) Gigabit Ethernet\u003e port 0x8000-0x80ff mem 0xfdefc000-0xfdefc0ff irq 16 at device 13.0 on pci2\nre0: Chip rev. 0x04000000\nre0: MAC rev. 0x00000000\nmiibus3: \u003cMII bus\u003e on re0\nrgephy0: \u003cRTL8169S/8110S/8211B media interface\u003e PHY 1 on miibus3\nrgephy0:  10baseT, 10baseT-FDX, 10baseT-FDX-flow, 100baseTX, 100baseTX-FDX, 100baseTX-FDX-flow, 1000baseT, 1000baseT-master, 1000baseT-FDX, 1000baseT-FDX-master, 1000baseT-FDX-flow, 1000baseT-FDX-flow-master, auto, auto-flow\nre0: Ethernet address: 00:11:09:dd:1b:50\nre0: [FILTER]\natrtc0: \u003cAT realtime clock\u003e port 0x70-0x73 irq 8 on acpi0\nfdc0: \u003cfloppy drive controller\u003e port 0x3f0-0x3f5,0x3f7 irq 6 drq 2 on acpi0\nfdc0: [FILTER]\nuart0: \u003c16550 or compatible\u003e port 0x3f8-0x3ff irq 4 flags 0x10 on acpi0\nuart0: [FILTER]\nppc0: \u003cParallel port\u003e port 0x378-0x37f,0x778-0x77b irq 7 on acpi0\nppc0: Generic chipset (NIBBLE-only) in COMPATIBLE mode\nppc0: [ITHREAD]\nppbus0: \u003cParallel port bus\u003e on ppc0\nplip0: \u003cPLIP network interface\u003e on ppbus0\nplip0: [ITHREAD]\nlpt0: \u003cPrinter\u003e on ppbus0\nlpt0: [ITHREAD]\nlpt0: Interrupt-driven port\nppi0: \u003cParallel I/O\u003e on ppbus0\natkbdc0: \u003cKeyboard controller (i8042)\u003e port 0x60,0x64 irq 1 on acpi0\natkbd0: \u003cAT Keyboard\u003e irq 1 on atkbdc0\nkbd0 at atkbd0\natkbd0: [GIANT-LOCKED]\natkbd0: [ITHREAD]\norm0: \u003cISA Option ROMs\u003e at iomem 0xc0000-0xccfff,0xd0000-0xd0fff on isa0\nsc0: \u003cSystem console\u003e at flags 0x100 on isa0\nsc0: VGA \u003c16 virtual consoles, flags=0x300\u003e\nvga0: \u003cGeneric ISA VGA\u003e at port 0x3c0-0x3df iomem 0xa0000-0xbffff on isa0\npowernow0: \u003cCool`n'Quiet K8\u003e on cpu0\ndevice_attach: powernow0 attach returned 6\nTimecounter \"TSC\" frequency 1808258496 Hz quality 800\nTimecounters tick every 1.000 msec\nfirewire0: 1 nodes, maxhop \u003c= 0 cable IRM irm(0)  (me)\nfirewire0: bus manager 0\nusbus0: 12Mbps Full Speed USB v1.0\nusbus1: 12Mbps Full Speed USB v1.0\nusbus2: 480Mbps High Speed USB v2.0\nugen0.1: \u003cnVidia\u003e at usbus0\nuhub0: \u003cnVidia OHCI root HUB, class 9/0, rev 1.00/1.00, addr 1\u003e on usbus0\nugen1.1: \u003cnVidia\u003e at usbus1\nuhub1: \u003cnVidia OHCI root HUB, class 9/0, rev 1.00/1.00, addr 1\u003e on usbus1\nugen2.1: \u003cnVidia\u003e at usbus2\nuhub2: \u003cnVidia EHCI root HUB, class 9/0, rev 2.00/1.00, addr 1\u003e on usbus2\nuhub0: 4 ports with 4 removable, self powered\nuhub1: 4 ports with 4 removable, self powered\nad4: 953869MB \u003cWDC WD10EARX-00N0YB0 51.0AB51\u003e at ata2-master UDMA100 SATA 1.5Gb/s\nad6: 953869MB \u003cWDC WD10EADS-00P8B0 01.00A01\u003e at ata3-master UDMA100 SATA 1.5Gb/s\nRoot mount waiting for: usbus2\nRoot mount waiting for: usbus2\nuhub2: 8 ports with 8 removable, self powered\nTrying to mount root from ufs:/dev/ad4s1a\n\nHow-To-Repeat: Not known, other than to re-install FreeBSD 9.0-beta3 with either GPT or MBR on my machine, or any other -- more or less completely -- similar machine I would guess."
}