{
 "id": 646477,
 "bug_id": 164194,
 "attachment_id": 0,
 "creation_time": "2012-01-16T05:00:31Z",
 "creator": "zmetzing@pobox.com",
 "text": " --FL5UXtIhxfXey3p5\n Content-Type: text/plain; charset=us-ascii\n Content-Disposition: inline\n \n \n Attached, find additional system information.\n \n --- Zach\n \n --FL5UXtIhxfXey3p5\n Content-Type: text/plain; charset=us-ascii\n Content-Disposition: attachment; filename=\"devinfo.txt\"\n \n nexus0\n   npx0\n   ram0\n   legacy0\n     cpu0\n     pcib0\n       pci0\n         hostb0 pnpinfo vendor=0x1179 device=0x0601 subvendor=0x0000 subdevice=0x0000 class=0x060000 at slot=0 function=0\n         cbb0 pnpinfo vendor=0x1179 device=0x060a subvendor=0x0000 subdevice=0x0000 class=0x060700 at slot=2 function=0\n           cardbus0\n           pccard0\n         cbb1 pnpinfo vendor=0x1179 device=0x060a subvendor=0x0000 subdevice=0x0000 class=0x060700 at slot=2 function=1\n           cardbus1\n           pccard1\n         vgapci0 pnpinfo vendor=0x102c device=0x00e4 subvendor=0x0000 subdevice=0x0000 class=0x030000 at slot=4 function=0\n           drm0\n         ohci0 pnpinfo vendor=0x1033 device=0x0035 subvendor=0x0000 subdevice=0x0000 class=0x0c0310 at slot=11 function=0\n           usbus0\n             uhub0\n               umass0 pnpinfo vendor=0x0951 product=0x1605 devclass=0x00 devsubclass=0x00 sernum=\"5B83170009EB\" release=0x0110 mode=host intclass=0x08 intsub at bus=1 hubaddr=1 port=0 devaddr=2 interface=0\n     pir0\n     eisa0\n     isa0\n       unknown pnpinfo pnpid=PNP0c01\n       atdma0 pnpinfo pnpid=PNP0200\n       attimer0 pnpinfo pnpid=PNP0100\n       unknown pnpinfo pnpid=PNP0800\n       npxisa0 pnpinfo pnpid=PNP0c04\n       atkbdc0 pnpinfo pnpid=PNP0303\n         atkbd0\n         psm0\n       unknown pnpinfo pnpid=TOS7400\n       atrtc0 pnpinfo pnpid=PNP0b00\n       sysresource0 pnpinfo pnpid=PNP0c02\n       fdc0 pnpinfo pnpid=PNP0700\n         fd0\n         fd1\n       ata0 pnpinfo pnpid=PNP0600\n       ata1 pnpinfo pnpid=PNP0600\n       uart0 pnpinfo pnpid=PNP0501\n       ppc0 pnpinfo pnpid=PNP0401\n         ppbus0\n           plip0\n           lpt0\n           ppi0\n       pcibus_pnp0 pnpinfo pnpid=PNP0a03\n       unknown pnpinfo pnpid=TOS700d\n       unknown pnpinfo pnpid=TOS7009\n       unknown pnpinfo pnpid=YMH0021\n       pmtimer0\n       sc0\n       vga0\n       sbc0\n         pcm0\n         midi0\n         midi1\n       uart1\n \n --FL5UXtIhxfXey3p5\n Content-Type: text/plain; charset=us-ascii\n Content-Disposition: attachment; filename=\"dmesg.short.txt\"\n \n Copyright (c) 1992-2012 The FreeBSD Project.\n Copyright (c) 1979, 1980, 1983, 1986, 1988, 1989, 1991, 1992, 1993, 1994\n \tThe Regents of the University of California. All rights reserved.\n FreeBSD is a registered trademark of The FreeBSD Foundation.\n FreeBSD 9.0-RELEASE #0: Sun Jan 15 12:57:22 CST 2012\n     root@wraith:/usr/src/sys/i386/compile/CLUNKER i386\n CPU: Pentium/P55C (132.64-MHz 586-class CPU)\n   Origin = \"GenuineIntel\"  Id = 0x543  Family = 5  Model = 4  Stepping = 3\n   Features=0x8001bf\u003cFPU,VME,DE,PSE,TSC,MSR,MCE,CX8,MMX\u003e\n real memory  = 84017152 (80 MB)\n avail memory = 63082496 (60 MB)\n Intel Pentium detected, installing workaround for F00F bug\n kbd1 at kbdmux0\n pcib0: \u003cHost to PCI bridge\u003e pcibus 0 on motherboard\n pir0: \u003cPCI Interrupt Routing Table: 3 Entries\u003e on motherboard\n pci0: \u003cPCI bus\u003e on pcib0\n cbb0: \u003cToPIC95B PCI-CardBus Bridge\u003e irq 11 at device 2.0 on pci0\n cbb0: Found memory at 80000000\n cbb0: Secondary bus is 20\n cardbus0: \u003cCardBus bus\u003e on cbb0\n pccard0: \u003c16-bit PCCard bus\u003e on cbb0\n cbb1: \u003cToPIC95B PCI-CardBus Bridge\u003e irq 11 at device 2.1 on pci0\n cbb1: Found memory at 80001000\n cbb1: Secondary bus is 21\n cardbus1: \u003cCardBus bus\u003e on cbb1\n pccard1: \u003c16-bit PCCard bus\u003e on cbb1\n vgapci0: \u003cVGA-compatible display\u003e mem 0xfe000000-0xfeffffff at device 4.0 on pci0\n ohci0: \u003cNEC uPD 9210 USB controller\u003e mem 0xfdfff000-0xfdffffff irq 11 at device 11.0 on pci0\n usbus0: \u003cNEC uPD 9210 USB controller\u003e on ohci0\n cpu0 on motherboard\n isa0: \u003cISA bus\u003e on motherboard\n pmtimer0 on isa0\n unknown: \u003cPNP0c01\u003e can't assign resources (memory)\n attimer0: \u003cAT timer\u003e at port 0x40-0x43 irq 0 pnpid PNP0100 on isa0\n Timecounter \"i8254\" frequency 1193182 Hz quality 0\n Event timer \"i8254\" frequency 1193182 Hz quality 100\n atkbdc0: \u003cKeyboard controller (i8042)\u003e at port 0x60,0x64 irq 1 pnpid PNP0303 on isa0\n atkbd0: \u003cAT Keyboard\u003e irq 1 on atkbdc0\n kbd0 at atkbd0\n atkbd0: [GIANT-LOCKED]\n atrtc0: \u003cAT realtime clock\u003e at port 0x70-0x71 irq 8 pnpid PNP0b00 on isa0\n Event timer \"RTC\" frequency 32768 Hz quality 0\n fdc0: \u003cNEC 765 or clone\u003e at port 0x3f2-0x3f5,0x3f7 irq 6 drq 2 pnpid PNP0700 on isa0\n fd0: \u003c1440-KB 3.5\" drive\u003e on fdc0 drive 0\n ata0: \u003cGeneric ESDI/IDE/ATA controller\u003e at port 0x1f0-0x1f7,0x3f6 irq 14 pnpid PNP0600 on isa0\n ata1: \u003cGeneric ESDI/IDE/ATA controller\u003e at port 0x170-0x177,0x376-0x377 irq 15 pnpid PNP0600 on isa0\n uart0: \u003c16550 or compatible\u003e at port 0x3f8-0x3ff irq 4 flags 0x10 pnpid PNP0501 on isa0\n ppc0: \u003cECP parallel printer port\u003e at port 0x378-0x37f,0x778-0x77a irq 7 drq 3 pnpid PNP0401 on isa0\n ppc0: Generic chipset (ECP/PS2/NIBBLE) in COMPATIBLE mode\n ppc0: FIFO with 16/16/16 bytes threshold\n ppbus0: \u003cParallel port bus\u003e on ppc0\n plip0: \u003cPLIP network interface\u003e on ppbus0\n lpt0: \u003cPrinter\u003e on ppbus0\n lpt0: Interrupt-driven port\n ppi0: \u003cParallel I/O\u003e on ppbus0\n sc0: \u003cSystem console\u003e at flags 0x100 on isa0\n sc0: VGA \u003c16 virtual consoles, flags=0x300\u003e\n vga0: \u003cGeneric ISA VGA\u003e at port 0x3c0-0x3df iomem 0xa0000-0xbffff on isa0\n sbc0: \u003cSoundBlaster Pro\u003e at port 0x220-0x22f irq 5 drq 0 on isa0\n sbc0: [GIANT-LOCKED]\n pcm0: \u003cSB DSP 3.01\u003e on sbc0\n pcm0: [GIANT-LOCKED]\n uart1: \u003cNon-standard ns8250 class UART with FIFOs\u003e at port 0x2f8-0x2ff irq 3 on isa0\n unknown: \u003cPNP0c01\u003e can't assign resources (memory)\n unknown: \u003cTOS700d\u003e can't assign resources (port)\n unknown: \u003cYMH0021\u003e can't assign resources (port)\n Timecounters tick every 1.000 msec\n Status is 0x30000006\n Status is 0x30000006\n usbus0: 12Mbps Full Speed USB v1.0\n ugen0.1: \u003cNEC\u003e at usbus0\n uhub0: \u003cNEC OHCI root HUB, class 9/0, rev 1.00/1.00, addr 1\u003e on usbus0\n ada0 at ata0 bus 0 scbus0 target 0 lun 0\n ada0: \u003cST91430AG 21.21.03\u003e ATA-3 device\n ada0: 16.700MB/s transfers (PIO4, PIO 8192bytes)\n ada0: 1382MB (2830464 512 byte sectors: 16H 63S/T 2808C)\n ada0: Previously was known as ad0\n cd0 at ata1 bus 0 scbus1 target 0 lun 0\n cd0: \u003cTOSHIBA CD-ROM XM-1502BN 1001\u003e Removable CD-ROM SCSI-0 device \n cd0: 11.100MB/s transfers (PIO3, ATAPI 12bytes, PIO 65534bytes)\n cd0: Attempt to query device size failed: NOT READY, Medium not present\n Timecounter \"TSC\" frequency 132635048 Hz quality 800\n uhub0: 2 ports with 2 removable, self powered\n ugen0.2: \u003cKingston\u003e at usbus0\n umass0: \u003cKingston DataTravelerMini, class 0/0, rev 2.00/1.10, addr 2\u003e on usbus0\n umass0:  SCSI over Bulk-Only; quirks = 0x4100\n umass0:2:0:-1: Attached to scbus2\n da0 at umass-sim0 bus 0 scbus2 target 0 lun 0\n da0: \u003cKingston DataTravelerMini PMAP\u003e Removable Direct Access SCSI-0 device \n da0: 1.000MB/s transfers\n da0: 1912MB (3915776 512 byte sectors: 255H 63S/T 243C)\n Trying to mount root from ufs:/dev/ada0s1a [rw]...\n Status is 0x30000410\n cbb1: card inserted: event=0x00000000, state=30000410\n pccard1: chip_socket_enable\n cbb_pcic_socket_enable:\n cbb1: cbb_power: 5V\n pccard1: read_cis\n CIS is too long -- truncating\n pccard1: check_cis_quirks\n pccard1: Card has no functions!\n cbb1: PC Card card activation failed\n Status is 0x30000416\n cbb_pcic_socket_disable\n cbb1: cbb_power: 0V\n Status is 0x30000410\n cbb1: card inserted: event=0x00000000, state=30000410\n pccard1: chip_socket_enable\n cbb_pcic_socket_enable:\n cbb1: cbb_power: 5V\n pccard1: read_cis\n CIS is too long -- truncating\n pccard1: check_cis_quirks\n pccard1: Card has no functions!\n cbb1: PC Card card activation failed\n Status is 0x30000416\n cbb_pcic_socket_disable\n cbb1: cbb_power: 0V\n Status is 0x30000410\n cbb1: card inserted: event=0x00000000, state=30000410\n pccard1: chip_socket_enable\n cbb_pcic_socket_enable:\n cbb1: cbb_power: 5V\n pccard1: read_cis\n CIS is too long -- truncating\n pccard1: check_cis_quirks\n pccard1: Card has no functions!\n cbb1: PC Card card activation failed\n Status is 0x30000416\n cbb_pcic_socket_disable\n cbb1: cbb_power: 0V\n Status is 0x30000410\n cbb1: card inserted: event=0x00000000, state=30000410\n pccard1: chip_socket_enable\n cbb_pcic_socket_enable:\n cbb1: cbb_power: 5V\n pccard1: read_cis\n CIS is too long -- truncating\n pccard1: check_cis_quirks\n pccard1: Card has no functions!\n cbb1: PC Card card activation failed\n Status is 0x30000416\n cbb_pcic_socket_disable\n cbb1: cbb_power: 0V\n \n --FL5UXtIhxfXey3p5\n Content-Type: text/plain; charset=us-ascii\n Content-Disposition: attachment; filename=\"pciconf.txt\"\n \n hostb0@pci0:0:0:0:\tclass=0x060000 card=0x00000000 chip=0x06011179 rev=0x27 hdr=0x00\n     vendor     = 'Toshiba America Info Systems'\n     device     = 'CPU to PCI bridge'\n     class      = bridge\n     subclass   = HOST-PCI\n cbb0@pci0:0:2:0:\tclass=0x060700 card=0x00000000 chip=0x060a1179 rev=0x07 hdr=0x02\n     vendor     = 'Toshiba America Info Systems'\n     device     = 'ToPIC95'\n     class      = bridge\n     subclass   = PCI-CardBus\n cbb1@pci0:0:2:1:\tclass=0x060700 card=0x00000000 chip=0x060a1179 rev=0x07 hdr=0x02\n     vendor     = 'Toshiba America Info Systems'\n     device     = 'ToPIC95'\n     class      = bridge\n     subclass   = PCI-CardBus\n vgapci0@pci0:0:4:0:\tclass=0x030000 card=0x00000000 chip=0x00e4102c rev=0xc2 hdr=0x00\n     vendor     = 'Chips and Technologies'\n     device     = 'F65554'\n     class      = display\n     subclass   = VGA\n ohci0@pci0:0:11:0:\tclass=0x0c0310 card=0x00000000 chip=0x00351033 rev=0x01 hdr=0x00\n     vendor     = 'NEC Corporation'\n     device     = 'USB'\n     class      = serial bus\n     subclass   = USB\n \n --FL5UXtIhxfXey3p5--"
}