{
 "id": 593992,
 "bug_id": 153671,
 "attachment_id": 0,
 "creation_time": "2011-01-04T05:30:13Z",
 "creator": "ports@grosbein.net",
 "text": "\t8.2-PRERELEASE with stock em(4) driver version 7.1.8 panices\n\tunder moderate network load in the driver.\n\n\tThe system is PPPoE network access server using mpd-5.5 and NETGRAPH.\n\tUser sessions are created/deleted quite quickly.\n\tThe system has only two up and running interfaces corresponding\n\tphysical NICs: em0 is uplink having IP address,\n\tem1 has not IP address but has many vlans on it carrying PPPoE frames.\n\tvlans do not have IP addresses too. Both interfaces are configured in /etc/rc.conf as such:\n\nifconfig_em0=\"inet $myip netmask 255.255.255.248 -wol\"                                                                         \nifconfig_em1=\"-wol\"\n\n\tI've got full crashdump for total 4GB of router memory.\n\tHere comes gdb backtrace. Then dmesg output, kernel config file,\n\tloader.conf and sysctl.conf.\n\nScript started on Tue Jan  4 10:56:28 2011\nkgdb kernel.debug /var/crash/vmcore.1\nGNU gdb 6.1.1 [FreeBSD]\nCopyright 2004 Free Software Foundation, Inc.\nGDB is free software, covered by the GNU General Public License, and you are\nwelcome to change it and/or distribute copies of it under certain conditions.\nType \"show copying\" to see the conditions.\nThere is absolutely no warranty for GDB.  Type \"show warranty\" for details.\nThis GDB was configured as \"amd64-marcel-freebsd\"...\n\nUnread portion of the kernel message buffer:\n\n\nFatal trap 12: page fault while in kernel mode\ncpuid = 1; apic id = 04\nfault virtual address\t= 0x1400000001\nfault code\t\t= supervisor read data, page not present\ninstruction pointer\t= 0x20:0xffffffff80349eda\nstack pointer\t        = 0x28:0xffffff80e77929b0\nframe pointer\t        = 0x28:0xffffff80e77929c0\ncode segment\t\t= base 0x0, limit 0xfffff, type 0x1b\n\t\t\t= DPL 0, pres 1, long 1, def32 0, gran 1\nprocessor eflags\t= interrupt enabled, resume, IOPL = 0\ncurrent process\t\t= 12 (irq264: em1:tx 0)\ntrap number\t\t= 12\npanic: page fault\ncpuid = 1\nKDB: stack backtrace:\ndb_trace_self_wrapper() at 0xffffffff8019eaac = db_trace_self_wrapper+0x2a\nkdb_backtrace() at 0xffffffff8031e4cc = kdb_backtrace+0x37\npanic() at 0xffffffff802ee7b8 = panic+0x182\ntrap_fatal() at 0xffffffff8048aca0 = trap_fatal+0x292\ntrap_pfault() at 0xffffffff8048b055 = trap_pfault+0x286\ntrap() at 0xffffffff8048b4ff = trap+0x3cb\ncalltrap() at 0xffffffff80473e54 = calltrap+0x8\n--- trap 0xc, rip = 0xffffffff80349eda, rsp = 0xffffff80e77929b0, rbp = 0xffffff80e77929c0 ---\nm_tag_delete() at 0xffffffff80349eda = m_tag_delete+0x1a\nm_tag_delete_chain() at 0xffffffff80349f10 = m_tag_delete_chain+0x1c\numa_zfree_arg() at 0xffffffff80450247 = uma_zfree_arg+0x3a\nm_freem() at 0xffffffff80347a58 = m_freem+0x51\nem_txeof() at 0xffffffff801dd6a4 = em_txeof+0x15f\nem_msix_tx() at 0xffffffff801dfaff = em_msix_tx+0x4a\nintr_event_execute_handlers() at 0xffffffff802c9f33 = intr_event_execute_handlers+0xfc\nithread_loop() at 0xffffffff802cb4d6 = ithread_loop+0x95\nfork_exit() at 0xffffffff802c790d = fork_exit+0x118\nfork_trampoline() at 0xffffffff8047432e = fork_trampoline+0xe\n--- trap 0, rip = 0, rsp = 0xffffff80e7792cf0, rbp = 0 ---\nUptime: 4d6h2m45s\nDumping 3893 MB (6 chunks)\n  chunk 0: 1MB (151 pages) ... ok\n  chunk 1: 3251MB (832247 pages) 3236 3220 3204 3188 3172 3156 3140 3124 3108 3092 3076 3060 3044 3028 3012 2996 2980 2964 2948 2932 2916 2900 2884 2868 2852 2836 2820 2804 2788 2772 2756 2740 2724 2708 2692 2676 2660 2644 2628 2612 2596 2580 2564 2548 2532 2516 2500 2484 2468 2452 2436 2420 2404 2388 2372 2356 2340 2324 2308 2292 2276 2260 2244 2228 2212 2196 2180 2164 2148 2132 2116 2100 2084 2068 2052 2036 2020 2004 1988 1972 1956 1940 1924 1908 1892 1876 1860 1844 1828 1812 1796 1780 1764 1748 1732 1716 1700 1684 1668 1652 1636 1620 1604 1588 1572 1556 1540 1524 1508 1492 1476 1460 1444 1428 1412 1396 1380 1364 1348 1332 1316 1300 1284 1268 1252 1236 1220 1204 1188 1172 1156 1140 1124 1108 1092 1076 1060 1044 1028 1012 996 980 964 948 932 916 900 884 868 852 836 820 804 788 772 756 740 724 708 692 676 660 644 628 612 596 580 564 548 532 516 500 484 468 452 436 420 404 388 372 356 340 324 308 292 276 260 244 228 212 196 180 164 148 132 116 100 84 68 52 36 20 4 ... ok\n  chunk 2: 1MB (2 pages) ... ok\n  chunk 3: 1MB (1 pages) ... ok\n  chunk 4: 2MB (381 pages) ... ok\n  chunk 5: 640MB (163840 pages) 625 609 593 577 561 545 529 513 497 481 465 449 433 417 401 385 369 353 337 321 305 289 273 257 241 225 209 193 177 161 145 129 113 97 81 65 49 33 17 1\n\nReading symbols from /boot/modules/if_lagg.ko...done.\nLoaded symbols for /boot/modules/if_lagg.ko\n#0  doadump () at pcpu.h:224\n224\t\t__asm(\"movq %%gs:0,%0\" : \"=r\" (td));\n(kgdb) bt\n#0  doadump () at pcpu.h:224\n#1  0xffffffff802ee333 in boot (howto=260) at /home/src/sys/kern/kern_shutdown.c:419\n#2  0xffffffff802ee7a2 in panic (fmt=Variable \"fmt\" is not available.\n) at /home/src/sys/kern/kern_shutdown.c:592\n#3  0xffffffff8048aca0 in trap_fatal (frame=0xc, eva=Variable \"eva\" is not available.\n) at /home/src/sys/amd64/amd64/trap.c:783\n#4  0xffffffff8048b055 in trap_pfault (frame=0xffffff80e7792900, usermode=0) at /home/src/sys/amd64/amd64/trap.c:699\n#5  0xffffffff8048b4ff in trap (frame=0xffffff80e7792900) at /home/src/sys/amd64/amd64/trap.c:449\n#6  0xffffffff80473e54 in calltrap () at /home/src/sys/amd64/amd64/exception.S:224\n#7  0xffffffff80349eda in m_tag_delete (m=0xffffff007a9cd100, t=0x1400000001) at mbuf.h:991\n#8  0xffffffff80349f10 in m_tag_delete_chain (m=0xffffff007a9cd100, t=0x1400000001) at /home/src/sys/kern/uipc_mbuf2.c:356\n#9  0xffffffff80450247 in uma_zfree_arg (zone=0xffffff00cb3eb300, item=0xffffff007a9cd100, udata=0x0)\n    at /home/src/sys/vm/uma_core.c:2548\n#10 0xffffffff80347a58 in m_freem (mb=0xffffff0005d7be00) at uma.h:333\n#11 0xffffffff801dd6a4 in em_txeof (txr=0xffffff00019ee400) at /home/src/sys/dev/e1000/if_em.c:3714\n#12 0xffffffff801dfaff in em_msix_tx (arg=Variable \"arg\" is not available.\n) at /home/src/sys/dev/e1000/if_em.c:1540\n#13 0xffffffff802c9f33 in intr_event_execute_handlers (p=Variable \"p\" is not available.\n) at /home/src/sys/kern/kern_intr.c:1220\n#14 0xffffffff802cb4d6 in ithread_loop (arg=0xffffff0001b897c0) at /home/src/sys/kern/kern_intr.c:1233\n#15 0xffffffff802c790d in fork_exit (callout=0xffffffff802cb441 \u003cithread_loop\u003e, arg=0xffffff0001b897c0, \n    frame=0xffffff80e7792c40) at /home/src/sys/kern/kern_fork.c:845\n#16 0xffffffff8047432e in fork_trampoline () at /home/src/sys/amd64/amd64/exception.S:566\n#17 0x0000000000000000 in ?? ()\n#18 0x0000000000000000 in ?? ()\n#19 0x0000000000000001 in ?? ()\n#20 0x0000000000000000 in ?? ()\n#21 0x0000000000000000 in ?? ()\n#22 0x0000000000000000 in ?? ()\n#23 0x0000000000000000 in ?? ()\n#24 0x0000000000000000 in ?? ()\n#25 0x0000000000000000 in ?? ()\n#26 0x0000000000000000 in ?? ()\n#27 0x0000000000000000 in ?? ()\n#28 0x0000000000000000 in ?? ()\n#29 0x0000000000000000 in ?? ()\n#30 0x0000000000000000 in ?? ()\n#31 0x0000000000000000 in ?? ()\n#32 0x0000000000000000 in ?? ()\n#33 0x0000000000000000 in ?? ()\n#34 0x0000000000000000 in ?? ()\n#35 0x0000000000000000 in ?? ()\n#36 0x0000000000000000 in ?? ()\n#37 0x0000000000000000 in ?? ()\n#38 0x0000000000000000 in ?? ()\n#39 0x0000000000000000 in ?? ()\n#40 0x0000000000000000 in ?? ()\n#41 0xffffffff806e9240 in affinity ()\n#42 0x0000000000000000 in ?? ()\n#43 0x0000000000000000 in ?? ()\n#44 0xffffff0001b86460 in ?? ()\n---Type \u003creturn\u003e to continue, or q \u003creturn\u003e to quit---\n#45 0xffffff80e7792560 in ?? ()\n#46 0xffffff80e7792508 in ?? ()\n#47 0xffffff0001e00000 in ?? ()\n#48 0xffffffff80312544 in sched_switch (td=0xffffffff802cb441, newtd=0xffffff0001b897c0, flags=Variable \"flags\" is not available.\n)\n    at /home/src/sys/kern/sched_ule.c:1852\nPrevious frame inner to this frame (corrupt stack?)\n(kgdb) frame 11\n#11 0xffffffff801dd6a4 in em_txeof (txr=0xffffff00019ee400) at /home/src/sys/dev/e1000/if_em.c:3714\n3714\t                        \tm_freem(tx_buffer-\u003em_head);\n(kgdb) p *tx_buffer-\u003em_head\n$1 = {m_hdr = {mh_next = 0xffffff0005d7be00, mh_nextpkt = 0x0, mh_data = 0xffffff007a9cd1e8 \"\", mh_len = 20, \n    mh_flags = 65538, mh_type = 1, pad = \"\\000\\000\\000\\000\\000\"}, M_dat = {MH = {MH_pkthdr = {rcvif = 0xffffff0001915800, \n        header = 0x0, len = 73, flowid = 0, csum_flags = 3840, csum_data = 65535, tso_segsz = 0, PH_vt = {vt_vtag = 393, \n          vt_nrecs = 393}, tags = {slh_first = 0xffffff007ad33900}}, MH_dat = {MH_ext = {\n          ext_buf = 0x40b536d4050045 \u003cAddress 0x40b536d4050045 out of bounds\u003e, ext_free = 0x79f224d4e73e067f, \n          ext_arg1 = 0x4c07c50ec4e524d4, ext_arg2 = 0xc2d0137048e5aadd, ext_size = 3045003344, ref_cnt = 0x137900001378, \n          ext_type = 0}, \n        MH_databuf = \"E\\000\\005Ô6µ@\\000\\177\\006\u003eçÔ$òyÔ$åÄ\\016Å\\aLÝªåHp\\023ÐÂP\\020\\177µü\\000\\000\\000x\\023\\000\\000y\\023\", '\\0' \u003crepeats 26 times\u003e, \"î\\035\\000\\000\\fS\\026\\000\\2030\\000\\000Çß\\024\", '\\0' \u003crepeats 17 times\u003e, \"ÿ\\023\\021\\036ì\\017½\\000þ\\022TE\\002\\032±m'\\232\\223\\224·þ\\026ú\\aêéªÍ|\\004ó\\214\\025\\v\u003cG­¥}\\000\\030ó}ï\\031\\000\\033!m)[\\210d\\021\\000ÿ}\\0005P\\032hi\"}}, \n    M_databuf = \"\\000X\\221\\001\\000ÿÿÿ\\000\\000\\000\\000\\000\\000\\000\\000I\\000\\000\\000\\000\\000\\000\\000\\000\\017\\000\\000ÿÿ\\000\\000\\000\\000\\211\\001\\000\\000\\000\\000\\0009Óz\\000ÿÿÿE\\000\\005Ô6µ@\\000\\177\\006\u003eçÔ$òyÔ$åÄ\\016Å\\aLÝªåHp\\023ÐÂP\\020\\177µü\\000\\000\\000x\\023\\000\\000y\\023\", '\\0' \u003crepeats 26 times\u003e, \"î\\035\\000\\000\\fS\\026\\000\\2030\\000\\000Çß\\024\", '\\0' \u003crepeats 17 times\u003e, \"ÿ\\023\\021\\036ì\\017½\\000þ\\022TE\\002\\032±m'\\232\\223\\224·þ\\026ú\\aêéªÍ|\\004ó\\214\\025\\v\u003cG­¥}\\000\\030ó}ï\\031\\000\\033!m)[\\210d\\021\\000ÿ}\\0005P\\032hi\"}}\n(kgdb) p *tx_buffer-\u003em_head-\u003eM_dat.MH.MH_pkthdr.rcvif\n$2 = {if_softc = 0xffffff80003bc000, if_l2com = 0xffffff00019e7010, if_vnet = 0x0, if_link = {tqe_next = 0xffffff0004040800, \n    tqe_prev = 0xffffff0001847818}, if_xname = \"em0\", '\\0' \u003crepeats 12 times\u003e, if_dname = 0xffffff00018af0d8 \"em\", \n  if_dunit = 0, if_refcount = 1, if_addrhead = {tqh_first = 0xffffff00019eda00, tqh_last = 0xffffff00050e0cb8}, \n  if_pcount = 0, if_carp = 0x0, if_bpf = 0xffffff0001a11c80, if_index = 3, if_timer = 0, if_vlantrunk = 0x0, \n  if_flags = 34819, if_capabilities = 80283, if_capenable = 411, if_linkmib = 0x0, if_linkmiblen = 0, if_data = {\n    ifi_type = 6 '\\006', ifi_physical = 0 '\\0', ifi_addrlen = 6 '\\006', ifi_hdrlen = 18 '\\022', ifi_link_state = 2 '\\002', \n    ifi_spare_char1 = 0 '\\0', ifi_spare_char2 = 0 '\\0', ifi_datalen = 152 '\\230', ifi_mtu = 1500, ifi_metric = 0, \n    ifi_baudrate = 1000000000, ifi_ipackets = 7558629784, ifi_ierrors = 0, ifi_opackets = 7037328617, ifi_oerrors = 0, \n    ifi_collisions = 0, ifi_ibytes = 7274365128582, ifi_obytes = 5168997597383, ifi_imcasts = 134715, ifi_omcasts = 82322, \n    ifi_iqdrops = 0, ifi_noproto = 0, ifi_hwassist = 38, ifi_epoch = 1, ifi_lastchange = {tv_sec = 1293736260, \n      tv_usec = 525554}}, if_multiaddrs = {tqh_first = 0xffffff007ad8b480, tqh_last = 0xffffff00050e5400}, if_amcount = 0, \n  if_output = 0xffffffff8039d6cf \u003cether_output\u003e, if_input = 0xffffffff8039d379 \u003cether_input\u003e, \n  if_start = 0xffffffff801deb33 \u003cem_start\u003e, if_ioctl = 0xffffffff801e3700 \u003cem_ioctl\u003e, if_watchdog = 0, \n  if_init = 0xffffffff801e3674 \u003cem_init\u003e, if_resolvemulti = 0xffffffff8039cbd8 \u003cether_resolvemulti\u003e, \n  if_qflush = 0xffffffff80398ace \u003cif_qflush\u003e, if_transmit = 0xffffffff80398812 \u003cif_transmit\u003e, if_reassign = 0, \n  if_home_vnet = 0x0, if_addr = 0xffffff00019eda00, if_llsoftc = 0x0, if_drv_flags = 64, if_snd = {ifq_head = 0x0, \n    ifq_tail = 0x0, ifq_len = 0, ifq_maxlen = 4095, ifq_drops = 0, ifq_mtx = {lock_object = {\n        lo_name = 0xffffff0001915828 \"em0\", lo_flags = 16973824, lo_data = 0, lo_witness = 0x0}, mtx_lock = 4}, \n    ifq_drv_head = 0x0, ifq_drv_tail = 0x0, ifq_drv_len = 0, ifq_drv_maxlen = 4095, altq_type = 0, altq_flags = 1, \n    altq_disc = 0x0, altq_ifp = 0xffffff0001915800, altq_enqueue = 0, altq_dequeue = 0, altq_request = 0, altq_clfier = 0x0, \n    altq_classify = 0, altq_tbr = 0x0, altq_cdnr = 0x0}, if_broadcastaddr = 0xffffffff8051d600 \"ÿÿÿÿÿÿgif_mtx\", \n  if_bridge = 0x0, if_label = 0x0, if_prefixhead = {tqh_first = 0x0, tqh_last = 0xffffff0001915a80}, if_afdata = {0x0, 0x0, \n    0xffffff0004a471e0, 0x0 \u003crepeats 35 times\u003e}, if_afdata_initialized = 2, if_afdata_lock = {lock_object = {\n      lo_name = 0xffffffff8051d02c \"if_afdata\", lo_flags = 69402624, lo_data = 0, lo_witness = 0x0}, rw_lock = 1}, \n  if_linktask = {ta_link = {stqe_next = 0x0}, ta_pending = 0, ta_priority = 0, \n    ta_func = 0xffffffff80397235 \u003cdo_link_state_change\u003e, ta_context = 0xffffff0001915800}, if_addr_mtx = {lock_object = {\n      lo_name = 0xffffffff8051d020 \"if_addr_mtx\", lo_flags = 16973824, lo_data = 0, lo_witness = 0x0}, mtx_lock = 4}, \n  if_clones = {le_next = 0x0, le_prev = 0x0}, if_groups = {tqh_first = 0xffffff00019e6a20, tqh_last = 0xffffff00019e6a28}, \n  if_pf_kif = 0x0, if_lagg = 0x0, if_alloctype = 6 '\\006', if_cspare = \"\\000\\000\", if_description = 0x0, if_pspare = {0x0, \n    0x0, 0x0, 0x0, 0x0, 0x0, 0x0}, if_ispare = {0, 0, 0, 0}}\n(kgdb) quit\n\nScript done on Tue Jan  4 11:00:41 2011\n\n\n\tNow dmesg output:\n\nem0: link state changed to DOWN\nem0: link state changed to UP\nifa_add_loopback_route: insertion failed\nem0: link state changed to DOWN\nem0: link state changed to UP\nifa_add_loopback_route: insertion failed\nem0: link state changed to DOWN\nem0: link state changed to UP\narp: unknown hardware address format (0x1100)\narp: unknown hardware address format (0x1100)\narp: unknown hardware address format (0x1100)\narp: unknown hardware address format (0x1100)\narp: unknown hardware address format (0x1100)\narp: unknown hardware address format (0x1100)\narp: unknown hardware address format (0x1100)\narp: unknown hardware address format (0x1100)\narp: unknown hardware address format (0x1100)\nng_generic_msg: number of nodes changed\narp: unknown hardware address format (0x1100)\narp: unknown hardware address format (0x1100)\narp: unknown hardware address format (0x1100)\narp: unknown hardware address format (0x1100)\narp: unknown hardware address format (0x1100)\narp: unknown hardware address format (0x1100)\narp: unknown hardware address format (0x1100)\narp: unknown hardware address format (0x1100)\narp: unknown hardware address format (0x1100)\narp: unknown hardware address format (0x1100)\narp: unknown hardware address format (0x1100)\narp: unknown hardware address format (0x1100)\narp: unknown hardware address format (0x1100)\narp: unknown hardware address format (0x1100)\narp: unknown hardware address format (0x1100)\narp: unknown hardware address format (0x1100)\narp: unknown hardware address format (0x1100)\narp: unknown hardware address format (0x1100)\narp: unknown hardware address format (0x1100)\narp: unknown hardware address format (0x1100)\narp: unknown hardware address format (0x1100)\narp: unknown hardware address format (0x1100)\narp: unknown hardware address format (0x1100)\narp: unknown hardware address format (0x1100)\narp: unknown hardware address format (0x1100)\narp: unknown hardware address format (0x1100)\narp: unknown hardware address format (0x1100)\narp: unknown hardware address format (0x1100)\narp: unknown hardware address format (0x1100)\narp: unknown hardware address format (0x1100)\narp: unknown hardware address format (0x1100)\narp: unknown hardware address format (0x1100)\narp: unknown hardware address format (0x1100)\narp: unknown hardware address format (0x1100)\narp: unknown hardware address format (0x1100)\narp: unknown hardware address format (0x1100)\narp: unknown hardware address format (0x1100)\narp: unknown hardware address format (0x1100)\narp: unknown hardware address format (0x1100)\narp: unknown hardware address format (0x1100)\narp: unknown hardware address format (0x1100)\narp: unknown hardware address format (0x1100)\narp: unknown hardware address format (0x1100)\narp: unknown hardware address format (0x1100)\narp: unknown hardware address format (0x1100)\narp: unknown hardware address format (0x1100)\narp: unknown hardware address format (0x1100)\narp: unknown hardware address format (0x1100)\narp: unknown hardware address format (0x1100)\narp: unknown hardware address format (0x1100)\narp: unknown hardware address format (0x1100)\narp: unknown hardware address format (0x1100)\narp: unknown hardware address format (0x1100)\narp: unknown hardware address format (0x1100)\narp: unknown hardware address format (0x1100)\narp: unknown hardware address format (0x1100)\narp: unknown hardware address format (0x1100)\narp: unknown hardware address format (0x1100)\narp: unknown hardware address format (0x1100)\narp: unknown hardware address format (0x1100)\narp: unknown hardware address format (0x1100)\narp: unknown hardware address format (0x1100)\narp: unknown hardware address format (0x1100)\n\n\nFatal trap 12: page fault while in kernel mode\ncpuid = 1; apic id = 04\nfault virtual address\t= 0x1400000001\nfault code\t\t= supervisor read data, page not present\ninstruction pointer\t= 0x20:0xffffffff80349eda\nstack pointer\t        = 0x28:0xffffff80e77929b0\nframe pointer\t        = 0x28:0xffffff80e77929c0\ncode segment\t\t= base 0x0, limit 0xfffff, type 0x1b\n\t\t\t= DPL 0, pres 1, long 1, def32 0, gran 1\nprocessor eflags\t= interrupt enabled, resume, IOPL = 0\ncurrent process\t\t= 12 (irq264: em1:tx 0)\ntrap number\t\t= 12\npanic: page fault\ncpuid = 1\nKDB: stack backtrace:\ndb_trace_self_wrapper() at 0xffffffff8019eaac = db_trace_self_wrapper+0x2a\nkdb_backtrace() at 0xffffffff8031e4cc = kdb_backtrace+0x37\npanic() at 0xffffffff802ee7b8 = panic+0x182\ntrap_fatal() at 0xffffffff8048aca0 = trap_fatal+0x292\ntrap_pfault() at 0xffffffff8048b055 = trap_pfault+0x286\ntrap() at 0xffffffff8048b4ff = trap+0x3cb\ncalltrap() at 0xffffffff80473e54 = calltrap+0x8\n--- trap 0xc, rip = 0xffffffff80349eda, rsp = 0xffffff80e77929b0, rbp = 0xffffff80e77929c0 ---\nm_tag_delete() at 0xffffffff80349eda = m_tag_delete+0x1a\nm_tag_delete_chain() at 0xffffffff80349f10 = m_tag_delete_chain+0x1c\numa_zfree_arg() at 0xffffffff80450247 = uma_zfree_arg+0x3a\nm_freem() at 0xffffffff80347a58 = m_freem+0x51\nem_txeof() at 0xffffffff801dd6a4 = em_txeof+0x15f\nem_msix_tx() at 0xffffffff801dfaff = em_msix_tx+0x4a\nintr_event_execute_handlers() at 0xffffffff802c9f33 = intr_event_execute_handlers+0xfc\nithread_loop() at 0xffffffff802cb4d6 = ithread_loop+0x95\nfork_exit() at 0xffffffff802c790d = fork_exit+0x118\nfork_trampoline() at 0xffffffff8047432e = fork_trampoline+0xe\n--- trap 0, rip = 0, rsp = 0xffffff80e7792cf0, rbp = 0 ---\nUptime: 4d6h2m45s\nDumping 3893 MB (6 chunks)\n  chunk 0: 1MB (151 pages) ... ok\n  chunk 1: 3251MB (832247 pages) 3236 3220 3204 3188 3172 3156 3140 3124 3108 3092 3076 3060 3044 3028 3012 2996 2980 2964 2948 2932 2916 2900 2884 2868 2852 2836 2820 2804 2788 2772 2756 2740 2724 2708 2692 2676 2660 2644 2628 2612 2596 2580 2564 2548 2532 2516 2500 2484 2468 2452 2436 2420 2404 2388 2372 2356 2340 2324 2308 2292 2276 2260 2244 2228 2212 2196 2180 2164 2148 2132 2116 2100 2084 2068 2052 2036 2020 2004 1988 1972 1956 1940 1924 1908 1892 1876 1860 1844 1828 1812 1796 1780 1764 1748 1732 1716 1700 1684 1668 1652 1636 1620 1604 1588 1572 1556 1540 1524 1508 1492 1476 1460 1444 1428 1412 1396 1380 1364 1348 1332 1316 1300 1284 1268 1252 1236 1220 1204 1188 1172 1156 1140 1124 1108 1092 1076 1060 1044 1028 1012 996 980 964 948 932 916 900 884 868 852 836 820 804 788 772 756 740 724 708 692 676 660 644 628 612 596 580 564 548 532 516 500 484 468 452 436 420 404 388 372 356 340 324 308 292 276 260 244 228 212 196 180 164 148 132 116 100 84 68 52 36 20 4 ... ok\n  chunk 2: 1MB (2 pages) ... ok\n  chunk 3: 1MB (1 pages) ... ok\n  chunk 4: 2MB (381 pages) ... ok\n  chunk 5: 640MB (163840 pages) 625 609 593 577 561 545 529 513 497 481 465 449 433 417 401 385 369 353 337 321 305 289 273 257 241 225 209 193 177 161 145 129 113 97 81 65 49 33 17Copyright (c) 1992-2010 The FreeBSD Project.\nCopyright (c) 1979, 1980, 1983, 1986, 1988, 1989, 1991, 1992, 1993, 1994\n\tThe Regents of the University of California. All rights reserved.\nFreeBSD is a registered trademark of The FreeBSD Foundation.\nFreeBSD 8.2-PRERELEASE #4: Thu Dec 30 15:02:04 NOVT 2010\n    root@k-45-pc-1.sd.rdtc.ru:/usr/local/obj/home/src/sys/PPPOE amd64\nTimecounter \"i8254\" frequency 1193182 Hz quality 0\nCPU: Intel(R) Core(TM) i3 CPU         540  @ 3.07GHz (3059.03-MHz K8-class CPU)\n  Origin = \"GenuineIntel\"  Id = 0x20652  Family = 6  Model = 25  Stepping = 2\n  Features=0xbfebfbff\u003cFPU,VME,DE,PSE,TSC,MSR,PAE,MCE,CX8,APIC,SEP,MTRR,PGE,MCA,CMOV,PAT,PSE36,CLFLUSH,DTS,ACPI,MMX,FXSR,SSE,SSE2,SS,HTT,TM,PBE\u003e\n  Features2=0x98e3bd\u003cSSE3,DTES64,MON,DS_CPL,VMX,EST,TM2,SSSE3,CX16,xTPR,PDCM,SSE4.1,SSE4.2,POPCNT\u003e\n  AMD Features=0x28100800\u003cSYSCALL,NX,RDTSCP,LM\u003e\n  AMD Features2=0x1\u003cLAHF\u003e\n  TSC: P-state invariant\nreal memory  = 4294967296 (4096 MB)\navail memory = 3902296064 (3721 MB)\nACPI APIC Table: \u003cINTEL  DQ57TM  \u003e\nFreeBSD/SMP: Multiprocessor System Detected: 2 CPUs\nFreeBSD/SMP: 1 package(s) x 2 core(s)\n cpu0 (BSP): APIC ID:  0\n cpu1 (AP): APIC ID:  4\nACPI Warning: 32/64X FACS address mismatch in FADT - 0xCB603F40/0x00000000CB603E40, using 32 (20101013/tbfadt-586)\nioapic0 \u003cVersion 2.0\u003e irqs 0-23 on motherboard\nnetisr_init: forcing maxthreads from 4 to 2\nichwd module loaded\nkbd1 at kbdmux0\nacpi0: \u003cINTEL DQ57TM\u003e on motherboard\nacpi0: [ITHREAD]\nacpi0: Power Button (fixed)\nTimecounter \"ACPI-safe\" frequency 3579545 Hz quality 850\nacpi_timer0: \u003c24-bit timer at 3.579545MHz\u003e port 0x408-0x40b on acpi0\ncpu0: \u003cACPI CPU\u003e on acpi0\nACPI Warning: Incorrect checksum in table [SSDT] - 0x3F, should be 0xE0 (20101013/tbutils-354)\ncpu1: \u003cACPI CPU\u003e on acpi0\npcib0: \u003cACPI Host-PCI bridge\u003e port 0xcf8-0xcff on acpi0\npci0: \u003cACPI PCI bus\u003e on pcib0\npcib1: \u003cACPI PCI-PCI bridge\u003e irq 16 at device 1.0 on pci0\npci1: \u003cACPI PCI bus\u003e on pcib1\nigb0: \u003cIntel(R) PRO/1000 Network Connection version - 2.0.7\u003e port 0xe020-0xe03f mem 0xfbc20000-0xfbc3ffff,0xfb800000-0xfbbfffff,0xfbc44000-0xfbc47fff irq 16 at device 0.0 on pci1\nigb0: Using MSIX interrupts with 3 vectors\nigb0: [ITHREAD]\nigb0: [ITHREAD]\nigb0: [ITHREAD]\nigb0: Ethernet address: 00:1b:21:63:55:0c\nigb1: \u003cIntel(R) PRO/1000 Network Connection version - 2.0.7\u003e port 0xe000-0xe01f mem 0xfbc00000-0xfbc1ffff,0xfb000000-0xfb3fffff,0xfbc40000-0xfbc43fff irq 17 at device 0.1 on pci1\nigb1: Using MSIX interrupts with 3 vectors\nigb1: [ITHREAD]\nigb1: [ITHREAD]\nigb1: [ITHREAD]\nigb1: Ethernet address: 00:1b:21:63:55:0d\nvgapci0: \u003cVGA-compatible display\u003e port 0xf1e0-0xf1e7 mem 0xfa800000-0xfabfffff,0xd0000000-0xdfffffff irq 16 at device 2.0 on pci0\npci0: \u003csimple comms\u003e at device 22.0 (no driver attached)\natapci0: \u003cIntel ATA controller\u003e port 0xf1d0-0xf1d7,0xf1c0-0xf1c3,0xf1b0-0xf1b7,0xf1a0-0xf1a3,0xf190-0xf19f irq 18 at device 22.2 on pci0\natapci0: [ITHREAD]\nata2: \u003cATA channel 0\u003e on atapci0\nata2: [ITHREAD]\nata3: \u003cATA channel 1\u003e on atapci0\nata3: [ITHREAD]\npci0: \u003csimple comms, UART\u003e at device 22.3 (no driver attached)\nem0: \u003cIntel(R) PRO/1000 Network Connection 7.1.8\u003e port 0xf120-0xf13f mem 0xfbe00000-0xfbe1ffff,0xfbe28000-0xfbe28fff irq 20 at device 25.0 on pci0\nem0: Using an MSI interrupt\nem0: [FILTER]\nem0: Ethernet address: 70:71:bc:09:84:a7\nuhci0: \u003cUHCI (generic) USB controller\u003e port 0xf100-0xf11f irq 21 at device 26.0 on pci0\nuhci0: [ITHREAD]\nusbus0: \u003cUHCI (generic) USB controller\u003e on uhci0\nuhci1: \u003cUHCI (generic) USB controller\u003e port 0xf0e0-0xf0ff irq 18 at device 26.1 on pci0\nuhci1: [ITHREAD]\nusbus1: \u003cUHCI (generic) USB controller\u003e on uhci1\nuhci2: \u003cUHCI (generic) USB controller\u003e port 0xf0c0-0xf0df irq 19 at device 26.2 on pci0\nuhci2: [ITHREAD]\nusbus2: \u003cUHCI (generic) USB controller\u003e on uhci2\nehci0: \u003cIntel PCH USB 2.0 controller USB-B\u003e mem 0xfbe27000-0xfbe273ff irq 16 at device 26.7 on pci0\nehci0: [ITHREAD]\nusbus3: EHCI version 1.0\nusbus3: \u003cIntel PCH USB 2.0 controller USB-B\u003e on ehci0\npci0: \u003cmultimedia, HDA\u003e at device 27.0 (no driver attached)\npcib2: \u003cACPI PCI-PCI bridge\u003e irq 17 at device 28.0 on pci0\npci2: \u003cACPI PCI bus\u003e on pcib2\npcib3: \u003cACPI PCI-PCI bridge\u003e irq 17 at device 28.4 on pci0\npci3: \u003cACPI PCI bus\u003e on pcib3\nem1: \u003cIntel(R) PRO/1000 Network Connection 7.1.8\u003e port 0xd000-0xd01f mem 0xfbdc0000-0xfbddffff,0xfbd00000-0xfbd7ffff,0xfbde0000-0xfbde3fff irq 16 at device 0.0 on pci3\nem1: Using MSIX interrupts with 3 vectors\nem1: [ITHREAD]\nem1: [ITHREAD]\nem1: [ITHREAD]\nem1: Ethernet address: 00:1b:21:6d:29:5b\nuhci3: \u003cUHCI (generic) USB controller\u003e port 0xf0a0-0xf0bf irq 19 at device 29.0 on pci0\nuhci3: [ITHREAD]\nusbus4: \u003cUHCI (generic) USB controller\u003e on uhci3\nuhci4: \u003cUHCI (generic) USB controller\u003e port 0xf080-0xf09f irq 16 at device 29.1 on pci0\nuhci4: [ITHREAD]\nusbus5: \u003cUHCI (generic) USB controller\u003e on uhci4\nuhci5: \u003cUHCI (generic) USB controller\u003e port 0xf060-0xf07f irq 18 at device 29.2 on pci0\nuhci5: [ITHREAD]\nusbus6: \u003cUHCI (generic) USB controller\u003e on uhci5\nuhci6: \u003cUHCI (generic) USB controller\u003e port 0xf040-0xf05f irq 23 at device 29.3 on pci0\nuhci6: [ITHREAD]\nusbus7: \u003cUHCI (generic) USB controller\u003e on uhci6\nehci1: \u003cIntel PCH USB 2.0 controller USB-A\u003e mem 0xfbe26000-0xfbe263ff irq 23 at device 29.7 on pci0\nehci1: [ITHREAD]\nusbus8: EHCI version 1.0\nusbus8: \u003cIntel PCH USB 2.0 controller USB-A\u003e on ehci1\npcib4: \u003cACPI PCI-PCI bridge\u003e at device 30.0 on pci0\npci4: \u003cACPI PCI bus\u003e on pcib4\nisab0: \u003cPCI-ISA bridge\u003e at device 31.0 on pci0\nisa0: \u003cISA bus\u003e on isab0\natapci1: \u003cIntel 5 Series/3400 Series PCH SATA300 controller\u003e port 0xf170-0xf177,0xf160-0xf163,0xf150-0xf157,0xf140-0xf143,0xf020-0xf03f mem 0xfbe25000-0xfbe257ff irq 19 at device 31.2 on pci0\natapci1: [ITHREAD]\natapci1: AHCI called from vendor specific driver\natapci1: AHCI v1.30 controller with 6 3Gbps ports, PM not supported\nata4: \u003cATA channel 0\u003e on atapci1\nata4: [ITHREAD]\nata5: \u003cATA channel 1\u003e on atapci1\nata5: [ITHREAD]\nata6: \u003cATA channel 2\u003e on atapci1\nata6: [ITHREAD]\nata7: \u003cATA channel 3\u003e on atapci1\nata7: [ITHREAD]\nichsmb0: \u003cIntel PCH SMBus controller\u003e port 0xf000-0xf01f mem 0xfbe24000-0xfbe240ff irq 18 at device 31.3 on pci0\nichsmb0: [ITHREAD]\nsmbus0: \u003cSystem Management Bus\u003e on ichsmb0\nsmb0: \u003cSMBus generic I/O\u003e on smbus0\nacpi_button0: \u003cPower Button\u003e on acpi0\nacpi_hpet0: \u003cHigh Precision Event Timer\u003e iomem 0xfed00000-0xfed003ff on acpi0\nTimecounter \"HPET\" frequency 14318180 Hz quality 900\nuart0: \u003c16550 or compatible\u003e port 0x3f8-0x3ff irq 4 flags 0x10 on acpi0\nuart0: [FILTER]\natrtc0: \u003cAT realtime clock\u003e port 0x70-0x71 irq 8 on acpi0\nsc0: \u003cSystem console\u003e at flags 0x100 on isa0\nsc0: VGA \u003c16 virtual consoles, flags=0x300\u003e\nvga0: \u003cGeneric ISA VGA\u003e at port 0x3c0-0x3df iomem 0xa0000-0xbffff on isa0\natkbdc0: \u003cKeyboard controller (i8042)\u003e at port 0x60,0x64 on isa0\natkbd0: \u003cAT Keyboard\u003e irq 1 on atkbdc0\nkbd0 at atkbd0\natkbd0: [GIANT-LOCKED]\natkbd0: [ITHREAD]\ncoretemp0: \u003cCPU On-Die Thermal Sensors\u003e on cpu0\ncoretemp0: Tj(target) value 105 does not seem right.\nest0: \u003cEnhanced SpeedStep Frequency Control\u003e on cpu0\np4tcc0: \u003cCPU Frequency Thermal Control\u003e on cpu0\ncoretemp1: \u003cCPU On-Die Thermal Sensors\u003e on cpu1\ncoretemp1: Tj(target) value 105 does not seem right.\nest1: \u003cEnhanced SpeedStep Frequency Control\u003e on cpu1\np4tcc1: \u003cCPU Frequency Thermal Control\u003e on cpu1\nTimecounters tick every 1.000 msec\nipfw2 initialized, divert loadable, nat loadable, rule-based forwarding enabled, default to deny, logging disabled\nload_dn_sched dn_sched FIFO loaded\nload_dn_sched dn_sched PRIO loaded\nload_dn_sched dn_sched QFQ loaded\nload_dn_sched dn_sched RR loaded\nload_dn_sched dn_sched WF2Q+ loaded\nusbus0: 12Mbps Full Speed USB v1.0\nusbus1: 12Mbps Full Speed USB v1.0\nusbus2: 12Mbps Full Speed USB v1.0\nusbus3: 480Mbps High Speed USB v2.0\nusbus4: 12Mbps Full Speed USB v1.0\nusbus5: 12Mbps Full Speed USB v1.0\nusbus6: 12Mbps Full Speed USB v1.0\nusbus7: 12Mbps Full Speed USB v1.0\nusbus8: 480Mbps High Speed USB v2.0\nad8: 305244MB \u003cSeagate ST3320620NS 3.AEK\u003e at ata4-master UDMA100 SATA 3Gb/s\nSMP: AP CPU #1 Launched!\nugen1.1: \u003cIntel\u003e at usbus1ugen0.1: \u003cIntel\u003e at usbus0\n\nuhub0: \u003cIntel UHCI root HUB, class 9/0, rev 1.00/1.00, addr 1\u003e on usbus1\nuhub1: \u003cIntel UHCI root HUB, class 9/0, rev 1.00/1.00, addr 1\u003e on usbus0\nugen2.1: \u003cIntel\u003e at usbus2ugen3.1: \u003cIntel\u003e at usbus3\n\nuhub2: \u003cIntel UHCI root HUB, class 9/0, rev 1.00/1.00, addr 1\u003e on usbus2\nuhub3: \u003cIntel EHCI root HUB, class 9/0, rev 2.00/1.00, addr 1\u003e on usbus3\nugen4.1: \u003cIntel\u003e at usbus4ugen5.1: \u003cIntel\u003e at usbus5\n\nuhub4: \u003cIntel UHCI root HUB, class 9/0, rev 1.00/1.00, addr 1\u003e on usbus4\nuhub5: \u003cIntel UHCI root HUB, class 9/0, rev 1.00/1.00, addr 1\u003e on usbus5\nugen6.1: \u003cIntel\u003e at usbus6ugen7.1: \u003cIntel\u003e at usbus7\n\nuhub6: \u003cIntel UHCI root HUB, class 9/0, rev 1.00/1.00, addr 1\u003e on usbus6\nuhub7: \u003cIntel UHCI root HUB, class 9/0, rev 1.00/1.00, addr 1\u003e on usbus7\nugen8.1: \u003cIntel\u003e at usbus8\nuhub8: \u003cIntel EHCI root HUB, class 9/0, rev 2.00/1.00, addr 1\u003e on usbus8\nRoot mount waiting for: usbus8 usbus7 usbus6 usbus5 usbus4 usbus3 usbus2 usbus1 usbus0\nuhub1: 2 ports with 2 removable, self powered\nuhub0: 2 ports with 2 removable, self powered\nuhub2: 2 ports with 2 removable, self powered\nuhub4: 2 ports with 2 removable, self powered\nuhub5: 2 ports with 2 removable, self powered\nuhub6: 2 ports with 2 removable, self powered\nuhub7: 2 ports with 2 removable, self powered\nRoot mount waiting for: usbus8 usbus3\nRoot mount waiting for: usbus8 usbus3\nuhub3: 6 ports with 6 removable, self powered\nuhub8: 8 ports with 8 removable, self powered\nTrying to mount root from ufs:/dev/ufs/root\nWARNING: / was not properly dismounted\nWARNING: /tmp was not properly dismounted\nWARNING: /var was not properly dismounted\nWARNING: /usr/local was not properly dismounted\nWARNING: /home was not properly dismounted\nem1: link state changed to UP\nvlan748: link state changed to UP\nvlan680: link state changed to UP\nvlan136: link state changed to UP\nvlan68: link state changed to UP\nvlan204: link state changed to UP\nvlan408: link state changed to UP\nvlan612: link state changed to UP\nvlan749: link state changed to UP\nvlan681: link state changed to UP\nvlan69: link state changed to UP\nvlan205: link state changed to UP\nvlan273: link state changed to UP\nvlan409: link state changed to UP\nvlan613: link state changed to UP\nvlan750: link state changed to UP\nvlan682: link state changed to UP\nvlan70: link state changed to UP\nvlan2: link state changed to UP\nvlan206: link state changed to UP\nvlan274: link state changed to UP\nvlan342: link state changed to UP\nvlan410: link state changed to UP\nvlan546: link state changed to UP\nvlan614: link state changed to UP\nvlan751: link state changed to UP\nvlan683: link state changed to UP\nvlan139: link state changed to UP\nvlan71: link state changed to UP\nvlan3: link state changed to UP\nvlan207: link state changed to UP\nvlan275: link state changed to UP\nvlan880: link state changed to UP\nvlan684: link state changed to UP\nvlan140: link state changed to UP\nvlan64: link state changed to UP\nvlan4: link state changed to UP\nvlan200: link state changed to UP\nvlan276: link state changed to UP\nvlan336: link state changed to UP\nvlan548: link state changed to UP\nvlan608: link state changed to UP\nvlan881: link state changed to UP\nvlan685: link state changed to UP\nvlan65: link state changed to UP\nvlan5: link state changed to UP\nvlan201: link state changed to UP\nvlan277: link state changed to UP\nvlan337: link state changed to UP\nvlan413: link state changed to UP\nvlan549: link state changed to UP\nvlan609: link state changed to UP\nvlan882: link state changed to UP\nvlan746: link state changed to UP\nvlan686: link state changed to UP\nvlan66: link state changed to UP\nvlan6: link state changed to UP\nvlan202: link state changed to UP\nvlan338: link state changed to UP\nvlan414: link state changed to UP\nvlan550: link state changed to UP\nvlan610: link state changed to UP\nvlan883: link state changed to UP\nvlan823: link state changed to UP\nvlan687: link state changed to UP\nvlan67: link state changed to UP\nvlan7: link state changed to UP\nvlan203: link state changed to UP\nvlan279: link state changed to UP\nvlan339: link state changed to UP\nvlan415: link state changed to UP\nvlan551: link state changed to UP\nvlan611: link state changed to UP\nvlan672: link state changed to UP\nvlan128: link state changed to UP\nvlan76: link state changed to UP\nvlan8: link state changed to UP\nvlan196: link state changed to UP\nvlan280: link state changed to UP\nvlan348: link state changed to UP\nvlan400: link state changed to UP\nvlan552: link state changed to UP\nvlan620: link state changed to UP\nvlan673: link state changed to UP\nvlan129: link state changed to UP\nvlan77: link state changed to UP\nvlan9: link state changed to UP\nvlan197: link state changed to UP\nvlan281: link state changed to UP\nvlan349: link state changed to UP\nvlan401: link state changed to UP\nvlan553: link state changed to UP\nvlan621: link state changed to UP\nvlan674: link state changed to UP\nvlan130: link state changed to UP\nvlan10: link state changed to UP\nvlan198: link state changed to UP\nvlan350: link state changed to UP\nvlan402: link state changed to UP\nvlan554: link state changed to UP\nvlan622: link state changed to UP\nvlan827: link state changed to UP\nvlan743: link state changed to UP\nvlan675: link state changed to UP\nvlan131: link state changed to UP\nvlan79: link state changed to UP\nvlan11: link state changed to UP\nvlan199: link state changed to UP\nvlan555: link state changed to UP\nvlan623: link state changed to UP\nvlan828: link state changed to UP\nvlan736: link state changed to UP\nvlan676: link state changed to UP\nvlan132: link state changed to UP\nvlan72: link state changed to UP\nvlan12: link state changed to UP\nvlan192: link state changed to UP\nvlan344: link state changed to UP\nvlan556: link state changed to UP\nvlan616: link state changed to UP\nvlan677: link state changed to UP\nvlan133: link state changed to UP\nvlan13: link state changed to UP\nvlan193: link state changed to UP\nvlan345: link state changed to UP\nvlan405: link state changed to UP\nvlan557: link state changed to UP\nvlan617: link state changed to UP\nvlan950: link state changed to UP\nvlan738: link state changed to UP\nvlan678: link state changed to UP\nvlan134: link state changed to UP\nvlan74: link state changed to UP\nvlan14: link state changed to UP\nvlan194: link state changed to UP\nvlan286: link state changed to UP\nvlan346: link state changed to UP\nvlan406: link state changed to UP\nvlan466: link state changed to UP\nvlan558: link state changed to UP\nvlan618: link state changed to UP\nvlan739: link state changed to UP\nvlan679: link state changed to UP\nvlan135: link state changed to UP\nvlan75: link state changed to UP\nvlan195: link state changed to UP\nvlan287: link state changed to UP\nvlan347: link state changed to UP\nvlan407: link state changed to UP\nvlan467: link state changed to UP\nvlan559: link state changed to UP\nvlan619: link state changed to UP\nvlan937: link state changed to UP\nvlan801: link state changed to UP\nvlan765: link state changed to UP\nvlan697: link state changed to UP\nvlan153: link state changed to UP\nvlan85: link state changed to UP\nvlan17: link state changed to UP\nvlan221: link state changed to UP\nvlan325: link state changed to UP\nvlan393: link state changed to UP\nvlan461: link state changed to UP\nvlan561: link state changed to UP\nvlan936: link state changed to UP\nvlan800: link state changed to UP\nvlan696: link state changed to UP\nvlan152: link state changed to UP\nvlan16: link state changed to UP\nvlan220: link state changed to UP\nvlan256: link state changed to UP\nvlan324: link state changed to UP\nvlan392: link state changed to UP\nvlan460: link state changed to UP\nvlan560: link state changed to UP\nvlan628: link state changed to UP\nvlan939: link state changed to UP\nvlan803: link state changed to UP\nvlan767: link state changed to UP\nvlan699: link state changed to UP\nvlan155: link state changed to UP\nvlan87: link state changed to UP\nvlan19: link state changed to UP\nvlan223: link state changed to UP\nvlan259: link state changed to UP\nvlan563: link state changed to UP\nvlan938: link state changed to UP\nvlan802: link state changed to UP\nvlan698: link state changed to UP\nvlan154: link state changed to UP\nvlan86: link state changed to UP\nvlan18: link state changed to UP\nvlan258: link state changed to UP\nvlan326: link state changed to UP\nvlan562: link state changed to UP\nvlan630: link state changed to UP\nvlan941: link state changed to UP\nvlan805: link state changed to UP\nvlan81: link state changed to UP\nvlan21: link state changed to UP\nvlan157: link state changed to UP\nvlan217: link state changed to UP\nvlan321: link state changed to UP\nvlan397: link state changed to UP\nvlan565: link state changed to UP\nvlan4000: link state changed to UP\nvlan940: link state changed to UP\nvlan804: link state changed to UP\nvlan700: link state changed to UP\nvlan156: link state changed to UP\nvlan80: link state changed to UP\nvlan216: link state changed to UP\nvlan320: link state changed to UP\nvlan396: link state changed to UP\nvlan624: link state changed to UP\nvlan807: link state changed to UP\nvlan83: link state changed to UP\nvlan23: link state changed to UP\nvlan159: link state changed to UP\nvlan219: link state changed to UP\nvlan263: link state changed to UP\nvlan323: link state changed to UP\nvlan399: link state changed to UP\nvlan627: link state changed to UP\nvlan942: link state changed to UP\nvlan806: link state changed to UP\nvlan702: link state changed to UP\nvlan82: link state changed to UP\nvlan22: link state changed to UP\nvlan158: link state changed to UP\nvlan218: link state changed to UP\nvlan262: link state changed to UP\nvlan322: link state changed to UP\nvlan398: link state changed to UP\nvlan566: link state changed to UP\nvlan626: link state changed to UP\nvlan689: link state changed to UP\nvlan145: link state changed to UP\nvlan93: link state changed to UP\nvlan25: link state changed to UP\nvlan213: link state changed to UP\nvlan333: link state changed to UP\nvlan385: link state changed to UP\nvlan453: link state changed to UP\nvlan569: link state changed to UP\nvlan637: link state changed to UP\nvlan928: link state changed to UP\nvlan808: link state changed to UP\nvlan688: link state changed to UP\nvlan24: link state changed to UP\nvlan212: link state changed to UP\nvlan332: link state changed to UP\nvlan384: link state changed to UP\nvlan452: link state changed to UP\nvlan931: link state changed to UP\nvlan691: link state changed to UP\nvlan95: link state changed to UP\nvlan27: link state changed to UP\nvlan215: link state changed to UP\nvlan335: link state changed to UP\nvlan571: link state changed to UP\nvlan639: link state changed to UP\nvlan998: link state changed to UP\nvlan690: link state changed to UP\nvlan94: link state changed to UP\nvlan26: link state changed to UP\nvlan214: link state changed to UP\nvlan334: link state changed to UP\nvlan386: link state changed to UP\nvlan570: link state changed to UP\nvlan638: link state changed to UP\nvlan993: link state changed to UP\nvlan933: link state changed to UP\nvlan753: link state changed to UP\nvlan693: link state changed to UP\nvlan149: link state changed to UP\nvlan89: link state changed to UP\nvlan29: link state changed to UP\nvlan209: link state changed to UP\nvlan633: link state changed to UP\nvlan992: link state changed to UP\nvlan872: link state changed to UP\nvlan692: link state changed to UP\nvlan148: link state changed to UP\nvlan88: link state changed to UP\nvlan28: link state changed to UP\nvlan208: link state changed to UP\nvlan328: link state changed to UP\nvlan388: link state changed to UP\nvlan448: link state changed to UP\nvlan572: link state changed to UP\nvlan632: link state changed to UP\nvlan935: link state changed to UP\nvlan815: link state changed to UP\nvlan695: link state changed to UP\nvlan151: link state changed to UP\nvlan91: link state changed to UP\nvlan211: link state changed to UP\nvlan331: link state changed to UP\nvlan391: link state changed to UP\nvlan575: link state changed to UP\nvlan635: link state changed to UP\nvlan934: link state changed to UP\nvlan694: link state changed to UP\nvlan150: link state changed to UP\nvlan90: link state changed to UP\nvlan30: link state changed to UP\nvlan270: link state changed to UP\nvlan390: link state changed to UP\nvlan574: link state changed to UP\nvlan634: link state changed to UP\nvlan718: link state changed to UP\nvlan102: link state changed to UP\nvlan34: link state changed to UP\nvlan170: link state changed to UP\nvlan238: link state changed to UP\nvlan306: link state changed to UP\nvlan374: link state changed to UP\nvlan442: link state changed to UP\nvlan510: link state changed to UP\nvlan514: link state changed to UP\nvlan582: link state changed to UP\nvlan650: link state changed to UP\nvlan923: link state changed to UP\nvlan35: link state changed to UP\nvlan171: link state changed to UP\nvlan307: link state changed to UP\nvlan375: link state changed to UP\nvlan443: link state changed to UP\nvlan511: link state changed to UP\nvlan515: link state changed to UP\nvlan583: link state changed to UP\nvlan651: link state changed to UP\nvlan920: link state changed to UP\nvlan100: link state changed to UP\nvlan168: link state changed to UP\nvlan372: link state changed to UP\nvlan440: link state changed to UP\nvlan508: link state changed to UP\nvlan512: link state changed to UP\nvlan580: link state changed to UP\nvlan648: link state changed to UP\nvlan921: link state changed to UP\nvlan717: link state changed to UP\nvlan101: link state changed to UP\nvlan33: link state changed to UP\nvlan169: link state changed to UP\nvlan237: link state changed to UP\nvlan305: link state changed to UP\nvlan373: link state changed to UP\nvlan513: link state changed to UP\nvlan581: link state changed to UP\nvlan649: link state changed to UP\nvlan714: link state changed to UP\nvlan98: link state changed to UP\nvlan38: link state changed to UP\nvlan174: link state changed to UP\nvlan234: link state changed to UP\nvlan370: link state changed to UP\nvlan446: link state changed to UP\nvlan506: link state changed to UP\nvlan518: link state changed to UP\nvlan578: link state changed to UP\nvlan654: link state changed to UP\nvlan927: link state changed to UP\nvlan715: link state changed to UP\nvlan39: link state changed to UP\nvlan175: link state changed to UP\nvlan235: link state changed to UP\nvlan311: link state changed to UP\nvlan371: link state changed to UP\nvlan447: link state changed to UP\nvlan507: link state changed to UP\nvlan519: link state changed to UP\nvlan579: link state changed to UP\nvlan655: link state changed to UP\nvlan848: link state changed to UP\nvlan712: link state changed to UP\nvlan96: link state changed to UP\nvlan172: link state changed to UP\nvlan232: link state changed to UP\nvlan308: link state changed to UP\nvlan504: link state changed to UP\nvlan516: link state changed to UP\nvlan576: link state changed to UP\nvlan652: link state changed to UP\nvlan925: link state changed to UP\nvlan849: link state changed to UP\nvlan713: link state changed to UP\nvlan97: link state changed to UP\nvlan37: link state changed to UP\nvlan173: link state changed to UP\nvlan233: link state changed to UP\nvlan309: link state changed to UP\nvlan369: link state changed to UP\nvlan445: link state changed to UP\nvlan517: link state changed to UP\nvlan577: link state changed to UP\nvlan653: link state changed to UP\nvlan914: link state changed to UP\nvlan710: link state changed to UP\nvlan110: link state changed to UP\nvlan42: link state changed to UP\nvlan162: link state changed to UP\nvlan230: link state changed to UP\nvlan314: link state changed to UP\nvlan382: link state changed to UP\nvlan502: link state changed to UP\nvlan522: link state changed to UP\nvlan590: link state changed to UP\nvlan642: link state changed to UP\nvlan711: link state changed to UP\nvlan111: link state changed to UP\nvlan43: link state changed to UP\nvlan163: link state changed to UP\nvlan231: link state changed to UP\nvlan315: link state changed to UP\nvlan435: link state changed to UP\nvlan503: link state changed to UP\nvlan523: link state changed to UP\nvlan591: link state changed to UP\nvlan643: link state changed to UP\nvlan912: link state changed to UP\nvlan708: link state changed to UP\nvlan108: link state changed to UP\nvlan40: link state changed to UP\nvlan160: link state changed to UP\nvlan228: link state changed to UP\nvlan312: link state changed to UP\nvlan380: link state changed to UP\nvlan432: link state changed to UP\nvlan500: link state changed to UP\nvlan640: link state changed to UP\nvlan913: link state changed to UP\nvlan709: link state changed to UP\nvlan109: link state changed to UP\nvlan41: link state changed to UP\nvlan161: link state changed to UP\nvlan229: link state changed to UP\nvlan381: link state changed to UP\nvlan433: link state changed to UP\nvlan501: link state changed to UP\nvlan521: link state changed to UP\nvlan641: link state changed to UP\nvlan918: link state changed to UP\nvlan106: link state changed to UP\nvlan166: link state changed to UP\nvlan226: link state changed to UP\nvlan318: link state changed to UP\nvlan378: link state changed to UP\nvlan526: link state changed to UP\nvlan586: link state changed to UP\nvlan646: link state changed to UP\nvlan919: link state changed to UP\nvlan107: link state changed to UP\nvlan47: link state changed to UP\nvlan167: link state changed to UP\nvlan227: link state changed to UP\nvlan319: link state changed to UP\nvlan379: link state changed to UP\nvlan499: link state changed to UP\nvlan527: link state changed to UP\nvlan587: link state changed to UP\nvlan647: link state changed to UP\nvlan104: link state changed to UP\nvlan164: link state changed to UP\nvlan224: link state changed to UP\nvlan316: link state changed to UP\nvlan376: link state changed to UP\nvlan436: link state changed to UP\nvlan644: link state changed to UP\nvlan705: link state changed to UP\nvlan45: link state changed to UP\nvlan165: link state changed to UP\nvlan225: link state changed to UP\nvlan377: link state changed to UP\nvlan497: link state changed to UP\nvlan525: link state changed to UP\nvlan585: link state changed to UP\nvlan645: link state changed to UP\nvlan907: link state changed to UP\nvlan839: link state changed to UP\nvlan735: link state changed to UP\nvlan667: link state changed to UP\nvlan51: link state changed to UP\nvlan187: link state changed to UP\nvlan291: link state changed to UP\nvlan359: link state changed to UP\nvlan427: link state changed to UP\nvlan495: link state changed to UP\nvlan531: link state changed to UP\nvlan599: link state changed to UP\nvlan906: link state changed to UP\nvlan770: link state changed to UP\nvlan734: link state changed to UP\nvlan666: link state changed to UP\nvlan118: link state changed to UP\nvlan50: link state changed to UP\nvlan186: link state changed to UP\nvlan290: link state changed to UP\nvlan358: link state changed to UP\nvlan426: link state changed to UP\nvlan494: link state changed to UP\nvlan530: link state changed to UP\nvlan598: link state changed to UP\nvlan905: link state changed to UP\nvlan733: link state changed to UP\nvlan665: link state changed to UP\nvlan117: link state changed to UP\nvlan49: link state changed to UP\nvlan185: link state changed to UP\nvlan253: link state changed to UP\nvlan289: link state changed to UP\nvlan357: link state changed to UP\nvlan425: link state changed to UP\nvlan493: link state changed to UP\nvlan529: link state changed to UP\nvlan597: link state changed to UP\nvlan732: link state changed to UP\nvlan664: link state changed to UP\nvlan116: link state changed to UP\nvlan48: link state changed to UP\nvlan184: link state changed to UP\nvlan252: link state changed to UP\nvlan288: link state changed to UP\nvlan356: link state changed to UP\nvlan424: link state changed to UP\nvlan492: link state changed to UP\nvlan911: link state changed to UP\nvlan835: link state changed to UP\nvlan731: link state changed to UP\nvlan671: link state changed to UP\nvlan115: link state changed to UP\nvlan55: link state changed to UP\nvlan191: link state changed to UP\nvlan431: link state changed to UP\nvlan491: link state changed to UP\nvlan535: link state changed to UP\nvlan595: link state changed to UP\nvlan910: link state changed to UP\nvlan774: link state changed to UP\nvlan730: link state changed to UP\nvlan670: link state changed to UP\nvlan54: link state changed to UP\nvlan190: link state changed to UP\nvlan250: link state changed to UP\nvlan294: link state changed to UP\nvlan354: link state changed to UP\nvlan430: link state changed to UP\nvlan490: link state changed to UP\nvlan594: link state changed to UP\nvlan773: link state changed to UP\nvlan729: link state changed to UP\nvlan669: link state changed to UP\nvlan113: link state changed to UP\nvlan53: link state changed to UP\nvlan189: link state changed to UP\nvlan249: link state changed to UP\nvlan293: link state changed to UP\nvlan429: link state changed to UP\nvlan489: link state changed to UP\nvlan533: link state changed to UP\nvlan593: link state changed to UP\nvlan908: link state changed to UP\nvlan772: link state changed to UP\nvlan728: link state changed to UP\nvlan668: link state changed to UP\nvlan112: link state changed to UP\nvlan52: link state changed to UP\nvlan188: link state changed to UP\nvlan248: link state changed to UP\nvlan292: link state changed to UP\nvlan428: link state changed to UP\nvlan532: link state changed to UP\nvlan592: link state changed to UP\nvlan899: link state changed to UP\nvlan847: link state changed to UP\nvlan727: link state changed to UP\nvlan127: link state changed to UP\nvlan59: link state changed to UP\nvlan179: link state changed to UP\nvlan247: link state changed to UP\nvlan299: link state changed to UP\nvlan367: link state changed to UP\nvlan419: link state changed to UP\nvlan539: link state changed to UP\nvlan607: link state changed to UP\nvlan659: link state changed to UP\nvlan966: link state changed to UP\nvlan846: link state changed to UP\nvlan778: link state changed to UP\nvlan726: link state changed to UP\nvlan126: link state changed to UP\nvlan58: link state changed to UP\nvlan178: link state changed to UP\nvlan246: link state changed to UP\nvlan298: link state changed to UP\nvlan366: link state changed to UP\nvlan418: link state changed to UP\nvlan538: link state changed to UP\nvlan606: link state changed to UP\nvlan658: link state changed to UP\nvlan897: link state changed to UP\nvlan845: link state changed to UP\nvlan725: link state changed to UP\nvlan125: link state changed to UP\nvlan57: link state changed to UP\nvlan177: link state changed to UP\nvlan245: link state changed to UP\nvlan297: link state changed to UP\nvlan365: link state changed to UP\nvlan537: link state changed to UP\nvlan605: link state changed to UP\nvlan657: link state changed to UP\nvlan896: link state changed to UP\nvlan844: link state changed to UP\nvlan724: link state changed to UP\nvlan56: link state changed to UP\nvlan176: link state changed to UP\nvlan244: link state changed to UP\nvlan416: link state changed to UP\nvlan536: link state changed to UP\nvlan604: link state changed to UP\nvlan656: link state changed to UP\nvlan903: link state changed to UP\nvlan843: link state changed to UP\nvlan783: link state changed to UP\nvlan723: link state changed to UP\nvlan663: link state changed to UP\nvlan123: link state changed to UP\nvlan183: link state changed to UP\nvlan243: link state changed to UP\nvlan303: link state changed to UP\nvlan423: link state changed to UP\nvlan543: link state changed to UP\nvlan603: link state changed to UP\nvlan782: link state changed to UP\nvlan722: link state changed to UP\nvlan122: link state changed to UP\nvlan62: link state changed to UP\nvlan182: link state changed to UP\nvlan242: link state changed to UP\nvlan302: link state changed to UP\nvlan362: link state changed to UP\nvlan422: link state changed to UP\nvlan602: link state changed to UP\nvlan662: link state changed to UP\nvlan901: link state changed to UP\nvlan841: link state changed to UP\nvlan781: link state changed to UP\nvlan721: link state changed to UP\nvlan121: link state changed to UP\nvlan61: link state changed to UP\nvlan181: link state changed to UP\nvlan301: link state changed to UP\nvlan421: link state changed to UP\nvlan541: link state changed to UP\nvlan601: link state changed to UP\nvlan661: link state changed to UP\nvlan960: link state changed to UP\nvlan900: link state changed to UP\nvlan840: link state changed to UP\nvlan780: link state changed to UP\nvlan720: link state changed to UP\nvlan120: link state changed to UP\nvlan60: link state changed to UP\nvlan180: link state changed to UP\nvlan300: link state changed to UP\nvlan360: link state changed to UP\nvlan600: link state changed to UP\nvlan660: link state changed to UP\nem0: link state changed to UP\n\n\n\tThe kernel is mostly monolithic; if_lagg.ko is loaded but unused -\n\tthis particular box has no lagg devices configured.\n\tHere comes kernel config file:\n\n# PPPOE kernel config\n\ncpu\t\tHAMMER\nident\t\tPPPOE\n\n# To statically compile in device wiring instead of /boot/device.hints\n#hints\t\t\"GENERIC.hints\"\t\t# Default places to look for devices.\n\n# Use the following to compile in values accessible to the kernel\n# through getenv() (or kenv(1) in userland). The format of the file\n# is 'variable=value', see kenv(1)\n#\n# env\t\t\"GENERIC.env\"\n\nmakeoptions\tDEBUG=-g\t\t# Build kernel with gdb(1) debug symbols\n\noptions \tSCHED_ULE\t\t# ULE scheduler\noptions \tPREEMPTION\t\t# Enable kernel thread preemption\noptions \tINET\t\t\t# InterNETworking\n#options \tINET6\t\t\t# IPv6 communications protocols\n#options \tSCTP\t\t\t# Stream Control Transmission Protocol\noptions \tFFS\t\t\t# Berkeley Fast Filesystem\noptions \tSOFTUPDATES\t\t# Enable FFS soft updates support\noptions \tUFS_ACL\t\t\t# Support for access control lists\noptions \tUFS_DIRHASH\t\t# Improve performance on big directories\noptions \tUFS_GJOURNAL\t\t# Enable gjournal-based UFS journaling\noptions \tMD_ROOT\t\t\t# MD is a potential root device\n#options \tNFSCLIENT\t\t# Network Filesystem Client\n#options \tNFSSERVER\t\t# Network Filesystem Server\n#options \tNFSLOCKD\t\t# Network Lock Manager\noptions \tNFS_ROOT\t\t# NFS usable as /, requires NFSCLIENT\n#options \tMSDOSFS\t\t\t# MSDOS Filesystem\n#options \tCD9660\t\t\t# ISO 9660 Filesystem\n#options \tPROCFS\t\t\t# Process filesystem (requires PSEUDOFS)\noptions \tPSEUDOFS\t\t# Pseudo-filesystem framework\noptions \tGEOM_PART_GPT\t\t# GUID Partition Tables.\noptions \tGEOM_LABEL\t\t# Provides labelization\noptions \tGEOM_JOURNAL\noptions \tCOMPAT_43TTY\t\t# BSD 4.3 TTY compat (sgtty)\noptions \tCOMPAT_FREEBSD32\t# Compatible with i386 binaries\n#options \tCOMPAT_FREEBSD4\t\t# Compatible with FreeBSD4\n#options \tCOMPAT_FREEBSD5\t\t# Compatible with FreeBSD5\n#options \tCOMPAT_FREEBSD6\t\t# Compatible with FreeBSD6\n#options \tCOMPAT_FREEBSD7\t\t# Compatible with FreeBSD7\n#options \tSCSI_DELAY=5000\t\t# Delay (in ms) before probing SCSI\noptions \tKTRACE\t\t\t# ktrace(1) support\noptions \tSTACK\t\t\t# stack(9) support\noptions \tSYSVSHM\t\t\t# SYSV-style shared memory\noptions \tSYSVMSG\t\t\t# SYSV-style message queues\noptions \tSYSVSEM\t\t\t# SYSV-style semaphores\noptions \tP1003_1B_SEMAPHORES\t# POSIX-style semaphores\noptions \t_KPOSIX_PRIORITY_SCHEDULING # POSIX P1003_1B real-time extensions\noptions \tPRINTF_BUFR_SIZE=128\t# Prevent printf output being interspersed.\noptions \tKBD_INSTALL_CDEV\t# install a CDEV entry in /dev\noptions \tHWPMC_HOOKS\t\t# Necessary kernel hooks for hwpmc(4)\noptions \tAUDIT\t\t\t# Security event auditing\noptions \tMAC\t\t\t# TrustedBSD MAC Framework\n#options\tFLOWTABLE\t\t# per-cpu routing cache\n#options \tKDTRACE_FRAME\t\t# Ensure frames are compiled in\n#options \tKDTRACE_HOOKS\t\t# Kernel DTrace hooks\noptions \tINCLUDE_CONFIG_FILE     # Include this file in kernel\n\n# Make an SMP-capable kernel by default\noptions \tSMP\t\t\t# Symmetric MultiProcessor Kernel\n\n# CPU frequency control\ndevice\t\tcpufreq\n\n# Bus support.\ndevice\t\tacpi\ndevice\t\tpci\n\n# Floppy drives\n#device\t\tfdc\n\n# ATA and ATAPI devices\ndevice\t\tata\ndevice\t\tatadisk\t\t# ATA disk drives\n#device\t\tataraid\t\t# ATA RAID drives\ndevice\t\tatapicd\t\t# ATAPI CDROM drives\n#device\t\tatapifd\t\t# ATAPI floppy drives\n#device\t\tatapist\t\t# ATAPI tape drives\noptions \tATA_STATIC_ID\t# Static device numbering\n\n# SCSI peripherals\ndevice\t\tscbus\t\t# SCSI bus (required for SCSI)\n#device\t\tch\t\t# SCSI media changers\ndevice\t\tda\t\t# Direct Access (disks)\n#device\t\tsa\t\t# Sequential Access (tape etc)\ndevice\t\tcd\t\t# CD\ndevice\t\tpass\t\t# Passthrough device (direct SCSI access)\n#device\t\tses\t\t# SCSI Environmental Services (and SAF-TE)\n\n# atkbdc0 controls both the keyboard and the PS/2 mouse\ndevice\t\tatkbdc\t\t# AT keyboard controller\ndevice\t\tatkbd\t\t# AT keyboard\ndevice\t\tpsm\t\t# PS/2 mouse\n\ndevice\t\tkbdmux\t\t# keyboard multiplexer\n\ndevice\t\tvga\t\t# VGA video card driver\n\n#device\t\tsplash\t\t# Splash screen and screen saver support\n\n# syscons is the default console driver, resembling an SCO console\ndevice\t\tsc\n\n#device\t\tagp\t\t# support several AGP chipsets\n\n# Serial (COM) ports\ndevice\t\tuart\t\t# Generic UART driver\n\n# PCI Ethernet NICs.\ndevice\t\tem\t\t# Intel PRO/1000 Gigabit Ethernet Family\ndevice\t\tigb\n\n# PCI Ethernet NICs that use the common MII bus controller code.\n# NOTE: Be sure to keep the 'device miibus' line in order to use these NICs!\ndevice\t\tmiibus\t\t# MII bus support\n\n# Pseudo devices.\ndevice\t\tloop\t\t# Network loopback\ndevice\t\trandom\t\t# Entropy device\ndevice\t\tether\t\t# Ethernet support\ndevice\t\tvlan\t\t# 802.1Q VLAN support\n#device\t\ttun\t\t# Packet tunnel.\ndevice\t\tpty\t\t# BSD-style compatibility pseudo ttys\ndevice\t\tmd\t\t# Memory \"disks\"\ndevice\t\tgif\t\t# IPv6 and IPv4 tunneling\n#device\t\tfaith\t\t# IPv6-to-IPv4 relaying (translation)\ndevice\t\tfirmware\t# firmware assist module\ndevice\t\tsnp\n\n# The `bpf' device enables the Berkeley Packet Filter.\n# Be aware of the administrative consequences of enabling this!\n# Note that 'bpf' is required for DHCP.\ndevice\t\tbpf\t\t# Berkeley packet filter\n\n# USB support\n#options \tUSB_DEBUG\t# enable debug msgs\noptions\t\tUSB_VERBOSE\ndevice\t\tuhci\t\t# UHCI PCI-\u003eUSB interface\ndevice\t\tehci\t\t# EHCI PCI-\u003eUSB interface (USB 2.0)\ndevice\t\tusb\t\t# USB Bus (required)\ndevice\t\tukbd\t\t# Keyboard\ndevice\t\tumass\t\t# Disks/Mass storage - Requires scbus and da\ndevice\t\tums\t\t# Mouse\n\n#options\t\tIPSEC\n#device\t\tcrypto\n\noptions\t\tNETGRAPH\noptions\t\tNETGRAPH_ETHER\noptions\t\tNETGRAPH_IFACE\noptions         NETGRAPH_MPPC_ENCRYPTION\noptions\t\tNETGRAPH_PPP\noptions\t\tNETGRAPH_PPPOE\noptions\t\tNETGRAPH_SOCKET\noptions\t\tNETGRAPH_TCPMSS\noptions\t\tNETGRAPH_TEE\noptions\t\tNETGRAPH_VJC\n\noptions\t\tIPFIREWALL\noptions\t\tIPFIREWALL_FORWARD\n#options\t\tIPDIVERT\noptions\t\tDUMMYNET\n\noptions\t\tVFS_AIO\n\ndevice\t\tsmbus\ndevice\t\tsmb\ndevice\t\tichsmb\ndevice\t\tiicbus\ndevice\t\tiicbb\ndevice\t\tic\ndevice\t\tiic\ndevice\t\tiicsmb\ndevice\t\tcoretemp\ndevice\t\tichwd\ndevice\t\tnvram\n\n#options\t\tDEVICE_POLLING\n\noptions         KDB\noptions         KDB_TRACE\noptions         KDB_UNATTENDED\noptions\t\tDDB\noptions\t\tDDB_NUMSYM\n\n#options\t\tINVARIANTS\n#options\t\tINVARIANT_SUPPORT\n#options\t\tDEBUG_MEMGUARD\n\n\n\tNow /boot/loader.conf:\n\nautoboot_delay=\"2\"\n\nif_lagg_load=\"YES\"\n\nhw.em.rxd=4096\nhw.em.txd=4096\n\nhw.igb.rxd=4096\nhw.igb.txd=4096\n\nvm.kmem_size=3G\n\nmachdep.hyperthreading_allowed=0\n\n# netgraph queue sizes tuning, see vmstat -z|egrep 'ITEM|NetGraph'\nnet.graph.maxdata=65536\nnet.graph.maxalloc=65536\n\nnet.isr.maxthreads=4\n\n# default value\n#net.isr.maxqlimit=10240\n\n# for rtsock\nnet.route.netisr_maxqlen=4096\n\n# for other protocols (IP \u0026 PPPoE?)\nnet.isr.defaultqlimit=4096\n\n# default outgoing interface queue length\n# used by lagg etc.\nnet.link.ifqmaxlen=10240\n\n\n\tNow /etc/sysctl.conf:\n\n# force chipset reprogramming\n\ndev.em.0.rx_int_delay=50\ndev.em.0.tx_int_delay=50\ndev.em.0.rx_abs_int_delay=900\ndev.em.0.tx_abs_int_delay=900\ndev.em.0.rx_processing_limit=4000\n\ndev.em.0.rx_int_delay=100\ndev.em.0.tx_int_delay=100\ndev.em.0.rx_abs_int_delay=1000\ndev.em.0.tx_abs_int_delay=1000\ndev.em.0.rx_processing_limit=4096\n\ndev.em.1.rx_int_delay=50\ndev.em.1.tx_int_delay=50\ndev.em.1.rx_abs_int_delay=900\ndev.em.1.tx_abs_int_delay=900\ndev.em.1.rx_processing_limit=4000\n\ndev.em.1.rx_int_delay=100\ndev.em.1.tx_int_delay=100\ndev.em.1.rx_abs_int_delay=1000\ndev.em.1.tx_abs_int_delay=1000\ndev.em.1.rx_processing_limit=4096\n\nnet.inet.ip.intr_queue_maxlen=10240\nnet.inet.ip.fastforwarding=1\n\nnet.inet.ip.dummynet.pipe_slot_limit=1000\nnet.inet.ip.dummynet.io_fast=1\n\nkern.ipc.nmbclusters=100000\nkern.ipc.nmbjumbop=100000\nkern.ipc.maxsockbuf=83886080\n\nnet.graph.maxdgram=8388608\nnet.graph.recvspace=8388608\n\nnet.isr.direct=0\nnet.isr.direct_force=0\n\nnet.inet.ip.redirect=0\nnet.inet.ip.ttl=128\nnet.inet.ip.random_id=1\nnet.inet.tcp.blackhole=1\nnet.inet.tcp.drop_synfin=1\nnet.inet.tcp.path_mtu_discovery=0\nnet.inet.icmp.drop_redirect=1\nnet.inet.tcp.ecn.enable=1\nnet.inet.ip.ttl=130\n\nnet.inet.ip.fw.verbose=1\n\ndebug.minidump=0\n\nFix: \n\nUnknown.\nHow-To-Repeat: \tIt takes several days for panic to occur\n\tand seem to depend from load: more load, less time to panic.\n\tThis particular panic occured at 4th day of uptime."
}