{
 "id": 492639,
 "bug_id": 133289,
 "attachment_id": 0,
 "creation_time": "2009-04-02T00:50:01Z",
 "creator": "20080111.FreeBSD.org@ab.ote.we.lv",
 "text": "A kernel with DEBUG_MEMGUARD and vm.memguard.desc=\"devbuf\" set in\n/boot/loader.conf panics upon a null pointer dereference in memguard_free().\n\nKernel dmesg buffer with the panic message:\n--- BEGIN dmesg-buffer ---\nCopyright (c) 1992-2009 The FreeBSD Project.\nCopyright (c) 1979, 1980, 1983, 1986, 1988, 1989, 1991, 1992, 1993, 1994\n\tThe Regents of the University of California. All rights reserved.\nFreeBSD is a registered trademark of The FreeBSD Foundation.\nFreeBSD 7.1-RELEASE #1 r190573: Wed Apr  1 15:00:45 PDT 2009\n    root@burrito.p2p.nttmcl.com:/usr/obj/usr/src7/sys/PAPERBOY\nMEMGUARD DEBUGGING ALLOCATOR INITIALIZED:\n\tMEMGUARD map base: 0xc671e000\n\tMEMGUARD map limit: 0xc871f000\n\tMEMGUARD map size: 33558528 (Bytes)\nTimecounter \"i8254\" frequency 1193182 Hz quality 0\nCPU: Intel(R) Xeon(R) CPU           E3110  @ 3.00GHz (3000.23-MHz 686-class CPU)\n  Origin = \"GenuineIntel\"  Id = 0x10676  Stepping = 6\n  Features=0xbfebfbff\u003cFPU,VME,DE,PSE,TSC,MSR,PAE,MCE,CX8,APIC,SEP,MTRR,PGE,MCA,CMOV,PAT,PSE36,CLFLUSH,DTS,ACPI,MMX,FXSR,SSE,SSE2,SS,HTT,TM,PBE\u003e\n  Features2=0x8e3fd\u003cSSE3,DTES64,MON,DS_CPL,VMX,SMX,EST,TM2,SSSE3,CX16,xTPR,PDCM,SSE4.1\u003e\n  AMD Features=0x20100000\u003cNX,LM\u003e\n  AMD Features2=0x1\u003cLAHF\u003e\n  Cores per package: 2\nreal memory  = 3488292864 (3326 MB)\navail memory = 3408990208 (3251 MB)\nACPI APIC Table: \u003cDELL   PE_SC3  \u003e\nFreeBSD/SMP: Multiprocessor System Detected: 2 CPUs\n cpu0 (BSP): APIC ID:  0\n cpu1 (AP): APIC ID:  1\nioapic0: Changing APIC ID to 2\nioapic1: Changing APIC ID to 3\nioapic0 \u003cVersion 2.0\u003e irqs 0-23 on motherboard\nioapic1 \u003cVersion 2.0\u003e irqs 32-55 on motherboard\nkbd1 at kbdmux0\nath_hal: 0.9.20.3 (AR5210, AR5211, AR5212, RF5111, RF5112, RF2413, RF5413)\ncryptosoft0: \u003csoftware crypto\u003e on motherboard\nacpi0: \u003cDELL PE_SC3\u003e on motherboard\nacpi0: [ITHREAD]\nacpi0: Power Button (fixed)\nTimecounter \"ACPI-fast\" frequency 3579545 Hz quality 1000\nacpi_timer0: \u003c24-bit timer at 3.579545MHz\u003e port 0x808-0x80b on acpi0\nacpi_hpet0: \u003cHigh Precision Event Timer\u003e iomem 0xfed00000-0xfed003ff on acpi0\nTimecounter \"HPET\" frequency 14318180 Hz quality 900\npcib0: \u003cACPI Host-PCI bridge\u003e port 0xcf8-0xcff on acpi0\npci0: \u003cACPI PCI bus\u003e on pcib0\npcib1: \u003cACPI PCI-PCI bridge\u003e irq 16 at device 1.0 on pci0\npci1: \u003cACPI PCI bus\u003e on pcib1\nmpt0: \u003cLSILogic SAS/SATA Adapter\u003e port 0xec00-0xecff mem 0xdfbec000-0xdfbeffff,0xdfbf0000-0xdfbfffff irq 16 at device 0.0 on pci1\nmpt0: [ITHREAD]\nmpt0: MPI Version=1.5.14.0\nmpt0: Capabilities: ( RAID-0 RAID-1E RAID-1 )\nmpt0: 1 Active Volume (2 Max)\nmpt0: 2 Hidden Drive Members (14 Max)\npcib2: \u003cACPI PCI-PCI bridge\u003e irq 16 at device 28.0 on pci0\npci2: \u003cACPI PCI bus\u003e on pcib2\npcib3: \u003cACPI PCI-PCI bridge\u003e at device 0.0 on pci2\npci3: \u003cACPI PCI bus\u003e on pcib3\nubsec0 mem 0xdfcf0000-0xdfcfffff irq 35 at device 2.0 on pci3\nubsec0: [ITHREAD]\nubsec0: Broadcom 5821\npcib4: \u003cACPI PCI-PCI bridge\u003e irq 16 at device 28.4 on pci0\npci4: \u003cACPI PCI bus\u003e on pcib4\nbge0: \u003cBroadcom NetXtreme Gigabit Ethernet Controller, ASIC rev. 0x4201\u003e mem 0xdfdf0000-0xdfdfffff irq 16 at device 0.0 on pci4\nmiibus0: \u003cMII bus\u003e on bge0\nbrgphy0: \u003cBCM5750 10/100/1000baseTX PHY\u003e PHY 1 on miibus0\nbrgphy0:  10baseT, 10baseT-FDX, 100baseTX, 100baseTX-FDX, 1000baseT, 1000baseT-FDX, auto\nbge0: Ethernet address: 00:1e:c9:bb:a0:a1\nbge0: [ITHREAD]\npcib5: \u003cACPI PCI-PCI bridge\u003e irq 17 at device 28.5 on pci0\npci5: \u003cACPI PCI bus\u003e on pcib5\nbge1: \u003cBroadcom NetXtreme Gigabit Ethernet Controller, ASIC rev. 0x4201\u003e mem 0xdfef0000-0xdfefffff irq 17 at device 0.0 on pci5\nmiibus1: \u003cMII bus\u003e on bge1\nbrgphy1: \u003cBCM5750 10/100/1000baseTX PHY\u003e PHY 1 on miibus1\nbrgphy1:  10baseT, 10baseT-FDX, 100baseTX, 100baseTX-FDX, 1000baseT, 1000baseT-FDX, auto\nbge1: Ethernet address: 00:1e:c9:bb:a0:a2\nbge1: [ITHREAD]\nuhci0: \u003cUHCI (generic) USB controller\u003e port 0xcc60-0xcc7f irq 21 at device 29.0 on pci0\nuhci0: [GIANT-LOCKED]\nuhci0: [ITHREAD]\nusb0: \u003cUHCI (generic) USB controller\u003e on uhci0\nusb0: USB revision 1.0\nuhub0: \u003cIntel UHCI root hub, class 9/0, rev 1.00/1.00, addr 1\u003e on usb0\nuhub0: 2 ports with 2 removable, self powered\nuhci1: \u003cUHCI (generic) USB controller\u003e port 0xcc80-0xcc9f irq 20 at device 29.1 on pci0\nuhci1: [GIANT-LOCKED]\nuhci1: [ITHREAD]\nusb1: \u003cUHCI (generic) USB controller\u003e on uhci1\nusb1: USB revision 1.0\nuhub1: \u003cIntel UHCI root hub, class 9/0, rev 1.00/1.00, addr 1\u003e on usb1\nuhub1: 2 ports with 2 removable, self powered\nuhci2: \u003cUHCI (generic) USB controller\u003e port 0xcca0-0xccbf irq 21 at device 29.2 on pci0\nuhci2: [GIANT-LOCKED]\nuhci2: [ITHREAD]\nusb2: \u003cUHCI (generic) USB controller\u003e on uhci2\nusb2: USB revision 1.0\nuhub2: \u003cIntel UHCI root hub, class 9/0, rev 1.00/1.00, addr 1\u003e on usb2\nuhub2: 2 ports with 2 removable, self powered\nehci0: \u003cEHCI (generic) USB 2.0 controller\u003e mem 0xdf9ffc00-0xdf9fffff irq 21 at device 29.7 on pci0\nehci0: [GIANT-LOCKED]\nehci0: [ITHREAD]\nusb3: EHCI version 1.0\nusb3: companion controllers, 2 ports each: usb0 usb1 usb2\nusb3: \u003cEHCI (generic) USB 2.0 controller\u003e on ehci0\nusb3: USB revision 2.0\nuhub3: \u003cIntel EHCI root hub, class 9/0, rev 2.00/1.00, addr 1\u003e on usb3\nuhub3: 6 ports with 6 removable, self powered\nuhub4: \u003cvendor 0x04b4 product 0x6560, class 9/0, rev 2.00/0.0b, addr 2\u003e on uhub3\nuhub4: multiple transaction translators\nuhub4: 4 ports with 4 removable, self powered\npcib6: \u003cACPI PCI-PCI bridge\u003e at device 30.0 on pci0\npci6: \u003cACPI PCI bus\u003e on pcib6\nvgapci0: \u003cVGA-compatible display\u003e port 0xdc00-0xdcff mem 0xd0000000-0xd7ffffff,0xdfff0000-0xdfffffff irq 19 at device 5.0 on pci6\nisab0: \u003cPCI-ISA bridge\u003e at device 31.0 on pci0\nisa0: \u003cISA bus\u003e on isab0\natapci0: \u003cIntel ICH9 SATA300 controller\u003e port 0xcc30-0xcc37,0xcc28-0xcc2b,0xcc38-0xcc3f,0xcc2c-0xcc2f,0xcc40-0xcc4f,0xcc50-0xcc5f irq 23 at device 31.2 on pci0\natapci0: [ITHREAD]\nata2: \u003cATA channel 0\u003e on atapci0\nata2: [ITHREAD]\nata3: \u003cATA channel 1\u003e on atapci0\nata3: [ITHREAD]\nfdc0: \u003cfloppy drive controller\u003e port 0x3f0-0x3f5,0x3f7 irq 6 drq 2 on acpi0\nfdc0: does not respond\ndevice_attach: fdc0 attach returned 6\nsio0: \u003c16550A-compatible COM port\u003e port 0x3f8-0x3ff irq 4 flags 0x90 on acpi0\nsio0: type 16550A\nsio0: [FILTER]\nsio1: configured irq 3 not in bitmap of probed irqs 0\nsio1: port may not be enabled\natkbdc0: \u003cKeyboard controller (i8042)\u003e port 0x60,0x64 irq 1 on acpi0\natkbd0: \u003cAT Keyboard\u003e irq 1 on atkbdc0\nkbd0 at atkbd0\natkbd0: [GIANT-LOCKED]\natkbd0: [ITHREAD]\npsm0: \u003cPS/2 Mouse\u003e irq 12 on atkbdc0\npsm0: [GIANT-LOCKED]\npsm0: [ITHREAD]\npsm0: model IntelliMouse, device ID 3\ncpu0: \u003cACPI CPU\u003e on acpi0\nest0: \u003cEnhanced SpeedStep Frequency Control\u003e on cpu0\np4tcc0: \u003cCPU Frequency Thermal Control\u003e on cpu0\ncpu1: \u003cACPI CPU\u003e on acpi0\nest1: \u003cEnhanced SpeedStep Frequency Control\u003e on cpu1\np4tcc1: \u003cCPU Frequency Thermal Control\u003e on cpu1\nfdc0: \u003cfloppy drive controller\u003e port 0x3f0-0x3f5,0x3f7 irq 6 drq 2 on acpi0\nfdc0: does not respond\ndevice_attach: fdc0 attach returned 6\nsio1: configured irq 3 not in bitmap of probed irqs 0\nsio1: port may not be enabled\npmtimer0 on isa0\norm0: \u003cISA Option ROMs\u003e at iomem 0xc0000-0xc8fff,0xc9000-0xc9fff,0xca000-0xcb7ff,0xec000-0xeffff pnpid ORM0000 on isa0\nata0 at port 0x1f0-0x1f7,0x3f6 irq 14 on isa0\nata0: [ITHREAD]\nata1 at port 0x170-0x177,0x376 irq 15 on isa0\nata1: [ITHREAD]\nppc0: parallel port not found.\nsc0: \u003cSystem console\u003e at flags 0x100 on isa0\nsc0: VGA \u003c16 virtual consoles, flags=0x300\u003e\nsio1: configured irq 3 not in bitmap of probed irqs 0\nsio1: port may not be enabled\nvga0: \u003cGeneric ISA VGA\u003e at port 0x3c0-0x3df iomem 0xa0000-0xbffff on isa0\nTimecounters tick every 1.000 msec\nIPsec: Initialized Security Association Processing.\nmpt0:vol0(mpt0:0:0): Settings ( Member-WCE Hot-Plug-Spares High-Priority-ReSync )\nmpt0:vol0(mpt0:0:0): Using Spare Pool: 0\nmpt0:vol0(mpt0:0:0): 2 Members:\n      (mpt0:1:8:0): Primary Online\n      (mpt0:1:1:0): Secondary Online\nmpt0:vol0(mpt0:0:0): RAID-1 - Optimal\nmpt0:vol0(mpt0:0:0): Status ( Enabled )\n(mpt0:vol0:1): Physical (mpt0:0:1:0), Pass-thru (mpt0:1:0:0)\n(mpt0:vol0:1): Online\n(mpt0:vol0:0): Physical (mpt0:0:8:0), Pass-thru (mpt0:1:1:0)\n(mpt0:vol0:0): Online\nacd0: DVDROM \u003cTEAC DVD-ROM DV28SV/D.0E\u003e at ata2-slave SATA150\n\n\nFatal trap 12: page fault while in kernel mode\ncpuid = 0; apic id = 00\nfault virtual address\t= 0x8\nfault code\t\t= supervisor read, page not present\ninstruction pointer\t= 0x20:0xc09e5c14\nstack pointer\t        = 0x28:0xe6dbfa54\nframe pointer\t        = 0x28:0xe6dbfa88\ncode segment\t\t= base 0x0, limit 0xfffff, type 0x1b\n\t\t\t= DPL 0, pres 1, def32 1, gran 1\nprocessor eflags\t= interrupt enabled, resume, IOPL = 0\ncurrent process\t\t= 20 (swi2: cambio)\n--- END dmesg-buffer ---\n\nThe following stack trace was obtained via a remote kgdb session.\n\n--- BEGIN stack trace ---\n#0  memguard_free (addr=Variable \"addr\" is not available.\n) at /usr/src7/sys/vm/memguard.c:286\n#1  0xc078cf21 in free (addr=0xc894a000, mtp=0xc0c28f80)\n    at /usr/src7/sys/kern/kern_malloc.c:431\n#2  0xc0475731 in probedone (periph=0xc87f7700, done_ccb=0xc8ad4400)\n    at /usr/src7/sys/cam/cam_xpt.c:6175\n#3  0xc04714af in camisr_runqueue (V_queue=Variable \"V_queue\" is not available.\n)\n    at /usr/src7/sys/cam/cam_xpt.c:7316\n#4  0xc04715ea in camisr (dummy=0x0) at /usr/src7/sys/cam/cam_xpt.c:7216\n#5  0xc077dd45 in ithread_loop (arg=0xc8865c80)\n    at /usr/src7/sys/kern/kern_intr.c:1088\n#6  0xc077b0d8 in fork_exit (callout=0xc077db80 \u003cithread_loop\u003e, \n    arg=0xc8865c80, frame=0xe6dbfd38) at /usr/src7/sys/kern/kern_fork.c:804\n#7  0xc0ab1f40 in fork_trampoline () at /usr/src7/sys/i386/i386/exception.s:264\n--- END stack trace ---\n\nFix: \n\nNone known.\nHow-To-Repeat: Compile DEBUG_MEMGUARD into the kernel; set vm.memguard.desc=\"devbuf\" in\n/boot/loader.conf; reboot."
}