{
 "id": 389794,
 "bug_id": 112028,
 "attachment_id": 0,
 "creation_time": "2007-04-23T12:30:04Z",
 "creator": "matt@tlmdirect.com",
 "text": "Please add the information below.\n\nFix: \n\nAdd Asus M2N8-VMX to the list on http://www.ffreebsd.org/platforms/amd64/motherboards.html.\n\nIssues:\nGbE LAN not detected, suspect Marvell chip. Everything else OK. \n\nWeb site: \nhttp://www.asus.com/products.aspx?l1=3\u0026l2=101\u0026l3=349\u0026l4=0\u0026model=1375\u0026modelmenu=1\n\ndmesg:\nCopyright (c) 1992-2007 The FreeBSD Project.\nCopyright (c) 1979, 1980, 1983, 1986, 1988, 1989, 1991, 1992, 1993, 1994\n        The Regents of the University of California. All rights reserved.\nFreeBSD is a registered trademark of The FreeBSD Foundation.\nFreeBSD 6.2-RELEASE-p3 #2: Sat Apr 21 14:30:14 BST 2007\n    root@workstation4.local.chronos.org.uk:/usr/obj/usr/src/sys/FREESBIE\nACPI APIC Table: \u003cA M I  OEMAPIC \u003e\nTimecounter \"i8254\" frequency 1193182 Hz quality 0\nCPU: AMD Athlon(tm) 64 X2 Dual Core Processor 3800+ (2009.12-MHz K8-class CPU)\n  Origin = \"AuthenticAMD\"  Id = 0x40fb2  Stepping = 2\n  Features=0x178bfbff\u003cFPU,VME,DE,PSE,TSC,MSR,PAE,MCE,CX8,APIC,SEP,MTRR,PGE,MCA,CMOV,PAT,PSE36,CLFLUSH,MMX,FXSR,SSE,SSE2,HTT\u003e\n  Features2=0x2001\u003cSSE3,CX16\u003e\n  AMD Features=0xea500800\u003cSYSCALL,NX,MMX+,FFXSR,RDTSCP,LM,3DNow+,3DNow\u003e\n  AMD Features2=0x1f\u003cLAHF,CMP,\u003cb2\u003e,\u003cb3\u003e,CR8\u003e\n  Cores per package: 2\nreal memory  = 939261952 (895 MB)\navail memory = 894971904 (853 MB)\nFreeBSD/SMP: Multiprocessor System Detected: 2 CPUs\n cpu0 (BSP): APIC ID:  0\n cpu1 (AP): APIC ID:  1\nioapic0 \u003cVersion 1.1\u003e irqs 0-23 on motherboard\nacpi0: \u003cA M I OEMRSDT\u003e on motherboard\nacpi0: Power Button (fixed)\nTimecounter \"ACPI-safe\" frequency 3579545 Hz quality 1000\nacpi_timer0: \u003c24-bit timer at 3.579545MHz\u003e port 0x508-0x50b on acpi0\ncpu0: \u003cACPI CPU\u003e on acpi0\ncpu1: \u003cACPI CPU\u003e on acpi0\npcib0: \u003cACPI Host-PCI bridge\u003e port 0xcf8-0xcff on acpi0\npci0: \u003cACPI PCI bus\u003e on pcib0\npci0: \u003cmemory, RAM\u003e at device 0.0 (no driver attached)\nisab0: \u003cPCI-ISA bridge\u003e at device 1.0 on pci0\nisa0: \u003cISA bus\u003e on isab0\npci0: \u003cserial bus, SMBus\u003e at device 1.1 (no driver attached)\npci0: \u003cmemory, RAM\u003e at device 1.2 (no driver attached)\npci0: \u003cprocessor\u003e at device 1.3 (no driver attached)\nohci0: \u003cOHCI (generic) USB controller\u003e mem 0xdfdff000-0xdfdfffff irq 21 at device 2.0 on pci0\nohci0: [GIANT-LOCKED]\nusb0: OHCI version 1.0, legacy support\nusb0: SMM does not respond, resetting\nusb0: \u003cOHCI (generic) USB controller\u003e on ohci0\nusb0: USB revision 1.0\nuhub0: nVidia OHCI root hub, class 9/0, rev 1.00/1.00, addr 1\nuhub0: 8 ports with 8 removable, self powered\nehci0: \u003cEHCI (generic) USB 2.0 controller\u003e mem 0xdfdfec00-0xdfdfecff irq 22 at device 2.1 on pci0\nehci0: [GIANT-LOCKED]\nusb1: EHCI version 1.0\nusb1: companion controller, 10 ports each: usb0\nusb1: \u003cEHCI (generic) USB 2.0 controller\u003e on ehci0\nusb1: USB revision 2.0\nuhub1: nVidia EHCI root hub, class 9/0, rev 2.00/1.00, addr 1\nuhub1: 8 ports with 8 removable, self powered\npcib1: \u003cACPI PCI-PCI bridge\u003e at device 4.0 on pci0\npci1: \u003cACPI PCI bus\u003e on pcib1\nxl0: \u003c3Com 3c905C-TX Fast Etherlink XL\u003e port 0xec00-0xec7f mem 0xdfeffc00-0xdfeffc7f irq 16 at device 6.0 on pci1\nmiibus0: \u003cMII bus\u003e on xl0\nxlphy0: \u003c3c905C 10/100 internal PHY\u003e on miibus0\nxlphy0:  10baseT, 10baseT-FDX, 100baseTX, 100baseTX-FDX, auto\nxl0: Ethernet address: 00:01:02:a6:8a:54\npcm0: \u003cNVidia MCP61B High Definition Audio Controller\u003e mem 0xdfdf8000-0xdfdfbfff irq 23 at device 5.0 on pci0\natapci0: \u003cGENERIC ATA controller\u003e port 0x1f0-0x1f7,0x3f6,0x170-0x177,0x376,0xffa0-0xffaf at device 6.0 on pci0\nata0: \u003cATA channel 0\u003e on atapci0\nata1: \u003cATA channel 1\u003e on atapci0\natapci1: \u003cGENERIC ATA controller\u003e port 0xd480-0xd487,0xd400-0xd403,0xd080-0xd087,0xd000-0xd003,0xcc00-0xcc0f mem 0xdfdfd000-0xdfdfdfff irq 20 at device 8.0 on pci0\nata2: \u003cATA channel 0\u003e on atapci1\nata3: \u003cATA channel 1\u003e on atapci1\npcib2: \u003cACPI PCI-PCI bridge\u003e at device 9.0 on pci0\npci2: \u003cACPI PCI bus\u003e on pcib2\npcib3: \u003cACPI PCI-PCI bridge\u003e at device 11.0 on pci0\npci3: \u003cACPI PCI bus\u003e on pcib3\npcib4: \u003cACPI PCI-PCI bridge\u003e at device 12.0 on pci0\npci4: \u003cACPI PCI bus\u003e on pcib4\npci4: \u003cnetwork, ethernet\u003e at device 0.0 (no driver attached)\npci0: \u003cdisplay, VGA\u003e at device 13.0 (no driver attached)\nacpi_button0: \u003cPower Button\u003e on acpi0\nfdc0: \u003cfloppy drive controller (FDE)\u003e port 0x3f0-0x3f5,0x3f7 irq 6 drq 2 on acpi0\nfdc0: [FAST]\nppc0: \u003cStandard parallel printer port\u003e port 0x378-0x37f irq 7 on acpi0\nppc0: Generic chipset (NIBBLE-only) in COMPATIBLE mode\nppbus0: \u003cParallel port bus\u003e on ppc0\nplip0: \u003cPLIP network interface\u003e on ppbus0\nlpt0: \u003cPrinter\u003e on ppbus0\nlpt0: Interrupt-driven port\nppi0: \u003cParallel I/O\u003e on ppbus0\natkbdc0: \u003cKeyboard controller (i8042)\u003e port 0x60,0x64 irq 1 on acpi0\natkbd0: \u003cAT Keyboard\u003e irq 1 on atkbdc0\nkbd0 at atkbd0\natkbd0: [GIANT-LOCKED]\npsm0: \u003cPS/2 Mouse\u003e flags 0x1000 irq 12 on atkbdc0\npsm0: [GIANT-LOCKED]\npsm0: model IntelliMouse, device ID 3\nsio0: configured irq 4 not in bitmap of probed irqs 0\nsio0: port may not be enabled\nsio0: \u003c16550A-compatible COM port\u003e port 0x3f8-0x3ff irq 4 flags 0x10 on acpi0\nsio0: type 16550A\norm0: \u003cISA Option ROMs\u003e at iomem 0xcf000-0xcffff,0xd0000-0xd07ff on isa0\nsc0: \u003cSystem console\u003e at flags 0x100 on isa0\nsc0: VGA \u003c16 virtual consoles, flags=0x300\u003e\nsio1: configured irq 3 not in bitmap of probed irqs 0\nsio1: port may not be enabled\nvga0: \u003cGeneric ISA VGA\u003e at port 0x3c0-0x3df iomem 0xa0000-0xbffff on isa0\nTimecounters tick every 1.000 msec\nipfw2 (+ipv6) initialized, divert loadable, rule-based forwarding disabled, default to accept, logging unlimited\nacd0: DVDR \u003cTSSTcorpCD/DVDW SH-S182D/SB04\u003e at ata0-master UDMA33\npcm0: \u003cHDA Codec: Realtek ALC883\u003e\npcm0: \u003cHDA Driver Revision: 20070420_0044\u003e\nSMP: AP CPU #1 Launched!\nGEOM_LABEL: Label for provider acd0 is iso9660/MDBSD64.\nTrying to mount root from cd9660:/dev/iso9660/MDBSD64\nmd0.uzip: 48621 x 65536 blocks\n\npciconf -lv:\nnone0@pci0:0:0: class=0x050000 card=0x82491043 chip=0x03ea10de rev=0xa1 hdr=0x00\n    vendor   = 'NVIDIA Corporation'\n    class    = memory\n    subclass = RAM\nisab0@pci0:1:0: class=0x060100 card=0x82491043 chip=0x03e010de rev=0xa2 hdr=0x00\n    vendor   = 'NVIDIA Corporation'\n    class    = bridge\n    subclass = PCI-ISA\nnone1@pci0:1:1: class=0x0c0500 card=0x82491043 chip=0x03eb10de rev=0xa2 hdr=0x00\n    vendor   = 'NVIDIA Corporation'\n    class    = serial bus\n    subclass = SMBus\nnone2@pci0:1:2: class=0x050000 card=0x82491043 chip=0x03f510de rev=0xa2 hdr=0x00\n    vendor   = 'NVIDIA Corporation'\n    class    = memory\n    subclass = RAM\nnone3@pci0:1:3: class=0x0b4000 card=0x82491043 chip=0x03f410de rev=0xa2 hdr=0x00\n    vendor   = 'NVIDIA Corporation'\n    class    = processor\nohci0@pci0:2:0: class=0x0c0310 card=0x82491043 chip=0x03f110de rev=0xa2 hdr=0x00\n    vendor   = 'NVIDIA Corporation'\n    class    = serial bus\n    subclass = USB\nehci0@pci0:2:1: class=0x0c0320 card=0x82491043 chip=0x03f210de rev=0xa2 hdr=0x00\n    vendor   = 'NVIDIA Corporation'\n    class    = serial bus\n    subclass = USB\npcib1@pci0:4:0: class=0x060401 card=0x000000b8 chip=0x03f310de rev=0xa1 hdr=0x01\n    vendor   = 'NVIDIA Corporation'\n    class    = bridge\n    subclass = PCI-PCI\npcm0@pci0:5:0:  class=0x040300 card=0x82491043 chip=0x03f010de rev=0xa2 hdr=0x00\n    vendor   = 'NVIDIA Corporation'\n    class    = multimedia\natapci0@pci0:6:0:       class=0x01018a card=0x82491043 chip=0x03ec10de rev=0xa2 hdr=0x00\n    vendor   = 'NVIDIA Corporation'\n    class    = mass storage\n    subclass = ATA\natapci1@pci0:8:0:       class=0x010185 card=0x82491043 chip=0x03f610de rev=0xa2 hdr=0x00\n    vendor   = 'NVIDIA Corporation'\n    class    = mass storage\n    subclass = ATA\npcib2@pci0:9:0: class=0x060400 card=0x00000040 chip=0x03e810de rev=0xa2 hdr=0x01\n    vendor   = 'NVIDIA Corporation'\n    class    = bridge\n    subclass = PCI-PCI\npcib3@pci0:11:0:        class=0x060400 card=0x00000040 chip=0x03e910de rev=0xa2 hdr=0x01\n    vendor   = 'NVIDIA Corporation'\n    class    = bridge\n    subclass = PCI-PCI\npcib4@pci0:12:0:        class=0x060400 card=0x00000040 chip=0x03e910de rev=0xa2 hdr=0x01\n    vendor   = 'NVIDIA Corporation'\n    class    = bridge\n    subclass = PCI-PCI\nnone4@pci0:13:0:        class=0x030000 card=0x82491043 chip=0x03d110de rev=0xa2 hdr=0x00\n    vendor   = 'NVIDIA Corporation'\n    class    = display\n    subclass = VGA\nhostb0@pci0:24:0:       class=0x060000 card=0x00000000 chip=0x11001022 rev=0x00 hdr=0x00\n    vendor   = 'Advanced Micro Devices (AMD)'\n    device   = 'Athlon 64 / Opteron HyperTransport Technology Configuration'\n    class    = bridge\n    subclass = HOST-PCI\nhostb1@pci0:24:1:       class=0x060000 card=0x00000000 chip=0x11011022 rev=0x00 hdr=0x00\n    vendor   = 'Advanced Micro Devices (AMD)'\n    device   = 'Athlon 64 / Opteron Address Map'\n    class    = bridge\n    subclass = HOST-PCI\nhostb2@pci0:24:2:       class=0x060000 card=0x00000000 chip=0x11021022 rev=0x00 hdr=0x00\n    vendor   = 'Advanced Micro Devices (AMD)'\n    device   = 'Athlon 64 / Opteron DRAM Controller'\n    class    = bridge\n    subclass = HOST-PCI\nhostb3@pci0:24:3:       class=0x060000 card=0x00000000 chip=0x11031022 rev=0x00 hdr=0x00\n    vendor   = 'Advanced Micro Devices (AMD)'\n    device   = 'Athlon 64 / Opteron Miscellaneous Control'\n    class    = bridge\n    subclass = HOST-PCI\nxl0@pci1:6:0:   class=0x020000 card=0x100010b7 chip=0x920010b7 rev=0x74 hdr=0x00\n    vendor   = '3COM Corp, Networking Division'\n    device   = '3C905C-TX Fast EtherLink for PC Management NIC'\n    class    = network\n    subclass = ethernet\nnone5@pci4:0:0: class=0x020000 card=0x82261043 chip=0x10481969 rev=0xb0 hdr=0x00\n    class    = network\n    subclass = ethernet\n\nxorg.conf (onboard VGA supported by nVidia driver on i386):\nSection \"ServerLayout\"\n        Identifier     \"Layout0\"\n        Screen      0  \"Screen0\" 0 0\n        InputDevice    \"Keyboard0\" \"CoreKeyboard\"\n        InputDevice    \"Mouse0\" \"CorePointer\"\nEndSection\n\nSection \"Files\"\n        RgbPath      \"/usr/X11R6/lib/X11/rgb\"\n        ModulePath   \"/usr/X11R6/lib/modules\"\n        FontPath     \"/usr/X11R6/lib/X11/fonts/misc/\"\n        FontPath     \"/usr/X11R6/lib/X11/fonts/Type1/\"\n        FontPath     \"/usr/X11R6/lib/X11/fonts/75dpi/\"\n        FontPath     \"/usr/X11R6/lib/X11/fonts/100dpi/\"\n        FontPath     \"/usr/X11R6/lib/X11/fonts/bitstream-vera/\"\nEndSection\n\nSection \"Module\"\n        Load  \"extmod\"\nEndSection\n\nSection \"InputDevice\"\n        Identifier  \"Mouse0\"\n        Driver      \"mouse\"\n        Option      \"Protocol\" \"Auto\"\n        Option      \"Device\" \"/dev/sysmouse\"\n        Option      \"ZAxisMapping\" \"4 5\"\nEndSection\n\nSection \"InputDevice\"\n    Identifier  \"Keyboard0\"\n    Driver      \"keyboard\"\n    Option          \"XkbModel\" \"pc105\"\n    Option      \"XkbLayout\" \"gb\"\nEndSection\n\nSection \"Monitor\"\n        Identifier   \"Monitor0\"\n        HorizSync    31.5 - 48.5\n        VertRefresh  50.0 - 90.0\nEndSection\n\nSection \"Device\"\n        Identifier  \"Card0\"\n        Driver      \"vesa\"\nEndSection\n\nSection \"Screen\"\n        Identifier \"Screen0\"\n        Device     \"Card0\"\n        Monitor    \"Monitor0\"\n        DefaultDepth     16\n        SubSection \"Display\"\n               Depth 16\n                Modes    \"1024x768\"\n        EndSubSection\nEndSection\nHow-To-Repeat: N/A, for information only."
}